TRAIN_START U-NoMessage
PRELOAD canonical uint8 train/val
{"group": "U-NoMessage", "epoch": 1, "val_dice": 0.856363493725734, "best_epoch": 1, "best_val_dice": 0.856363493725734, "epoch_seconds": 34.52769095400072, "optimizer_steps": 184, "optimizer_step_attempts": 184, "amp_skipped_steps": 0, "anchor_max_absolute_error": 0.0}
{"group": "U-NoMessage", "epoch": 2, "val_dice": 0.8562394852226551, "best_epoch": 1, "best_val_dice": 0.856363493725734, "epoch_seconds": 18.198606833999293, "optimizer_steps": 368, "optimizer_step_attempts": 368, "amp_skipped_steps": 0, "anchor_max_absolute_error": 0.0}
{"group": "U-NoMessage", "epoch": 3, "val_dice": 0.8555946799988535, "best_epoch": 1, "best_val_dice": 0.856363493725734, "epoch_seconds": 17.723846988999867, "optimizer_steps": 552, "optimizer_step_attempts": 552, "amp_skipped_steps": 0, "anchor_max_absolute_error": 0.0}
{"group": "U-NoMessage", "epoch": 4, "val_dice": 0.8563710025145281, "best_epoch": 4, "best_val_dice": 0.8563710025145281, "epoch_seconds": 17.659974570000486, "optimizer_steps": 736, "optimizer_step_attempts": 736, "amp_skipped_steps": 0, "anchor_max_absolute_error": 0.0}
{"group": "U-NoMessage", "epoch": 5, "val_dice": 0.8557533967889835, "best_epoch": 4, "best_val_dice": 0.8563710025145281, "epoch_seconds": 17.739516813999217, "optimizer_steps": 920, "optimizer_step_attempts": 920, "amp_skipped_steps": 0, "anchor_max_absolute_error": 0.0}
{"group": "U-NoMessage", "epoch": 6, "val_dice": 0.8561305185126395, "best_epoch": 4, "best_val_dice": 0.8563710025145281, "epoch_seconds": 17.7257665799998, "optimizer_steps": 1104, "optimizer_step_attempts": 1104, "amp_skipped_steps": 0, "anchor_max_absolute_error": 0.0}
{"group": "U-NoMessage", "epoch": 7, "val_dice": 0.8552510463438412, "best_epoch": 4, "best_val_dice": 0.8563710025145281, "epoch_seconds": 17.8126186340005, "optimizer_steps": 1288, "optimizer_step_attempts": 1288, "amp_skipped_steps": 0, "anchor_max_absolute_error": 0.0}
{"group": "U-NoMessage", "epoch": 8, "val_dice": 0.8560336716886227, "best_epoch": 4, "best_val_dice": 0.8563710025145281, "epoch_seconds": 17.799197110000023, "optimizer_steps": 1472, "optimizer_step_attempts": 1472, "amp_skipped_steps": 0, "anchor_max_absolute_error": 0.0}
{"group": "U-NoMessage", "epoch": 9, "val_dice": 0.8552547358757597, "best_epoch": 4, "best_val_dice": 0.8563710025145281, "epoch_seconds": 18.319710888000373, "optimizer_steps": 1656, "optimizer_step_attempts": 1656, "amp_skipped_steps": 0, "anchor_max_absolute_error": 0.0}
{"group": "U-NoMessage", "epoch": 10, "val_dice": 0.8562747460094593, "best_epoch": 4, "best_val_dice": 0.8563710025145281, "epoch_seconds": 18.03921633600021, "optimizer_steps": 1840, "optimizer_step_attempts": 1840, "amp_skipped_steps": 0, "anchor_max_absolute_error": 0.0}
{"group": "U-NoMessage", "epoch": 11, "val_dice": 0.8563053393449774, "best_epoch": 4, "best_val_dice": 0.8563710025145281, "epoch_seconds": 23.37024751499939, "optimizer_steps": 2024, "optimizer_step_attempts": 2024, "amp_skipped_steps": 0, "anchor_max_absolute_error": 0.0}
{"group": "U-NoMessage", "epoch": 12, "val_dice": 0.8561494509266735, "best_epoch": 4, "best_val_dice": 0.8563710025145281, "epoch_seconds": 18.252285932000632, "optimizer_steps": 2208, "optimizer_step_attempts": 2208, "amp_skipped_steps": 0, "anchor_max_absolute_error": 0.0}
{"group": "U-NoMessage", "epoch": 13, "val_dice": 0.855805957418023, "best_epoch": 4, "best_val_dice": 0.8563710025145281, "epoch_seconds": 17.42581917499956, "optimizer_steps": 2392, "optimizer_step_attempts": 2392, "amp_skipped_steps": 0, "anchor_max_absolute_error": 0.0}
{"group": "U-NoMessage", "epoch": 14, "val_dice": 0.8558383712132734, "best_epoch": 4, "best_val_dice": 0.8563710025145281, "epoch_seconds": 18.57676134399935, "optimizer_steps": 2576, "optimizer_step_attempts": 2576, "amp_skipped_steps": 0, "anchor_max_absolute_error": 0.0}
{"group": "U-NoMessage", "epoch": 15, "val_dice": 0.856180580256794, "best_epoch": 4, "best_val_dice": 0.8563710025145281, "epoch_seconds": 39.02332474200011, "optimizer_steps": 2760, "optimizer_step_attempts": 2760, "amp_skipped_steps": 0, "anchor_max_absolute_error": 0.0}
{"group": "U-NoMessage", "epoch": 16, "val_dice": 0.8558419070590506, "best_epoch": 4, "best_val_dice": 0.8563710025145281, "epoch_seconds": 17.663184762000128, "optimizer_steps": 2944, "optimizer_step_attempts": 2944, "amp_skipped_steps": 0, "anchor_max_absolute_error": 0.0}
{"group": "U-NoMessage", "epoch": 17, "val_dice": 0.8561363057638427, "best_epoch": 4, "best_val_dice": 0.8563710025145281, "epoch_seconds": 20.465582723999432, "optimizer_steps": 3128, "optimizer_step_attempts": 3128, "amp_skipped_steps": 0, "anchor_max_absolute_error": 0.0}
{"group": "U-NoMessage", "epoch": 18, "val_dice": 0.8555629359696472, "best_epoch": 4, "best_val_dice": 0.8563710025145281, "epoch_seconds": 18.213012111000353, "optimizer_steps": 3312, "optimizer_step_attempts": 3312, "amp_skipped_steps": 0, "anchor_max_absolute_error": 0.0}
{"group": "U-NoMessage", "epoch": 19, "val_dice": 0.8558816072166507, "best_epoch": 4, "best_val_dice": 0.8563710025145281, "epoch_seconds": 30.294419759999982, "optimizer_steps": 3496, "optimizer_step_attempts": 3496, "amp_skipped_steps": 0, "anchor_max_absolute_error": 0.0}
{"group": "U-NoMessage", "epoch": 20, "val_dice": 0.8557206795866386, "best_epoch": 4, "best_val_dice": 0.8563710025145281, "epoch_seconds": 18.43595287199969, "optimizer_steps": 3680, "optimizer_step_attempts": 3680, "amp_skipped_steps": 0, "anchor_max_absolute_error": 0.0}
{"group": "U-NoMessage", "epoch": 21, "val_dice": 0.8561027887784366, "best_epoch": 4, "best_val_dice": 0.8563710025145281, "epoch_seconds": 18.888343773000088, "optimizer_steps": 3864, "optimizer_step_attempts": 3864, "amp_skipped_steps": 0, "anchor_max_absolute_error": 0.0}
{"group": "U-NoMessage", "epoch": 22, "val_dice": 0.8561662564900795, "best_epoch": 4, "best_val_dice": 0.8563710025145281, "epoch_seconds": 17.93978751800023, "optimizer_steps": 4048, "optimizer_step_attempts": 4048, "amp_skipped_steps": 0, "anchor_max_absolute_error": 0.0}
{"group": "U-NoMessage", "epoch": 23, "val_dice": 0.8558979939124971, "best_epoch": 4, "best_val_dice": 0.8563710025145281, "epoch_seconds": 18.960243110000192, "optimizer_steps": 4232, "optimizer_step_attempts": 4232, "amp_skipped_steps": 0, "anchor_max_absolute_error": 0.0}
{"group": "U-NoMessage", "epoch": 24, "val_dice": 0.855797657267304, "best_epoch": 4, "best_val_dice": 0.8563710025145281, "epoch_seconds": 18.67297623000013, "optimizer_steps": 4416, "optimizer_step_attempts": 4416, "amp_skipped_steps": 0, "anchor_max_absolute_error": 0.0}
{"group": "U-NoMessage", "epoch": 25, "val_dice": 0.856358365881524, "best_epoch": 4, "best_val_dice": 0.8563710025145281, "epoch_seconds": 22.2908309430004, "optimizer_steps": 4600, "optimizer_step_attempts": 4600, "amp_skipped_steps": 0, "anchor_max_absolute_error": 0.0}
{"group": "U-NoMessage", "epoch": 26, "val_dice": 0.8562062392320385, "best_epoch": 4, "best_val_dice": 0.8563710025145281, "epoch_seconds": 18.46185300399975, "optimizer_steps": 4784, "optimizer_step_attempts": 4784, "amp_skipped_steps": 0, "anchor_max_absolute_error": 0.0}
{"group": "U-NoMessage", "epoch": 27, "val_dice": 0.855772616541097, "best_epoch": 4, "best_val_dice": 0.8563710025145281, "epoch_seconds": 18.48653493799975, "optimizer_steps": 4968, "optimizer_step_attempts": 4968, "amp_skipped_steps": 0, "anchor_max_absolute_error": 0.0}
{"group": "U-NoMessage", "epoch": 28, "val_dice": 0.8560138519278329, "best_epoch": 4, "best_val_dice": 0.8563710025145281, "epoch_seconds": 17.86032418600007, "optimizer_steps": 5152, "optimizer_step_attempts": 5152, "amp_skipped_steps": 0, "anchor_max_absolute_error": 0.0}
{"group": "U-NoMessage", "epoch": 29, "val_dice": 0.8562730685111631, "best_epoch": 4, "best_val_dice": 0.8563710025145281, "epoch_seconds": 18.53638687900002, "optimizer_steps": 5336, "optimizer_step_attempts": 5336, "amp_skipped_steps": 0, "anchor_max_absolute_error": 0.0}
{"group": "U-NoMessage", "epoch": 30, "val_dice": 0.8562755001299694, "best_epoch": 4, "best_val_dice": 0.8563710025145281, "epoch_seconds": 18.271256937000544, "optimizer_steps": 5520, "optimizer_step_attempts": 5520, "amp_skipped_steps": 0, "anchor_max_absolute_error": 0.0}
{"group": "U-NoMessage", "epoch": 31, "val_dice": 0.8565025723405442, "best_epoch": 31, "best_val_dice": 0.8565025723405442, "epoch_seconds": 17.43875455000034, "optimizer_steps": 5704, "optimizer_step_attempts": 5704, "amp_skipped_steps": 0, "anchor_max_absolute_error": 0.0}
{"group": "U-NoMessage", "epoch": 32, "val_dice": 0.8563551600531862, "best_epoch": 31, "best_val_dice": 0.8565025723405442, "epoch_seconds": 18.310223172000406, "optimizer_steps": 5888, "optimizer_step_attempts": 5888, "amp_skipped_steps": 0, "anchor_max_absolute_error": 0.0}
{"group": "U-NoMessage", "epoch": 33, "val_dice": 0.8562706143527331, "best_epoch": 31, "best_val_dice": 0.8565025723405442, "epoch_seconds": 17.759013615000185, "optimizer_steps": 6072, "optimizer_step_attempts": 6072, "amp_skipped_steps": 0, "anchor_max_absolute_error": 0.0}
{"group": "U-NoMessage", "epoch": 34, "val_dice": 0.8562809976656305, "best_epoch": 31, "best_val_dice": 0.8565025723405442, "epoch_seconds": 17.938108571000157, "optimizer_steps": 6256, "optimizer_step_attempts": 6256, "amp_skipped_steps": 0, "anchor_max_absolute_error": 0.0}
{"group": "U-NoMessage", "epoch": 35, "val_dice": 0.8562444958915486, "best_epoch": 31, "best_val_dice": 0.8565025723405442, "epoch_seconds": 17.56516300400017, "optimizer_steps": 6440, "optimizer_step_attempts": 6440, "amp_skipped_steps": 0, "anchor_max_absolute_error": 0.0}
{"group": "U-NoMessage", "epoch": 36, "val_dice": 0.8562699344444188, "best_epoch": 31, "best_val_dice": 0.8565025723405442, "epoch_seconds": 17.983837900000253, "optimizer_steps": 6624, "optimizer_step_attempts": 6624, "amp_skipped_steps": 0, "anchor_max_absolute_error": 0.0}
{"group": "U-NoMessage", "epoch": 37, "val_dice": 0.8562598549008485, "best_epoch": 31, "best_val_dice": 0.8565025723405442, "epoch_seconds": 28.61448787900008, "optimizer_steps": 6808, "optimizer_step_attempts": 6808, "amp_skipped_steps": 0, "anchor_max_absolute_error": 0.0}
{"group": "U-NoMessage", "epoch": 38, "val_dice": 0.8562433288554763, "best_epoch": 31, "best_val_dice": 0.8565025723405442, "epoch_seconds": 18.136884237999766, "optimizer_steps": 6992, "optimizer_step_attempts": 6992, "amp_skipped_steps": 0, "anchor_max_absolute_error": 0.0}
{"group": "U-NoMessage", "epoch": 39, "val_dice": 0.8562573624700669, "best_epoch": 31, "best_val_dice": 0.8565025723405442, "epoch_seconds": 18.512965339999937, "optimizer_steps": 7176, "optimizer_step_attempts": 7176, "amp_skipped_steps": 0, "anchor_max_absolute_error": 0.0}
{"group": "U-NoMessage", "epoch": 40, "val_dice": 0.8562611389973303, "best_epoch": 31, "best_val_dice": 0.8565025723405442, "epoch_seconds": 18.371503403999668, "optimizer_steps": 7360, "optimizer_step_attempts": 7360, "amp_skipped_steps": 0, "anchor_max_absolute_error": 0.0}
TRAIN_DONE U-NoMessage
TRAIN_START U-Mean
PRELOAD canonical uint8 train/val
{"group": "U-Mean", "epoch": 1, "val_dice": 0.858024670870784, "best_epoch": 1, "best_val_dice": 0.858024670870784, "epoch_seconds": 39.97248120199947, "optimizer_steps": 184, "optimizer_step_attempts": 184, "amp_skipped_steps": 0, "anchor_max_absolute_error": 0.0}
{"group": "U-Mean", "epoch": 2, "val_dice": 0.8575544057766836, "best_epoch": 1, "best_val_dice": 0.858024670870784, "epoch_seconds": 23.66347012300048, "optimizer_steps": 368, "optimizer_step_attempts": 368, "amp_skipped_steps": 0, "anchor_max_absolute_error": 0.0}
{"group": "U-Mean", "epoch": 3, "val_dice": 0.8576102905752969, "best_epoch": 1, "best_val_dice": 0.858024670870784, "epoch_seconds": 32.10785418299929, "optimizer_steps": 552, "optimizer_step_attempts": 552, "amp_skipped_steps": 0, "anchor_max_absolute_error": 0.0}
{"group": "U-Mean", "epoch": 4, "val_dice": 0.8578390121172218, "best_epoch": 1, "best_val_dice": 0.858024670870784, "epoch_seconds": 24.272819110000455, "optimizer_steps": 736, "optimizer_step_attempts": 736, "amp_skipped_steps": 0, "anchor_max_absolute_error": 0.0}
{"group": "U-Mean", "epoch": 5, "val_dice": 0.857780941496976, "best_epoch": 1, "best_val_dice": 0.858024670870784, "epoch_seconds": 24.77401572999952, "optimizer_steps": 920, "optimizer_step_attempts": 920, "amp_skipped_steps": 0, "anchor_max_absolute_error": 0.0}
{"group": "U-Mean", "epoch": 6, "val_dice": 0.85795419096731, "best_epoch": 1, "best_val_dice": 0.858024670870784, "epoch_seconds": 23.794101029000558, "optimizer_steps": 1104, "optimizer_step_attempts": 1104, "amp_skipped_steps": 0, "anchor_max_absolute_error": 0.0}
{"group": "U-Mean", "epoch": 7, "val_dice": 0.8583970927648873, "best_epoch": 7, "best_val_dice": 0.8583970927648873, "epoch_seconds": 23.55753141399964, "optimizer_steps": 1288, "optimizer_step_attempts": 1288, "amp_skipped_steps": 0, "anchor_max_absolute_error": 0.0}
{"group": "U-Mean", "epoch": 8, "val_dice": 0.857661809662039, "best_epoch": 7, "best_val_dice": 0.8583970927648873, "epoch_seconds": 23.714509013999304, "optimizer_steps": 1472, "optimizer_step_attempts": 1472, "amp_skipped_steps": 0, "anchor_max_absolute_error": 0.0}
{"group": "U-Mean", "epoch": 9, "val_dice": 0.858359672412161, "best_epoch": 7, "best_val_dice": 0.8583970927648873, "epoch_seconds": 24.520958432000043, "optimizer_steps": 1656, "optimizer_step_attempts": 1656, "amp_skipped_steps": 0, "anchor_max_absolute_error": 0.0}
{"group": "U-Mean", "epoch": 10, "val_dice": 0.8584203021749794, "best_epoch": 10, "best_val_dice": 0.8584203021749794, "epoch_seconds": 24.095138122999742, "optimizer_steps": 1840, "optimizer_step_attempts": 1840, "amp_skipped_steps": 0, "anchor_max_absolute_error": 0.0}
{"group": "U-Mean", "epoch": 11, "val_dice": 0.8586693856905082, "best_epoch": 11, "best_val_dice": 0.8586693856905082, "epoch_seconds": 24.08616246099973, "optimizer_steps": 2024, "optimizer_step_attempts": 2024, "amp_skipped_steps": 0, "anchor_max_absolute_error": 0.0}
{"group": "U-Mean", "epoch": 12, "val_dice": 0.857871095812104, "best_epoch": 11, "best_val_dice": 0.8586693856905082, "epoch_seconds": 24.240712082000755, "optimizer_steps": 2208, "optimizer_step_attempts": 2208, "amp_skipped_steps": 0, "anchor_max_absolute_error": 0.0}
{"group": "U-Mean", "epoch": 13, "val_dice": 0.8587283468994453, "best_epoch": 13, "best_val_dice": 0.8587283468994453, "epoch_seconds": 23.798534854000536, "optimizer_steps": 2392, "optimizer_step_attempts": 2392, "amp_skipped_steps": 0, "anchor_max_absolute_error": 0.0}
{"group": "U-Mean", "epoch": 14, "val_dice": 0.8583626025785395, "best_epoch": 13, "best_val_dice": 0.8587283468994453, "epoch_seconds": 24.96145669100042, "optimizer_steps": 2576, "optimizer_step_attempts": 2576, "amp_skipped_steps": 0, "anchor_max_absolute_error": 0.0}
{"group": "U-Mean", "epoch": 15, "val_dice": 0.8586508957202102, "best_epoch": 13, "best_val_dice": 0.8587283468994453, "epoch_seconds": 24.455772808999427, "optimizer_steps": 2760, "optimizer_step_attempts": 2760, "amp_skipped_steps": 0, "anchor_max_absolute_error": 0.0}
{"group": "U-Mean", "epoch": 16, "val_dice": 0.8585788750314498, "best_epoch": 13, "best_val_dice": 0.8587283468994453, "epoch_seconds": 24.05867568100075, "optimizer_steps": 2944, "optimizer_step_attempts": 2944, "amp_skipped_steps": 0, "anchor_max_absolute_error": 0.0}
{"group": "U-Mean", "epoch": 17, "val_dice": 0.8584803420678195, "best_epoch": 13, "best_val_dice": 0.8587283468994453, "epoch_seconds": 24.404132599999684, "optimizer_steps": 3128, "optimizer_step_attempts": 3128, "amp_skipped_steps": 0, "anchor_max_absolute_error": 0.0}
{"group": "U-Mean", "epoch": 18, "val_dice": 0.8581346696287696, "best_epoch": 13, "best_val_dice": 0.8587283468994453, "epoch_seconds": 23.844953345999784, "optimizer_steps": 3312, "optimizer_step_attempts": 3312, "amp_skipped_steps": 0, "anchor_max_absolute_error": 0.0}
{"group": "U-Mean", "epoch": 19, "val_dice": 0.8581055762013055, "best_epoch": 13, "best_val_dice": 0.8587283468994453, "epoch_seconds": 23.78358618099992, "optimizer_steps": 3496, "optimizer_step_attempts": 3496, "amp_skipped_steps": 0, "anchor_max_absolute_error": 0.0}
{"group": "U-Mean", "epoch": 20, "val_dice": 0.8583010887059106, "best_epoch": 13, "best_val_dice": 0.8587283468994453, "epoch_seconds": 23.93678123999962, "optimizer_steps": 3680, "optimizer_step_attempts": 3680, "amp_skipped_steps": 0, "anchor_max_absolute_error": 0.0}
{"group": "U-Mean", "epoch": 21, "val_dice": 0.8582253319164262, "best_epoch": 13, "best_val_dice": 0.8587283468994453, "epoch_seconds": 24.439339518999986, "optimizer_steps": 3864, "optimizer_step_attempts": 3864, "amp_skipped_steps": 0, "anchor_max_absolute_error": 0.0}
{"group": "U-Mean", "epoch": 22, "val_dice": 0.8587874194126943, "best_epoch": 22, "best_val_dice": 0.8587874194126943, "epoch_seconds": 24.3189877599998, "optimizer_steps": 4048, "optimizer_step_attempts": 4048, "amp_skipped_steps": 0, "anchor_max_absolute_error": 0.0}
{"group": "U-Mean", "epoch": 23, "val_dice": 0.8586481680933981, "best_epoch": 22, "best_val_dice": 0.8587874194126943, "epoch_seconds": 23.918449131999296, "optimizer_steps": 4232, "optimizer_step_attempts": 4232, "amp_skipped_steps": 0, "anchor_max_absolute_error": 0.0}
{"group": "U-Mean", "epoch": 24, "val_dice": 0.8582257817177714, "best_epoch": 22, "best_val_dice": 0.8587874194126943, "epoch_seconds": 24.45535418199961, "optimizer_steps": 4416, "optimizer_step_attempts": 4416, "amp_skipped_steps": 0, "anchor_max_absolute_error": 0.0}
{"group": "U-Mean", "epoch": 25, "val_dice": 0.8586802236342768, "best_epoch": 22, "best_val_dice": 0.8587874194126943, "epoch_seconds": 24.86672548899969, "optimizer_steps": 4600, "optimizer_step_attempts": 4600, "amp_skipped_steps": 0, "anchor_max_absolute_error": 0.0}
{"group": "U-Mean", "epoch": 26, "val_dice": 0.8583037347706098, "best_epoch": 22, "best_val_dice": 0.8587874194126943, "epoch_seconds": 24.807411914000113, "optimizer_steps": 4784, "optimizer_step_attempts": 4784, "amp_skipped_steps": 0, "anchor_max_absolute_error": 0.0}
{"group": "U-Mean", "epoch": 27, "val_dice": 0.8585037657332533, "best_epoch": 22, "best_val_dice": 0.8587874194126943, "epoch_seconds": 24.44642476700028, "optimizer_steps": 4968, "optimizer_step_attempts": 4968, "amp_skipped_steps": 0, "anchor_max_absolute_error": 0.0}
{"group": "U-Mean", "epoch": 28, "val_dice": 0.8584360012832444, "best_epoch": 22, "best_val_dice": 0.8587874194126943, "epoch_seconds": 33.24828749599965, "optimizer_steps": 5152, "optimizer_step_attempts": 5152, "amp_skipped_steps": 0, "anchor_max_absolute_error": 0.0}
{"group": "U-Mean", "epoch": 29, "val_dice": 0.8587187512358914, "best_epoch": 22, "best_val_dice": 0.8587874194126943, "epoch_seconds": 24.452130650000072, "optimizer_steps": 5336, "optimizer_step_attempts": 5336, "amp_skipped_steps": 0, "anchor_max_absolute_error": 0.0}
{"group": "U-Mean", "epoch": 30, "val_dice": 0.8586680760966843, "best_epoch": 22, "best_val_dice": 0.8587874194126943, "epoch_seconds": 24.24892267499945, "optimizer_steps": 5520, "optimizer_step_attempts": 5520, "amp_skipped_steps": 0, "anchor_max_absolute_error": 0.0}
{"group": "U-Mean", "epoch": 31, "val_dice": 0.8586723910512198, "best_epoch": 22, "best_val_dice": 0.8587874194126943, "epoch_seconds": 50.20103019999988, "optimizer_steps": 5704, "optimizer_step_attempts": 5704, "amp_skipped_steps": 0, "anchor_max_absolute_error": 0.0}
{"group": "U-Mean", "epoch": 32, "val_dice": 0.8585977055350218, "best_epoch": 22, "best_val_dice": 0.8587874194126943, "epoch_seconds": 24.340955130999646, "optimizer_steps": 5888, "optimizer_step_attempts": 5888, "amp_skipped_steps": 0, "anchor_max_absolute_error": 0.0}
{"group": "U-Mean", "epoch": 33, "val_dice": 0.8586989199874396, "best_epoch": 22, "best_val_dice": 0.8587874194126943, "epoch_seconds": 24.392215718999978, "optimizer_steps": 6072, "optimizer_step_attempts": 6072, "amp_skipped_steps": 0, "anchor_max_absolute_error": 0.0}
{"group": "U-Mean", "epoch": 34, "val_dice": 0.8586755268361768, "best_epoch": 22, "best_val_dice": 0.8587874194126943, "epoch_seconds": 30.62516789900019, "optimizer_steps": 6256, "optimizer_step_attempts": 6256, "amp_skipped_steps": 0, "anchor_max_absolute_error": 0.0}
{"group": "U-Mean", "epoch": 35, "val_dice": 0.8586284293332014, "best_epoch": 22, "best_val_dice": 0.8587874194126943, "epoch_seconds": 23.961480610999388, "optimizer_steps": 6440, "optimizer_step_attempts": 6440, "amp_skipped_steps": 0, "anchor_max_absolute_error": 0.0}
{"group": "U-Mean", "epoch": 36, "val_dice": 0.8586946004559755, "best_epoch": 22, "best_val_dice": 0.8587874194126943, "epoch_seconds": 24.35544544200002, "optimizer_steps": 6624, "optimizer_step_attempts": 6624, "amp_skipped_steps": 0, "anchor_max_absolute_error": 0.0}
{"group": "U-Mean", "epoch": 37, "val_dice": 0.8586443852624511, "best_epoch": 22, "best_val_dice": 0.8587874194126943, "epoch_seconds": 23.787145152999983, "optimizer_steps": 6808, "optimizer_step_attempts": 6808, "amp_skipped_steps": 0, "anchor_max_absolute_error": 0.0}
{"group": "U-Mean", "epoch": 38, "val_dice": 0.858648396219963, "best_epoch": 22, "best_val_dice": 0.8587874194126943, "epoch_seconds": 24.37565564200031, "optimizer_steps": 6992, "optimizer_step_attempts": 6992, "amp_skipped_steps": 0, "anchor_max_absolute_error": 0.0}
{"group": "U-Mean", "epoch": 39, "val_dice": 0.8586647022490662, "best_epoch": 22, "best_val_dice": 0.8587874194126943, "epoch_seconds": 24.826866033999977, "optimizer_steps": 7176, "optimizer_step_attempts": 7176, "amp_skipped_steps": 0, "anchor_max_absolute_error": 0.0}
{"group": "U-Mean", "epoch": 40, "val_dice": 0.8586593574493122, "best_epoch": 22, "best_val_dice": 0.8587874194126943, "epoch_seconds": 24.617246658999647, "optimizer_steps": 7360, "optimizer_step_attempts": 7360, "amp_skipped_steps": 0, "anchor_max_absolute_error": 0.0}
TRAIN_DONE U-Mean
TRAIN_START U-RSI
PRELOAD canonical uint8 train/val
{"group": "U-RSI", "epoch": 1, "val_dice": 0.857973725566805, "best_epoch": 1, "best_val_dice": 0.857973725566805, "epoch_seconds": 40.68586603800031, "optimizer_steps": 184, "optimizer_step_attempts": 184, "amp_skipped_steps": 0, "anchor_max_absolute_error": 0.0}
{"group": "U-RSI", "epoch": 2, "val_dice": 0.8578411359867296, "best_epoch": 1, "best_val_dice": 0.857973725566805, "epoch_seconds": 24.792766139999912, "optimizer_steps": 368, "optimizer_step_attempts": 368, "amp_skipped_steps": 0, "anchor_max_absolute_error": 0.0}
{"group": "U-RSI", "epoch": 3, "val_dice": 0.856810906848602, "best_epoch": 1, "best_val_dice": 0.857973725566805, "epoch_seconds": 24.642705707999994, "optimizer_steps": 552, "optimizer_step_attempts": 552, "amp_skipped_steps": 0, "anchor_max_absolute_error": 0.0}
{"group": "U-RSI", "epoch": 4, "val_dice": 0.8573568587276228, "best_epoch": 1, "best_val_dice": 0.857973725566805, "epoch_seconds": 24.53289083799973, "optimizer_steps": 736, "optimizer_step_attempts": 736, "amp_skipped_steps": 0, "anchor_max_absolute_error": 0.0}
{"group": "U-RSI", "epoch": 5, "val_dice": 0.8573387182223273, "best_epoch": 1, "best_val_dice": 0.857973725566805, "epoch_seconds": 25.418299718000526, "optimizer_steps": 920, "optimizer_step_attempts": 920, "amp_skipped_steps": 0, "anchor_max_absolute_error": 0.0}
{"group": "U-RSI", "epoch": 6, "val_dice": 0.8576266509801936, "best_epoch": 1, "best_val_dice": 0.857973725566805, "epoch_seconds": 24.546126184999594, "optimizer_steps": 1104, "optimizer_step_attempts": 1104, "amp_skipped_steps": 0, "anchor_max_absolute_error": 0.0}
{"group": "U-RSI", "epoch": 7, "val_dice": 0.857816658153666, "best_epoch": 1, "best_val_dice": 0.857973725566805, "epoch_seconds": 25.159389227000247, "optimizer_steps": 1288, "optimizer_step_attempts": 1288, "amp_skipped_steps": 0, "anchor_max_absolute_error": 0.0}
{"group": "U-RSI", "epoch": 8, "val_dice": 0.8572749216827041, "best_epoch": 1, "best_val_dice": 0.857973725566805, "epoch_seconds": 25.548272246000124, "optimizer_steps": 1472, "optimizer_step_attempts": 1472, "amp_skipped_steps": 0, "anchor_max_absolute_error": 0.0}
{"group": "U-RSI", "epoch": 9, "val_dice": 0.8575654094897585, "best_epoch": 1, "best_val_dice": 0.857973725566805, "epoch_seconds": 25.31620901399947, "optimizer_steps": 1656, "optimizer_step_attempts": 1656, "amp_skipped_steps": 0, "anchor_max_absolute_error": 0.0}
{"group": "U-RSI", "epoch": 10, "val_dice": 0.8572737316673718, "best_epoch": 1, "best_val_dice": 0.857973725566805, "epoch_seconds": 25.39674270100022, "optimizer_steps": 1840, "optimizer_step_attempts": 1840, "amp_skipped_steps": 0, "anchor_max_absolute_error": 0.0}
{"group": "U-RSI", "epoch": 11, "val_dice": 0.8579742091430116, "best_epoch": 11, "best_val_dice": 0.8579742091430116, "epoch_seconds": 25.093560601000718, "optimizer_steps": 2024, "optimizer_step_attempts": 2024, "amp_skipped_steps": 0, "anchor_max_absolute_error": 0.0}
{"group": "U-RSI", "epoch": 12, "val_dice": 0.8571912235682856, "best_epoch": 11, "best_val_dice": 0.8579742091430116, "epoch_seconds": 25.376433512999938, "optimizer_steps": 2208, "optimizer_step_attempts": 2208, "amp_skipped_steps": 0, "anchor_max_absolute_error": 0.0}
{"group": "U-RSI", "epoch": 13, "val_dice": 0.8571609542318969, "best_epoch": 11, "best_val_dice": 0.8579742091430116, "epoch_seconds": 25.538319905000208, "optimizer_steps": 2392, "optimizer_step_attempts": 2392, "amp_skipped_steps": 0, "anchor_max_absolute_error": 0.0}
{"group": "U-RSI", "epoch": 14, "val_dice": 0.8566845401256237, "best_epoch": 11, "best_val_dice": 0.8579742091430116, "epoch_seconds": 25.25905215000057, "optimizer_steps": 2576, "optimizer_step_attempts": 2576, "amp_skipped_steps": 0, "anchor_max_absolute_error": 0.0}
{"group": "U-RSI", "epoch": 15, "val_dice": 0.8574729049018254, "best_epoch": 11, "best_val_dice": 0.8579742091430116, "epoch_seconds": 25.485638577999453, "optimizer_steps": 2760, "optimizer_step_attempts": 2760, "amp_skipped_steps": 0, "anchor_max_absolute_error": 0.0}
{"group": "U-RSI", "epoch": 16, "val_dice": 0.8575930570427084, "best_epoch": 11, "best_val_dice": 0.8579742091430116, "epoch_seconds": 25.232247914000254, "optimizer_steps": 2944, "optimizer_step_attempts": 2944, "amp_skipped_steps": 0, "anchor_max_absolute_error": 0.0}
{"group": "U-RSI", "epoch": 17, "val_dice": 0.8576365270518577, "best_epoch": 11, "best_val_dice": 0.8579742091430116, "epoch_seconds": 26.59954414100048, "optimizer_steps": 3128, "optimizer_step_attempts": 3128, "amp_skipped_steps": 0, "anchor_max_absolute_error": 0.0}
{"group": "U-RSI", "epoch": 18, "val_dice": 0.8573255823816296, "best_epoch": 11, "best_val_dice": 0.8579742091430116, "epoch_seconds": 33.008979512000224, "optimizer_steps": 3312, "optimizer_step_attempts": 3312, "amp_skipped_steps": 0, "anchor_max_absolute_error": 0.0}
{"group": "U-RSI", "epoch": 19, "val_dice": 0.8576041723121263, "best_epoch": 11, "best_val_dice": 0.8579742091430116, "epoch_seconds": 25.828506948999348, "optimizer_steps": 3496, "optimizer_step_attempts": 3496, "amp_skipped_steps": 0, "anchor_max_absolute_error": 0.0}
{"group": "U-RSI", "epoch": 20, "val_dice": 0.8575829634936261, "best_epoch": 11, "best_val_dice": 0.8579742091430116, "epoch_seconds": 25.737503786999696, "optimizer_steps": 3680, "optimizer_step_attempts": 3680, "amp_skipped_steps": 0, "anchor_max_absolute_error": 0.0}
{"group": "U-RSI", "epoch": 21, "val_dice": 0.8574701974140527, "best_epoch": 11, "best_val_dice": 0.8579742091430116, "epoch_seconds": 49.168177266000384, "optimizer_steps": 3864, "optimizer_step_attempts": 3864, "amp_skipped_steps": 0, "anchor_max_absolute_error": 0.0}
{"group": "U-RSI", "epoch": 22, "val_dice": 0.8576454605877117, "best_epoch": 11, "best_val_dice": 0.8579742091430116, "epoch_seconds": 25.487470642000517, "optimizer_steps": 4048, "optimizer_step_attempts": 4048, "amp_skipped_steps": 0, "anchor_max_absolute_error": 0.0}
{"group": "U-RSI", "epoch": 23, "val_dice": 0.8576375335294094, "best_epoch": 11, "best_val_dice": 0.8579742091430116, "epoch_seconds": 38.74190524499954, "optimizer_steps": 4232, "optimizer_step_attempts": 4232, "amp_skipped_steps": 0, "anchor_max_absolute_error": 0.0}
{"group": "U-RSI", "epoch": 24, "val_dice": 0.8573330853891707, "best_epoch": 11, "best_val_dice": 0.8579742091430116, "epoch_seconds": 24.91330620699955, "optimizer_steps": 4416, "optimizer_step_attempts": 4416, "amp_skipped_steps": 0, "anchor_max_absolute_error": 0.0}
{"group": "U-RSI", "epoch": 25, "val_dice": 0.8573234932333663, "best_epoch": 11, "best_val_dice": 0.8579742091430116, "epoch_seconds": 25.790008776000832, "optimizer_steps": 4600, "optimizer_step_attempts": 4600, "amp_skipped_steps": 0, "anchor_max_absolute_error": 0.0}
{"group": "U-RSI", "epoch": 26, "val_dice": 0.8575832046359944, "best_epoch": 11, "best_val_dice": 0.8579742091430116, "epoch_seconds": 25.892566297000485, "optimizer_steps": 4784, "optimizer_step_attempts": 4784, "amp_skipped_steps": 0, "anchor_max_absolute_error": 0.0}
{"group": "U-RSI", "epoch": 27, "val_dice": 0.8572914211781126, "best_epoch": 11, "best_val_dice": 0.8579742091430116, "epoch_seconds": 25.351996973000496, "optimizer_steps": 4968, "optimizer_step_attempts": 4968, "amp_skipped_steps": 0, "anchor_max_absolute_error": 0.0}
{"group": "U-RSI", "epoch": 28, "val_dice": 0.8575025202014245, "best_epoch": 11, "best_val_dice": 0.8579742091430116, "epoch_seconds": 25.74100665200058, "optimizer_steps": 5152, "optimizer_step_attempts": 5152, "amp_skipped_steps": 0, "anchor_max_absolute_error": 0.0}
{"group": "U-RSI", "epoch": 29, "val_dice": 0.8575113706782055, "best_epoch": 11, "best_val_dice": 0.8579742091430116, "epoch_seconds": 25.186101276000045, "optimizer_steps": 5336, "optimizer_step_attempts": 5336, "amp_skipped_steps": 0, "anchor_max_absolute_error": 0.0}
{"group": "U-RSI", "epoch": 30, "val_dice": 0.8575504868625451, "best_epoch": 11, "best_val_dice": 0.8579742091430116, "epoch_seconds": 25.833830354000384, "optimizer_steps": 5520, "optimizer_step_attempts": 5520, "amp_skipped_steps": 0, "anchor_max_absolute_error": 0.0}
{"group": "U-RSI", "epoch": 31, "val_dice": 0.857491237748357, "best_epoch": 11, "best_val_dice": 0.8579742091430116, "epoch_seconds": 25.91834421800013, "optimizer_steps": 5704, "optimizer_step_attempts": 5704, "amp_skipped_steps": 0, "anchor_max_absolute_error": 0.0}
{"group": "U-RSI", "epoch": 32, "val_dice": 0.8576120441869901, "best_epoch": 11, "best_val_dice": 0.8579742091430116, "epoch_seconds": 25.820863327000552, "optimizer_steps": 5888, "optimizer_step_attempts": 5888, "amp_skipped_steps": 0, "anchor_max_absolute_error": 0.0}
{"group": "U-RSI", "epoch": 33, "val_dice": 0.8574165843871823, "best_epoch": 11, "best_val_dice": 0.8579742091430116, "epoch_seconds": 26.03453508899929, "optimizer_steps": 6072, "optimizer_step_attempts": 6072, "amp_skipped_steps": 0, "anchor_max_absolute_error": 0.0}
{"group": "U-RSI", "epoch": 34, "val_dice": 0.8574237477661991, "best_epoch": 11, "best_val_dice": 0.8579742091430116, "epoch_seconds": 25.482098692999898, "optimizer_steps": 6255, "optimizer_step_attempts": 6256, "amp_skipped_steps": 1, "anchor_max_absolute_error": 0.0}
{"group": "U-RSI", "epoch": 35, "val_dice": 0.8574272938934535, "best_epoch": 11, "best_val_dice": 0.8579742091430116, "epoch_seconds": 25.494798194000396, "optimizer_steps": 6439, "optimizer_step_attempts": 6440, "amp_skipped_steps": 0, "anchor_max_absolute_error": 0.0}
{"group": "U-RSI", "epoch": 36, "val_dice": 0.8574925406859808, "best_epoch": 11, "best_val_dice": 0.8579742091430116, "epoch_seconds": 25.20461263099969, "optimizer_steps": 6623, "optimizer_step_attempts": 6624, "amp_skipped_steps": 0, "anchor_max_absolute_error": 0.0}
{"group": "U-RSI", "epoch": 37, "val_dice": 0.8574925715218874, "best_epoch": 11, "best_val_dice": 0.8579742091430116, "epoch_seconds": 28.297527075999824, "optimizer_steps": 6807, "optimizer_step_attempts": 6808, "amp_skipped_steps": 0, "anchor_max_absolute_error": 0.0}
{"group": "U-RSI", "epoch": 38, "val_dice": 0.8574956103670752, "best_epoch": 11, "best_val_dice": 0.8579742091430116, "epoch_seconds": 25.923487909999494, "optimizer_steps": 6991, "optimizer_step_attempts": 6992, "amp_skipped_steps": 0, "anchor_max_absolute_error": 0.0}
{"group": "U-RSI", "epoch": 39, "val_dice": 0.8575503282539925, "best_epoch": 11, "best_val_dice": 0.8579742091430116, "epoch_seconds": 25.634073676999833, "optimizer_steps": 7175, "optimizer_step_attempts": 7176, "amp_skipped_steps": 0, "anchor_max_absolute_error": 0.0}
{"group": "U-RSI", "epoch": 40, "val_dice": 0.8575489373037706, "best_epoch": 11, "best_val_dice": 0.8579742091430116, "epoch_seconds": 55.20976439599963, "optimizer_steps": 7359, "optimizer_step_attempts": 7360, "amp_skipped_steps": 0, "anchor_max_absolute_error": 0.0}
TRAIN_DONE U-RSI
TailProbe cache U-Mean: 4/223 images
TailProbe cache U-Mean: 8/223 images
TailProbe cache U-Mean: 12/223 images
TailProbe cache U-Mean: 16/223 images
TailProbe cache U-Mean: 20/223 images
TailProbe cache U-Mean: 24/223 images
TailProbe cache U-Mean: 28/223 images
TailProbe cache U-Mean: 32/223 images
TailProbe cache U-Mean: 36/223 images
TailProbe cache U-Mean: 40/223 images
TailProbe cache U-Mean: 44/223 images
TailProbe cache U-Mean: 48/223 images
TailProbe cache U-Mean: 52/223 images
TailProbe cache U-Mean: 56/223 images
TailProbe cache U-Mean: 60/223 images
TailProbe cache U-Mean: 64/223 images
TailProbe cache U-Mean: 68/223 images
TailProbe cache U-Mean: 72/223 images
TailProbe cache U-Mean: 76/223 images
TailProbe cache U-Mean: 80/223 images
TailProbe cache U-Mean: 84/223 images
TailProbe cache U-Mean: 88/223 images
TailProbe cache U-Mean: 92/223 images
TailProbe cache U-Mean: 96/223 images
TailProbe cache U-Mean: 100/223 images
TailProbe cache U-Mean: 104/223 images
TailProbe cache U-Mean: 108/223 images
TailProbe cache U-Mean: 112/223 images
TailProbe cache U-Mean: 116/223 images
TailProbe cache U-Mean: 120/223 images
TailProbe cache U-Mean: 124/223 images
TailProbe cache U-Mean: 128/223 images
TailProbe cache U-Mean: 132/223 images
TailProbe cache U-Mean: 136/223 images
TailProbe cache U-Mean: 140/223 images
TailProbe cache U-Mean: 144/223 images
TailProbe cache U-Mean: 148/223 images
TailProbe cache U-Mean: 152/223 images
TailProbe cache U-Mean: 156/223 images
TailProbe cache U-Mean: 160/223 images
TailProbe cache U-Mean: 164/223 images
TailProbe cache U-Mean: 168/223 images
TailProbe cache U-Mean: 172/223 images
TailProbe cache U-Mean: 176/223 images
TailProbe cache U-Mean: 180/223 images
TailProbe cache U-Mean: 184/223 images
TailProbe cache U-Mean: 188/223 images
TailProbe cache U-Mean: 192/223 images
TailProbe cache U-Mean: 196/223 images
TailProbe cache U-Mean: 200/223 images
TailProbe cache U-Mean: 204/223 images
TailProbe cache U-Mean: 208/223 images
TailProbe cache U-Mean: 212/223 images
TailProbe cache U-Mean: 216/223 images
TailProbe cache U-Mean: 220/223 images
TailProbe cache U-Mean: 223/223 images
TailProbe cache U-RSI: 4/223 images
TailProbe cache U-RSI: 8/223 images
TailProbe cache U-RSI: 12/223 images
TailProbe cache U-RSI: 16/223 images
TailProbe cache U-RSI: 20/223 images
TailProbe cache U-RSI: 24/223 images
TailProbe cache U-RSI: 28/223 images
TailProbe cache U-RSI: 32/223 images
TailProbe cache U-RSI: 36/223 images
TailProbe cache U-RSI: 40/223 images
TailProbe cache U-RSI: 44/223 images
TailProbe cache U-RSI: 48/223 images
TailProbe cache U-RSI: 52/223 images
TailProbe cache U-RSI: 56/223 images
TailProbe cache U-RSI: 60/223 images
TailProbe cache U-RSI: 64/223 images
TailProbe cache U-RSI: 68/223 images
TailProbe cache U-RSI: 72/223 images
TailProbe cache U-RSI: 76/223 images
TailProbe cache U-RSI: 80/223 images
TailProbe cache U-RSI: 84/223 images
TailProbe cache U-RSI: 88/223 images
TailProbe cache U-RSI: 92/223 images
TailProbe cache U-RSI: 96/223 images
TailProbe cache U-RSI: 100/223 images
TailProbe cache U-RSI: 104/223 images
TailProbe cache U-RSI: 108/223 images
TailProbe cache U-RSI: 112/223 images
TailProbe cache U-RSI: 116/223 images
TailProbe cache U-RSI: 120/223 images
TailProbe cache U-RSI: 124/223 images
TailProbe cache U-RSI: 128/223 images
TailProbe cache U-RSI: 132/223 images
TailProbe cache U-RSI: 136/223 images
TailProbe cache U-RSI: 140/223 images
TailProbe cache U-RSI: 144/223 images
TailProbe cache U-RSI: 148/223 images
TailProbe cache U-RSI: 152/223 images
TailProbe cache U-RSI: 156/223 images
TailProbe cache U-RSI: 160/223 images
TailProbe cache U-RSI: 164/223 images
TailProbe cache U-RSI: 168/223 images
TailProbe cache U-RSI: 172/223 images
TailProbe cache U-RSI: 176/223 images
TailProbe cache U-RSI: 180/223 images
TailProbe cache U-RSI: 184/223 images
TailProbe cache U-RSI: 188/223 images
TailProbe cache U-RSI: 192/223 images
TailProbe cache U-RSI: 196/223 images
TailProbe cache U-RSI: 200/223 images
TailProbe cache U-RSI: 204/223 images
TailProbe cache U-RSI: 208/223 images
TailProbe cache U-RSI: 212/223 images
TailProbe cache U-RSI: 216/223 images
TailProbe cache U-RSI: 220/223 images
TailProbe cache U-RSI: 223/223 images
TailProbe cache U-NoMessage: 4/223 images
TailProbe cache U-NoMessage: 8/223 images
TailProbe cache U-NoMessage: 12/223 images
TailProbe cache U-NoMessage: 16/223 images
TailProbe cache U-NoMessage: 20/223 images
TailProbe cache U-NoMessage: 24/223 images
TailProbe cache U-NoMessage: 28/223 images
TailProbe cache U-NoMessage: 32/223 images
TailProbe cache U-NoMessage: 36/223 images
TailProbe cache U-NoMessage: 40/223 images
TailProbe cache U-NoMessage: 44/223 images
TailProbe cache U-NoMessage: 48/223 images
TailProbe cache U-NoMessage: 52/223 images
TailProbe cache U-NoMessage: 56/223 images
TailProbe cache U-NoMessage: 60/223 images
TailProbe cache U-NoMessage: 64/223 images
TailProbe cache U-NoMessage: 68/223 images
TailProbe cache U-NoMessage: 72/223 images
TailProbe cache U-NoMessage: 76/223 images
TailProbe cache U-NoMessage: 80/223 images
TailProbe cache U-NoMessage: 84/223 images
TailProbe cache U-NoMessage: 88/223 images
TailProbe cache U-NoMessage: 92/223 images
TailProbe cache U-NoMessage: 96/223 images
TailProbe cache U-NoMessage: 100/223 images
TailProbe cache U-NoMessage: 104/223 images
TailProbe cache U-NoMessage: 108/223 images
TailProbe cache U-NoMessage: 112/223 images
TailProbe cache U-NoMessage: 116/223 images
TailProbe cache U-NoMessage: 120/223 images
TailProbe cache U-NoMessage: 124/223 images
TailProbe cache U-NoMessage: 128/223 images
TailProbe cache U-NoMessage: 132/223 images
TailProbe cache U-NoMessage: 136/223 images
TailProbe cache U-NoMessage: 140/223 images
TailProbe cache U-NoMessage: 144/223 images
TailProbe cache U-NoMessage: 148/223 images
TailProbe cache U-NoMessage: 152/223 images
TailProbe cache U-NoMessage: 156/223 images
TailProbe cache U-NoMessage: 160/223 images
TailProbe cache U-NoMessage: 164/223 images
TailProbe cache U-NoMessage: 168/223 images
TailProbe cache U-NoMessage: 172/223 images
TailProbe cache U-NoMessage: 176/223 images
TailProbe cache U-NoMessage: 180/223 images
TailProbe cache U-NoMessage: 184/223 images
TailProbe cache U-NoMessage: 188/223 images
TailProbe cache U-NoMessage: 192/223 images
TailProbe cache U-NoMessage: 196/223 images
TailProbe cache U-NoMessage: 200/223 images
TailProbe cache U-NoMessage: 204/223 images
TailProbe cache U-NoMessage: 208/223 images
TailProbe cache U-NoMessage: 212/223 images
TailProbe cache U-NoMessage: 216/223 images
TailProbe cache U-NoMessage: 220/223 images
TailProbe cache U-NoMessage: 223/223 images
TailProbe train-side RMS: 4/1471 RGB-only images
TailProbe train-side RMS: 8/1471 RGB-only images
TailProbe train-side RMS: 12/1471 RGB-only images
TailProbe train-side RMS: 16/1471 RGB-only images
TailProbe train-side RMS: 20/1471 RGB-only images
TailProbe train-side RMS: 24/1471 RGB-only images
TailProbe train-side RMS: 28/1471 RGB-only images
TailProbe train-side RMS: 32/1471 RGB-only images
TailProbe train-side RMS: 36/1471 RGB-only images
TailProbe train-side RMS: 40/1471 RGB-only images
TailProbe train-side RMS: 44/1471 RGB-only images
TailProbe train-side RMS: 48/1471 RGB-only images
TailProbe train-side RMS: 52/1471 RGB-only images
TailProbe train-side RMS: 56/1471 RGB-only images
TailProbe train-side RMS: 60/1471 RGB-only images
TailProbe train-side RMS: 64/1471 RGB-only images
TailProbe train-side RMS: 68/1471 RGB-only images
TailProbe train-side RMS: 72/1471 RGB-only images
TailProbe train-side RMS: 76/1471 RGB-only images
TailProbe train-side RMS: 80/1471 RGB-only images
TailProbe train-side RMS: 84/1471 RGB-only images
TailProbe train-side RMS: 88/1471 RGB-only images
TailProbe train-side RMS: 92/1471 RGB-only images
TailProbe train-side RMS: 96/1471 RGB-only images
TailProbe train-side RMS: 100/1471 RGB-only images
TailProbe train-side RMS: 104/1471 RGB-only images
TailProbe train-side RMS: 108/1471 RGB-only images
TailProbe train-side RMS: 112/1471 RGB-only images
TailProbe train-side RMS: 116/1471 RGB-only images
TailProbe train-side RMS: 120/1471 RGB-only images
TailProbe train-side RMS: 124/1471 RGB-only images
TailProbe train-side RMS: 128/1471 RGB-only images
TailProbe train-side RMS: 132/1471 RGB-only images
TailProbe train-side RMS: 136/1471 RGB-only images
TailProbe train-side RMS: 140/1471 RGB-only images
TailProbe train-side RMS: 144/1471 RGB-only images
TailProbe train-side RMS: 148/1471 RGB-only images
TailProbe train-side RMS: 152/1471 RGB-only images
TailProbe train-side RMS: 156/1471 RGB-only images
TailProbe train-side RMS: 160/1471 RGB-only images
TailProbe train-side RMS: 164/1471 RGB-only images
TailProbe train-side RMS: 168/1471 RGB-only images
TailProbe train-side RMS: 172/1471 RGB-only images
TailProbe train-side RMS: 176/1471 RGB-only images
TailProbe train-side RMS: 180/1471 RGB-only images
TailProbe train-side RMS: 184/1471 RGB-only images
TailProbe train-side RMS: 188/1471 RGB-only images
TailProbe train-side RMS: 192/1471 RGB-only images
TailProbe train-side RMS: 196/1471 RGB-only images
TailProbe train-side RMS: 200/1471 RGB-only images
TailProbe train-side RMS: 204/1471 RGB-only images
TailProbe train-side RMS: 208/1471 RGB-only images
TailProbe train-side RMS: 212/1471 RGB-only images
TailProbe train-side RMS: 216/1471 RGB-only images
TailProbe train-side RMS: 220/1471 RGB-only images
TailProbe train-side RMS: 224/1471 RGB-only images
TailProbe train-side RMS: 228/1471 RGB-only images
TailProbe train-side RMS: 232/1471 RGB-only images
TailProbe train-side RMS: 236/1471 RGB-only images
TailProbe train-side RMS: 240/1471 RGB-only images
TailProbe train-side RMS: 244/1471 RGB-only images
TailProbe train-side RMS: 248/1471 RGB-only images
TailProbe train-side RMS: 252/1471 RGB-only images
TailProbe train-side RMS: 256/1471 RGB-only images
TailProbe train-side RMS: 260/1471 RGB-only images
TailProbe train-side RMS: 264/1471 RGB-only images
TailProbe train-side RMS: 268/1471 RGB-only images
TailProbe train-side RMS: 272/1471 RGB-only images
TailProbe train-side RMS: 276/1471 RGB-only images
TailProbe train-side RMS: 280/1471 RGB-only images
TailProbe train-side RMS: 284/1471 RGB-only images
TailProbe train-side RMS: 288/1471 RGB-only images
TailProbe train-side RMS: 292/1471 RGB-only images
TailProbe train-side RMS: 296/1471 RGB-only images
TailProbe train-side RMS: 300/1471 RGB-only images
TailProbe train-side RMS: 304/1471 RGB-only images
TailProbe train-side RMS: 308/1471 RGB-only images
TailProbe train-side RMS: 312/1471 RGB-only images
TailProbe train-side RMS: 316/1471 RGB-only images
TailProbe train-side RMS: 320/1471 RGB-only images
TailProbe train-side RMS: 324/1471 RGB-only images
TailProbe train-side RMS: 328/1471 RGB-only images
TailProbe train-side RMS: 332/1471 RGB-only images
TailProbe train-side RMS: 336/1471 RGB-only images
TailProbe train-side RMS: 340/1471 RGB-only images
TailProbe train-side RMS: 344/1471 RGB-only images
TailProbe train-side RMS: 348/1471 RGB-only images
TailProbe train-side RMS: 352/1471 RGB-only images
TailProbe train-side RMS: 356/1471 RGB-only images
TailProbe train-side RMS: 360/1471 RGB-only images
TailProbe train-side RMS: 364/1471 RGB-only images
TailProbe train-side RMS: 368/1471 RGB-only images
TailProbe train-side RMS: 372/1471 RGB-only images
TailProbe train-side RMS: 376/1471 RGB-only images
TailProbe train-side RMS: 380/1471 RGB-only images
TailProbe train-side RMS: 384/1471 RGB-only images
TailProbe train-side RMS: 388/1471 RGB-only images
TailProbe train-side RMS: 392/1471 RGB-only images
TailProbe train-side RMS: 396/1471 RGB-only images
TailProbe train-side RMS: 400/1471 RGB-only images
TailProbe train-side RMS: 404/1471 RGB-only images
TailProbe train-side RMS: 408/1471 RGB-only images
TailProbe train-side RMS: 412/1471 RGB-only images
TailProbe train-side RMS: 416/1471 RGB-only images
TailProbe train-side RMS: 420/1471 RGB-only images
TailProbe train-side RMS: 424/1471 RGB-only images
TailProbe train-side RMS: 428/1471 RGB-only images
TailProbe train-side RMS: 432/1471 RGB-only images
TailProbe train-side RMS: 436/1471 RGB-only images
TailProbe train-side RMS: 440/1471 RGB-only images
TailProbe train-side RMS: 444/1471 RGB-only images
TailProbe train-side RMS: 448/1471 RGB-only images
TailProbe train-side RMS: 452/1471 RGB-only images
TailProbe train-side RMS: 456/1471 RGB-only images
TailProbe train-side RMS: 460/1471 RGB-only images
TailProbe train-side RMS: 464/1471 RGB-only images
TailProbe train-side RMS: 468/1471 RGB-only images
TailProbe train-side RMS: 472/1471 RGB-only images
TailProbe train-side RMS: 476/1471 RGB-only images
TailProbe train-side RMS: 480/1471 RGB-only images
TailProbe train-side RMS: 484/1471 RGB-only images
TailProbe train-side RMS: 488/1471 RGB-only images
TailProbe train-side RMS: 492/1471 RGB-only images
TailProbe train-side RMS: 496/1471 RGB-only images
TailProbe train-side RMS: 500/1471 RGB-only images
TailProbe train-side RMS: 504/1471 RGB-only images
TailProbe train-side RMS: 508/1471 RGB-only images
TailProbe train-side RMS: 512/1471 RGB-only images
TailProbe train-side RMS: 516/1471 RGB-only images
TailProbe train-side RMS: 520/1471 RGB-only images
TailProbe train-side RMS: 524/1471 RGB-only images
TailProbe train-side RMS: 528/1471 RGB-only images
TailProbe train-side RMS: 532/1471 RGB-only images
TailProbe train-side RMS: 536/1471 RGB-only images
TailProbe train-side RMS: 540/1471 RGB-only images
TailProbe train-side RMS: 544/1471 RGB-only images
TailProbe train-side RMS: 548/1471 RGB-only images
TailProbe train-side RMS: 552/1471 RGB-only images
TailProbe train-side RMS: 556/1471 RGB-only images
TailProbe train-side RMS: 560/1471 RGB-only images
TailProbe train-side RMS: 564/1471 RGB-only images
TailProbe train-side RMS: 568/1471 RGB-only images
TailProbe train-side RMS: 572/1471 RGB-only images
TailProbe train-side RMS: 576/1471 RGB-only images
TailProbe train-side RMS: 580/1471 RGB-only images
TailProbe train-side RMS: 584/1471 RGB-only images
TailProbe train-side RMS: 588/1471 RGB-only images
TailProbe train-side RMS: 592/1471 RGB-only images
TailProbe train-side RMS: 596/1471 RGB-only images
TailProbe train-side RMS: 600/1471 RGB-only images
TailProbe train-side RMS: 604/1471 RGB-only images
TailProbe train-side RMS: 608/1471 RGB-only images
TailProbe train-side RMS: 612/1471 RGB-only images
TailProbe train-side RMS: 616/1471 RGB-only images
TailProbe train-side RMS: 620/1471 RGB-only images
TailProbe train-side RMS: 624/1471 RGB-only images
TailProbe train-side RMS: 628/1471 RGB-only images
TailProbe train-side RMS: 632/1471 RGB-only images
TailProbe train-side RMS: 636/1471 RGB-only images
TailProbe train-side RMS: 640/1471 RGB-only images
TailProbe train-side RMS: 644/1471 RGB-only images
TailProbe train-side RMS: 648/1471 RGB-only images
TailProbe train-side RMS: 652/1471 RGB-only images
TailProbe train-side RMS: 656/1471 RGB-only images
TailProbe train-side RMS: 660/1471 RGB-only images
TailProbe train-side RMS: 664/1471 RGB-only images
TailProbe train-side RMS: 668/1471 RGB-only images
TailProbe train-side RMS: 672/1471 RGB-only images
TailProbe train-side RMS: 676/1471 RGB-only images
TailProbe train-side RMS: 680/1471 RGB-only images
TailProbe train-side RMS: 684/1471 RGB-only images
TailProbe train-side RMS: 688/1471 RGB-only images
TailProbe train-side RMS: 692/1471 RGB-only images
TailProbe train-side RMS: 696/1471 RGB-only images
TailProbe train-side RMS: 700/1471 RGB-only images
TailProbe train-side RMS: 704/1471 RGB-only images
TailProbe train-side RMS: 708/1471 RGB-only images
TailProbe train-side RMS: 712/1471 RGB-only images
TailProbe train-side RMS: 716/1471 RGB-only images
TailProbe train-side RMS: 720/1471 RGB-only images
TailProbe train-side RMS: 724/1471 RGB-only images
TailProbe train-side RMS: 728/1471 RGB-only images
TailProbe train-side RMS: 732/1471 RGB-only images
TailProbe train-side RMS: 736/1471 RGB-only images
TailProbe train-side RMS: 740/1471 RGB-only images
TailProbe train-side RMS: 744/1471 RGB-only images
TailProbe train-side RMS: 748/1471 RGB-only images
TailProbe train-side RMS: 752/1471 RGB-only images
TailProbe train-side RMS: 756/1471 RGB-only images
TailProbe train-side RMS: 760/1471 RGB-only images
TailProbe train-side RMS: 764/1471 RGB-only images
TailProbe train-side RMS: 768/1471 RGB-only images
TailProbe train-side RMS: 772/1471 RGB-only images
TailProbe train-side RMS: 776/1471 RGB-only images
TailProbe train-side RMS: 780/1471 RGB-only images
TailProbe train-side RMS: 784/1471 RGB-only images
TailProbe train-side RMS: 788/1471 RGB-only images
TailProbe train-side RMS: 792/1471 RGB-only images
TailProbe train-side RMS: 796/1471 RGB-only images
TailProbe train-side RMS: 800/1471 RGB-only images
TailProbe train-side RMS: 804/1471 RGB-only images
TailProbe train-side RMS: 808/1471 RGB-only images
TailProbe train-side RMS: 812/1471 RGB-only images
TailProbe train-side RMS: 816/1471 RGB-only images
TailProbe train-side RMS: 820/1471 RGB-only images
TailProbe train-side RMS: 824/1471 RGB-only images
TailProbe train-side RMS: 828/1471 RGB-only images
TailProbe train-side RMS: 832/1471 RGB-only images
TailProbe train-side RMS: 836/1471 RGB-only images
TailProbe train-side RMS: 840/1471 RGB-only images
TailProbe train-side RMS: 844/1471 RGB-only images
TailProbe train-side RMS: 848/1471 RGB-only images
TailProbe train-side RMS: 852/1471 RGB-only images
TailProbe train-side RMS: 856/1471 RGB-only images
TailProbe train-side RMS: 860/1471 RGB-only images
TailProbe train-side RMS: 864/1471 RGB-only images
TailProbe train-side RMS: 868/1471 RGB-only images
TailProbe train-side RMS: 872/1471 RGB-only images
TailProbe train-side RMS: 876/1471 RGB-only images
TailProbe train-side RMS: 880/1471 RGB-only images
TailProbe train-side RMS: 884/1471 RGB-only images
TailProbe train-side RMS: 888/1471 RGB-only images
TailProbe train-side RMS: 892/1471 RGB-only images
TailProbe train-side RMS: 896/1471 RGB-only images
TailProbe train-side RMS: 900/1471 RGB-only images
TailProbe train-side RMS: 904/1471 RGB-only images
TailProbe train-side RMS: 908/1471 RGB-only images
TailProbe train-side RMS: 912/1471 RGB-only images
TailProbe train-side RMS: 916/1471 RGB-only images
TailProbe train-side RMS: 920/1471 RGB-only images
TailProbe train-side RMS: 924/1471 RGB-only images
TailProbe train-side RMS: 928/1471 RGB-only images
TailProbe train-side RMS: 932/1471 RGB-only images
TailProbe train-side RMS: 936/1471 RGB-only images
TailProbe train-side RMS: 940/1471 RGB-only images
TailProbe train-side RMS: 944/1471 RGB-only images
TailProbe train-side RMS: 948/1471 RGB-only images
TailProbe train-side RMS: 952/1471 RGB-only images
TailProbe train-side RMS: 956/1471 RGB-only images
TailProbe train-side RMS: 960/1471 RGB-only images
TailProbe train-side RMS: 964/1471 RGB-only images
TailProbe train-side RMS: 968/1471 RGB-only images
TailProbe train-side RMS: 972/1471 RGB-only images
TailProbe train-side RMS: 976/1471 RGB-only images
TailProbe train-side RMS: 980/1471 RGB-only images
TailProbe train-side RMS: 984/1471 RGB-only images
TailProbe train-side RMS: 988/1471 RGB-only images
TailProbe train-side RMS: 992/1471 RGB-only images
TailProbe train-side RMS: 996/1471 RGB-only images
TailProbe train-side RMS: 1000/1471 RGB-only images
TailProbe train-side RMS: 1004/1471 RGB-only images
TailProbe train-side RMS: 1008/1471 RGB-only images
TailProbe train-side RMS: 1012/1471 RGB-only images
TailProbe train-side RMS: 1016/1471 RGB-only images
TailProbe train-side RMS: 1020/1471 RGB-only images
TailProbe train-side RMS: 1024/1471 RGB-only images
TailProbe train-side RMS: 1028/1471 RGB-only images
TailProbe train-side RMS: 1032/1471 RGB-only images
TailProbe train-side RMS: 1036/1471 RGB-only images
TailProbe train-side RMS: 1040/1471 RGB-only images
TailProbe train-side RMS: 1044/1471 RGB-only images
TailProbe train-side RMS: 1048/1471 RGB-only images
TailProbe train-side RMS: 1052/1471 RGB-only images
TailProbe train-side RMS: 1056/1471 RGB-only images
TailProbe train-side RMS: 1060/1471 RGB-only images
TailProbe train-side RMS: 1064/1471 RGB-only images
TailProbe train-side RMS: 1068/1471 RGB-only images
TailProbe train-side RMS: 1072/1471 RGB-only images
TailProbe train-side RMS: 1076/1471 RGB-only images
TailProbe train-side RMS: 1080/1471 RGB-only images
TailProbe train-side RMS: 1084/1471 RGB-only images
TailProbe train-side RMS: 1088/1471 RGB-only images
TailProbe train-side RMS: 1092/1471 RGB-only images
TailProbe train-side RMS: 1096/1471 RGB-only images
TailProbe train-side RMS: 1100/1471 RGB-only images
TailProbe train-side RMS: 1104/1471 RGB-only images
TailProbe train-side RMS: 1108/1471 RGB-only images
TailProbe train-side RMS: 1112/1471 RGB-only images
TailProbe train-side RMS: 1116/1471 RGB-only images
TailProbe train-side RMS: 1120/1471 RGB-only images
TailProbe train-side RMS: 1124/1471 RGB-only images
TailProbe train-side RMS: 1128/1471 RGB-only images
TailProbe train-side RMS: 1132/1471 RGB-only images
TailProbe train-side RMS: 1136/1471 RGB-only images
TailProbe train-side RMS: 1140/1471 RGB-only images
TailProbe train-side RMS: 1144/1471 RGB-only images
TailProbe train-side RMS: 1148/1471 RGB-only images
TailProbe train-side RMS: 1152/1471 RGB-only images
TailProbe train-side RMS: 1156/1471 RGB-only images
TailProbe train-side RMS: 1160/1471 RGB-only images
TailProbe train-side RMS: 1164/1471 RGB-only images
TailProbe train-side RMS: 1168/1471 RGB-only images
TailProbe train-side RMS: 1172/1471 RGB-only images
TailProbe train-side RMS: 1176/1471 RGB-only images
TailProbe train-side RMS: 1180/1471 RGB-only images
TailProbe train-side RMS: 1184/1471 RGB-only images
TailProbe train-side RMS: 1188/1471 RGB-only images
TailProbe train-side RMS: 1192/1471 RGB-only images
TailProbe train-side RMS: 1196/1471 RGB-only images
TailProbe train-side RMS: 1200/1471 RGB-only images
TailProbe train-side RMS: 1204/1471 RGB-only images
TailProbe train-side RMS: 1208/1471 RGB-only images
TailProbe train-side RMS: 1212/1471 RGB-only images
TailProbe train-side RMS: 1216/1471 RGB-only images
TailProbe train-side RMS: 1220/1471 RGB-only images
TailProbe train-side RMS: 1224/1471 RGB-only images
TailProbe train-side RMS: 1228/1471 RGB-only images
TailProbe train-side RMS: 1232/1471 RGB-only images
TailProbe train-side RMS: 1236/1471 RGB-only images
TailProbe train-side RMS: 1240/1471 RGB-only images
TailProbe train-side RMS: 1244/1471 RGB-only images
TailProbe train-side RMS: 1248/1471 RGB-only images
TailProbe train-side RMS: 1252/1471 RGB-only images
TailProbe train-side RMS: 1256/1471 RGB-only images
TailProbe train-side RMS: 1260/1471 RGB-only images
TailProbe train-side RMS: 1264/1471 RGB-only images
TailProbe train-side RMS: 1268/1471 RGB-only images
TailProbe train-side RMS: 1272/1471 RGB-only images
TailProbe train-side RMS: 1276/1471 RGB-only images
TailProbe train-side RMS: 1280/1471 RGB-only images
TailProbe train-side RMS: 1284/1471 RGB-only images
TailProbe train-side RMS: 1288/1471 RGB-only images
TailProbe train-side RMS: 1292/1471 RGB-only images
TailProbe train-side RMS: 1296/1471 RGB-only images
TailProbe train-side RMS: 1300/1471 RGB-only images
TailProbe train-side RMS: 1304/1471 RGB-only images
TailProbe train-side RMS: 1308/1471 RGB-only images
TailProbe train-side RMS: 1312/1471 RGB-only images
TailProbe train-side RMS: 1316/1471 RGB-only images
TailProbe train-side RMS: 1320/1471 RGB-only images
TailProbe train-side RMS: 1324/1471 RGB-only images
TailProbe train-side RMS: 1328/1471 RGB-only images
TailProbe train-side RMS: 1332/1471 RGB-only images
TailProbe train-side RMS: 1336/1471 RGB-only images
TailProbe train-side RMS: 1340/1471 RGB-only images
TailProbe train-side RMS: 1344/1471 RGB-only images
TailProbe train-side RMS: 1348/1471 RGB-only images
TailProbe train-side RMS: 1352/1471 RGB-only images
TailProbe train-side RMS: 1356/1471 RGB-only images
TailProbe train-side RMS: 1360/1471 RGB-only images
TailProbe train-side RMS: 1364/1471 RGB-only images
TailProbe train-side RMS: 1368/1471 RGB-only images
TailProbe train-side RMS: 1372/1471 RGB-only images
TailProbe train-side RMS: 1376/1471 RGB-only images
TailProbe train-side RMS: 1380/1471 RGB-only images
TailProbe train-side RMS: 1384/1471 RGB-only images
TailProbe train-side RMS: 1388/1471 RGB-only images
TailProbe train-side RMS: 1392/1471 RGB-only images
TailProbe train-side RMS: 1396/1471 RGB-only images
TailProbe train-side RMS: 1400/1471 RGB-only images
TailProbe train-side RMS: 1404/1471 RGB-only images
TailProbe train-side RMS: 1408/1471 RGB-only images
TailProbe train-side RMS: 1412/1471 RGB-only images
TailProbe train-side RMS: 1416/1471 RGB-only images
TailProbe train-side RMS: 1420/1471 RGB-only images
TailProbe train-side RMS: 1424/1471 RGB-only images
TailProbe train-side RMS: 1428/1471 RGB-only images
TailProbe train-side RMS: 1432/1471 RGB-only images
TailProbe train-side RMS: 1436/1471 RGB-only images
TailProbe train-side RMS: 1440/1471 RGB-only images
TailProbe train-side RMS: 1444/1471 RGB-only images
TailProbe train-side RMS: 1448/1471 RGB-only images
TailProbe train-side RMS: 1452/1471 RGB-only images
TailProbe train-side RMS: 1456/1471 RGB-only images
TailProbe train-side RMS: 1460/1471 RGB-only images
TailProbe train-side RMS: 1464/1471 RGB-only images
TailProbe train-side RMS: 1468/1471 RGB-only images
TailProbe train-side RMS: 1471/1471 RGB-only images
TailProbe fixed-alpha actual RMS check: 4/1471 RGB-only images
TailProbe fixed-alpha actual RMS check: 8/1471 RGB-only images
TailProbe fixed-alpha actual RMS check: 12/1471 RGB-only images
TailProbe fixed-alpha actual RMS check: 16/1471 RGB-only images
TailProbe fixed-alpha actual RMS check: 20/1471 RGB-only images
TailProbe fixed-alpha actual RMS check: 24/1471 RGB-only images
TailProbe fixed-alpha actual RMS check: 28/1471 RGB-only images
TailProbe fixed-alpha actual RMS check: 32/1471 RGB-only images
TailProbe fixed-alpha actual RMS check: 36/1471 RGB-only images
TailProbe fixed-alpha actual RMS check: 40/1471 RGB-only images
TailProbe fixed-alpha actual RMS check: 44/1471 RGB-only images
TailProbe fixed-alpha actual RMS check: 48/1471 RGB-only images
TailProbe fixed-alpha actual RMS check: 52/1471 RGB-only images
TailProbe fixed-alpha actual RMS check: 56/1471 RGB-only images
TailProbe fixed-alpha actual RMS check: 60/1471 RGB-only images
TailProbe fixed-alpha actual RMS check: 64/1471 RGB-only images
TailProbe fixed-alpha actual RMS check: 68/1471 RGB-only images
TailProbe fixed-alpha actual RMS check: 72/1471 RGB-only images
TailProbe fixed-alpha actual RMS check: 76/1471 RGB-only images
TailProbe fixed-alpha actual RMS check: 80/1471 RGB-only images
TailProbe fixed-alpha actual RMS check: 84/1471 RGB-only images
TailProbe fixed-alpha actual RMS check: 88/1471 RGB-only images
TailProbe fixed-alpha actual RMS check: 92/1471 RGB-only images
TailProbe fixed-alpha actual RMS check: 96/1471 RGB-only images
TailProbe fixed-alpha actual RMS check: 100/1471 RGB-only images
TailProbe fixed-alpha actual RMS check: 104/1471 RGB-only images
TailProbe fixed-alpha actual RMS check: 108/1471 RGB-only images
TailProbe fixed-alpha actual RMS check: 112/1471 RGB-only images
TailProbe fixed-alpha actual RMS check: 116/1471 RGB-only images
TailProbe fixed-alpha actual RMS check: 120/1471 RGB-only images
TailProbe fixed-alpha actual RMS check: 124/1471 RGB-only images
TailProbe fixed-alpha actual RMS check: 128/1471 RGB-only images
TailProbe fixed-alpha actual RMS check: 132/1471 RGB-only images
TailProbe fixed-alpha actual RMS check: 136/1471 RGB-only images
TailProbe fixed-alpha actual RMS check: 140/1471 RGB-only images
TailProbe fixed-alpha actual RMS check: 144/1471 RGB-only images
TailProbe fixed-alpha actual RMS check: 148/1471 RGB-only images
TailProbe fixed-alpha actual RMS check: 152/1471 RGB-only images
TailProbe fixed-alpha actual RMS check: 156/1471 RGB-only images
TailProbe fixed-alpha actual RMS check: 160/1471 RGB-only images
TailProbe fixed-alpha actual RMS check: 164/1471 RGB-only images
TailProbe fixed-alpha actual RMS check: 168/1471 RGB-only images
TailProbe fixed-alpha actual RMS check: 172/1471 RGB-only images
TailProbe fixed-alpha actual RMS check: 176/1471 RGB-only images
TailProbe fixed-alpha actual RMS check: 180/1471 RGB-only images
TailProbe fixed-alpha actual RMS check: 184/1471 RGB-only images
TailProbe fixed-alpha actual RMS check: 188/1471 RGB-only images
TailProbe fixed-alpha actual RMS check: 192/1471 RGB-only images
TailProbe fixed-alpha actual RMS check: 196/1471 RGB-only images
TailProbe fixed-alpha actual RMS check: 200/1471 RGB-only images
TailProbe fixed-alpha actual RMS check: 204/1471 RGB-only images
TailProbe fixed-alpha actual RMS check: 208/1471 RGB-only images
TailProbe fixed-alpha actual RMS check: 212/1471 RGB-only images
TailProbe fixed-alpha actual RMS check: 216/1471 RGB-only images
TailProbe fixed-alpha actual RMS check: 220/1471 RGB-only images
TailProbe fixed-alpha actual RMS check: 224/1471 RGB-only images
TailProbe fixed-alpha actual RMS check: 228/1471 RGB-only images
TailProbe fixed-alpha actual RMS check: 232/1471 RGB-only images
TailProbe fixed-alpha actual RMS check: 236/1471 RGB-only images
TailProbe fixed-alpha actual RMS check: 240/1471 RGB-only images
TailProbe fixed-alpha actual RMS check: 244/1471 RGB-only images
TailProbe fixed-alpha actual RMS check: 248/1471 RGB-only images
TailProbe fixed-alpha actual RMS check: 252/1471 RGB-only images
TailProbe fixed-alpha actual RMS check: 256/1471 RGB-only images
TailProbe fixed-alpha actual RMS check: 260/1471 RGB-only images
TailProbe fixed-alpha actual RMS check: 264/1471 RGB-only images
TailProbe fixed-alpha actual RMS check: 268/1471 RGB-only images
TailProbe fixed-alpha actual RMS check: 272/1471 RGB-only images
TailProbe fixed-alpha actual RMS check: 276/1471 RGB-only images
TailProbe fixed-alpha actual RMS check: 280/1471 RGB-only images
TailProbe fixed-alpha actual RMS check: 284/1471 RGB-only images
TailProbe fixed-alpha actual RMS check: 288/1471 RGB-only images
TailProbe fixed-alpha actual RMS check: 292/1471 RGB-only images
TailProbe fixed-alpha actual RMS check: 296/1471 RGB-only images
TailProbe fixed-alpha actual RMS check: 300/1471 RGB-only images
TailProbe fixed-alpha actual RMS check: 304/1471 RGB-only images
TailProbe fixed-alpha actual RMS check: 308/1471 RGB-only images
TailProbe fixed-alpha actual RMS check: 312/1471 RGB-only images
TailProbe fixed-alpha actual RMS check: 316/1471 RGB-only images
TailProbe fixed-alpha actual RMS check: 320/1471 RGB-only images
TailProbe fixed-alpha actual RMS check: 324/1471 RGB-only images
TailProbe fixed-alpha actual RMS check: 328/1471 RGB-only images
TailProbe fixed-alpha actual RMS check: 332/1471 RGB-only images
TailProbe fixed-alpha actual RMS check: 336/1471 RGB-only images
TailProbe fixed-alpha actual RMS check: 340/1471 RGB-only images
TailProbe fixed-alpha actual RMS check: 344/1471 RGB-only images
TailProbe fixed-alpha actual RMS check: 348/1471 RGB-only images
TailProbe fixed-alpha actual RMS check: 352/1471 RGB-only images
TailProbe fixed-alpha actual RMS check: 356/1471 RGB-only images
TailProbe fixed-alpha actual RMS check: 360/1471 RGB-only images
TailProbe fixed-alpha actual RMS check: 364/1471 RGB-only images
TailProbe fixed-alpha actual RMS check: 368/1471 RGB-only images
TailProbe fixed-alpha actual RMS check: 372/1471 RGB-only images
TailProbe fixed-alpha actual RMS check: 376/1471 RGB-only images
TailProbe fixed-alpha actual RMS check: 380/1471 RGB-only images
TailProbe fixed-alpha actual RMS check: 384/1471 RGB-only images
TailProbe fixed-alpha actual RMS check: 388/1471 RGB-only images
TailProbe fixed-alpha actual RMS check: 392/1471 RGB-only images
TailProbe fixed-alpha actual RMS check: 396/1471 RGB-only images
TailProbe fixed-alpha actual RMS check: 400/1471 RGB-only images
TailProbe fixed-alpha actual RMS check: 404/1471 RGB-only images
TailProbe fixed-alpha actual RMS check: 408/1471 RGB-only images
TailProbe fixed-alpha actual RMS check: 412/1471 RGB-only images
TailProbe fixed-alpha actual RMS check: 416/1471 RGB-only images
TailProbe fixed-alpha actual RMS check: 420/1471 RGB-only images
TailProbe fixed-alpha actual RMS check: 424/1471 RGB-only images
TailProbe fixed-alpha actual RMS check: 428/1471 RGB-only images
TailProbe fixed-alpha actual RMS check: 432/1471 RGB-only images
TailProbe fixed-alpha actual RMS check: 436/1471 RGB-only images
TailProbe fixed-alpha actual RMS check: 440/1471 RGB-only images
TailProbe fixed-alpha actual RMS check: 444/1471 RGB-only images
TailProbe fixed-alpha actual RMS check: 448/1471 RGB-only images
TailProbe fixed-alpha actual RMS check: 452/1471 RGB-only images
TailProbe fixed-alpha actual RMS check: 456/1471 RGB-only images
TailProbe fixed-alpha actual RMS check: 460/1471 RGB-only images
TailProbe fixed-alpha actual RMS check: 464/1471 RGB-only images
TailProbe fixed-alpha actual RMS check: 468/1471 RGB-only images
TailProbe fixed-alpha actual RMS check: 472/1471 RGB-only images
TailProbe fixed-alpha actual RMS check: 476/1471 RGB-only images
TailProbe fixed-alpha actual RMS check: 480/1471 RGB-only images
TailProbe fixed-alpha actual RMS check: 484/1471 RGB-only images
TailProbe fixed-alpha actual RMS check: 488/1471 RGB-only images
TailProbe fixed-alpha actual RMS check: 492/1471 RGB-only images
TailProbe fixed-alpha actual RMS check: 496/1471 RGB-only images
TailProbe fixed-alpha actual RMS check: 500/1471 RGB-only images
TailProbe fixed-alpha actual RMS check: 504/1471 RGB-only images
TailProbe fixed-alpha actual RMS check: 508/1471 RGB-only images
TailProbe fixed-alpha actual RMS check: 512/1471 RGB-only images
TailProbe fixed-alpha actual RMS check: 516/1471 RGB-only images
TailProbe fixed-alpha actual RMS check: 520/1471 RGB-only images
TailProbe fixed-alpha actual RMS check: 524/1471 RGB-only images
TailProbe fixed-alpha actual RMS check: 528/1471 RGB-only images
TailProbe fixed-alpha actual RMS check: 532/1471 RGB-only images
TailProbe fixed-alpha actual RMS check: 536/1471 RGB-only images
TailProbe fixed-alpha actual RMS check: 540/1471 RGB-only images
TailProbe fixed-alpha actual RMS check: 544/1471 RGB-only images
TailProbe fixed-alpha actual RMS check: 548/1471 RGB-only images
TailProbe fixed-alpha actual RMS check: 552/1471 RGB-only images
TailProbe fixed-alpha actual RMS check: 556/1471 RGB-only images
TailProbe fixed-alpha actual RMS check: 560/1471 RGB-only images
TailProbe fixed-alpha actual RMS check: 564/1471 RGB-only images
TailProbe fixed-alpha actual RMS check: 568/1471 RGB-only images
TailProbe fixed-alpha actual RMS check: 572/1471 RGB-only images
TailProbe fixed-alpha actual RMS check: 576/1471 RGB-only images
TailProbe fixed-alpha actual RMS check: 580/1471 RGB-only images
TailProbe fixed-alpha actual RMS check: 584/1471 RGB-only images
TailProbe fixed-alpha actual RMS check: 588/1471 RGB-only images
TailProbe fixed-alpha actual RMS check: 592/1471 RGB-only images
TailProbe fixed-alpha actual RMS check: 596/1471 RGB-only images
TailProbe fixed-alpha actual RMS check: 600/1471 RGB-only images
TailProbe fixed-alpha actual RMS check: 604/1471 RGB-only images
TailProbe fixed-alpha actual RMS check: 608/1471 RGB-only images
TailProbe fixed-alpha actual RMS check: 612/1471 RGB-only images
TailProbe fixed-alpha actual RMS check: 616/1471 RGB-only images
TailProbe fixed-alpha actual RMS check: 620/1471 RGB-only images
TailProbe fixed-alpha actual RMS check: 624/1471 RGB-only images
TailProbe fixed-alpha actual RMS check: 628/1471 RGB-only images
TailProbe fixed-alpha actual RMS check: 632/1471 RGB-only images
TailProbe fixed-alpha actual RMS check: 636/1471 RGB-only images
TailProbe fixed-alpha actual RMS check: 640/1471 RGB-only images
TailProbe fixed-alpha actual RMS check: 644/1471 RGB-only images
TailProbe fixed-alpha actual RMS check: 648/1471 RGB-only images
TailProbe fixed-alpha actual RMS check: 652/1471 RGB-only images
TailProbe fixed-alpha actual RMS check: 656/1471 RGB-only images
TailProbe fixed-alpha actual RMS check: 660/1471 RGB-only images
TailProbe fixed-alpha actual RMS check: 664/1471 RGB-only images
TailProbe fixed-alpha actual RMS check: 668/1471 RGB-only images
TailProbe fixed-alpha actual RMS check: 672/1471 RGB-only images
TailProbe fixed-alpha actual RMS check: 676/1471 RGB-only images
TailProbe fixed-alpha actual RMS check: 680/1471 RGB-only images
TailProbe fixed-alpha actual RMS check: 684/1471 RGB-only images
TailProbe fixed-alpha actual RMS check: 688/1471 RGB-only images
TailProbe fixed-alpha actual RMS check: 692/1471 RGB-only images
TailProbe fixed-alpha actual RMS check: 696/1471 RGB-only images
TailProbe fixed-alpha actual RMS check: 700/1471 RGB-only images
TailProbe fixed-alpha actual RMS check: 704/1471 RGB-only images
TailProbe fixed-alpha actual RMS check: 708/1471 RGB-only images
TailProbe fixed-alpha actual RMS check: 712/1471 RGB-only images
TailProbe fixed-alpha actual RMS check: 716/1471 RGB-only images
TailProbe fixed-alpha actual RMS check: 720/1471 RGB-only images
TailProbe fixed-alpha actual RMS check: 724/1471 RGB-only images
TailProbe fixed-alpha actual RMS check: 728/1471 RGB-only images
TailProbe fixed-alpha actual RMS check: 732/1471 RGB-only images
TailProbe fixed-alpha actual RMS check: 736/1471 RGB-only images
TailProbe fixed-alpha actual RMS check: 740/1471 RGB-only images
TailProbe fixed-alpha actual RMS check: 744/1471 RGB-only images
TailProbe fixed-alpha actual RMS check: 748/1471 RGB-only images
TailProbe fixed-alpha actual RMS check: 752/1471 RGB-only images
TailProbe fixed-alpha actual RMS check: 756/1471 RGB-only images
TailProbe fixed-alpha actual RMS check: 760/1471 RGB-only images
TailProbe fixed-alpha actual RMS check: 764/1471 RGB-only images
TailProbe fixed-alpha actual RMS check: 768/1471 RGB-only images
TailProbe fixed-alpha actual RMS check: 772/1471 RGB-only images
TailProbe fixed-alpha actual RMS check: 776/1471 RGB-only images
TailProbe fixed-alpha actual RMS check: 780/1471 RGB-only images
TailProbe fixed-alpha actual RMS check: 784/1471 RGB-only images
TailProbe fixed-alpha actual RMS check: 788/1471 RGB-only images
TailProbe fixed-alpha actual RMS check: 792/1471 RGB-only images
TailProbe fixed-alpha actual RMS check: 796/1471 RGB-only images
TailProbe fixed-alpha actual RMS check: 800/1471 RGB-only images
TailProbe fixed-alpha actual RMS check: 804/1471 RGB-only images
TailProbe fixed-alpha actual RMS check: 808/1471 RGB-only images
TailProbe fixed-alpha actual RMS check: 812/1471 RGB-only images
TailProbe fixed-alpha actual RMS check: 816/1471 RGB-only images
TailProbe fixed-alpha actual RMS check: 820/1471 RGB-only images
TailProbe fixed-alpha actual RMS check: 824/1471 RGB-only images
TailProbe fixed-alpha actual RMS check: 828/1471 RGB-only images
TailProbe fixed-alpha actual RMS check: 832/1471 RGB-only images
TailProbe fixed-alpha actual RMS check: 836/1471 RGB-only images
TailProbe fixed-alpha actual RMS check: 840/1471 RGB-only images
TailProbe fixed-alpha actual RMS check: 844/1471 RGB-only images
TailProbe fixed-alpha actual RMS check: 848/1471 RGB-only images
TailProbe fixed-alpha actual RMS check: 852/1471 RGB-only images
TailProbe fixed-alpha actual RMS check: 856/1471 RGB-only images
TailProbe fixed-alpha actual RMS check: 860/1471 RGB-only images
TailProbe fixed-alpha actual RMS check: 864/1471 RGB-only images
TailProbe fixed-alpha actual RMS check: 868/1471 RGB-only images
TailProbe fixed-alpha actual RMS check: 872/1471 RGB-only images
TailProbe fixed-alpha actual RMS check: 876/1471 RGB-only images
TailProbe fixed-alpha actual RMS check: 880/1471 RGB-only images
TailProbe fixed-alpha actual RMS check: 884/1471 RGB-only images
TailProbe fixed-alpha actual RMS check: 888/1471 RGB-only images
TailProbe fixed-alpha actual RMS check: 892/1471 RGB-only images
TailProbe fixed-alpha actual RMS check: 896/1471 RGB-only images
TailProbe fixed-alpha actual RMS check: 900/1471 RGB-only images
TailProbe fixed-alpha actual RMS check: 904/1471 RGB-only images
TailProbe fixed-alpha actual RMS check: 908/1471 RGB-only images
TailProbe fixed-alpha actual RMS check: 912/1471 RGB-only images
TailProbe fixed-alpha actual RMS check: 916/1471 RGB-only images
TailProbe fixed-alpha actual RMS check: 920/1471 RGB-only images
TailProbe fixed-alpha actual RMS check: 924/1471 RGB-only images
TailProbe fixed-alpha actual RMS check: 928/1471 RGB-only images
TailProbe fixed-alpha actual RMS check: 932/1471 RGB-only images
TailProbe fixed-alpha actual RMS check: 936/1471 RGB-only images
TailProbe fixed-alpha actual RMS check: 940/1471 RGB-only images
TailProbe fixed-alpha actual RMS check: 944/1471 RGB-only images
TailProbe fixed-alpha actual RMS check: 948/1471 RGB-only images
TailProbe fixed-alpha actual RMS check: 952/1471 RGB-only images
TailProbe fixed-alpha actual RMS check: 956/1471 RGB-only images
TailProbe fixed-alpha actual RMS check: 960/1471 RGB-only images
TailProbe fixed-alpha actual RMS check: 964/1471 RGB-only images
TailProbe fixed-alpha actual RMS check: 968/1471 RGB-only images
TailProbe fixed-alpha actual RMS check: 972/1471 RGB-only images
TailProbe fixed-alpha actual RMS check: 976/1471 RGB-only images
TailProbe fixed-alpha actual RMS check: 980/1471 RGB-only images
TailProbe fixed-alpha actual RMS check: 984/1471 RGB-only images
TailProbe fixed-alpha actual RMS check: 988/1471 RGB-only images
TailProbe fixed-alpha actual RMS check: 992/1471 RGB-only images
TailProbe fixed-alpha actual RMS check: 996/1471 RGB-only images
TailProbe fixed-alpha actual RMS check: 1000/1471 RGB-only images
TailProbe fixed-alpha actual RMS check: 1004/1471 RGB-only images
TailProbe fixed-alpha actual RMS check: 1008/1471 RGB-only images
TailProbe fixed-alpha actual RMS check: 1012/1471 RGB-only images
TailProbe fixed-alpha actual RMS check: 1016/1471 RGB-only images
TailProbe fixed-alpha actual RMS check: 1020/1471 RGB-only images
TailProbe fixed-alpha actual RMS check: 1024/1471 RGB-only images
TailProbe fixed-alpha actual RMS check: 1028/1471 RGB-only images
TailProbe fixed-alpha actual RMS check: 1032/1471 RGB-only images
TailProbe fixed-alpha actual RMS check: 1036/1471 RGB-only images
TailProbe fixed-alpha actual RMS check: 1040/1471 RGB-only images
TailProbe fixed-alpha actual RMS check: 1044/1471 RGB-only images
TailProbe fixed-alpha actual RMS check: 1048/1471 RGB-only images
TailProbe fixed-alpha actual RMS check: 1052/1471 RGB-only images
TailProbe fixed-alpha actual RMS check: 1056/1471 RGB-only images
TailProbe fixed-alpha actual RMS check: 1060/1471 RGB-only images
TailProbe fixed-alpha actual RMS check: 1064/1471 RGB-only images
TailProbe fixed-alpha actual RMS check: 1068/1471 RGB-only images
TailProbe fixed-alpha actual RMS check: 1072/1471 RGB-only images
TailProbe fixed-alpha actual RMS check: 1076/1471 RGB-only images
TailProbe fixed-alpha actual RMS check: 1080/1471 RGB-only images
TailProbe fixed-alpha actual RMS check: 1084/1471 RGB-only images
TailProbe fixed-alpha actual RMS check: 1088/1471 RGB-only images
TailProbe fixed-alpha actual RMS check: 1092/1471 RGB-only images
TailProbe fixed-alpha actual RMS check: 1096/1471 RGB-only images
TailProbe fixed-alpha actual RMS check: 1100/1471 RGB-only images
TailProbe fixed-alpha actual RMS check: 1104/1471 RGB-only images
TailProbe fixed-alpha actual RMS check: 1108/1471 RGB-only images
TailProbe fixed-alpha actual RMS check: 1112/1471 RGB-only images
TailProbe fixed-alpha actual RMS check: 1116/1471 RGB-only images
TailProbe fixed-alpha actual RMS check: 1120/1471 RGB-only images
TailProbe fixed-alpha actual RMS check: 1124/1471 RGB-only images
TailProbe fixed-alpha actual RMS check: 1128/1471 RGB-only images
TailProbe fixed-alpha actual RMS check: 1132/1471 RGB-only images
TailProbe fixed-alpha actual RMS check: 1136/1471 RGB-only images
TailProbe fixed-alpha actual RMS check: 1140/1471 RGB-only images
TailProbe fixed-alpha actual RMS check: 1144/1471 RGB-only images
TailProbe fixed-alpha actual RMS check: 1148/1471 RGB-only images
TailProbe fixed-alpha actual RMS check: 1152/1471 RGB-only images
TailProbe fixed-alpha actual RMS check: 1156/1471 RGB-only images
TailProbe fixed-alpha actual RMS check: 1160/1471 RGB-only images
TailProbe fixed-alpha actual RMS check: 1164/1471 RGB-only images
TailProbe fixed-alpha actual RMS check: 1168/1471 RGB-only images
TailProbe fixed-alpha actual RMS check: 1172/1471 RGB-only images
TailProbe fixed-alpha actual RMS check: 1176/1471 RGB-only images
TailProbe fixed-alpha actual RMS check: 1180/1471 RGB-only images
TailProbe fixed-alpha actual RMS check: 1184/1471 RGB-only images
TailProbe fixed-alpha actual RMS check: 1188/1471 RGB-only images
TailProbe fixed-alpha actual RMS check: 1192/1471 RGB-only images
TailProbe fixed-alpha actual RMS check: 1196/1471 RGB-only images
TailProbe fixed-alpha actual RMS check: 1200/1471 RGB-only images
TailProbe fixed-alpha actual RMS check: 1204/1471 RGB-only images
TailProbe fixed-alpha actual RMS check: 1208/1471 RGB-only images
TailProbe fixed-alpha actual RMS check: 1212/1471 RGB-only images
TailProbe fixed-alpha actual RMS check: 1216/1471 RGB-only images
TailProbe fixed-alpha actual RMS check: 1220/1471 RGB-only images
TailProbe fixed-alpha actual RMS check: 1224/1471 RGB-only images
TailProbe fixed-alpha actual RMS check: 1228/1471 RGB-only images
TailProbe fixed-alpha actual RMS check: 1232/1471 RGB-only images
TailProbe fixed-alpha actual RMS check: 1236/1471 RGB-only images
TailProbe fixed-alpha actual RMS check: 1240/1471 RGB-only images
TailProbe fixed-alpha actual RMS check: 1244/1471 RGB-only images
TailProbe fixed-alpha actual RMS check: 1248/1471 RGB-only images
TailProbe fixed-alpha actual RMS check: 1252/1471 RGB-only images
TailProbe fixed-alpha actual RMS check: 1256/1471 RGB-only images
TailProbe fixed-alpha actual RMS check: 1260/1471 RGB-only images
TailProbe fixed-alpha actual RMS check: 1264/1471 RGB-only images
TailProbe fixed-alpha actual RMS check: 1268/1471 RGB-only images
TailProbe fixed-alpha actual RMS check: 1272/1471 RGB-only images
TailProbe fixed-alpha actual RMS check: 1276/1471 RGB-only images
TailProbe fixed-alpha actual RMS check: 1280/1471 RGB-only images
TailProbe fixed-alpha actual RMS check: 1284/1471 RGB-only images
TailProbe fixed-alpha actual RMS check: 1288/1471 RGB-only images
TailProbe fixed-alpha actual RMS check: 1292/1471 RGB-only images
TailProbe fixed-alpha actual RMS check: 1296/1471 RGB-only images
TailProbe fixed-alpha actual RMS check: 1300/1471 RGB-only images
TailProbe fixed-alpha actual RMS check: 1304/1471 RGB-only images
TailProbe fixed-alpha actual RMS check: 1308/1471 RGB-only images
TailProbe fixed-alpha actual RMS check: 1312/1471 RGB-only images
TailProbe fixed-alpha actual RMS check: 1316/1471 RGB-only images
TailProbe fixed-alpha actual RMS check: 1320/1471 RGB-only images
TailProbe fixed-alpha actual RMS check: 1324/1471 RGB-only images
TailProbe fixed-alpha actual RMS check: 1328/1471 RGB-only images
TailProbe fixed-alpha actual RMS check: 1332/1471 RGB-only images
TailProbe fixed-alpha actual RMS check: 1336/1471 RGB-only images
TailProbe fixed-alpha actual RMS check: 1340/1471 RGB-only images
TailProbe fixed-alpha actual RMS check: 1344/1471 RGB-only images
TailProbe fixed-alpha actual RMS check: 1348/1471 RGB-only images
TailProbe fixed-alpha actual RMS check: 1352/1471 RGB-only images
TailProbe fixed-alpha actual RMS check: 1356/1471 RGB-only images
TailProbe fixed-alpha actual RMS check: 1360/1471 RGB-only images
TailProbe fixed-alpha actual RMS check: 1364/1471 RGB-only images
TailProbe fixed-alpha actual RMS check: 1368/1471 RGB-only images
TailProbe fixed-alpha actual RMS check: 1372/1471 RGB-only images
TailProbe fixed-alpha actual RMS check: 1376/1471 RGB-only images
TailProbe fixed-alpha actual RMS check: 1380/1471 RGB-only images
TailProbe fixed-alpha actual RMS check: 1384/1471 RGB-only images
TailProbe fixed-alpha actual RMS check: 1388/1471 RGB-only images
TailProbe fixed-alpha actual RMS check: 1392/1471 RGB-only images
TailProbe fixed-alpha actual RMS check: 1396/1471 RGB-only images
TailProbe fixed-alpha actual RMS check: 1400/1471 RGB-only images
TailProbe fixed-alpha actual RMS check: 1404/1471 RGB-only images
TailProbe fixed-alpha actual RMS check: 1408/1471 RGB-only images
TailProbe fixed-alpha actual RMS check: 1412/1471 RGB-only images
TailProbe fixed-alpha actual RMS check: 1416/1471 RGB-only images
TailProbe fixed-alpha actual RMS check: 1420/1471 RGB-only images
TailProbe fixed-alpha actual RMS check: 1424/1471 RGB-only images
TailProbe fixed-alpha actual RMS check: 1428/1471 RGB-only images
TailProbe fixed-alpha actual RMS check: 1432/1471 RGB-only images
TailProbe fixed-alpha actual RMS check: 1436/1471 RGB-only images
TailProbe fixed-alpha actual RMS check: 1440/1471 RGB-only images
TailProbe fixed-alpha actual RMS check: 1444/1471 RGB-only images
TailProbe fixed-alpha actual RMS check: 1448/1471 RGB-only images
TailProbe fixed-alpha actual RMS check: 1452/1471 RGB-only images
TailProbe fixed-alpha actual RMS check: 1456/1471 RGB-only images
TailProbe fixed-alpha actual RMS check: 1460/1471 RGB-only images
TailProbe fixed-alpha actual RMS check: 1464/1471 RGB-only images
TailProbe fixed-alpha actual RMS check: 1468/1471 RGB-only images
TailProbe fixed-alpha actual RMS check: 1471/1471 RGB-only images
TailProbe metrics F-Mean M: 41 reference rows
TailProbe metrics F-Mean M: 80 reference rows
TailProbe metrics F-Mean M: 120 reference rows
TailProbe metrics F-Mean M: 160 reference rows
TailProbe metrics F-Mean M: 202 reference rows
TailProbe metrics F-Mean M: 240 reference rows
TailProbe metrics F-Mean M: 281 reference rows
TailProbe metrics F-Mean M: 321 reference rows
TailProbe metrics F-Mean M: 361 reference rows
TailProbe metrics F-Mean M: 401 reference rows
TailProbe metrics F-Mean M: 440 reference rows
TailProbe metrics F-Mean H: 480 reference rows
TailProbe metrics F-Mean H: 520 reference rows
TailProbe metrics F-Mean H: 560 reference rows
TailProbe metrics F-Mean T1: 602 reference rows
TailProbe metrics F-RSI M: 41 reference rows
TailProbe metrics F-RSI M: 80 reference rows
TailProbe metrics F-RSI M: 120 reference rows
TailProbe metrics F-RSI M: 160 reference rows
TailProbe metrics F-RSI M: 202 reference rows
TailProbe metrics F-RSI M: 240 reference rows
TailProbe metrics F-RSI M: 281 reference rows
TailProbe metrics F-RSI M: 321 reference rows
TailProbe metrics F-RSI M: 361 reference rows
TailProbe metrics F-RSI M: 401 reference rows
TailProbe metrics F-RSI M: 440 reference rows
TailProbe metrics F-RSI H: 480 reference rows
TailProbe metrics F-RSI H: 520 reference rows
TailProbe metrics F-RSI H: 560 reference rows
TailProbe metrics F-RSI T1: 602 reference rows
TailProbe metrics U-Mean M: 41 reference rows
TailProbe metrics U-Mean M: 80 reference rows
TailProbe metrics U-Mean M: 120 reference rows
TailProbe metrics U-Mean M: 160 reference rows
TailProbe metrics U-Mean M: 202 reference rows
TailProbe metrics U-Mean M: 240 reference rows
TailProbe metrics U-Mean M: 281 reference rows
TailProbe metrics U-Mean M: 321 reference rows
TailProbe metrics U-Mean M: 361 reference rows
TailProbe metrics U-Mean M: 401 reference rows
TailProbe metrics U-Mean M: 440 reference rows
TailProbe metrics U-Mean H: 480 reference rows
TailProbe metrics U-Mean H: 520 reference rows
TailProbe metrics U-Mean H: 560 reference rows
TailProbe metrics U-Mean T1: 602 reference rows
TailProbe metrics U-RSI M: 41 reference rows
TailProbe metrics U-RSI M: 80 reference rows
TailProbe metrics U-RSI M: 120 reference rows
TailProbe metrics U-RSI M: 160 reference rows
TailProbe metrics U-RSI M: 202 reference rows
TailProbe metrics U-RSI M: 240 reference rows
TailProbe metrics U-RSI M: 281 reference rows
TailProbe metrics U-RSI M: 321 reference rows
TailProbe metrics U-RSI M: 361 reference rows
TailProbe metrics U-RSI M: 401 reference rows
TailProbe metrics U-RSI M: 440 reference rows
TailProbe metrics U-RSI H: 480 reference rows
TailProbe metrics U-RSI H: 520 reference rows
TailProbe metrics U-RSI H: 560 reference rows
TailProbe metrics U-RSI T1: 602 reference rows
TailProbe metrics U-NoMessage M: 41 reference rows
TailProbe metrics U-NoMessage M: 80 reference rows
TailProbe metrics U-NoMessage M: 120 reference rows
TailProbe metrics U-NoMessage M: 160 reference rows
TailProbe metrics U-NoMessage M: 202 reference rows
TailProbe metrics U-NoMessage M: 240 reference rows
TailProbe metrics U-NoMessage M: 281 reference rows
TailProbe metrics U-NoMessage M: 321 reference rows
TailProbe metrics U-NoMessage M: 361 reference rows
TailProbe metrics U-NoMessage M: 401 reference rows
TailProbe metrics U-NoMessage M: 440 reference rows
TailProbe metrics U-NoMessage H: 480 reference rows
TailProbe metrics U-NoMessage H: 520 reference rows
TailProbe metrics U-NoMessage H: 560 reference rows
TailProbe metrics U-NoMessage T1: 602 reference rows
TailProbe metrics U-Mean-logit-alpha-0.000000 M: 41 reference rows
TailProbe metrics U-Mean-logit-alpha-0.000000 M: 80 reference rows
TailProbe metrics U-Mean-logit-alpha-0.000000 M: 120 reference rows
TailProbe metrics U-Mean-logit-alpha-0.000000 M: 160 reference rows
TailProbe metrics U-Mean-logit-alpha-0.000000 M: 202 reference rows
TailProbe metrics U-Mean-logit-alpha-0.000000 M: 240 reference rows
TailProbe metrics U-Mean-logit-alpha-0.000000 M: 281 reference rows
TailProbe metrics U-Mean-logit-alpha-0.000000 M: 321 reference rows
TailProbe metrics U-Mean-logit-alpha-0.000000 M: 361 reference rows
TailProbe metrics U-Mean-logit-alpha-0.000000 M: 401 reference rows
TailProbe metrics U-Mean-logit-alpha-0.000000 M: 440 reference rows
TailProbe metrics U-Mean-logit-alpha-0.000000 H: 480 reference rows
TailProbe metrics U-Mean-logit-alpha-0.000000 H: 520 reference rows
TailProbe metrics U-Mean-logit-alpha-0.000000 H: 560 reference rows
TailProbe metrics U-Mean-logit-alpha-0.000000 T1: 602 reference rows
TailProbe metrics U-Mean-logit-alpha-0.333333 M: 41 reference rows
TailProbe metrics U-Mean-logit-alpha-0.333333 M: 80 reference rows
TailProbe metrics U-Mean-logit-alpha-0.333333 M: 120 reference rows
TailProbe metrics U-Mean-logit-alpha-0.333333 M: 160 reference rows
TailProbe metrics U-Mean-logit-alpha-0.333333 M: 202 reference rows
TailProbe metrics U-Mean-logit-alpha-0.333333 M: 240 reference rows
TailProbe metrics U-Mean-logit-alpha-0.333333 M: 281 reference rows
TailProbe metrics U-Mean-logit-alpha-0.333333 M: 321 reference rows
TailProbe metrics U-Mean-logit-alpha-0.333333 M: 361 reference rows
TailProbe metrics U-Mean-logit-alpha-0.333333 M: 401 reference rows
TailProbe metrics U-Mean-logit-alpha-0.333333 M: 440 reference rows
TailProbe metrics U-Mean-logit-alpha-0.333333 H: 480 reference rows
TailProbe metrics U-Mean-logit-alpha-0.333333 H: 520 reference rows
TailProbe metrics U-Mean-logit-alpha-0.333333 H: 560 reference rows
TailProbe metrics U-Mean-logit-alpha-0.333333 T1: 602 reference rows
TailProbe metrics U-Mean-logit-alpha-0.666667 M: 41 reference rows
TailProbe metrics U-Mean-logit-alpha-0.666667 M: 80 reference rows
TailProbe metrics U-Mean-logit-alpha-0.666667 M: 120 reference rows
TailProbe metrics U-Mean-logit-alpha-0.666667 M: 160 reference rows
TailProbe metrics U-Mean-logit-alpha-0.666667 M: 202 reference rows
TailProbe metrics U-Mean-logit-alpha-0.666667 M: 240 reference rows
TailProbe metrics U-Mean-logit-alpha-0.666667 M: 281 reference rows
TailProbe metrics U-Mean-logit-alpha-0.666667 M: 321 reference rows
TailProbe metrics U-Mean-logit-alpha-0.666667 M: 361 reference rows
TailProbe metrics U-Mean-logit-alpha-0.666667 M: 401 reference rows
TailProbe metrics U-Mean-logit-alpha-0.666667 M: 440 reference rows
TailProbe metrics U-Mean-logit-alpha-0.666667 H: 480 reference rows
TailProbe metrics U-Mean-logit-alpha-0.666667 H: 520 reference rows
TailProbe metrics U-Mean-logit-alpha-0.666667 H: 560 reference rows
TailProbe metrics U-Mean-logit-alpha-0.666667 T1: 602 reference rows
TailProbe metrics U-Mean-logit-alpha-1.000000 M: 41 reference rows
TailProbe metrics U-Mean-logit-alpha-1.000000 M: 80 reference rows
TailProbe metrics U-Mean-logit-alpha-1.000000 M: 120 reference rows
TailProbe metrics U-Mean-logit-alpha-1.000000 M: 160 reference rows
TailProbe metrics U-Mean-logit-alpha-1.000000 M: 202 reference rows
TailProbe metrics U-Mean-logit-alpha-1.000000 M: 240 reference rows
TailProbe metrics U-Mean-logit-alpha-1.000000 M: 281 reference rows
TailProbe metrics U-Mean-logit-alpha-1.000000 M: 321 reference rows
TailProbe metrics U-Mean-logit-alpha-1.000000 M: 361 reference rows
TailProbe metrics U-Mean-logit-alpha-1.000000 M: 401 reference rows
TailProbe metrics U-Mean-logit-alpha-1.000000 M: 440 reference rows
TailProbe metrics U-Mean-logit-alpha-1.000000 H: 480 reference rows
TailProbe metrics U-Mean-logit-alpha-1.000000 H: 520 reference rows
TailProbe metrics U-Mean-logit-alpha-1.000000 H: 560 reference rows
TailProbe metrics U-Mean-logit-alpha-1.000000 T1: 602 reference rows
TailProbe metrics U-Mean-logit-RMS M: 41 reference rows
TailProbe metrics U-Mean-logit-RMS M: 80 reference rows
TailProbe metrics U-Mean-logit-RMS M: 120 reference rows
TailProbe metrics U-Mean-logit-RMS M: 160 reference rows
TailProbe metrics U-Mean-logit-RMS M: 202 reference rows
TailProbe metrics U-Mean-logit-RMS M: 240 reference rows
TailProbe metrics U-Mean-logit-RMS M: 281 reference rows
TailProbe metrics U-Mean-logit-RMS M: 321 reference rows
TailProbe metrics U-Mean-logit-RMS M: 361 reference rows
TailProbe metrics U-Mean-logit-RMS M: 401 reference rows
TailProbe metrics U-Mean-logit-RMS M: 440 reference rows
TailProbe metrics U-Mean-logit-RMS H: 480 reference rows
TailProbe metrics U-Mean-logit-RMS H: 520 reference rows
TailProbe metrics U-Mean-logit-RMS H: 560 reference rows
TailProbe metrics U-Mean-logit-RMS T1: 602 reference rows
