2026-09-30 08:19:38 - #----------Config info----------#
2026-09-30 08:19:38 - network: egeunet,
2026-09-30 08:19:38 - seed: 42,
2026-09-30 08:19:38 - wave_mode: full,
2026-09-30 08:19:38 - fusion_type: spatial_gate,
2026-09-30 08:19:38 - diff_lr: False,
2026-09-30 08:19:38 - work_dir: /home/featurize/work/EGE-UNet-main/results/rebatch8_20260930/ege_baseline_seed42/,
2026-09-30 08:19:38 - epochs: 300,
2026-09-30 08:19:38 - val_interval: 10,
2026-09-30 08:19:38 - save_interval: 10,
2026-09-30 08:19:38 - num_workers: 4,
2026-09-30 08:19:38 - batch_size: 64,
2026-09-30 08:19:38 - val_batch_size: 8,
2026-09-30 08:19:38 - gradient_accumulation_steps: 1,
2026-09-30 08:19:40 - train: epoch 1, iter:0, loss: 5.5872, lr: 0.001
2026-09-30 08:19:41 - train: epoch 1, iter:20, loss: 3.1187, lr: 0.001
2026-09-30 08:19:44 - val epoch: 1, loss: 1.9781
2026-09-30 08:19:45 - train: epoch 2, iter:0, loss: 1.8942, lr: 0.0009999728588359286
2026-09-30 08:19:47 - train: epoch 2, iter:20, loss: 1.6947, lr: 0.0009999728588359286
2026-09-30 08:19:49 - val epoch: 2, loss: 1.4566
2026-09-30 08:19:50 - train: epoch 3, iter:0, loss: 1.8549, lr: 0.0009998914383200486
2026-09-30 08:19:52 - train: epoch 3, iter:20, loss: 1.4614, lr: 0.0009998914383200486
2026-09-30 08:19:55 - val epoch: 3, loss: 1.4144
2026-09-30 08:19:56 - train: epoch 4, iter:0, loss: 1.6282, lr: 0.0009997557473810372
2026-09-30 08:19:58 - train: epoch 4, iter:20, loss: 1.3666, lr: 0.0009997557473810372
2026-09-30 08:20:01 - val epoch: 4, loss: 1.3221
2026-09-30 08:20:02 - train: epoch 5, iter:0, loss: 1.0417, lr: 0.000999565800898935
2026-09-30 08:20:04 - train: epoch 5, iter:20, loss: 1.2366, lr: 0.000999565800898935
2026-09-30 08:20:06 - val epoch: 5, loss: 1.2864
2026-09-30 08:20:07 - train: epoch 6, iter:0, loss: 1.1287, lr: 0.0009993216197035143
2026-09-30 08:20:09 - train: epoch 6, iter:20, loss: 1.2169, lr: 0.0009993216197035143
2026-09-30 08:20:12 - val epoch: 6, loss: 1.1975
2026-09-30 08:20:13 - train: epoch 7, iter:0, loss: 1.0152, lr: 0.0009990232305719946
2026-09-30 08:20:15 - train: epoch 7, iter:20, loss: 1.1457, lr: 0.0009990232305719946
2026-09-30 08:20:18 - val epoch: 7, loss: 1.2093
2026-09-30 08:20:19 - train: epoch 8, iter:0, loss: 1.3447, lr: 0.0009986706662261067
2026-09-30 08:20:21 - train: epoch 8, iter:20, loss: 1.0873, lr: 0.0009986706662261067
2026-09-30 08:20:24 - val epoch: 8, loss: 1.1865
2026-09-30 08:20:24 - train: epoch 9, iter:0, loss: 0.9307, lr: 0.0009982639653285047
2026-09-30 08:20:26 - train: epoch 9, iter:20, loss: 1.0324, lr: 0.0009982639653285047
2026-09-30 08:20:29 - val epoch: 9, loss: 1.1789
2026-09-30 08:20:30 - train: epoch 10, iter:0, loss: 1.1390, lr: 0.0009978031724785245
2026-09-30 08:20:32 - train: epoch 10, iter:20, loss: 1.0518, lr: 0.0009978031724785245
2026-09-30 08:20:35 - val epoch: 10, loss: 1.0896, miou: 0.7491682011476607, f1_or_dsc: 0.8565993832452682, accuracy: 0.932056200386274,                 specificity: 0.9637070872769793, sensitivity: 0.8336787412416732, confusion_matrix: [[38609476  1454021]
 [ 2143813 10745778]]
2026-09-30 08:20:35 - train: epoch 11, iter:0, loss: 1.0751, lr: 0.0009972883382072953
2026-09-30 08:20:37 - train: epoch 11, iter:20, loss: 0.9943, lr: 0.0009972883382072953
2026-09-30 08:20:40 - val epoch: 11, loss: 1.0700
2026-09-30 08:20:41 - train: epoch 12, iter:0, loss: 0.8359, lr: 0.0009967195189721962
2026-09-30 08:20:43 - train: epoch 12, iter:20, loss: 1.0149, lr: 0.0009967195189721962
2026-09-30 08:20:46 - val epoch: 12, loss: 1.1038
2026-09-30 08:20:47 - train: epoch 13, iter:0, loss: 0.9095, lr: 0.0009960967771506667
2026-09-30 08:20:49 - train: epoch 13, iter:20, loss: 0.9792, lr: 0.0009960967771506667
2026-09-30 08:20:51 - val epoch: 13, loss: 1.2203
2026-09-30 08:20:52 - train: epoch 14, iter:0, loss: 1.0274, lr: 0.0009954201810333646
2026-09-30 08:20:54 - train: epoch 14, iter:20, loss: 0.9817, lr: 0.0009954201810333646
2026-09-30 08:20:57 - val epoch: 14, loss: 1.0743
2026-09-30 08:20:58 - train: epoch 15, iter:0, loss: 1.1398, lr: 0.0009946898048166792
2026-09-30 08:21:00 - train: epoch 15, iter:20, loss: 0.9997, lr: 0.0009946898048166792
2026-09-30 08:21:02 - val epoch: 15, loss: 1.0267
2026-09-30 08:21:03 - train: epoch 16, iter:0, loss: 0.9824, lr: 0.000993905728594593
2026-09-30 08:21:05 - train: epoch 16, iter:20, loss: 0.9340, lr: 0.000993905728594593
2026-09-30 08:21:08 - val epoch: 16, loss: 1.0152
2026-09-30 08:21:09 - train: epoch 17, iter:0, loss: 1.0296, lr: 0.0009930680383498998
2026-09-30 08:21:11 - train: epoch 17, iter:20, loss: 0.9123, lr: 0.0009930680383498998
2026-09-30 08:21:14 - val epoch: 17, loss: 1.1005
2026-09-30 08:21:15 - train: epoch 18, iter:0, loss: 0.9087, lr: 0.0009921768259447744
2026-09-30 08:21:17 - train: epoch 18, iter:20, loss: 0.8788, lr: 0.0009921768259447744
2026-09-30 08:21:19 - val epoch: 18, loss: 0.9969
2026-09-30 08:21:20 - train: epoch 19, iter:0, loss: 0.9309, lr: 0.0009912321891107007
2026-09-30 08:21:22 - train: epoch 19, iter:20, loss: 0.8638, lr: 0.0009912321891107007
2026-09-30 08:21:25 - val epoch: 19, loss: 0.9830
2026-09-30 08:21:26 - train: epoch 20, iter:0, loss: 0.9144, lr: 0.0009902342314377522
2026-09-30 08:21:28 - train: epoch 20, iter:20, loss: 0.8390, lr: 0.0009902342314377522
2026-09-30 08:21:30 - val epoch: 20, loss: 0.9623, miou: 0.7705817393479648, f1_or_dsc: 0.870427749505357, accuracy: 0.9387777725068649,                 specificity: 0.9690143374154283, sensitivity: 0.8447963166558194, confusion_matrix: [[38822103  1241394]
 [ 2000512 10889079]]
2026-09-30 08:21:31 - train: epoch 21, iter:0, loss: 0.9543, lr: 0.0009891830623632338
2026-09-30 08:21:33 - train: epoch 21, iter:20, loss: 0.8625, lr: 0.0009891830623632338
2026-09-30 08:21:36 - val epoch: 21, loss: 0.9709
2026-09-30 08:21:37 - train: epoch 22, iter:0, loss: 0.9418, lr: 0.00098807879715968
2026-09-30 08:21:39 - train: epoch 22, iter:20, loss: 0.8479, lr: 0.00098807879715968
2026-09-30 08:21:41 - val epoch: 22, loss: 1.0049
2026-09-30 08:21:42 - train: epoch 23, iter:0, loss: 0.7300, lr: 0.0009869215569222143
2026-09-30 08:21:44 - train: epoch 23, iter:20, loss: 0.9030, lr: 0.0009869215569222143
2026-09-30 08:21:47 - val epoch: 23, loss: 0.9247
2026-09-30 08:21:48 - train: epoch 24, iter:0, loss: 0.7734, lr: 0.0009857114685552697
2026-09-30 08:21:50 - train: epoch 24, iter:20, loss: 0.8781, lr: 0.0009857114685552697
2026-09-30 08:21:52 - val epoch: 24, loss: 0.9487
2026-09-30 08:21:53 - train: epoch 25, iter:0, loss: 0.7382, lr: 0.0009844486647586721
2026-09-30 08:21:55 - train: epoch 25, iter:20, loss: 0.7964, lr: 0.0009844486647586721
2026-09-30 08:21:58 - val epoch: 25, loss: 0.9522
2026-09-30 08:21:58 - train: epoch 26, iter:0, loss: 0.8042, lr: 0.0009831332840130884
2026-09-30 08:22:00 - train: epoch 26, iter:20, loss: 0.8322, lr: 0.0009831332840130884
2026-09-30 08:22:03 - val epoch: 26, loss: 0.9964
2026-09-30 08:22:04 - train: epoch 27, iter:0, loss: 0.7774, lr: 0.0009817654705648405
2026-09-30 08:22:06 - train: epoch 27, iter:20, loss: 0.8217, lr: 0.0009817654705648405
2026-09-30 08:22:08 - val epoch: 27, loss: 0.9913
2026-09-30 08:22:09 - train: epoch 28, iter:0, loss: 0.6915, lr: 0.0009803453744100864
2026-09-30 08:22:12 - train: epoch 28, iter:20, loss: 0.8132, lr: 0.0009803453744100864
2026-09-30 08:22:14 - val epoch: 28, loss: 0.9491
2026-09-30 08:22:15 - train: epoch 29, iter:0, loss: 0.8820, lr: 0.0009788731512783728
2026-09-30 08:22:17 - train: epoch 29, iter:20, loss: 0.7823, lr: 0.0009788731512783728
2026-09-30 08:22:20 - val epoch: 29, loss: 1.0451
2026-09-30 08:22:21 - train: epoch 30, iter:0, loss: 0.7848, lr: 0.0009773489626155566
2026-09-30 08:22:23 - train: epoch 30, iter:20, loss: 0.8295, lr: 0.0009773489626155566
2026-09-30 08:22:26 - val epoch: 30, loss: 1.1324, miou: 0.7357887292290264, f1_or_dsc: 0.847786043127307, accuracy: 0.9325963955114384,                 specificity: 0.9845394175151511, sensitivity: 0.7711468114077475, confusion_matrix: [[39444092   619405]
 [ 2949824  9939767]]
2026-09-30 08:22:26 - train: epoch 31, iter:0, loss: 0.9709, lr: 0.0009757729755661006
2026-09-30 08:22:29 - train: epoch 31, iter:20, loss: 0.8289, lr: 0.0009757729755661006
2026-09-30 08:22:31 - val epoch: 31, loss: 0.9497
2026-09-30 08:22:32 - train: epoch 32, iter:0, loss: 0.7030, lr: 0.0009741453629547445
2026-09-30 08:22:34 - train: epoch 32, iter:20, loss: 0.7783, lr: 0.0009741453629547445
2026-09-30 08:22:37 - val epoch: 32, loss: 0.8806
2026-09-30 08:22:38 - train: epoch 33, iter:0, loss: 0.6442, lr: 0.0009724663032675527
2026-09-30 08:22:40 - train: epoch 33, iter:20, loss: 0.7806, lr: 0.0009724663032675527
2026-09-30 08:22:43 - val epoch: 33, loss: 0.9390
2026-09-30 08:22:43 - train: epoch 34, iter:0, loss: 0.6133, lr: 0.0009707359806323412
2026-09-30 08:22:45 - train: epoch 34, iter:20, loss: 0.7807, lr: 0.0009707359806323412
2026-09-30 08:22:48 - val epoch: 34, loss: 0.8898
2026-09-30 08:22:49 - train: epoch 35, iter:0, loss: 0.6605, lr: 0.0009689545847984858
2026-09-30 08:22:51 - train: epoch 35, iter:20, loss: 0.7698, lr: 0.0009689545847984858
2026-09-30 08:22:54 - val epoch: 35, loss: 0.9721
2026-09-30 08:22:55 - train: epoch 36, iter:0, loss: 0.9075, lr: 0.0009671223111161144
2026-09-30 08:22:57 - train: epoch 36, iter:20, loss: 0.7843, lr: 0.0009671223111161144
2026-09-30 08:22:59 - val epoch: 36, loss: 0.9273
2026-09-30 08:23:00 - train: epoch 37, iter:0, loss: 0.9196, lr: 0.000965239360514684
2026-09-30 08:23:02 - train: epoch 37, iter:20, loss: 0.7705, lr: 0.000965239360514684
2026-09-30 08:23:05 - val epoch: 37, loss: 0.8831
2026-09-30 08:23:06 - train: epoch 38, iter:0, loss: 0.8533, lr: 0.000963305939480947
2026-09-30 08:23:08 - train: epoch 38, iter:20, loss: 0.7609, lr: 0.000963305939480947
2026-09-30 08:23:10 - val epoch: 38, loss: 0.9901
2026-09-30 08:23:11 - train: epoch 39, iter:0, loss: 0.7003, lr: 0.0009613222600363074
2026-09-30 08:23:13 - train: epoch 39, iter:20, loss: 0.8060, lr: 0.0009613222600363074
2026-09-30 08:23:16 - val epoch: 39, loss: 1.0166
2026-09-30 08:23:17 - train: epoch 40, iter:0, loss: 0.8728, lr: 0.0009592885397135703
2026-09-30 08:23:19 - train: epoch 40, iter:20, loss: 0.7614, lr: 0.0009592885397135703
2026-09-30 08:23:22 - val epoch: 40, loss: 0.9239, miou: 0.7664206405419071, f1_or_dsc: 0.8677668534339392, accuracy: 0.937752657597608,                 specificity: 0.9694970711118902, sensitivity: 0.8390844984918451, confusion_matrix: [[38841443  1222054]
 [ 2074135 10815456]]
2026-09-30 08:23:23 - train: epoch 41, iter:0, loss: 0.9826, lr: 0.0009572050015330871
2026-09-30 08:23:25 - train: epoch 41, iter:20, loss: 0.7227, lr: 0.0009572050015330871
2026-09-30 08:23:27 - val epoch: 41, loss: 1.0097
2026-09-30 08:23:28 - train: epoch 42, iter:0, loss: 0.5937, lr: 0.0009550718739782986
2026-09-30 08:23:30 - train: epoch 42, iter:20, loss: 0.7662, lr: 0.0009550718739782986
2026-09-30 08:23:33 - val epoch: 42, loss: 1.0456
2026-09-30 08:23:34 - train: epoch 43, iter:0, loss: 0.7418, lr: 0.0009528893909706794
2026-09-30 08:23:36 - train: epoch 43, iter:20, loss: 0.7274, lr: 0.0009528893909706794
2026-09-30 08:23:39 - val epoch: 43, loss: 0.9039
2026-09-30 08:23:40 - train: epoch 44, iter:0, loss: 0.7530, lr: 0.0009506577918440856
2026-09-30 08:23:42 - train: epoch 44, iter:20, loss: 0.7390, lr: 0.0009506577918440856
2026-09-30 08:23:44 - val epoch: 44, loss: 0.9376
2026-09-30 08:23:45 - train: epoch 45, iter:0, loss: 0.7452, lr: 0.000948377321318509
2026-09-30 08:23:47 - train: epoch 45, iter:20, loss: 0.7556, lr: 0.000948377321318509
2026-09-30 08:23:50 - val epoch: 45, loss: 0.9444
2026-09-30 08:24:01 - train: epoch 46, iter:0, loss: 0.7092, lr: 0.0009460482294732416
2026-09-30 08:24:03 - train: epoch 46, iter:20, loss: 0.7269, lr: 0.0009460482294732416
2026-09-30 08:24:06 - val epoch: 46, loss: 0.9002
2026-09-30 08:24:07 - train: epoch 47, iter:0, loss: 0.6895, lr: 0.0009436707717194508
2026-09-30 08:24:09 - train: epoch 47, iter:20, loss: 0.6855, lr: 0.0009436707717194508
2026-09-30 08:24:12 - val epoch: 47, loss: 1.0067
2026-09-30 08:24:13 - train: epoch 48, iter:0, loss: 0.8917, lr: 0.0009412452087721706
2026-09-30 08:24:15 - train: epoch 48, iter:20, loss: 0.7236, lr: 0.0009412452087721706
2026-09-30 08:24:17 - val epoch: 48, loss: 1.0508
2026-09-30 08:24:18 - train: epoch 49, iter:0, loss: 1.0672, lr: 0.000938771806621712
2026-09-30 08:24:21 - train: epoch 49, iter:20, loss: 0.7588, lr: 0.000938771806621712
2026-09-30 08:24:23 - val epoch: 49, loss: 0.9792
2026-09-30 08:24:24 - train: epoch 50, iter:0, loss: 0.7609, lr: 0.0009362508365044934
2026-09-30 08:24:26 - train: epoch 50, iter:20, loss: 0.7353, lr: 0.0009362508365044934
2026-09-30 08:24:29 - val epoch: 50, loss: 0.9116, miou: 0.774466872056376, f1_or_dsc: 0.8729009081571297, accuracy: 0.9398634693410137,                 specificity: 0.96930100734841, sensitivity: 0.8483655532592151, confusion_matrix: [[38833588  1229909]
 [ 1954506 10935085]]
2026-09-30 08:24:30 - train: epoch 51, iter:0, loss: 0.5435, lr: 0.0009336825748732968
2026-09-30 08:24:32 - train: epoch 51, iter:20, loss: 0.7128, lr: 0.0009336825748732968
2026-09-30 08:24:35 - val epoch: 51, loss: 0.8633
2026-09-30 08:24:36 - train: epoch 52, iter:0, loss: 0.7094, lr: 0.0009310673033669517
2026-09-30 08:24:38 - train: epoch 52, iter:20, loss: 0.7644, lr: 0.0009310673033669517
2026-09-30 08:24:40 - val epoch: 52, loss: 1.1411
2026-09-30 08:24:41 - train: epoch 53, iter:0, loss: 1.0023, lr: 0.0009284053087794505
2026-09-30 08:24:44 - train: epoch 53, iter:20, loss: 0.7699, lr: 0.0009284053087794505
2026-09-30 08:24:46 - val epoch: 53, loss: 0.8746
2026-09-30 08:24:47 - train: epoch 54, iter:0, loss: 0.6971, lr: 0.0009256968830284974
2026-09-30 08:24:49 - train: epoch 54, iter:20, loss: 0.7205, lr: 0.0009256968830284974
2026-09-30 08:24:52 - val epoch: 54, loss: 0.9449
2026-09-30 08:24:53 - train: epoch 55, iter:0, loss: 0.5696, lr: 0.0009229423231234972
2026-09-30 08:24:55 - train: epoch 55, iter:20, loss: 0.6889, lr: 0.0009229423231234972
2026-09-30 08:24:58 - val epoch: 55, loss: 0.8859
2026-09-30 08:24:59 - train: epoch 56, iter:0, loss: 0.6334, lr: 0.0009201419311329846
2026-09-30 08:25:01 - train: epoch 56, iter:20, loss: 0.6836, lr: 0.0009201419311329846
2026-09-30 08:25:03 - val epoch: 56, loss: 0.9198
2026-09-30 08:25:04 - train: epoch 57, iter:0, loss: 0.9888, lr: 0.0009172960141514989
2026-09-30 08:25:06 - train: epoch 57, iter:20, loss: 0.7000, lr: 0.0009172960141514989
2026-09-30 08:25:09 - val epoch: 57, loss: 0.8509
2026-09-30 08:25:10 - train: epoch 58, iter:0, loss: 0.6520, lr: 0.0009144048842659077
2026-09-30 08:25:12 - train: epoch 58, iter:20, loss: 0.7328, lr: 0.0009144048842659077
2026-09-30 08:25:15 - val epoch: 58, loss: 0.9653
2026-09-30 08:25:16 - train: epoch 59, iter:0, loss: 0.6978, lr: 0.0009114688585211832
2026-09-30 08:25:18 - train: epoch 59, iter:20, loss: 0.7242, lr: 0.0009114688585211832
2026-09-30 08:25:21 - val epoch: 59, loss: 1.0038
2026-09-30 08:25:22 - train: epoch 60, iter:0, loss: 0.7615, lr: 0.0009084882588856339
2026-09-30 08:25:24 - train: epoch 60, iter:20, loss: 0.7170, lr: 0.0009084882588856339
2026-09-30 08:25:27 - val epoch: 60, loss: 1.0054, miou: 0.7389506979544838, f1_or_dsc: 0.8498811367380417, accuracy: 0.9187833011740505,                 specificity: 0.9105175716438333, sensitivity: 0.9444748867516433, confusion_matrix: [[36478518  3584979]
 [  715696 12173895]]
2026-09-30 08:25:28 - train: epoch 61, iter:0, loss: 0.9056, lr: 0.0009054634122155986
2026-09-30 08:25:30 - train: epoch 61, iter:20, loss: 0.6933, lr: 0.0009054634122155986
2026-09-30 08:25:32 - val epoch: 61, loss: 0.8740
2026-09-30 08:25:33 - train: epoch 62, iter:0, loss: 0.8412, lr: 0.0009023946502196013
2026-09-30 08:25:35 - train: epoch 62, iter:20, loss: 0.6854, lr: 0.0009023946502196013
2026-09-30 08:25:38 - val epoch: 62, loss: 0.8865
2026-09-30 08:25:39 - train: epoch 63, iter:0, loss: 0.7644, lr: 0.0008992823094219767
2026-09-30 08:25:41 - train: epoch 63, iter:20, loss: 0.7122, lr: 0.0008992823094219767
2026-09-30 08:25:44 - val epoch: 63, loss: 0.8553
2026-09-30 08:25:45 - train: epoch 64, iter:0, loss: 0.5669, lr: 0.0008961267311259662
2026-09-30 08:25:47 - train: epoch 64, iter:20, loss: 0.6794, lr: 0.0008961267311259662
2026-09-30 08:25:49 - val epoch: 64, loss: 0.8313
2026-09-30 08:25:50 - train: epoch 65, iter:0, loss: 0.5884, lr: 0.0008929282613762903
2026-09-30 08:25:52 - train: epoch 65, iter:20, loss: 0.6760, lr: 0.0008929282613762903
2026-09-30 08:25:55 - val epoch: 65, loss: 0.9545
2026-09-30 08:25:56 - train: epoch 66, iter:0, loss: 0.5891, lr: 0.0008896872509212002
2026-09-30 08:25:58 - train: epoch 66, iter:20, loss: 0.6925, lr: 0.0008896872509212002
2026-09-30 08:26:01 - val epoch: 66, loss: 0.8330
2026-09-30 08:26:02 - train: epoch 67, iter:0, loss: 0.6729, lr: 0.0008864040551740152
2026-09-30 08:26:04 - train: epoch 67, iter:20, loss: 0.6431, lr: 0.0008864040551740152
2026-09-30 08:26:06 - val epoch: 67, loss: 0.9019
2026-09-30 08:26:07 - train: epoch 68, iter:0, loss: 0.7625, lr: 0.0008830790341741476
2026-09-30 08:26:09 - train: epoch 68, iter:20, loss: 0.6719, lr: 0.0008830790341741476
2026-09-30 08:26:12 - val epoch: 68, loss: 0.8787
2026-09-30 08:26:13 - train: epoch 69, iter:0, loss: 0.6012, lr: 0.000879712552547619
2026-09-30 08:26:15 - train: epoch 69, iter:20, loss: 0.6581, lr: 0.000879712552547619
2026-09-30 08:26:18 - val epoch: 69, loss: 0.8126
2026-09-30 08:26:19 - train: epoch 70, iter:0, loss: 0.5809, lr: 0.0008763049794670771
2026-09-30 08:26:21 - train: epoch 70, iter:20, loss: 0.6501, lr: 0.0008763049794670771
2026-09-30 08:26:24 - val epoch: 70, loss: 0.8542, miou: 0.776364623206171, f1_or_dsc: 0.8741050267088812, accuracy: 0.9358685181872679,                 specificity: 0.9426993854280868, sensitivity: 0.9146367793981981, confusion_matrix: [[37767834  2295663]
 [ 1100297 11789294]]
2026-09-30 08:26:25 - train: epoch 71, iter:0, loss: 0.7638, lr: 0.0008728566886113098
2026-09-30 08:26:27 - train: epoch 71, iter:20, loss: 0.6741, lr: 0.0008728566886113098
2026-09-30 08:26:29 - val epoch: 71, loss: 0.8153
2026-09-30 08:26:30 - train: epoch 72, iter:0, loss: 0.6258, lr: 0.000869368058124268
2026-09-30 08:26:32 - train: epoch 72, iter:20, loss: 0.6560, lr: 0.000869368058124268
2026-09-30 08:26:35 - val epoch: 72, loss: 0.9012
2026-09-30 08:26:36 - train: epoch 73, iter:0, loss: 0.6735, lr: 0.0008658394705735983
2026-09-30 08:26:38 - train: epoch 73, iter:20, loss: 0.6629, lr: 0.0008658394705735983
2026-09-30 08:26:41 - val epoch: 73, loss: 0.8679
2026-09-30 08:26:42 - train: epoch 74, iter:0, loss: 0.5284, lr: 0.0008622713129086888
2026-09-30 08:26:44 - train: epoch 74, iter:20, loss: 0.6821, lr: 0.0008622713129086888
2026-09-30 08:26:46 - val epoch: 74, loss: 1.0101
2026-09-30 08:26:47 - train: epoch 75, iter:0, loss: 0.9074, lr: 0.0008586639764182372
2026-09-30 08:26:49 - train: epoch 75, iter:20, loss: 0.7111, lr: 0.0008586639764182372
2026-09-30 08:26:52 - val epoch: 75, loss: 0.8161
2026-09-30 08:26:53 - train: epoch 76, iter:0, loss: 0.7720, lr: 0.0008550178566873405
2026-09-30 08:26:55 - train: epoch 76, iter:20, loss: 0.6526, lr: 0.0008550178566873405
2026-09-30 08:26:58 - val epoch: 76, loss: 0.8290
2026-09-30 08:26:59 - train: epoch 77, iter:0, loss: 0.7601, lr: 0.0008513333535541156
2026-09-30 08:27:01 - train: epoch 77, iter:20, loss: 0.6410, lr: 0.0008513333535541156
2026-09-30 08:27:03 - val epoch: 77, loss: 0.8175
2026-09-30 08:27:04 - train: epoch 78, iter:0, loss: 0.7000, lr: 0.0008476108710658509
2026-09-30 08:27:06 - train: epoch 78, iter:20, loss: 0.6442, lr: 0.0008476108710658509
2026-09-30 08:27:09 - val epoch: 78, loss: 0.9119
2026-09-30 08:27:10 - train: epoch 79, iter:0, loss: 0.6667, lr: 0.0008438508174347005
2026-09-30 08:27:12 - train: epoch 79, iter:20, loss: 0.6562, lr: 0.0008438508174347005
2026-09-30 08:27:15 - val epoch: 79, loss: 0.9029
2026-09-30 08:27:16 - train: epoch 80, iter:0, loss: 0.6509, lr: 0.0008400536049929166
2026-09-30 08:27:18 - train: epoch 80, iter:20, loss: 0.6649, lr: 0.0008400536049929166
2026-09-30 08:27:21 - val epoch: 80, loss: 0.8632, miou: 0.7739561491946312, f1_or_dsc: 0.8725764157654112, accuracy: 0.9344266759287013,                 specificity: 0.9383071327997154, sensitivity: 0.9223654187320606, confusion_matrix: [[37591865  2471632]
 [ 1000678 11888913]]
2026-09-30 08:27:22 - train: epoch 81, iter:0, loss: 0.7867, lr: 0.0008362196501476343
2026-09-30 08:27:24 - train: epoch 81, iter:20, loss: 0.6247, lr: 0.0008362196501476343
2026-09-30 08:27:27 - val epoch: 81, loss: 0.8528
2026-09-30 08:27:28 - train: epoch 82, iter:0, loss: 0.8185, lr: 0.0008323493733352072
2026-09-30 08:27:30 - train: epoch 82, iter:20, loss: 0.6346, lr: 0.0008323493733352072
2026-09-30 08:27:32 - val epoch: 82, loss: 0.8686
2026-09-30 08:27:33 - train: epoch 83, iter:0, loss: 0.6419, lr: 0.0008284431989751018
2026-09-30 08:27:35 - train: epoch 83, iter:20, loss: 0.6299, lr: 0.0008284431989751018
2026-09-30 08:27:38 - val epoch: 83, loss: 0.8775
2026-09-30 08:27:39 - train: epoch 84, iter:0, loss: 0.6230, lr: 0.000824501555423355
2026-09-30 08:27:41 - train: epoch 84, iter:20, loss: 0.6565, lr: 0.000824501555423355
2026-09-30 08:27:43 - val epoch: 84, loss: 0.8385
2026-09-30 08:27:44 - train: epoch 85, iter:0, loss: 0.5045, lr: 0.0008205248749256009
2026-09-30 08:27:46 - train: epoch 85, iter:20, loss: 0.6678, lr: 0.0008205248749256009
2026-09-30 08:27:49 - val epoch: 85, loss: 0.9478
2026-09-30 08:27:50 - train: epoch 86, iter:0, loss: 0.9243, lr: 0.000816513593569669
2026-09-30 08:27:52 - train: epoch 86, iter:20, loss: 0.7095, lr: 0.000816513593569669
2026-09-30 08:27:55 - val epoch: 86, loss: 0.9182
2026-09-30 08:27:56 - train: epoch 87, iter:0, loss: 0.5744, lr: 0.0008124681512377632
2026-09-30 08:27:57 - train: epoch 87, iter:20, loss: 0.6279, lr: 0.0008124681512377632
2026-09-30 08:28:00 - val epoch: 87, loss: 0.8643
2026-09-30 08:28:01 - train: epoch 88, iter:0, loss: 0.5555, lr: 0.000808388991558223
2026-09-30 08:28:03 - train: epoch 88, iter:20, loss: 0.6354, lr: 0.000808388991558223
2026-09-30 08:28:06 - val epoch: 88, loss: 0.8241
2026-09-30 08:28:07 - train: epoch 89, iter:0, loss: 0.6119, lr: 0.0008042765618568752
2026-09-30 08:28:09 - train: epoch 89, iter:20, loss: 0.6547, lr: 0.0008042765618568752
2026-09-30 08:28:11 - val epoch: 89, loss: 0.8177
2026-09-30 08:28:12 - train: epoch 90, iter:0, loss: 0.6201, lr: 0.0008001313131079794
2026-09-30 08:28:14 - train: epoch 90, iter:20, loss: 0.6535, lr: 0.0008001313131079794
2026-09-30 08:28:17 - val epoch: 90, loss: 0.8143, miou: 0.7881939998457915, f1_or_dsc: 0.8815531199788871, accuracy: 0.9423654764005454,                 specificity: 0.9620734056240772, sensitivity: 0.8811091833712955, confusion_matrix: [[38544025  1519472]
 [ 1532454 11357137]]
2026-09-30 08:28:18 - train: epoch 91, iter:0, loss: 0.5460, lr: 0.0007959536998847737
2026-09-30 08:28:20 - train: epoch 91, iter:20, loss: 0.6337, lr: 0.0007959536998847737
2026-09-30 08:28:22 - val epoch: 91, loss: 0.8131
2026-09-30 08:28:23 - train: epoch 92, iter:0, loss: 0.6237, lr: 0.0007917441803096255
2026-09-30 08:28:25 - train: epoch 92, iter:20, loss: 0.6352, lr: 0.0007917441803096255
2026-09-30 08:28:28 - val epoch: 92, loss: 0.9202
2026-09-30 08:28:29 - train: epoch 93, iter:0, loss: 0.6941, lr: 0.0007875032160037932
2026-09-30 08:28:31 - train: epoch 93, iter:20, loss: 0.6345, lr: 0.0007875032160037932
2026-09-30 08:28:34 - val epoch: 93, loss: 0.8371
2026-09-30 08:28:35 - train: epoch 94, iter:0, loss: 0.6553, lr: 0.0007832312720368042
2026-09-30 08:28:37 - train: epoch 94, iter:20, loss: 0.6082, lr: 0.0007832312720368042
2026-09-30 08:28:40 - val epoch: 94, loss: 0.8103
2026-09-30 08:28:41 - train: epoch 95, iter:0, loss: 0.6473, lr: 0.0007789288168754548
2026-09-30 08:28:43 - train: epoch 95, iter:20, loss: 0.6532, lr: 0.0007789288168754548
2026-09-30 08:28:45 - val epoch: 95, loss: 0.8680
2026-09-30 08:28:46 - train: epoch 96, iter:0, loss: 0.5395, lr: 0.0007745963223324379
2026-09-30 08:28:48 - train: epoch 96, iter:20, loss: 0.6190, lr: 0.0007745963223324379
2026-09-30 08:28:51 - val epoch: 96, loss: 0.8281
2026-09-30 08:28:52 - train: epoch 97, iter:0, loss: 0.5598, lr: 0.0007702342635146028
2026-09-30 08:28:54 - train: epoch 97, iter:20, loss: 0.6367, lr: 0.0007702342635146028
2026-09-30 08:28:57 - val epoch: 97, loss: 0.7918
2026-09-30 08:28:58 - train: epoch 98, iter:0, loss: 0.5694, lr: 0.000765843118770855
2026-09-30 08:29:00 - train: epoch 98, iter:20, loss: 0.6167, lr: 0.000765843118770855
2026-09-30 08:29:03 - val epoch: 98, loss: 0.8198
2026-09-30 08:29:04 - train: epoch 99, iter:0, loss: 0.5943, lr: 0.0007614233696396991
2026-09-30 08:29:05 - train: epoch 99, iter:20, loss: 0.6169, lr: 0.0007614233696396991
2026-09-30 08:29:08 - val epoch: 99, loss: 0.8530
2026-09-30 08:29:09 - train: epoch 100, iter:0, loss: 0.5336, lr: 0.0007569755007964334
2026-09-30 08:29:11 - train: epoch 100, iter:20, loss: 0.6110, lr: 0.0007569755007964334
2026-09-30 08:29:14 - val epoch: 100, loss: 0.8145, miou: 0.7842473056682708, f1_or_dsc: 0.8790791536317207, accuracy: 0.9420329745453183,                 specificity: 0.9666155203575963, sensitivity: 0.8656253716661763, confusion_matrix: [[38725998  1337499]
 [ 1732034 11157557]]
2026-09-30 08:29:15 - train: epoch 101, iter:0, loss: 0.5767, lr: 0.0007524999999999996
2026-09-30 08:29:17 - train: epoch 101, iter:20, loss: 0.6075, lr: 0.0007524999999999996
2026-09-30 08:29:20 - val epoch: 101, loss: 0.8014
2026-09-30 08:29:21 - train: epoch 102, iter:0, loss: 0.5953, lr: 0.0007479973580394943
2026-09-30 08:29:23 - train: epoch 102, iter:20, loss: 0.6072, lr: 0.0007479973580394943
2026-09-30 08:29:25 - val epoch: 102, loss: 0.8071
2026-09-30 08:29:26 - train: epoch 103, iter:0, loss: 0.6836, lr: 0.0007434680686803487
2026-09-30 08:29:28 - train: epoch 103, iter:20, loss: 0.6313, lr: 0.0007434680686803487
2026-09-30 08:29:31 - val epoch: 103, loss: 0.7833
2026-09-30 08:29:32 - train: epoch 104, iter:0, loss: 0.5186, lr: 0.0007389126286101815
2026-09-30 08:29:34 - train: epoch 104, iter:20, loss: 0.6043, lr: 0.0007389126286101815
2026-09-30 08:29:36 - val epoch: 104, loss: 0.8304
2026-09-30 08:29:37 - train: epoch 105, iter:0, loss: 0.6846, lr: 0.0007343315373843313
2026-09-30 08:29:39 - train: epoch 105, iter:20, loss: 0.6195, lr: 0.0007343315373843313
2026-09-30 08:29:42 - val epoch: 105, loss: 0.8869
2026-09-30 08:29:43 - train: epoch 106, iter:0, loss: 0.4863, lr: 0.0007297252973710753
2026-09-30 08:29:45 - train: epoch 106, iter:20, loss: 0.6211, lr: 0.0007297252973710753
2026-09-30 08:29:48 - val epoch: 106, loss: 0.8265
2026-09-30 08:29:49 - train: epoch 107, iter:0, loss: 0.6102, lr: 0.0007250944136965387
2026-09-30 08:29:51 - train: epoch 107, iter:20, loss: 0.6009, lr: 0.0007250944136965387
2026-09-30 08:29:53 - val epoch: 107, loss: 0.8269
2026-09-30 08:29:54 - train: epoch 108, iter:0, loss: 0.5790, lr: 0.0007204393941893019
2026-09-30 08:29:56 - train: epoch 108, iter:20, loss: 0.5977, lr: 0.0007204393941893019
2026-09-30 08:29:59 - val epoch: 108, loss: 0.8809
2026-09-30 08:30:00 - train: epoch 109, iter:0, loss: 0.6234, lr: 0.0007157607493247106
2026-09-30 08:30:02 - train: epoch 109, iter:20, loss: 0.6081, lr: 0.0007157607493247106
2026-09-30 08:30:05 - val epoch: 109, loss: 0.8187
2026-09-30 08:30:06 - train: epoch 110, iter:0, loss: 0.5755, lr: 0.0007110589921688983
2026-09-30 08:30:08 - train: epoch 110, iter:20, loss: 0.6351, lr: 0.0007110589921688983
2026-09-30 08:30:10 - val epoch: 110, loss: 0.8168, miou: 0.7843982889115733, f1_or_dsc: 0.8791739980764401, accuracy: 0.9397640039425085,                 specificity: 0.952457095794708, sensitivity: 0.9003112666647064, confusion_matrix: [[38158762  1904735]
 [ 1284947 11604644]]
2026-09-30 08:30:11 - train: epoch 111, iter:0, loss: 0.5273, lr: 0.0007063346383225208
2026-09-30 08:30:13 - train: epoch 111, iter:20, loss: 0.6119, lr: 0.0007063346383225208
2026-09-30 08:30:16 - val epoch: 111, loss: 0.8261
2026-09-30 08:30:17 - train: epoch 112, iter:0, loss: 0.5366, lr: 0.0007015882058642161
2026-09-30 08:30:19 - train: epoch 112, iter:20, loss: 0.6023, lr: 0.0007015882058642161
2026-09-30 08:30:22 - val epoch: 112, loss: 0.8550
2026-09-30 08:30:23 - train: epoch 113, iter:0, loss: 0.6500, lr: 0.0006968202152937907
2026-09-30 08:30:25 - train: epoch 113, iter:20, loss: 0.6105, lr: 0.0006968202152937907
2026-09-30 08:30:27 - val epoch: 113, loss: 0.8764
2026-09-30 08:30:28 - train: epoch 114, iter:0, loss: 0.7200, lr: 0.000692031189475141
2026-09-30 08:30:30 - train: epoch 114, iter:20, loss: 0.6090, lr: 0.000692031189475141
2026-09-30 08:30:57 - val epoch: 114, loss: 0.8672
2026-09-30 08:30:58 - train: epoch 115, iter:0, loss: 0.8591, lr: 0.0006872216535789155
2026-09-30 08:31:00 - train: epoch 115, iter:20, loss: 0.5971, lr: 0.0006872216535789155
2026-09-30 08:31:03 - val epoch: 115, loss: 0.8676
2026-09-30 08:31:04 - train: epoch 116, iter:0, loss: 0.6177, lr: 0.0006823921350249233
2026-09-30 08:31:06 - train: epoch 116, iter:20, loss: 0.5983, lr: 0.0006823921350249233
2026-09-30 08:31:09 - val epoch: 116, loss: 0.8983
2026-09-30 08:31:28 - train: epoch 117, iter:0, loss: 0.6112, lr: 0.0006775431634242984
2026-09-30 08:31:30 - train: epoch 117, iter:20, loss: 0.6560, lr: 0.0006775431634242984
2026-09-30 08:31:32 - val epoch: 117, loss: 0.8523
2026-09-30 08:31:33 - train: epoch 118, iter:0, loss: 0.6287, lr: 0.0006726752705214191
2026-09-30 08:31:35 - train: epoch 118, iter:20, loss: 0.6146, lr: 0.0006726752705214191
2026-09-30 08:31:38 - val epoch: 118, loss: 0.8421
2026-09-30 08:31:39 - train: epoch 119, iter:0, loss: 0.6258, lr: 0.0006677889901355985
2026-09-30 08:31:41 - train: epoch 119, iter:20, loss: 0.5803, lr: 0.0006677889901355985
2026-09-30 08:31:44 - val epoch: 119, loss: 0.8120
2026-09-30 08:31:45 - train: epoch 120, iter:0, loss: 0.6270, lr: 0.0006628848581025445
2026-09-30 08:31:47 - train: epoch 120, iter:20, loss: 0.6185, lr: 0.0006628848581025445
2026-09-30 08:31:49 - val epoch: 120, loss: 0.8300, miou: 0.784020062147965, f1_or_dsc: 0.8789363738477276, accuracy: 0.9425431997469156,                 specificity: 0.9701115706399769, sensitivity: 0.8568550390776558, confusion_matrix: [[38866062  1197435]
 [ 1845080 11044511]]
2026-09-30 08:31:50 - train: epoch 121, iter:0, loss: 0.5987, lr: 0.0006579634122155989
2026-09-30 08:31:53 - train: epoch 121, iter:20, loss: 0.5881, lr: 0.0006579634122155989
2026-09-30 08:31:55 - val epoch: 121, loss: 0.8152
2026-09-30 08:31:56 - train: epoch 122, iter:0, loss: 0.5501, lr: 0.0006530251921667629
2026-09-30 08:31:58 - train: epoch 122, iter:20, loss: 0.5770, lr: 0.0006530251921667629
2026-09-30 08:32:01 - val epoch: 122, loss: 0.8568
2026-09-30 08:32:09 - train: epoch 123, iter:0, loss: 0.6962, lr: 0.0006480707394875134
2026-09-30 08:32:11 - train: epoch 123, iter:20, loss: 0.5876, lr: 0.0006480707394875134
2026-09-30 08:32:14 - val epoch: 123, loss: 0.8435
2026-09-30 08:32:32 - train: epoch 124, iter:0, loss: 0.6371, lr: 0.0006431005974894185
2026-09-30 08:32:34 - train: epoch 124, iter:20, loss: 0.5930, lr: 0.0006431005974894185
2026-09-30 08:32:37 - val epoch: 124, loss: 0.8569
2026-09-30 08:32:37 - train: epoch 125, iter:0, loss: 0.5221, lr: 0.0006381153112045565
2026-09-30 08:32:40 - train: epoch 125, iter:20, loss: 0.5971, lr: 0.0006381153112045565
2026-09-30 08:32:42 - val epoch: 125, loss: 0.8462
2026-09-30 08:32:43 - train: epoch 126, iter:0, loss: 0.5090, lr: 0.0006331154273257479
2026-09-30 08:32:45 - train: epoch 126, iter:20, loss: 0.5812, lr: 0.0006331154273257479
2026-09-30 08:32:48 - val epoch: 126, loss: 0.8603
2026-09-30 08:32:49 - train: epoch 127, iter:0, loss: 0.6512, lr: 0.000628101494146603
2026-09-30 08:32:51 - train: epoch 127, iter:20, loss: 0.5813, lr: 0.000628101494146603
2026-09-30 08:32:54 - val epoch: 127, loss: 0.8654
2026-09-30 08:32:55 - train: epoch 128, iter:0, loss: 0.6374, lr: 0.0006230740615013976
2026-09-30 08:32:57 - train: epoch 128, iter:20, loss: 0.5850, lr: 0.0006230740615013976
2026-09-30 08:32:59 - val epoch: 128, loss: 0.8364
2026-09-30 08:33:00 - train: epoch 129, iter:0, loss: 0.5338, lr: 0.0006180336807047746
2026-09-30 08:33:02 - train: epoch 129, iter:20, loss: 0.5838, lr: 0.0006180336807047746
2026-09-30 08:33:05 - val epoch: 129, loss: 0.8288
2026-09-30 08:33:32 - train: epoch 130, iter:0, loss: 0.5270, lr: 0.0006129809044912887
2026-09-30 08:33:34 - train: epoch 130, iter:20, loss: 0.6046, lr: 0.0006129809044912887
2026-09-30 08:33:37 - val epoch: 130, loss: 0.7929, miou: 0.7936360017781958, f1_or_dsc: 0.8849465565938592, accuracy: 0.9433512923741104,                 specificity: 0.9589029634632243, sensitivity: 0.8950135035316481, confusion_matrix: [[38417006  1646491]
 [ 1353233 11536358]]
2026-09-30 08:33:38 - train: epoch 131, iter:0, loss: 0.5453, lr: 0.0006079162869547909
2026-09-30 08:33:40 - train: epoch 131, iter:20, loss: 0.5780, lr: 0.0006079162869547909
2026-09-30 08:33:42 - val epoch: 131, loss: 0.8060
2026-09-30 08:33:43 - train: epoch 132, iter:0, loss: 0.5671, lr: 0.0006028403834876673
2026-09-30 08:33:45 - train: epoch 132, iter:20, loss: 0.5581, lr: 0.0006028403834876673
2026-09-30 08:33:48 - val epoch: 132, loss: 0.8308
2026-09-30 08:33:49 - train: epoch 133, iter:0, loss: 0.7605, lr: 0.0005977537507199337
2026-09-30 08:33:51 - train: epoch 133, iter:20, loss: 0.5861, lr: 0.0005977537507199337
2026-09-30 08:33:54 - val epoch: 133, loss: 0.8086
2026-09-30 08:33:55 - train: epoch 134, iter:0, loss: 0.4393, lr: 0.0005926569464581937
2026-09-30 08:33:57 - train: epoch 134, iter:20, loss: 0.5669, lr: 0.0005926569464581937
2026-09-30 08:34:00 - val epoch: 134, loss: 0.8243
2026-09-30 08:34:01 - train: epoch 135, iter:0, loss: 0.7287, lr: 0.0005875505296244705
2026-09-30 08:34:03 - train: epoch 135, iter:20, loss: 0.6043, lr: 0.0005875505296244705
2026-09-30 08:34:06 - val epoch: 135, loss: 0.8090
2026-09-30 08:34:07 - train: epoch 136, iter:0, loss: 0.5068, lr: 0.0005824350601949142
2026-09-30 08:34:09 - train: epoch 136, iter:20, loss: 0.5859, lr: 0.0005824350601949142
2026-09-30 08:34:11 - val epoch: 136, loss: 0.8116
2026-09-30 08:34:12 - train: epoch 137, iter:0, loss: 0.5597, lr: 0.0005773110991383937
2026-09-30 08:34:14 - train: epoch 137, iter:20, loss: 0.5683, lr: 0.0005773110991383937
2026-09-30 08:34:17 - val epoch: 137, loss: 0.8162
2026-09-30 08:34:18 - train: epoch 138, iter:0, loss: 0.5413, lr: 0.0005721792083549806
2026-09-30 08:34:20 - train: epoch 138, iter:20, loss: 0.5803, lr: 0.0005721792083549806
2026-09-30 08:34:23 - val epoch: 138, loss: 0.8123
2026-09-30 08:34:24 - train: epoch 139, iter:0, loss: 0.6364, lr: 0.0005670399506143306
2026-09-30 08:34:26 - train: epoch 139, iter:20, loss: 0.5514, lr: 0.0005670399506143306
2026-09-30 08:34:28 - val epoch: 139, loss: 0.8443
2026-09-30 08:34:29 - train: epoch 140, iter:0, loss: 0.6099, lr: 0.000561893889493969
2026-09-30 08:34:31 - train: epoch 140, iter:20, loss: 0.6128, lr: 0.000561893889493969
2026-09-30 08:34:34 - val epoch: 140, loss: 0.8519, miou: 0.7737368391834684, f1_or_dsc: 0.8724370178156243, accuracy: 0.9344218981147993,                 specificity: 0.9386508621551434, sensitivity: 0.9212774090349337, confusion_matrix: [[37605636  2457861]
 [ 1014702 11874889]]
2026-09-30 08:34:35 - train: epoch 141, iter:0, loss: 0.7181, lr: 0.0005567415893174885
2026-09-30 08:34:37 - train: epoch 141, iter:20, loss: 0.5843, lr: 0.0005567415893174885
2026-09-30 08:34:40 - val epoch: 141, loss: 0.7993
2026-09-30 08:34:41 - train: epoch 142, iter:0, loss: 0.5404, lr: 0.0005515836150926646
2026-09-30 08:34:43 - train: epoch 142, iter:20, loss: 0.5887, lr: 0.0005515836150926646
2026-09-30 08:34:46 - val epoch: 142, loss: 0.8201
2026-09-30 08:34:47 - train: epoch 143, iter:0, loss: 0.4221, lr: 0.0005464205324494961
2026-09-30 08:34:49 - train: epoch 143, iter:20, loss: 0.5832, lr: 0.0005464205324494961
2026-09-30 08:34:51 - val epoch: 143, loss: 0.8353
2026-09-30 08:34:52 - train: epoch 144, iter:0, loss: 0.5665, lr: 0.0005412529075781776
2026-09-30 08:34:55 - train: epoch 144, iter:20, loss: 0.5951, lr: 0.0005412529075781776
2026-09-30 08:34:57 - val epoch: 144, loss: 0.8587
2026-09-30 08:34:58 - train: epoch 145, iter:0, loss: 0.5920, lr: 0.0005360813071670101
2026-09-30 08:35:00 - train: epoch 145, iter:20, loss: 0.5484, lr: 0.0005360813071670101
2026-09-30 08:35:03 - val epoch: 145, loss: 0.8013
2026-09-30 08:35:04 - train: epoch 146, iter:0, loss: 0.4893, lr: 0.0005309062983402573
2026-09-30 08:35:06 - train: epoch 146, iter:20, loss: 0.5982, lr: 0.0005309062983402573
2026-09-30 08:35:08 - val epoch: 146, loss: 0.8067
2026-09-30 08:35:09 - train: epoch 147, iter:0, loss: 0.5305, lr: 0.0005257284485959538
2026-09-30 08:35:12 - train: epoch 147, iter:20, loss: 0.5832, lr: 0.0005257284485959538
2026-09-30 08:35:14 - val epoch: 147, loss: 0.8167
2026-09-30 08:35:15 - train: epoch 148, iter:0, loss: 0.5563, lr: 0.0005205483257436734
2026-09-30 08:35:17 - train: epoch 148, iter:20, loss: 0.5760, lr: 0.0005205483257436734
2026-09-30 08:35:20 - val epoch: 148, loss: 0.7988
2026-09-30 08:35:21 - train: epoch 149, iter:0, loss: 0.4806, lr: 0.0005153664978422616
2026-09-30 08:35:23 - train: epoch 149, iter:20, loss: 0.5517, lr: 0.0005153664978422616
2026-09-30 08:35:26 - val epoch: 149, loss: 0.7950
2026-09-30 08:35:27 - train: epoch 150, iter:0, loss: 0.4924, lr: 0.0005101835331375416
2026-09-30 08:35:29 - train: epoch 150, iter:20, loss: 0.5554, lr: 0.0005101835331375416
2026-09-30 08:35:31 - val epoch: 150, loss: 0.8564, miou: 0.7818790640385185, f1_or_dsc: 0.8775893716001556, accuracy: 0.9418908676298539,                 specificity: 0.9696100417794283, sensitivity: 0.855733979456757, confusion_matrix: [[38845969  1217528]
 [ 1859530 11030061]]
2026-09-30 08:35:32 - train: epoch 151, iter:0, loss: 0.6406, lr: 0.0005049999999999999
2026-09-30 08:35:34 - train: epoch 151, iter:20, loss: 0.5569, lr: 0.0005049999999999999
2026-09-30 08:35:37 - val epoch: 151, loss: 0.8191
2026-09-30 08:35:38 - train: epoch 152, iter:0, loss: 0.6826, lr: 0.0004998164668624582
2026-09-30 08:35:40 - train: epoch 152, iter:20, loss: 0.5583, lr: 0.0004998164668624582
2026-09-30 08:35:43 - val epoch: 152, loss: 0.8109
2026-09-30 08:35:44 - train: epoch 153, iter:0, loss: 0.6870, lr: 0.0004946335021577383
2026-09-30 08:35:46 - train: epoch 153, iter:20, loss: 0.5841, lr: 0.0004946335021577383
2026-09-30 08:35:48 - val epoch: 153, loss: 0.8075
2026-09-30 08:35:49 - train: epoch 154, iter:0, loss: 0.6275, lr: 0.0004894516742563263
2026-09-30 08:35:51 - train: epoch 154, iter:20, loss: 0.5886, lr: 0.0004894516742563263
2026-09-30 08:35:54 - val epoch: 154, loss: 0.7967
2026-09-30 08:35:55 - train: epoch 155, iter:0, loss: 0.6325, lr: 0.000484271551404046
2026-09-30 08:35:57 - train: epoch 155, iter:20, loss: 0.5955, lr: 0.000484271551404046
2026-09-30 08:36:00 - val epoch: 155, loss: 0.8352
2026-09-30 08:36:01 - train: epoch 156, iter:0, loss: 0.5817, lr: 0.0004790937016597426
2026-09-30 08:36:03 - train: epoch 156, iter:20, loss: 0.5805, lr: 0.0004790937016597426
2026-09-30 08:36:05 - val epoch: 156, loss: 0.7971
2026-09-30 08:36:06 - train: epoch 157, iter:0, loss: 0.5091, lr: 0.0004739186928329898
2026-09-30 08:36:08 - train: epoch 157, iter:20, loss: 0.5594, lr: 0.0004739186928329898
2026-09-30 08:36:11 - val epoch: 157, loss: 0.8136
2026-09-30 08:36:12 - train: epoch 158, iter:0, loss: 0.5081, lr: 0.0004687470924218222
2026-09-30 08:36:14 - train: epoch 158, iter:20, loss: 0.5735, lr: 0.0004687470924218222
2026-09-30 08:36:16 - val epoch: 158, loss: 0.7853
2026-09-30 08:36:17 - train: epoch 159, iter:0, loss: 0.5617, lr: 0.00046357946755050356
2026-09-30 08:36:19 - train: epoch 159, iter:20, loss: 0.5473, lr: 0.00046357946755050356
2026-09-30 08:36:22 - val epoch: 159, loss: 0.8403
2026-09-30 08:36:23 - train: epoch 160, iter:0, loss: 0.4630, lr: 0.00045841638490733513
2026-09-30 08:36:25 - train: epoch 160, iter:20, loss: 0.5702, lr: 0.00045841638490733513
2026-09-30 08:36:28 - val epoch: 160, loss: 0.8026, miou: 0.7902664084725236, f1_or_dsc: 0.8828478317333656, accuracy: 0.9424620713337813,                 specificity: 0.9591283307096232, sensitivity: 0.8906599131035268, confusion_matrix: [[38426035  1637462]
 [ 1409349 11480242]]
2026-09-30 08:36:28 - train: epoch 161, iter:0, loss: 0.6641, lr: 0.00045325841068251133
2026-09-30 08:36:30 - train: epoch 161, iter:20, loss: 0.5598, lr: 0.00045325841068251133
2026-09-30 08:36:33 - val epoch: 161, loss: 0.8470
2026-09-30 08:36:34 - train: epoch 162, iter:0, loss: 0.5066, lr: 0.0004481061105060308
2026-09-30 08:36:36 - train: epoch 162, iter:20, loss: 0.5773, lr: 0.0004481061105060308
2026-09-30 08:36:39 - val epoch: 162, loss: 0.8376
2026-09-30 08:36:40 - train: epoch 163, iter:0, loss: 0.6431, lr: 0.0004429600493856691
2026-09-30 08:36:42 - train: epoch 163, iter:20, loss: 0.5536, lr: 0.0004429600493856691
2026-09-30 08:36:45 - val epoch: 163, loss: 0.8600
2026-09-30 08:36:46 - train: epoch 164, iter:0, loss: 0.5523, lr: 0.000437820791645019
2026-09-30 08:36:48 - train: epoch 164, iter:20, loss: 0.5621, lr: 0.000437820791645019
2026-09-30 08:36:50 - val epoch: 164, loss: 0.8603
2026-09-30 08:36:51 - train: epoch 165, iter:0, loss: 0.5079, lr: 0.00043268890086160604
2026-09-30 08:36:53 - train: epoch 165, iter:20, loss: 0.5447, lr: 0.00043268890086160604
2026-09-30 08:36:56 - val epoch: 165, loss: 0.8045
2026-09-30 08:36:57 - train: epoch 166, iter:0, loss: 0.7099, lr: 0.0004275649398050855
2026-09-30 08:36:59 - train: epoch 166, iter:20, loss: 0.5861, lr: 0.0004275649398050855
2026-09-30 08:37:02 - val epoch: 166, loss: 0.8390
2026-09-30 08:37:03 - train: epoch 167, iter:0, loss: 0.6898, lr: 0.0004224494703755289
2026-09-30 08:37:05 - train: epoch 167, iter:20, loss: 0.5677, lr: 0.0004224494703755289
2026-09-30 08:37:08 - val epoch: 167, loss: 0.8255
2026-09-30 08:37:09 - train: epoch 168, iter:0, loss: 0.6731, lr: 0.00041734305354180595
2026-09-30 08:37:11 - train: epoch 168, iter:20, loss: 0.5686, lr: 0.00041734305354180595
2026-09-30 08:37:14 - val epoch: 168, loss: 0.8144
2026-09-30 08:37:14 - train: epoch 169, iter:0, loss: 0.4338, lr: 0.000412246249280066
2026-09-30 08:37:17 - train: epoch 169, iter:20, loss: 0.5484, lr: 0.000412246249280066
2026-09-30 08:37:19 - val epoch: 169, loss: 0.8096
2026-09-30 08:37:21 - train: epoch 170, iter:0, loss: 0.6181, lr: 0.0004071596165123322
2026-09-30 08:37:22 - train: epoch 170, iter:20, loss: 0.5598, lr: 0.0004071596165123322
2026-09-30 08:37:25 - val epoch: 170, loss: 0.8236, miou: 0.784361068730394, f1_or_dsc: 0.8791506186452291, accuracy: 0.9398277773715482,                 specificity: 0.9529117241063605, sensitivity: 0.8991601828172826, confusion_matrix: [[38176976  1886521]
 [ 1299784 11589807]]
2026-09-30 08:37:26 - train: epoch 171, iter:0, loss: 0.5845, lr: 0.0004020837130452088
2026-09-30 08:37:28 - train: epoch 171, iter:20, loss: 0.5554, lr: 0.0004020837130452088
2026-09-30 08:37:31 - val epoch: 171, loss: 0.8109
2026-09-30 08:37:32 - train: epoch 172, iter:0, loss: 0.4643, lr: 0.00039701909550871116
2026-09-30 08:37:34 - train: epoch 172, iter:20, loss: 0.5579, lr: 0.00039701909550871116
2026-09-30 08:37:37 - val epoch: 172, loss: 0.8109
2026-09-30 08:37:38 - train: epoch 173, iter:0, loss: 0.5378, lr: 0.0003919663192952252
2026-09-30 08:37:40 - train: epoch 173, iter:20, loss: 0.5640, lr: 0.0003919663192952252
2026-09-30 08:37:43 - val epoch: 173, loss: 0.8091
2026-09-30 08:37:44 - train: epoch 174, iter:0, loss: 0.9294, lr: 0.0003869259384986023
2026-09-30 08:37:46 - train: epoch 174, iter:20, loss: 0.5540, lr: 0.0003869259384986023
2026-09-30 08:37:49 - val epoch: 174, loss: 0.8065
2026-09-30 08:37:49 - train: epoch 175, iter:0, loss: 0.6787, lr: 0.0003818985058533967
2026-09-30 08:37:52 - train: epoch 175, iter:20, loss: 0.5488, lr: 0.0003818985058533967
2026-09-30 08:37:55 - val epoch: 175, loss: 0.8155
2026-09-30 08:37:55 - train: epoch 176, iter:0, loss: 0.6104, lr: 0.00037688457267425206
2026-09-30 08:37:57 - train: epoch 176, iter:20, loss: 0.5289, lr: 0.00037688457267425206
2026-09-30 08:38:00 - val epoch: 176, loss: 0.8328
2026-09-30 08:38:01 - train: epoch 177, iter:0, loss: 0.6481, lr: 0.0003718846887954434
2026-09-30 08:38:03 - train: epoch 177, iter:20, loss: 0.5709, lr: 0.0003718846887954434
2026-09-30 08:38:06 - val epoch: 177, loss: 0.8051
2026-09-30 08:38:07 - train: epoch 178, iter:0, loss: 0.6569, lr: 0.0003668994025105812
2026-09-30 08:38:09 - train: epoch 178, iter:20, loss: 0.5556, lr: 0.0003668994025105812
2026-09-30 08:38:12 - val epoch: 178, loss: 0.8377
2026-09-30 08:38:12 - train: epoch 179, iter:0, loss: 0.5340, lr: 0.0003619292605124862
2026-09-30 08:38:15 - train: epoch 179, iter:20, loss: 0.5835, lr: 0.0003619292605124862
2026-09-30 08:38:17 - val epoch: 179, loss: 0.8172
2026-09-30 08:38:18 - train: epoch 180, iter:0, loss: 0.4893, lr: 0.00035697480783323686
2026-09-30 08:38:20 - train: epoch 180, iter:20, loss: 0.5427, lr: 0.00035697480783323686
2026-09-30 08:38:23 - val epoch: 180, loss: 0.8257, miou: 0.7791563066870322, f1_or_dsc: 0.8758716744094278, accuracy: 0.9369836561750657,                 specificity: 0.9445820718046655, sensitivity: 0.9133662193005193, confusion_matrix: [[37843261  2220236]
 [ 1116674 11772917]]
2026-09-30 08:38:24 - train: epoch 181, iter:0, loss: 0.5126, lr: 0.00035203658778440076
2026-09-30 08:38:26 - train: epoch 181, iter:20, loss: 0.5524, lr: 0.00035203658778440076
2026-09-30 08:38:29 - val epoch: 181, loss: 0.8363
2026-09-30 08:38:30 - train: epoch 182, iter:0, loss: 0.5871, lr: 0.00034711514189745505
2026-09-30 08:38:32 - train: epoch 182, iter:20, loss: 0.5551, lr: 0.00034711514189745505
2026-09-30 08:38:35 - val epoch: 182, loss: 0.8166
2026-09-30 08:38:36 - train: epoch 183, iter:0, loss: 0.5669, lr: 0.00034221100986440094
2026-09-30 08:38:38 - train: epoch 183, iter:20, loss: 0.5395, lr: 0.00034221100986440094
2026-09-30 08:38:40 - val epoch: 183, loss: 0.8021
2026-09-30 08:38:41 - train: epoch 184, iter:0, loss: 0.5931, lr: 0.0003373247294785804
2026-09-30 08:38:44 - train: epoch 184, iter:20, loss: 0.5562, lr: 0.0003373247294785804
2026-09-30 08:38:46 - val epoch: 184, loss: 0.8174
2026-09-30 08:38:47 - train: epoch 185, iter:0, loss: 0.5268, lr: 0.0003324568365757012
2026-09-30 08:38:49 - train: epoch 185, iter:20, loss: 0.5496, lr: 0.0003324568365757012
2026-09-30 08:38:52 - val epoch: 185, loss: 0.8267
2026-09-30 08:38:53 - train: epoch 186, iter:0, loss: 0.4671, lr: 0.0003276078649750761
2026-09-30 08:38:55 - train: epoch 186, iter:20, loss: 0.5370, lr: 0.0003276078649750761
2026-09-30 08:38:58 - val epoch: 186, loss: 0.8126
2026-09-30 08:38:59 - train: epoch 187, iter:0, loss: 0.4738, lr: 0.00032277834642108417
2026-09-30 08:39:01 - train: epoch 187, iter:20, loss: 0.5408, lr: 0.00032277834642108417
2026-09-30 08:39:03 - val epoch: 187, loss: 0.8081
2026-09-30 08:39:04 - train: epoch 188, iter:0, loss: 0.5230, lr: 0.00031796881052485835
2026-09-30 08:39:06 - train: epoch 188, iter:20, loss: 0.5536, lr: 0.00031796881052485835
2026-09-30 08:39:09 - val epoch: 188, loss: 0.8122
2026-09-30 08:39:10 - train: epoch 189, iter:0, loss: 0.4964, lr: 0.00031317978470620867
2026-09-30 08:39:12 - train: epoch 189, iter:20, loss: 0.5592, lr: 0.00031317978470620867
2026-09-30 08:39:15 - val epoch: 189, loss: 0.8653
2026-09-30 08:39:16 - train: epoch 190, iter:0, loss: 0.6991, lr: 0.00030841179413578315
2026-09-30 08:39:18 - train: epoch 190, iter:20, loss: 0.5604, lr: 0.00030841179413578315
2026-09-30 08:39:21 - val epoch: 190, loss: 0.8147, miou: 0.7868763264209166, f1_or_dsc: 0.8807283579575054, accuracy: 0.9412805349519937,                 specificity: 0.9575685567338268, sensitivity: 0.8906540168729946, confusion_matrix: [[38363545  1699952]
 [ 1409425 11480166]]
2026-09-30 08:39:22 - train: epoch 191, iter:0, loss: 0.5345, lr: 0.0003036653616774785
2026-09-30 08:39:24 - train: epoch 191, iter:20, loss: 0.5462, lr: 0.0003036653616774785
2026-09-30 08:39:26 - val epoch: 191, loss: 0.8187
2026-09-30 08:39:27 - train: epoch 192, iter:0, loss: 0.5732, lr: 0.0002989410078311011
2026-09-30 08:39:29 - train: epoch 192, iter:20, loss: 0.5533, lr: 0.0002989410078311011
2026-09-30 08:39:32 - val epoch: 192, loss: 0.7994
2026-09-30 08:39:33 - train: epoch 193, iter:0, loss: 0.6440, lr: 0.00029423925067528865
2026-09-30 08:39:34 - train: epoch 193, iter:20, loss: 0.5448, lr: 0.00029423925067528865
2026-09-30 08:39:37 - val epoch: 193, loss: 0.8050
2026-09-30 08:39:38 - train: epoch 194, iter:0, loss: 0.5978, lr: 0.0002895606058106975
2026-09-30 08:39:40 - train: epoch 194, iter:20, loss: 0.5321, lr: 0.0002895606058106975
2026-09-30 08:39:43 - val epoch: 194, loss: 0.8218
2026-09-30 08:39:44 - train: epoch 195, iter:0, loss: 0.4393, lr: 0.0002849055863034606
2026-09-30 08:39:46 - train: epoch 195, iter:20, loss: 0.5276, lr: 0.0002849055863034606
2026-09-30 08:39:48 - val epoch: 195, loss: 0.8245
2026-09-30 08:39:49 - train: epoch 196, iter:0, loss: 0.5987, lr: 0.00028027470262892396
2026-09-30 08:39:51 - train: epoch 196, iter:20, loss: 0.5134, lr: 0.00028027470262892396
2026-09-30 08:39:54 - val epoch: 196, loss: 0.8195
2026-09-30 08:39:55 - train: epoch 197, iter:0, loss: 0.4465, lr: 0.0002756684626156682
2026-09-30 08:39:57 - train: epoch 197, iter:20, loss: 0.5380, lr: 0.0002756684626156682
2026-09-30 08:39:59 - val epoch: 197, loss: 0.8191
2026-09-30 08:40:00 - train: epoch 198, iter:0, loss: 0.6344, lr: 0.000271087371389818
2026-09-30 08:40:02 - train: epoch 198, iter:20, loss: 0.5351, lr: 0.000271087371389818
2026-09-30 08:40:05 - val epoch: 198, loss: 0.8335
2026-09-30 08:40:06 - train: epoch 199, iter:0, loss: 0.5092, lr: 0.0002665319313196505
2026-09-30 08:40:08 - train: epoch 199, iter:20, loss: 0.5421, lr: 0.0002665319313196505
2026-09-30 08:40:11 - val epoch: 199, loss: 0.8189
2026-09-30 08:40:12 - train: epoch 200, iter:0, loss: 0.5201, lr: 0.00026200264196050494
2026-09-30 08:40:14 - train: epoch 200, iter:20, loss: 0.5568, lr: 0.00026200264196050494
2026-09-30 08:40:17 - val epoch: 200, loss: 0.8245, miou: 0.7822166569565154, f1_or_dsc: 0.8778019820466765, accuracy: 0.938994303788289,                 specificity: 0.9514849390206751, sensitivity: 0.9001708432796666, confusion_matrix: [[38119814  1943683]
 [ 1286757 11602834]]
2026-09-30 08:40:18 - train: epoch 201, iter:0, loss: 0.6409, lr: 0.00025749999999999954
2026-09-30 08:40:20 - train: epoch 201, iter:20, loss: 0.5442, lr: 0.00025749999999999954
2026-09-30 08:40:23 - val epoch: 201, loss: 0.8111
2026-09-30 08:40:24 - train: epoch 202, iter:0, loss: 0.5282, lr: 0.0002530244992035658
2026-09-30 08:40:26 - train: epoch 202, iter:20, loss: 0.5380, lr: 0.0002530244992035658
2026-09-30 08:40:28 - val epoch: 202, loss: 0.8136
2026-09-30 08:40:29 - train: epoch 203, iter:0, loss: 0.4972, lr: 0.0002485766303603003
2026-09-30 08:40:31 - train: epoch 203, iter:20, loss: 0.5229, lr: 0.0002485766303603003
2026-09-30 08:40:34 - val epoch: 203, loss: 0.8239
2026-09-30 08:40:35 - train: epoch 204, iter:0, loss: 0.5315, lr: 0.0002441568812291443
2026-09-30 08:40:37 - train: epoch 204, iter:20, loss: 0.5499, lr: 0.0002441568812291443
2026-09-30 08:40:40 - val epoch: 204, loss: 0.8125
2026-09-30 08:40:41 - train: epoch 205, iter:0, loss: 0.4923, lr: 0.00023976573648539645
2026-09-30 08:40:43 - train: epoch 205, iter:20, loss: 0.5112, lr: 0.00023976573648539645
2026-09-30 08:40:46 - val epoch: 205, loss: 0.8014
2026-09-30 08:40:46 - train: epoch 206, iter:0, loss: 0.5489, lr: 0.00023540367766756144
2026-09-30 08:40:48 - train: epoch 206, iter:20, loss: 0.5226, lr: 0.00023540367766756144
2026-09-30 08:40:51 - val epoch: 206, loss: 0.8554
2026-09-30 08:40:52 - train: epoch 207, iter:0, loss: 0.4986, lr: 0.0002310711831245444
2026-09-30 08:40:54 - train: epoch 207, iter:20, loss: 0.5627, lr: 0.0002310711831245444
2026-09-30 08:40:57 - val epoch: 207, loss: 0.8255
2026-09-30 08:40:58 - train: epoch 208, iter:0, loss: 0.5234, lr: 0.00022676872796319514
2026-09-30 08:41:00 - train: epoch 208, iter:20, loss: 0.5367, lr: 0.00022676872796319514
2026-09-30 08:41:02 - val epoch: 208, loss: 0.8109
2026-09-30 08:41:03 - train: epoch 209, iter:0, loss: 0.4962, lr: 0.00022249678399620604
2026-09-30 08:41:05 - train: epoch 209, iter:20, loss: 0.5421, lr: 0.00022249678399620604
2026-09-30 08:41:08 - val epoch: 209, loss: 0.8286
2026-09-30 08:41:09 - train: epoch 210, iter:0, loss: 0.5882, lr: 0.0002182558196903736
2026-09-30 08:41:11 - train: epoch 210, iter:20, loss: 0.5256, lr: 0.0002182558196903736
2026-09-30 08:41:14 - val epoch: 210, loss: 0.7985, miou: 0.7894722943226555, f1_or_dsc: 0.8823520730970397, accuracy: 0.9427904941067837,                 specificity: 0.96255796142808, sensitivity: 0.8813491444375543, confusion_matrix: [[38563438  1500059]
 [ 1529361 11360230]]
2026-09-30 08:41:15 - train: epoch 211, iter:0, loss: 0.6056, lr: 0.00021404630011522552
2026-09-30 08:41:17 - train: epoch 211, iter:20, loss: 0.5483, lr: 0.00021404630011522552
2026-09-30 08:41:20 - val epoch: 211, loss: 0.8122
2026-09-30 08:41:20 - train: epoch 212, iter:0, loss: 0.5393, lr: 0.0002098686868920198
2026-09-30 08:41:23 - train: epoch 212, iter:20, loss: 0.5421, lr: 0.0002098686868920198
2026-09-30 08:41:25 - val epoch: 212, loss: 0.8074
2026-09-30 08:41:26 - train: epoch 213, iter:0, loss: 0.4712, lr: 0.00020572343814312415
2026-09-30 08:41:29 - train: epoch 213, iter:20, loss: 0.5247, lr: 0.00020572343814312415
2026-09-30 08:41:31 - val epoch: 213, loss: 0.8083
2026-09-30 08:41:32 - train: epoch 214, iter:0, loss: 0.5908, lr: 0.00020161100844177644
2026-09-30 08:41:34 - train: epoch 214, iter:20, loss: 0.5529, lr: 0.00020161100844177644
2026-09-30 08:41:37 - val epoch: 214, loss: 0.8225
2026-09-30 08:41:38 - train: epoch 215, iter:0, loss: 0.5246, lr: 0.0001975318487622361
2026-09-30 08:41:40 - train: epoch 215, iter:20, loss: 0.5228, lr: 0.0001975318487622361
2026-09-30 08:41:43 - val epoch: 215, loss: 0.8433
2026-09-30 08:41:43 - train: epoch 216, iter:0, loss: 0.4326, lr: 0.00019348640643033024
2026-09-30 08:41:45 - train: epoch 216, iter:20, loss: 0.5395, lr: 0.00019348640643033024
2026-09-30 08:41:48 - val epoch: 216, loss: 0.8107
2026-09-30 08:41:49 - train: epoch 217, iter:0, loss: 0.4836, lr: 0.00018947512507439828
2026-09-30 08:41:51 - train: epoch 217, iter:20, loss: 0.5227, lr: 0.00018947512507439828
2026-09-30 08:41:54 - val epoch: 217, loss: 0.8537
2026-09-30 08:41:55 - train: epoch 218, iter:0, loss: 0.6108, lr: 0.00018549844457664425
2026-09-30 08:41:57 - train: epoch 218, iter:20, loss: 0.5282, lr: 0.00018549844457664425
2026-09-30 08:42:00 - val epoch: 218, loss: 0.8387
2026-09-30 08:42:01 - train: epoch 219, iter:0, loss: 0.5524, lr: 0.00018155680102489765
2026-09-30 08:42:03 - train: epoch 219, iter:20, loss: 0.5433, lr: 0.00018155680102489765
2026-09-30 08:42:05 - val epoch: 219, loss: 0.8174
2026-09-30 08:42:06 - train: epoch 220, iter:0, loss: 0.5163, lr: 0.00017765062666479195
2026-09-30 08:42:08 - train: epoch 220, iter:20, loss: 0.5266, lr: 0.00017765062666479195
2026-09-30 08:42:11 - val epoch: 220, loss: 0.8209, miou: 0.7841638991964666, f1_or_dsc: 0.8790267525866097, accuracy: 0.9401826197558111,                 specificity: 0.9554216148430578, sensitivity: 0.8928166921665707, confusion_matrix: [[38277531  1785966]
 [ 1381549 11508042]]
2026-09-30 08:42:12 - train: epoch 221, iter:0, loss: 0.4559, lr: 0.00017378034985236489
2026-09-30 08:42:14 - train: epoch 221, iter:20, loss: 0.5519, lr: 0.00017378034985236489
2026-09-30 08:42:17 - val epoch: 221, loss: 0.8294
2026-09-30 08:42:18 - train: epoch 222, iter:0, loss: 0.5439, lr: 0.0001699463950070827
2026-09-30 08:42:20 - train: epoch 222, iter:20, loss: 0.5145, lr: 0.0001699463950070827
2026-09-30 08:42:22 - val epoch: 222, loss: 0.8199
2026-09-30 08:42:23 - train: epoch 223, iter:0, loss: 0.5946, lr: 0.0001661491825652988
2026-09-30 08:42:25 - train: epoch 223, iter:20, loss: 0.5356, lr: 0.0001661491825652988
2026-09-30 08:42:28 - val epoch: 223, loss: 0.8017
2026-09-30 08:42:29 - train: epoch 224, iter:0, loss: 0.5154, lr: 0.0001623891289341484
2026-09-30 08:42:31 - train: epoch 224, iter:20, loss: 0.5269, lr: 0.0001623891289341484
2026-09-30 08:42:34 - val epoch: 224, loss: 0.8193
2026-09-30 08:42:35 - train: epoch 225, iter:0, loss: 0.5439, lr: 0.0001586666464458838
2026-09-30 08:42:37 - train: epoch 225, iter:20, loss: 0.5294, lr: 0.0001586666464458838
2026-09-30 08:42:39 - val epoch: 225, loss: 0.8200
2026-09-30 08:42:40 - train: epoch 226, iter:0, loss: 0.4757, lr: 0.00015498214331265874
2026-09-30 08:42:42 - train: epoch 226, iter:20, loss: 0.5398, lr: 0.00015498214331265874
2026-09-30 08:42:45 - val epoch: 226, loss: 0.8424
2026-09-30 08:42:46 - train: epoch 227, iter:0, loss: 0.4182, lr: 0.00015133602358176218
2026-09-30 08:42:48 - train: epoch 227, iter:20, loss: 0.5361, lr: 0.00015133602358176218
2026-09-30 08:42:51 - val epoch: 227, loss: 0.8114
2026-09-30 08:42:52 - train: epoch 228, iter:0, loss: 0.4653, lr: 0.00014772868709131046
2026-09-30 08:42:54 - train: epoch 228, iter:20, loss: 0.5167, lr: 0.00014772868709131046
2026-09-30 08:42:56 - val epoch: 228, loss: 0.8064
2026-09-30 08:43:14 - train: epoch 229, iter:0, loss: 0.4831, lr: 0.00014416052942640113
2026-09-30 08:43:16 - train: epoch 229, iter:20, loss: 0.5347, lr: 0.00014416052942640113
2026-09-30 08:43:19 - val epoch: 229, loss: 0.8300
2026-09-30 08:43:20 - train: epoch 230, iter:0, loss: 0.6219, lr: 0.0001406319418757314
2026-09-30 08:43:22 - train: epoch 230, iter:20, loss: 0.5054, lr: 0.0001406319418757314
2026-09-30 08:43:24 - val epoch: 230, loss: 0.8133, miou: 0.7846658168205976, f1_or_dsc: 0.8793420139782681, accuracy: 0.9397186430373995,                 specificity: 0.9517198910519469, sensitivity: 0.9024162985466335, confusion_matrix: [[38129227  1934270]
 [ 1257814 11631777]]
2026-09-30 08:43:25 - train: epoch 231, iter:0, loss: 0.4529, lr: 0.00013714331138868954
2026-09-30 08:43:27 - train: epoch 231, iter:20, loss: 0.5125, lr: 0.00013714331138868954
2026-09-30 08:43:30 - val epoch: 231, loss: 0.7997
2026-09-30 08:43:58 - train: epoch 232, iter:0, loss: 0.5103, lr: 0.00013369502053292226
2026-09-30 08:44:00 - train: epoch 232, iter:20, loss: 0.5250, lr: 0.00013369502053292226
2026-09-30 08:44:03 - val epoch: 232, loss: 0.8054
2026-09-30 08:44:04 - train: epoch 233, iter:0, loss: 0.4409, lr: 0.0001302874474523804
2026-09-30 08:44:06 - train: epoch 233, iter:20, loss: 0.5234, lr: 0.0001302874474523804
2026-09-30 08:44:08 - val epoch: 233, loss: 0.8203
2026-09-30 08:44:09 - train: epoch 234, iter:0, loss: 0.5250, lr: 0.00012692096582585187
2026-09-30 08:44:11 - train: epoch 234, iter:20, loss: 0.5365, lr: 0.00012692096582585187
2026-09-30 08:44:14 - val epoch: 234, loss: 0.8167
2026-09-30 08:44:15 - train: epoch 235, iter:0, loss: 0.5209, lr: 0.00012359594482598416
2026-09-30 08:44:17 - train: epoch 235, iter:20, loss: 0.5282, lr: 0.00012359594482598416
2026-09-30 08:44:20 - val epoch: 235, loss: 0.8047
2026-09-30 08:44:21 - train: epoch 236, iter:0, loss: 0.5974, lr: 0.00012031274907879919
2026-09-30 08:44:23 - train: epoch 236, iter:20, loss: 0.5244, lr: 0.00012031274907879919
2026-09-30 08:44:26 - val epoch: 236, loss: 0.8201
2026-09-30 08:44:27 - train: epoch 237, iter:0, loss: 0.4232, lr: 0.00011707173862370913
2026-09-30 08:44:29 - train: epoch 237, iter:20, loss: 0.5090, lr: 0.00011707173862370913
2026-09-30 08:44:31 - val epoch: 237, loss: 0.8194
2026-09-30 08:44:32 - train: epoch 238, iter:0, loss: 0.4812, lr: 0.00011387326887403316
2026-09-30 08:44:34 - train: epoch 238, iter:20, loss: 0.5292, lr: 0.00011387326887403316
2026-09-30 08:44:37 - val epoch: 238, loss: 0.8133
2026-09-30 08:44:38 - train: epoch 239, iter:0, loss: 0.4476, lr: 0.00011071769057802265
2026-09-30 08:44:40 - train: epoch 239, iter:20, loss: 0.5173, lr: 0.00011071769057802265
2026-09-30 08:44:43 - val epoch: 239, loss: 0.8180
2026-09-30 08:44:43 - train: epoch 240, iter:0, loss: 0.4888, lr: 0.0001076053497803982
2026-09-30 08:44:45 - train: epoch 240, iter:20, loss: 0.5356, lr: 0.0001076053497803982
2026-09-30 08:44:48 - val epoch: 240, loss: 0.8018, miou: 0.7901248422574786, f1_or_dsc: 0.8827594853787664, accuracy: 0.9423267251194114,                 specificity: 0.9585205455230231, sensitivity: 0.8919930042776377, confusion_matrix: [[38401685  1661812]
 [ 1392166 11497425]]
2026-09-30 08:44:49 - train: epoch 241, iter:0, loss: 0.5572, lr: 0.00010453658778440088
2026-09-30 08:44:51 - train: epoch 241, iter:20, loss: 0.5268, lr: 0.00010453658778440088
2026-09-30 08:44:54 - val epoch: 241, loss: 0.8140
2026-09-30 08:44:55 - train: epoch 242, iter:0, loss: 0.4127, lr: 0.00010151174111436543
2026-09-30 08:44:57 - train: epoch 242, iter:20, loss: 0.5227, lr: 0.00010151174111436543
2026-09-30 08:44:59 - val epoch: 242, loss: 0.8147
2026-09-30 08:45:00 - train: epoch 243, iter:0, loss: 0.5360, lr: 9.853114147881633e-05
2026-09-30 08:45:02 - train: epoch 243, iter:20, loss: 0.5184, lr: 9.853114147881633e-05
2026-09-30 08:45:05 - val epoch: 243, loss: 0.8200
2026-09-30 08:45:06 - train: epoch 244, iter:0, loss: 0.6870, lr: 9.559511573409167e-05
2026-09-30 08:45:08 - train: epoch 244, iter:20, loss: 0.5062, lr: 9.559511573409167e-05
2026-09-30 08:45:11 - val epoch: 244, loss: 0.8221
2026-09-30 08:45:12 - train: epoch 245, iter:0, loss: 0.6121, lr: 9.270398584850061e-05
2026-09-30 08:45:41 - train: epoch 245, iter:20, loss: 0.5369, lr: 9.270398584850061e-05
2026-09-30 08:45:44 - val epoch: 245, loss: 0.8152
2026-09-30 08:45:45 - train: epoch 246, iter:0, loss: 0.6389, lr: 8.985806886701499e-05
2026-09-30 08:45:47 - train: epoch 246, iter:20, loss: 0.5243, lr: 8.985806886701499e-05
2026-09-30 08:45:50 - val epoch: 246, loss: 0.8292
2026-09-30 08:45:51 - train: epoch 247, iter:0, loss: 0.5765, lr: 8.705767687650239e-05
2026-09-30 08:45:53 - train: epoch 247, iter:20, loss: 0.5107, lr: 8.705767687650239e-05
2026-09-30 08:45:56 - val epoch: 247, loss: 0.8183
2026-09-30 08:45:56 - train: epoch 248, iter:0, loss: 0.4981, lr: 8.430311697150229e-05
2026-09-30 08:45:59 - train: epoch 248, iter:20, loss: 0.5379, lr: 8.430311697150229e-05
2026-09-30 08:46:01 - val epoch: 248, loss: 0.8158
2026-09-30 08:46:02 - train: epoch 249, iter:0, loss: 0.4927, lr: 8.159469122054909e-05
2026-09-30 08:46:04 - train: epoch 249, iter:20, loss: 0.5280, lr: 8.159469122054909e-05
2026-09-30 08:46:07 - val epoch: 249, loss: 0.8176
2026-09-30 08:46:08 - train: epoch 250, iter:0, loss: 0.6133, lr: 7.893269663304782e-05
2026-09-30 08:46:10 - train: epoch 250, iter:20, loss: 0.5388, lr: 7.893269663304782e-05
2026-09-30 08:46:13 - val epoch: 250, loss: 0.8182, miou: 0.7882291372478183, f1_or_dsc: 0.88157509664667, accuracy: 0.9424801250495533,                 specificity: 0.9627292894576827, sensitivity: 0.8795415618695737, confusion_matrix: [[38570302  1493195]
 [ 1552660 11336931]]
2026-09-30 08:46:13 - train: epoch 251, iter:0, loss: 0.5124, lr: 7.631742512670282e-05
2026-09-30 08:46:15 - train: epoch 251, iter:20, loss: 0.5288, lr: 7.631742512670282e-05
2026-09-30 08:46:18 - val epoch: 251, loss: 0.8270
2026-09-30 08:46:19 - train: epoch 252, iter:0, loss: 0.4936, lr: 7.374916349550603e-05
2026-09-30 08:46:21 - train: epoch 252, iter:20, loss: 0.5311, lr: 7.374916349550603e-05
2026-09-30 08:46:24 - val epoch: 252, loss: 0.8168
2026-09-30 08:46:25 - train: epoch 253, iter:0, loss: 0.5544, lr: 7.122819337828741e-05
2026-09-30 08:46:27 - train: epoch 253, iter:20, loss: 0.5183, lr: 7.122819337828741e-05
2026-09-30 08:46:30 - val epoch: 253, loss: 0.8150
2026-09-30 08:46:31 - train: epoch 254, iter:0, loss: 0.4828, lr: 6.875479122782878e-05
2026-09-30 08:46:33 - train: epoch 254, iter:20, loss: 0.5166, lr: 6.875479122782878e-05
2026-09-30 08:46:35 - val epoch: 254, loss: 0.8249
2026-09-30 08:46:36 - train: epoch 255, iter:0, loss: 0.4964, lr: 6.632922828054862e-05
2026-09-30 08:46:38 - train: epoch 255, iter:20, loss: 0.5357, lr: 6.632922828054862e-05
2026-09-30 08:46:41 - val epoch: 255, loss: 0.8157
2026-09-30 08:46:42 - train: epoch 256, iter:0, loss: 0.5007, lr: 6.395177052675786e-05
2026-09-30 08:46:44 - train: epoch 256, iter:20, loss: 0.5166, lr: 6.395177052675786e-05
2026-09-30 08:46:47 - val epoch: 256, loss: 0.8270
2026-09-30 08:46:48 - train: epoch 257, iter:0, loss: 0.5179, lr: 6.162267868149065e-05
2026-09-30 08:46:50 - train: epoch 257, iter:20, loss: 0.5157, lr: 6.162267868149065e-05
2026-09-30 08:46:52 - val epoch: 257, loss: 0.8223
2026-09-30 08:46:53 - train: epoch 258, iter:0, loss: 0.5130, lr: 5.934220815591413e-05
2026-09-30 08:46:55 - train: epoch 258, iter:20, loss: 0.5290, lr: 5.934220815591413e-05
2026-09-30 08:46:58 - val epoch: 258, loss: 0.8216
2026-09-30 08:46:59 - train: epoch 259, iter:0, loss: 0.5103, lr: 5.711060902932035e-05
2026-09-30 08:47:01 - train: epoch 259, iter:20, loss: 0.5243, lr: 5.711060902932035e-05
2026-09-30 08:47:04 - val epoch: 259, loss: 0.8223
2026-09-30 08:47:10 - train: epoch 260, iter:0, loss: 0.5433, lr: 5.492812602170101e-05
2026-09-30 08:47:12 - train: epoch 260, iter:20, loss: 0.5314, lr: 5.492812602170101e-05
2026-09-30 08:47:32 - val epoch: 260, loss: 0.8220, miou: 0.7823162965579177, f1_or_dsc: 0.8778647180287349, accuracy: 0.9388586554196802,                 specificity: 0.95049184049011, sensitivity: 0.9027003261779214, confusion_matrix: [[38080027  1983470]
 [ 1254153 11635438]]
2026-09-30 08:47:33 - train: epoch 261, iter:0, loss: 0.6477, lr: 5.279499846691256e-05
2026-09-30 08:47:35 - train: epoch 261, iter:20, loss: 0.5099, lr: 5.279499846691256e-05
2026-09-30 08:47:37 - val epoch: 261, loss: 0.8157
2026-09-30 08:47:38 - train: epoch 262, iter:0, loss: 0.6087, lr: 5.071146028642938e-05
2026-09-30 08:47:44 - train: epoch 262, iter:20, loss: 0.5111, lr: 5.071146028642938e-05
2026-09-30 08:47:46 - val epoch: 262, loss: 0.8225
2026-09-30 08:47:47 - train: epoch 263, iter:0, loss: 0.5386, lr: 4.867773996369213e-05
2026-09-30 08:47:49 - train: epoch 263, iter:20, loss: 0.5345, lr: 4.867773996369213e-05
2026-09-30 08:47:52 - val epoch: 263, loss: 0.8199
2026-09-30 08:47:54 - train: epoch 264, iter:0, loss: 0.5094, lr: 4.669406051905255e-05
2026-09-30 08:47:56 - train: epoch 264, iter:20, loss: 0.5148, lr: 4.669406051905255e-05
2026-09-30 08:47:59 - val epoch: 264, loss: 0.8141
2026-09-30 08:48:00 - train: epoch 265, iter:0, loss: 0.3947, lr: 4.476063948531553e-05
2026-09-30 08:48:02 - train: epoch 265, iter:20, loss: 0.5150, lr: 4.476063948531553e-05
2026-09-30 08:48:05 - val epoch: 265, loss: 0.8229
2026-09-30 08:48:06 - train: epoch 266, iter:0, loss: 0.5599, lr: 4.2877688883885086e-05
2026-09-30 08:48:08 - train: epoch 266, iter:20, loss: 0.5246, lr: 4.2877688883885086e-05
2026-09-30 08:48:11 - val epoch: 266, loss: 0.8204
2026-09-30 08:48:12 - train: epoch 267, iter:0, loss: 0.5326, lr: 4.1045415201513684e-05
2026-09-30 08:48:14 - train: epoch 267, iter:20, loss: 0.5071, lr: 4.1045415201513684e-05
2026-09-30 08:48:17 - val epoch: 267, loss: 0.8186
2026-09-30 08:48:18 - train: epoch 268, iter:0, loss: 0.5328, lr: 3.926401936765836e-05
2026-09-30 08:48:20 - train: epoch 268, iter:20, loss: 0.5126, lr: 3.926401936765836e-05
2026-09-30 08:48:23 - val epoch: 268, loss: 0.8206
2026-09-30 08:48:23 - train: epoch 269, iter:0, loss: 0.5106, lr: 3.753369673244687e-05
2026-09-30 08:48:26 - train: epoch 269, iter:20, loss: 0.5251, lr: 3.753369673244687e-05
2026-09-30 08:48:28 - val epoch: 269, loss: 0.8174
2026-09-30 08:48:29 - train: epoch 270, iter:0, loss: 0.5399, lr: 3.5854637045255115e-05
2026-09-30 08:48:31 - train: epoch 270, iter:20, loss: 0.5253, lr: 3.5854637045255115e-05
2026-09-30 08:48:34 - val epoch: 270, loss: 0.8153, miou: 0.7875806188754706, f1_or_dsc: 0.8811693420248884, accuracy: 0.9417130498602839,                 specificity: 0.9590523762815812, sensitivity: 0.8878188609708407, confusion_matrix: [[38422992  1640505]
 [ 1445969 11443622]]
2026-09-30 08:48:35 - train: epoch 271, iter:0, loss: 0.4793, lr: 3.422702443389897e-05
2026-09-30 08:48:37 - train: epoch 271, iter:20, loss: 0.5204, lr: 3.422702443389897e-05
2026-09-30 08:48:40 - val epoch: 271, loss: 0.8175
2026-09-30 08:48:41 - train: epoch 272, iter:0, loss: 0.5572, lr: 3.265103738444294e-05
2026-09-30 08:48:43 - train: epoch 272, iter:20, loss: 0.5152, lr: 3.265103738444294e-05
2026-09-30 08:48:45 - val epoch: 272, loss: 0.8192
2026-09-30 08:48:46 - train: epoch 273, iter:0, loss: 0.5273, lr: 3.112684872162669e-05
2026-09-30 08:48:48 - train: epoch 273, iter:20, loss: 0.5339, lr: 3.112684872162669e-05
2026-09-30 08:48:51 - val epoch: 273, loss: 0.8145
2026-09-30 08:48:52 - train: epoch 274, iter:0, loss: 0.5637, lr: 2.9654625589913163e-05
2026-09-30 08:48:54 - train: epoch 274, iter:20, loss: 0.5231, lr: 2.9654625589913163e-05
2026-09-30 08:48:57 - val epoch: 274, loss: 0.8168
2026-09-30 08:48:58 - train: epoch 275, iter:0, loss: 0.5577, lr: 2.823452943515922e-05
2026-09-30 08:49:01 - train: epoch 275, iter:20, loss: 0.5275, lr: 2.823452943515922e-05
2026-09-30 08:49:03 - val epoch: 275, loss: 0.8212
2026-09-30 08:49:04 - train: epoch 276, iter:0, loss: 0.5976, lr: 2.6866715986911168e-05
2026-09-30 08:49:06 - train: epoch 276, iter:20, loss: 0.5178, lr: 2.6866715986911168e-05
2026-09-30 08:49:09 - val epoch: 276, loss: 0.8201
2026-09-30 08:49:11 - train: epoch 277, iter:0, loss: 0.4823, lr: 2.5551335241327604e-05
2026-09-30 08:49:14 - train: epoch 277, iter:20, loss: 0.5128, lr: 2.5551335241327604e-05
2026-09-30 08:49:17 - val epoch: 277, loss: 0.8165
2026-09-30 08:49:18 - train: epoch 278, iter:0, loss: 0.5581, lr: 2.4288531444730185e-05
2026-09-30 08:49:20 - train: epoch 278, iter:20, loss: 0.5111, lr: 2.4288531444730185e-05
2026-09-30 08:49:22 - val epoch: 278, loss: 0.8170
2026-09-30 08:49:23 - train: epoch 279, iter:0, loss: 0.4540, lr: 2.3078443077785645e-05
2026-09-30 08:49:26 - train: epoch 279, iter:20, loss: 0.5079, lr: 2.3078443077785645e-05
2026-09-30 08:49:28 - val epoch: 279, loss: 0.8131
2026-09-30 08:49:29 - train: epoch 280, iter:0, loss: 0.4373, lr: 2.1921202840320064e-05
2026-09-30 08:49:31 - train: epoch 280, iter:20, loss: 0.5118, lr: 2.1921202840320064e-05
2026-09-30 08:49:34 - val epoch: 280, loss: 0.8174, miou: 0.7853672543065171, f1_or_dsc: 0.8797822995936756, accuracy: 0.9403161530447478,                 specificity: 0.954190194630289, sensitivity: 0.8971927813690908, confusion_matrix: [[38228196  1835301]
 [ 1325143 11564448]]
2026-09-30 08:49:35 - train: epoch 281, iter:0, loss: 0.6931, lr: 2.081693763676623e-05
2026-09-30 08:49:37 - train: epoch 281, iter:20, loss: 0.5210, lr: 2.081693763676623e-05
2026-09-30 08:49:45 - val epoch: 281, loss: 0.8217
2026-09-30 08:49:47 - train: epoch 282, iter:0, loss: 0.4150, lr: 1.9765768562247723e-05
2026-09-30 08:49:49 - train: epoch 282, iter:20, loss: 0.5170, lr: 1.9765768562247723e-05
2026-09-30 08:49:51 - val epoch: 282, loss: 0.8219
2026-09-30 08:49:52 - train: epoch 283, iter:0, loss: 0.4499, lr: 1.876781088929913e-05
2026-09-30 08:49:54 - train: epoch 283, iter:20, loss: 0.5083, lr: 1.876781088929913e-05
2026-09-30 08:49:57 - val epoch: 283, loss: 0.8186
2026-09-30 08:49:59 - train: epoch 284, iter:0, loss: 0.4478, lr: 1.7823174055225262e-05
2026-09-30 08:50:01 - train: epoch 284, iter:20, loss: 0.5012, lr: 1.7823174055225262e-05
2026-09-30 08:50:03 - val epoch: 284, loss: 0.8193
2026-09-30 08:50:04 - train: epoch 285, iter:0, loss: 0.4222, lr: 1.693196165010003e-05
2026-09-30 08:50:06 - train: epoch 285, iter:20, loss: 0.5190, lr: 1.693196165010003e-05
2026-09-30 08:50:09 - val epoch: 285, loss: 0.8202
2026-09-30 08:50:10 - train: epoch 286, iter:0, loss: 0.5967, lr: 1.6094271405406855e-05
2026-09-30 08:50:12 - train: epoch 286, iter:20, loss: 0.5255, lr: 1.6094271405406855e-05
2026-09-30 08:50:33 - val epoch: 286, loss: 0.8223
2026-09-30 08:50:35 - train: epoch 287, iter:0, loss: 0.7329, lr: 1.5310195183320773e-05
2026-09-30 08:50:37 - train: epoch 287, iter:20, loss: 0.5217, lr: 1.5310195183320773e-05
2026-09-30 08:50:40 - val epoch: 287, loss: 0.8197
2026-09-30 08:50:41 - train: epoch 288, iter:0, loss: 0.5193, lr: 1.4579818966635417e-05
2026-09-30 08:50:43 - train: epoch 288, iter:20, loss: 0.5153, lr: 1.4579818966635417e-05
2026-09-30 08:50:46 - val epoch: 288, loss: 0.8200
2026-09-30 08:50:47 - train: epoch 289, iter:0, loss: 0.5580, lr: 1.3903222849333505e-05
2026-09-30 08:50:49 - train: epoch 289, iter:20, loss: 0.5100, lr: 1.3903222849333505e-05
2026-09-30 08:50:52 - val epoch: 289, loss: 0.8211
2026-09-30 08:50:53 - train: epoch 290, iter:0, loss: 0.5184, lr: 1.3280481027803759e-05
2026-09-30 08:50:55 - train: epoch 290, iter:20, loss: 0.5296, lr: 1.3280481027803759e-05
2026-09-30 08:50:58 - val epoch: 290, loss: 0.8195, miou: 0.7861286837521472, f1_or_dsc: 0.8802598501477675, accuracy: 0.9409926008469988,                 specificity: 0.9570621356393327, sensitivity: 0.8910451852196086, confusion_matrix: [[38343256  1720241]
 [ 1404383 11485208]]
2026-09-30 08:51:01 - train: epoch 291, iter:0, loss: 0.4891, lr: 1.271166179270472e-05
2026-09-30 08:51:04 - train: epoch 291, iter:20, loss: 0.5104, lr: 1.271166179270472e-05
2026-09-30 08:51:06 - val epoch: 291, loss: 0.8187
2026-09-30 08:51:07 - train: epoch 292, iter:0, loss: 0.5299, lr: 1.21968275214754e-05
2026-09-30 08:51:09 - train: epoch 292, iter:20, loss: 0.5157, lr: 1.21968275214754e-05
2026-09-30 08:51:12 - val epoch: 292, loss: 0.8187
2026-09-30 08:51:13 - train: epoch 293, iter:0, loss: 0.4911, lr: 1.1736034671495336e-05
2026-09-30 08:51:15 - train: epoch 293, iter:20, loss: 0.5210, lr: 1.1736034671495336e-05
2026-09-30 08:51:17 - val epoch: 293, loss: 0.8190
2026-09-30 08:51:18 - train: epoch 294, iter:0, loss: 0.4060, lr: 1.1329333773893242e-05
2026-09-30 08:51:20 - train: epoch 294, iter:20, loss: 0.5184, lr: 1.1329333773893242e-05
2026-09-30 08:51:23 - val epoch: 294, loss: 0.8185
2026-09-30 08:51:24 - train: epoch 295, iter:0, loss: 0.4597, lr: 1.0976769428005577e-05
2026-09-30 08:51:26 - train: epoch 295, iter:20, loss: 0.5093, lr: 1.0976769428005577e-05
2026-09-30 08:51:29 - val epoch: 295, loss: 0.8181
2026-09-30 08:51:30 - train: epoch 296, iter:0, loss: 0.5141, lr: 1.0678380296485951e-05
2026-09-30 08:51:32 - train: epoch 296, iter:20, loss: 0.5223, lr: 1.0678380296485951e-05
2026-09-30 08:51:35 - val epoch: 296, loss: 0.8201
2026-09-30 08:51:54 - train: epoch 297, iter:0, loss: 0.4319, lr: 1.04341991010651e-05
2026-09-30 08:51:56 - train: epoch 297, iter:20, loss: 0.5090, lr: 1.04341991010651e-05
2026-09-30 08:51:59 - val epoch: 297, loss: 0.8185
2026-09-30 08:52:00 - train: epoch 298, iter:0, loss: 0.5100, lr: 1.0244252618962858e-05
2026-09-30 08:52:02 - train: epoch 298, iter:20, loss: 0.5142, lr: 1.0244252618962858e-05
2026-09-30 08:52:05 - val epoch: 298, loss: 0.8184
2026-09-30 08:52:06 - train: epoch 299, iter:0, loss: 0.5223, lr: 1.0108561679951479e-05
2026-09-30 08:52:08 - train: epoch 299, iter:20, loss: 0.5067, lr: 1.0108561679951479e-05
2026-09-30 08:52:11 - val epoch: 299, loss: 0.8186
2026-09-30 08:52:11 - train: epoch 300, iter:0, loss: 0.4884, lr: 1.002714116407149e-05
2026-09-30 08:52:13 - train: epoch 300, iter:20, loss: 0.5049, lr: 1.002714116407149e-05
2026-09-30 08:52:16 - val epoch: 300, loss: 0.8188, miou: 0.7849027419732834, f1_or_dsc: 0.8794907683379332, accuracy: 0.9402021842427774,                 specificity: 0.954283596362045, sensitivity: 0.8964342623439332, confusion_matrix: [[38231938  1831559]
 [ 1334920 11554671]]
2026-09-30 08:52:40 - evaluation split=V_dev, loss: 0.7833,miou: 0.7969804125466937, f1_or_dsc: 0.8870218139074841, accuracy: 0.9449986372843827,                 specificity: 0.9636508016262285, sensitivity: 0.8870238784147612, confusion_matrix: [[38607221  1456276]
 [ 1456216 11433375]]
