2026-08-27 02:57:55 - PTU ISIC18 | depths=[2, 2, 12, 2] | embed=(64, 128, 256, 512) | heads=(2, 4, 8, 16) | sr=(4, 2, 1, 1) | params: 63,816,673 | batch 32 | AdamW lr=0.0001 wd=0.01 | Cosine 300ep | seed 42
2026-08-27 02:57:58 - train: epoch 1, iter:0, loss: 13.0535, lr: 0.0001
2026-08-27 02:58:09 - train: epoch 1, iter:20, loss: 3.8270, lr: 0.0001
2026-08-27 02:58:20 - train: epoch 1, iter:40, loss: 2.5661, lr: 0.0001
2026-08-27 02:58:46 - val epoch: 1, loss: 1.1559
2026-08-27 02:58:49 - train: epoch 2, iter:0, loss: 1.0206, lr: 9.999753262144806e-05
2026-08-27 02:59:00 - train: epoch 2, iter:20, loss: 0.9690, lr: 9.999753262144806e-05
2026-08-27 02:59:10 - train: epoch 2, iter:40, loss: 0.9484, lr: 9.999753262144806e-05
2026-08-27 02:59:37 - val epoch: 2, loss: 0.9810
2026-08-27 02:59:41 - train: epoch 3, iter:0, loss: 1.0049, lr: 9.999013075636806e-05
2026-08-27 02:59:51 - train: epoch 3, iter:20, loss: 0.8953, lr: 9.999013075636806e-05
2026-08-27 03:00:02 - train: epoch 3, iter:40, loss: 0.8737, lr: 9.999013075636806e-05
2026-08-27 03:00:30 - val epoch: 3, loss: 0.7685
2026-08-27 03:00:33 - train: epoch 4, iter:0, loss: 0.5026, lr: 9.997779521645793e-05
2026-08-27 03:00:44 - train: epoch 4, iter:20, loss: 0.6444, lr: 9.997779521645793e-05
2026-08-27 03:00:55 - train: epoch 4, iter:40, loss: 0.6934, lr: 9.997779521645793e-05
2026-08-27 03:01:21 - val epoch: 4, loss: 0.6399
2026-08-27 03:01:24 - train: epoch 5, iter:0, loss: 0.5710, lr: 9.996052735444864e-05
2026-08-27 03:01:35 - train: epoch 5, iter:20, loss: 0.6870, lr: 9.996052735444864e-05
2026-08-27 03:01:46 - train: epoch 5, iter:40, loss: 0.6332, lr: 9.996052735444864e-05
2026-08-27 03:02:13 - val epoch: 5, loss: 0.5930
2026-08-27 03:02:16 - train: epoch 6, iter:0, loss: 0.5305, lr: 9.993832906395583e-05
2026-08-27 03:02:27 - train: epoch 6, iter:20, loss: 0.5802, lr: 9.993832906395583e-05
2026-08-27 03:02:38 - train: epoch 6, iter:40, loss: 0.5702, lr: 9.993832906395583e-05
2026-08-27 03:03:04 - val epoch: 6, loss: 0.6701
2026-08-27 03:03:07 - train: epoch 7, iter:0, loss: 0.7395, lr: 9.991120277927223e-05
2026-08-27 03:03:18 - train: epoch 7, iter:20, loss: 0.6009, lr: 9.991120277927223e-05
2026-08-27 03:03:29 - train: epoch 7, iter:40, loss: 0.6115, lr: 9.991120277927223e-05
2026-08-27 03:03:56 - val epoch: 7, loss: 0.6122
2026-08-27 03:03:59 - train: epoch 8, iter:0, loss: 0.6351, lr: 9.987915147510061e-05
2026-08-27 03:04:09 - train: epoch 8, iter:20, loss: 0.5201, lr: 9.987915147510061e-05
2026-08-27 03:04:20 - train: epoch 8, iter:40, loss: 0.5230, lr: 9.987915147510061e-05
2026-08-27 03:04:47 - val epoch: 8, loss: 0.5844
2026-08-27 03:04:50 - train: epoch 9, iter:0, loss: 0.4682, lr: 9.98421786662277e-05
2026-08-27 03:05:01 - train: epoch 9, iter:20, loss: 0.5262, lr: 9.98421786662277e-05
2026-08-27 03:05:12 - train: epoch 9, iter:40, loss: 0.5313, lr: 9.98421786662277e-05
2026-08-27 03:05:38 - val epoch: 9, loss: 0.6021
2026-08-27 03:05:41 - train: epoch 10, iter:0, loss: 0.4691, lr: 9.98002884071386e-05
2026-08-27 03:05:52 - train: epoch 10, iter:20, loss: 0.5001, lr: 9.98002884071386e-05
2026-08-27 03:06:03 - train: epoch 10, iter:40, loss: 0.5027, lr: 9.98002884071386e-05
2026-08-27 03:06:30 - val epoch: 10, loss: 0.5858
2026-08-27 03:06:33 - train: epoch 11, iter:0, loss: 0.4274, lr: 9.97534852915723e-05
2026-08-27 03:06:43 - train: epoch 11, iter:20, loss: 0.4654, lr: 9.97534852915723e-05
2026-08-27 03:06:54 - train: epoch 11, iter:40, loss: 0.4759, lr: 9.97534852915723e-05
2026-08-27 03:07:21 - val epoch: 11, loss: 0.5447
2026-08-27 03:07:24 - train: epoch 12, iter:0, loss: 0.5265, lr: 9.970177445201784e-05
2026-08-27 03:07:35 - train: epoch 12, iter:20, loss: 0.4673, lr: 9.970177445201784e-05
2026-08-27 03:07:46 - train: epoch 12, iter:40, loss: 0.4678, lr: 9.970177445201784e-05
2026-08-27 03:08:13 - val epoch: 12, loss: 0.5603
2026-08-27 03:08:15 - train: epoch 13, iter:0, loss: 0.4933, lr: 9.964516155915151e-05
2026-08-27 03:08:26 - train: epoch 13, iter:20, loss: 0.4862, lr: 9.964516155915151e-05
2026-08-27 03:08:37 - train: epoch 13, iter:40, loss: 0.4915, lr: 9.964516155915151e-05
2026-08-27 03:09:04 - val epoch: 13, loss: 0.5648
2026-08-27 03:09:07 - train: epoch 14, iter:0, loss: 0.5466, lr: 9.958365282121496e-05
2026-08-27 03:09:17 - train: epoch 14, iter:20, loss: 0.4528, lr: 9.958365282121496e-05
2026-08-27 03:09:28 - train: epoch 14, iter:40, loss: 0.4643, lr: 9.958365282121496e-05
2026-08-27 03:09:55 - val epoch: 14, loss: 0.5601
2026-08-27 03:09:58 - train: epoch 15, iter:0, loss: 0.4572, lr: 9.951725498333447e-05
2026-08-27 03:10:09 - train: epoch 15, iter:20, loss: 0.4417, lr: 9.951725498333447e-05
2026-08-27 03:10:20 - train: epoch 15, iter:40, loss: 0.4541, lr: 9.951725498333447e-05
2026-08-27 03:10:47 - val epoch: 15, loss: 0.5289
2026-08-27 03:10:50 - train: epoch 16, iter:0, loss: 0.5348, lr: 9.944597532678119e-05
2026-08-27 03:11:01 - train: epoch 16, iter:20, loss: 0.4491, lr: 9.944597532678119e-05
2026-08-27 03:11:12 - train: epoch 16, iter:40, loss: 0.4679, lr: 9.944597532678119e-05
2026-08-27 03:11:39 - val epoch: 16, loss: 0.7505
2026-08-27 03:11:42 - train: epoch 17, iter:0, loss: 0.5848, lr: 9.936982166817271e-05
2026-08-27 03:11:53 - train: epoch 17, iter:20, loss: 0.4552, lr: 9.936982166817271e-05
2026-08-27 03:12:03 - train: epoch 17, iter:40, loss: 0.4348, lr: 9.936982166817271e-05
2026-08-27 03:12:30 - val epoch: 17, loss: 0.5625
2026-08-27 03:12:33 - train: epoch 18, iter:0, loss: 0.4717, lr: 9.928880235861587e-05
2026-08-27 03:12:44 - train: epoch 18, iter:20, loss: 0.4185, lr: 9.928880235861587e-05
2026-08-27 03:12:55 - train: epoch 18, iter:40, loss: 0.4305, lr: 9.928880235861587e-05
2026-08-27 03:13:22 - val epoch: 18, loss: 0.5004
2026-08-27 03:13:25 - train: epoch 19, iter:0, loss: 0.3631, lr: 9.920292628279099e-05
2026-08-27 03:13:36 - train: epoch 19, iter:20, loss: 0.4103, lr: 9.920292628279099e-05
2026-08-27 03:13:47 - train: epoch 19, iter:40, loss: 0.4162, lr: 9.920292628279099e-05
2026-08-27 03:14:14 - val epoch: 19, loss: 0.5173
2026-08-27 03:14:16 - train: epoch 20, iter:0, loss: 0.4080, lr: 9.911220285797748e-05
2026-08-27 03:14:27 - train: epoch 20, iter:20, loss: 0.4507, lr: 9.911220285797748e-05
2026-08-27 03:14:38 - train: epoch 20, iter:40, loss: 0.4404, lr: 9.911220285797748e-05
2026-08-27 03:15:05 - val epoch: 20, loss: 0.5831
2026-08-27 03:15:08 - train: epoch 21, iter:0, loss: 0.3907, lr: 9.901664203302125e-05
2026-08-27 03:15:19 - train: epoch 21, iter:20, loss: 0.3953, lr: 9.901664203302125e-05
2026-08-27 03:15:30 - train: epoch 21, iter:40, loss: 0.3990, lr: 9.901664203302125e-05
2026-08-27 03:15:56 - val epoch: 21, loss: 0.5771
2026-08-27 03:15:59 - train: epoch 22, iter:0, loss: 0.3693, lr: 9.891625428724362e-05
2026-08-27 03:16:10 - train: epoch 22, iter:20, loss: 0.4363, lr: 9.891625428724362e-05
2026-08-27 03:16:21 - train: epoch 22, iter:40, loss: 0.4225, lr: 9.891625428724362e-05
2026-08-27 03:16:47 - val epoch: 22, loss: 0.5861
2026-08-27 03:16:50 - train: epoch 23, iter:0, loss: 0.3905, lr: 9.88110506292922e-05
2026-08-27 03:17:01 - train: epoch 23, iter:20, loss: 0.3983, lr: 9.88110506292922e-05
2026-08-27 03:17:12 - train: epoch 23, iter:40, loss: 0.4140, lr: 9.88110506292922e-05
2026-08-27 03:17:39 - val epoch: 23, loss: 0.5127
2026-08-27 03:17:41 - train: epoch 24, iter:0, loss: 0.4011, lr: 9.87010425959336e-05
2026-08-27 03:17:52 - train: epoch 24, iter:20, loss: 0.3949, lr: 9.87010425959336e-05
2026-08-27 03:18:03 - train: epoch 24, iter:40, loss: 0.4121, lr: 9.87010425959336e-05
2026-08-27 03:18:30 - val epoch: 24, loss: 0.5177
2026-08-27 03:18:33 - train: epoch 25, iter:0, loss: 0.3591, lr: 9.858624225078838e-05
2026-08-27 03:18:44 - train: epoch 25, iter:20, loss: 0.4103, lr: 9.858624225078838e-05
2026-08-27 03:18:54 - train: epoch 25, iter:40, loss: 0.4241, lr: 9.858624225078838e-05
2026-08-27 03:19:21 - val epoch: 25, loss: 0.5491
2026-08-27 03:19:24 - train: epoch 26, iter:0, loss: 0.2740, lr: 9.846666218300805e-05
2026-08-27 03:19:35 - train: epoch 26, iter:20, loss: 0.3713, lr: 9.846666218300805e-05
2026-08-27 03:19:46 - train: epoch 26, iter:40, loss: 0.3766, lr: 9.846666218300805e-05
2026-08-27 03:20:12 - val epoch: 26, loss: 0.5069
2026-08-27 03:20:15 - train: epoch 27, iter:0, loss: 0.3652, lr: 9.83423155058946e-05
2026-08-27 03:20:26 - train: epoch 27, iter:20, loss: 0.3768, lr: 9.83423155058946e-05
2026-08-27 03:20:37 - train: epoch 27, iter:40, loss: 0.3855, lr: 9.83423155058946e-05
2026-08-27 03:21:04 - val epoch: 27, loss: 0.7554
2026-08-27 03:21:07 - train: epoch 28, iter:0, loss: 0.3302, lr: 9.821321585546243e-05
2026-08-27 03:21:18 - train: epoch 28, iter:20, loss: 0.3926, lr: 9.821321585546243e-05
2026-08-27 03:21:28 - train: epoch 28, iter:40, loss: 0.3890, lr: 9.821321585546243e-05
2026-08-27 03:21:55 - val epoch: 28, loss: 0.5197
2026-08-27 03:21:58 - train: epoch 29, iter:0, loss: 0.3473, lr: 9.8079377388943e-05
2026-08-27 03:22:09 - train: epoch 29, iter:20, loss: 0.3698, lr: 9.8079377388943e-05
2026-08-27 03:22:20 - train: epoch 29, iter:40, loss: 0.3618, lr: 9.8079377388943e-05
2026-08-27 03:22:47 - val epoch: 29, loss: 0.5357
2026-08-27 03:22:49 - train: epoch 30, iter:0, loss: 0.3761, lr: 9.794081478323245e-05
2026-08-27 03:23:00 - train: epoch 30, iter:20, loss: 0.3599, lr: 9.794081478323245e-05
2026-08-27 03:23:11 - train: epoch 30, iter:40, loss: 0.3635, lr: 9.794081478323245e-05
2026-08-27 03:23:41 - val epoch: 30, loss: 0.5087, miou: 0.6809146786653306, f1_or_dsc: 0.8101716134765224, accuracy: 0.909940247488494, specificity: 0.9486796422189506, sensitivity: 0.78953024964097
2026-08-27 03:23:44 - train: epoch 31, iter:0, loss: 0.4547, lr: 9.779754323328191e-05
2026-08-27 03:23:55 - train: epoch 31, iter:20, loss: 0.3733, lr: 9.779754323328191e-05
2026-08-27 03:24:06 - train: epoch 31, iter:40, loss: 0.3893, lr: 9.779754323328191e-05
2026-08-27 03:24:33 - val epoch: 31, loss: 0.4961
2026-08-27 03:24:37 - train: epoch 32, iter:0, loss: 0.2349, lr: 9.764957845043135e-05
2026-08-27 03:24:47 - train: epoch 32, iter:20, loss: 0.3667, lr: 9.764957845043135e-05
2026-08-27 03:24:58 - train: epoch 32, iter:40, loss: 0.3690, lr: 9.764957845043135e-05
2026-08-27 03:25:26 - val epoch: 32, loss: 0.5191
2026-08-27 03:25:29 - train: epoch 33, iter:0, loss: 0.3935, lr: 9.749693666068665e-05
2026-08-27 03:25:40 - train: epoch 33, iter:20, loss: 0.3892, lr: 9.749693666068665e-05
2026-08-27 03:25:51 - train: epoch 33, iter:40, loss: 0.3734, lr: 9.749693666068665e-05
2026-08-27 03:26:17 - val epoch: 33, loss: 0.6820
2026-08-27 03:26:20 - train: epoch 34, iter:0, loss: 0.5144, lr: 9.733963460294014e-05
2026-08-27 03:26:31 - train: epoch 34, iter:20, loss: 0.3935, lr: 9.733963460294014e-05
2026-08-27 03:26:42 - train: epoch 34, iter:40, loss: 0.3846, lr: 9.733963460294014e-05
2026-08-27 03:27:10 - val epoch: 34, loss: 0.5378
2026-08-27 03:27:13 - train: epoch 35, iter:0, loss: 0.4707, lr: 9.71776895271351e-05
2026-08-27 03:27:24 - train: epoch 35, iter:20, loss: 0.3425, lr: 9.71776895271351e-05
2026-08-27 03:27:35 - train: epoch 35, iter:40, loss: 0.3463, lr: 9.71776895271351e-05
2026-08-27 03:28:02 - val epoch: 35, loss: 0.5256
2026-08-27 03:28:05 - train: epoch 36, iter:0, loss: 0.3620, lr: 9.701111919237405e-05
2026-08-27 03:28:16 - train: epoch 36, iter:20, loss: 0.3727, lr: 9.701111919237405e-05
2026-08-27 03:28:27 - train: epoch 36, iter:40, loss: 0.3603, lr: 9.701111919237405e-05
2026-08-27 03:28:54 - val epoch: 36, loss: 0.5589
2026-08-27 03:28:57 - train: epoch 37, iter:0, loss: 0.3372, lr: 9.68399418649713e-05
2026-08-27 03:29:08 - train: epoch 37, iter:20, loss: 0.3543, lr: 9.68399418649713e-05
2026-08-27 03:29:19 - train: epoch 37, iter:40, loss: 0.3677, lr: 9.68399418649713e-05
2026-08-27 03:29:46 - val epoch: 37, loss: 0.4916
2026-08-27 03:29:49 - train: epoch 38, iter:0, loss: 0.3472, lr: 9.666417631644976e-05
2026-08-27 03:30:00 - train: epoch 38, iter:20, loss: 0.3748, lr: 9.666417631644976e-05
2026-08-27 03:30:11 - train: epoch 38, iter:40, loss: 0.3805, lr: 9.666417631644976e-05
2026-08-27 03:30:38 - val epoch: 38, loss: 0.5049
2026-08-27 03:30:41 - train: epoch 39, iter:0, loss: 0.5364, lr: 9.648384182148252e-05
2026-08-27 03:30:52 - train: epoch 39, iter:20, loss: 0.3916, lr: 9.648384182148252e-05
2026-08-27 03:31:03 - train: epoch 39, iter:40, loss: 0.3802, lr: 9.648384182148252e-05
2026-08-27 03:31:30 - val epoch: 39, loss: 0.5278
2026-08-27 03:31:33 - train: epoch 40, iter:0, loss: 0.3136, lr: 9.629895815577914e-05
2026-08-27 03:31:43 - train: epoch 40, iter:20, loss: 0.3395, lr: 9.629895815577914e-05
2026-08-27 03:31:54 - train: epoch 40, iter:40, loss: 0.3453, lr: 9.629895815577914e-05
2026-08-27 03:32:21 - val epoch: 40, loss: 0.5381
2026-08-27 03:32:24 - train: epoch 41, iter:0, loss: 0.4683, lr: 9.610954559391703e-05
2026-08-27 03:32:35 - train: epoch 41, iter:20, loss: 0.3314, lr: 9.610954559391703e-05
2026-08-27 03:32:46 - train: epoch 41, iter:40, loss: 0.3479, lr: 9.610954559391703e-05
2026-08-27 03:33:13 - val epoch: 41, loss: 0.5056
2026-08-27 03:33:16 - train: epoch 42, iter:0, loss: 0.3614, lr: 9.591562490711808e-05
2026-08-27 03:33:27 - train: epoch 42, iter:20, loss: 0.3582, lr: 9.591562490711808e-05
2026-08-27 03:33:38 - train: epoch 42, iter:40, loss: 0.3425, lr: 9.591562490711808e-05
2026-08-27 03:34:05 - val epoch: 42, loss: 0.4824
2026-08-27 03:34:08 - train: epoch 43, iter:0, loss: 0.3434, lr: 9.571721736097088e-05
2026-08-27 03:34:19 - train: epoch 43, iter:20, loss: 0.3575, lr: 9.571721736097088e-05
2026-08-27 03:34:30 - train: epoch 43, iter:40, loss: 0.3486, lr: 9.571721736097088e-05
2026-08-27 03:34:57 - val epoch: 43, loss: 0.5301
2026-08-27 03:34:59 - train: epoch 44, iter:0, loss: 0.3076, lr: 9.55143447130987e-05
2026-08-27 03:35:10 - train: epoch 44, iter:20, loss: 0.3302, lr: 9.55143447130987e-05
2026-08-27 03:35:21 - train: epoch 44, iter:40, loss: 0.3425, lr: 9.55143447130987e-05
2026-08-27 03:35:48 - val epoch: 44, loss: 0.4857
2026-08-27 03:35:51 - train: epoch 45, iter:0, loss: 0.2932, lr: 9.530702921077357e-05
2026-08-27 03:36:02 - train: epoch 45, iter:20, loss: 0.3428, lr: 9.530702921077357e-05
2026-08-27 03:36:13 - train: epoch 45, iter:40, loss: 0.3523, lr: 9.530702921077357e-05
2026-08-27 03:36:40 - val epoch: 45, loss: 0.5115
2026-08-27 03:36:43 - train: epoch 46, iter:0, loss: 0.4340, lr: 9.509529358847654e-05
2026-08-27 03:36:54 - train: epoch 46, iter:20, loss: 0.3407, lr: 9.509529358847654e-05
2026-08-27 03:37:05 - train: epoch 46, iter:40, loss: 0.3478, lr: 9.509529358847654e-05
2026-08-27 03:37:31 - val epoch: 46, loss: 0.5154
2026-08-27 03:37:34 - train: epoch 47, iter:0, loss: 0.2887, lr: 9.487916106540465e-05
2026-08-27 03:37:45 - train: epoch 47, iter:20, loss: 0.3240, lr: 9.487916106540465e-05
2026-08-27 03:37:56 - train: epoch 47, iter:40, loss: 0.3310, lr: 9.487916106540465e-05
2026-08-27 03:38:23 - val epoch: 47, loss: 0.5122
2026-08-27 03:38:26 - train: epoch 48, iter:0, loss: 0.3221, lr: 9.465865534292464e-05
2026-08-27 03:38:37 - train: epoch 48, iter:20, loss: 0.3329, lr: 9.465865534292464e-05
2026-08-27 03:38:48 - train: epoch 48, iter:40, loss: 0.3441, lr: 9.465865534292464e-05
2026-08-27 03:39:14 - val epoch: 48, loss: 0.4794
2026-08-27 03:39:18 - train: epoch 49, iter:0, loss: 0.4470, lr: 9.443380060197386e-05
2026-08-27 03:39:29 - train: epoch 49, iter:20, loss: 0.3542, lr: 9.443380060197386e-05
2026-08-27 03:39:40 - train: epoch 49, iter:40, loss: 0.3451, lr: 9.443380060197386e-05
2026-08-27 03:40:06 - val epoch: 49, loss: 0.5669
2026-08-27 03:40:09 - train: epoch 50, iter:0, loss: 0.4577, lr: 9.420462150040853e-05
2026-08-27 03:40:20 - train: epoch 50, iter:20, loss: 0.3365, lr: 9.420462150040853e-05
2026-08-27 03:40:31 - train: epoch 50, iter:40, loss: 0.3311, lr: 9.420462150040853e-05
2026-08-27 03:40:58 - val epoch: 50, loss: 0.4833
2026-08-27 03:41:01 - train: epoch 51, iter:0, loss: 0.3290, lr: 9.397114317029975e-05
2026-08-27 03:41:12 - train: epoch 51, iter:20, loss: 0.3395, lr: 9.397114317029975e-05
2026-08-27 03:41:23 - train: epoch 51, iter:40, loss: 0.3459, lr: 9.397114317029975e-05
2026-08-27 03:41:50 - val epoch: 51, loss: 0.5095
2026-08-27 03:41:53 - train: epoch 52, iter:0, loss: 0.4383, lr: 9.373339121517747e-05
2026-08-27 03:42:04 - train: epoch 52, iter:20, loss: 0.3289, lr: 9.373339121517747e-05
2026-08-27 03:42:15 - train: epoch 52, iter:40, loss: 0.3262, lr: 9.373339121517747e-05
2026-08-27 03:42:42 - val epoch: 52, loss: 0.4930
2026-08-27 03:42:44 - train: epoch 53, iter:0, loss: 0.2090, lr: 9.349139170722281e-05
2026-08-27 03:42:55 - train: epoch 53, iter:20, loss: 0.3537, lr: 9.349139170722281e-05
2026-08-27 03:43:06 - train: epoch 53, iter:40, loss: 0.3429, lr: 9.349139170722281e-05
2026-08-27 03:43:33 - val epoch: 53, loss: 0.4797
2026-08-27 03:43:36 - train: epoch 54, iter:0, loss: 0.2408, lr: 9.32451711844089e-05
2026-08-27 03:43:47 - train: epoch 54, iter:20, loss: 0.3059, lr: 9.32451711844089e-05
2026-08-27 03:43:57 - train: epoch 54, iter:40, loss: 0.3289, lr: 9.32451711844089e-05
2026-08-27 03:44:24 - val epoch: 54, loss: 0.5634
2026-08-27 03:44:27 - train: epoch 55, iter:0, loss: 0.2017, lr: 9.29947566475907e-05
2026-08-27 03:44:38 - train: epoch 55, iter:20, loss: 0.3453, lr: 9.29947566475907e-05
2026-08-27 03:44:49 - train: epoch 55, iter:40, loss: 0.3385, lr: 9.29947566475907e-05
2026-08-27 03:45:16 - val epoch: 55, loss: 0.5012
2026-08-27 03:45:19 - train: epoch 56, iter:0, loss: 0.2605, lr: 9.274017555754411e-05
2026-08-27 03:45:30 - train: epoch 56, iter:20, loss: 0.3273, lr: 9.274017555754411e-05
2026-08-27 03:45:41 - train: epoch 56, iter:40, loss: 0.3231, lr: 9.274017555754411e-05
2026-08-27 03:46:08 - val epoch: 56, loss: 0.5107
2026-08-27 03:46:11 - train: epoch 57, iter:0, loss: 0.3735, lr: 9.248145583195451e-05
2026-08-27 03:46:22 - train: epoch 57, iter:20, loss: 0.3142, lr: 9.248145583195451e-05
2026-08-27 03:46:33 - train: epoch 57, iter:40, loss: 0.3328, lr: 9.248145583195451e-05
2026-08-27 03:47:00 - val epoch: 57, loss: 0.5084
2026-08-27 03:47:03 - train: epoch 58, iter:0, loss: 0.3041, lr: 9.22186258423553e-05
2026-08-27 03:47:13 - train: epoch 58, iter:20, loss: 0.3147, lr: 9.22186258423553e-05
2026-08-27 03:47:24 - train: epoch 58, iter:40, loss: 0.3262, lr: 9.22186258423553e-05
2026-08-27 03:47:51 - val epoch: 58, loss: 0.5249
2026-08-27 03:47:54 - train: epoch 59, iter:0, loss: 0.3599, lr: 9.195171441101671e-05
2026-08-27 03:48:05 - train: epoch 59, iter:20, loss: 0.3398, lr: 9.195171441101671e-05
2026-08-27 03:48:16 - train: epoch 59, iter:40, loss: 0.3196, lr: 9.195171441101671e-05
2026-08-27 03:48:42 - val epoch: 59, loss: 0.5100
2026-08-27 03:48:45 - train: epoch 60, iter:0, loss: 0.3149, lr: 9.168075080778497e-05
2026-08-27 03:48:56 - train: epoch 60, iter:20, loss: 0.3188, lr: 9.168075080778497e-05
2026-08-27 03:49:07 - train: epoch 60, iter:40, loss: 0.3292, lr: 9.168075080778497e-05
2026-08-27 03:49:38 - val epoch: 60, loss: 0.4585, miou: 0.7068005600071752, f1_or_dsc: 0.8282169300485862, accuracy: 0.9193749002891012, specificity: 0.958274960371033, sensitivity: 0.7984655215204268
2026-08-27 03:49:42 - train: epoch 61, iter:0, loss: 0.3887, lr: 9.140576474687266e-05
2026-08-27 03:49:53 - train: epoch 61, iter:20, loss: 0.3193, lr: 9.140576474687266e-05
2026-08-27 03:50:04 - train: epoch 61, iter:40, loss: 0.3278, lr: 9.140576474687266e-05
2026-08-27 03:50:30 - val epoch: 61, loss: 0.5547
2026-08-27 03:50:33 - train: epoch 62, iter:0, loss: 0.3141, lr: 9.112678638360019e-05
2026-08-27 03:50:44 - train: epoch 62, iter:20, loss: 0.3252, lr: 9.112678638360019e-05
2026-08-27 03:50:55 - train: epoch 62, iter:40, loss: 0.3404, lr: 9.112678638360019e-05
2026-08-27 03:51:22 - val epoch: 62, loss: 0.5549
2026-08-27 03:51:25 - train: epoch 63, iter:0, loss: 0.3272, lr: 9.084384631108886e-05
2026-08-27 03:51:36 - train: epoch 63, iter:20, loss: 0.3265, lr: 9.084384631108886e-05
2026-08-27 03:51:47 - train: epoch 63, iter:40, loss: 0.3116, lr: 9.084384631108886e-05
2026-08-27 03:52:13 - val epoch: 63, loss: 0.4858
2026-08-27 03:52:17 - train: epoch 64, iter:0, loss: 0.2651, lr: 9.055697555690608e-05
2026-08-27 03:52:27 - train: epoch 64, iter:20, loss: 0.3338, lr: 9.055697555690608e-05
2026-08-27 03:52:38 - train: epoch 64, iter:40, loss: 0.3182, lr: 9.055697555690608e-05
2026-08-27 03:53:05 - val epoch: 64, loss: 0.4966
2026-08-27 03:53:08 - train: epoch 65, iter:0, loss: 0.2855, lr: 9.026620557966282e-05
2026-08-27 03:53:19 - train: epoch 65, iter:20, loss: 0.2961, lr: 9.026620557966282e-05
2026-08-27 03:53:30 - train: epoch 65, iter:40, loss: 0.3106, lr: 9.026620557966282e-05
2026-08-27 03:53:57 - val epoch: 65, loss: 0.5108
2026-08-27 03:54:00 - train: epoch 66, iter:0, loss: 0.2437, lr: 8.997156826556372e-05
2026-08-27 03:54:10 - train: epoch 66, iter:20, loss: 0.3206, lr: 8.997156826556372e-05
2026-08-27 03:54:21 - train: epoch 66, iter:40, loss: 0.3333, lr: 8.997156826556372e-05
2026-08-27 03:54:48 - val epoch: 66, loss: 0.4902
2026-08-27 03:54:51 - train: epoch 67, iter:0, loss: 0.5947, lr: 8.967309592491055e-05
2026-08-27 03:55:02 - train: epoch 67, iter:20, loss: 0.3135, lr: 8.967309592491055e-05
2026-08-27 03:55:13 - train: epoch 67, iter:40, loss: 0.3176, lr: 8.967309592491055e-05
2026-08-27 03:55:40 - val epoch: 67, loss: 0.4929
2026-08-27 03:55:43 - train: epoch 68, iter:0, loss: 0.3122, lr: 8.937082128855894e-05
2026-08-27 03:55:54 - train: epoch 68, iter:20, loss: 0.2988, lr: 8.937082128855894e-05
2026-08-27 03:56:05 - train: epoch 68, iter:40, loss: 0.3185, lr: 8.937082128855894e-05
2026-08-27 03:56:32 - val epoch: 68, loss: 0.5687
2026-08-27 03:56:35 - train: epoch 69, iter:0, loss: 0.2836, lr: 8.906477750432907e-05
2026-08-27 03:56:46 - train: epoch 69, iter:20, loss: 0.3096, lr: 8.906477750432907e-05
2026-08-27 03:56:57 - train: epoch 69, iter:40, loss: 0.3076, lr: 8.906477750432907e-05
2026-08-27 03:57:24 - val epoch: 69, loss: 0.5664
2026-08-27 03:57:27 - train: epoch 70, iter:0, loss: 0.4072, lr: 8.875499813337071e-05
2026-08-27 03:57:38 - train: epoch 70, iter:20, loss: 0.2941, lr: 8.875499813337071e-05
2026-08-27 03:57:49 - train: epoch 70, iter:40, loss: 0.3049, lr: 8.875499813337071e-05
2026-08-27 03:58:16 - val epoch: 70, loss: 0.5310
2026-08-27 03:58:19 - train: epoch 71, iter:0, loss: 0.3690, lr: 8.844151714648278e-05
2026-08-27 03:58:30 - train: epoch 71, iter:20, loss: 0.2980, lr: 8.844151714648278e-05
2026-08-27 03:58:40 - train: epoch 71, iter:40, loss: 0.3010, lr: 8.844151714648278e-05
2026-08-27 03:59:07 - val epoch: 71, loss: 0.4687
2026-08-27 03:59:10 - train: epoch 72, iter:0, loss: 0.3065, lr: 8.812436892038808e-05
2026-08-27 03:59:21 - train: epoch 72, iter:20, loss: 0.2893, lr: 8.812436892038808e-05
2026-08-27 03:59:32 - train: epoch 72, iter:40, loss: 0.2966, lr: 8.812436892038808e-05
2026-08-27 03:59:59 - val epoch: 72, loss: 0.4805
2026-08-27 04:00:02 - train: epoch 73, iter:0, loss: 0.2614, lr: 8.780358823396356e-05
2026-08-27 04:00:13 - train: epoch 73, iter:20, loss: 0.3411, lr: 8.780358823396356e-05
2026-08-27 04:00:24 - train: epoch 73, iter:40, loss: 0.3239, lr: 8.780358823396356e-05
2026-08-27 04:00:51 - val epoch: 73, loss: 0.4781
2026-08-27 04:00:53 - train: epoch 74, iter:0, loss: 0.3839, lr: 8.747921026442633e-05
2026-08-27 04:01:04 - train: epoch 74, iter:20, loss: 0.3048, lr: 8.747921026442633e-05
2026-08-27 04:01:15 - train: epoch 74, iter:40, loss: 0.3046, lr: 8.747921026442633e-05
2026-08-27 04:01:42 - val epoch: 74, loss: 0.4505
2026-08-27 04:01:45 - train: epoch 75, iter:0, loss: 0.2959, lr: 8.715127058347619e-05
2026-08-27 04:01:56 - train: epoch 75, iter:20, loss: 0.2656, lr: 8.715127058347619e-05
2026-08-27 04:02:07 - train: epoch 75, iter:40, loss: 0.2919, lr: 8.715127058347619e-05
2026-08-27 04:02:34 - val epoch: 75, loss: 0.4536
2026-08-27 04:02:37 - train: epoch 76, iter:0, loss: 0.2759, lr: 8.681980515339468e-05
2026-08-27 04:02:48 - train: epoch 76, iter:20, loss: 0.2793, lr: 8.681980515339468e-05
2026-08-27 04:02:59 - train: epoch 76, iter:40, loss: 0.2895, lr: 8.681980515339468e-05
2026-08-27 04:03:26 - val epoch: 76, loss: 0.4532
2026-08-27 04:03:29 - train: epoch 77, iter:0, loss: 0.2504, lr: 8.648485032310149e-05
2026-08-27 04:03:40 - train: epoch 77, iter:20, loss: 0.2969, lr: 8.648485032310149e-05
2026-08-27 04:03:50 - train: epoch 77, iter:40, loss: 0.2891, lr: 8.648485032310149e-05
2026-08-27 04:04:17 - val epoch: 77, loss: 0.5410
2026-08-27 04:04:20 - train: epoch 78, iter:0, loss: 0.3069, lr: 8.614644282416834e-05
2026-08-27 04:04:31 - train: epoch 78, iter:20, loss: 0.3038, lr: 8.614644282416834e-05
2026-08-27 04:04:42 - train: epoch 78, iter:40, loss: 0.3047, lr: 8.614644282416834e-05
2026-08-27 04:05:09 - val epoch: 78, loss: 0.4850
2026-08-27 04:05:11 - train: epoch 79, iter:0, loss: 0.2610, lr: 8.580461976679102e-05
2026-08-27 04:05:22 - train: epoch 79, iter:20, loss: 0.2915, lr: 8.580461976679102e-05
2026-08-27 04:05:33 - train: epoch 79, iter:40, loss: 0.3062, lr: 8.580461976679102e-05
2026-08-27 04:06:00 - val epoch: 79, loss: 0.5021
2026-08-27 04:06:03 - train: epoch 80, iter:0, loss: 0.2677, lr: 8.545941863571975e-05
2026-08-27 04:06:14 - train: epoch 80, iter:20, loss: 0.2869, lr: 8.545941863571975e-05
2026-08-27 04:06:25 - train: epoch 80, iter:40, loss: 0.2836, lr: 8.545941863571975e-05
2026-08-27 04:06:53 - val epoch: 80, loss: 0.4727
2026-08-27 04:06:56 - train: epoch 81, iter:0, loss: 0.3646, lr: 8.511087728614864e-05
2026-08-27 04:07:07 - train: epoch 81, iter:20, loss: 0.2939, lr: 8.511087728614864e-05
2026-08-27 04:07:18 - train: epoch 81, iter:40, loss: 0.3007, lr: 8.511087728614864e-05
2026-08-27 04:07:44 - val epoch: 81, loss: 0.4574
2026-08-27 04:07:47 - train: epoch 82, iter:0, loss: 0.2204, lr: 8.475903393956435e-05
2026-08-27 04:07:58 - train: epoch 82, iter:20, loss: 0.2740, lr: 8.475903393956435e-05
2026-08-27 04:08:09 - train: epoch 82, iter:40, loss: 0.2798, lr: 8.475903393956435e-05
2026-08-27 04:08:36 - val epoch: 82, loss: 0.4704
2026-08-27 04:08:39 - train: epoch 83, iter:0, loss: 0.2632, lr: 8.440392717955477e-05
2026-08-27 04:08:50 - train: epoch 83, iter:20, loss: 0.2702, lr: 8.440392717955477e-05
2026-08-27 04:09:01 - train: epoch 83, iter:40, loss: 0.2711, lr: 8.440392717955477e-05
2026-08-27 04:09:28 - val epoch: 83, loss: 0.4999
2026-08-27 04:09:30 - train: epoch 84, iter:0, loss: 0.2710, lr: 8.40455959475778e-05
2026-08-27 04:09:41 - train: epoch 84, iter:20, loss: 0.2860, lr: 8.40455959475778e-05
2026-08-27 04:09:52 - train: epoch 84, iter:40, loss: 0.2977, lr: 8.40455959475778e-05
2026-08-27 04:10:19 - val epoch: 84, loss: 0.4891
2026-08-27 04:10:22 - train: epoch 85, iter:0, loss: 0.3560, lr: 8.368407953869106e-05
2026-08-27 04:10:33 - train: epoch 85, iter:20, loss: 0.2806, lr: 8.368407953869106e-05
2026-08-27 04:10:44 - train: epoch 85, iter:40, loss: 0.2823, lr: 8.368407953869106e-05
2026-08-27 04:11:11 - val epoch: 85, loss: 0.4962
2026-08-27 04:11:14 - train: epoch 86, iter:0, loss: 0.2873, lr: 8.331941759724271e-05
2026-08-27 04:11:25 - train: epoch 86, iter:20, loss: 0.2699, lr: 8.331941759724271e-05
2026-08-27 04:11:36 - train: epoch 86, iter:40, loss: 0.2787, lr: 8.331941759724271e-05
2026-08-27 04:12:02 - val epoch: 86, loss: 0.4950
2026-08-27 04:12:05 - train: epoch 87, iter:0, loss: 0.2599, lr: 8.2951650112524e-05
2026-08-27 04:12:16 - train: epoch 87, iter:20, loss: 0.2743, lr: 8.2951650112524e-05
2026-08-27 04:12:27 - train: epoch 87, iter:40, loss: 0.2747, lr: 8.2951650112524e-05
2026-08-27 04:12:54 - val epoch: 87, loss: 0.5072
2026-08-27 04:12:57 - train: epoch 88, iter:0, loss: 0.4298, lr: 8.258081741438397e-05
2026-08-27 04:13:08 - train: epoch 88, iter:20, loss: 0.2821, lr: 8.258081741438397e-05
2026-08-27 04:13:19 - train: epoch 88, iter:40, loss: 0.2869, lr: 8.258081741438397e-05
2026-08-27 04:13:46 - val epoch: 88, loss: 0.4649
2026-08-27 04:13:48 - train: epoch 89, iter:0, loss: 0.3298, lr: 8.22069601688069e-05
2026-08-27 04:13:59 - train: epoch 89, iter:20, loss: 0.3072, lr: 8.22069601688069e-05
2026-08-27 04:14:10 - train: epoch 89, iter:40, loss: 0.2969, lr: 8.22069601688069e-05
2026-08-27 04:14:37 - val epoch: 89, loss: 0.5444
2026-08-27 04:14:40 - train: epoch 90, iter:0, loss: 0.2342, lr: 8.183011937345273e-05
2026-08-27 04:14:51 - train: epoch 90, iter:20, loss: 0.2791, lr: 8.183011937345273e-05
2026-08-27 04:15:02 - train: epoch 90, iter:40, loss: 0.2965, lr: 8.183011937345273e-05
2026-08-27 04:15:33 - val epoch: 90, loss: 0.4635, miou: 0.7016634341980467, f1_or_dsc: 0.8246794519960099, accuracy: 0.9135882500374671, specificity: 0.9388965970693971, sensitivity: 0.8349247078514749
2026-08-27 04:15:36 - train: epoch 91, iter:0, loss: 0.2800, lr: 8.145033635316131e-05
2026-08-27 04:15:47 - train: epoch 91, iter:20, loss: 0.2942, lr: 8.145033635316131e-05
2026-08-27 04:15:58 - train: epoch 91, iter:40, loss: 0.2766, lr: 8.145033635316131e-05
2026-08-27 04:16:24 - val epoch: 91, loss: 0.4645
2026-08-27 04:16:27 - train: epoch 92, iter:0, loss: 0.2186, lr: 8.106765275542056e-05
2026-08-27 04:16:38 - train: epoch 92, iter:20, loss: 0.2752, lr: 8.106765275542056e-05
2026-08-27 04:16:49 - train: epoch 92, iter:40, loss: 0.2797, lr: 8.106765275542056e-05
2026-08-27 04:17:16 - val epoch: 92, loss: 0.4579
2026-08-27 04:17:19 - train: epoch 93, iter:0, loss: 0.2860, lr: 8.068211054579945e-05
2026-08-27 04:17:30 - train: epoch 93, iter:20, loss: 0.2952, lr: 8.068211054579945e-05
2026-08-27 04:17:41 - train: epoch 93, iter:40, loss: 0.2866, lr: 8.068211054579945e-05
2026-08-27 04:18:08 - val epoch: 93, loss: 0.5060
2026-08-27 04:18:11 - train: epoch 94, iter:0, loss: 0.2764, lr: 8.02937520033459e-05
2026-08-27 04:18:22 - train: epoch 94, iter:20, loss: 0.2790, lr: 8.02937520033459e-05
2026-08-27 04:18:32 - train: epoch 94, iter:40, loss: 0.2900, lr: 8.02937520033459e-05
2026-08-27 04:19:00 - val epoch: 94, loss: 0.4569
2026-08-27 04:19:03 - train: epoch 95, iter:0, loss: 0.1919, lr: 7.99026197159505e-05
2026-08-27 04:19:14 - train: epoch 95, iter:20, loss: 0.2919, lr: 7.99026197159505e-05
2026-08-27 04:19:25 - train: epoch 95, iter:40, loss: 0.2880, lr: 7.99026197159505e-05
2026-08-27 04:19:52 - val epoch: 95, loss: 0.4625
2026-08-27 04:19:55 - train: epoch 96, iter:0, loss: 0.2453, lr: 7.950875657567623e-05
2026-08-27 04:20:05 - train: epoch 96, iter:20, loss: 0.2622, lr: 7.950875657567623e-05
2026-08-27 04:20:16 - train: epoch 96, iter:40, loss: 0.2684, lr: 7.950875657567623e-05
2026-08-27 04:20:43 - val epoch: 96, loss: 0.4653
2026-08-27 04:20:46 - train: epoch 97, iter:0, loss: 0.2991, lr: 7.911220577405486e-05
2026-08-27 04:20:57 - train: epoch 97, iter:20, loss: 0.2674, lr: 7.911220577405486e-05
2026-08-27 04:21:08 - train: epoch 97, iter:40, loss: 0.2756, lr: 7.911220577405486e-05
2026-08-27 04:21:35 - val epoch: 97, loss: 0.4838
2026-08-27 04:21:38 - train: epoch 98, iter:0, loss: 0.3579, lr: 7.871301079735051e-05
2026-08-27 04:21:49 - train: epoch 98, iter:20, loss: 0.2623, lr: 7.871301079735051e-05
2026-08-27 04:22:00 - train: epoch 98, iter:40, loss: 0.2572, lr: 7.871301079735051e-05
2026-08-27 04:22:26 - val epoch: 98, loss: 0.5402
2026-08-27 04:22:29 - train: epoch 99, iter:0, loss: 0.2460, lr: 7.831121542179088e-05
2026-08-27 04:22:40 - train: epoch 99, iter:20, loss: 0.2533, lr: 7.831121542179088e-05
2026-08-27 04:22:51 - train: epoch 99, iter:40, loss: 0.2625, lr: 7.831121542179088e-05
2026-08-27 04:23:18 - val epoch: 99, loss: 0.4826
2026-08-27 04:23:21 - train: epoch 100, iter:0, loss: 0.1752, lr: 7.790686370876673e-05
2026-08-27 04:23:32 - train: epoch 100, iter:20, loss: 0.2607, lr: 7.790686370876673e-05
2026-08-27 04:23:42 - train: epoch 100, iter:40, loss: 0.2709, lr: 7.790686370876673e-05
2026-08-27 04:24:09 - val epoch: 100, loss: 0.4894
2026-08-27 04:24:12 - train: epoch 101, iter:0, loss: 0.3627, lr: 7.750000000000003e-05
2026-08-27 04:24:23 - train: epoch 101, iter:20, loss: 0.2659, lr: 7.750000000000003e-05
2026-08-27 04:24:34 - train: epoch 101, iter:40, loss: 0.2671, lr: 7.750000000000003e-05
2026-08-27 04:25:01 - val epoch: 101, loss: 0.4629
2026-08-27 04:25:03 - train: epoch 102, iter:0, loss: 0.2459, lr: 7.709066891268137e-05
2026-08-27 04:25:14 - train: epoch 102, iter:20, loss: 0.2796, lr: 7.709066891268137e-05
2026-08-27 04:25:25 - train: epoch 102, iter:40, loss: 0.2722, lr: 7.709066891268137e-05
2026-08-27 04:25:52 - val epoch: 102, loss: 0.4695
2026-08-27 04:25:55 - train: epoch 103, iter:0, loss: 0.2789, lr: 7.667891533457722e-05
2026-08-27 04:26:06 - train: epoch 103, iter:20, loss: 0.2579, lr: 7.667891533457722e-05
2026-08-27 04:26:17 - train: epoch 103, iter:40, loss: 0.2630, lr: 7.667891533457722e-05
2026-08-27 04:26:44 - val epoch: 103, loss: 0.4958
2026-08-27 04:26:47 - train: epoch 104, iter:0, loss: 0.1855, lr: 7.626478441910747e-05
2026-08-27 04:26:58 - train: epoch 104, iter:20, loss: 0.2406, lr: 7.626478441910747e-05
2026-08-27 04:27:09 - train: epoch 104, iter:40, loss: 0.2694, lr: 7.626478441910747e-05
2026-08-27 04:27:36 - val epoch: 104, loss: 0.4550
2026-08-27 04:27:38 - train: epoch 105, iter:0, loss: 0.2995, lr: 7.584832158039382e-05
2026-08-27 04:27:49 - train: epoch 105, iter:20, loss: 0.2810, lr: 7.584832158039382e-05
2026-08-27 04:28:00 - train: epoch 105, iter:40, loss: 0.2759, lr: 7.584832158039382e-05
2026-08-27 04:28:27 - val epoch: 105, loss: 0.4878
2026-08-27 04:28:30 - train: epoch 106, iter:0, loss: 0.3096, lr: 7.542957248827964e-05
2026-08-27 04:28:41 - train: epoch 106, iter:20, loss: 0.2552, lr: 7.542957248827964e-05
2026-08-27 04:28:51 - train: epoch 106, iter:40, loss: 0.2642, lr: 7.542957248827964e-05
2026-08-27 04:29:18 - val epoch: 106, loss: 0.4966
2026-08-27 04:29:21 - train: epoch 107, iter:0, loss: 0.2779, lr: 7.500858306332177e-05
2026-08-27 04:29:32 - train: epoch 107, iter:20, loss: 0.2618, lr: 7.500858306332177e-05
2026-08-27 04:29:43 - train: epoch 107, iter:40, loss: 0.2641, lr: 7.500858306332177e-05
2026-08-27 04:30:10 - val epoch: 107, loss: 0.4694
2026-08-27 04:30:13 - train: epoch 108, iter:0, loss: 0.3214, lr: 7.458539947175478e-05
2026-08-27 04:30:24 - train: epoch 108, iter:20, loss: 0.2715, lr: 7.458539947175478e-05
2026-08-27 04:30:35 - train: epoch 108, iter:40, loss: 0.2678, lr: 7.458539947175478e-05
2026-08-27 04:31:02 - val epoch: 108, loss: 0.4809
2026-08-27 04:31:04 - train: epoch 109, iter:0, loss: 0.2734, lr: 7.41600681204283e-05
2026-08-27 04:31:15 - train: epoch 109, iter:20, loss: 0.2564, lr: 7.41600681204283e-05
2026-08-27 04:31:26 - train: epoch 109, iter:40, loss: 0.2484, lr: 7.41600681204283e-05
2026-08-27 04:31:53 - val epoch: 109, loss: 0.4981
2026-08-27 04:31:56 - train: epoch 110, iter:0, loss: 0.1954, lr: 7.373263565171809e-05
2026-08-27 04:32:07 - train: epoch 110, iter:20, loss: 0.2534, lr: 7.373263565171809e-05
2026-08-27 04:32:18 - train: epoch 110, iter:40, loss: 0.2547, lr: 7.373263565171809e-05
2026-08-27 04:32:45 - val epoch: 110, loss: 0.4949
2026-08-27 04:32:48 - train: epoch 111, iter:0, loss: 0.3130, lr: 7.330314893841104e-05
2026-08-27 04:32:59 - train: epoch 111, iter:20, loss: 0.2882, lr: 7.330314893841104e-05
2026-08-27 04:33:10 - train: epoch 111, iter:40, loss: 0.2766, lr: 7.330314893841104e-05
2026-08-27 04:33:36 - val epoch: 111, loss: 0.4888
2026-08-27 04:33:39 - train: epoch 112, iter:0, loss: 0.2486, lr: 7.287165507856516e-05
2026-08-27 04:33:50 - train: epoch 112, iter:20, loss: 0.2557, lr: 7.287165507856516e-05
2026-08-27 04:34:01 - train: epoch 112, iter:40, loss: 0.2537, lr: 7.287165507856516e-05
2026-08-27 04:34:28 - val epoch: 112, loss: 0.4770
2026-08-27 04:34:31 - train: epoch 113, iter:0, loss: 0.1946, lr: 7.243820139034467e-05
2026-08-27 04:34:42 - train: epoch 113, iter:20, loss: 0.2389, lr: 7.243820139034467e-05
2026-08-27 04:34:53 - train: epoch 113, iter:40, loss: 0.2463, lr: 7.243820139034467e-05
2026-08-27 04:35:20 - val epoch: 113, loss: 0.4562
2026-08-27 04:35:23 - train: epoch 114, iter:0, loss: 0.3492, lr: 7.200283540683105e-05
2026-08-27 04:35:34 - train: epoch 114, iter:20, loss: 0.2562, lr: 7.200283540683105e-05
2026-08-27 04:35:45 - train: epoch 114, iter:40, loss: 0.2462, lr: 7.200283540683105e-05
2026-08-27 04:36:12 - val epoch: 114, loss: 0.4731
2026-08-27 04:36:15 - train: epoch 115, iter:0, loss: 0.2918, lr: 7.156560487081054e-05
2026-08-27 04:36:26 - train: epoch 115, iter:20, loss: 0.2775, lr: 7.156560487081054e-05
2026-08-27 04:36:37 - train: epoch 115, iter:40, loss: 0.2557, lr: 7.156560487081054e-05
2026-08-27 04:37:04 - val epoch: 115, loss: 0.4666
2026-08-27 04:37:07 - train: epoch 116, iter:0, loss: 0.2825, lr: 7.112655772953852e-05
2026-08-27 04:37:17 - train: epoch 116, iter:20, loss: 0.2542, lr: 7.112655772953852e-05
2026-08-27 04:37:28 - train: epoch 116, iter:40, loss: 0.2592, lr: 7.112655772953852e-05
2026-08-27 04:37:55 - val epoch: 116, loss: 0.4554
2026-08-27 04:37:58 - train: epoch 117, iter:0, loss: 0.2045, lr: 7.06857421294817e-05
2026-08-27 04:38:09 - train: epoch 117, iter:20, loss: 0.2391, lr: 7.06857421294817e-05
2026-08-27 04:38:20 - train: epoch 117, iter:40, loss: 0.2399, lr: 7.06857421294817e-05
2026-08-27 04:38:47 - val epoch: 117, loss: 0.5007
2026-08-27 04:38:50 - train: epoch 118, iter:0, loss: 0.2277, lr: 7.024320641103815e-05
2026-08-27 04:39:01 - train: epoch 118, iter:20, loss: 0.2600, lr: 7.024320641103815e-05
2026-08-27 04:39:12 - train: epoch 118, iter:40, loss: 0.2605, lr: 7.024320641103815e-05
2026-08-27 04:39:38 - val epoch: 118, loss: 0.5160
2026-08-27 04:39:41 - train: epoch 119, iter:0, loss: 0.2258, lr: 6.979899910323627e-05
2026-08-27 04:39:52 - train: epoch 119, iter:20, loss: 0.2460, lr: 6.979899910323627e-05
2026-08-27 04:40:03 - train: epoch 119, iter:40, loss: 0.2406, lr: 6.979899910323627e-05
2026-08-27 04:40:30 - val epoch: 119, loss: 0.4542
2026-08-27 04:40:33 - train: epoch 120, iter:0, loss: 0.2326, lr: 6.935316891841318e-05
2026-08-27 04:40:44 - train: epoch 120, iter:20, loss: 0.2494, lr: 6.935316891841318e-05
2026-08-27 04:40:55 - train: epoch 120, iter:40, loss: 0.2419, lr: 6.935316891841318e-05
2026-08-27 04:41:26 - val epoch: 120, loss: 0.4466, miou: 0.7096073923923724, f1_or_dsc: 0.8301407627857404, accuracy: 0.9190025329589844, specificity: 0.9530671024548856, sensitivity: 0.8131228523853085
2026-08-27 04:41:29 - train: epoch 121, iter:0, loss: 0.2870, lr: 6.890576474687267e-05
2026-08-27 04:41:40 - train: epoch 121, iter:20, loss: 0.2469, lr: 6.890576474687267e-05
2026-08-27 04:41:51 - train: epoch 121, iter:40, loss: 0.2409, lr: 6.890576474687267e-05
2026-08-27 04:42:18 - val epoch: 121, loss: 0.4813
2026-08-27 04:42:21 - train: epoch 122, iter:0, loss: 0.2669, lr: 6.845683565152394e-05
2026-08-27 04:42:32 - train: epoch 122, iter:20, loss: 0.2231, lr: 6.845683565152394e-05
2026-08-27 04:42:43 - train: epoch 122, iter:40, loss: 0.2409, lr: 6.845683565152394e-05
2026-08-27 04:43:10 - val epoch: 122, loss: 0.4925
2026-08-27 04:43:13 - train: epoch 123, iter:0, loss: 0.2607, lr: 6.800643086250126e-05
2026-08-27 04:43:24 - train: epoch 123, iter:20, loss: 0.2744, lr: 6.800643086250126e-05
2026-08-27 04:43:35 - train: epoch 123, iter:40, loss: 0.2591, lr: 6.800643086250126e-05
2026-08-27 04:44:02 - val epoch: 123, loss: 0.4643
2026-08-27 04:44:05 - train: epoch 124, iter:0, loss: 0.2977, lr: 6.755459977176537e-05
2026-08-27 04:44:15 - train: epoch 124, iter:20, loss: 0.2315, lr: 6.755459977176537e-05
2026-08-27 04:44:26 - train: epoch 124, iter:40, loss: 0.2326, lr: 6.755459977176537e-05
2026-08-27 04:44:54 - val epoch: 124, loss: 0.4809
2026-08-27 04:44:56 - train: epoch 125, iter:0, loss: 0.2760, lr: 6.710139192768701e-05
2026-08-27 04:45:07 - train: epoch 125, iter:20, loss: 0.2536, lr: 6.710139192768701e-05
2026-08-27 04:45:18 - train: epoch 125, iter:40, loss: 0.2574, lr: 6.710139192768701e-05
2026-08-27 04:45:45 - val epoch: 125, loss: 0.4346
2026-08-27 04:45:49 - train: epoch 126, iter:0, loss: 0.2571, lr: 6.66468570296135e-05
2026-08-27 04:45:59 - train: epoch 126, iter:20, loss: 0.2532, lr: 6.66468570296135e-05
2026-08-27 04:46:10 - train: epoch 126, iter:40, loss: 0.2463, lr: 6.66468570296135e-05
2026-08-27 04:46:37 - val epoch: 126, loss: 0.4990
2026-08-27 04:46:40 - train: epoch 127, iter:0, loss: 0.3010, lr: 6.619104492241852e-05
2026-08-27 04:46:51 - train: epoch 127, iter:20, loss: 0.2364, lr: 6.619104492241852e-05
2026-08-27 04:47:02 - train: epoch 127, iter:40, loss: 0.2368, lr: 6.619104492241852e-05
2026-08-27 04:47:28 - val epoch: 127, loss: 0.4969
2026-08-27 04:47:31 - train: epoch 128, iter:0, loss: 0.3728, lr: 6.57340055910362e-05
2026-08-27 04:47:42 - train: epoch 128, iter:20, loss: 0.2587, lr: 6.57340055910362e-05
2026-08-27 04:47:53 - train: epoch 128, iter:40, loss: 0.2474, lr: 6.57340055910362e-05
2026-08-27 04:48:20 - val epoch: 128, loss: 0.4948
2026-08-27 04:48:23 - train: epoch 129, iter:0, loss: 0.2154, lr: 6.527578915497956e-05
2026-08-27 04:48:34 - train: epoch 129, iter:20, loss: 0.2526, lr: 6.527578915497956e-05
2026-08-27 04:48:45 - train: epoch 129, iter:40, loss: 0.2467, lr: 6.527578915497956e-05
2026-08-27 04:49:11 - val epoch: 129, loss: 0.4630
2026-08-27 04:49:14 - train: epoch 130, iter:0, loss: 0.1646, lr: 6.481644586284449e-05
2026-08-27 04:49:25 - train: epoch 130, iter:20, loss: 0.2508, lr: 6.481644586284449e-05
2026-08-27 04:49:36 - train: epoch 130, iter:40, loss: 0.2445, lr: 6.481644586284449e-05
2026-08-27 04:50:03 - val epoch: 130, loss: 0.5435
2026-08-27 04:50:06 - train: epoch 131, iter:0, loss: 0.2348, lr: 6.435602608679923e-05
2026-08-27 04:50:17 - train: epoch 131, iter:20, loss: 0.2537, lr: 6.435602608679923e-05
2026-08-27 04:50:28 - train: epoch 131, iter:40, loss: 0.2392, lr: 6.435602608679923e-05
2026-08-27 04:50:55 - val epoch: 131, loss: 0.4506
2026-08-27 04:50:58 - train: epoch 132, iter:0, loss: 0.2400, lr: 6.389458031706073e-05
2026-08-27 04:51:09 - train: epoch 132, iter:20, loss: 0.2492, lr: 6.389458031706073e-05
2026-08-27 04:51:20 - train: epoch 132, iter:40, loss: 0.2439, lr: 6.389458031706073e-05
2026-08-27 04:51:47 - val epoch: 132, loss: 0.4808
2026-08-27 04:51:49 - train: epoch 133, iter:0, loss: 0.2205, lr: 6.343215915635769e-05
2026-08-27 04:52:00 - train: epoch 133, iter:20, loss: 0.2280, lr: 6.343215915635769e-05
2026-08-27 04:52:11 - train: epoch 133, iter:40, loss: 0.2323, lr: 6.343215915635769e-05
2026-08-27 04:52:38 - val epoch: 133, loss: 0.4623
2026-08-27 04:52:41 - train: epoch 134, iter:0, loss: 0.2042, lr: 6.296881331438133e-05
2026-08-27 04:52:52 - train: epoch 134, iter:20, loss: 0.2454, lr: 6.296881331438133e-05
2026-08-27 04:53:03 - train: epoch 134, iter:40, loss: 0.2447, lr: 6.296881331438133e-05
2026-08-27 04:53:30 - val epoch: 134, loss: 0.4881
2026-08-27 04:53:33 - train: epoch 135, iter:0, loss: 0.2168, lr: 6.250459360222469e-05
2026-08-27 04:53:44 - train: epoch 135, iter:20, loss: 0.2327, lr: 6.250459360222469e-05
2026-08-27 04:53:55 - train: epoch 135, iter:40, loss: 0.2369, lr: 6.250459360222469e-05
2026-08-27 04:54:21 - val epoch: 135, loss: 0.5338
2026-08-27 04:54:24 - train: epoch 136, iter:0, loss: 0.2044, lr: 6.203955092681049e-05
2026-08-27 04:54:35 - train: epoch 136, iter:20, loss: 0.2387, lr: 6.203955092681049e-05
2026-08-27 04:54:46 - train: epoch 136, iter:40, loss: 0.2359, lr: 6.203955092681049e-05
2026-08-27 04:55:13 - val epoch: 136, loss: 0.4977
2026-08-27 04:55:16 - train: epoch 137, iter:0, loss: 0.1876, lr: 6.157373628530863e-05
2026-08-27 04:55:27 - train: epoch 137, iter:20, loss: 0.2341, lr: 6.157373628530863e-05
2026-08-27 04:55:38 - train: epoch 137, iter:40, loss: 0.2312, lr: 6.157373628530863e-05
2026-08-27 04:56:05 - val epoch: 137, loss: 0.4905
2026-08-27 04:56:08 - train: epoch 138, iter:0, loss: 0.1999, lr: 6.11072007595438e-05
2026-08-27 04:56:19 - train: epoch 138, iter:20, loss: 0.2316, lr: 6.11072007595438e-05
2026-08-27 04:56:30 - train: epoch 138, iter:40, loss: 0.2342, lr: 6.11072007595438e-05
2026-08-27 04:56:56 - val epoch: 138, loss: 0.4941
2026-08-27 04:56:59 - train: epoch 139, iter:0, loss: 0.1819, lr: 6.06399955103938e-05
2026-08-27 04:57:10 - train: epoch 139, iter:20, loss: 0.2250, lr: 6.06399955103938e-05
2026-08-27 04:57:21 - train: epoch 139, iter:40, loss: 0.2342, lr: 6.06399955103938e-05
2026-08-27 04:57:48 - val epoch: 139, loss: 0.4879
2026-08-27 04:57:51 - train: epoch 140, iter:0, loss: 0.1578, lr: 6.017217177217911e-05
2026-08-27 04:58:02 - train: epoch 140, iter:20, loss: 0.2271, lr: 6.017217177217911e-05
2026-08-27 04:58:13 - train: epoch 140, iter:40, loss: 0.2338, lr: 6.017217177217911e-05
2026-08-27 04:58:40 - val epoch: 140, loss: 0.5027
2026-08-27 04:58:43 - train: epoch 141, iter:0, loss: 0.2528, lr: 5.970378084704452e-05
2026-08-27 04:58:53 - train: epoch 141, iter:20, loss: 0.2312, lr: 5.970378084704452e-05
2026-08-27 04:59:04 - train: epoch 141, iter:40, loss: 0.2350, lr: 5.970378084704452e-05
2026-08-27 04:59:31 - val epoch: 141, loss: 0.4450
2026-08-27 04:59:34 - train: epoch 142, iter:0, loss: 0.2620, lr: 5.923487409933326e-05
2026-08-27 04:59:45 - train: epoch 142, iter:20, loss: 0.2146, lr: 5.923487409933326e-05
2026-08-27 04:59:56 - train: epoch 142, iter:40, loss: 0.2312, lr: 5.923487409933326e-05
2026-08-27 05:00:23 - val epoch: 142, loss: 0.4888
2026-08-27 05:00:25 - train: epoch 143, iter:0, loss: 0.2057, lr: 5.8765502949954305e-05
2026-08-27 05:00:36 - train: epoch 143, iter:20, loss: 0.2439, lr: 5.8765502949954305e-05
2026-08-27 05:00:47 - train: epoch 143, iter:40, loss: 0.2311, lr: 5.8765502949954305e-05
2026-08-27 05:01:14 - val epoch: 143, loss: 0.4825
2026-08-27 05:01:17 - train: epoch 144, iter:0, loss: 0.2330, lr: 5.8295718870743535e-05
2026-08-27 05:01:28 - train: epoch 144, iter:20, loss: 0.2225, lr: 5.8295718870743535e-05
2026-08-27 05:01:39 - train: epoch 144, iter:40, loss: 0.2249, lr: 5.8295718870743535e-05
2026-08-27 05:02:06 - val epoch: 144, loss: 0.4787
2026-08-27 05:02:09 - train: epoch 145, iter:0, loss: 0.3097, lr: 5.782557337881921e-05
2026-08-27 05:02:20 - train: epoch 145, iter:20, loss: 0.2191, lr: 5.782557337881921e-05
2026-08-27 05:02:31 - train: epoch 145, iter:40, loss: 0.2171, lr: 5.782557337881921e-05
2026-08-27 05:02:58 - val epoch: 145, loss: 0.4736
2026-08-27 05:03:00 - train: epoch 146, iter:0, loss: 0.1812, lr: 5.7355118030932584e-05
2026-08-27 05:03:11 - train: epoch 146, iter:20, loss: 0.2129, lr: 5.7355118030932584e-05
2026-08-27 05:03:22 - train: epoch 146, iter:40, loss: 0.2249, lr: 5.7355118030932584e-05
2026-08-27 05:03:49 - val epoch: 146, loss: 0.4549
2026-08-27 05:03:52 - train: epoch 147, iter:0, loss: 0.2199, lr: 5.68844044178141e-05
2026-08-27 05:04:03 - train: epoch 147, iter:20, loss: 0.2226, lr: 5.68844044178141e-05
2026-08-27 05:04:14 - train: epoch 147, iter:40, loss: 0.2291, lr: 5.68844044178141e-05
2026-08-27 05:04:41 - val epoch: 147, loss: 0.4880
2026-08-27 05:04:44 - train: epoch 148, iter:0, loss: 0.3750, lr: 5.641348415851587e-05
2026-08-27 05:04:55 - train: epoch 148, iter:20, loss: 0.2218, lr: 5.641348415851587e-05
2026-08-27 05:05:06 - train: epoch 148, iter:40, loss: 0.2320, lr: 5.641348415851587e-05
2026-08-27 05:05:33 - val epoch: 148, loss: 0.4512
2026-08-27 05:05:35 - train: epoch 149, iter:0, loss: 0.1687, lr: 5.594240889475117e-05
2026-08-27 05:05:46 - train: epoch 149, iter:20, loss: 0.2063, lr: 5.594240889475117e-05
2026-08-27 05:05:57 - train: epoch 149, iter:40, loss: 0.2125, lr: 5.594240889475117e-05
2026-08-27 05:06:24 - val epoch: 149, loss: 0.4569
2026-08-27 05:06:27 - train: epoch 150, iter:0, loss: 0.1763, lr: 5.547123028523116e-05
2026-08-27 05:06:38 - train: epoch 150, iter:20, loss: 0.2150, lr: 5.547123028523116e-05
2026-08-27 05:06:49 - train: epoch 150, iter:40, loss: 0.2211, lr: 5.547123028523116e-05
2026-08-27 05:07:20 - val epoch: 150, loss: 0.4768, miou: 0.706365139498828, f1_or_dsc: 0.8279179211388398, accuracy: 0.919608201130782, specificity: 0.9598640627901254, sensitivity: 0.794484712509497
2026-08-27 05:07:23 - train: epoch 151, iter:0, loss: 0.2004, lr: 5.5000000000000104e-05
2026-08-27 05:07:34 - train: epoch 151, iter:20, loss: 0.2324, lr: 5.5000000000000104e-05
2026-08-27 05:07:45 - train: epoch 151, iter:40, loss: 0.2276, lr: 5.5000000000000104e-05
2026-08-27 05:08:11 - val epoch: 151, loss: 0.4806
2026-08-27 05:08:14 - train: epoch 152, iter:0, loss: 0.2153, lr: 5.4528769714769045e-05
2026-08-27 05:08:25 - train: epoch 152, iter:20, loss: 0.2163, lr: 5.4528769714769045e-05
2026-08-27 05:08:36 - train: epoch 152, iter:40, loss: 0.2196, lr: 5.4528769714769045e-05
2026-08-27 05:09:03 - val epoch: 152, loss: 0.4621
2026-08-27 05:09:06 - train: epoch 153, iter:0, loss: 0.2024, lr: 5.405759110524905e-05
2026-08-27 05:09:17 - train: epoch 153, iter:20, loss: 0.2234, lr: 5.405759110524905e-05
2026-08-27 05:09:28 - train: epoch 153, iter:40, loss: 0.2214, lr: 5.405759110524905e-05
2026-08-27 05:09:55 - val epoch: 153, loss: 0.4498
2026-08-27 05:09:58 - train: epoch 154, iter:0, loss: 0.1651, lr: 5.3586515841484326e-05
2026-08-27 05:10:09 - train: epoch 154, iter:20, loss: 0.2405, lr: 5.3586515841484326e-05
2026-08-27 05:10:20 - train: epoch 154, iter:40, loss: 0.2292, lr: 5.3586515841484326e-05
2026-08-27 05:10:47 - val epoch: 154, loss: 0.4983
2026-08-27 05:10:50 - train: epoch 155, iter:0, loss: 0.2676, lr: 5.311559558218611e-05
2026-08-27 05:11:01 - train: epoch 155, iter:20, loss: 0.2143, lr: 5.311559558218611e-05
2026-08-27 05:11:12 - train: epoch 155, iter:40, loss: 0.2163, lr: 5.311559558218611e-05
2026-08-27 05:11:39 - val epoch: 155, loss: 0.4483
2026-08-27 05:11:42 - train: epoch 156, iter:0, loss: 0.2335, lr: 5.264488196906762e-05
2026-08-27 05:11:53 - train: epoch 156, iter:20, loss: 0.2179, lr: 5.264488196906762e-05
2026-08-27 05:12:03 - train: epoch 156, iter:40, loss: 0.2239, lr: 5.264488196906762e-05
2026-08-27 05:12:30 - val epoch: 156, loss: 0.4787
2026-08-27 05:12:33 - train: epoch 157, iter:0, loss: 0.1920, lr: 5.2174426621181e-05
2026-08-27 05:12:44 - train: epoch 157, iter:20, loss: 0.2149, lr: 5.2174426621181e-05
2026-08-27 05:12:55 - train: epoch 157, iter:40, loss: 0.2169, lr: 5.2174426621181e-05
2026-08-27 05:13:22 - val epoch: 157, loss: 0.5051
2026-08-27 05:13:25 - train: epoch 158, iter:0, loss: 0.2411, lr: 5.170428112925667e-05
2026-08-27 05:13:36 - train: epoch 158, iter:20, loss: 0.2247, lr: 5.170428112925667e-05
2026-08-27 05:13:47 - train: epoch 158, iter:40, loss: 0.2147, lr: 5.170428112925667e-05
2026-08-27 05:14:14 - val epoch: 158, loss: 0.4773
2026-08-27 05:14:17 - train: epoch 159, iter:0, loss: 0.1994, lr: 5.123449705004589e-05
2026-08-27 05:14:28 - train: epoch 159, iter:20, loss: 0.2159, lr: 5.123449705004589e-05
2026-08-27 05:14:39 - train: epoch 159, iter:40, loss: 0.2167, lr: 5.123449705004589e-05
2026-08-27 05:15:06 - val epoch: 159, loss: 0.5081
2026-08-27 05:15:09 - train: epoch 160, iter:0, loss: 0.1880, lr: 5.076512590066694e-05
2026-08-27 05:15:20 - train: epoch 160, iter:20, loss: 0.2090, lr: 5.076512590066694e-05
2026-08-27 05:15:31 - train: epoch 160, iter:40, loss: 0.2122, lr: 5.076512590066694e-05
2026-08-27 05:15:58 - val epoch: 160, loss: 0.4775
2026-08-27 05:16:01 - train: epoch 161, iter:0, loss: 0.1807, lr: 5.0296219152955685e-05
2026-08-27 05:16:12 - train: epoch 161, iter:20, loss: 0.2146, lr: 5.0296219152955685e-05
2026-08-27 05:16:23 - train: epoch 161, iter:40, loss: 0.2088, lr: 5.0296219152955685e-05
2026-08-27 05:16:50 - val epoch: 161, loss: 0.4657
2026-08-27 05:16:53 - train: epoch 162, iter:0, loss: 0.2211, lr: 4.982782822782109e-05
2026-08-27 05:17:04 - train: epoch 162, iter:20, loss: 0.2051, lr: 4.982782822782109e-05
2026-08-27 05:17:15 - train: epoch 162, iter:40, loss: 0.2102, lr: 4.982782822782109e-05
2026-08-27 05:17:42 - val epoch: 162, loss: 0.4651
2026-08-27 05:17:45 - train: epoch 163, iter:0, loss: 0.1987, lr: 4.9360004489606395e-05
2026-08-27 05:17:56 - train: epoch 163, iter:20, loss: 0.2073, lr: 4.9360004489606395e-05
2026-08-27 05:18:07 - train: epoch 163, iter:40, loss: 0.2122, lr: 4.9360004489606395e-05
2026-08-27 05:18:34 - val epoch: 163, loss: 0.4650
2026-08-27 05:18:37 - train: epoch 164, iter:0, loss: 0.1446, lr: 4.889279924045639e-05
2026-08-27 05:18:48 - train: epoch 164, iter:20, loss: 0.2029, lr: 4.889279924045639e-05
2026-08-27 05:18:59 - train: epoch 164, iter:40, loss: 0.2029, lr: 4.889279924045639e-05
2026-08-27 05:19:27 - val epoch: 164, loss: 0.4838
2026-08-27 05:19:29 - train: epoch 165, iter:0, loss: 0.1850, lr: 4.842626371469157e-05
2026-08-27 05:19:40 - train: epoch 165, iter:20, loss: 0.2008, lr: 4.842626371469157e-05
2026-08-27 05:19:51 - train: epoch 165, iter:40, loss: 0.2054, lr: 4.842626371469157e-05
2026-08-27 05:20:18 - val epoch: 165, loss: 0.4568
2026-08-27 05:20:21 - train: epoch 166, iter:0, loss: 0.2772, lr: 4.79604490731897e-05
2026-08-27 05:20:32 - train: epoch 166, iter:20, loss: 0.2118, lr: 4.79604490731897e-05
2026-08-27 05:20:43 - train: epoch 166, iter:40, loss: 0.2084, lr: 4.79604490731897e-05
2026-08-27 05:21:10 - val epoch: 166, loss: 0.4604
2026-08-27 05:21:12 - train: epoch 167, iter:0, loss: 0.2378, lr: 4.749540639777547e-05
2026-08-27 05:21:23 - train: epoch 167, iter:20, loss: 0.2039, lr: 4.749540639777547e-05
2026-08-27 05:21:34 - train: epoch 167, iter:40, loss: 0.2042, lr: 4.749540639777547e-05
2026-08-27 05:22:01 - val epoch: 167, loss: 0.4834
2026-08-27 05:22:04 - train: epoch 168, iter:0, loss: 0.2054, lr: 4.703118668561883e-05
2026-08-27 05:22:15 - train: epoch 168, iter:20, loss: 0.2012, lr: 4.703118668561883e-05
2026-08-27 05:22:26 - train: epoch 168, iter:40, loss: 0.1984, lr: 4.703118668561883e-05
2026-08-27 05:22:53 - val epoch: 168, loss: 0.4810
2026-08-27 05:22:56 - train: epoch 169, iter:0, loss: 0.2649, lr: 4.656784084364247e-05
2026-08-27 05:23:07 - train: epoch 169, iter:20, loss: 0.2022, lr: 4.656784084364247e-05
2026-08-27 05:23:18 - train: epoch 169, iter:40, loss: 0.1994, lr: 4.656784084364247e-05
2026-08-27 05:23:45 - val epoch: 169, loss: 0.4518
2026-08-27 05:23:48 - train: epoch 170, iter:0, loss: 0.2469, lr: 4.61054196829394e-05
2026-08-27 05:23:58 - train: epoch 170, iter:20, loss: 0.2073, lr: 4.61054196829394e-05
2026-08-27 05:24:09 - train: epoch 170, iter:40, loss: 0.2056, lr: 4.61054196829394e-05
2026-08-27 05:24:36 - val epoch: 170, loss: 0.4975
2026-08-27 05:24:40 - train: epoch 171, iter:0, loss: 0.2741, lr: 4.564397391320091e-05
2026-08-27 05:24:51 - train: epoch 171, iter:20, loss: 0.2019, lr: 4.564397391320091e-05
2026-08-27 05:25:02 - train: epoch 171, iter:40, loss: 0.2018, lr: 4.564397391320091e-05
2026-08-27 05:25:28 - val epoch: 171, loss: 0.4543
2026-08-27 05:25:32 - train: epoch 172, iter:0, loss: 0.1731, lr: 4.518355413715567e-05
2026-08-27 05:25:42 - train: epoch 172, iter:20, loss: 0.2103, lr: 4.518355413715567e-05
2026-08-27 05:25:53 - train: epoch 172, iter:40, loss: 0.2074, lr: 4.518355413715567e-05
2026-08-27 05:26:21 - val epoch: 172, loss: 0.5013
2026-08-27 05:26:24 - train: epoch 173, iter:0, loss: 0.2583, lr: 4.472421084502058e-05
2026-08-27 05:26:34 - train: epoch 173, iter:20, loss: 0.1908, lr: 4.472421084502058e-05
2026-08-27 05:26:45 - train: epoch 173, iter:40, loss: 0.2010, lr: 4.472421084502058e-05
2026-08-27 05:27:12 - val epoch: 173, loss: 0.4891
2026-08-27 05:27:15 - train: epoch 174, iter:0, loss: 0.1560, lr: 4.426599440896395e-05
2026-08-27 05:27:26 - train: epoch 174, iter:20, loss: 0.1972, lr: 4.426599440896395e-05
2026-08-27 05:27:37 - train: epoch 174, iter:40, loss: 0.1973, lr: 4.426599440896395e-05
2026-08-27 05:28:04 - val epoch: 174, loss: 0.4934
2026-08-27 05:28:07 - train: epoch 175, iter:0, loss: 0.2401, lr: 4.380895507758162e-05
2026-08-27 05:28:18 - train: epoch 175, iter:20, loss: 0.2004, lr: 4.380895507758162e-05
2026-08-27 05:28:29 - train: epoch 175, iter:40, loss: 0.1973, lr: 4.380895507758162e-05
2026-08-27 05:28:55 - val epoch: 175, loss: 0.4798
2026-08-27 05:28:58 - train: epoch 176, iter:0, loss: 0.2036, lr: 4.335314297038665e-05
2026-08-27 05:29:09 - train: epoch 176, iter:20, loss: 0.1860, lr: 4.335314297038665e-05
2026-08-27 05:29:20 - train: epoch 176, iter:40, loss: 0.1918, lr: 4.335314297038665e-05
2026-08-27 05:29:47 - val epoch: 176, loss: 0.4734
2026-08-27 05:29:50 - train: epoch 177, iter:0, loss: 0.2154, lr: 4.289860807231313e-05
2026-08-27 05:30:01 - train: epoch 177, iter:20, loss: 0.1883, lr: 4.289860807231313e-05
2026-08-27 05:30:11 - train: epoch 177, iter:40, loss: 0.1919, lr: 4.289860807231313e-05
2026-08-27 05:30:38 - val epoch: 177, loss: 0.4801
2026-08-27 05:30:41 - train: epoch 178, iter:0, loss: 0.1699, lr: 4.2445400228234754e-05
2026-08-27 05:30:52 - train: epoch 178, iter:20, loss: 0.1952, lr: 4.2445400228234754e-05
2026-08-27 05:31:03 - train: epoch 178, iter:40, loss: 0.1944, lr: 4.2445400228234754e-05
2026-08-27 05:31:30 - val epoch: 178, loss: 0.4774
2026-08-27 05:31:33 - train: epoch 179, iter:0, loss: 0.2416, lr: 4.1993569137498844e-05
2026-08-27 05:31:44 - train: epoch 179, iter:20, loss: 0.1902, lr: 4.1993569137498844e-05
2026-08-27 05:31:55 - train: epoch 179, iter:40, loss: 0.1928, lr: 4.1993569137498844e-05
2026-08-27 05:32:22 - val epoch: 179, loss: 0.4813
2026-08-27 05:32:25 - train: epoch 180, iter:0, loss: 0.2191, lr: 4.154316434847618e-05
2026-08-27 05:32:36 - train: epoch 180, iter:20, loss: 0.1918, lr: 4.154316434847618e-05
2026-08-27 05:32:47 - train: epoch 180, iter:40, loss: 0.1899, lr: 4.154316434847618e-05
2026-08-27 05:33:18 - val epoch: 180, loss: 0.4801, miou: 0.7100996631416421, f1_or_dsc: 0.8304775194646966, accuracy: 0.9195113606972269, specificity: 0.9547609635773932, sensitivity: 0.8099483528996382
2026-08-27 05:33:21 - train: epoch 181, iter:0, loss: 0.2430, lr: 4.109423525312744e-05
2026-08-27 05:33:32 - train: epoch 181, iter:20, loss: 0.1926, lr: 4.109423525312744e-05
2026-08-27 05:33:43 - train: epoch 181, iter:40, loss: 0.1981, lr: 4.109423525312744e-05
2026-08-27 05:34:10 - val epoch: 181, loss: 0.4819
2026-08-27 05:34:13 - train: epoch 182, iter:0, loss: 0.2443, lr: 4.064683108158692e-05
2026-08-27 05:34:24 - train: epoch 182, iter:20, loss: 0.1848, lr: 4.064683108158692e-05
2026-08-27 05:34:34 - train: epoch 182, iter:40, loss: 0.1908, lr: 4.064683108158692e-05
2026-08-27 05:35:01 - val epoch: 182, loss: 0.4814
2026-08-27 05:35:04 - train: epoch 183, iter:0, loss: 0.2754, lr: 4.020100089676382e-05
2026-08-27 05:35:15 - train: epoch 183, iter:20, loss: 0.1983, lr: 4.020100089676382e-05
2026-08-27 05:35:26 - train: epoch 183, iter:40, loss: 0.1920, lr: 4.020100089676382e-05
2026-08-27 05:35:53 - val epoch: 183, loss: 0.4733
2026-08-27 05:35:56 - train: epoch 184, iter:0, loss: 0.1708, lr: 3.975679358896196e-05
2026-08-27 05:36:07 - train: epoch 184, iter:20, loss: 0.1891, lr: 3.975679358896196e-05
2026-08-27 05:36:18 - train: epoch 184, iter:40, loss: 0.1923, lr: 3.975679358896196e-05
2026-08-27 05:36:45 - val epoch: 184, loss: 0.4875
2026-08-27 05:36:48 - train: epoch 185, iter:0, loss: 0.1813, lr: 3.931425787051839e-05
2026-08-27 05:36:59 - train: epoch 185, iter:20, loss: 0.1931, lr: 3.931425787051839e-05
2026-08-27 05:37:09 - train: epoch 185, iter:40, loss: 0.1906, lr: 3.931425787051839e-05
2026-08-27 05:37:36 - val epoch: 185, loss: 0.4809
2026-08-27 05:37:39 - train: epoch 186, iter:0, loss: 0.1811, lr: 3.8873442270461565e-05
2026-08-27 05:37:50 - train: epoch 186, iter:20, loss: 0.1912, lr: 3.8873442270461565e-05
2026-08-27 05:38:01 - train: epoch 186, iter:40, loss: 0.1912, lr: 3.8873442270461565e-05
2026-08-27 05:38:28 - val epoch: 186, loss: 0.4644
2026-08-27 05:38:30 - train: epoch 187, iter:0, loss: 0.1455, lr: 3.843439512918957e-05
2026-08-27 05:38:41 - train: epoch 187, iter:20, loss: 0.1680, lr: 3.843439512918957e-05
2026-08-27 05:38:52 - train: epoch 187, iter:40, loss: 0.1863, lr: 3.843439512918957e-05
2026-08-27 05:39:19 - val epoch: 187, loss: 0.5064
2026-08-27 05:39:22 - train: epoch 188, iter:0, loss: 0.1963, lr: 3.7997164593169046e-05
2026-08-27 05:39:33 - train: epoch 188, iter:20, loss: 0.1907, lr: 3.7997164593169046e-05
2026-08-27 05:39:44 - train: epoch 188, iter:40, loss: 0.1854, lr: 3.7997164593169046e-05
2026-08-27 05:40:11 - val epoch: 188, loss: 0.4803
2026-08-27 05:40:14 - train: epoch 189, iter:0, loss: 0.2562, lr: 3.756179860965544e-05
2026-08-27 05:40:25 - train: epoch 189, iter:20, loss: 0.1752, lr: 3.756179860965544e-05
2026-08-27 05:40:36 - train: epoch 189, iter:40, loss: 0.1853, lr: 3.756179860965544e-05
2026-08-27 05:41:03 - val epoch: 189, loss: 0.4731
2026-08-27 05:41:05 - train: epoch 190, iter:0, loss: 0.2407, lr: 3.7128344921434934e-05
2026-08-27 05:41:16 - train: epoch 190, iter:20, loss: 0.1914, lr: 3.7128344921434934e-05
2026-08-27 05:41:27 - train: epoch 190, iter:40, loss: 0.1917, lr: 3.7128344921434934e-05
2026-08-27 05:41:54 - val epoch: 190, loss: 0.4813
2026-08-27 05:41:57 - train: epoch 191, iter:0, loss: 0.2498, lr: 3.669685106158906e-05
2026-08-27 05:42:08 - train: epoch 191, iter:20, loss: 0.1885, lr: 3.669685106158906e-05
2026-08-27 05:42:19 - train: epoch 191, iter:40, loss: 0.1840, lr: 3.669685106158906e-05
2026-08-27 05:42:46 - val epoch: 191, loss: 0.4936
2026-08-27 05:42:48 - train: epoch 192, iter:0, loss: 0.1388, lr: 3.6267364348282024e-05
2026-08-27 05:42:59 - train: epoch 192, iter:20, loss: 0.1908, lr: 3.6267364348282024e-05
2026-08-27 05:43:10 - train: epoch 192, iter:40, loss: 0.1876, lr: 3.6267364348282024e-05
2026-08-27 05:43:37 - val epoch: 192, loss: 0.4842
2026-08-27 05:43:40 - train: epoch 193, iter:0, loss: 0.1446, lr: 3.58399318795718e-05
2026-08-27 05:43:51 - train: epoch 193, iter:20, loss: 0.1826, lr: 3.58399318795718e-05
2026-08-27 05:44:02 - train: epoch 193, iter:40, loss: 0.1839, lr: 3.58399318795718e-05
2026-08-27 05:44:29 - val epoch: 193, loss: 0.4716
2026-08-27 05:44:32 - train: epoch 194, iter:0, loss: 0.1626, lr: 3.541460052824533e-05
2026-08-27 05:44:42 - train: epoch 194, iter:20, loss: 0.1755, lr: 3.541460052824533e-05
2026-08-27 05:44:53 - train: epoch 194, iter:40, loss: 0.1801, lr: 3.541460052824533e-05
2026-08-27 05:45:20 - val epoch: 194, loss: 0.4737
2026-08-27 05:45:23 - train: epoch 195, iter:0, loss: 0.1982, lr: 3.499141693667834e-05
2026-08-27 05:45:34 - train: epoch 195, iter:20, loss: 0.1867, lr: 3.499141693667834e-05
2026-08-27 05:45:45 - train: epoch 195, iter:40, loss: 0.1870, lr: 3.499141693667834e-05
2026-08-27 05:46:12 - val epoch: 195, loss: 0.4845
2026-08-27 05:46:15 - train: epoch 196, iter:0, loss: 0.1423, lr: 3.4570427511720465e-05
2026-08-27 05:46:26 - train: epoch 196, iter:20, loss: 0.1851, lr: 3.4570427511720465e-05
2026-08-27 05:46:37 - train: epoch 196, iter:40, loss: 0.1785, lr: 3.4570427511720465e-05
2026-08-27 05:47:03 - val epoch: 196, loss: 0.4975
2026-08-27 05:47:06 - train: epoch 197, iter:0, loss: 0.2029, lr: 3.4151678419606305e-05
2026-08-27 05:47:17 - train: epoch 197, iter:20, loss: 0.1736, lr: 3.4151678419606305e-05
2026-08-27 05:47:28 - train: epoch 197, iter:40, loss: 0.1816, lr: 3.4151678419606305e-05
2026-08-27 05:47:55 - val epoch: 197, loss: 0.4830
2026-08-27 05:47:58 - train: epoch 198, iter:0, loss: 0.1552, lr: 3.373521558089265e-05
2026-08-27 05:48:09 - train: epoch 198, iter:20, loss: 0.1834, lr: 3.373521558089265e-05
2026-08-27 05:48:20 - train: epoch 198, iter:40, loss: 0.1816, lr: 3.373521558089265e-05
2026-08-27 05:48:47 - val epoch: 198, loss: 0.4627
2026-08-27 05:48:50 - train: epoch 199, iter:0, loss: 0.2580, lr: 3.332108466542288e-05
2026-08-27 05:49:01 - train: epoch 199, iter:20, loss: 0.1855, lr: 3.332108466542288e-05
2026-08-27 05:49:12 - train: epoch 199, iter:40, loss: 0.1835, lr: 3.332108466542288e-05
2026-08-27 05:49:39 - val epoch: 199, loss: 0.4900
2026-08-27 05:49:42 - train: epoch 200, iter:0, loss: 0.1945, lr: 3.290933108731874e-05
2026-08-27 05:49:53 - train: epoch 200, iter:20, loss: 0.1746, lr: 3.290933108731874e-05
2026-08-27 05:50:04 - train: epoch 200, iter:40, loss: 0.1768, lr: 3.290933108731874e-05
2026-08-27 05:50:31 - val epoch: 200, loss: 0.5067
2026-08-27 05:50:34 - train: epoch 201, iter:0, loss: 0.2235, lr: 3.2500000000000065e-05
2026-08-27 05:50:45 - train: epoch 201, iter:20, loss: 0.1761, lr: 3.2500000000000065e-05
2026-08-27 05:50:56 - train: epoch 201, iter:40, loss: 0.1832, lr: 3.2500000000000065e-05
2026-08-27 05:51:23 - val epoch: 201, loss: 0.4931
2026-08-27 05:51:25 - train: epoch 202, iter:0, loss: 0.1834, lr: 3.2093136291233364e-05
2026-08-27 05:51:36 - train: epoch 202, iter:20, loss: 0.1739, lr: 3.2093136291233364e-05
2026-08-27 05:51:47 - train: epoch 202, iter:40, loss: 0.1763, lr: 3.2093136291233364e-05
2026-08-27 05:52:14 - val epoch: 202, loss: 0.5023
2026-08-27 05:52:17 - train: epoch 203, iter:0, loss: 0.1726, lr: 3.1688784578209223e-05
2026-08-27 05:52:28 - train: epoch 203, iter:20, loss: 0.1800, lr: 3.1688784578209223e-05
2026-08-27 05:52:39 - train: epoch 203, iter:40, loss: 0.1772, lr: 3.1688784578209223e-05
2026-08-27 05:53:06 - val epoch: 203, loss: 0.4808
2026-08-27 05:53:09 - train: epoch 204, iter:0, loss: 0.1755, lr: 3.128698920264959e-05
2026-08-27 05:53:20 - train: epoch 204, iter:20, loss: 0.1754, lr: 3.128698920264959e-05
2026-08-27 05:53:31 - train: epoch 204, iter:40, loss: 0.1773, lr: 3.128698920264959e-05
2026-08-27 05:53:58 - val epoch: 204, loss: 0.4792
2026-08-27 05:54:00 - train: epoch 205, iter:0, loss: 0.1250, lr: 3.088779422594524e-05
2026-08-27 05:54:11 - train: epoch 205, iter:20, loss: 0.1772, lr: 3.088779422594524e-05
2026-08-27 05:54:22 - train: epoch 205, iter:40, loss: 0.1741, lr: 3.088779422594524e-05
2026-08-27 05:54:49 - val epoch: 205, loss: 0.4677
2026-08-27 05:54:52 - train: epoch 206, iter:0, loss: 0.1800, lr: 3.0491243424323874e-05
2026-08-27 05:55:03 - train: epoch 206, iter:20, loss: 0.1853, lr: 3.0491243424323874e-05
2026-08-27 05:55:14 - train: epoch 206, iter:40, loss: 0.1829, lr: 3.0491243424323874e-05
2026-08-27 05:55:41 - val epoch: 206, loss: 0.4926
2026-08-27 05:55:44 - train: epoch 207, iter:0, loss: 0.1917, lr: 3.0097380284049598e-05
2026-08-27 05:55:55 - train: epoch 207, iter:20, loss: 0.1762, lr: 3.0097380284049598e-05
2026-08-27 05:56:06 - train: epoch 207, iter:40, loss: 0.1741, lr: 3.0097380284049598e-05
2026-08-27 05:56:32 - val epoch: 207, loss: 0.4884
2026-08-27 05:56:35 - train: epoch 208, iter:0, loss: 0.1741, lr: 2.9706247996654208e-05
2026-08-27 05:56:46 - train: epoch 208, iter:20, loss: 0.1817, lr: 2.9706247996654208e-05
2026-08-27 05:56:57 - train: epoch 208, iter:40, loss: 0.1749, lr: 2.9706247996654208e-05
2026-08-27 05:57:24 - val epoch: 208, loss: 0.4932
2026-08-27 05:57:27 - train: epoch 209, iter:0, loss: 0.1667, lr: 2.931788945420065e-05
2026-08-27 05:57:38 - train: epoch 209, iter:20, loss: 0.1772, lr: 2.931788945420065e-05
2026-08-27 05:57:49 - train: epoch 209, iter:40, loss: 0.1772, lr: 2.931788945420065e-05
2026-08-27 05:58:16 - val epoch: 209, loss: 0.4817
2026-08-27 05:58:19 - train: epoch 210, iter:0, loss: 0.1796, lr: 2.893234724457952e-05
2026-08-27 05:58:30 - train: epoch 210, iter:20, loss: 0.1765, lr: 2.893234724457952e-05
2026-08-27 05:58:41 - train: epoch 210, iter:40, loss: 0.1686, lr: 2.893234724457952e-05
2026-08-27 05:59:12 - val epoch: 210, loss: 0.4809, miou: 0.712550188830871, f1_or_dsc: 0.8321510148760276, accuracy: 0.9196971666694868, specificity: 0.9524868984851722, sensitivity: 0.8177799435218697
2026-08-27 05:59:15 - train: epoch 211, iter:0, loss: 0.1924, lr: 2.8549663646838785e-05
2026-08-27 05:59:26 - train: epoch 211, iter:20, loss: 0.1770, lr: 2.8549663646838785e-05
2026-08-27 05:59:37 - train: epoch 211, iter:40, loss: 0.1752, lr: 2.8549663646838785e-05
2026-08-27 06:00:04 - val epoch: 211, loss: 0.5178
2026-08-27 06:00:07 - train: epoch 212, iter:0, loss: 0.2193, lr: 2.8169880626547352e-05
2026-08-27 06:00:18 - train: epoch 212, iter:20, loss: 0.1586, lr: 2.8169880626547352e-05
2026-08-27 06:00:29 - train: epoch 212, iter:40, loss: 0.1716, lr: 2.8169880626547352e-05
2026-08-27 06:00:55 - val epoch: 212, loss: 0.5152
2026-08-27 06:00:58 - train: epoch 213, iter:0, loss: 0.1688, lr: 2.7793039831193204e-05
2026-08-27 06:01:09 - train: epoch 213, iter:20, loss: 0.1678, lr: 2.7793039831193204e-05
2026-08-27 06:01:20 - train: epoch 213, iter:40, loss: 0.1746, lr: 2.7793039831193204e-05
2026-08-27 06:01:47 - val epoch: 213, loss: 0.4844
2026-08-27 06:01:50 - train: epoch 214, iter:0, loss: 0.1458, lr: 2.7419182585616138e-05
2026-08-27 06:02:01 - train: epoch 214, iter:20, loss: 0.1692, lr: 2.7419182585616138e-05
2026-08-27 06:02:12 - train: epoch 214, iter:40, loss: 0.1699, lr: 2.7419182585616138e-05
2026-08-27 06:02:38 - val epoch: 214, loss: 0.5070
2026-08-27 06:02:41 - train: epoch 215, iter:0, loss: 0.1505, lr: 2.7048349887476105e-05
2026-08-27 06:02:52 - train: epoch 215, iter:20, loss: 0.1613, lr: 2.7048349887476105e-05
2026-08-27 06:03:03 - train: epoch 215, iter:40, loss: 0.1703, lr: 2.7048349887476105e-05
2026-08-27 06:03:30 - val epoch: 215, loss: 0.4867
2026-08-27 06:03:33 - train: epoch 216, iter:0, loss: 0.1905, lr: 2.668058240275739e-05
2026-08-27 06:03:44 - train: epoch 216, iter:20, loss: 0.1614, lr: 2.668058240275739e-05
2026-08-27 06:03:55 - train: epoch 216, iter:40, loss: 0.1644, lr: 2.668058240275739e-05
2026-08-27 06:04:21 - val epoch: 216, loss: 0.4809
2026-08-27 06:04:25 - train: epoch 217, iter:0, loss: 0.1089, lr: 2.631592046130903e-05
2026-08-27 06:04:35 - train: epoch 217, iter:20, loss: 0.1687, lr: 2.631592046130903e-05
2026-08-27 06:04:46 - train: epoch 217, iter:40, loss: 0.1698, lr: 2.631592046130903e-05
2026-08-27 06:05:14 - val epoch: 217, loss: 0.4724
2026-08-27 06:05:17 - train: epoch 218, iter:0, loss: 0.1690, lr: 2.59544040524223e-05
2026-08-27 06:05:28 - train: epoch 218, iter:20, loss: 0.1684, lr: 2.59544040524223e-05
2026-08-27 06:05:39 - train: epoch 218, iter:40, loss: 0.1672, lr: 2.59544040524223e-05
2026-08-27 06:06:05 - val epoch: 218, loss: 0.4898
2026-08-27 06:06:08 - train: epoch 219, iter:0, loss: 0.1325, lr: 2.5596072820445336e-05
2026-08-27 06:06:19 - train: epoch 219, iter:20, loss: 0.1636, lr: 2.5596072820445336e-05
2026-08-27 06:06:30 - train: epoch 219, iter:40, loss: 0.1617, lr: 2.5596072820445336e-05
2026-08-27 06:06:57 - val epoch: 219, loss: 0.4799
2026-08-27 06:07:00 - train: epoch 220, iter:0, loss: 0.2023, lr: 2.5240966060435724e-05
2026-08-27 06:07:11 - train: epoch 220, iter:20, loss: 0.1778, lr: 2.5240966060435724e-05
2026-08-27 06:07:22 - train: epoch 220, iter:40, loss: 0.1718, lr: 2.5240966060435724e-05
2026-08-27 06:07:48 - val epoch: 220, loss: 0.4883
2026-08-27 06:07:51 - train: epoch 221, iter:0, loss: 0.1818, lr: 2.4889122713851445e-05
2026-08-27 06:08:02 - train: epoch 221, iter:20, loss: 0.1585, lr: 2.4889122713851445e-05
2026-08-27 06:08:13 - train: epoch 221, iter:40, loss: 0.1633, lr: 2.4889122713851445e-05
2026-08-27 06:08:40 - val epoch: 221, loss: 0.4838
2026-08-27 06:08:43 - train: epoch 222, iter:0, loss: 0.1890, lr: 2.4540581364280337e-05
2026-08-27 06:08:54 - train: epoch 222, iter:20, loss: 0.1809, lr: 2.4540581364280337e-05
2026-08-27 06:09:05 - train: epoch 222, iter:40, loss: 0.1793, lr: 2.4540581364280337e-05
2026-08-27 06:09:32 - val epoch: 222, loss: 0.4892
2026-08-27 06:09:35 - train: epoch 223, iter:0, loss: 0.2141, lr: 2.419538023320907e-05
2026-08-27 06:09:46 - train: epoch 223, iter:20, loss: 0.1734, lr: 2.419538023320907e-05
2026-08-27 06:09:57 - train: epoch 223, iter:40, loss: 0.1681, lr: 2.419538023320907e-05
2026-08-27 06:10:24 - val epoch: 223, loss: 0.4794
2026-08-27 06:10:27 - train: epoch 224, iter:0, loss: 0.1445, lr: 2.3853557175831762e-05
2026-08-27 06:10:38 - train: epoch 224, iter:20, loss: 0.1716, lr: 2.3853557175831762e-05
2026-08-27 06:10:49 - train: epoch 224, iter:40, loss: 0.1679, lr: 2.3853557175831762e-05
2026-08-27 06:11:16 - val epoch: 224, loss: 0.5054
2026-08-27 06:11:18 - train: epoch 225, iter:0, loss: 0.2136, lr: 2.351514967689861e-05
2026-08-27 06:11:29 - train: epoch 225, iter:20, loss: 0.1673, lr: 2.351514967689861e-05
2026-08-27 06:11:40 - train: epoch 225, iter:40, loss: 0.1659, lr: 2.351514967689861e-05
2026-08-27 06:12:07 - val epoch: 225, loss: 0.4811
2026-08-27 06:12:10 - train: epoch 226, iter:0, loss: 0.1226, lr: 2.318019484660542e-05
2026-08-27 06:12:21 - train: epoch 226, iter:20, loss: 0.1564, lr: 2.318019484660542e-05
2026-08-27 06:12:32 - train: epoch 226, iter:40, loss: 0.1630, lr: 2.318019484660542e-05
2026-08-27 06:12:59 - val epoch: 226, loss: 0.4889
2026-08-27 06:13:01 - train: epoch 227, iter:0, loss: 0.1542, lr: 2.2848729416523915e-05
2026-08-27 06:13:12 - train: epoch 227, iter:20, loss: 0.1635, lr: 2.2848729416523915e-05
2026-08-27 06:13:23 - train: epoch 227, iter:40, loss: 0.1660, lr: 2.2848729416523915e-05
2026-08-27 06:13:50 - val epoch: 227, loss: 0.5137
2026-08-27 06:13:53 - train: epoch 228, iter:0, loss: 0.1484, lr: 2.2520789735573758e-05
2026-08-27 06:14:04 - train: epoch 228, iter:20, loss: 0.1622, lr: 2.2520789735573758e-05
2026-08-27 06:14:15 - train: epoch 228, iter:40, loss: 0.1608, lr: 2.2520789735573758e-05
2026-08-27 06:14:42 - val epoch: 228, loss: 0.4953
2026-08-27 06:14:45 - train: epoch 229, iter:0, loss: 0.1720, lr: 2.2196411766036546e-05
2026-08-27 06:14:56 - train: epoch 229, iter:20, loss: 0.1687, lr: 2.2196411766036546e-05
2026-08-27 06:15:07 - train: epoch 229, iter:40, loss: 0.1671, lr: 2.2196411766036546e-05
2026-08-27 06:15:34 - val epoch: 229, loss: 0.5078
2026-08-27 06:15:37 - train: epoch 230, iter:0, loss: 0.1388, lr: 2.1875631079612026e-05
2026-08-27 06:15:48 - train: epoch 230, iter:20, loss: 0.1528, lr: 2.1875631079612026e-05
2026-08-27 06:15:59 - train: epoch 230, iter:40, loss: 0.1569, lr: 2.1875631079612026e-05
2026-08-27 06:16:26 - val epoch: 230, loss: 0.4951
2026-08-27 06:16:28 - train: epoch 231, iter:0, loss: 0.1275, lr: 2.1558482853517307e-05
2026-08-27 06:16:39 - train: epoch 231, iter:20, loss: 0.1636, lr: 2.1558482853517307e-05
2026-08-27 06:16:50 - train: epoch 231, iter:40, loss: 0.1607, lr: 2.1558482853517307e-05
2026-08-27 06:17:17 - val epoch: 231, loss: 0.4977
2026-08-27 06:17:20 - train: epoch 232, iter:0, loss: 0.1824, lr: 2.124500186662937e-05
2026-08-27 06:17:31 - train: epoch 232, iter:20, loss: 0.1669, lr: 2.124500186662937e-05
2026-08-27 06:17:41 - train: epoch 232, iter:40, loss: 0.1609, lr: 2.124500186662937e-05
2026-08-27 06:18:08 - val epoch: 232, loss: 0.4974
2026-08-27 06:18:11 - train: epoch 233, iter:0, loss: 0.1539, lr: 2.093522249567102e-05
2026-08-27 06:18:22 - train: epoch 233, iter:20, loss: 0.1592, lr: 2.093522249567102e-05
2026-08-27 06:18:33 - train: epoch 233, iter:40, loss: 0.1626, lr: 2.093522249567102e-05
2026-08-27 06:19:00 - val epoch: 233, loss: 0.5019
2026-08-27 06:19:03 - train: epoch 234, iter:0, loss: 0.1364, lr: 2.062917871144115e-05
2026-08-27 06:19:14 - train: epoch 234, iter:20, loss: 0.1562, lr: 2.062917871144115e-05
2026-08-27 06:19:25 - train: epoch 234, iter:40, loss: 0.1622, lr: 2.062917871144115e-05
2026-08-27 06:19:52 - val epoch: 234, loss: 0.4940
2026-08-27 06:19:55 - train: epoch 235, iter:0, loss: 0.1545, lr: 2.0326904075089536e-05
2026-08-27 06:20:06 - train: epoch 235, iter:20, loss: 0.1598, lr: 2.0326904075089536e-05
2026-08-27 06:20:16 - train: epoch 235, iter:40, loss: 0.1556, lr: 2.0326904075089536e-05
2026-08-27 06:20:44 - val epoch: 235, loss: 0.5080
2026-08-27 06:20:47 - train: epoch 236, iter:0, loss: 0.1272, lr: 2.0028431734436354e-05
2026-08-27 06:20:57 - train: epoch 236, iter:20, loss: 0.1651, lr: 2.0028431734436354e-05
2026-08-27 06:21:08 - train: epoch 236, iter:40, loss: 0.1596, lr: 2.0028431734436354e-05
2026-08-27 06:21:35 - val epoch: 236, loss: 0.4984
2026-08-27 06:21:38 - train: epoch 237, iter:0, loss: 0.1620, lr: 1.9733794420337255e-05
2026-08-27 06:21:49 - train: epoch 237, iter:20, loss: 0.1540, lr: 1.9733794420337255e-05
2026-08-27 06:22:00 - train: epoch 237, iter:40, loss: 0.1558, lr: 1.9733794420337255e-05
2026-08-27 06:22:27 - val epoch: 237, loss: 0.5060
2026-08-27 06:22:30 - train: epoch 238, iter:0, loss: 0.1408, lr: 1.9443024443093982e-05
2026-08-27 06:22:41 - train: epoch 238, iter:20, loss: 0.1518, lr: 1.9443024443093982e-05
2026-08-27 06:22:52 - train: epoch 238, iter:40, loss: 0.1559, lr: 1.9443024443093982e-05
2026-08-27 06:23:19 - val epoch: 238, loss: 0.4885
2026-08-27 06:23:22 - train: epoch 239, iter:0, loss: 0.1892, lr: 1.9156153688911208e-05
2026-08-27 06:23:33 - train: epoch 239, iter:20, loss: 0.1553, lr: 1.9156153688911208e-05
2026-08-27 06:23:44 - train: epoch 239, iter:40, loss: 0.1590, lr: 1.9156153688911208e-05
2026-08-27 06:24:10 - val epoch: 239, loss: 0.5010
2026-08-27 06:24:13 - train: epoch 240, iter:0, loss: 0.1281, lr: 1.8873213616399892e-05
2026-08-27 06:24:24 - train: epoch 240, iter:20, loss: 0.1527, lr: 1.8873213616399892e-05
2026-08-27 06:24:35 - train: epoch 240, iter:40, loss: 0.1572, lr: 1.8873213616399892e-05
2026-08-27 06:25:06 - val epoch: 240, loss: 0.4967, miou: 0.7139449054502469, f1_or_dsc: 0.8331013478670672, accuracy: 0.92180865825993, specificity: 0.9604428190579569, sensitivity: 0.801725749094754
2026-08-27 06:25:09 - train: epoch 241, iter:0, loss: 0.1561, lr: 1.859423525312741e-05
2026-08-27 06:25:20 - train: epoch 241, iter:20, loss: 0.1517, lr: 1.859423525312741e-05
2026-08-27 06:25:31 - train: epoch 241, iter:40, loss: 0.1562, lr: 1.859423525312741e-05
2026-08-27 06:25:58 - val epoch: 241, loss: 0.4786
2026-08-27 06:26:00 - train: epoch 242, iter:0, loss: 0.1577, lr: 1.8319249192215093e-05
2026-08-27 06:26:11 - train: epoch 242, iter:20, loss: 0.1508, lr: 1.8319249192215093e-05
2026-08-27 06:26:22 - train: epoch 242, iter:40, loss: 0.1527, lr: 1.8319249192215093e-05
2026-08-27 06:26:49 - val epoch: 242, loss: 0.4900
2026-08-27 06:26:52 - train: epoch 243, iter:0, loss: 0.1530, lr: 1.8048285588983354e-05
2026-08-27 06:27:03 - train: epoch 243, iter:20, loss: 0.1554, lr: 1.8048285588983354e-05
2026-08-27 06:27:14 - train: epoch 243, iter:40, loss: 0.1558, lr: 1.8048285588983354e-05
2026-08-27 06:27:41 - val epoch: 243, loss: 0.4956
2026-08-27 06:27:44 - train: epoch 244, iter:0, loss: 0.1378, lr: 1.7781374157644745e-05
2026-08-27 06:27:55 - train: epoch 244, iter:20, loss: 0.1527, lr: 1.7781374157644745e-05
2026-08-27 06:28:06 - train: epoch 244, iter:40, loss: 0.1524, lr: 1.7781374157644745e-05
2026-08-27 06:28:33 - val epoch: 244, loss: 0.4979
2026-08-27 06:28:36 - train: epoch 245, iter:0, loss: 0.1497, lr: 1.7518544168045555e-05
2026-08-27 06:28:46 - train: epoch 245, iter:20, loss: 0.1522, lr: 1.7518544168045555e-05
2026-08-27 06:28:57 - train: epoch 245, iter:40, loss: 0.1506, lr: 1.7518544168045555e-05
2026-08-27 06:29:24 - val epoch: 245, loss: 0.5019
2026-08-27 06:29:27 - train: epoch 246, iter:0, loss: 0.1608, lr: 1.7259824442455953e-05
2026-08-27 06:29:38 - train: epoch 246, iter:20, loss: 0.1482, lr: 1.7259824442455953e-05
2026-08-27 06:29:49 - train: epoch 246, iter:40, loss: 0.1529, lr: 1.7259824442455953e-05
2026-08-27 06:30:16 - val epoch: 246, loss: 0.5082
2026-08-27 06:30:19 - train: epoch 247, iter:0, loss: 0.1590, lr: 1.700524335240935e-05
2026-08-27 06:30:30 - train: epoch 247, iter:20, loss: 0.1564, lr: 1.700524335240935e-05
2026-08-27 06:30:41 - train: epoch 247, iter:40, loss: 0.1514, lr: 1.700524335240935e-05
2026-08-27 06:31:08 - val epoch: 247, loss: 0.5057
2026-08-27 06:31:11 - train: epoch 248, iter:0, loss: 0.1195, lr: 1.675482881559116e-05
2026-08-27 06:31:22 - train: epoch 248, iter:20, loss: 0.1542, lr: 1.675482881559116e-05
2026-08-27 06:31:33 - train: epoch 248, iter:40, loss: 0.1520, lr: 1.675482881559116e-05
2026-08-27 06:31:59 - val epoch: 248, loss: 0.5050
2026-08-27 06:32:02 - train: epoch 249, iter:0, loss: 0.1977, lr: 1.650860829277723e-05
2026-08-27 06:32:13 - train: epoch 249, iter:20, loss: 0.1466, lr: 1.650860829277723e-05
2026-08-27 06:32:24 - train: epoch 249, iter:40, loss: 0.1490, lr: 1.650860829277723e-05
2026-08-27 06:32:51 - val epoch: 249, loss: 0.5093
2026-08-27 06:32:54 - train: epoch 250, iter:0, loss: 0.1682, lr: 1.6266608784822568e-05
2026-08-27 06:33:05 - train: epoch 250, iter:20, loss: 0.1526, lr: 1.6266608784822568e-05
2026-08-27 06:33:16 - train: epoch 250, iter:40, loss: 0.1564, lr: 1.6266608784822568e-05
2026-08-27 06:33:43 - val epoch: 250, loss: 0.5072
2026-08-27 06:33:45 - train: epoch 251, iter:0, loss: 0.2400, lr: 1.6028856829700293e-05
2026-08-27 06:33:56 - train: epoch 251, iter:20, loss: 0.1476, lr: 1.6028856829700293e-05
2026-08-27 06:34:07 - train: epoch 251, iter:40, loss: 0.1511, lr: 1.6028856829700293e-05
2026-08-27 06:34:34 - val epoch: 251, loss: 0.5315
2026-08-27 06:34:37 - train: epoch 252, iter:0, loss: 0.1171, lr: 1.5795378499591492e-05
2026-08-27 06:34:48 - train: epoch 252, iter:20, loss: 0.1627, lr: 1.5795378499591492e-05
2026-08-27 06:34:59 - train: epoch 252, iter:40, loss: 0.1535, lr: 1.5795378499591492e-05
2026-08-27 06:35:26 - val epoch: 252, loss: 0.5048
2026-08-27 06:35:28 - train: epoch 253, iter:0, loss: 0.1574, lr: 1.556619939802616e-05
2026-08-27 06:35:39 - train: epoch 253, iter:20, loss: 0.1504, lr: 1.556619939802616e-05
2026-08-27 06:35:50 - train: epoch 253, iter:40, loss: 0.1512, lr: 1.556619939802616e-05
2026-08-27 06:36:17 - val epoch: 253, loss: 0.4992
2026-08-27 06:36:20 - train: epoch 254, iter:0, loss: 0.1543, lr: 1.5341344657075372e-05
2026-08-27 06:36:31 - train: epoch 254, iter:20, loss: 0.1498, lr: 1.5341344657075372e-05
2026-08-27 06:36:42 - train: epoch 254, iter:40, loss: 0.1481, lr: 1.5341344657075372e-05
2026-08-27 06:37:09 - val epoch: 254, loss: 0.5102
2026-08-27 06:37:12 - train: epoch 255, iter:0, loss: 0.1482, lr: 1.5120838934595356e-05
2026-08-27 06:37:22 - train: epoch 255, iter:20, loss: 0.1538, lr: 1.5120838934595356e-05
2026-08-27 06:37:33 - train: epoch 255, iter:40, loss: 0.1528, lr: 1.5120838934595356e-05
2026-08-27 06:38:00 - val epoch: 255, loss: 0.5009
2026-08-27 06:38:03 - train: epoch 256, iter:0, loss: 0.1595, lr: 1.4904706411523467e-05
2026-08-27 06:38:14 - train: epoch 256, iter:20, loss: 0.1470, lr: 1.4904706411523467e-05
2026-08-27 06:38:25 - train: epoch 256, iter:40, loss: 0.1514, lr: 1.4904706411523467e-05
2026-08-27 06:38:52 - val epoch: 256, loss: 0.5105
2026-08-27 06:38:55 - train: epoch 257, iter:0, loss: 0.1718, lr: 1.4692970789226446e-05
2026-08-27 06:39:06 - train: epoch 257, iter:20, loss: 0.1499, lr: 1.4692970789226446e-05
2026-08-27 06:39:17 - train: epoch 257, iter:40, loss: 0.1496, lr: 1.4692970789226446e-05
2026-08-27 06:39:44 - val epoch: 257, loss: 0.5373
2026-08-27 06:39:46 - train: epoch 258, iter:0, loss: 0.1577, lr: 1.4485655286901307e-05
2026-08-27 06:39:57 - train: epoch 258, iter:20, loss: 0.1515, lr: 1.4485655286901307e-05
2026-08-27 06:40:08 - train: epoch 258, iter:40, loss: 0.1507, lr: 1.4485655286901307e-05
2026-08-27 06:40:35 - val epoch: 258, loss: 0.5267
2026-08-27 06:40:38 - train: epoch 259, iter:0, loss: 0.1913, lr: 1.4282782639029144e-05
2026-08-27 06:40:49 - train: epoch 259, iter:20, loss: 0.1528, lr: 1.4282782639029144e-05
2026-08-27 06:41:00 - train: epoch 259, iter:40, loss: 0.1520, lr: 1.4282782639029144e-05
2026-08-27 06:41:27 - val epoch: 259, loss: 0.4945
2026-08-27 06:41:30 - train: epoch 260, iter:0, loss: 0.1534, lr: 1.4084375092881932e-05
2026-08-27 06:41:41 - train: epoch 260, iter:20, loss: 0.1547, lr: 1.4084375092881932e-05
2026-08-27 06:41:52 - train: epoch 260, iter:40, loss: 0.1525, lr: 1.4084375092881932e-05
2026-08-27 06:42:19 - val epoch: 260, loss: 0.4991
2026-08-27 06:42:22 - train: epoch 261, iter:0, loss: 0.1513, lr: 1.389045440608298e-05
2026-08-27 06:42:33 - train: epoch 261, iter:20, loss: 0.1541, lr: 1.389045440608298e-05
2026-08-27 06:42:43 - train: epoch 261, iter:40, loss: 0.1530, lr: 1.389045440608298e-05
2026-08-27 06:43:10 - val epoch: 261, loss: 0.5072
2026-08-27 06:43:13 - train: epoch 262, iter:0, loss: 0.1555, lr: 1.3701041844220871e-05
2026-08-27 06:43:24 - train: epoch 262, iter:20, loss: 0.1444, lr: 1.3701041844220871e-05
2026-08-27 06:43:35 - train: epoch 262, iter:40, loss: 0.1467, lr: 1.3701041844220871e-05
2026-08-27 06:44:02 - val epoch: 262, loss: 0.5108
2026-08-27 06:44:05 - train: epoch 263, iter:0, loss: 0.1553, lr: 1.3516158178517484e-05
2026-08-27 06:44:16 - train: epoch 263, iter:20, loss: 0.1491, lr: 1.3516158178517484e-05
2026-08-27 06:44:27 - train: epoch 263, iter:40, loss: 0.1494, lr: 1.3516158178517484e-05
2026-08-27 06:44:54 - val epoch: 263, loss: 0.4995
2026-08-27 06:44:57 - train: epoch 264, iter:0, loss: 0.1486, lr: 1.3335823683550249e-05
2026-08-27 06:45:08 - train: epoch 264, iter:20, loss: 0.1496, lr: 1.3335823683550249e-05
2026-08-27 06:45:19 - train: epoch 264, iter:40, loss: 0.1523, lr: 1.3335823683550249e-05
2026-08-27 06:45:46 - val epoch: 264, loss: 0.5117
2026-08-27 06:45:49 - train: epoch 265, iter:0, loss: 0.1495, lr: 1.31600581350287e-05
2026-08-27 06:45:59 - train: epoch 265, iter:20, loss: 0.1431, lr: 1.31600581350287e-05
2026-08-27 06:46:10 - train: epoch 265, iter:40, loss: 0.1458, lr: 1.31600581350287e-05
2026-08-27 06:46:37 - val epoch: 265, loss: 0.5090
2026-08-27 06:46:40 - train: epoch 266, iter:0, loss: 0.1829, lr: 1.2988880807625931e-05
2026-08-27 06:46:51 - train: epoch 266, iter:20, loss: 0.1508, lr: 1.2988880807625931e-05
2026-08-27 06:47:02 - train: epoch 266, iter:40, loss: 0.1495, lr: 1.2988880807625931e-05
2026-08-27 06:47:29 - val epoch: 266, loss: 0.5149
2026-08-27 06:47:32 - train: epoch 267, iter:0, loss: 0.2075, lr: 1.2822310472864893e-05
2026-08-27 06:47:43 - train: epoch 267, iter:20, loss: 0.1580, lr: 1.2822310472864893e-05
2026-08-27 06:47:54 - train: epoch 267, iter:40, loss: 0.1493, lr: 1.2822310472864893e-05
2026-08-27 06:48:20 - val epoch: 267, loss: 0.5273
2026-08-27 06:48:23 - train: epoch 268, iter:0, loss: 0.1506, lr: 1.2660365397059863e-05
2026-08-27 06:48:34 - train: epoch 268, iter:20, loss: 0.1458, lr: 1.2660365397059863e-05
2026-08-27 06:48:45 - train: epoch 268, iter:40, loss: 0.1470, lr: 1.2660365397059863e-05
2026-08-27 06:49:12 - val epoch: 268, loss: 0.5115
2026-08-27 06:49:15 - train: epoch 269, iter:0, loss: 0.1626, lr: 1.2503063339313363e-05
2026-08-27 06:49:26 - train: epoch 269, iter:20, loss: 0.1607, lr: 1.2503063339313363e-05
2026-08-27 06:49:37 - train: epoch 269, iter:40, loss: 0.1543, lr: 1.2503063339313363e-05
2026-08-27 06:50:04 - val epoch: 269, loss: 0.4965
2026-08-27 06:50:06 - train: epoch 270, iter:0, loss: 0.1417, lr: 1.2350421549568658e-05
2026-08-27 06:50:17 - train: epoch 270, iter:20, loss: 0.1398, lr: 1.2350421549568658e-05
2026-08-27 06:50:28 - train: epoch 270, iter:40, loss: 0.1465, lr: 1.2350421549568658e-05
2026-08-27 06:50:59 - val epoch: 270, loss: 0.5134, miou: 0.7112080206094683, f1_or_dsc: 0.831235024665397, accuracy: 0.9196520890339767, specificity: 0.9539966518649133, sensitivity: 0.8129021316502595
2026-08-27 06:51:03 - train: epoch 271, iter:0, loss: 0.1559, lr: 1.2202456766718098e-05
2026-08-27 06:51:13 - train: epoch 271, iter:20, loss: 0.1484, lr: 1.2202456766718098e-05
2026-08-27 06:51:24 - train: epoch 271, iter:40, loss: 0.1483, lr: 1.2202456766718098e-05
2026-08-27 06:51:51 - val epoch: 271, loss: 0.5170
2026-08-27 06:51:54 - train: epoch 272, iter:0, loss: 0.1402, lr: 1.205918521676755e-05
2026-08-27 06:52:05 - train: epoch 272, iter:20, loss: 0.1520, lr: 1.205918521676755e-05
2026-08-27 06:52:16 - train: epoch 272, iter:40, loss: 0.1472, lr: 1.205918521676755e-05
2026-08-27 06:52:43 - val epoch: 272, loss: 0.5158
2026-08-27 06:52:45 - train: epoch 273, iter:0, loss: 0.1556, lr: 1.192062261105698e-05
2026-08-27 06:52:56 - train: epoch 273, iter:20, loss: 0.1455, lr: 1.192062261105698e-05
2026-08-27 06:53:07 - train: epoch 273, iter:40, loss: 0.1471, lr: 1.192062261105698e-05
2026-08-27 06:53:34 - val epoch: 273, loss: 0.5143
2026-08-27 06:53:37 - train: epoch 274, iter:0, loss: 0.1662, lr: 1.1786784144537568e-05
2026-08-27 06:53:48 - train: epoch 274, iter:20, loss: 0.1474, lr: 1.1786784144537568e-05
2026-08-27 06:53:59 - train: epoch 274, iter:40, loss: 0.1447, lr: 1.1786784144537568e-05
2026-08-27 06:54:26 - val epoch: 274, loss: 0.5142
2026-08-27 06:54:29 - train: epoch 275, iter:0, loss: 0.1461, lr: 1.165768449410539e-05
2026-08-27 06:54:40 - train: epoch 275, iter:20, loss: 0.1392, lr: 1.165768449410539e-05
2026-08-27 06:54:51 - train: epoch 275, iter:40, loss: 0.1441, lr: 1.165768449410539e-05
2026-08-27 06:55:18 - val epoch: 275, loss: 0.5320
2026-08-27 06:55:21 - train: epoch 276, iter:0, loss: 0.1481, lr: 1.153333781699193e-05
2026-08-27 06:55:32 - train: epoch 276, iter:20, loss: 0.1518, lr: 1.153333781699193e-05
2026-08-27 06:55:43 - train: epoch 276, iter:40, loss: 0.1466, lr: 1.153333781699193e-05
2026-08-27 06:56:09 - val epoch: 276, loss: 0.5235
2026-08-27 06:56:12 - train: epoch 277, iter:0, loss: 0.1734, lr: 1.1413757749211606e-05
2026-08-27 06:56:23 - train: epoch 277, iter:20, loss: 0.1422, lr: 1.1413757749211606e-05
2026-08-27 06:56:34 - train: epoch 277, iter:40, loss: 0.1446, lr: 1.1413757749211606e-05
2026-08-27 06:57:01 - val epoch: 277, loss: 0.5063
2026-08-27 06:57:04 - train: epoch 278, iter:0, loss: 0.1380, lr: 1.1298957404066385e-05
2026-08-27 06:57:15 - train: epoch 278, iter:20, loss: 0.1478, lr: 1.1298957404066385e-05
2026-08-27 06:57:26 - train: epoch 278, iter:40, loss: 0.1454, lr: 1.1298957404066385e-05
2026-08-27 06:57:52 - val epoch: 278, loss: 0.5077
2026-08-27 06:57:55 - train: epoch 279, iter:0, loss: 0.1228, lr: 1.118894937070779e-05
2026-08-27 06:58:06 - train: epoch 279, iter:20, loss: 0.1439, lr: 1.118894937070779e-05
2026-08-27 06:58:17 - train: epoch 279, iter:40, loss: 0.1433, lr: 1.118894937070779e-05
2026-08-27 06:58:44 - val epoch: 279, loss: 0.5124
2026-08-27 06:58:47 - train: epoch 280, iter:0, loss: 0.1828, lr: 1.1083745712756373e-05
2026-08-27 06:58:58 - train: epoch 280, iter:20, loss: 0.1385, lr: 1.1083745712756373e-05
2026-08-27 06:59:09 - train: epoch 280, iter:40, loss: 0.1450, lr: 1.1083745712756373e-05
2026-08-27 06:59:36 - val epoch: 280, loss: 0.5157
2026-08-27 06:59:39 - train: epoch 281, iter:0, loss: 0.1778, lr: 1.0983357966978752e-05
2026-08-27 06:59:50 - train: epoch 281, iter:20, loss: 0.1371, lr: 1.0983357966978752e-05
2026-08-27 07:00:01 - train: epoch 281, iter:40, loss: 0.1441, lr: 1.0983357966978752e-05
2026-08-27 07:00:28 - val epoch: 281, loss: 0.5134
2026-08-27 07:00:31 - train: epoch 282, iter:0, loss: 0.1192, lr: 1.0887797142022524e-05
2026-08-27 07:00:42 - train: epoch 282, iter:20, loss: 0.1425, lr: 1.0887797142022524e-05
2026-08-27 07:00:52 - train: epoch 282, iter:40, loss: 0.1438, lr: 1.0887797142022524e-05
2026-08-27 07:01:20 - val epoch: 282, loss: 0.5112
2026-08-27 07:01:23 - train: epoch 283, iter:0, loss: 0.1385, lr: 1.0797073717209015e-05
2026-08-27 07:01:34 - train: epoch 283, iter:20, loss: 0.1426, lr: 1.0797073717209015e-05
2026-08-27 07:01:45 - train: epoch 283, iter:40, loss: 0.1419, lr: 1.0797073717209015e-05
2026-08-27 07:02:11 - val epoch: 283, loss: 0.5083
2026-08-27 07:02:14 - train: epoch 284, iter:0, loss: 0.1348, lr: 1.0711197641384117e-05
2026-08-27 07:02:25 - train: epoch 284, iter:20, loss: 0.1489, lr: 1.0711197641384117e-05
2026-08-27 07:02:36 - train: epoch 284, iter:40, loss: 0.1437, lr: 1.0711197641384117e-05
2026-08-27 07:03:03 - val epoch: 284, loss: 0.5138
2026-08-27 07:03:06 - train: epoch 285, iter:0, loss: 0.1223, lr: 1.0630178331827276e-05
2026-08-27 07:03:16 - train: epoch 285, iter:20, loss: 0.1440, lr: 1.0630178331827276e-05
2026-08-27 07:03:27 - train: epoch 285, iter:40, loss: 0.1414, lr: 1.0630178331827276e-05
2026-08-27 07:03:54 - val epoch: 285, loss: 0.5089
2026-08-27 07:03:58 - train: epoch 286, iter:0, loss: 0.1249, lr: 1.0554024673218807e-05
2026-08-27 07:04:08 - train: epoch 286, iter:20, loss: 0.1411, lr: 1.0554024673218807e-05
2026-08-27 07:04:19 - train: epoch 286, iter:40, loss: 0.1426, lr: 1.0554024673218807e-05
2026-08-27 07:04:46 - val epoch: 286, loss: 0.5248
2026-08-27 07:04:49 - train: epoch 287, iter:0, loss: 0.1714, lr: 1.0482745016665526e-05
2026-08-27 07:05:00 - train: epoch 287, iter:20, loss: 0.1390, lr: 1.0482745016665526e-05
2026-08-27 07:05:11 - train: epoch 287, iter:40, loss: 0.1404, lr: 1.0482745016665526e-05
2026-08-27 07:05:37 - val epoch: 287, loss: 0.5056
2026-08-27 07:05:40 - train: epoch 288, iter:0, loss: 0.1396, lr: 1.0416347178785039e-05
2026-08-27 07:05:51 - train: epoch 288, iter:20, loss: 0.1472, lr: 1.0416347178785039e-05
2026-08-27 07:06:02 - train: epoch 288, iter:40, loss: 0.1461, lr: 1.0416347178785039e-05
2026-08-27 07:06:29 - val epoch: 288, loss: 0.5031
2026-08-27 07:06:33 - train: epoch 289, iter:0, loss: 0.2003, lr: 1.0354838440848501e-05
2026-08-27 07:06:43 - train: epoch 289, iter:20, loss: 0.1478, lr: 1.0354838440848501e-05
2026-08-27 07:06:54 - train: epoch 289, iter:40, loss: 0.1430, lr: 1.0354838440848501e-05
2026-08-27 07:07:21 - val epoch: 289, loss: 0.5139
2026-08-27 07:07:24 - train: epoch 290, iter:0, loss: 0.1211, lr: 1.029822554798216e-05
2026-08-27 07:07:35 - train: epoch 290, iter:20, loss: 0.1412, lr: 1.029822554798216e-05
2026-08-27 07:07:46 - train: epoch 290, iter:40, loss: 0.1438, lr: 1.029822554798216e-05
2026-08-27 07:08:13 - val epoch: 290, loss: 0.5175
2026-08-27 07:08:16 - train: epoch 291, iter:0, loss: 0.1485, lr: 1.0246514708427702e-05
2026-08-27 07:08:27 - train: epoch 291, iter:20, loss: 0.1405, lr: 1.0246514708427702e-05
2026-08-27 07:08:38 - train: epoch 291, iter:40, loss: 0.1421, lr: 1.0246514708427702e-05
2026-08-27 07:09:05 - val epoch: 291, loss: 0.5125
2026-08-27 07:09:08 - train: epoch 292, iter:0, loss: 0.1703, lr: 1.01997115928614e-05
2026-08-27 07:09:19 - train: epoch 292, iter:20, loss: 0.1517, lr: 1.01997115928614e-05
2026-08-27 07:09:30 - train: epoch 292, iter:40, loss: 0.1473, lr: 1.01997115928614e-05
2026-08-27 07:09:57 - val epoch: 292, loss: 0.5129
2026-08-27 07:10:00 - train: epoch 293, iter:0, loss: 0.1502, lr: 1.0157821333772303e-05
2026-08-27 07:10:11 - train: epoch 293, iter:20, loss: 0.1449, lr: 1.0157821333772303e-05
2026-08-27 07:10:21 - train: epoch 293, iter:40, loss: 0.1466, lr: 1.0157821333772303e-05
2026-08-27 07:10:48 - val epoch: 293, loss: 0.5263
2026-08-27 07:10:52 - train: epoch 294, iter:0, loss: 0.1172, lr: 1.0120848524899386e-05
2026-08-27 07:11:03 - train: epoch 294, iter:20, loss: 0.1437, lr: 1.0120848524899386e-05
2026-08-27 07:11:14 - train: epoch 294, iter:40, loss: 0.1405, lr: 1.0120848524899386e-05
2026-08-27 07:11:40 - val epoch: 294, loss: 0.5223
2026-08-27 07:11:43 - train: epoch 295, iter:0, loss: 0.1217, lr: 1.0088797220727781e-05
2026-08-27 07:11:54 - train: epoch 295, iter:20, loss: 0.1311, lr: 1.0088797220727781e-05
2026-08-27 07:12:05 - train: epoch 295, iter:40, loss: 0.1406, lr: 1.0088797220727781e-05
2026-08-27 07:12:32 - val epoch: 295, loss: 0.5217
2026-08-27 07:12:35 - train: epoch 296, iter:0, loss: 0.1358, lr: 1.0061670936044179e-05
2026-08-27 07:12:46 - train: epoch 296, iter:20, loss: 0.1405, lr: 1.0061670936044179e-05
2026-08-27 07:12:57 - train: epoch 296, iter:40, loss: 0.1423, lr: 1.0061670936044179e-05
2026-08-27 07:13:24 - val epoch: 296, loss: 0.5125
2026-08-27 07:13:26 - train: epoch 297, iter:0, loss: 0.1344, lr: 1.0039472645551374e-05
2026-08-27 07:13:37 - train: epoch 297, iter:20, loss: 0.1441, lr: 1.0039472645551374e-05
2026-08-27 07:13:48 - train: epoch 297, iter:40, loss: 0.1405, lr: 1.0039472645551374e-05
2026-08-27 07:14:15 - val epoch: 297, loss: 0.5162
2026-08-27 07:14:18 - train: epoch 298, iter:0, loss: 0.1676, lr: 1.002220478354208e-05
2026-08-27 07:14:29 - train: epoch 298, iter:20, loss: 0.1418, lr: 1.002220478354208e-05
2026-08-27 07:14:40 - train: epoch 298, iter:40, loss: 0.1405, lr: 1.002220478354208e-05
2026-08-27 07:15:07 - val epoch: 298, loss: 0.5220
2026-08-27 07:15:09 - train: epoch 299, iter:0, loss: 0.1366, lr: 1.0009869243631953e-05
2026-08-27 07:15:20 - train: epoch 299, iter:20, loss: 0.1413, lr: 1.0009869243631953e-05
2026-08-27 07:15:31 - train: epoch 299, iter:40, loss: 0.1395, lr: 1.0009869243631953e-05
2026-08-27 07:15:58 - val epoch: 299, loss: 0.5336
2026-08-27 07:16:01 - train: epoch 300, iter:0, loss: 0.1460, lr: 1.0002467378551954e-05
2026-08-27 07:16:12 - train: epoch 300, iter:20, loss: 0.1398, lr: 1.0002467378551954e-05
2026-08-27 07:16:23 - train: epoch 300, iter:40, loss: 0.1433, lr: 1.0002467378551954e-05
2026-08-27 07:16:55 - val epoch: 300, loss: 0.5132, miou: 0.7163286274762907, f1_or_dsc: 0.8347219943882058, accuracy: 0.9216463825490215, specificity: 0.9566507886218719, sensitivity: 0.8128454968043595
2026-08-27 07:17:17 - test of best model, best_val_loss: 0.4346, miou: 0.7154564076648486, f1_or_dsc: 0.8341295115027236, accuracy: 0.9190393013529258, specificity: 0.9456597610538091, sensitivity: 0.836297443417716, confusion_matrix: [[37886437  2177060]
 [ 2110059 10779532]]
