2026-09-29 11:40:09 - #----------Config info----------#
2026-09-29 11:40:09 - seed: 43,
2026-09-29 11:40:09 - work_dir: results/stability_dual_scf_seed43_v1_20260914/,
2026-09-29 11:40:09 - epochs: 300,
2026-09-29 11:40:09 - val_interval: 10,
2026-09-29 11:40:09 - save_interval: 10,
2026-09-29 11:40:09 - num_workers: 4,
2026-09-29 11:40:09 - batch_size: 64,
2026-09-29 11:40:09 - val_batch_size: 8,
2026-09-29 11:40:09 - gradient_accumulation_steps: 1,
2026-09-29 11:40:09 - [diff-lr] group1 82,370 lr=0.001; group2 5,259,408 lr=0.0001
2026-09-29 11:40:10 - train: epoch 1, iter:0, loss: 6.7248, lr: 0.001
2026-09-29 11:40:14 - train: epoch 1, iter:20, loss: 3.3186, lr: 0.001
2026-09-29 11:40:18 - val epoch: 1, loss: 2.0480
2026-09-29 11:40:18 - train gamma: g2=0.100 g3=0.100 g4=0.100 g5=0.100
2026-09-29 11:40:20 - train: epoch 2, iter:0, loss: 2.1262, lr: 0.0009999728588359286
2026-09-29 11:40:23 - train: epoch 2, iter:20, loss: 1.8113, lr: 0.0009999728588359286
2026-09-29 11:40:27 - val epoch: 2, loss: 1.4700
2026-09-29 11:40:27 - train gamma: g2=0.100 g3=0.101 g4=0.099 g5=0.097
2026-09-29 11:40:29 - train: epoch 3, iter:0, loss: 1.7032, lr: 0.0009998914383200486
2026-09-29 11:40:32 - train: epoch 3, iter:20, loss: 1.5491, lr: 0.0009998914383200486
2026-09-29 11:40:36 - val epoch: 3, loss: 1.3356
2026-09-29 11:40:36 - train gamma: g2=0.100 g3=0.101 g4=0.099 g5=0.086
2026-09-29 11:40:38 - train: epoch 4, iter:0, loss: 1.1593, lr: 0.0009997557473810372
2026-09-29 11:40:41 - train: epoch 4, iter:20, loss: 1.2513, lr: 0.0009997557473810372
2026-09-29 11:40:45 - val epoch: 4, loss: 1.1803
2026-09-29 11:40:45 - train gamma: g2=0.100 g3=0.101 g4=0.098 g5=0.080
2026-09-29 11:40:47 - train: epoch 5, iter:0, loss: 1.2644, lr: 0.000999565800898935
2026-09-29 11:40:50 - train: epoch 5, iter:20, loss: 1.2195, lr: 0.000999565800898935
2026-09-29 11:40:54 - val epoch: 5, loss: 1.2019
2026-09-29 11:40:54 - train gamma: g2=0.100 g3=0.100 g4=0.096 g5=0.073
2026-09-29 11:40:56 - train: epoch 6, iter:0, loss: 1.1848, lr: 0.0009993216197035143
2026-09-29 11:40:59 - train: epoch 6, iter:20, loss: 1.1484, lr: 0.0009993216197035143
2026-09-29 11:41:03 - val epoch: 6, loss: 1.0861
2026-09-29 11:41:03 - train gamma: g2=0.100 g3=0.101 g4=0.095 g5=0.070
2026-09-29 11:41:05 - train: epoch 7, iter:0, loss: 0.9871, lr: 0.0009990232305719946
2026-09-29 11:41:08 - train: epoch 7, iter:20, loss: 1.0657, lr: 0.0009990232305719946
2026-09-29 11:41:12 - val epoch: 7, loss: 1.0498
2026-09-29 11:41:12 - train gamma: g2=0.100 g3=0.100 g4=0.092 g5=0.068
2026-09-29 11:41:14 - train: epoch 8, iter:0, loss: 1.1899, lr: 0.0009986706662261067
2026-09-29 11:41:17 - train: epoch 8, iter:20, loss: 1.0611, lr: 0.0009986706662261067
2026-09-29 11:41:22 - val epoch: 8, loss: 1.0930
2026-09-29 11:41:22 - train gamma: g2=0.100 g3=0.100 g4=0.087 g5=0.064
2026-09-29 11:41:23 - train: epoch 9, iter:0, loss: 0.9663, lr: 0.0009982639653285047
2026-09-29 11:41:27 - train: epoch 9, iter:20, loss: 0.9851, lr: 0.0009982639653285047
2026-09-29 11:41:32 - val epoch: 9, loss: 1.0552
2026-09-29 11:41:32 - train gamma: g2=0.100 g3=0.100 g4=0.084 g5=0.063
2026-09-29 11:41:33 - train: epoch 10, iter:0, loss: 1.0169, lr: 0.0009978031724785245
2026-09-29 11:41:37 - train: epoch 10, iter:20, loss: 0.9520, lr: 0.0009978031724785245
2026-09-29 11:41:41 - val epoch: 10, loss: 1.0757, miou: 0.7430223495812466, f1_or_dsc: 0.8525677823462842, accuracy: 0.9244687486403059,                 specificity: 0.9332444943585428, sensitivity: 0.8971919279673032, confusion_matrix: [[37389038  2674459]
 [ 1325154 11564437]]
2026-09-29 11:41:41 - train gamma: g2=0.100 g3=0.100 g4=0.079 g5=0.061
2026-09-29 11:41:43 - train: epoch 11, iter:0, loss: 1.0003, lr: 0.0009972883382072953
2026-09-29 11:41:46 - train: epoch 11, iter:20, loss: 0.9220, lr: 0.0009972883382072953
2026-09-29 11:41:51 - val epoch: 11, loss: 1.0557
2026-09-29 11:41:51 - train gamma: g2=0.100 g3=0.099 g4=0.077 g5=0.061
2026-09-29 11:41:52 - train: epoch 12, iter:0, loss: 1.0786, lr: 0.0009967195189721962
2026-09-29 11:41:55 - train: epoch 12, iter:20, loss: 0.8751, lr: 0.0009967195189721962
2026-09-29 11:42:00 - val epoch: 12, loss: 0.9639
2026-09-29 11:42:00 - train gamma: g2=0.100 g3=0.100 g4=0.076 g5=0.057
2026-09-29 11:42:01 - train: epoch 13, iter:0, loss: 0.7580, lr: 0.0009960967771506667
2026-09-29 11:42:04 - train: epoch 13, iter:20, loss: 0.8666, lr: 0.0009960967771506667
2026-09-29 11:42:09 - val epoch: 13, loss: 0.9595
2026-09-29 11:42:09 - train gamma: g2=0.101 g3=0.100 g4=0.073 g5=0.057
2026-09-29 11:42:10 - train: epoch 14, iter:0, loss: 0.6740, lr: 0.0009954201810333646
2026-09-29 11:42:13 - train: epoch 14, iter:20, loss: 0.8639, lr: 0.0009954201810333646
2026-09-29 11:42:18 - val epoch: 14, loss: 0.9370
2026-09-29 11:42:18 - train gamma: g2=0.100 g3=0.101 g4=0.079 g5=0.056
2026-09-29 11:42:19 - train: epoch 15, iter:0, loss: 0.9175, lr: 0.0009946898048166792
2026-09-29 11:42:22 - train: epoch 15, iter:20, loss: 0.8469, lr: 0.0009946898048166792
2026-09-29 11:42:27 - val epoch: 15, loss: 0.9330
2026-09-29 11:42:27 - train gamma: g2=0.101 g3=0.100 g4=0.075 g5=0.051
2026-09-29 11:42:29 - train: epoch 16, iter:0, loss: 0.7595, lr: 0.000993905728594593
2026-09-29 11:42:32 - train: epoch 16, iter:20, loss: 0.8051, lr: 0.000993905728594593
2026-09-29 11:42:37 - val epoch: 16, loss: 1.0789
2026-09-29 11:42:37 - train gamma: g2=0.100 g3=0.101 g4=0.069 g5=0.052
2026-09-29 11:42:39 - train: epoch 17, iter:0, loss: 1.0101, lr: 0.0009930680383498998
2026-09-29 11:42:42 - train: epoch 17, iter:20, loss: 0.8367, lr: 0.0009930680383498998
2026-09-29 11:42:46 - val epoch: 17, loss: 1.0977
2026-09-29 11:42:46 - train gamma: g2=0.100 g3=0.102 g4=0.067 g5=0.050
2026-09-29 11:42:47 - train: epoch 18, iter:0, loss: 1.0885, lr: 0.0009921768259447744
2026-09-29 11:42:50 - train: epoch 18, iter:20, loss: 0.8617, lr: 0.0009921768259447744
2026-09-29 11:42:55 - val epoch: 18, loss: 0.9198
2026-09-29 11:42:55 - train gamma: g2=0.101 g3=0.100 g4=0.065 g5=0.049
2026-09-29 11:42:56 - train: epoch 19, iter:0, loss: 0.7180, lr: 0.0009912321891107007
2026-09-29 11:42:59 - train: epoch 19, iter:20, loss: 0.8083, lr: 0.0009912321891107007
2026-09-29 11:43:04 - val epoch: 19, loss: 1.3094
2026-09-29 11:43:04 - train gamma: g2=0.100 g3=0.101 g4=0.071 g5=0.049
2026-09-29 11:43:06 - train: epoch 20, iter:0, loss: 0.8489, lr: 0.0009902342314377522
2026-09-29 11:43:09 - train: epoch 20, iter:20, loss: 0.9912, lr: 0.0009902342314377522
2026-09-29 11:43:14 - val epoch: 20, loss: 0.9603, miou: 0.7628063783206743, f1_or_dsc: 0.8654454484642343, accuracy: 0.9372281178389446,                 specificity: 0.9719413160563593, sensitivity: 0.8293323659377555, confusion_matrix: [[38939368  1124129]
 [ 2199836 10689755]]
2026-09-29 11:43:14 - train gamma: g2=0.101 g3=0.099 g4=0.062 g5=0.045
2026-09-29 11:43:15 - train: epoch 21, iter:0, loss: 0.7309, lr: 0.0009891830623632338
2026-09-29 11:43:18 - train: epoch 21, iter:20, loss: 0.8299, lr: 0.0009891830623632338
2026-09-29 11:43:23 - val epoch: 21, loss: 1.0286
2026-09-29 11:43:23 - train gamma: g2=0.101 g3=0.099 g4=0.060 g5=0.042
2026-09-29 11:43:25 - train: epoch 22, iter:0, loss: 0.6467, lr: 0.00098807879715968
2026-09-29 11:43:28 - train: epoch 22, iter:20, loss: 0.7731, lr: 0.00098807879715968
2026-09-29 11:43:33 - val epoch: 22, loss: 0.9035
2026-09-29 11:43:33 - train gamma: g2=0.101 g3=0.098 g4=0.062 g5=0.043
2026-09-29 11:43:34 - train: epoch 23, iter:0, loss: 0.6860, lr: 0.0009869215569222143
2026-09-29 11:43:37 - train: epoch 23, iter:20, loss: 0.7873, lr: 0.0009869215569222143
2026-09-29 11:43:42 - val epoch: 23, loss: 1.0603
2026-09-29 11:43:42 - train gamma: g2=0.101 g3=0.098 g4=0.057 g5=0.041
2026-09-29 11:43:44 - train: epoch 24, iter:0, loss: 0.7827, lr: 0.0009857114685552697
2026-09-29 11:43:47 - train: epoch 24, iter:20, loss: 0.7660, lr: 0.0009857114685552697
2026-09-29 11:43:52 - val epoch: 24, loss: 0.8952
2026-09-29 11:43:52 - train gamma: g2=0.100 g3=0.099 g4=0.058 g5=0.041
2026-09-29 11:43:53 - train: epoch 25, iter:0, loss: 0.6473, lr: 0.0009844486647586721
2026-09-29 11:43:56 - train: epoch 25, iter:20, loss: 0.7599, lr: 0.0009844486647586721
2026-09-29 11:44:01 - val epoch: 25, loss: 0.9775
2026-09-29 11:44:01 - train gamma: g2=0.100 g3=0.099 g4=0.065 g5=0.041
2026-09-29 11:44:02 - train: epoch 26, iter:0, loss: 0.7825, lr: 0.0009831332840130884
2026-09-29 11:44:05 - train: epoch 26, iter:20, loss: 0.7387, lr: 0.0009831332840130884
2026-09-29 11:44:10 - val epoch: 26, loss: 0.8945
2026-09-29 11:44:10 - train gamma: g2=0.100 g3=0.100 g4=0.060 g5=0.038
2026-09-29 11:44:11 - train: epoch 27, iter:0, loss: 0.6125, lr: 0.0009817654705648405
2026-09-29 11:44:15 - train: epoch 27, iter:20, loss: 0.7362, lr: 0.0009817654705648405
2026-09-29 11:44:19 - val epoch: 27, loss: 0.8900
2026-09-29 11:44:19 - train gamma: g2=0.100 g3=0.100 g4=0.063 g5=0.038
2026-09-29 11:44:20 - train: epoch 28, iter:0, loss: 0.7085, lr: 0.0009803453744100864
2026-09-29 11:44:23 - train: epoch 28, iter:20, loss: 0.7411, lr: 0.0009803453744100864
2026-09-29 11:44:28 - val epoch: 28, loss: 0.9782
2026-09-29 11:44:28 - train gamma: g2=0.100 g3=0.100 g4=0.058 g5=0.038
2026-09-29 11:44:29 - train: epoch 29, iter:0, loss: 0.8253, lr: 0.0009788731512783728
2026-09-29 11:44:33 - train: epoch 29, iter:20, loss: 0.7309, lr: 0.0009788731512783728
2026-09-29 11:44:37 - val epoch: 29, loss: 0.9448
2026-09-29 11:44:37 - train gamma: g2=0.100 g3=0.099 g4=0.060 g5=0.035
2026-09-29 11:44:39 - train: epoch 30, iter:0, loss: 0.8410, lr: 0.0009773489626155566
2026-09-29 11:44:42 - train: epoch 30, iter:20, loss: 0.7143, lr: 0.0009773489626155566
2026-09-29 11:44:47 - val epoch: 30, loss: 0.9452, miou: 0.743505679170273, f1_or_dsc: 0.8528858701786439, accuracy: 0.934280546584932,                 specificity: 0.9830731700729969, sensitivity: 0.7826230483186006, confusion_matrix: [[39385349   678148]
 [ 2801900 10087691]]
2026-09-29 11:44:47 - train gamma: g2=0.101 g3=0.097 g4=0.052 g5=0.035
2026-09-29 11:44:48 - train: epoch 31, iter:0, loss: 0.8206, lr: 0.0009757729755661006
2026-09-29 11:44:51 - train: epoch 31, iter:20, loss: 0.7256, lr: 0.0009757729755661006
2026-09-29 11:44:56 - val epoch: 31, loss: 1.0496
2026-09-29 11:44:56 - train gamma: g2=0.101 g3=0.099 g4=0.055 g5=0.036
2026-09-29 11:44:57 - train: epoch 32, iter:0, loss: 0.7422, lr: 0.0009741453629547445
2026-09-29 11:45:00 - train: epoch 32, iter:20, loss: 0.7266, lr: 0.0009741453629547445
2026-09-29 11:45:05 - val epoch: 32, loss: 1.0688
2026-09-29 11:45:22 - train gamma: g2=0.101 g3=0.100 g4=0.057 g5=0.040
2026-09-29 11:45:23 - train: epoch 33, iter:0, loss: 0.6766, lr: 0.0009724663032675527
2026-09-29 11:45:26 - train: epoch 33, iter:20, loss: 0.7100, lr: 0.0009724663032675527
2026-09-29 11:45:31 - val epoch: 33, loss: 0.8636
2026-09-29 11:45:31 - train gamma: g2=0.101 g3=0.099 g4=0.052 g5=0.035
2026-09-29 11:45:32 - train: epoch 34, iter:0, loss: 0.7179, lr: 0.0009707359806323412
2026-09-29 11:45:35 - train: epoch 34, iter:20, loss: 0.7144, lr: 0.0009707359806323412
2026-09-29 11:45:40 - val epoch: 34, loss: 0.9316
2026-09-29 11:45:40 - train gamma: g2=0.101 g3=0.099 g4=0.055 g5=0.034
2026-09-29 11:45:41 - train: epoch 35, iter:0, loss: 0.7460, lr: 0.0009689545847984858
2026-09-29 11:45:45 - train: epoch 35, iter:20, loss: 0.7155, lr: 0.0009689545847984858
2026-09-29 11:45:49 - val epoch: 35, loss: 0.9583
2026-09-29 11:45:49 - train gamma: g2=0.101 g3=0.098 g4=0.062 g5=0.033
2026-09-29 11:45:51 - train: epoch 36, iter:0, loss: 0.7482, lr: 0.0009671223111161144
2026-09-29 11:45:54 - train: epoch 36, iter:20, loss: 0.6595, lr: 0.0009671223111161144
2026-09-29 11:45:58 - val epoch: 36, loss: 0.8847
2026-09-29 11:45:58 - train gamma: g2=0.101 g3=0.099 g4=0.055 g5=0.034
2026-09-29 11:46:00 - train: epoch 37, iter:0, loss: 0.5502, lr: 0.000965239360514684
2026-09-29 11:46:03 - train: epoch 37, iter:20, loss: 0.7251, lr: 0.000965239360514684
2026-09-29 11:46:08 - val epoch: 37, loss: 0.8822
2026-09-29 11:46:08 - train gamma: g2=0.101 g3=0.098 g4=0.058 g5=0.032
2026-09-29 11:46:09 - train: epoch 38, iter:0, loss: 0.6930, lr: 0.000963305939480947
2026-09-29 11:46:12 - train: epoch 38, iter:20, loss: 0.7093, lr: 0.000963305939480947
2026-09-29 11:46:17 - val epoch: 38, loss: 0.9938
2026-09-29 11:46:17 - train gamma: g2=0.101 g3=0.100 g4=0.054 g5=0.031
2026-09-29 11:46:18 - train: epoch 39, iter:0, loss: 0.6868, lr: 0.0009613222600363074
2026-09-29 11:46:21 - train: epoch 39, iter:20, loss: 0.6830, lr: 0.0009613222600363074
2026-09-29 11:46:26 - val epoch: 39, loss: 0.8767
2026-09-29 11:46:26 - train gamma: g2=0.102 g3=0.099 g4=0.054 g5=0.031
2026-09-29 11:46:27 - train: epoch 40, iter:0, loss: 0.6466, lr: 0.0009592885397135703
2026-09-29 11:46:31 - train: epoch 40, iter:20, loss: 0.6655, lr: 0.0009592885397135703
2026-09-29 11:46:35 - val epoch: 40, loss: 0.8842, miou: 0.7736941665844916, f1_or_dsc: 0.8724098902285429, accuracy: 0.9408416559200475,                 specificity: 0.9762174030889016, sensitivity: 0.8308865657568189, confusion_matrix: [[39110683   952814]
 [ 2179803 10709788]]
2026-09-29 11:46:35 - train gamma: g2=0.102 g3=0.099 g4=0.050 g5=0.031
2026-09-29 11:46:37 - train: epoch 41, iter:0, loss: 0.4908, lr: 0.0009572050015330871
2026-09-29 11:46:40 - train: epoch 41, iter:20, loss: 0.6689, lr: 0.0009572050015330871
2026-09-29 11:46:44 - val epoch: 41, loss: 0.8787
2026-09-29 11:46:44 - train gamma: g2=0.101 g3=0.100 g4=0.056 g5=0.032
2026-09-29 11:46:46 - train: epoch 42, iter:0, loss: 0.7582, lr: 0.0009550718739782986
2026-09-29 11:46:49 - train: epoch 42, iter:20, loss: 0.6828, lr: 0.0009550718739782986
2026-09-29 11:46:54 - val epoch: 42, loss: 0.8485
2026-09-29 11:46:54 - train gamma: g2=0.101 g3=0.099 g4=0.056 g5=0.031
2026-09-29 11:46:55 - train: epoch 43, iter:0, loss: 0.5440, lr: 0.0009528893909706794
2026-09-29 11:46:58 - train: epoch 43, iter:20, loss: 0.6779, lr: 0.0009528893909706794
2026-09-29 11:47:03 - val epoch: 43, loss: 0.8922
2026-09-29 11:47:03 - train gamma: g2=0.102 g3=0.098 g4=0.051 g5=0.031
2026-09-29 11:47:05 - train: epoch 44, iter:0, loss: 0.6117, lr: 0.0009506577918440856
2026-09-29 11:47:08 - train: epoch 44, iter:20, loss: 0.6723, lr: 0.0009506577918440856
2026-09-29 11:47:13 - val epoch: 44, loss: 0.8481
2026-09-29 11:47:23 - train gamma: g2=0.102 g3=0.097 g4=0.051 g5=0.027
2026-09-29 11:47:25 - train: epoch 45, iter:0, loss: 0.6598, lr: 0.000948377321318509
2026-09-29 11:47:28 - train: epoch 45, iter:20, loss: 0.6624, lr: 0.000948377321318509
2026-09-29 11:47:33 - val epoch: 45, loss: 0.8801
2026-09-29 11:47:33 - train gamma: g2=0.102 g3=0.098 g4=0.048 g5=0.028
2026-09-29 11:47:34 - train: epoch 46, iter:0, loss: 0.6103, lr: 0.0009460482294732416
2026-09-29 11:47:37 - train: epoch 46, iter:20, loss: 0.6551, lr: 0.0009460482294732416
2026-09-29 11:47:42 - val epoch: 46, loss: 0.9440
2026-09-29 11:47:42 - train gamma: g2=0.102 g3=0.098 g4=0.054 g5=0.032
2026-09-29 11:47:44 - train: epoch 47, iter:0, loss: 0.7714, lr: 0.0009436707717194508
2026-09-29 11:47:47 - train: epoch 47, iter:20, loss: 0.7118, lr: 0.0009436707717194508
2026-09-29 11:47:51 - val epoch: 47, loss: 0.8985
2026-09-29 11:47:51 - train gamma: g2=0.102 g3=0.098 g4=0.049 g5=0.030
2026-09-29 11:47:53 - train: epoch 48, iter:0, loss: 0.7962, lr: 0.0009412452087721706
2026-09-29 11:47:56 - train: epoch 48, iter:20, loss: 0.6424, lr: 0.0009412452087721706
2026-09-29 11:48:01 - val epoch: 48, loss: 0.8585
2026-09-29 11:48:01 - train gamma: g2=0.103 g3=0.095 g4=0.048 g5=0.031
2026-09-29 11:48:02 - train: epoch 49, iter:0, loss: 0.7841, lr: 0.000938771806621712
2026-09-29 11:48:06 - train: epoch 49, iter:20, loss: 0.6449, lr: 0.000938771806621712
2026-09-29 11:48:11 - val epoch: 49, loss: 0.8844
2026-09-29 11:48:11 - train gamma: g2=0.102 g3=0.096 g4=0.049 g5=0.029
2026-09-29 11:48:12 - train: epoch 50, iter:0, loss: 0.5938, lr: 0.0009362508365044934
2026-09-29 11:48:16 - train: epoch 50, iter:20, loss: 0.6942, lr: 0.0009362508365044934
2026-09-29 11:48:21 - val epoch: 50, loss: 0.9219, miou: 0.7744510308255742, f1_or_dsc: 0.8728908460948129, accuracy: 0.940849247545299,                 specificity: 0.9751024729568665, sensitivity: 0.8343831856262933, confusion_matrix: [[39066015   997482]
 [ 2134733 10754858]]
2026-09-29 11:48:21 - train gamma: g2=0.102 g3=0.096 g4=0.052 g5=0.032
2026-09-29 11:48:22 - train: epoch 51, iter:0, loss: 0.4490, lr: 0.0009336825748732968
2026-09-29 11:48:25 - train: epoch 51, iter:20, loss: 0.6454, lr: 0.0009336825748732968
2026-09-29 11:48:30 - val epoch: 51, loss: 0.8626
2026-09-29 11:48:30 - train gamma: g2=0.102 g3=0.097 g4=0.051 g5=0.029
2026-09-29 11:48:32 - train: epoch 52, iter:0, loss: 0.6860, lr: 0.0009310673033669517
2026-09-29 11:48:35 - train: epoch 52, iter:20, loss: 0.6248, lr: 0.0009310673033669517
2026-09-29 11:48:40 - val epoch: 52, loss: 0.8777
2026-09-29 11:48:40 - train gamma: g2=0.102 g3=0.098 g4=0.044 g5=0.029
2026-09-29 11:48:41 - train: epoch 53, iter:0, loss: 0.7075, lr: 0.0009284053087794505
2026-09-29 11:48:44 - train: epoch 53, iter:20, loss: 0.6483, lr: 0.0009284053087794505
2026-09-29 11:48:49 - val epoch: 53, loss: 0.9210
2026-09-29 11:48:49 - train gamma: g2=0.102 g3=0.099 g4=0.052 g5=0.027
2026-09-29 11:48:50 - train: epoch 54, iter:0, loss: 0.6804, lr: 0.0009256968830284974
2026-09-29 11:48:53 - train: epoch 54, iter:20, loss: 0.6697, lr: 0.0009256968830284974
2026-09-29 11:48:57 - val epoch: 54, loss: 0.8817
2026-09-29 11:48:57 - train gamma: g2=0.102 g3=0.098 g4=0.051 g5=0.029
2026-09-29 11:48:59 - train: epoch 55, iter:0, loss: 0.5025, lr: 0.0009229423231234972
2026-09-29 11:49:02 - train: epoch 55, iter:20, loss: 0.6290, lr: 0.0009229423231234972
2026-09-29 11:49:06 - val epoch: 55, loss: 0.8694
2026-09-29 11:49:06 - train gamma: g2=0.103 g3=0.098 g4=0.050 g5=0.029
2026-09-29 11:49:08 - train: epoch 56, iter:0, loss: 0.8892, lr: 0.0009201419311329846
2026-09-29 11:49:11 - train: epoch 56, iter:20, loss: 0.6415, lr: 0.0009201419311329846
2026-09-29 11:49:15 - val epoch: 56, loss: 0.9294
2026-09-29 11:49:15 - train gamma: g2=0.102 g3=0.098 g4=0.047 g5=0.031
2026-09-29 11:49:17 - train: epoch 57, iter:0, loss: 0.4618, lr: 0.0009172960141514989
2026-09-29 11:49:20 - train: epoch 57, iter:20, loss: 0.6420, lr: 0.0009172960141514989
2026-09-29 11:49:24 - val epoch: 57, loss: 0.9068
2026-09-29 11:49:24 - train gamma: g2=0.103 g3=0.097 g4=0.048 g5=0.030
2026-09-29 11:49:25 - train: epoch 58, iter:0, loss: 0.6345, lr: 0.0009144048842659077
2026-09-29 11:49:28 - train: epoch 58, iter:20, loss: 0.6324, lr: 0.0009144048842659077
2026-09-29 11:49:33 - val epoch: 58, loss: 0.8525
2026-09-29 11:49:33 - train gamma: g2=0.103 g3=0.097 g4=0.050 g5=0.027
2026-09-29 11:49:34 - train: epoch 59, iter:0, loss: 0.4902, lr: 0.0009114688585211832
2026-09-29 11:49:37 - train: epoch 59, iter:20, loss: 0.6381, lr: 0.0009114688585211832
2026-09-29 11:49:42 - val epoch: 59, loss: 0.8665
2026-09-29 11:49:42 - train gamma: g2=0.103 g3=0.097 g4=0.048 g5=0.029
2026-09-29 11:49:43 - train: epoch 60, iter:0, loss: 0.4956, lr: 0.0009084882588856339
2026-09-29 11:49:46 - train: epoch 60, iter:20, loss: 0.6186, lr: 0.0009084882588856339
2026-09-29 11:49:51 - val epoch: 60, loss: 0.8378, miou: 0.7820257466691958, f1_or_dsc: 0.8776817597959949, accuracy: 0.9418617286304436,                 specificity: 0.9691963984072584, sensitivity: 0.8568999590444724, confusion_matrix: [[38829397  1234100]
 [ 1844501 11045090]]
2026-09-29 11:49:51 - train gamma: g2=0.103 g3=0.096 g4=0.053 g5=0.027
2026-09-29 11:49:52 - train: epoch 61, iter:0, loss: 0.5622, lr: 0.0009054634122155986
2026-09-29 11:49:55 - train: epoch 61, iter:20, loss: 0.6473, lr: 0.0009054634122155986
2026-09-29 11:50:00 - val epoch: 61, loss: 0.8418
2026-09-29 11:50:00 - train gamma: g2=0.103 g3=0.096 g4=0.050 g5=0.026
2026-09-29 11:50:01 - train: epoch 62, iter:0, loss: 0.5690, lr: 0.0009023946502196013
2026-09-29 11:50:04 - train: epoch 62, iter:20, loss: 0.6161, lr: 0.0009023946502196013
2026-09-29 11:50:09 - val epoch: 62, loss: 0.8988
2026-09-29 11:50:09 - train gamma: g2=0.103 g3=0.097 g4=0.049 g5=0.029
2026-09-29 11:50:10 - train: epoch 63, iter:0, loss: 0.6712, lr: 0.0008992823094219767
2026-09-29 11:50:13 - train: epoch 63, iter:20, loss: 0.6292, lr: 0.0008992823094219767
2026-09-29 11:50:18 - val epoch: 63, loss: 0.8929
2026-09-29 11:50:18 - train gamma: g2=0.103 g3=0.098 g4=0.051 g5=0.028
2026-09-29 11:50:19 - train: epoch 64, iter:0, loss: 0.6522, lr: 0.0008961267311259662
2026-09-29 11:50:22 - train: epoch 64, iter:20, loss: 0.6349, lr: 0.0008961267311259662
2026-09-29 11:50:27 - val epoch: 64, loss: 0.8616
2026-09-29 11:50:27 - train gamma: g2=0.103 g3=0.098 g4=0.053 g5=0.025
2026-09-29 11:50:28 - train: epoch 65, iter:0, loss: 0.6298, lr: 0.0008929282613762903
2026-09-29 11:50:31 - train: epoch 65, iter:20, loss: 0.6023, lr: 0.0008929282613762903
2026-09-29 11:50:36 - val epoch: 65, loss: 0.8934
2026-09-29 11:50:36 - train gamma: g2=0.104 g3=0.095 g4=0.046 g5=0.026
2026-09-29 11:50:37 - train: epoch 66, iter:0, loss: 0.7032, lr: 0.0008896872509212002
2026-09-29 11:50:40 - train: epoch 66, iter:20, loss: 0.6163, lr: 0.0008896872509212002
2026-09-29 11:50:44 - val epoch: 66, loss: 0.8465
2026-09-29 11:50:44 - train gamma: g2=0.104 g3=0.096 g4=0.048 g5=0.028
2026-09-29 11:50:46 - train: epoch 67, iter:0, loss: 0.4130, lr: 0.0008864040551740152
2026-09-29 11:50:49 - train: epoch 67, iter:20, loss: 0.5820, lr: 0.0008864040551740152
2026-09-29 11:50:53 - val epoch: 67, loss: 0.8271
2026-09-29 11:50:53 - train gamma: g2=0.104 g3=0.095 g4=0.045 g5=0.025
2026-09-29 11:50:55 - train: epoch 68, iter:0, loss: 0.9629, lr: 0.0008830790341741476
2026-09-29 11:50:58 - train: epoch 68, iter:20, loss: 0.6146, lr: 0.0008830790341741476
2026-09-29 11:51:03 - val epoch: 68, loss: 0.8946
2026-09-29 11:51:03 - train gamma: g2=0.103 g3=0.096 g4=0.043 g5=0.028
2026-09-29 11:51:04 - train: epoch 69, iter:0, loss: 0.5393, lr: 0.000879712552547619
2026-09-29 11:51:07 - train: epoch 69, iter:20, loss: 0.6059, lr: 0.000879712552547619
2026-09-29 11:51:11 - val epoch: 69, loss: 0.8240
2026-09-29 11:51:11 - train gamma: g2=0.104 g3=0.096 g4=0.044 g5=0.029
2026-09-29 11:51:13 - train: epoch 70, iter:0, loss: 0.5749, lr: 0.0008763049794670771
2026-09-29 11:51:16 - train: epoch 70, iter:20, loss: 0.6208, lr: 0.0008763049794670771
2026-09-29 11:51:21 - val epoch: 70, loss: 0.8351, miou: 0.7820973147331841, f1_or_dsc: 0.8777268314893116, accuracy: 0.9406841013691213,                 specificity: 0.9619374963698252, sensitivity: 0.8746241831878141, confusion_matrix: [[38538580  1524917]
 [ 1616043 11273548]]
2026-09-29 11:51:21 - train gamma: g2=0.103 g3=0.097 g4=0.043 g5=0.027
2026-09-29 11:51:22 - train: epoch 71, iter:0, loss: 0.6018, lr: 0.0008728566886113098
2026-09-29 11:51:25 - train: epoch 71, iter:20, loss: 0.6318, lr: 0.0008728566886113098
2026-09-29 11:51:30 - val epoch: 71, loss: 0.8760
2026-09-29 11:51:30 - train gamma: g2=0.102 g3=0.097 g4=0.047 g5=0.025
2026-09-29 11:51:31 - train: epoch 72, iter:0, loss: 0.6428, lr: 0.000869368058124268
2026-09-29 11:51:34 - train: epoch 72, iter:20, loss: 0.6113, lr: 0.000869368058124268
2026-09-29 11:51:39 - val epoch: 72, loss: 0.8210
2026-09-29 11:51:39 - train gamma: g2=0.103 g3=0.096 g4=0.050 g5=0.025
2026-09-29 11:51:40 - train: epoch 73, iter:0, loss: 0.5566, lr: 0.0008658394705735983
2026-09-29 11:51:43 - train: epoch 73, iter:20, loss: 0.5874, lr: 0.0008658394705735983
2026-09-29 11:51:48 - val epoch: 73, loss: 0.9502
2026-09-29 11:51:48 - train gamma: g2=0.103 g3=0.097 g4=0.045 g5=0.025
2026-09-29 11:51:49 - train: epoch 74, iter:0, loss: 0.6100, lr: 0.0008622713129086888
2026-09-29 11:51:52 - train: epoch 74, iter:20, loss: 0.6206, lr: 0.0008622713129086888
2026-09-29 11:51:57 - val epoch: 74, loss: 0.8386
2026-09-29 11:51:57 - train gamma: g2=0.104 g3=0.096 g4=0.045 g5=0.027
2026-09-29 11:51:58 - train: epoch 75, iter:0, loss: 0.5488, lr: 0.0008586639764182372
2026-09-29 11:52:01 - train: epoch 75, iter:20, loss: 0.6060, lr: 0.0008586639764182372
2026-09-29 11:52:06 - val epoch: 75, loss: 0.8701
2026-09-29 11:52:06 - train gamma: g2=0.104 g3=0.098 g4=0.050 g5=0.027
2026-09-29 11:52:08 - train: epoch 76, iter:0, loss: 0.7308, lr: 0.0008550178566873405
2026-09-29 11:52:11 - train: epoch 76, iter:20, loss: 0.5873, lr: 0.0008550178566873405
2026-09-29 11:52:16 - val epoch: 76, loss: 0.8558
2026-09-29 11:52:16 - train gamma: g2=0.103 g3=0.098 g4=0.045 g5=0.027
2026-09-29 11:52:17 - train: epoch 77, iter:0, loss: 0.5213, lr: 0.0008513333535541156
2026-09-29 11:52:20 - train: epoch 77, iter:20, loss: 0.5907, lr: 0.0008513333535541156
2026-09-29 11:52:25 - val epoch: 77, loss: 0.8286
2026-09-29 11:52:25 - train gamma: g2=0.104 g3=0.097 g4=0.045 g5=0.025
2026-09-29 11:52:27 - train: epoch 78, iter:0, loss: 0.5836, lr: 0.0008476108710658509
2026-09-29 11:52:30 - train: epoch 78, iter:20, loss: 0.5857, lr: 0.0008476108710658509
2026-09-29 11:52:34 - val epoch: 78, loss: 0.8410
2026-09-29 11:52:34 - train gamma: g2=0.104 g3=0.097 g4=0.046 g5=0.027
2026-09-29 11:52:36 - train: epoch 79, iter:0, loss: 0.5890, lr: 0.0008438508174347005
2026-09-29 11:52:39 - train: epoch 79, iter:20, loss: 0.5989, lr: 0.0008438508174347005
2026-09-29 11:52:43 - val epoch: 79, loss: 0.9570
2026-09-29 11:52:43 - train gamma: g2=0.104 g3=0.099 g4=0.050 g5=0.028
2026-09-29 11:52:45 - train: epoch 80, iter:0, loss: 0.5265, lr: 0.0008400536049929166
2026-09-29 11:52:48 - train: epoch 80, iter:20, loss: 0.5774, lr: 0.0008400536049929166
2026-09-29 11:52:52 - val epoch: 80, loss: 0.8662, miou: 0.7750881447885669, f1_or_dsc: 0.8732953876844112, accuracy: 0.9407680813628848,                 specificity: 0.9736435888260079, sensitivity: 0.8385842498803879, confusion_matrix: [[39007567  1055930]
 [ 2080583 10809008]]
2026-09-29 11:52:52 - train gamma: g2=0.104 g3=0.097 g4=0.045 g5=0.027
2026-09-29 11:52:54 - train: epoch 81, iter:0, loss: 0.5693, lr: 0.0008362196501476343
2026-09-29 11:52:57 - train: epoch 81, iter:20, loss: 0.5899, lr: 0.0008362196501476343
2026-09-29 11:53:01 - val epoch: 81, loss: 0.8537
2026-09-29 11:53:01 - train gamma: g2=0.104 g3=0.098 g4=0.045 g5=0.026
2026-09-29 11:53:03 - train: epoch 82, iter:0, loss: 0.5492, lr: 0.0008323493733352072
2026-09-29 11:53:06 - train: epoch 82, iter:20, loss: 0.5827, lr: 0.0008323493733352072
2026-09-29 11:53:10 - val epoch: 82, loss: 0.8264
2026-09-29 11:53:10 - train gamma: g2=0.103 g3=0.098 g4=0.044 g5=0.027
2026-09-29 11:53:12 - train: epoch 83, iter:0, loss: 0.5537, lr: 0.0008284431989751018
2026-09-29 11:53:15 - train: epoch 83, iter:20, loss: 0.5704, lr: 0.0008284431989751018
2026-09-29 11:53:20 - val epoch: 83, loss: 0.8290
2026-09-29 11:53:20 - train gamma: g2=0.104 g3=0.098 g4=0.046 g5=0.028
2026-09-29 11:53:21 - train: epoch 84, iter:0, loss: 0.5357, lr: 0.000824501555423355
2026-09-29 11:53:24 - train: epoch 84, iter:20, loss: 0.5728, lr: 0.000824501555423355
2026-09-29 11:53:29 - val epoch: 84, loss: 0.8359
2026-09-29 11:53:29 - train gamma: g2=0.105 g3=0.098 g4=0.043 g5=0.027
2026-09-29 11:53:31 - train: epoch 85, iter:0, loss: 0.6274, lr: 0.0008205248749256009
2026-09-29 11:53:34 - train: epoch 85, iter:20, loss: 0.5588, lr: 0.0008205248749256009
2026-09-29 11:53:38 - val epoch: 85, loss: 0.8505
2026-09-29 11:53:38 - train gamma: g2=0.104 g3=0.098 g4=0.046 g5=0.028
2026-09-29 11:53:40 - train: epoch 86, iter:0, loss: 0.5760, lr: 0.000816513593569669
2026-09-29 11:53:43 - train: epoch 86, iter:20, loss: 0.5808, lr: 0.000816513593569669
2026-09-29 11:53:47 - val epoch: 86, loss: 0.8340
2026-09-29 11:53:47 - train gamma: g2=0.105 g3=0.098 g4=0.048 g5=0.027
2026-09-29 11:53:49 - train: epoch 87, iter:0, loss: 0.6622, lr: 0.0008124681512377632
2026-09-29 11:53:52 - train: epoch 87, iter:20, loss: 0.5911, lr: 0.0008124681512377632
2026-09-29 11:53:56 - val epoch: 87, loss: 0.8384
2026-09-29 11:53:56 - train gamma: g2=0.105 g3=0.097 g4=0.041 g5=0.027
2026-09-29 11:53:58 - train: epoch 88, iter:0, loss: 0.5990, lr: 0.000808388991558223
2026-09-29 11:54:01 - train: epoch 88, iter:20, loss: 0.6138, lr: 0.000808388991558223
2026-09-29 11:54:05 - val epoch: 88, loss: 0.9061
2026-09-29 11:54:05 - train gamma: g2=0.105 g3=0.097 g4=0.045 g5=0.028
2026-09-29 11:54:06 - train: epoch 89, iter:0, loss: 0.5391, lr: 0.0008042765618568752
2026-09-29 11:54:09 - train: epoch 89, iter:20, loss: 0.5587, lr: 0.0008042765618568752
2026-09-29 11:54:14 - val epoch: 89, loss: 0.8371
2026-09-29 11:54:14 - train gamma: g2=0.105 g3=0.098 g4=0.044 g5=0.026
2026-09-29 11:54:15 - train: epoch 90, iter:0, loss: 0.4411, lr: 0.0008001313131079794
2026-09-29 11:54:19 - train: epoch 90, iter:20, loss: 0.5649, lr: 0.0008001313131079794
2026-09-29 11:54:23 - val epoch: 90, loss: 0.8098, miou: 0.7919122750053594, f1_or_dsc: 0.8838739329501952, accuracy: 0.9440736865053082,                 specificity: 0.9664969835259264, sensitivity: 0.8743774724892357, confusion_matrix: [[38721249  1342248]
 [ 1619223 11270368]]
2026-09-29 11:54:23 - train gamma: g2=0.105 g3=0.098 g4=0.046 g5=0.028
2026-09-29 11:54:24 - train: epoch 91, iter:0, loss: 0.6545, lr: 0.0007959536998847737
2026-09-29 11:54:28 - train: epoch 91, iter:20, loss: 0.5583, lr: 0.0007959536998847737
2026-09-29 11:54:32 - val epoch: 91, loss: 0.8437
2026-09-29 11:54:32 - train gamma: g2=0.104 g3=0.098 g4=0.046 g5=0.027
2026-09-29 11:54:34 - train: epoch 92, iter:0, loss: 0.4717, lr: 0.0007917441803096255
2026-09-29 11:54:37 - train: epoch 92, iter:20, loss: 0.5735, lr: 0.0007917441803096255
2026-09-29 11:54:41 - val epoch: 92, loss: 0.8779
2026-09-29 11:54:58 - train gamma: g2=0.105 g3=0.098 g4=0.048 g5=0.028
2026-09-29 11:55:00 - train: epoch 93, iter:0, loss: 0.6055, lr: 0.0007875032160037932
2026-09-29 11:55:03 - train: epoch 93, iter:20, loss: 0.5968, lr: 0.0007875032160037932
2026-09-29 11:55:08 - val epoch: 93, loss: 0.8796
2026-09-29 11:55:08 - train gamma: g2=0.105 g3=0.098 g4=0.047 g5=0.026
2026-09-29 11:55:09 - train: epoch 94, iter:0, loss: 0.5051, lr: 0.0007832312720368042
2026-09-29 11:55:13 - train: epoch 94, iter:20, loss: 0.5612, lr: 0.0007832312720368042
2026-09-29 11:55:18 - val epoch: 94, loss: 0.9543
2026-09-29 11:55:18 - train gamma: g2=0.105 g3=0.098 g4=0.047 g5=0.027
2026-09-29 11:55:19 - train: epoch 95, iter:0, loss: 0.5518, lr: 0.0007789288168754548
2026-09-29 11:55:23 - train: epoch 95, iter:20, loss: 0.5767, lr: 0.0007789288168754548
2026-09-29 11:55:27 - val epoch: 95, loss: 0.8544
2026-09-29 11:55:27 - train gamma: g2=0.105 g3=0.097 g4=0.047 g5=0.029
2026-09-29 11:55:29 - train: epoch 96, iter:0, loss: 0.5677, lr: 0.0007745963223324379
2026-09-29 11:55:32 - train: epoch 96, iter:20, loss: 0.5697, lr: 0.0007745963223324379
2026-09-29 11:55:37 - val epoch: 96, loss: 0.8676
2026-09-29 11:55:37 - train gamma: g2=0.105 g3=0.097 g4=0.044 g5=0.028
2026-09-29 11:55:38 - train: epoch 97, iter:0, loss: 0.4283, lr: 0.0007702342635146028
2026-09-29 11:55:41 - train: epoch 97, iter:20, loss: 0.5610, lr: 0.0007702342635146028
2026-09-29 11:55:46 - val epoch: 97, loss: 0.8494
2026-09-29 11:55:46 - train gamma: g2=0.105 g3=0.097 g4=0.047 g5=0.028
2026-09-29 11:55:47 - train: epoch 98, iter:0, loss: 0.4998, lr: 0.000765843118770855
2026-09-29 11:55:50 - train: epoch 98, iter:20, loss: 0.5733, lr: 0.000765843118770855
2026-09-29 11:55:55 - val epoch: 98, loss: 0.8306
2026-09-29 11:55:55 - train gamma: g2=0.105 g3=0.097 g4=0.046 g5=0.029
2026-09-29 11:55:56 - train: epoch 99, iter:0, loss: 0.4935, lr: 0.0007614233696396991
2026-09-29 11:55:59 - train: epoch 99, iter:20, loss: 0.5624, lr: 0.0007614233696396991
2026-09-29 11:56:04 - val epoch: 99, loss: 0.9087
2026-09-29 11:56:04 - train gamma: g2=0.105 g3=0.097 g4=0.045 g5=0.029
2026-09-29 11:56:05 - train: epoch 100, iter:0, loss: 0.5375, lr: 0.0007569755007964334
2026-09-29 11:56:08 - train: epoch 100, iter:20, loss: 0.5342, lr: 0.0007569755007964334
2026-09-29 11:56:12 - val epoch: 100, loss: 0.8790, miou: 0.7703699485778358, f1_or_dsc: 0.8702926178753602, accuracy: 0.9400651384108137,                 specificity: 0.9767496082531187, sensitivity: 0.8260422693008646, confusion_matrix: [[39132005   931492]
 [ 2242244 10647347]]
2026-09-29 11:56:12 - train gamma: g2=0.106 g3=0.095 g4=0.046 g5=0.027
2026-09-29 11:56:14 - train: epoch 101, iter:0, loss: 0.5523, lr: 0.0007524999999999996
2026-09-29 11:56:17 - train: epoch 101, iter:20, loss: 0.5570, lr: 0.0007524999999999996
2026-09-29 11:56:22 - val epoch: 101, loss: 0.8779
2026-09-29 11:56:22 - train gamma: g2=0.105 g3=0.095 g4=0.049 g5=0.028
2026-09-29 11:56:23 - train: epoch 102, iter:0, loss: 0.4842, lr: 0.0007479973580394943
2026-09-29 11:56:26 - train: epoch 102, iter:20, loss: 0.5473, lr: 0.0007479973580394943
2026-09-29 11:56:31 - val epoch: 102, loss: 0.8211
2026-09-29 11:56:31 - train gamma: g2=0.106 g3=0.095 g4=0.048 g5=0.028
2026-09-29 11:56:33 - train: epoch 103, iter:0, loss: 0.4929, lr: 0.0007434680686803487
2026-09-29 11:56:36 - train: epoch 103, iter:20, loss: 0.5513, lr: 0.0007434680686803487
2026-09-29 11:56:41 - val epoch: 103, loss: 0.8528
2026-09-29 11:56:41 - train gamma: g2=0.106 g3=0.095 g4=0.045 g5=0.029
2026-09-29 11:56:42 - train: epoch 104, iter:0, loss: 0.4826, lr: 0.0007389126286101815
2026-09-29 11:56:46 - train: epoch 104, iter:20, loss: 0.5294, lr: 0.0007389126286101815
2026-09-29 11:56:51 - val epoch: 104, loss: 0.8596
2026-09-29 11:56:51 - train gamma: g2=0.106 g3=0.095 g4=0.047 g5=0.032
2026-09-29 11:56:52 - train: epoch 105, iter:0, loss: 0.4783, lr: 0.0007343315373843313
2026-09-29 11:56:55 - train: epoch 105, iter:20, loss: 0.5373, lr: 0.0007343315373843313
2026-09-29 11:57:00 - val epoch: 105, loss: 0.9014
2026-09-29 11:57:00 - train gamma: g2=0.106 g3=0.096 g4=0.046 g5=0.029
2026-09-29 11:57:02 - train: epoch 106, iter:0, loss: 0.4539, lr: 0.0007297252973710753
2026-09-29 11:57:05 - train: epoch 106, iter:20, loss: 0.5358, lr: 0.0007297252973710753
2026-09-29 11:57:09 - val epoch: 106, loss: 0.8596
2026-09-29 11:57:09 - train gamma: g2=0.106 g3=0.096 g4=0.045 g5=0.028
2026-09-29 11:57:11 - train: epoch 107, iter:0, loss: 0.5125, lr: 0.0007250944136965387
2026-09-29 11:57:14 - train: epoch 107, iter:20, loss: 0.5366, lr: 0.0007250944136965387
2026-09-29 11:57:19 - val epoch: 107, loss: 0.8319
2026-09-29 11:57:19 - train gamma: g2=0.107 g3=0.098 g4=0.043 g5=0.029
2026-09-29 11:57:21 - train: epoch 108, iter:0, loss: 0.5363, lr: 0.0007204393941893019
2026-09-29 11:57:24 - train: epoch 108, iter:20, loss: 0.5569, lr: 0.0007204393941893019
2026-09-29 11:57:29 - val epoch: 108, loss: 0.7930
2026-09-29 11:57:29 - train gamma: g2=0.106 g3=0.096 g4=0.044 g5=0.030
2026-09-29 11:57:30 - train: epoch 109, iter:0, loss: 0.6781, lr: 0.0007157607493247106
2026-09-29 11:57:33 - train: epoch 109, iter:20, loss: 0.5639, lr: 0.0007157607493247106
2026-09-29 11:57:38 - val epoch: 109, loss: 0.8751
2026-09-29 11:57:38 - train gamma: g2=0.106 g3=0.096 g4=0.045 g5=0.028
2026-09-29 11:57:40 - train: epoch 110, iter:0, loss: 0.6145, lr: 0.0007110589921688983
2026-09-29 11:57:43 - train: epoch 110, iter:20, loss: 0.5458, lr: 0.0007110589921688983
2026-09-29 11:57:47 - val epoch: 110, loss: 0.8184, miou: 0.7940708460765226, f1_or_dsc: 0.8852168216356524, accuracy: 0.9454118898599455,                 specificity: 0.9713624849073959, sensitivity: 0.8647521088915855, confusion_matrix: [[38916178  1147319]
 [ 1743290 11146301]]
2026-09-29 11:57:47 - train gamma: g2=0.106 g3=0.096 g4=0.047 g5=0.030
2026-09-29 11:57:49 - train: epoch 111, iter:0, loss: 0.3868, lr: 0.0007063346383225208
2026-09-29 11:57:52 - train: epoch 111, iter:20, loss: 0.5437, lr: 0.0007063346383225208
2026-09-29 11:57:56 - val epoch: 111, loss: 0.8787
2026-09-29 11:57:56 - train gamma: g2=0.106 g3=0.097 g4=0.050 g5=0.030
2026-09-29 11:57:58 - train: epoch 112, iter:0, loss: 0.5661, lr: 0.0007015882058642161
2026-09-29 11:58:01 - train: epoch 112, iter:20, loss: 0.5225, lr: 0.0007015882058642161
2026-09-29 11:58:05 - val epoch: 112, loss: 0.8207
2026-09-29 11:58:05 - train gamma: g2=0.107 g3=0.097 g4=0.046 g5=0.029
2026-09-29 11:58:07 - train: epoch 113, iter:0, loss: 0.4735, lr: 0.0006968202152937907
2026-09-29 11:58:10 - train: epoch 113, iter:20, loss: 0.5367, lr: 0.0006968202152937907
2026-09-29 11:58:14 - val epoch: 113, loss: 0.8823
2026-09-29 11:58:14 - train gamma: g2=0.106 g3=0.096 g4=0.047 g5=0.030
2026-09-29 11:58:15 - train: epoch 114, iter:0, loss: 0.4844, lr: 0.000692031189475141
2026-09-29 11:58:18 - train: epoch 114, iter:20, loss: 0.5549, lr: 0.000692031189475141
2026-09-29 11:58:23 - val epoch: 114, loss: 0.8353
2026-09-29 11:58:23 - train gamma: g2=0.106 g3=0.097 g4=0.051 g5=0.031
2026-09-29 11:58:24 - train: epoch 115, iter:0, loss: 0.6450, lr: 0.0006872216535789155
2026-09-29 11:58:27 - train: epoch 115, iter:20, loss: 0.5370, lr: 0.0006872216535789155
2026-09-29 11:58:32 - val epoch: 115, loss: 0.9166
2026-09-29 11:58:32 - train gamma: g2=0.106 g3=0.097 g4=0.050 g5=0.031
2026-09-29 11:58:33 - train: epoch 116, iter:0, loss: 0.4280, lr: 0.0006823921350249233
2026-09-29 11:58:36 - train: epoch 116, iter:20, loss: 0.5108, lr: 0.0006823921350249233
2026-09-29 11:58:40 - val epoch: 116, loss: 0.8330
2026-09-29 11:58:40 - train gamma: g2=0.107 g3=0.096 g4=0.047 g5=0.031
2026-09-29 11:58:42 - train: epoch 117, iter:0, loss: 0.5172, lr: 0.0006775431634242984
2026-09-29 11:58:45 - train: epoch 117, iter:20, loss: 0.5316, lr: 0.0006775431634242984
2026-09-29 11:58:49 - val epoch: 117, loss: 0.8427
2026-09-29 11:58:49 - train gamma: g2=0.106 g3=0.097 g4=0.049 g5=0.030
2026-09-29 11:58:51 - train: epoch 118, iter:0, loss: 0.4390, lr: 0.0006726752705214191
2026-09-29 11:58:54 - train: epoch 118, iter:20, loss: 0.5249, lr: 0.0006726752705214191
2026-09-29 11:58:58 - val epoch: 118, loss: 0.8360
2026-09-29 11:58:58 - train gamma: g2=0.106 g3=0.097 g4=0.050 g5=0.030
2026-09-29 11:59:00 - train: epoch 119, iter:0, loss: 0.4536, lr: 0.0006677889901355985
2026-09-29 11:59:03 - train: epoch 119, iter:20, loss: 0.5520, lr: 0.0006677889901355985
2026-09-29 11:59:07 - val epoch: 119, loss: 0.8467
2026-09-29 11:59:07 - train gamma: g2=0.107 g3=0.097 g4=0.047 g5=0.031
2026-09-29 11:59:08 - train: epoch 120, iter:0, loss: 0.5377, lr: 0.0006628848581025445
2026-09-29 11:59:12 - train: epoch 120, iter:20, loss: 0.5572, lr: 0.0006628848581025445
2026-09-29 11:59:16 - val epoch: 120, loss: 0.8716, miou: 0.7806426210869175, f1_or_dsc: 0.8768099919010222, accuracy: 0.9427547454833984,                 specificity: 0.976800078135965, sensitivity: 0.8369348569710241, confusion_matrix: [[39134027   929470]
 [ 2101843 10787748]]
2026-09-29 11:59:16 - train gamma: g2=0.106 g3=0.096 g4=0.049 g5=0.030
2026-09-29 11:59:18 - train: epoch 121, iter:0, loss: 0.5151, lr: 0.0006579634122155989
2026-09-29 11:59:21 - train: epoch 121, iter:20, loss: 0.5258, lr: 0.0006579634122155989
2026-09-29 11:59:25 - val epoch: 121, loss: 0.8647
2026-09-29 11:59:25 - train gamma: g2=0.106 g3=0.097 g4=0.045 g5=0.030
2026-09-29 11:59:26 - train: epoch 122, iter:0, loss: 0.5704, lr: 0.0006530251921667629
2026-09-29 11:59:30 - train: epoch 122, iter:20, loss: 0.5354, lr: 0.0006530251921667629
2026-09-29 11:59:34 - val epoch: 122, loss: 0.8192
2026-09-29 11:59:34 - train gamma: g2=0.107 g3=0.097 g4=0.048 g5=0.031
2026-09-29 11:59:35 - train: epoch 123, iter:0, loss: 0.6701, lr: 0.0006480707394875134
2026-09-29 11:59:38 - train: epoch 123, iter:20, loss: 0.5276, lr: 0.0006480707394875134
2026-09-29 11:59:43 - val epoch: 123, loss: 0.8457
2026-09-29 11:59:43 - train gamma: g2=0.106 g3=0.096 g4=0.048 g5=0.032
2026-09-29 11:59:44 - train: epoch 124, iter:0, loss: 0.7599, lr: 0.0006431005974894185
2026-09-29 11:59:47 - train: epoch 124, iter:20, loss: 0.5368, lr: 0.0006431005974894185
2026-09-29 11:59:52 - val epoch: 124, loss: 0.8812
2026-09-29 11:59:52 - train gamma: g2=0.106 g3=0.097 g4=0.048 g5=0.030
2026-09-29 11:59:54 - train: epoch 125, iter:0, loss: 0.4201, lr: 0.0006381153112045565
2026-09-29 11:59:57 - train: epoch 125, iter:20, loss: 0.5569, lr: 0.0006381153112045565
2026-09-29 12:00:01 - val epoch: 125, loss: 0.7935
2026-09-29 12:00:01 - train gamma: g2=0.107 g3=0.097 g4=0.048 g5=0.032
2026-09-29 12:00:03 - train: epoch 126, iter:0, loss: 0.5205, lr: 0.0006331154273257479
2026-09-29 12:00:06 - train: epoch 126, iter:20, loss: 0.5190, lr: 0.0006331154273257479
2026-09-29 12:00:10 - val epoch: 126, loss: 0.8236
2026-09-29 12:00:10 - train gamma: g2=0.107 g3=0.097 g4=0.046 g5=0.033
2026-09-29 12:00:11 - train: epoch 127, iter:0, loss: 0.4967, lr: 0.000628101494146603
2026-09-29 12:00:14 - train: epoch 127, iter:20, loss: 0.5275, lr: 0.000628101494146603
2026-09-29 12:00:19 - val epoch: 127, loss: 0.8534
2026-09-29 12:00:19 - train gamma: g2=0.107 g3=0.096 g4=0.047 g5=0.031
2026-09-29 12:00:21 - train: epoch 128, iter:0, loss: 0.5356, lr: 0.0006230740615013976
2026-09-29 12:00:24 - train: epoch 128, iter:20, loss: 0.5264, lr: 0.0006230740615013976
2026-09-29 12:00:29 - val epoch: 128, loss: 0.8327
2026-09-29 12:00:29 - train gamma: g2=0.108 g3=0.097 g4=0.049 g5=0.031
2026-09-29 12:00:30 - train: epoch 129, iter:0, loss: 0.6354, lr: 0.0006180336807047746
2026-09-29 12:00:33 - train: epoch 129, iter:20, loss: 0.5032, lr: 0.0006180336807047746
2026-09-29 12:00:38 - val epoch: 129, loss: 0.8563
2026-09-29 12:00:38 - train gamma: g2=0.106 g3=0.098 g4=0.049 g5=0.031
2026-09-29 12:00:39 - train: epoch 130, iter:0, loss: 0.7108, lr: 0.0006129809044912887
2026-09-29 12:00:42 - train: epoch 130, iter:20, loss: 0.5244, lr: 0.0006129809044912887
2026-09-29 12:00:47 - val epoch: 130, loss: 0.8427, miou: 0.7903258557900864, f1_or_dsc: 0.882884926488769, accuracy: 0.9437819188184077,                 specificity: 0.9673454865909483, sensitivity: 0.8705415090362448, confusion_matrix: [[38755243  1308254]
 [ 1668667 11220924]]
2026-09-29 12:00:47 - train gamma: g2=0.107 g3=0.098 g4=0.048 g5=0.030
2026-09-29 12:00:48 - train: epoch 131, iter:0, loss: 0.4397, lr: 0.0006079162869547909
2026-09-29 12:00:51 - train: epoch 131, iter:20, loss: 0.5107, lr: 0.0006079162869547909
2026-09-29 12:00:56 - val epoch: 131, loss: 0.8310
2026-09-29 12:00:56 - train gamma: g2=0.108 g3=0.097 g4=0.049 g5=0.033
2026-09-29 12:00:57 - train: epoch 132, iter:0, loss: 0.4082, lr: 0.0006028403834876673
2026-09-29 12:01:00 - train: epoch 132, iter:20, loss: 0.5157, lr: 0.0006028403834876673
2026-09-29 12:01:04 - val epoch: 132, loss: 0.8570
2026-09-29 12:01:04 - train gamma: g2=0.107 g3=0.097 g4=0.049 g5=0.032
2026-09-29 12:01:06 - train: epoch 133, iter:0, loss: 0.4464, lr: 0.0005977537507199337
2026-09-29 12:01:09 - train: epoch 133, iter:20, loss: 0.5089, lr: 0.0005977537507199337
2026-09-29 12:01:13 - val epoch: 133, loss: 0.8116
2026-09-29 12:01:13 - train gamma: g2=0.107 g3=0.096 g4=0.047 g5=0.031
2026-09-29 12:01:15 - train: epoch 134, iter:0, loss: 0.4847, lr: 0.0005926569464581937
2026-09-29 12:01:18 - train: epoch 134, iter:20, loss: 0.5179, lr: 0.0005926569464581937
2026-09-29 12:01:22 - val epoch: 134, loss: 0.8147
2026-09-29 12:01:22 - train gamma: g2=0.107 g3=0.096 g4=0.050 g5=0.033
2026-09-29 12:01:24 - train: epoch 135, iter:0, loss: 0.5554, lr: 0.0005875505296244705
2026-09-29 12:01:54 - train: epoch 135, iter:20, loss: 0.5045, lr: 0.0005875505296244705
2026-09-29 12:01:58 - val epoch: 135, loss: 0.8333
2026-09-29 12:01:58 - train gamma: g2=0.106 g3=0.096 g4=0.050 g5=0.032
2026-09-29 12:02:00 - train: epoch 136, iter:0, loss: 0.5210, lr: 0.0005824350601949142
2026-09-29 12:02:03 - train: epoch 136, iter:20, loss: 0.5013, lr: 0.0005824350601949142
2026-09-29 12:02:07 - val epoch: 136, loss: 0.8660
2026-09-29 12:02:07 - train gamma: g2=0.106 g3=0.097 g4=0.050 g5=0.034
2026-09-29 12:02:09 - train: epoch 137, iter:0, loss: 0.6326, lr: 0.0005773110991383937
2026-09-29 12:02:12 - train: epoch 137, iter:20, loss: 0.5121, lr: 0.0005773110991383937
2026-09-29 12:02:17 - val epoch: 137, loss: 0.8434
2026-09-29 12:02:17 - train gamma: g2=0.107 g3=0.097 g4=0.049 g5=0.031
2026-09-29 12:02:18 - train: epoch 138, iter:0, loss: 0.3828, lr: 0.0005721792083549806
2026-09-29 12:02:21 - train: epoch 138, iter:20, loss: 0.5084, lr: 0.0005721792083549806
2026-09-29 12:02:26 - val epoch: 138, loss: 0.8617
2026-09-29 12:02:26 - train gamma: g2=0.108 g3=0.097 g4=0.050 g5=0.032
2026-09-29 12:02:27 - train: epoch 139, iter:0, loss: 0.4182, lr: 0.0005670399506143306
2026-09-29 12:02:30 - train: epoch 139, iter:20, loss: 0.5012, lr: 0.0005670399506143306
2026-09-29 12:02:35 - val epoch: 139, loss: 0.8488
2026-09-29 12:02:35 - train gamma: g2=0.107 g3=0.097 g4=0.049 g5=0.034
2026-09-29 12:02:36 - train: epoch 140, iter:0, loss: 0.5067, lr: 0.000561893889493969
2026-09-29 12:02:39 - train: epoch 140, iter:20, loss: 0.4996, lr: 0.000561893889493969
2026-09-29 12:02:44 - val epoch: 140, loss: 0.8249, miou: 0.7899694863887434, f1_or_dsc: 0.8826625173175481, accuracy: 0.9429542239349668,                 specificity: 0.9627380755104827, sensitivity: 0.8814619486374703, confusion_matrix: [[38570654  1492843]
 [ 1527907 11361684]]
2026-09-29 12:02:44 - train gamma: g2=0.108 g3=0.096 g4=0.049 g5=0.033
2026-09-29 12:02:46 - train: epoch 141, iter:0, loss: 0.5196, lr: 0.0005567415893174885
2026-09-29 12:02:49 - train: epoch 141, iter:20, loss: 0.5080, lr: 0.0005567415893174885
2026-09-29 12:02:53 - val epoch: 141, loss: 0.8141
2026-09-29 12:02:53 - train gamma: g2=0.108 g3=0.097 g4=0.048 g5=0.032
2026-09-29 12:02:55 - train: epoch 142, iter:0, loss: 0.4068, lr: 0.0005515836150926646
2026-09-29 12:02:58 - train: epoch 142, iter:20, loss: 0.5055, lr: 0.0005515836150926646
2026-09-29 12:03:03 - val epoch: 142, loss: 0.8334
2026-09-29 12:03:03 - train gamma: g2=0.107 g3=0.095 g4=0.047 g5=0.033
2026-09-29 12:03:04 - train: epoch 143, iter:0, loss: 0.4583, lr: 0.0005464205324494961
2026-09-29 12:03:08 - train: epoch 143, iter:20, loss: 0.4932, lr: 0.0005464205324494961
2026-09-29 12:03:13 - val epoch: 143, loss: 0.8246
2026-09-29 12:03:13 - train gamma: g2=0.107 g3=0.095 g4=0.050 g5=0.033
2026-09-29 12:03:14 - train: epoch 144, iter:0, loss: 0.4676, lr: 0.0005412529075781776
2026-09-29 12:03:17 - train: epoch 144, iter:20, loss: 0.5049, lr: 0.0005412529075781776
2026-09-29 12:03:22 - val epoch: 144, loss: 0.8548
2026-09-29 12:03:22 - train gamma: g2=0.107 g3=0.096 g4=0.053 g5=0.033
2026-09-29 12:03:24 - train: epoch 145, iter:0, loss: 0.5109, lr: 0.0005360813071670101
2026-09-29 12:03:27 - train: epoch 145, iter:20, loss: 0.4880, lr: 0.0005360813071670101
2026-09-29 12:03:32 - val epoch: 145, loss: 0.8650
2026-09-29 12:03:32 - train gamma: g2=0.108 g3=0.096 g4=0.051 g5=0.033
2026-09-29 12:03:33 - train: epoch 146, iter:0, loss: 0.4212, lr: 0.0005309062983402573
2026-09-29 12:03:36 - train: epoch 146, iter:20, loss: 0.4821, lr: 0.0005309062983402573
2026-09-29 12:03:41 - val epoch: 146, loss: 0.8324
2026-09-29 12:03:41 - train gamma: g2=0.107 g3=0.096 g4=0.053 g5=0.034
2026-09-29 12:03:43 - train: epoch 147, iter:0, loss: 0.5517, lr: 0.0005257284485959538
2026-09-29 12:03:46 - train: epoch 147, iter:20, loss: 0.4996, lr: 0.0005257284485959538
2026-09-29 12:03:50 - val epoch: 147, loss: 0.8125
2026-09-29 12:03:50 - train gamma: g2=0.108 g3=0.095 g4=0.052 g5=0.033
2026-09-29 12:03:51 - train: epoch 148, iter:0, loss: 0.4397, lr: 0.0005205483257436734
2026-09-29 12:03:55 - train: epoch 148, iter:20, loss: 0.5036, lr: 0.0005205483257436734
2026-09-29 12:03:59 - val epoch: 148, loss: 0.8714
2026-09-29 12:03:59 - train gamma: g2=0.107 g3=0.095 g4=0.051 g5=0.034
2026-09-29 12:04:00 - train: epoch 149, iter:0, loss: 0.5038, lr: 0.0005153664978422616
2026-09-29 12:04:03 - train: epoch 149, iter:20, loss: 0.4808, lr: 0.0005153664978422616
2026-09-29 12:04:08 - val epoch: 149, loss: 0.8903
2026-09-29 12:04:08 - train gamma: g2=0.108 g3=0.096 g4=0.053 g5=0.034
2026-09-29 12:04:09 - train: epoch 150, iter:0, loss: 0.6292, lr: 0.0005101835331375416
2026-09-29 12:04:12 - train: epoch 150, iter:20, loss: 0.4946, lr: 0.0005101835331375416
2026-09-29 12:04:17 - val epoch: 150, loss: 0.8416, miou: 0.7796263378290768, f1_or_dsc: 0.8761685768037397, accuracy: 0.9373491117269686,                 specificity: 0.9459695442961457, sensitivity: 0.910555036230397, confusion_matrix: [[37898848  2164649]
 [ 1152909 11736682]]
2026-09-29 12:04:17 - train gamma: g2=0.108 g3=0.095 g4=0.051 g5=0.035
2026-09-29 12:04:18 - train: epoch 151, iter:0, loss: 0.5845, lr: 0.0005049999999999999
2026-09-29 12:04:21 - train: epoch 151, iter:20, loss: 0.4930, lr: 0.0005049999999999999
2026-09-29 12:04:52 - val epoch: 151, loss: 0.8286
2026-09-29 12:04:52 - train gamma: g2=0.108 g3=0.095 g4=0.051 g5=0.033
2026-09-29 12:04:53 - train: epoch 152, iter:0, loss: 0.5197, lr: 0.0004998164668624582
2026-09-29 12:04:57 - train: epoch 152, iter:20, loss: 0.4990, lr: 0.0004998164668624582
2026-09-29 12:05:01 - val epoch: 152, loss: 0.8763
2026-09-29 12:05:01 - train gamma: g2=0.108 g3=0.095 g4=0.054 g5=0.036
2026-09-29 12:05:03 - train: epoch 153, iter:0, loss: 0.4071, lr: 0.0004946335021577383
2026-09-29 12:05:06 - train: epoch 153, iter:20, loss: 0.4795, lr: 0.0004946335021577383
2026-09-29 12:05:11 - val epoch: 153, loss: 0.8439
2026-09-29 12:05:11 - train gamma: g2=0.108 g3=0.095 g4=0.052 g5=0.036
2026-09-29 12:05:12 - train: epoch 154, iter:0, loss: 0.4725, lr: 0.0004894516742563263
2026-09-29 12:05:15 - train: epoch 154, iter:20, loss: 0.4718, lr: 0.0004894516742563263
2026-09-29 12:05:20 - val epoch: 154, loss: 0.8618
2026-09-29 12:05:20 - train gamma: g2=0.107 g3=0.097 g4=0.052 g5=0.035
2026-09-29 12:05:21 - train: epoch 155, iter:0, loss: 0.4347, lr: 0.000484271551404046
2026-09-29 12:06:04 - train: epoch 155, iter:20, loss: 0.4769, lr: 0.000484271551404046
2026-09-29 12:06:08 - val epoch: 155, loss: 0.8383
2026-09-29 12:06:08 - train gamma: g2=0.108 g3=0.096 g4=0.054 g5=0.037
2026-09-29 12:06:10 - train: epoch 156, iter:0, loss: 0.4758, lr: 0.0004790937016597426
2026-09-29 12:06:13 - train: epoch 156, iter:20, loss: 0.4783, lr: 0.0004790937016597426
2026-09-29 12:06:18 - val epoch: 156, loss: 0.8090
2026-09-29 12:06:18 - train gamma: g2=0.109 g3=0.096 g4=0.051 g5=0.037
2026-09-29 12:06:19 - train: epoch 157, iter:0, loss: 0.4849, lr: 0.0004739186928329898
2026-09-29 12:06:22 - train: epoch 157, iter:20, loss: 0.4868, lr: 0.0004739186928329898
2026-09-29 12:06:27 - val epoch: 157, loss: 0.8362
2026-09-29 12:06:27 - train gamma: g2=0.108 g3=0.096 g4=0.054 g5=0.038
2026-09-29 12:06:28 - train: epoch 158, iter:0, loss: 0.4871, lr: 0.0004687470924218222
2026-09-29 12:06:31 - train: epoch 158, iter:20, loss: 0.4756, lr: 0.0004687470924218222
2026-09-29 12:06:36 - val epoch: 158, loss: 0.8375
2026-09-29 12:06:36 - train gamma: g2=0.108 g3=0.097 g4=0.053 g5=0.036
2026-09-29 12:06:37 - train: epoch 159, iter:0, loss: 0.3970, lr: 0.00046357946755050356
2026-09-29 12:06:41 - train: epoch 159, iter:20, loss: 0.4802, lr: 0.00046357946755050356
2026-09-29 12:06:45 - val epoch: 159, loss: 0.8403
2026-09-29 12:06:45 - train gamma: g2=0.108 g3=0.097 g4=0.051 g5=0.035
2026-09-29 12:06:46 - train: epoch 160, iter:0, loss: 0.4420, lr: 0.00045841638490733513
2026-09-29 12:06:50 - train: epoch 160, iter:20, loss: 0.4883, lr: 0.00045841638490733513
2026-09-29 12:06:55 - val epoch: 160, loss: 0.9225, miou: 0.7775092744099383, f1_or_dsc: 0.8748300620462756, accuracy: 0.9416000441749497,                 specificity: 0.9747981061163982, sensitivity: 0.8384136471048615, confusion_matrix: [[39053821  1009676]
 [ 2082782 10806809]]
2026-09-29 12:06:55 - train gamma: g2=0.108 g3=0.098 g4=0.054 g5=0.037
2026-09-29 12:06:56 - train: epoch 161, iter:0, loss: 0.4291, lr: 0.00045325841068251133
2026-09-29 12:06:59 - train: epoch 161, iter:20, loss: 0.4921, lr: 0.00045325841068251133
2026-09-29 12:07:04 - val epoch: 161, loss: 0.8598
2026-09-29 12:07:04 - train gamma: g2=0.108 g3=0.098 g4=0.054 g5=0.038
2026-09-29 12:07:05 - train: epoch 162, iter:0, loss: 0.5006, lr: 0.0004481061105060308
2026-09-29 12:07:08 - train: epoch 162, iter:20, loss: 0.5031, lr: 0.0004481061105060308
2026-09-29 12:07:13 - val epoch: 162, loss: 0.7999
2026-09-29 12:07:13 - train gamma: g2=0.108 g3=0.097 g4=0.052 g5=0.036
2026-09-29 12:07:14 - train: epoch 163, iter:0, loss: 0.4633, lr: 0.0004429600493856691
2026-09-29 12:07:17 - train: epoch 163, iter:20, loss: 0.4913, lr: 0.0004429600493856691
2026-09-29 12:07:22 - val epoch: 163, loss: 0.8478
2026-09-29 12:07:22 - train gamma: g2=0.108 g3=0.097 g4=0.053 g5=0.035
2026-09-29 12:07:23 - train: epoch 164, iter:0, loss: 0.5919, lr: 0.000437820791645019
2026-09-29 12:07:26 - train: epoch 164, iter:20, loss: 0.4862, lr: 0.000437820791645019
2026-09-29 12:07:31 - val epoch: 164, loss: 0.8564
2026-09-29 12:07:31 - train gamma: g2=0.109 g3=0.097 g4=0.054 g5=0.036
2026-09-29 12:07:32 - train: epoch 165, iter:0, loss: 0.3970, lr: 0.00043268890086160604
2026-09-29 12:07:36 - train: epoch 165, iter:20, loss: 0.4768, lr: 0.00043268890086160604
2026-09-29 12:07:40 - val epoch: 165, loss: 0.8347
2026-09-29 12:07:40 - train gamma: g2=0.109 g3=0.096 g4=0.053 g5=0.037
2026-09-29 12:07:42 - train: epoch 166, iter:0, loss: 0.4249, lr: 0.0004275649398050855
2026-09-29 12:07:45 - train: epoch 166, iter:20, loss: 0.4848, lr: 0.0004275649398050855
2026-09-29 12:07:49 - val epoch: 166, loss: 0.8308
2026-09-29 12:07:49 - train gamma: g2=0.109 g3=0.096 g4=0.054 g5=0.039
2026-09-29 12:07:51 - train: epoch 167, iter:0, loss: 0.4281, lr: 0.0004224494703755289
2026-09-29 12:07:54 - train: epoch 167, iter:20, loss: 0.4623, lr: 0.0004224494703755289
2026-09-29 12:07:58 - val epoch: 167, loss: 0.8709
2026-09-29 12:07:58 - train gamma: g2=0.109 g3=0.097 g4=0.052 g5=0.037
2026-09-29 12:08:00 - train: epoch 168, iter:0, loss: 0.4775, lr: 0.00041734305354180595
2026-09-29 12:08:03 - train: epoch 168, iter:20, loss: 0.4753, lr: 0.00041734305354180595
2026-09-29 12:08:07 - val epoch: 168, loss: 0.8681
2026-09-29 12:08:07 - train gamma: g2=0.107 g3=0.099 g4=0.055 g5=0.038
2026-09-29 12:08:09 - train: epoch 169, iter:0, loss: 0.4467, lr: 0.000412246249280066
2026-09-29 12:08:12 - train: epoch 169, iter:20, loss: 0.4635, lr: 0.000412246249280066
2026-09-29 12:08:16 - val epoch: 169, loss: 0.8390
2026-09-29 12:08:16 - train gamma: g2=0.108 g3=0.099 g4=0.054 g5=0.039
2026-09-29 12:08:18 - train: epoch 170, iter:0, loss: 0.5308, lr: 0.0004071596165123322
2026-09-29 12:08:21 - train: epoch 170, iter:20, loss: 0.4680, lr: 0.0004071596165123322
2026-09-29 12:08:25 - val epoch: 170, loss: 0.8689, miou: 0.7781363195491295, f1_or_dsc: 0.8752268439648502, accuracy: 0.9372555194514813,                 specificity: 0.947935548412062, sensitivity: 0.9040597952254653, confusion_matrix: [[37977613  2085884]
 [ 1236630 11652961]]
2026-09-29 12:08:25 - train gamma: g2=0.108 g3=0.099 g4=0.053 g5=0.039
2026-09-29 12:08:27 - train: epoch 171, iter:0, loss: 0.5885, lr: 0.0004020837130452088
2026-09-29 12:08:30 - train: epoch 171, iter:20, loss: 0.4743, lr: 0.0004020837130452088
2026-09-29 12:08:34 - val epoch: 171, loss: 0.8379
2026-09-29 12:08:34 - train gamma: g2=0.108 g3=0.099 g4=0.054 g5=0.040
2026-09-29 12:08:36 - train: epoch 172, iter:0, loss: 0.4368, lr: 0.00039701909550871116
2026-09-29 12:08:39 - train: epoch 172, iter:20, loss: 0.4834, lr: 0.00039701909550871116
2026-09-29 12:08:43 - val epoch: 172, loss: 0.8718
2026-09-29 12:08:43 - train gamma: g2=0.108 g3=0.099 g4=0.053 g5=0.040
2026-09-29 12:08:44 - train: epoch 173, iter:0, loss: 0.4614, lr: 0.0003919663192952252
2026-09-29 12:08:47 - train: epoch 173, iter:20, loss: 0.4672, lr: 0.0003919663192952252
2026-09-29 12:08:52 - val epoch: 173, loss: 0.8990
2026-09-29 12:08:52 - train gamma: g2=0.108 g3=0.099 g4=0.054 g5=0.041
2026-09-29 12:08:53 - train: epoch 174, iter:0, loss: 0.4088, lr: 0.0003869259384986023
2026-09-29 12:08:56 - train: epoch 174, iter:20, loss: 0.4754, lr: 0.0003869259384986023
2026-09-29 12:09:01 - val epoch: 174, loss: 0.8579
2026-09-29 12:09:01 - train gamma: g2=0.108 g3=0.099 g4=0.056 g5=0.042
2026-09-29 12:09:03 - train: epoch 175, iter:0, loss: 0.4108, lr: 0.0003818985058533967
2026-09-29 12:09:06 - train: epoch 175, iter:20, loss: 0.4573, lr: 0.0003818985058533967
2026-09-29 12:09:10 - val epoch: 175, loss: 0.8619
2026-09-29 12:09:10 - train gamma: g2=0.108 g3=0.098 g4=0.056 g5=0.042
2026-09-29 12:09:12 - train: epoch 176, iter:0, loss: 0.4790, lr: 0.00037688457267425206
2026-09-29 12:09:15 - train: epoch 176, iter:20, loss: 0.4686, lr: 0.00037688457267425206
2026-09-29 12:09:20 - val epoch: 176, loss: 0.8636
2026-09-29 12:09:20 - train gamma: g2=0.108 g3=0.099 g4=0.055 g5=0.042
2026-09-29 12:09:21 - train: epoch 177, iter:0, loss: 0.5371, lr: 0.0003718846887954434
2026-09-29 12:09:24 - train: epoch 177, iter:20, loss: 0.4648, lr: 0.0003718846887954434
2026-09-29 12:09:29 - val epoch: 177, loss: 0.8585
2026-09-29 12:09:29 - train gamma: g2=0.108 g3=0.099 g4=0.054 g5=0.042
2026-09-29 12:09:31 - train: epoch 178, iter:0, loss: 0.4890, lr: 0.0003668994025105812
2026-09-29 12:09:34 - train: epoch 178, iter:20, loss: 0.4864, lr: 0.0003668994025105812
2026-09-29 12:09:39 - val epoch: 178, loss: 0.8377
2026-09-29 12:09:39 - train gamma: g2=0.109 g3=0.099 g4=0.054 g5=0.041
2026-09-29 12:09:41 - train: epoch 179, iter:0, loss: 0.3278, lr: 0.0003619292605124862
2026-09-29 12:09:44 - train: epoch 179, iter:20, loss: 0.4790, lr: 0.0003619292605124862
2026-09-29 12:09:49 - val epoch: 179, loss: 0.8545
2026-09-29 12:09:49 - train gamma: g2=0.108 g3=0.099 g4=0.057 g5=0.040
2026-09-29 12:09:51 - train: epoch 180, iter:0, loss: 0.4942, lr: 0.00035697480783323686
2026-09-29 12:09:54 - train: epoch 180, iter:20, loss: 0.4597, lr: 0.00035697480783323686
2026-09-29 12:09:59 - val epoch: 180, loss: 0.8378, miou: 0.7869656974741733, f1_or_dsc: 0.8807843358006565, accuracy: 0.9416083534165184,                 specificity: 0.9594496706066372, sensitivity: 0.8861538740833592, confusion_matrix: [[38438909  1624588]
 [ 1467430 11422161]]
2026-09-29 12:09:59 - train gamma: g2=0.109 g3=0.099 g4=0.057 g5=0.040
2026-09-29 12:10:01 - train: epoch 181, iter:0, loss: 0.4526, lr: 0.00035203658778440076
2026-09-29 12:10:04 - train: epoch 181, iter:20, loss: 0.4595, lr: 0.00035203658778440076
2026-09-29 12:10:09 - val epoch: 181, loss: 0.9227
2026-09-29 12:10:09 - train gamma: g2=0.109 g3=0.099 g4=0.056 g5=0.042
2026-09-29 12:10:11 - train: epoch 182, iter:0, loss: 0.4437, lr: 0.00034711514189745505
2026-09-29 12:10:14 - train: epoch 182, iter:20, loss: 0.4603, lr: 0.00034711514189745505
2026-09-29 12:10:19 - val epoch: 182, loss: 0.8399
2026-09-29 12:10:19 - train gamma: g2=0.109 g3=0.099 g4=0.058 g5=0.041
2026-09-29 12:10:21 - train: epoch 183, iter:0, loss: 0.4402, lr: 0.00034221100986440094
2026-09-29 12:10:24 - train: epoch 183, iter:20, loss: 0.4520, lr: 0.00034221100986440094
2026-09-29 12:10:29 - val epoch: 183, loss: 0.8805
2026-09-29 12:10:29 - train gamma: g2=0.109 g3=0.100 g4=0.057 g5=0.042
2026-09-29 12:10:30 - train: epoch 184, iter:0, loss: 0.4473, lr: 0.0003373247294785804
2026-09-29 12:10:34 - train: epoch 184, iter:20, loss: 0.4465, lr: 0.0003373247294785804
2026-09-29 12:10:39 - val epoch: 184, loss: 0.8459
2026-09-29 12:10:39 - train gamma: g2=0.109 g3=0.099 g4=0.058 g5=0.042
2026-09-29 12:10:41 - train: epoch 185, iter:0, loss: 0.4962, lr: 0.0003324568365757012
2026-09-29 12:10:44 - train: epoch 185, iter:20, loss: 0.4554, lr: 0.0003324568365757012
2026-09-29 12:10:49 - val epoch: 185, loss: 0.8578
2026-09-29 12:10:49 - train gamma: g2=0.109 g3=0.098 g4=0.056 g5=0.042
2026-09-29 12:10:50 - train: epoch 186, iter:0, loss: 0.4383, lr: 0.0003276078649750761
2026-09-29 12:10:54 - train: epoch 186, iter:20, loss: 0.4597, lr: 0.0003276078649750761
2026-09-29 12:10:59 - val epoch: 186, loss: 0.8780
2026-09-29 12:10:59 - train gamma: g2=0.109 g3=0.099 g4=0.056 g5=0.042
2026-09-29 12:11:00 - train: epoch 187, iter:0, loss: 0.4855, lr: 0.00032277834642108417
2026-09-29 12:11:17 - train: epoch 187, iter:20, loss: 0.4628, lr: 0.00032277834642108417
2026-09-29 12:11:22 - val epoch: 187, loss: 0.9452
2026-09-29 12:11:22 - train gamma: g2=0.109 g3=0.098 g4=0.058 g5=0.044
2026-09-29 12:11:24 - train: epoch 188, iter:0, loss: 0.4483, lr: 0.00031796881052485835
2026-09-29 12:11:27 - train: epoch 188, iter:20, loss: 0.4567, lr: 0.00031796881052485835
2026-09-29 12:11:32 - val epoch: 188, loss: 0.8562
2026-09-29 12:11:32 - train gamma: g2=0.109 g3=0.098 g4=0.057 g5=0.044
2026-09-29 12:11:34 - train: epoch 189, iter:0, loss: 0.3604, lr: 0.00031317978470620867
2026-09-29 12:11:37 - train: epoch 189, iter:20, loss: 0.4452, lr: 0.00031317978470620867
2026-09-29 12:11:42 - val epoch: 189, loss: 0.8455
2026-09-29 12:11:42 - train gamma: g2=0.109 g3=0.099 g4=0.056 g5=0.044
2026-09-29 12:11:44 - train: epoch 190, iter:0, loss: 0.4536, lr: 0.00030841179413578315
2026-09-29 12:11:47 - train: epoch 190, iter:20, loss: 0.4626, lr: 0.00030841179413578315
2026-09-29 12:11:52 - val epoch: 190, loss: 0.8459, miou: 0.7858835468428593, f1_or_dsc: 0.8801061505182337, accuracy: 0.941491948495997,                 specificity: 0.9605620797405678, sensitivity: 0.8822180626212267, confusion_matrix: [[38483476  1580021]
 [ 1518161 11371430]]
2026-09-29 12:11:52 - train gamma: g2=0.110 g3=0.098 g4=0.057 g5=0.045
2026-09-29 12:11:54 - train: epoch 191, iter:0, loss: 0.3723, lr: 0.0003036653616774785
2026-09-29 12:11:57 - train: epoch 191, iter:20, loss: 0.4583, lr: 0.0003036653616774785
2026-09-29 12:12:02 - val epoch: 191, loss: 0.8472
2026-09-29 12:12:02 - train gamma: g2=0.110 g3=0.098 g4=0.057 g5=0.044
2026-09-29 12:12:04 - train: epoch 192, iter:0, loss: 0.3999, lr: 0.0002989410078311011
2026-09-29 12:12:07 - train: epoch 192, iter:20, loss: 0.4655, lr: 0.0002989410078311011
2026-09-29 12:12:12 - val epoch: 192, loss: 0.8488
2026-09-29 12:12:12 - train gamma: g2=0.109 g3=0.098 g4=0.057 g5=0.044
2026-09-29 12:12:13 - train: epoch 193, iter:0, loss: 0.4189, lr: 0.00029423925067528865
2026-09-29 12:12:17 - train: epoch 193, iter:20, loss: 0.4547, lr: 0.00029423925067528865
2026-09-29 12:12:22 - val epoch: 193, loss: 0.8887
2026-09-29 12:12:22 - train gamma: g2=0.110 g3=0.098 g4=0.058 g5=0.046
2026-09-29 12:12:23 - train: epoch 194, iter:0, loss: 0.4694, lr: 0.0002895606058106975
2026-09-29 12:12:27 - train: epoch 194, iter:20, loss: 0.4441, lr: 0.0002895606058106975
2026-09-29 12:12:32 - val epoch: 194, loss: 0.8529
2026-09-29 12:12:32 - train gamma: g2=0.109 g3=0.099 g4=0.058 g5=0.044
2026-09-29 12:12:34 - train: epoch 195, iter:0, loss: 0.4694, lr: 0.0002849055863034606
2026-09-29 12:12:37 - train: epoch 195, iter:20, loss: 0.4493, lr: 0.0002849055863034606
2026-09-29 12:12:43 - val epoch: 195, loss: 0.8467
2026-09-29 12:12:43 - train gamma: g2=0.110 g3=0.098 g4=0.058 g5=0.044
2026-09-29 12:12:44 - train: epoch 196, iter:0, loss: 0.4957, lr: 0.00028027470262892396
2026-09-29 12:12:48 - train: epoch 196, iter:20, loss: 0.4571, lr: 0.00028027470262892396
2026-09-29 12:12:53 - val epoch: 196, loss: 0.8684
2026-09-29 12:12:53 - train gamma: g2=0.109 g3=0.099 g4=0.057 g5=0.044
2026-09-29 12:12:54 - train: epoch 197, iter:0, loss: 0.4515, lr: 0.0002756684626156682
2026-09-29 12:12:57 - train: epoch 197, iter:20, loss: 0.4505, lr: 0.0002756684626156682
2026-09-29 12:13:02 - val epoch: 197, loss: 0.8687
2026-09-29 12:13:02 - train gamma: g2=0.109 g3=0.098 g4=0.059 g5=0.045
2026-09-29 12:13:04 - train: epoch 198, iter:0, loss: 0.4389, lr: 0.000271087371389818
2026-09-29 12:13:07 - train: epoch 198, iter:20, loss: 0.4564, lr: 0.000271087371389818
2026-09-29 12:13:12 - val epoch: 198, loss: 0.8804
2026-09-29 12:13:12 - train gamma: g2=0.110 g3=0.099 g4=0.059 g5=0.046
2026-09-29 12:13:13 - train: epoch 199, iter:0, loss: 0.4148, lr: 0.0002665319313196505
2026-09-29 12:13:17 - train: epoch 199, iter:20, loss: 0.4388, lr: 0.0002665319313196505
2026-09-29 12:13:22 - val epoch: 199, loss: 0.8630
2026-09-29 12:13:22 - train gamma: g2=0.110 g3=0.099 g4=0.058 g5=0.045
2026-09-29 12:13:23 - train: epoch 200, iter:0, loss: 0.4149, lr: 0.00026200264196050494
2026-09-29 12:13:26 - train: epoch 200, iter:20, loss: 0.4418, lr: 0.00026200264196050494
2026-09-29 12:13:31 - val epoch: 200, loss: 0.8549, miou: 0.7865817377786221, f1_or_dsc: 0.8805438017704494, accuracy: 0.9425259203013807,                 specificity: 0.9657840652302518, sensitivity: 0.8702348274665969, confusion_matrix: [[38692687  1370810]
 [ 1672620 11216971]]
2026-09-29 12:13:31 - train gamma: g2=0.109 g3=0.099 g4=0.060 g5=0.046
2026-09-29 12:13:33 - train: epoch 201, iter:0, loss: 0.4155, lr: 0.00025749999999999954
2026-09-29 12:13:36 - train: epoch 201, iter:20, loss: 0.4363, lr: 0.00025749999999999954
2026-09-29 12:13:41 - val epoch: 201, loss: 0.8677
2026-09-29 12:13:41 - train gamma: g2=0.109 g3=0.099 g4=0.059 g5=0.046
2026-09-29 12:13:43 - train: epoch 202, iter:0, loss: 0.4589, lr: 0.0002530244992035658
2026-09-29 12:13:46 - train: epoch 202, iter:20, loss: 0.4387, lr: 0.0002530244992035658
2026-09-29 12:13:51 - val epoch: 202, loss: 0.8528
2026-09-29 12:13:51 - train gamma: g2=0.110 g3=0.099 g4=0.058 g5=0.046
2026-09-29 12:13:53 - train: epoch 203, iter:0, loss: 0.4503, lr: 0.0002485766303603003
2026-09-29 12:13:57 - train: epoch 203, iter:20, loss: 0.4460, lr: 0.0002485766303603003
2026-09-29 12:14:01 - val epoch: 203, loss: 0.8374
2026-09-29 12:14:01 - train gamma: g2=0.109 g3=0.099 g4=0.058 g5=0.046
2026-09-29 12:14:03 - train: epoch 204, iter:0, loss: 0.4096, lr: 0.0002441568812291443
2026-09-29 12:14:06 - train: epoch 204, iter:20, loss: 0.4365, lr: 0.0002441568812291443
2026-09-29 12:14:11 - val epoch: 204, loss: 0.8725
2026-09-29 12:14:11 - train gamma: g2=0.109 g3=0.100 g4=0.059 g5=0.046
2026-09-29 12:14:13 - train: epoch 205, iter:0, loss: 0.4788, lr: 0.00023976573648539645
2026-09-29 12:14:16 - train: epoch 205, iter:20, loss: 0.4369, lr: 0.00023976573648539645
2026-09-29 12:14:21 - val epoch: 205, loss: 0.8530
2026-09-29 12:14:21 - train gamma: g2=0.109 g3=0.099 g4=0.059 g5=0.046
2026-09-29 12:14:23 - train: epoch 206, iter:0, loss: 0.4794, lr: 0.00023540367766756144
2026-09-29 12:14:26 - train: epoch 206, iter:20, loss: 0.4409, lr: 0.00023540367766756144
2026-09-29 12:14:31 - val epoch: 206, loss: 0.8565
2026-09-29 12:14:31 - train gamma: g2=0.110 g3=0.100 g4=0.060 g5=0.047
2026-09-29 12:14:33 - train: epoch 207, iter:0, loss: 0.3746, lr: 0.0002310711831245444
2026-09-29 12:14:36 - train: epoch 207, iter:20, loss: 0.4361, lr: 0.0002310711831245444
2026-09-29 12:14:40 - val epoch: 207, loss: 0.8982
2026-09-29 12:14:40 - train gamma: g2=0.110 g3=0.099 g4=0.059 g5=0.047
2026-09-29 12:14:42 - train: epoch 208, iter:0, loss: 0.4740, lr: 0.00022676872796319514
2026-09-29 12:14:46 - train: epoch 208, iter:20, loss: 0.4376, lr: 0.00022676872796319514
2026-09-29 12:14:51 - val epoch: 208, loss: 0.8960
2026-09-29 12:14:51 - train gamma: g2=0.110 g3=0.100 g4=0.057 g5=0.047
2026-09-29 12:14:52 - train: epoch 209, iter:0, loss: 0.4871, lr: 0.00022249678399620604
2026-09-29 12:14:55 - train: epoch 209, iter:20, loss: 0.4394, lr: 0.00022249678399620604
2026-09-29 12:15:01 - val epoch: 209, loss: 0.8561
2026-09-29 12:15:01 - train gamma: g2=0.110 g3=0.099 g4=0.058 g5=0.047
2026-09-29 12:15:02 - train: epoch 210, iter:0, loss: 0.4147, lr: 0.0002182558196903736
2026-09-29 12:15:05 - train: epoch 210, iter:20, loss: 0.4340, lr: 0.0002182558196903736
2026-09-29 12:15:10 - val epoch: 210, loss: 0.8667, miou: 0.7862577215305443, f1_or_dsc: 0.8803407392488067, accuracy: 0.9419954318811398,                 specificity: 0.9630432410830237, sensitivity: 0.8765745166002552, confusion_matrix: [[38582880  1480617]
 [ 1590904 11298687]]
2026-09-29 12:15:10 - train gamma: g2=0.110 g3=0.100 g4=0.058 g5=0.047
2026-09-29 12:15:12 - train: epoch 211, iter:0, loss: 0.4630, lr: 0.00021404630011522552
2026-09-29 12:15:15 - train: epoch 211, iter:20, loss: 0.4431, lr: 0.00021404630011522552
2026-09-29 12:15:20 - val epoch: 211, loss: 0.8820
2026-09-29 12:15:20 - train gamma: g2=0.109 g3=0.100 g4=0.060 g5=0.049
2026-09-29 12:15:22 - train: epoch 212, iter:0, loss: 0.4784, lr: 0.0002098686868920198
2026-09-29 12:15:25 - train: epoch 212, iter:20, loss: 0.4501, lr: 0.0002098686868920198
2026-09-29 12:15:31 - val epoch: 212, loss: 0.8793
2026-09-29 12:15:31 - train gamma: g2=0.110 g3=0.100 g4=0.058 g5=0.049
2026-09-29 12:15:32 - train: epoch 213, iter:0, loss: 0.4433, lr: 0.00020572343814312415
2026-09-29 12:15:36 - train: epoch 213, iter:20, loss: 0.4425, lr: 0.00020572343814312415
2026-09-29 12:15:41 - val epoch: 213, loss: 0.8733
2026-09-29 12:15:41 - train gamma: g2=0.110 g3=0.100 g4=0.060 g5=0.049
2026-09-29 12:15:43 - train: epoch 214, iter:0, loss: 0.4464, lr: 0.00020161100844177644
2026-09-29 12:15:47 - train: epoch 214, iter:20, loss: 0.4523, lr: 0.00020161100844177644
2026-09-29 12:15:52 - val epoch: 214, loss: 0.8671
2026-09-29 12:15:52 - train gamma: g2=0.110 g3=0.100 g4=0.060 g5=0.048
2026-09-29 12:15:54 - train: epoch 215, iter:0, loss: 0.5372, lr: 0.0001975318487622361
2026-09-29 12:15:57 - train: epoch 215, iter:20, loss: 0.4325, lr: 0.0001975318487622361
2026-09-29 12:16:02 - val epoch: 215, loss: 0.8646
2026-09-29 12:16:02 - train gamma: g2=0.110 g3=0.099 g4=0.060 g5=0.049
2026-09-29 12:16:04 - train: epoch 216, iter:0, loss: 0.4540, lr: 0.00019348640643033024
2026-09-29 12:16:08 - train: epoch 216, iter:20, loss: 0.4437, lr: 0.00019348640643033024
2026-09-29 12:16:13 - val epoch: 216, loss: 0.9024
2026-09-29 12:16:13 - train gamma: g2=0.110 g3=0.100 g4=0.063 g5=0.049
2026-09-29 12:16:14 - train: epoch 217, iter:0, loss: 0.3667, lr: 0.00018947512507439828
2026-09-29 12:16:18 - train: epoch 217, iter:20, loss: 0.4333, lr: 0.00018947512507439828
2026-09-29 12:16:23 - val epoch: 217, loss: 0.8599
2026-09-29 12:16:23 - train gamma: g2=0.110 g3=0.100 g4=0.062 g5=0.049
2026-09-29 12:16:24 - train: epoch 218, iter:0, loss: 0.4093, lr: 0.00018549844457664425
2026-09-29 12:16:27 - train: epoch 218, iter:20, loss: 0.4414, lr: 0.00018549844457664425
2026-09-29 12:16:32 - val epoch: 218, loss: 0.8587
2026-09-29 12:16:32 - train gamma: g2=0.110 g3=0.100 g4=0.062 g5=0.050
2026-09-29 12:16:34 - train: epoch 219, iter:0, loss: 0.3509, lr: 0.00018155680102489765
2026-09-29 12:16:37 - train: epoch 219, iter:20, loss: 0.4462, lr: 0.00018155680102489765
2026-09-29 12:16:42 - val epoch: 219, loss: 0.8942
2026-09-29 12:16:42 - train gamma: g2=0.110 g3=0.099 g4=0.063 g5=0.048
2026-09-29 12:16:43 - train: epoch 220, iter:0, loss: 0.3406, lr: 0.00017765062666479195
2026-09-29 12:16:46 - train: epoch 220, iter:20, loss: 0.4260, lr: 0.00017765062666479195
2026-09-29 12:16:51 - val epoch: 220, loss: 0.8765, miou: 0.7845396517423427, f1_or_dsc: 0.8792627846361992, accuracy: 0.9421196172733118,                 specificity: 0.9666651915083698, sensitivity: 0.8658269296519959, confusion_matrix: [[38727988  1335509]
 [ 1729436 11160155]]
2026-09-29 12:16:51 - train gamma: g2=0.109 g3=0.100 g4=0.063 g5=0.049
2026-09-29 12:16:52 - train: epoch 221, iter:0, loss: 0.4511, lr: 0.00017378034985236489
2026-09-29 12:16:56 - train: epoch 221, iter:20, loss: 0.4416, lr: 0.00017378034985236489
2026-09-29 12:17:00 - val epoch: 221, loss: 0.8741
2026-09-29 12:17:00 - train gamma: g2=0.110 g3=0.099 g4=0.062 g5=0.049
2026-09-29 12:17:02 - train: epoch 222, iter:0, loss: 0.3967, lr: 0.0001699463950070827
2026-09-29 12:17:05 - train: epoch 222, iter:20, loss: 0.4283, lr: 0.0001699463950070827
2026-09-29 12:17:10 - val epoch: 222, loss: 0.8850
2026-09-29 12:17:10 - train gamma: g2=0.109 g3=0.100 g4=0.062 g5=0.050
2026-09-29 12:17:11 - train: epoch 223, iter:0, loss: 0.4632, lr: 0.0001661491825652988
2026-09-29 12:17:14 - train: epoch 223, iter:20, loss: 0.4445, lr: 0.0001661491825652988
2026-09-29 12:17:19 - val epoch: 223, loss: 0.8744
2026-09-29 12:17:19 - train gamma: g2=0.109 g3=0.100 g4=0.062 g5=0.050
2026-09-29 12:17:20 - train: epoch 224, iter:0, loss: 0.4310, lr: 0.0001623891289341484
2026-09-29 12:17:24 - train: epoch 224, iter:20, loss: 0.4303, lr: 0.0001623891289341484
2026-09-29 12:17:29 - val epoch: 224, loss: 0.8983
2026-09-29 12:17:29 - train gamma: g2=0.110 g3=0.100 g4=0.062 g5=0.051
2026-09-29 12:17:30 - train: epoch 225, iter:0, loss: 0.4031, lr: 0.0001586666464458838
2026-09-29 12:17:34 - train: epoch 225, iter:20, loss: 0.4556, lr: 0.0001586666464458838
2026-09-29 12:17:39 - val epoch: 225, loss: 0.8824
2026-09-29 12:17:39 - train gamma: g2=0.110 g3=0.100 g4=0.062 g5=0.051
2026-09-29 12:17:40 - train: epoch 226, iter:0, loss: 0.4352, lr: 0.00015498214331265874
2026-09-29 12:17:44 - train: epoch 226, iter:20, loss: 0.4306, lr: 0.00015498214331265874
2026-09-29 12:17:48 - val epoch: 226, loss: 0.8770
2026-09-29 12:17:48 - train gamma: g2=0.110 g3=0.099 g4=0.062 g5=0.051
2026-09-29 12:17:50 - train: epoch 227, iter:0, loss: 0.4027, lr: 0.00015133602358176218
2026-09-29 12:17:53 - train: epoch 227, iter:20, loss: 0.4417, lr: 0.00015133602358176218
2026-09-29 12:17:58 - val epoch: 227, loss: 0.8829
2026-09-29 12:17:58 - train gamma: g2=0.110 g3=0.099 g4=0.063 g5=0.052
2026-09-29 12:17:59 - train: epoch 228, iter:0, loss: 0.4774, lr: 0.00014772868709131046
2026-09-29 12:18:03 - train: epoch 228, iter:20, loss: 0.4385, lr: 0.00014772868709131046
2026-09-29 12:18:08 - val epoch: 228, loss: 0.9155
2026-09-29 12:18:08 - train gamma: g2=0.110 g3=0.100 g4=0.063 g5=0.052
2026-09-29 12:18:09 - train: epoch 229, iter:0, loss: 0.3411, lr: 0.00014416052942640113
2026-09-29 12:18:13 - train: epoch 229, iter:20, loss: 0.4296, lr: 0.00014416052942640113
2026-09-29 12:18:17 - val epoch: 229, loss: 0.8709
2026-09-29 12:18:17 - train gamma: g2=0.110 g3=0.100 g4=0.062 g5=0.052
2026-09-29 12:18:19 - train: epoch 230, iter:0, loss: 0.4590, lr: 0.0001406319418757314
2026-09-29 12:18:22 - train: epoch 230, iter:20, loss: 0.4144, lr: 0.0001406319418757314
2026-09-29 12:18:27 - val epoch: 230, loss: 0.8860, miou: 0.7790239069269673, f1_or_dsc: 0.875788013745841, accuracy: 0.9395606163704749,                 specificity: 0.9602216701153172, sensitivity: 0.8753418165091507, confusion_matrix: [[38469838  1593659]
 [ 1606793 11282798]]
2026-09-29 12:18:27 - train gamma: g2=0.110 g3=0.100 g4=0.063 g5=0.051
2026-09-29 12:18:29 - train: epoch 231, iter:0, loss: 0.3827, lr: 0.00013714331138868954
2026-09-29 12:18:32 - train: epoch 231, iter:20, loss: 0.4310, lr: 0.00013714331138868954
2026-09-29 12:18:37 - val epoch: 231, loss: 0.8765
2026-09-29 12:18:37 - train gamma: g2=0.110 g3=0.100 g4=0.064 g5=0.052
2026-09-29 12:18:38 - train: epoch 232, iter:0, loss: 0.4904, lr: 0.00013369502053292226
2026-09-29 12:18:42 - train: epoch 232, iter:20, loss: 0.4407, lr: 0.00013369502053292226
2026-09-29 12:18:47 - val epoch: 232, loss: 0.8781
2026-09-29 12:18:47 - train gamma: g2=0.110 g3=0.100 g4=0.064 g5=0.052
2026-09-29 12:18:49 - train: epoch 233, iter:0, loss: 0.3801, lr: 0.0001302874474523804
2026-09-29 12:18:52 - train: epoch 233, iter:20, loss: 0.4254, lr: 0.0001302874474523804
2026-09-29 12:18:57 - val epoch: 233, loss: 0.8795
2026-09-29 12:18:57 - train gamma: g2=0.110 g3=0.100 g4=0.063 g5=0.052
2026-09-29 12:18:59 - train: epoch 234, iter:0, loss: 0.4244, lr: 0.00012692096582585187
2026-09-29 12:19:03 - train: epoch 234, iter:20, loss: 0.4316, lr: 0.00012692096582585187
2026-09-29 12:19:08 - val epoch: 234, loss: 0.8793
2026-09-29 12:19:08 - train gamma: g2=0.110 g3=0.100 g4=0.063 g5=0.052
2026-09-29 12:19:09 - train: epoch 235, iter:0, loss: 0.4505, lr: 0.00012359594482598416
2026-09-29 12:19:13 - train: epoch 235, iter:20, loss: 0.4255, lr: 0.00012359594482598416
2026-09-29 12:19:17 - val epoch: 235, loss: 0.8827
2026-09-29 12:19:17 - train gamma: g2=0.109 g3=0.100 g4=0.063 g5=0.053
2026-09-29 12:19:19 - train: epoch 236, iter:0, loss: 0.3985, lr: 0.00012031274907879919
2026-09-29 12:19:23 - train: epoch 236, iter:20, loss: 0.4247, lr: 0.00012031274907879919
2026-09-29 12:19:28 - val epoch: 236, loss: 0.8882
2026-09-29 12:19:28 - train gamma: g2=0.109 g3=0.100 g4=0.063 g5=0.053
2026-09-29 12:19:30 - train: epoch 237, iter:0, loss: 0.3784, lr: 0.00011707173862370913
2026-09-29 12:19:33 - train: epoch 237, iter:20, loss: 0.4276, lr: 0.00011707173862370913
2026-09-29 12:19:38 - val epoch: 237, loss: 0.8780
2026-09-29 12:19:38 - train gamma: g2=0.110 g3=0.099 g4=0.064 g5=0.053
2026-09-29 12:19:40 - train: epoch 238, iter:0, loss: 0.3951, lr: 0.00011387326887403316
2026-09-29 12:19:43 - train: epoch 238, iter:20, loss: 0.4185, lr: 0.00011387326887403316
2026-09-29 12:19:48 - val epoch: 238, loss: 0.8716
2026-09-29 12:19:48 - train gamma: g2=0.110 g3=0.099 g4=0.064 g5=0.053
2026-09-29 12:19:50 - train: epoch 239, iter:0, loss: 0.4582, lr: 0.00011071769057802265
2026-09-29 12:19:53 - train: epoch 239, iter:20, loss: 0.4234, lr: 0.00011071769057802265
2026-09-29 12:19:58 - val epoch: 239, loss: 0.9008
2026-09-29 12:19:58 - train gamma: g2=0.109 g3=0.100 g4=0.064 g5=0.053
2026-09-29 12:19:59 - train: epoch 240, iter:0, loss: 0.4214, lr: 0.0001076053497803982
2026-09-29 12:20:03 - train: epoch 240, iter:20, loss: 0.4202, lr: 0.0001076053497803982
2026-09-29 12:20:08 - val epoch: 240, loss: 0.8680, miou: 0.7853582005715964, f1_or_dsc: 0.8797766188545894, accuracy: 0.941165281994508,                 specificity: 0.9594344946972552, sensitivity: 0.8843808154967834, confusion_matrix: [[38438301  1625196]
 [ 1490284 11399307]]
2026-09-29 12:20:08 - train gamma: g2=0.109 g3=0.100 g4=0.064 g5=0.054
2026-09-29 12:20:09 - train: epoch 241, iter:0, loss: 0.4052, lr: 0.00010453658778440088
2026-09-29 12:20:12 - train: epoch 241, iter:20, loss: 0.4234, lr: 0.00010453658778440088
2026-09-29 12:20:17 - val epoch: 241, loss: 0.9126
2026-09-29 12:20:17 - train gamma: g2=0.109 g3=0.100 g4=0.064 g5=0.054
2026-09-29 12:20:19 - train: epoch 242, iter:0, loss: 0.3913, lr: 0.00010151174111436543
2026-09-29 12:20:22 - train: epoch 242, iter:20, loss: 0.4157, lr: 0.00010151174111436543
2026-09-29 12:20:27 - val epoch: 242, loss: 0.8875
2026-09-29 12:20:27 - train gamma: g2=0.110 g3=0.100 g4=0.064 g5=0.054
2026-09-29 12:20:29 - train: epoch 243, iter:0, loss: 0.4697, lr: 9.853114147881633e-05
2026-09-29 12:20:32 - train: epoch 243, iter:20, loss: 0.4315, lr: 9.853114147881633e-05
2026-09-29 12:20:38 - val epoch: 243, loss: 0.8909
2026-09-29 12:20:38 - train gamma: g2=0.109 g3=0.100 g4=0.064 g5=0.054
2026-09-29 12:20:39 - train: epoch 244, iter:0, loss: 0.3875, lr: 9.559511573409167e-05
2026-09-29 12:20:43 - train: epoch 244, iter:20, loss: 0.4169, lr: 9.559511573409167e-05
2026-09-29 12:20:48 - val epoch: 244, loss: 0.8890
2026-09-29 12:20:48 - train gamma: g2=0.110 g3=0.100 g4=0.064 g5=0.054
2026-09-29 12:20:49 - train: epoch 245, iter:0, loss: 0.4458, lr: 9.270398584850061e-05
2026-09-29 12:21:35 - train: epoch 245, iter:20, loss: 0.4321, lr: 9.270398584850061e-05
2026-09-29 12:21:39 - val epoch: 245, loss: 0.8963
2026-09-29 12:21:39 - train gamma: g2=0.110 g3=0.100 g4=0.064 g5=0.054
2026-09-29 12:21:41 - train: epoch 246, iter:0, loss: 0.7039, lr: 8.985806886701499e-05
2026-09-29 12:21:44 - train: epoch 246, iter:20, loss: 0.4361, lr: 8.985806886701499e-05
2026-09-29 12:21:49 - val epoch: 246, loss: 0.9054
2026-09-29 12:21:49 - train gamma: g2=0.110 g3=0.100 g4=0.063 g5=0.055
2026-09-29 12:22:08 - train: epoch 247, iter:0, loss: 0.3798, lr: 8.705767687650239e-05
2026-09-29 12:22:11 - train: epoch 247, iter:20, loss: 0.4136, lr: 8.705767687650239e-05
2026-09-29 12:22:16 - val epoch: 247, loss: 0.8946
2026-09-29 12:22:16 - train gamma: g2=0.110 g3=0.100 g4=0.064 g5=0.055
2026-09-29 12:22:18 - train: epoch 248, iter:0, loss: 0.4551, lr: 8.430311697150229e-05
2026-09-29 12:22:21 - train: epoch 248, iter:20, loss: 0.4278, lr: 8.430311697150229e-05
2026-09-29 12:22:26 - val epoch: 248, loss: 0.8913
2026-09-29 12:22:26 - train gamma: g2=0.110 g3=0.100 g4=0.063 g5=0.054
2026-09-29 12:22:28 - train: epoch 249, iter:0, loss: 0.3996, lr: 8.159469122054909e-05
2026-09-29 12:22:31 - train: epoch 249, iter:20, loss: 0.4162, lr: 8.159469122054909e-05
2026-09-29 12:22:37 - val epoch: 249, loss: 0.8757
2026-09-29 12:22:37 - train gamma: g2=0.110 g3=0.100 g4=0.063 g5=0.054
2026-09-29 12:22:38 - train: epoch 250, iter:0, loss: 0.4203, lr: 7.893269663304782e-05
2026-09-29 12:22:42 - train: epoch 250, iter:20, loss: 0.4337, lr: 7.893269663304782e-05
2026-09-29 12:22:47 - val epoch: 250, loss: 0.8978, miou: 0.7811316247483193, f1_or_dsc: 0.8771183599176127, accuracy: 0.9411373138427734,                 specificity: 0.9662618817323909, sensitivity: 0.863044994988592, confusion_matrix: [[38711830  1351667]
 [ 1765294 11124297]]
2026-09-29 12:22:47 - train gamma: g2=0.110 g3=0.100 g4=0.064 g5=0.055
2026-09-29 12:22:49 - train: epoch 251, iter:0, loss: 0.5230, lr: 7.631742512670282e-05
2026-09-29 12:22:52 - train: epoch 251, iter:20, loss: 0.4235, lr: 7.631742512670282e-05
2026-09-29 12:22:58 - val epoch: 251, loss: 0.8877
2026-09-29 12:22:58 - train gamma: g2=0.110 g3=0.100 g4=0.064 g5=0.054
2026-09-29 12:23:00 - train: epoch 252, iter:0, loss: 0.3665, lr: 7.374916349550603e-05
2026-09-29 12:23:03 - train: epoch 252, iter:20, loss: 0.4001, lr: 7.374916349550603e-05
2026-09-29 12:23:09 - val epoch: 252, loss: 0.8857
2026-09-29 12:23:09 - train gamma: g2=0.110 g3=0.100 g4=0.063 g5=0.054
2026-09-29 12:23:10 - train: epoch 253, iter:0, loss: 0.4260, lr: 7.122819337828741e-05
2026-09-29 12:23:14 - train: epoch 253, iter:20, loss: 0.4179, lr: 7.122819337828741e-05
2026-09-29 12:23:20 - val epoch: 253, loss: 0.8891
2026-09-29 12:23:20 - train gamma: g2=0.109 g3=0.100 g4=0.064 g5=0.055
2026-09-29 12:23:22 - train: epoch 254, iter:0, loss: 0.3815, lr: 6.875479122782878e-05
2026-09-29 12:23:25 - train: epoch 254, iter:20, loss: 0.4252, lr: 6.875479122782878e-05
2026-09-29 12:23:31 - val epoch: 254, loss: 0.8709
2026-09-29 12:23:31 - train gamma: g2=0.110 g3=0.100 g4=0.064 g5=0.055
2026-09-29 12:23:33 - train: epoch 255, iter:0, loss: 0.4327, lr: 6.632922828054862e-05
2026-09-29 12:23:36 - train: epoch 255, iter:20, loss: 0.4161, lr: 6.632922828054862e-05
2026-09-29 12:23:41 - val epoch: 255, loss: 0.8862
2026-09-29 12:23:41 - train gamma: g2=0.110 g3=0.100 g4=0.064 g5=0.056
2026-09-29 12:23:43 - train: epoch 256, iter:0, loss: 0.4033, lr: 6.395177052675786e-05
2026-09-29 12:23:46 - train: epoch 256, iter:20, loss: 0.4177, lr: 6.395177052675786e-05
2026-09-29 12:23:52 - val epoch: 256, loss: 0.8945
2026-09-29 12:23:52 - train gamma: g2=0.110 g3=0.100 g4=0.064 g5=0.055
2026-09-29 12:23:53 - train: epoch 257, iter:0, loss: 0.3975, lr: 6.162267868149065e-05
2026-09-29 12:23:57 - train: epoch 257, iter:20, loss: 0.4076, lr: 6.162267868149065e-05
2026-09-29 12:24:02 - val epoch: 257, loss: 0.8862
2026-09-29 12:24:02 - train gamma: g2=0.110 g3=0.100 g4=0.063 g5=0.056
2026-09-29 12:24:03 - train: epoch 258, iter:0, loss: 0.5085, lr: 5.934220815591413e-05
2026-09-29 12:24:07 - train: epoch 258, iter:20, loss: 0.4242, lr: 5.934220815591413e-05
2026-09-29 12:24:12 - val epoch: 258, loss: 0.8856
2026-09-29 12:24:12 - train gamma: g2=0.110 g3=0.100 g4=0.063 g5=0.056
2026-09-29 12:24:14 - train: epoch 259, iter:0, loss: 0.3508, lr: 5.711060902932035e-05
2026-09-29 12:24:17 - train: epoch 259, iter:20, loss: 0.4139, lr: 5.711060902932035e-05
2026-09-29 12:24:23 - val epoch: 259, loss: 0.8942
2026-09-29 12:24:23 - train gamma: g2=0.110 g3=0.100 g4=0.064 g5=0.056
2026-09-29 12:24:24 - train: epoch 260, iter:0, loss: 0.5238, lr: 5.492812602170101e-05
2026-09-29 12:24:28 - train: epoch 260, iter:20, loss: 0.4212, lr: 5.492812602170101e-05
2026-09-29 12:24:39 - val epoch: 260, loss: 0.8856, miou: 0.7844681239535544, f1_or_dsc: 0.8792178615278782, accuracy: 0.941325574818224,                 specificity: 0.961913634249152, sensitivity: 0.8773336562812583, confusion_matrix: [[38537624  1525873]
 [ 1581119 11308472]]
2026-09-29 12:24:39 - train gamma: g2=0.110 g3=0.100 g4=0.065 g5=0.056
2026-09-29 12:24:41 - train: epoch 261, iter:0, loss: 0.3976, lr: 5.279499846691256e-05
2026-09-29 12:24:44 - train: epoch 261, iter:20, loss: 0.4276, lr: 5.279499846691256e-05
2026-09-29 12:24:50 - val epoch: 261, loss: 0.8897
2026-09-29 12:24:50 - train gamma: g2=0.110 g3=0.100 g4=0.066 g5=0.056
2026-09-29 12:24:51 - train: epoch 262, iter:0, loss: 0.4172, lr: 5.071146028642938e-05
2026-09-29 12:24:54 - train: epoch 262, iter:20, loss: 0.4160, lr: 5.071146028642938e-05
2026-09-29 12:25:00 - val epoch: 262, loss: 0.8927
2026-09-29 12:25:00 - train gamma: g2=0.110 g3=0.100 g4=0.065 g5=0.057
2026-09-29 12:25:02 - train: epoch 263, iter:0, loss: 0.4061, lr: 4.867773996369213e-05
2026-09-29 12:25:05 - train: epoch 263, iter:20, loss: 0.4155, lr: 4.867773996369213e-05
2026-09-29 12:25:10 - val epoch: 263, loss: 0.8797
2026-09-29 12:25:10 - train gamma: g2=0.110 g3=0.100 g4=0.065 g5=0.057
2026-09-29 12:25:12 - train: epoch 264, iter:0, loss: 0.3907, lr: 4.669406051905255e-05
2026-09-29 12:25:15 - train: epoch 264, iter:20, loss: 0.4230, lr: 4.669406051905255e-05
2026-09-29 12:25:21 - val epoch: 264, loss: 0.8998
2026-09-29 12:25:21 - train gamma: g2=0.110 g3=0.100 g4=0.065 g5=0.057
2026-09-29 12:25:22 - train: epoch 265, iter:0, loss: 0.3746, lr: 4.476063948531553e-05
2026-09-29 12:25:26 - train: epoch 265, iter:20, loss: 0.4174, lr: 4.476063948531553e-05
2026-09-29 12:25:31 - val epoch: 265, loss: 0.8844
2026-09-29 12:25:31 - train gamma: g2=0.110 g3=0.100 g4=0.065 g5=0.057
2026-09-29 12:25:33 - train: epoch 266, iter:0, loss: 0.4628, lr: 4.2877688883885086e-05
2026-09-29 12:25:36 - train: epoch 266, iter:20, loss: 0.4223, lr: 4.2877688883885086e-05
2026-09-29 12:25:41 - val epoch: 266, loss: 0.8841
2026-09-29 12:25:41 - train gamma: g2=0.110 g3=0.100 g4=0.065 g5=0.057
2026-09-29 12:25:43 - train: epoch 267, iter:0, loss: 0.3723, lr: 4.1045415201513684e-05
2026-09-29 12:25:46 - train: epoch 267, iter:20, loss: 0.4064, lr: 4.1045415201513684e-05
2026-09-29 12:25:51 - val epoch: 267, loss: 0.8787
2026-09-29 12:25:51 - train gamma: g2=0.110 g3=0.100 g4=0.065 g5=0.057
2026-09-29 12:25:53 - train: epoch 268, iter:0, loss: 0.3947, lr: 3.926401936765836e-05
2026-09-29 12:25:56 - train: epoch 268, iter:20, loss: 0.4211, lr: 3.926401936765836e-05
2026-09-29 12:26:02 - val epoch: 268, loss: 0.8767
2026-09-29 12:26:02 - train gamma: g2=0.110 g3=0.100 g4=0.064 g5=0.057
2026-09-29 12:26:03 - train: epoch 269, iter:0, loss: 0.4455, lr: 3.753369673244687e-05
2026-09-29 12:26:06 - train: epoch 269, iter:20, loss: 0.4060, lr: 3.753369673244687e-05
2026-09-29 12:26:12 - val epoch: 269, loss: 0.8741
2026-09-29 12:26:12 - train gamma: g2=0.110 g3=0.100 g4=0.064 g5=0.057
2026-09-29 12:26:13 - train: epoch 270, iter:0, loss: 0.3261, lr: 3.5854637045255115e-05
2026-09-29 12:26:17 - train: epoch 270, iter:20, loss: 0.3987, lr: 3.5854637045255115e-05
2026-09-29 12:26:22 - val epoch: 270, loss: 0.8832, miou: 0.7837019354922773, f1_or_dsc: 0.8787364300033529, accuracy: 0.9410638525934503,                 specificity: 0.961588899740829, sensitivity: 0.8772677891796566, confusion_matrix: [[38524614  1538883]
 [ 1581968 11307623]]
2026-09-29 12:26:22 - train gamma: g2=0.110 g3=0.100 g4=0.065 g5=0.057
2026-09-29 12:26:24 - train: epoch 271, iter:0, loss: 0.3791, lr: 3.422702443389897e-05
2026-09-29 12:26:27 - train: epoch 271, iter:20, loss: 0.4162, lr: 3.422702443389897e-05
2026-09-29 12:26:32 - val epoch: 271, loss: 0.8824
2026-09-29 12:26:32 - train gamma: g2=0.110 g3=0.100 g4=0.065 g5=0.057
2026-09-29 12:26:34 - train: epoch 272, iter:0, loss: 0.4400, lr: 3.265103738444294e-05
2026-09-29 12:26:37 - train: epoch 272, iter:20, loss: 0.4264, lr: 3.265103738444294e-05
2026-09-29 12:26:42 - val epoch: 272, loss: 0.8763
2026-09-29 12:26:42 - train gamma: g2=0.110 g3=0.100 g4=0.065 g5=0.057
2026-09-29 12:26:43 - train: epoch 273, iter:0, loss: 0.3677, lr: 3.112684872162669e-05
2026-09-29 12:26:47 - train: epoch 273, iter:20, loss: 0.4106, lr: 3.112684872162669e-05
2026-09-29 12:26:51 - val epoch: 273, loss: 0.8787
2026-09-29 12:26:51 - train gamma: g2=0.110 g3=0.100 g4=0.065 g5=0.057
2026-09-29 12:26:53 - train: epoch 274, iter:0, loss: 0.3919, lr: 2.9654625589913163e-05
2026-09-29 12:26:56 - train: epoch 274, iter:20, loss: 0.4247, lr: 2.9654625589913163e-05
2026-09-29 12:27:01 - val epoch: 274, loss: 0.8825
2026-09-29 12:27:01 - train gamma: g2=0.110 g3=0.100 g4=0.065 g5=0.057
2026-09-29 12:27:03 - train: epoch 275, iter:0, loss: 0.4046, lr: 2.823452943515922e-05
2026-09-29 12:27:06 - train: epoch 275, iter:20, loss: 0.4108, lr: 2.823452943515922e-05
2026-09-29 12:27:11 - val epoch: 275, loss: 0.8908
2026-09-29 12:27:11 - train gamma: g2=0.110 g3=0.100 g4=0.065 g5=0.057
2026-09-29 12:27:13 - train: epoch 276, iter:0, loss: 0.3632, lr: 2.6866715986911168e-05
2026-09-29 12:27:16 - train: epoch 276, iter:20, loss: 0.3999, lr: 2.6866715986911168e-05
2026-09-29 12:27:21 - val epoch: 276, loss: 0.8800
2026-09-29 12:27:21 - train gamma: g2=0.110 g3=0.100 g4=0.065 g5=0.058
2026-09-29 12:27:22 - train: epoch 277, iter:0, loss: 0.3178, lr: 2.5551335241327604e-05
2026-09-29 12:27:26 - train: epoch 277, iter:20, loss: 0.4035, lr: 2.5551335241327604e-05
2026-09-29 12:27:30 - val epoch: 277, loss: 0.8801
2026-09-29 12:27:30 - train gamma: g2=0.110 g3=0.100 g4=0.064 g5=0.057
2026-09-29 12:27:32 - train: epoch 278, iter:0, loss: 0.3893, lr: 2.4288531444730185e-05
2026-09-29 12:27:35 - train: epoch 278, iter:20, loss: 0.4062, lr: 2.4288531444730185e-05
2026-09-29 12:27:40 - val epoch: 278, loss: 0.8875
2026-09-29 12:27:40 - train gamma: g2=0.110 g3=0.100 g4=0.065 g5=0.057
2026-09-29 12:27:41 - train: epoch 279, iter:0, loss: 0.3784, lr: 2.3078443077785645e-05
2026-09-29 12:27:45 - train: epoch 279, iter:20, loss: 0.4028, lr: 2.3078443077785645e-05
2026-09-29 12:27:50 - val epoch: 279, loss: 0.8948
2026-09-29 12:27:50 - train gamma: g2=0.110 g3=0.100 g4=0.065 g5=0.058
2026-09-29 12:27:51 - train: epoch 280, iter:0, loss: 0.4177, lr: 2.1921202840320064e-05
2026-09-29 12:27:54 - train: epoch 280, iter:20, loss: 0.4320, lr: 2.1921202840320064e-05
2026-09-29 12:27:59 - val epoch: 280, loss: 0.8951, miou: 0.7805737627219163, f1_or_dsc: 0.8767665558866528, accuracy: 0.9403300899090153,                 specificity: 0.962303240778008, sensitivity: 0.8720330226149147, confusion_matrix: [[38553233  1510264]
 [ 1649442 11240149]]
2026-09-29 12:27:59 - train gamma: g2=0.110 g3=0.100 g4=0.065 g5=0.058
2026-09-29 12:28:01 - train: epoch 281, iter:0, loss: 0.4618, lr: 2.081693763676623e-05
2026-09-29 12:28:05 - train: epoch 281, iter:20, loss: 0.4139, lr: 2.081693763676623e-05
2026-09-29 12:28:09 - val epoch: 281, loss: 0.8816
2026-09-29 12:28:09 - train gamma: g2=0.110 g3=0.100 g4=0.065 g5=0.058
2026-09-29 12:28:11 - train: epoch 282, iter:0, loss: 0.4015, lr: 1.9765768562247723e-05
2026-09-29 12:28:14 - train: epoch 282, iter:20, loss: 0.4130, lr: 1.9765768562247723e-05
2026-09-29 12:28:20 - val epoch: 282, loss: 0.8876
2026-09-29 12:28:20 - train gamma: g2=0.110 g3=0.100 g4=0.065 g5=0.058
2026-09-29 12:28:21 - train: epoch 283, iter:0, loss: 0.4088, lr: 1.876781088929913e-05
2026-09-29 12:28:25 - train: epoch 283, iter:20, loss: 0.4149, lr: 1.876781088929913e-05
2026-09-29 12:28:30 - val epoch: 283, loss: 0.8891
2026-09-29 12:28:30 - train gamma: g2=0.110 g3=0.100 g4=0.065 g5=0.058
2026-09-29 12:28:31 - train: epoch 284, iter:0, loss: 0.3639, lr: 1.7823174055225262e-05
2026-09-29 12:28:54 - train: epoch 284, iter:20, loss: 0.4128, lr: 1.7823174055225262e-05
2026-09-29 12:28:59 - val epoch: 284, loss: 0.8835
2026-09-29 12:28:59 - train gamma: g2=0.110 g3=0.100 g4=0.066 g5=0.058
2026-09-29 12:29:00 - train: epoch 285, iter:0, loss: 0.4260, lr: 1.693196165010003e-05
2026-09-29 12:29:04 - train: epoch 285, iter:20, loss: 0.4082, lr: 1.693196165010003e-05
2026-09-29 12:29:09 - val epoch: 285, loss: 0.8849
2026-09-29 12:29:09 - train gamma: g2=0.110 g3=0.100 g4=0.066 g5=0.058
2026-09-29 12:29:10 - train: epoch 286, iter:0, loss: 0.4254, lr: 1.6094271405406855e-05
2026-09-29 12:29:14 - train: epoch 286, iter:20, loss: 0.4052, lr: 1.6094271405406855e-05
2026-09-29 12:29:19 - val epoch: 286, loss: 0.8811
2026-09-29 12:29:19 - train gamma: g2=0.110 g3=0.100 g4=0.065 g5=0.058
2026-09-29 12:29:21 - train: epoch 287, iter:0, loss: 0.4055, lr: 1.5310195183320773e-05
2026-09-29 12:29:24 - train: epoch 287, iter:20, loss: 0.4200, lr: 1.5310195183320773e-05
2026-09-29 12:29:29 - val epoch: 287, loss: 0.8957
2026-09-29 12:29:29 - train gamma: g2=0.110 g3=0.100 g4=0.065 g5=0.058
2026-09-29 12:29:31 - train: epoch 288, iter:0, loss: 0.4265, lr: 1.4579818966635417e-05
2026-09-29 12:29:34 - train: epoch 288, iter:20, loss: 0.4100, lr: 1.4579818966635417e-05
2026-09-29 12:29:39 - val epoch: 288, loss: 0.8890
2026-09-29 12:29:39 - train gamma: g2=0.110 g3=0.100 g4=0.065 g5=0.058
2026-09-29 12:29:41 - train: epoch 289, iter:0, loss: 0.4959, lr: 1.3903222849333505e-05
2026-09-29 12:29:44 - train: epoch 289, iter:20, loss: 0.4122, lr: 1.3903222849333505e-05
2026-09-29 12:29:49 - val epoch: 289, loss: 0.8843
2026-09-29 12:29:49 - train gamma: g2=0.110 g3=0.100 g4=0.065 g5=0.058
2026-09-29 12:29:51 - train: epoch 290, iter:0, loss: 0.3721, lr: 1.3280481027803759e-05
2026-09-29 12:29:54 - train: epoch 290, iter:20, loss: 0.4019, lr: 1.3280481027803759e-05
2026-09-29 12:29:59 - val epoch: 290, loss: 0.8853, miou: 0.7835241255863883, f1_or_dsc: 0.8786246447087231, accuracy: 0.9409687873160485,                 specificity: 0.9613042765587837, sensitivity: 0.8777619088146397, confusion_matrix: [[38513211  1550286]
 [ 1575599 11313992]]
2026-09-29 12:29:59 - train gamma: g2=0.110 g3=0.100 g4=0.065 g5=0.058
2026-09-29 12:30:01 - train: epoch 291, iter:0, loss: 0.4078, lr: 1.271166179270472e-05
2026-09-29 12:30:04 - train: epoch 291, iter:20, loss: 0.4218, lr: 1.271166179270472e-05
2026-09-29 12:30:09 - val epoch: 291, loss: 0.8925
2026-09-29 12:30:09 - train gamma: g2=0.110 g3=0.100 g4=0.066 g5=0.059
2026-09-29 12:30:10 - train: epoch 292, iter:0, loss: 0.3904, lr: 1.21968275214754e-05
2026-09-29 12:30:14 - train: epoch 292, iter:20, loss: 0.4116, lr: 1.21968275214754e-05
2026-09-29 12:30:19 - val epoch: 292, loss: 0.8942
2026-09-29 12:30:19 - train gamma: g2=0.110 g3=0.100 g4=0.066 g5=0.059
2026-09-29 12:30:20 - train: epoch 293, iter:0, loss: 0.3894, lr: 1.1736034671495336e-05
2026-09-29 12:30:24 - train: epoch 293, iter:20, loss: 0.4107, lr: 1.1736034671495336e-05
2026-09-29 12:30:30 - val epoch: 293, loss: 0.8858
2026-09-29 12:30:30 - train gamma: g2=0.110 g3=0.100 g4=0.066 g5=0.058
2026-09-29 12:30:31 - train: epoch 294, iter:0, loss: 0.3988, lr: 1.1329333773893242e-05
2026-09-29 12:30:35 - train: epoch 294, iter:20, loss: 0.4073, lr: 1.1329333773893242e-05
2026-09-29 12:30:40 - val epoch: 294, loss: 0.8902
2026-09-29 12:30:40 - train gamma: g2=0.110 g3=0.100 g4=0.066 g5=0.059
2026-09-29 12:30:42 - train: epoch 295, iter:0, loss: 0.4056, lr: 1.0976769428005577e-05
2026-09-29 12:30:45 - train: epoch 295, iter:20, loss: 0.4100, lr: 1.0976769428005577e-05
2026-09-29 12:30:51 - val epoch: 295, loss: 0.8955
2026-09-29 12:30:51 - train gamma: g2=0.110 g3=0.100 g4=0.065 g5=0.059
2026-09-29 12:30:52 - train: epoch 296, iter:0, loss: 0.4132, lr: 1.0678380296485951e-05
2026-09-29 12:30:56 - train: epoch 296, iter:20, loss: 0.4090, lr: 1.0678380296485951e-05
2026-09-29 12:31:01 - val epoch: 296, loss: 0.8917
2026-09-29 12:31:01 - train gamma: g2=0.110 g3=0.100 g4=0.065 g5=0.059
2026-09-29 12:31:03 - train: epoch 297, iter:0, loss: 0.3968, lr: 1.04341991010651e-05
2026-09-29 12:31:06 - train: epoch 297, iter:20, loss: 0.4038, lr: 1.04341991010651e-05
2026-09-29 12:31:11 - val epoch: 297, loss: 0.8863
2026-09-29 12:31:11 - train gamma: g2=0.110 g3=0.100 g4=0.065 g5=0.059
2026-09-29 12:31:13 - train: epoch 298, iter:0, loss: 0.3900, lr: 1.0244252618962858e-05
2026-09-29 12:31:16 - train: epoch 298, iter:20, loss: 0.4124, lr: 1.0244252618962858e-05
2026-09-29 12:31:21 - val epoch: 298, loss: 0.8897
2026-09-29 12:31:21 - train gamma: g2=0.110 g3=0.100 g4=0.065 g5=0.059
2026-09-29 12:31:23 - train: epoch 299, iter:0, loss: 0.3415, lr: 1.0108561679951479e-05
2026-09-29 12:31:26 - train: epoch 299, iter:20, loss: 0.3985, lr: 1.0108561679951479e-05
2026-09-29 12:31:32 - val epoch: 299, loss: 0.8985
2026-09-29 12:31:55 - train gamma: g2=0.110 g3=0.100 g4=0.065 g5=0.059
2026-09-29 12:31:57 - train: epoch 300, iter:0, loss: 0.3922, lr: 1.002714116407149e-05
2026-09-29 12:32:00 - train: epoch 300, iter:20, loss: 0.4014, lr: 1.002714116407149e-05
2026-09-29 12:32:06 - val epoch: 300, loss: 0.8927, miou: 0.781875739566795, f1_or_dsc: 0.8775872775021704, accuracy: 0.9404489876020072,                 specificity: 0.9608783027602408, sensitivity: 0.8769504788786548, confusion_matrix: [[38496145  1567352]
 [ 1586058 11303533]]
2026-09-29 12:32:06 - train gamma: g2=0.110 g3=0.100 g4=0.065 g5=0.059
2026-09-29 12:32:45 - evaluation split=V_dev, loss: 0.7930,miou: 0.7949555826855887, f1_or_dsc: 0.8857663001289277, accuracy: 0.94366721351548,                 specificity: 0.9586044123906607, sensitivity: 0.8972393305575018, confusion_matrix: [[38405045  1658452]
 [ 1324543 11565048]]
