/root/miniconda3/lib/python3.10/site-packages/timm/models/layers/__init__.py:49: FutureWarning: Importing from timm.models.layers is deprecated, please import via timm.layers
  warnings.warn(f"Importing from {__name__} is deprecated, please import via timm.layers", FutureWarning)
train: epoch 1, iter:0, loss: 6.3108, lr: 0.0001
train: epoch 1, iter:20, loss: 1.6678, lr: 0.0001
val epoch: 1, loss: 0.9733
train: epoch 2, iter:0, loss: 0.8030, lr: 9.999753262144806e-05
train: epoch 2, iter:20, loss: 0.8221, lr: 9.999753262144806e-05
val epoch: 2, loss: 0.7369
train: epoch 3, iter:0, loss: 0.7724, lr: 9.999013075636806e-05
train: epoch 3, iter:20, loss: 0.6716, lr: 9.999013075636806e-05
val epoch: 3, loss: 0.7003
train: epoch 4, iter:0, loss: 0.6121, lr: 9.997779521645793e-05
train: epoch 4, iter:20, loss: 0.6097, lr: 9.997779521645793e-05
val epoch: 4, loss: 0.5969
train: epoch 5, iter:0, loss: 0.6320, lr: 9.996052735444864e-05
train: epoch 5, iter:20, loss: 0.5858, lr: 9.996052735444864e-05
val epoch: 5, loss: 0.6824
train: epoch 6, iter:0, loss: 0.5010, lr: 9.993832906395583e-05
train: epoch 6, iter:20, loss: 0.5648, lr: 9.993832906395583e-05
val epoch: 6, loss: 0.5710
train: epoch 7, iter:0, loss: 0.4805, lr: 9.991120277927223e-05
train: epoch 7, iter:20, loss: 0.5312, lr: 9.991120277927223e-05
val epoch: 7, loss: 0.5678
train: epoch 8, iter:0, loss: 0.4991, lr: 9.987915147510061e-05
train: epoch 8, iter:20, loss: 0.5224, lr: 9.987915147510061e-05
val epoch: 8, loss: 0.6287
train: epoch 9, iter:0, loss: 0.4884, lr: 9.98421786662277e-05
train: epoch 9, iter:20, loss: 0.5381, lr: 9.98421786662277e-05
val epoch: 9, loss: 0.5541
train: epoch 10, iter:0, loss: 0.5169, lr: 9.98002884071386e-05
train: epoch 10, iter:20, loss: 0.4930, lr: 9.98002884071386e-05
val epoch: 10, loss: 0.5639
train: epoch 11, iter:0, loss: 0.5183, lr: 9.97534852915723e-05
train: epoch 11, iter:20, loss: 0.4933, lr: 9.97534852915723e-05
val epoch: 11, loss: 0.5481
train: epoch 12, iter:0, loss: 0.4485, lr: 9.970177445201784e-05
train: epoch 12, iter:20, loss: 0.4606, lr: 9.970177445201784e-05
val epoch: 12, loss: 0.5916
train: epoch 13, iter:0, loss: 0.5578, lr: 9.964516155915151e-05
train: epoch 13, iter:20, loss: 0.4798, lr: 9.964516155915151e-05
val epoch: 13, loss: 0.5765
train: epoch 14, iter:0, loss: 0.4404, lr: 9.958365282121496e-05
train: epoch 14, iter:20, loss: 0.4628, lr: 9.958365282121496e-05
val epoch: 14, loss: 0.5092
train: epoch 15, iter:0, loss: 0.4151, lr: 9.951725498333447e-05
train: epoch 15, iter:20, loss: 0.4639, lr: 9.951725498333447e-05
val epoch: 15, loss: 0.5945
train: epoch 16, iter:0, loss: 0.4146, lr: 9.944597532678119e-05
train: epoch 16, iter:20, loss: 0.4360, lr: 9.944597532678119e-05
val epoch: 16, loss: 0.5321
train: epoch 17, iter:0, loss: 0.4556, lr: 9.936982166817271e-05
train: epoch 17, iter:20, loss: 0.4883, lr: 9.936982166817271e-05
val epoch: 17, loss: 0.5801
train: epoch 18, iter:0, loss: 0.5436, lr: 9.928880235861587e-05
train: epoch 18, iter:20, loss: 0.4412, lr: 9.928880235861587e-05
val epoch: 18, loss: 0.5021
train: epoch 19, iter:0, loss: 0.3910, lr: 9.920292628279099e-05
train: epoch 19, iter:20, loss: 0.4317, lr: 9.920292628279099e-05
val epoch: 19, loss: 0.6684
train: epoch 20, iter:0, loss: 0.4411, lr: 9.911220285797748e-05
train: epoch 20, iter:20, loss: 0.4367, lr: 9.911220285797748e-05
val epoch: 20, loss: 0.5371
train: epoch 21, iter:0, loss: 0.4597, lr: 9.901664203302125e-05
train: epoch 21, iter:20, loss: 0.4204, lr: 9.901664203302125e-05
val epoch: 21, loss: 0.5130
train: epoch 22, iter:0, loss: 0.4114, lr: 9.891625428724362e-05
train: epoch 22, iter:20, loss: 0.4286, lr: 9.891625428724362e-05
val epoch: 22, loss: 0.5013
train: epoch 23, iter:0, loss: 0.4932, lr: 9.88110506292922e-05
train: epoch 23, iter:20, loss: 0.4230, lr: 9.88110506292922e-05
val epoch: 23, loss: 0.5560
train: epoch 24, iter:0, loss: 0.3925, lr: 9.87010425959336e-05
train: epoch 24, iter:20, loss: 0.3935, lr: 9.87010425959336e-05
val epoch: 24, loss: 0.4910
train: epoch 25, iter:0, loss: 0.3683, lr: 9.858624225078838e-05
train: epoch 25, iter:20, loss: 0.4113, lr: 9.858624225078838e-05
val epoch: 25, loss: 0.5323
train: epoch 26, iter:0, loss: 0.4366, lr: 9.846666218300805e-05
train: epoch 26, iter:20, loss: 0.4466, lr: 9.846666218300805e-05
val epoch: 26, loss: 0.5281
train: epoch 27, iter:0, loss: 0.3863, lr: 9.83423155058946e-05
train: epoch 27, iter:20, loss: 0.3909, lr: 9.83423155058946e-05
val epoch: 27, loss: 0.4889
train: epoch 28, iter:0, loss: 0.5015, lr: 9.821321585546243e-05
train: epoch 28, iter:20, loss: 0.3951, lr: 9.821321585546243e-05
val epoch: 28, loss: 0.5789
train: epoch 29, iter:0, loss: 0.5684, lr: 9.8079377388943e-05
train: epoch 29, iter:20, loss: 0.4042, lr: 9.8079377388943e-05
val epoch: 29, loss: 0.4923
train: epoch 30, iter:0, loss: 0.4107, lr: 9.794081478323245e-05
train: epoch 30, iter:20, loss: 0.3971, lr: 9.794081478323245e-05
val epoch: 30, loss: 0.6084, miou: 0.6337231518419548, f1_or_dsc: 0.775802376464407, accuracy: 0.9052189175445254, specificity: 0.979706589267532, sensitivity: 0.6736959303053138
train: epoch 31, iter:0, loss: 0.4629, lr: 9.779754323328191e-05
train: epoch 31, iter:20, loss: 0.4046, lr: 9.779754323328191e-05
val epoch: 31, loss: 0.5512
train: epoch 32, iter:0, loss: 0.4419, lr: 9.764957845043135e-05
train: epoch 32, iter:20, loss: 0.3932, lr: 9.764957845043135e-05
val epoch: 32, loss: 0.5244
train: epoch 33, iter:0, loss: 0.3347, lr: 9.749693666068665e-05
train: epoch 33, iter:20, loss: 0.4161, lr: 9.749693666068665e-05
val epoch: 33, loss: 0.5171
train: epoch 34, iter:0, loss: 0.3186, lr: 9.733963460294014e-05
train: epoch 34, iter:20, loss: 0.3976, lr: 9.733963460294014e-05
val epoch: 34, loss: 0.5863
train: epoch 35, iter:0, loss: 0.3991, lr: 9.71776895271351e-05
train: epoch 35, iter:20, loss: 0.3845, lr: 9.71776895271351e-05
val epoch: 35, loss: 0.5148
train: epoch 36, iter:0, loss: 0.2515, lr: 9.701111919237405e-05
train: epoch 36, iter:20, loss: 0.3781, lr: 9.701111919237405e-05
val epoch: 36, loss: 0.5051
train: epoch 37, iter:0, loss: 0.4135, lr: 9.68399418649713e-05
train: epoch 37, iter:20, loss: 0.3739, lr: 9.68399418649713e-05
val epoch: 37, loss: 0.5627
train: epoch 38, iter:0, loss: 0.3949, lr: 9.666417631644976e-05
train: epoch 38, iter:20, loss: 0.3710, lr: 9.666417631644976e-05
val epoch: 38, loss: 0.5085
train: epoch 39, iter:0, loss: 0.4137, lr: 9.648384182148252e-05
train: epoch 39, iter:20, loss: 0.3819, lr: 9.648384182148252e-05
val epoch: 39, loss: 0.5608
train: epoch 40, iter:0, loss: 0.4082, lr: 9.629895815577914e-05
train: epoch 40, iter:20, loss: 0.3681, lr: 9.629895815577914e-05
val epoch: 40, loss: 0.4983
train: epoch 41, iter:0, loss: 0.3732, lr: 9.610954559391703e-05
train: epoch 41, iter:20, loss: 0.3642, lr: 9.610954559391703e-05
val epoch: 41, loss: 0.4735
train: epoch 42, iter:0, loss: 0.3881, lr: 9.591562490711808e-05
train: epoch 42, iter:20, loss: 0.3557, lr: 9.591562490711808e-05
val epoch: 42, loss: 0.5349
train: epoch 43, iter:0, loss: 0.3326, lr: 9.571721736097088e-05
train: epoch 43, iter:20, loss: 0.3877, lr: 9.571721736097088e-05
val epoch: 43, loss: 0.5007
train: epoch 44, iter:0, loss: 0.3970, lr: 9.55143447130987e-05
train: epoch 44, iter:20, loss: 0.3444, lr: 9.55143447130987e-05
val epoch: 44, loss: 0.5522
train: epoch 45, iter:0, loss: 0.3284, lr: 9.530702921077357e-05
train: epoch 45, iter:20, loss: 0.3462, lr: 9.530702921077357e-05
val epoch: 45, loss: 0.4742
train: epoch 46, iter:0, loss: 0.2846, lr: 9.509529358847654e-05
train: epoch 46, iter:20, loss: 0.3593, lr: 9.509529358847654e-05
val epoch: 46, loss: 0.4914
train: epoch 47, iter:0, loss: 0.2979, lr: 9.487916106540465e-05
train: epoch 47, iter:20, loss: 0.3686, lr: 9.487916106540465e-05
val epoch: 47, loss: 0.4746
train: epoch 48, iter:0, loss: 0.3802, lr: 9.465865534292464e-05
train: epoch 48, iter:20, loss: 0.3416, lr: 9.465865534292464e-05
val epoch: 48, loss: 0.5817
train: epoch 49, iter:0, loss: 0.4035, lr: 9.443380060197386e-05
train: epoch 49, iter:20, loss: 0.3617, lr: 9.443380060197386e-05
val epoch: 49, loss: 0.4746
train: epoch 50, iter:0, loss: 0.3626, lr: 9.420462150040853e-05
train: epoch 50, iter:20, loss: 0.3374, lr: 9.420462150040853e-05
val epoch: 50, loss: 0.5465
train: epoch 51, iter:0, loss: 0.3767, lr: 9.397114317029975e-05
train: epoch 51, iter:20, loss: 0.3406, lr: 9.397114317029975e-05
val epoch: 51, loss: 0.4837
train: epoch 52, iter:0, loss: 0.3010, lr: 9.373339121517747e-05
train: epoch 52, iter:20, loss: 0.3310, lr: 9.373339121517747e-05
val epoch: 52, loss: 0.4781
train: epoch 53, iter:0, loss: 0.4227, lr: 9.349139170722281e-05
train: epoch 53, iter:20, loss: 0.3380, lr: 9.349139170722281e-05
val epoch: 53, loss: 0.4794
train: epoch 54, iter:0, loss: 0.3612, lr: 9.32451711844089e-05
train: epoch 54, iter:20, loss: 0.3348, lr: 9.32451711844089e-05
val epoch: 54, loss: 0.4801
train: epoch 55, iter:0, loss: 0.2928, lr: 9.29947566475907e-05
train: epoch 55, iter:20, loss: 0.3297, lr: 9.29947566475907e-05
val epoch: 55, loss: 0.5231
train: epoch 56, iter:0, loss: 0.3418, lr: 9.274017555754411e-05
train: epoch 56, iter:20, loss: 0.3347, lr: 9.274017555754411e-05
val epoch: 56, loss: 0.4886
train: epoch 57, iter:0, loss: 0.2893, lr: 9.248145583195451e-05
train: epoch 57, iter:20, loss: 0.3366, lr: 9.248145583195451e-05
val epoch: 57, loss: 0.4835
train: epoch 58, iter:0, loss: 0.3769, lr: 9.22186258423553e-05
train: epoch 58, iter:20, loss: 0.3302, lr: 9.22186258423553e-05
val epoch: 58, loss: 0.4770
train: epoch 59, iter:0, loss: 0.3844, lr: 9.195171441101671e-05
train: epoch 59, iter:20, loss: 0.3284, lr: 9.195171441101671e-05
val epoch: 59, loss: 0.4854
train: epoch 60, iter:0, loss: 0.3142, lr: 9.168075080778497e-05
train: epoch 60, iter:20, loss: 0.3249, lr: 9.168075080778497e-05
val epoch: 60, loss: 0.4961, miou: 0.6839430334523692, f1_or_dsc: 0.8123113666739306, accuracy: 0.9153730751264213, specificity: 0.9678249255176102, sensitivity: 0.752341947855444
train: epoch 61, iter:0, loss: 0.3403, lr: 9.140576474687266e-05
train: epoch 61, iter:20, loss: 0.3384, lr: 9.140576474687266e-05
val epoch: 61, loss: 0.4577
train: epoch 62, iter:0, loss: 0.2875, lr: 9.112678638360019e-05
train: epoch 62, iter:20, loss: 0.3210, lr: 9.112678638360019e-05
val epoch: 62, loss: 0.4875
train: epoch 63, iter:0, loss: 0.2819, lr: 9.084384631108886e-05
train: epoch 63, iter:20, loss: 0.3315, lr: 9.084384631108886e-05
val epoch: 63, loss: 0.4842
train: epoch 64, iter:0, loss: 0.3082, lr: 9.055697555690608e-05
train: epoch 64, iter:20, loss: 0.3355, lr: 9.055697555690608e-05
val epoch: 64, loss: 0.4639
train: epoch 65, iter:0, loss: 0.2688, lr: 9.026620557966282e-05
train: epoch 65, iter:20, loss: 0.3196, lr: 9.026620557966282e-05
val epoch: 65, loss: 0.4539
train: epoch 66, iter:0, loss: 0.2827, lr: 8.997156826556372e-05
train: epoch 66, iter:20, loss: 0.3134, lr: 8.997156826556372e-05
val epoch: 66, loss: 0.4479
train: epoch 67, iter:0, loss: 0.3278, lr: 8.967309592491055e-05
train: epoch 67, iter:20, loss: 0.3271, lr: 8.967309592491055e-05
val epoch: 67, loss: 0.4732
train: epoch 68, iter:0, loss: 0.1995, lr: 8.937082128855894e-05
train: epoch 68, iter:20, loss: 0.3053, lr: 8.937082128855894e-05
val epoch: 68, loss: 0.4647
train: epoch 69, iter:0, loss: 0.3511, lr: 8.906477750432907e-05
train: epoch 69, iter:20, loss: 0.3202, lr: 8.906477750432907e-05
val epoch: 69, loss: 0.4694
train: epoch 70, iter:0, loss: 0.3156, lr: 8.875499813337071e-05
train: epoch 70, iter:20, loss: 0.3302, lr: 8.875499813337071e-05
val epoch: 70, loss: 0.4913
train: epoch 71, iter:0, loss: 0.3368, lr: 8.844151714648278e-05
train: epoch 71, iter:20, loss: 0.3031, lr: 8.844151714648278e-05
val epoch: 71, loss: 0.4650
train: epoch 72, iter:0, loss: 0.2680, lr: 8.812436892038808e-05
train: epoch 72, iter:20, loss: 0.2997, lr: 8.812436892038808e-05
val epoch: 72, loss: 0.4530
train: epoch 73, iter:0, loss: 0.2541, lr: 8.780358823396356e-05
train: epoch 73, iter:20, loss: 0.3030, lr: 8.780358823396356e-05
val epoch: 73, loss: 0.5155
train: epoch 74, iter:0, loss: 0.2345, lr: 8.747921026442633e-05
train: epoch 74, iter:20, loss: 0.3013, lr: 8.747921026442633e-05
val epoch: 74, loss: 0.4843
train: epoch 75, iter:0, loss: 0.3273, lr: 8.715127058347619e-05
train: epoch 75, iter:20, loss: 0.2957, lr: 8.715127058347619e-05
val epoch: 75, loss: 0.4489
train: epoch 76, iter:0, loss: 0.2754, lr: 8.681980515339468e-05
train: epoch 76, iter:20, loss: 0.3006, lr: 8.681980515339468e-05
val epoch: 76, loss: 0.4614
train: epoch 77, iter:0, loss: 0.2680, lr: 8.648485032310149e-05
train: epoch 77, iter:20, loss: 0.2945, lr: 8.648485032310149e-05
val epoch: 77, loss: 0.5390
train: epoch 78, iter:0, loss: 0.2702, lr: 8.614644282416834e-05
train: epoch 78, iter:20, loss: 0.2983, lr: 8.614644282416834e-05
val epoch: 78, loss: 0.4737
train: epoch 79, iter:0, loss: 0.3535, lr: 8.580461976679102e-05
train: epoch 79, iter:20, loss: 0.2843, lr: 8.580461976679102e-05
val epoch: 79, loss: 0.4710
train: epoch 80, iter:0, loss: 0.3361, lr: 8.545941863571975e-05
train: epoch 80, iter:20, loss: 0.2951, lr: 8.545941863571975e-05
val epoch: 80, loss: 0.4648
train: epoch 81, iter:0, loss: 0.2939, lr: 8.511087728614864e-05
train: epoch 81, iter:20, loss: 0.3073, lr: 8.511087728614864e-05
val epoch: 81, loss: 0.4817
train: epoch 82, iter:0, loss: 0.3042, lr: 8.475903393956435e-05
train: epoch 82, iter:20, loss: 0.2917, lr: 8.475903393956435e-05
val epoch: 82, loss: 0.4563
train: epoch 83, iter:0, loss: 0.2923, lr: 8.440392717955477e-05
train: epoch 83, iter:20, loss: 0.3017, lr: 8.440392717955477e-05
val epoch: 83, loss: 0.4605
train: epoch 84, iter:0, loss: 0.2567, lr: 8.40455959475778e-05
train: epoch 84, iter:20, loss: 0.3004, lr: 8.40455959475778e-05
val epoch: 84, loss: 0.4568
train: epoch 85, iter:0, loss: 0.3841, lr: 8.368407953869106e-05
train: epoch 85, iter:20, loss: 0.2840, lr: 8.368407953869106e-05
val epoch: 85, loss: 0.4568
train: epoch 86, iter:0, loss: 0.3129, lr: 8.331941759724271e-05
train: epoch 86, iter:20, loss: 0.3023, lr: 8.331941759724271e-05
val epoch: 86, loss: 0.4799
train: epoch 87, iter:0, loss: 0.2924, lr: 8.2951650112524e-05
train: epoch 87, iter:20, loss: 0.2949, lr: 8.2951650112524e-05
val epoch: 87, loss: 0.4755
train: epoch 88, iter:0, loss: 0.3235, lr: 8.258081741438397e-05
train: epoch 88, iter:20, loss: 0.2836, lr: 8.258081741438397e-05
val epoch: 88, loss: 0.4688
train: epoch 89, iter:0, loss: 0.2882, lr: 8.22069601688069e-05
train: epoch 89, iter:20, loss: 0.2794, lr: 8.22069601688069e-05
val epoch: 89, loss: 0.4491
train: epoch 90, iter:0, loss: 0.2719, lr: 8.183011937345273e-05
train: epoch 90, iter:20, loss: 0.2791, lr: 8.183011937345273e-05
val epoch: 90, loss: 0.4622, miou: 0.6987565278040003, f1_or_dsc: 0.8226682474707425, accuracy: 0.9173495793106532, specificity: 0.959093935309741, sensitivity: 0.7875995444696422
train: epoch 91, iter:0, loss: 0.2309, lr: 8.145033635316131e-05
train: epoch 91, iter:20, loss: 0.2814, lr: 8.145033635316131e-05
val epoch: 91, loss: 0.4664
train: epoch 92, iter:0, loss: 0.3148, lr: 8.106765275542056e-05
train: epoch 92, iter:20, loss: 0.2773, lr: 8.106765275542056e-05
val epoch: 92, loss: 0.4330
train: epoch 93, iter:0, loss: 0.3013, lr: 8.068211054579945e-05
train: epoch 93, iter:20, loss: 0.2787, lr: 8.068211054579945e-05
val epoch: 93, loss: 0.4692
train: epoch 94, iter:0, loss: 0.2369, lr: 8.02937520033459e-05
train: epoch 94, iter:20, loss: 0.2700, lr: 8.02937520033459e-05
val epoch: 94, loss: 0.4557
train: epoch 95, iter:0, loss: 0.2754, lr: 7.99026197159505e-05
train: epoch 95, iter:20, loss: 0.2770, lr: 7.99026197159505e-05
val epoch: 95, loss: 0.4608
train: epoch 96, iter:0, loss: 0.2881, lr: 7.950875657567623e-05
train: epoch 96, iter:20, loss: 0.2701, lr: 7.950875657567623e-05
val epoch: 96, loss: 0.4584
train: epoch 97, iter:0, loss: 0.2212, lr: 7.911220577405486e-05
train: epoch 97, iter:20, loss: 0.2596, lr: 7.911220577405486e-05
val epoch: 97, loss: 0.4303
train: epoch 98, iter:0, loss: 0.2435, lr: 7.871301079735051e-05
train: epoch 98, iter:20, loss: 0.2573, lr: 7.871301079735051e-05
val epoch: 98, loss: 0.4808
train: epoch 99, iter:0, loss: 0.2548, lr: 7.831121542179088e-05
train: epoch 99, iter:20, loss: 0.2752, lr: 7.831121542179088e-05
val epoch: 99, loss: 0.4659
train: epoch 100, iter:0, loss: 0.2074, lr: 7.790686370876673e-05
train: epoch 100, iter:20, loss: 0.2703, lr: 7.790686370876673e-05
val epoch: 100, loss: 0.4574
train: epoch 101, iter:0, loss: 0.3105, lr: 7.750000000000003e-05
train: epoch 101, iter:20, loss: 0.2675, lr: 7.750000000000003e-05
val epoch: 101, loss: 0.4606
train: epoch 102, iter:0, loss: 0.2415, lr: 7.709066891268137e-05
train: epoch 102, iter:20, loss: 0.2682, lr: 7.709066891268137e-05
val epoch: 102, loss: 0.4719
train: epoch 103, iter:0, loss: 0.1960, lr: 7.667891533457722e-05
train: epoch 103, iter:20, loss: 0.2606, lr: 7.667891533457722e-05
val epoch: 103, loss: 0.4849
train: epoch 104, iter:0, loss: 0.2875, lr: 7.626478441910747e-05
train: epoch 104, iter:20, loss: 0.2740, lr: 7.626478441910747e-05
val epoch: 104, loss: 0.4755
train: epoch 105, iter:0, loss: 0.2632, lr: 7.584832158039382e-05
train: epoch 105, iter:20, loss: 0.2732, lr: 7.584832158039382e-05
val epoch: 105, loss: 0.4726
train: epoch 106, iter:0, loss: 0.3296, lr: 7.542957248827964e-05
train: epoch 106, iter:20, loss: 0.2602, lr: 7.542957248827964e-05
val epoch: 106, loss: 0.4424
train: epoch 107, iter:0, loss: 0.2454, lr: 7.500858306332177e-05
train: epoch 107, iter:20, loss: 0.2584, lr: 7.500858306332177e-05
val epoch: 107, loss: 0.4561
train: epoch 108, iter:0, loss: 0.2523, lr: 7.458539947175478e-05
train: epoch 108, iter:20, loss: 0.2512, lr: 7.458539947175478e-05
val epoch: 108, loss: 0.4905
train: epoch 109, iter:0, loss: 0.2738, lr: 7.41600681204283e-05
train: epoch 109, iter:20, loss: 0.2614, lr: 7.41600681204283e-05
val epoch: 109, loss: 0.4548
train: epoch 110, iter:0, loss: 0.2526, lr: 7.373263565171809e-05
train: epoch 110, iter:20, loss: 0.2600, lr: 7.373263565171809e-05
val epoch: 110, loss: 0.4707
train: epoch 111, iter:0, loss: 0.1961, lr: 7.330314893841104e-05
train: epoch 111, iter:20, loss: 0.2483, lr: 7.330314893841104e-05
val epoch: 111, loss: 0.4637
train: epoch 112, iter:0, loss: 0.2211, lr: 7.287165507856516e-05
train: epoch 112, iter:20, loss: 0.2530, lr: 7.287165507856516e-05
val epoch: 112, loss: 0.4820
train: epoch 113, iter:0, loss: 0.2363, lr: 7.243820139034467e-05
train: epoch 113, iter:20, loss: 0.2507, lr: 7.243820139034467e-05
val epoch: 113, loss: 0.4543
train: epoch 114, iter:0, loss: 0.2595, lr: 7.200283540683105e-05
train: epoch 114, iter:20, loss: 0.2546, lr: 7.200283540683105e-05
val epoch: 114, loss: 0.4884
train: epoch 115, iter:0, loss: 0.2036, lr: 7.156560487081054e-05
train: epoch 115, iter:20, loss: 0.2603, lr: 7.156560487081054e-05
val epoch: 115, loss: 0.5057
train: epoch 116, iter:0, loss: 0.2542, lr: 7.112655772953852e-05
train: epoch 116, iter:20, loss: 0.2611, lr: 7.112655772953852e-05
val epoch: 116, loss: 0.4567
train: epoch 117, iter:0, loss: 0.2496, lr: 7.06857421294817e-05
train: epoch 117, iter:20, loss: 0.2492, lr: 7.06857421294817e-05
val epoch: 117, loss: 0.5185
train: epoch 118, iter:0, loss: 0.3050, lr: 7.024320641103815e-05
train: epoch 118, iter:20, loss: 0.2677, lr: 7.024320641103815e-05
val epoch: 118, loss: 0.4537
train: epoch 119, iter:0, loss: 0.2682, lr: 6.979899910323627e-05
train: epoch 119, iter:20, loss: 0.2572, lr: 6.979899910323627e-05
val epoch: 119, loss: 0.4603
train: epoch 120, iter:0, loss: 0.2211, lr: 6.935316891841318e-05
train: epoch 120, iter:20, loss: 0.2397, lr: 6.935316891841318e-05
val epoch: 120, loss: 0.4432, miou: 0.710605910791803, f1_or_dsc: 0.8308236354250392, accuracy: 0.9200221335533822, specificity: 0.956451829454628, sensitivity: 0.8067911541956607
train: epoch 121, iter:0, loss: 0.2740, lr: 6.890576474687267e-05
train: epoch 121, iter:20, loss: 0.2378, lr: 6.890576474687267e-05
val epoch: 121, loss: 0.4488
train: epoch 122, iter:0, loss: 0.2440, lr: 6.845683565152394e-05
train: epoch 122, iter:20, loss: 0.2430, lr: 6.845683565152394e-05
val epoch: 122, loss: 0.4601
train: epoch 123, iter:0, loss: 0.2265, lr: 6.800643086250126e-05
train: epoch 123, iter:20, loss: 0.2383, lr: 6.800643086250126e-05
val epoch: 123, loss: 0.4786
train: epoch 124, iter:0, loss: 0.2676, lr: 6.755459977176537e-05
train: epoch 124, iter:20, loss: 0.2463, lr: 6.755459977176537e-05
val epoch: 124, loss: 0.4475
train: epoch 125, iter:0, loss: 0.2262, lr: 6.710139192768701e-05
train: epoch 125, iter:20, loss: 0.2343, lr: 6.710139192768701e-05
val epoch: 125, loss: 0.4363
train: epoch 126, iter:0, loss: 0.2413, lr: 6.66468570296135e-05
train: epoch 126, iter:20, loss: 0.2337, lr: 6.66468570296135e-05
val epoch: 126, loss: 0.4726
train: epoch 127, iter:0, loss: 0.2376, lr: 6.619104492241852e-05
train: epoch 127, iter:20, loss: 0.2392, lr: 6.619104492241852e-05
val epoch: 127, loss: 0.4922
train: epoch 128, iter:0, loss: 0.2892, lr: 6.57340055910362e-05
train: epoch 128, iter:20, loss: 0.2390, lr: 6.57340055910362e-05
val epoch: 128, loss: 0.5020
train: epoch 129, iter:0, loss: 0.2406, lr: 6.527578915497956e-05
train: epoch 129, iter:20, loss: 0.2309, lr: 6.527578915497956e-05
val epoch: 129, loss: 0.4647
train: epoch 130, iter:0, loss: 0.2517, lr: 6.481644586284449e-05
train: epoch 130, iter:20, loss: 0.2398, lr: 6.481644586284449e-05
val epoch: 130, loss: 0.4892
train: epoch 131, iter:0, loss: 0.1844, lr: 6.435602608679923e-05
train: epoch 131, iter:20, loss: 0.2410, lr: 6.435602608679923e-05
val epoch: 131, loss: 0.4663
train: epoch 132, iter:0, loss: 0.2434, lr: 6.389458031706073e-05
train: epoch 132, iter:20, loss: 0.2414, lr: 6.389458031706073e-05
val epoch: 132, loss: 0.4517
train: epoch 133, iter:0, loss: 0.2343, lr: 6.343215915635769e-05
train: epoch 133, iter:20, loss: 0.2279, lr: 6.343215915635769e-05
val epoch: 133, loss: 0.4649
train: epoch 134, iter:0, loss: 0.2728, lr: 6.296881331438133e-05
train: epoch 134, iter:20, loss: 0.2315, lr: 6.296881331438133e-05
val epoch: 134, loss: 0.4281
train: epoch 135, iter:0, loss: 0.2211, lr: 6.250459360222469e-05
train: epoch 135, iter:20, loss: 0.2401, lr: 6.250459360222469e-05
val epoch: 135, loss: 0.4626
train: epoch 136, iter:0, loss: 0.2023, lr: 6.203955092681049e-05
train: epoch 136, iter:20, loss: 0.2340, lr: 6.203955092681049e-05
val epoch: 136, loss: 0.4530
train: epoch 137, iter:0, loss: 0.2709, lr: 6.157373628530863e-05
train: epoch 137, iter:20, loss: 0.2355, lr: 6.157373628530863e-05
val epoch: 137, loss: 0.4802
train: epoch 138, iter:0, loss: 0.1788, lr: 6.11072007595438e-05
train: epoch 138, iter:20, loss: 0.2242, lr: 6.11072007595438e-05
val epoch: 138, loss: 0.4381
train: epoch 139, iter:0, loss: 0.2025, lr: 6.06399955103938e-05
train: epoch 139, iter:20, loss: 0.2264, lr: 6.06399955103938e-05
val epoch: 139, loss: 0.4507
train: epoch 140, iter:0, loss: 0.2629, lr: 6.017217177217911e-05
train: epoch 140, iter:20, loss: 0.2216, lr: 6.017217177217911e-05
val epoch: 140, loss: 0.4799
train: epoch 141, iter:0, loss: 0.2048, lr: 5.970378084704452e-05
train: epoch 141, iter:20, loss: 0.2257, lr: 5.970378084704452e-05
val epoch: 141, loss: 0.4955
train: epoch 142, iter:0, loss: 0.1454, lr: 5.923487409933326e-05
train: epoch 142, iter:20, loss: 0.2265, lr: 5.923487409933326e-05
val epoch: 142, loss: 0.5234
train: epoch 143, iter:0, loss: 0.2757, lr: 5.8765502949954305e-05
train: epoch 143, iter:20, loss: 0.2298, lr: 5.8765502949954305e-05
val epoch: 143, loss: 0.5012
train: epoch 144, iter:0, loss: 0.2568, lr: 5.8295718870743535e-05
train: epoch 144, iter:20, loss: 0.2258, lr: 5.8295718870743535e-05
val epoch: 144, loss: 0.4827
train: epoch 145, iter:0, loss: 0.2451, lr: 5.782557337881921e-05
train: epoch 145, iter:20, loss: 0.2246, lr: 5.782557337881921e-05
val epoch: 145, loss: 0.4712
train: epoch 146, iter:0, loss: 0.2472, lr: 5.7355118030932584e-05
train: epoch 146, iter:20, loss: 0.2193, lr: 5.7355118030932584e-05
val epoch: 146, loss: 0.4566
train: epoch 147, iter:0, loss: 0.2119, lr: 5.68844044178141e-05
train: epoch 147, iter:20, loss: 0.2315, lr: 5.68844044178141e-05
val epoch: 147, loss: 0.4479
train: epoch 148, iter:0, loss: 0.2592, lr: 5.641348415851587e-05
train: epoch 148, iter:20, loss: 0.2204, lr: 5.641348415851587e-05
val epoch: 148, loss: 0.4508
train: epoch 149, iter:0, loss: 0.2012, lr: 5.594240889475117e-05
train: epoch 149, iter:20, loss: 0.2236, lr: 5.594240889475117e-05
val epoch: 149, loss: 0.4520
train: epoch 150, iter:0, loss: 0.2425, lr: 5.547123028523116e-05
train: epoch 150, iter:20, loss: 0.2330, lr: 5.547123028523116e-05
val epoch: 150, loss: 0.4652, miou: 0.6996770914599786, f1_or_dsc: 0.82330590319244, accuracy: 0.913505478660659, specificity: 0.9410643808751892, sensitivity: 0.8278467485896178
train: epoch 151, iter:0, loss: 0.2867, lr: 5.5000000000000104e-05
train: epoch 151, iter:20, loss: 0.2103, lr: 5.5000000000000104e-05
val epoch: 151, loss: 0.4415
train: epoch 152, iter:0, loss: 0.2020, lr: 5.4528769714769045e-05
train: epoch 152, iter:20, loss: 0.2197, lr: 5.4528769714769045e-05
val epoch: 152, loss: 0.4402
train: epoch 153, iter:0, loss: 0.2149, lr: 5.405759110524905e-05
train: epoch 153, iter:20, loss: 0.2154, lr: 5.405759110524905e-05
val epoch: 153, loss: 0.4595
train: epoch 154, iter:0, loss: 0.2644, lr: 5.3586515841484326e-05
train: epoch 154, iter:20, loss: 0.2141, lr: 5.3586515841484326e-05
val epoch: 154, loss: 0.4935
train: epoch 155, iter:0, loss: 0.2192, lr: 5.311559558218611e-05
train: epoch 155, iter:20, loss: 0.2076, lr: 5.311559558218611e-05
val epoch: 155, loss: 0.4517
train: epoch 156, iter:0, loss: 0.2394, lr: 5.264488196906762e-05
train: epoch 156, iter:20, loss: 0.2175, lr: 5.264488196906762e-05
val epoch: 156, loss: 0.4383
train: epoch 157, iter:0, loss: 0.2439, lr: 5.2174426621181e-05
train: epoch 157, iter:20, loss: 0.2127, lr: 5.2174426621181e-05
val epoch: 157, loss: 0.4428
train: epoch 158, iter:0, loss: 0.1978, lr: 5.170428112925667e-05
train: epoch 158, iter:20, loss: 0.2156, lr: 5.170428112925667e-05
val epoch: 158, loss: 0.5160
train: epoch 159, iter:0, loss: 0.2416, lr: 5.123449705004589e-05
train: epoch 159, iter:20, loss: 0.2167, lr: 5.123449705004589e-05
val epoch: 159, loss: 0.4602
train: epoch 160, iter:0, loss: 0.2159, lr: 5.076512590066694e-05
train: epoch 160, iter:20, loss: 0.2108, lr: 5.076512590066694e-05
val epoch: 160, loss: 0.4366
train: epoch 161, iter:0, loss: 0.1806, lr: 5.0296219152955685e-05
train: epoch 161, iter:20, loss: 0.2054, lr: 5.0296219152955685e-05
val epoch: 161, loss: 0.4820
train: epoch 162, iter:0, loss: 0.2095, lr: 4.982782822782109e-05
train: epoch 162, iter:20, loss: 0.2112, lr: 4.982782822782109e-05
val epoch: 162, loss: 0.4540
train: epoch 163, iter:0, loss: 0.2444, lr: 4.9360004489606395e-05
train: epoch 163, iter:20, loss: 0.2065, lr: 4.9360004489606395e-05
val epoch: 163, loss: 0.4584
train: epoch 164, iter:0, loss: 0.2246, lr: 4.889279924045639e-05
train: epoch 164, iter:20, loss: 0.2188, lr: 4.889279924045639e-05
val epoch: 164, loss: 0.4266
train: epoch 165, iter:0, loss: 0.2169, lr: 4.842626371469157e-05
train: epoch 165, iter:20, loss: 0.2095, lr: 4.842626371469157e-05
val epoch: 165, loss: 0.4684
train: epoch 166, iter:0, loss: 0.3002, lr: 4.79604490731897e-05
train: epoch 166, iter:20, loss: 0.2086, lr: 4.79604490731897e-05
val epoch: 166, loss: 0.4540
train: epoch 167, iter:0, loss: 0.1913, lr: 4.749540639777547e-05
train: epoch 167, iter:20, loss: 0.2052, lr: 4.749540639777547e-05
val epoch: 167, loss: 0.4616
train: epoch 168, iter:0, loss: 0.2199, lr: 4.703118668561883e-05
train: epoch 168, iter:20, loss: 0.2165, lr: 4.703118668561883e-05
val epoch: 168, loss: 0.4540
train: epoch 169, iter:0, loss: 0.1644, lr: 4.656784084364247e-05
train: epoch 169, iter:20, loss: 0.2091, lr: 4.656784084364247e-05
val epoch: 169, loss: 0.4483
train: epoch 170, iter:0, loss: 0.1977, lr: 4.61054196829394e-05
train: epoch 170, iter:20, loss: 0.2015, lr: 4.61054196829394e-05
val epoch: 170, loss: 0.4489
train: epoch 171, iter:0, loss: 0.1803, lr: 4.564397391320091e-05
train: epoch 171, iter:20, loss: 0.2014, lr: 4.564397391320091e-05
val epoch: 171, loss: 0.4693
train: epoch 172, iter:0, loss: 0.1753, lr: 4.518355413715567e-05
train: epoch 172, iter:20, loss: 0.2047, lr: 4.518355413715567e-05
val epoch: 172, loss: 0.4580
train: epoch 173, iter:0, loss: 0.1790, lr: 4.472421084502058e-05
train: epoch 173, iter:20, loss: 0.2060, lr: 4.472421084502058e-05
val epoch: 173, loss: 0.4551
train: epoch 174, iter:0, loss: 0.1954, lr: 4.426599440896395e-05
train: epoch 174, iter:20, loss: 0.2088, lr: 4.426599440896395e-05
val epoch: 174, loss: 0.4473
train: epoch 175, iter:0, loss: 0.1604, lr: 4.380895507758162e-05
train: epoch 175, iter:20, loss: 0.1963, lr: 4.380895507758162e-05
val epoch: 175, loss: 0.4695
train: epoch 176, iter:0, loss: 0.1957, lr: 4.335314297038665e-05
train: epoch 176, iter:20, loss: 0.2026, lr: 4.335314297038665e-05
val epoch: 176, loss: 0.4451
train: epoch 177, iter:0, loss: 0.1926, lr: 4.289860807231313e-05
train: epoch 177, iter:20, loss: 0.2073, lr: 4.289860807231313e-05
val epoch: 177, loss: 0.4513
train: epoch 178, iter:0, loss: 0.1702, lr: 4.2445400228234754e-05
train: epoch 178, iter:20, loss: 0.2036, lr: 4.2445400228234754e-05
val epoch: 178, loss: 0.4946
train: epoch 179, iter:0, loss: 0.1900, lr: 4.1993569137498844e-05
train: epoch 179, iter:20, loss: 0.2003, lr: 4.1993569137498844e-05
val epoch: 179, loss: 0.4711
train: epoch 180, iter:0, loss: 0.1782, lr: 4.154316434847618e-05
train: epoch 180, iter:20, loss: 0.1952, lr: 4.154316434847618e-05
val epoch: 180, loss: 0.4676, miou: 0.7043500361557982, f1_or_dsc: 0.8265321339089197, accuracy: 0.9163033891432356, specificity: 0.9475560258756244, sensitivity: 0.8191637733113487
train: epoch 181, iter:0, loss: 0.1580, lr: 4.109423525312744e-05
train: epoch 181, iter:20, loss: 0.1892, lr: 4.109423525312744e-05
val epoch: 181, loss: 0.4722
train: epoch 182, iter:0, loss: 0.1879, lr: 4.064683108158692e-05
train: epoch 182, iter:20, loss: 0.1969, lr: 4.064683108158692e-05
val epoch: 182, loss: 0.4530
train: epoch 183, iter:0, loss: 0.1542, lr: 4.020100089676382e-05
train: epoch 183, iter:20, loss: 0.1965, lr: 4.020100089676382e-05
val epoch: 183, loss: 0.4893
train: epoch 184, iter:0, loss: 0.1620, lr: 3.975679358896196e-05
train: epoch 184, iter:20, loss: 0.1932, lr: 3.975679358896196e-05
val epoch: 184, loss: 0.4685
train: epoch 185, iter:0, loss: 0.1485, lr: 3.931425787051839e-05
train: epoch 185, iter:20, loss: 0.1979, lr: 3.931425787051839e-05
val epoch: 185, loss: 0.4641
train: epoch 186, iter:0, loss: 0.1933, lr: 3.8873442270461565e-05
train: epoch 186, iter:20, loss: 0.1959, lr: 3.8873442270461565e-05
val epoch: 186, loss: 0.4759
train: epoch 187, iter:0, loss: 0.2188, lr: 3.843439512918957e-05
train: epoch 187, iter:20, loss: 0.1980, lr: 3.843439512918957e-05
val epoch: 187, loss: 0.4553
train: epoch 188, iter:0, loss: 0.2392, lr: 3.7997164593169046e-05
train: epoch 188, iter:20, loss: 0.2005, lr: 3.7997164593169046e-05
val epoch: 188, loss: 0.4737
train: epoch 189, iter:0, loss: 0.1961, lr: 3.756179860965544e-05
train: epoch 189, iter:20, loss: 0.1892, lr: 3.756179860965544e-05
val epoch: 189, loss: 0.4837
train: epoch 190, iter:0, loss: 0.2306, lr: 3.7128344921434934e-05
train: epoch 190, iter:20, loss: 0.1949, lr: 3.7128344921434934e-05
val epoch: 190, loss: 0.4511
train: epoch 191, iter:0, loss: 0.1987, lr: 3.669685106158906e-05
train: epoch 191, iter:20, loss: 0.1883, lr: 3.669685106158906e-05
val epoch: 191, loss: 0.4631
train: epoch 192, iter:0, loss: 0.2125, lr: 3.6267364348282024e-05
train: epoch 192, iter:20, loss: 0.1866, lr: 3.6267364348282024e-05
val epoch: 192, loss: 0.4634
train: epoch 193, iter:0, loss: 0.1932, lr: 3.58399318795718e-05
train: epoch 193, iter:20, loss: 0.1928, lr: 3.58399318795718e-05
val epoch: 193, loss: 0.4599
train: epoch 194, iter:0, loss: 0.1700, lr: 3.541460052824533e-05
train: epoch 194, iter:20, loss: 0.1901, lr: 3.541460052824533e-05
val epoch: 194, loss: 0.4509
train: epoch 195, iter:0, loss: 0.1946, lr: 3.499141693667834e-05
train: epoch 195, iter:20, loss: 0.1901, lr: 3.499141693667834e-05
val epoch: 195, loss: 0.4619
train: epoch 196, iter:0, loss: 0.1828, lr: 3.4570427511720465e-05
train: epoch 196, iter:20, loss: 0.1912, lr: 3.4570427511720465e-05
val epoch: 196, loss: 0.5058
train: epoch 197, iter:0, loss: 0.1551, lr: 3.4151678419606305e-05
train: epoch 197, iter:20, loss: 0.1829, lr: 3.4151678419606305e-05
val epoch: 197, loss: 0.4530
train: epoch 198, iter:0, loss: 0.2098, lr: 3.373521558089265e-05
train: epoch 198, iter:20, loss: 0.1906, lr: 3.373521558089265e-05
val epoch: 198, loss: 0.4796
train: epoch 199, iter:0, loss: 0.2143, lr: 3.332108466542288e-05
train: epoch 199, iter:20, loss: 0.1849, lr: 3.332108466542288e-05
val epoch: 199, loss: 0.4513
train: epoch 200, iter:0, loss: 0.2081, lr: 3.290933108731874e-05
train: epoch 200, iter:20, loss: 0.1853, lr: 3.290933108731874e-05
val epoch: 200, loss: 0.4479
train: epoch 201, iter:0, loss: 0.1833, lr: 3.2500000000000065e-05
train: epoch 201, iter:20, loss: 0.1831, lr: 3.2500000000000065e-05
val epoch: 201, loss: 0.4651
train: epoch 202, iter:0, loss: 0.2123, lr: 3.2093136291233364e-05
train: epoch 202, iter:20, loss: 0.1899, lr: 3.2093136291233364e-05
val epoch: 202, loss: 0.4487
train: epoch 203, iter:0, loss: 0.1833, lr: 3.1688784578209223e-05
train: epoch 203, iter:20, loss: 0.1850, lr: 3.1688784578209223e-05
val epoch: 203, loss: 0.4791
train: epoch 204, iter:0, loss: 0.1566, lr: 3.128698920264959e-05
train: epoch 204, iter:20, loss: 0.1790, lr: 3.128698920264959e-05
val epoch: 204, loss: 0.4427
train: epoch 205, iter:0, loss: 0.1564, lr: 3.088779422594524e-05
train: epoch 205, iter:20, loss: 0.1881, lr: 3.088779422594524e-05
val epoch: 205, loss: 0.4702
train: epoch 206, iter:0, loss: 0.1876, lr: 3.0491243424323874e-05
train: epoch 206, iter:20, loss: 0.1863, lr: 3.0491243424323874e-05
val epoch: 206, loss: 0.4777
train: epoch 207, iter:0, loss: 0.1786, lr: 3.0097380284049598e-05
train: epoch 207, iter:20, loss: 0.1807, lr: 3.0097380284049598e-05
val epoch: 207, loss: 0.4616
train: epoch 208, iter:0, loss: 0.1525, lr: 2.9706247996654208e-05
train: epoch 208, iter:20, loss: 0.1793, lr: 2.9706247996654208e-05
val epoch: 208, loss: 0.4520
train: epoch 209, iter:0, loss: 0.1889, lr: 2.931788945420065e-05
train: epoch 209, iter:20, loss: 0.1833, lr: 2.931788945420065e-05
val epoch: 209, loss: 0.4747
train: epoch 210, iter:0, loss: 0.1523, lr: 2.893234724457952e-05
train: epoch 210, iter:20, loss: 0.1731, lr: 2.893234724457952e-05
val epoch: 210, loss: 0.4652, miou: 0.7103966371247454, f1_or_dsc: 0.8306805821589482, accuracy: 0.9191870358910891, specificity: 0.952904460636574, sensitivity: 0.8143863525227449
train: epoch 211, iter:0, loss: 0.2255, lr: 2.8549663646838785e-05
train: epoch 211, iter:20, loss: 0.1802, lr: 2.8549663646838785e-05
val epoch: 211, loss: 0.4667
train: epoch 212, iter:0, loss: 0.1682, lr: 2.8169880626547352e-05
train: epoch 212, iter:20, loss: 0.1845, lr: 2.8169880626547352e-05
val epoch: 212, loss: 0.4694
train: epoch 213, iter:0, loss: 0.2002, lr: 2.7793039831193204e-05
train: epoch 213, iter:20, loss: 0.1779, lr: 2.7793039831193204e-05
val epoch: 213, loss: 0.4718
train: epoch 214, iter:0, loss: 0.2459, lr: 2.7419182585616138e-05
train: epoch 214, iter:20, loss: 0.1728, lr: 2.7419182585616138e-05
val epoch: 214, loss: 0.4634
train: epoch 215, iter:0, loss: 0.1538, lr: 2.7048349887476105e-05
train: epoch 215, iter:20, loss: 0.1799, lr: 2.7048349887476105e-05
val epoch: 215, loss: 0.4473
train: epoch 216, iter:0, loss: 0.1667, lr: 2.668058240275739e-05
train: epoch 216, iter:20, loss: 0.1741, lr: 2.668058240275739e-05
val epoch: 216, loss: 0.4653
train: epoch 217, iter:0, loss: 0.1561, lr: 2.631592046130903e-05
train: epoch 217, iter:20, loss: 0.1785, lr: 2.631592046130903e-05
val epoch: 217, loss: 0.4645
train: epoch 218, iter:0, loss: 0.1827, lr: 2.59544040524223e-05
train: epoch 218, iter:20, loss: 0.1730, lr: 2.59544040524223e-05
val epoch: 218, loss: 0.4651
train: epoch 219, iter:0, loss: 0.1829, lr: 2.5596072820445336e-05
train: epoch 219, iter:20, loss: 0.1771, lr: 2.5596072820445336e-05
val epoch: 219, loss: 0.4752
train: epoch 220, iter:0, loss: 0.1709, lr: 2.5240966060435724e-05
train: epoch 220, iter:20, loss: 0.1778, lr: 2.5240966060435724e-05
val epoch: 220, loss: 0.4723
train: epoch 221, iter:0, loss: 0.1246, lr: 2.4889122713851445e-05
train: epoch 221, iter:20, loss: 0.1805, lr: 2.4889122713851445e-05
val epoch: 221, loss: 0.4590
train: epoch 222, iter:0, loss: 0.1686, lr: 2.4540581364280337e-05
train: epoch 222, iter:20, loss: 0.1739, lr: 2.4540581364280337e-05
val epoch: 222, loss: 0.4585
train: epoch 223, iter:0, loss: 0.1581, lr: 2.419538023320907e-05
train: epoch 223, iter:20, loss: 0.1740, lr: 2.419538023320907e-05
val epoch: 223, loss: 0.4733
train: epoch 224, iter:0, loss: 0.1677, lr: 2.3853557175831762e-05
train: epoch 224, iter:20, loss: 0.1739, lr: 2.3853557175831762e-05
val epoch: 224, loss: 0.4607
train: epoch 225, iter:0, loss: 0.1423, lr: 2.351514967689861e-05
train: epoch 225, iter:20, loss: 0.1712, lr: 2.351514967689861e-05
val epoch: 225, loss: 0.4608
train: epoch 226, iter:0, loss: 0.1504, lr: 2.318019484660542e-05
train: epoch 226, iter:20, loss: 0.1736, lr: 2.318019484660542e-05
val epoch: 226, loss: 0.4569
train: epoch 227, iter:0, loss: 0.1704, lr: 2.2848729416523915e-05
train: epoch 227, iter:20, loss: 0.1771, lr: 2.2848729416523915e-05
val epoch: 227, loss: 0.4509
train: epoch 228, iter:0, loss: 0.2028, lr: 2.2520789735573758e-05
train: epoch 228, iter:20, loss: 0.1737, lr: 2.2520789735573758e-05
val epoch: 228, loss: 0.4821
train: epoch 229, iter:0, loss: 0.1588, lr: 2.2196411766036546e-05
train: epoch 229, iter:20, loss: 0.1788, lr: 2.2196411766036546e-05
val epoch: 229, loss: 0.4699
train: epoch 230, iter:0, loss: 0.1513, lr: 2.1875631079612026e-05
train: epoch 230, iter:20, loss: 0.1698, lr: 2.1875631079612026e-05
val epoch: 230, loss: 0.4558
train: epoch 231, iter:0, loss: 0.1945, lr: 2.1558482853517307e-05
train: epoch 231, iter:20, loss: 0.1743, lr: 2.1558482853517307e-05
val epoch: 231, loss: 0.4682
train: epoch 232, iter:0, loss: 0.1621, lr: 2.124500186662937e-05
train: epoch 232, iter:20, loss: 0.1655, lr: 2.124500186662937e-05
val epoch: 232, loss: 0.4649
train: epoch 233, iter:0, loss: 0.1582, lr: 2.093522249567102e-05
train: epoch 233, iter:20, loss: 0.1704, lr: 2.093522249567102e-05
val epoch: 233, loss: 0.4604
train: epoch 234, iter:0, loss: 0.1667, lr: 2.062917871144115e-05
train: epoch 234, iter:20, loss: 0.1659, lr: 2.062917871144115e-05
val epoch: 234, loss: 0.4605
train: epoch 235, iter:0, loss: 0.1575, lr: 2.0326904075089536e-05
train: epoch 235, iter:20, loss: 0.1716, lr: 2.0326904075089536e-05
val epoch: 235, loss: 0.4673
train: epoch 236, iter:0, loss: 0.1604, lr: 2.0028431734436354e-05
train: epoch 236, iter:20, loss: 0.1695, lr: 2.0028431734436354e-05
val epoch: 236, loss: 0.4758
train: epoch 237, iter:0, loss: 0.1846, lr: 1.9733794420337255e-05
train: epoch 237, iter:20, loss: 0.1724, lr: 1.9733794420337255e-05
val epoch: 237, loss: 0.4889
train: epoch 238, iter:0, loss: 0.1584, lr: 1.9443024443093982e-05
train: epoch 238, iter:20, loss: 0.1700, lr: 1.9443024443093982e-05
val epoch: 238, loss: 0.4772
train: epoch 239, iter:0, loss: 0.1510, lr: 1.9156153688911208e-05
train: epoch 239, iter:20, loss: 0.1712, lr: 1.9156153688911208e-05
val epoch: 239, loss: 0.4764
train: epoch 240, iter:0, loss: 0.1544, lr: 1.8873213616399892e-05
train: epoch 240, iter:20, loss: 0.1659, lr: 1.8873213616399892e-05
val epoch: 240, loss: 0.4810, miou: 0.7134204841188186, f1_or_dsc: 0.832744198789847, accuracy: 0.9216070080747699, specificity: 0.9601739209135938, sensitivity: 0.8017331193829191
train: epoch 241, iter:0, loss: 0.1944, lr: 1.859423525312741e-05
train: epoch 241, iter:20, loss: 0.1738, lr: 1.859423525312741e-05
val epoch: 241, loss: 0.4973
train: epoch 242, iter:0, loss: 0.1562, lr: 1.8319249192215093e-05
train: epoch 242, iter:20, loss: 0.1634, lr: 1.8319249192215093e-05
val epoch: 242, loss: 0.4720
train: epoch 243, iter:0, loss: 0.1857, lr: 1.8048285588983354e-05
train: epoch 243, iter:20, loss: 0.1679, lr: 1.8048285588983354e-05
val epoch: 243, loss: 0.4751
train: epoch 244, iter:0, loss: 0.1762, lr: 1.7781374157644745e-05
train: epoch 244, iter:20, loss: 0.1643, lr: 1.7781374157644745e-05
val epoch: 244, loss: 0.4529
train: epoch 245, iter:0, loss: 0.1494, lr: 1.7518544168045555e-05
train: epoch 245, iter:20, loss: 0.1677, lr: 1.7518544168045555e-05
val epoch: 245, loss: 0.4557
train: epoch 246, iter:0, loss: 0.1687, lr: 1.7259824442455953e-05
train: epoch 246, iter:20, loss: 0.1671, lr: 1.7259824442455953e-05
val epoch: 246, loss: 0.4772
train: epoch 247, iter:0, loss: 0.1535, lr: 1.700524335240935e-05
train: epoch 247, iter:20, loss: 0.1701, lr: 1.700524335240935e-05
val epoch: 247, loss: 0.4857
train: epoch 248, iter:0, loss: 0.1354, lr: 1.675482881559116e-05
train: epoch 248, iter:20, loss: 0.1688, lr: 1.675482881559116e-05
val epoch: 248, loss: 0.4811
train: epoch 249, iter:0, loss: 0.1487, lr: 1.650860829277723e-05
train: epoch 249, iter:20, loss: 0.1669, lr: 1.650860829277723e-05
val epoch: 249, loss: 0.4738
train: epoch 250, iter:0, loss: 0.1787, lr: 1.6266608784822568e-05
train: epoch 250, iter:20, loss: 0.1681, lr: 1.6266608784822568e-05
val epoch: 250, loss: 0.4679
train: epoch 251, iter:0, loss: 0.1753, lr: 1.6028856829700293e-05
train: epoch 251, iter:20, loss: 0.1648, lr: 1.6028856829700293e-05
val epoch: 251, loss: 0.4782
train: epoch 252, iter:0, loss: 0.1555, lr: 1.5795378499591492e-05
train: epoch 252, iter:20, loss: 0.1640, lr: 1.5795378499591492e-05
val epoch: 252, loss: 0.4699
train: epoch 253, iter:0, loss: 0.1611, lr: 1.556619939802616e-05
train: epoch 253, iter:20, loss: 0.1601, lr: 1.556619939802616e-05
val epoch: 253, loss: 0.4880
train: epoch 254, iter:0, loss: 0.1739, lr: 1.5341344657075372e-05
train: epoch 254, iter:20, loss: 0.1674, lr: 1.5341344657075372e-05
val epoch: 254, loss: 0.4646
train: epoch 255, iter:0, loss: 0.1755, lr: 1.5120838934595356e-05
train: epoch 255, iter:20, loss: 0.1631, lr: 1.5120838934595356e-05
val epoch: 255, loss: 0.4838
train: epoch 256, iter:0, loss: 0.1777, lr: 1.4904706411523467e-05
train: epoch 256, iter:20, loss: 0.1595, lr: 1.4904706411523467e-05
val epoch: 256, loss: 0.4911
train: epoch 257, iter:0, loss: 0.1466, lr: 1.4692970789226446e-05
train: epoch 257, iter:20, loss: 0.1631, lr: 1.4692970789226446e-05
val epoch: 257, loss: 0.4756
train: epoch 258, iter:0, loss: 0.1713, lr: 1.4485655286901307e-05
train: epoch 258, iter:20, loss: 0.1595, lr: 1.4485655286901307e-05
val epoch: 258, loss: 0.4611
train: epoch 259, iter:0, loss: 0.1707, lr: 1.4282782639029144e-05
train: epoch 259, iter:20, loss: 0.1598, lr: 1.4282782639029144e-05
val epoch: 259, loss: 0.4607
train: epoch 260, iter:0, loss: 0.1454, lr: 1.4084375092881932e-05
train: epoch 260, iter:20, loss: 0.1606, lr: 1.4084375092881932e-05
val epoch: 260, loss: 0.4759
train: epoch 261, iter:0, loss: 0.1568, lr: 1.389045440608298e-05
train: epoch 261, iter:20, loss: 0.1615, lr: 1.389045440608298e-05
val epoch: 261, loss: 0.4851
train: epoch 262, iter:0, loss: 0.1647, lr: 1.3701041844220871e-05
train: epoch 262, iter:20, loss: 0.1678, lr: 1.3701041844220871e-05
val epoch: 262, loss: 0.4719
train: epoch 263, iter:0, loss: 0.1821, lr: 1.3516158178517484e-05
train: epoch 263, iter:20, loss: 0.1608, lr: 1.3516158178517484e-05
val epoch: 263, loss: 0.4708
train: epoch 264, iter:0, loss: 0.1388, lr: 1.3335823683550249e-05
train: epoch 264, iter:20, loss: 0.1628, lr: 1.3335823683550249e-05
val epoch: 264, loss: 0.4572
train: epoch 265, iter:0, loss: 0.1556, lr: 1.31600581350287e-05
train: epoch 265, iter:20, loss: 0.1593, lr: 1.31600581350287e-05
val epoch: 265, loss: 0.4655
train: epoch 266, iter:0, loss: 0.1476, lr: 1.2988880807625931e-05
train: epoch 266, iter:20, loss: 0.1601, lr: 1.2988880807625931e-05
val epoch: 266, loss: 0.4591
train: epoch 267, iter:0, loss: 0.1691, lr: 1.2822310472864893e-05
train: epoch 267, iter:20, loss: 0.1636, lr: 1.2822310472864893e-05
val epoch: 267, loss: 0.4723
train: epoch 268, iter:0, loss: 0.1597, lr: 1.2660365397059863e-05
train: epoch 268, iter:20, loss: 0.1567, lr: 1.2660365397059863e-05
val epoch: 268, loss: 0.4606
train: epoch 269, iter:0, loss: 0.2046, lr: 1.2503063339313363e-05
train: epoch 269, iter:20, loss: 0.1624, lr: 1.2503063339313363e-05
val epoch: 269, loss: 0.4671
train: epoch 270, iter:0, loss: 0.1853, lr: 1.2350421549568658e-05
train: epoch 270, iter:20, loss: 0.1632, lr: 1.2350421549568658e-05
val epoch: 270, loss: 0.4700, miou: 0.7130014413336415, f1_or_dsc: 0.8324586589705854, accuracy: 0.9202813818903253, specificity: 0.9545968490968225, sensitivity: 0.8136218596850746
train: epoch 271, iter:0, loss: 0.1825, lr: 1.2202456766718098e-05
train: epoch 271, iter:20, loss: 0.1602, lr: 1.2202456766718098e-05
val epoch: 271, loss: 0.4776
train: epoch 272, iter:0, loss: 0.1468, lr: 1.205918521676755e-05
train: epoch 272, iter:20, loss: 0.1562, lr: 1.205918521676755e-05
val epoch: 272, loss: 0.4687
train: epoch 273, iter:0, loss: 0.1555, lr: 1.192062261105698e-05
train: epoch 273, iter:20, loss: 0.1598, lr: 1.192062261105698e-05
val epoch: 273, loss: 0.4636
train: epoch 274, iter:0, loss: 0.1470, lr: 1.1786784144537568e-05
train: epoch 274, iter:20, loss: 0.1621, lr: 1.1786784144537568e-05
val epoch: 274, loss: 0.4673
train: epoch 275, iter:0, loss: 0.1581, lr: 1.165768449410539e-05
train: epoch 275, iter:20, loss: 0.1609, lr: 1.165768449410539e-05
val epoch: 275, loss: 0.4649
train: epoch 276, iter:0, loss: 0.1505, lr: 1.153333781699193e-05
train: epoch 276, iter:20, loss: 0.1565, lr: 1.153333781699193e-05
val epoch: 276, loss: 0.4821
train: epoch 277, iter:0, loss: 0.1689, lr: 1.1413757749211606e-05
train: epoch 277, iter:20, loss: 0.1601, lr: 1.1413757749211606e-05
val epoch: 277, loss: 0.4840
train: epoch 278, iter:0, loss: 0.1367, lr: 1.1298957404066385e-05
train: epoch 278, iter:20, loss: 0.1562, lr: 1.1298957404066385e-05
val epoch: 278, loss: 0.4809
train: epoch 279, iter:0, loss: 0.1342, lr: 1.118894937070779e-05
train: epoch 279, iter:20, loss: 0.1560, lr: 1.118894937070779e-05
val epoch: 279, loss: 0.4858
train: epoch 280, iter:0, loss: 0.1368, lr: 1.1083745712756373e-05
train: epoch 280, iter:20, loss: 0.1546, lr: 1.1083745712756373e-05
val epoch: 280, loss: 0.4835
train: epoch 281, iter:0, loss: 0.1859, lr: 1.0983357966978752e-05
train: epoch 281, iter:20, loss: 0.1584, lr: 1.0983357966978752e-05
val epoch: 281, loss: 0.4775
train: epoch 282, iter:0, loss: 0.1595, lr: 1.0887797142022524e-05
train: epoch 282, iter:20, loss: 0.1546, lr: 1.0887797142022524e-05
val epoch: 282, loss: 0.4773
train: epoch 283, iter:0, loss: 0.1643, lr: 1.0797073717209015e-05
train: epoch 283, iter:20, loss: 0.1574, lr: 1.0797073717209015e-05
val epoch: 283, loss: 0.4749
train: epoch 284, iter:0, loss: 0.1649, lr: 1.0711197641384117e-05
train: epoch 284, iter:20, loss: 0.1587, lr: 1.0711197641384117e-05
val epoch: 284, loss: 0.4774
train: epoch 285, iter:0, loss: 0.1374, lr: 1.0630178331827276e-05
train: epoch 285, iter:20, loss: 0.1513, lr: 1.0630178331827276e-05
val epoch: 285, loss: 0.4759
train: epoch 286, iter:0, loss: 0.1483, lr: 1.0554024673218807e-05
train: epoch 286, iter:20, loss: 0.1563, lr: 1.0554024673218807e-05
val epoch: 286, loss: 0.4768
train: epoch 287, iter:0, loss: 0.1283, lr: 1.0482745016665526e-05
train: epoch 287, iter:20, loss: 0.1607, lr: 1.0482745016665526e-05
val epoch: 287, loss: 0.4815
train: epoch 288, iter:0, loss: 0.1566, lr: 1.0416347178785039e-05
train: epoch 288, iter:20, loss: 0.1561, lr: 1.0416347178785039e-05
val epoch: 288, loss: 0.4772
train: epoch 289, iter:0, loss: 0.1549, lr: 1.0354838440848501e-05
train: epoch 289, iter:20, loss: 0.1581, lr: 1.0354838440848501e-05
val epoch: 289, loss: 0.4722
train: epoch 290, iter:0, loss: 0.1654, lr: 1.029822554798216e-05
train: epoch 290, iter:20, loss: 0.1574, lr: 1.029822554798216e-05
val epoch: 290, loss: 0.4820
train: epoch 291, iter:0, loss: 0.1664, lr: 1.0246514708427702e-05
train: epoch 291, iter:20, loss: 0.1575, lr: 1.0246514708427702e-05
val epoch: 291, loss: 0.4689
train: epoch 292, iter:0, loss: 0.1319, lr: 1.01997115928614e-05
train: epoch 292, iter:20, loss: 0.1557, lr: 1.01997115928614e-05
val epoch: 292, loss: 0.4768
train: epoch 293, iter:0, loss: 0.1568, lr: 1.0157821333772303e-05
train: epoch 293, iter:20, loss: 0.1511, lr: 1.0157821333772303e-05
val epoch: 293, loss: 0.4987
train: epoch 294, iter:0, loss: 0.1957, lr: 1.0120848524899386e-05
train: epoch 294, iter:20, loss: 0.1535, lr: 1.0120848524899386e-05
val epoch: 294, loss: 0.4776
train: epoch 295, iter:0, loss: 0.1349, lr: 1.0088797220727781e-05
train: epoch 295, iter:20, loss: 0.1560, lr: 1.0088797220727781e-05
val epoch: 295, loss: 0.4883
train: epoch 296, iter:0, loss: 0.1713, lr: 1.0061670936044179e-05
train: epoch 296, iter:20, loss: 0.1549, lr: 1.0061670936044179e-05
val epoch: 296, loss: 0.4862
train: epoch 297, iter:0, loss: 0.1911, lr: 1.0039472645551374e-05
train: epoch 297, iter:20, loss: 0.1561, lr: 1.0039472645551374e-05
val epoch: 297, loss: 0.4861
train: epoch 298, iter:0, loss: 0.1462, lr: 1.002220478354208e-05
train: epoch 298, iter:20, loss: 0.1571, lr: 1.002220478354208e-05
val epoch: 298, loss: 0.4892
train: epoch 299, iter:0, loss: 0.1368, lr: 1.0009869243631953e-05
train: epoch 299, iter:20, loss: 0.1578, lr: 1.0009869243631953e-05
val epoch: 299, loss: 0.4918
train: epoch 300, iter:0, loss: 0.1735, lr: 1.0002467378551954e-05
train: epoch 300, iter:20, loss: 0.1545, lr: 1.0002467378551954e-05
val epoch: 300, loss: 0.4884, miou: 0.7129809328063068, f1_or_dsc: 0.8324446806751774, accuracy: 0.9205371365688815, specificity: 0.955800837854968, sensitivity: 0.8109303080291687
#----------Testing----------#
test of best model, best_val_loss: 0.4266, miou: 0.7203085307097655, f1_or_dsc: 0.8374178443590934, accuracy: 0.91959547288347, specificity: 0.9417639453690225, sensitivity: 0.8506913058761911, confusion_matrix: [[37730357  2333140]
 [ 1924528 10965063]]
=== PTU TRAINING COMPLETE ===
