/root/miniconda3/lib/python3.10/site-packages/timm/models/layers/__init__.py:49: FutureWarning: Importing from timm.models.layers is deprecated, please import via timm.layers
  warnings.warn(f"Importing from {__name__} is deprecated, please import via timm.layers", FutureWarning)
train: epoch 1, iter:0, loss: 12.5855, lr: 0.0001
train: epoch 1, iter:20, loss: 2.2664, lr: 0.0001
val epoch: 1, loss: 0.9661
train: epoch 2, iter:0, loss: 1.0251, lr: 9.999753262144806e-05
train: epoch 2, iter:20, loss: 0.9647, lr: 9.999753262144806e-05
val epoch: 2, loss: 0.9816
train: epoch 3, iter:0, loss: 0.8711, lr: 9.999013075636806e-05
train: epoch 3, iter:20, loss: 0.8794, lr: 9.999013075636806e-05
val epoch: 3, loss: 0.7100
train: epoch 4, iter:0, loss: 0.8939, lr: 9.997779521645793e-05
train: epoch 4, iter:20, loss: 0.7183, lr: 9.997779521645793e-05
val epoch: 4, loss: 0.6197
train: epoch 5, iter:0, loss: 0.4872, lr: 9.996052735444864e-05
train: epoch 5, iter:20, loss: 0.6217, lr: 9.996052735444864e-05
val epoch: 5, loss: 0.6650
train: epoch 6, iter:0, loss: 0.5976, lr: 9.993832906395583e-05
train: epoch 6, iter:20, loss: 0.5624, lr: 9.993832906395583e-05
val epoch: 6, loss: 0.5571
train: epoch 7, iter:0, loss: 0.5870, lr: 9.991120277927223e-05
train: epoch 7, iter:20, loss: 0.5649, lr: 9.991120277927223e-05
val epoch: 7, loss: 0.6814
train: epoch 8, iter:0, loss: 0.5113, lr: 9.987915147510061e-05
train: epoch 8, iter:20, loss: 0.5255, lr: 9.987915147510061e-05
val epoch: 8, loss: 0.5455
train: epoch 9, iter:0, loss: 0.5348, lr: 9.98421786662277e-05
train: epoch 9, iter:20, loss: 0.5213, lr: 9.98421786662277e-05
val epoch: 9, loss: 0.5454
train: epoch 10, iter:0, loss: 0.4907, lr: 9.98002884071386e-05
train: epoch 10, iter:20, loss: 0.5255, lr: 9.98002884071386e-05
val epoch: 10, loss: 0.7130
train: epoch 11, iter:0, loss: 0.5861, lr: 9.97534852915723e-05
train: epoch 11, iter:20, loss: 0.5250, lr: 9.97534852915723e-05
val epoch: 11, loss: 0.5561
train: epoch 12, iter:0, loss: 0.4430, lr: 9.970177445201784e-05
train: epoch 12, iter:20, loss: 0.5082, lr: 9.970177445201784e-05
val epoch: 12, loss: 0.5941
train: epoch 13, iter:0, loss: 0.4591, lr: 9.964516155915151e-05
train: epoch 13, iter:20, loss: 0.4699, lr: 9.964516155915151e-05
val epoch: 13, loss: 0.5958
train: epoch 14, iter:0, loss: 0.5138, lr: 9.958365282121496e-05
train: epoch 14, iter:20, loss: 0.4613, lr: 9.958365282121496e-05
val epoch: 14, loss: 0.6106
train: epoch 15, iter:0, loss: 0.4254, lr: 9.951725498333447e-05
train: epoch 15, iter:20, loss: 0.4686, lr: 9.951725498333447e-05
val epoch: 15, loss: 0.6131
train: epoch 16, iter:0, loss: 0.5942, lr: 9.944597532678119e-05
train: epoch 16, iter:20, loss: 0.4395, lr: 9.944597532678119e-05
val epoch: 16, loss: 0.5798
train: epoch 17, iter:0, loss: 0.4540, lr: 9.936982166817271e-05
train: epoch 17, iter:20, loss: 0.4275, lr: 9.936982166817271e-05
val epoch: 17, loss: 0.6359
train: epoch 18, iter:0, loss: 0.4972, lr: 9.928880235861587e-05
train: epoch 18, iter:20, loss: 0.4497, lr: 9.928880235861587e-05
val epoch: 18, loss: 0.5636
train: epoch 19, iter:0, loss: 0.4486, lr: 9.920292628279099e-05
train: epoch 19, iter:20, loss: 0.4376, lr: 9.920292628279099e-05
val epoch: 19, loss: 0.6490
train: epoch 20, iter:0, loss: 0.5096, lr: 9.911220285797748e-05
train: epoch 20, iter:20, loss: 0.4197, lr: 9.911220285797748e-05
val epoch: 20, loss: 0.5592
train: epoch 21, iter:0, loss: 0.3599, lr: 9.901664203302125e-05
train: epoch 21, iter:20, loss: 0.4204, lr: 9.901664203302125e-05
val epoch: 21, loss: 0.5488
train: epoch 22, iter:0, loss: 0.3523, lr: 9.891625428724362e-05
train: epoch 22, iter:20, loss: 0.4280, lr: 9.891625428724362e-05
val epoch: 22, loss: 0.5004
train: epoch 23, iter:0, loss: 0.3802, lr: 9.88110506292922e-05
train: epoch 23, iter:20, loss: 0.4061, lr: 9.88110506292922e-05
val epoch: 23, loss: 0.6233
train: epoch 24, iter:0, loss: 0.4058, lr: 9.87010425959336e-05
train: epoch 24, iter:20, loss: 0.3967, lr: 9.87010425959336e-05
val epoch: 24, loss: 0.5295
train: epoch 25, iter:0, loss: 0.4461, lr: 9.858624225078838e-05
train: epoch 25, iter:20, loss: 0.3956, lr: 9.858624225078838e-05
val epoch: 25, loss: 0.4967
train: epoch 26, iter:0, loss: 0.2834, lr: 9.846666218300805e-05
train: epoch 26, iter:20, loss: 0.3918, lr: 9.846666218300805e-05
val epoch: 26, loss: 0.5269
train: epoch 27, iter:0, loss: 0.2988, lr: 9.83423155058946e-05
train: epoch 27, iter:20, loss: 0.3833, lr: 9.83423155058946e-05
val epoch: 27, loss: 0.5056
train: epoch 28, iter:0, loss: 0.3573, lr: 9.821321585546243e-05
train: epoch 28, iter:20, loss: 0.4115, lr: 9.821321585546243e-05
val epoch: 28, loss: 0.5750
train: epoch 29, iter:0, loss: 0.3976, lr: 9.8079377388943e-05
train: epoch 29, iter:20, loss: 0.3755, lr: 9.8079377388943e-05
val epoch: 29, loss: 0.5529
train: epoch 30, iter:0, loss: 0.4161, lr: 9.794081478323245e-05
train: epoch 30, iter:20, loss: 0.3796, lr: 9.794081478323245e-05
val epoch: 30, loss: 0.5705, miou: 0.6267608104043687, f1_or_dsc: 0.7705629572531599, accuracy: 0.9027446142517694, specificity: 0.9773245206228502, sensitivity: 0.6709349427766947
train: epoch 31, iter:0, loss: 0.4208, lr: 9.779754323328191e-05
train: epoch 31, iter:20, loss: 0.3800, lr: 9.779754323328191e-05
val epoch: 31, loss: 0.5306
train: epoch 32, iter:0, loss: 0.4464, lr: 9.764957845043135e-05
train: epoch 32, iter:20, loss: 0.3709, lr: 9.764957845043135e-05
val epoch: 32, loss: 0.5117
train: epoch 33, iter:0, loss: 0.4463, lr: 9.749693666068665e-05
train: epoch 33, iter:20, loss: 0.3757, lr: 9.749693666068665e-05
val epoch: 33, loss: 0.5181
train: epoch 34, iter:0, loss: 0.2940, lr: 9.733963460294014e-05
train: epoch 34, iter:20, loss: 0.3712, lr: 9.733963460294014e-05
val epoch: 34, loss: 0.5394
train: epoch 35, iter:0, loss: 0.3309, lr: 9.71776895271351e-05
train: epoch 35, iter:20, loss: 0.3778, lr: 9.71776895271351e-05
val epoch: 35, loss: 0.5116
train: epoch 36, iter:0, loss: 0.3625, lr: 9.701111919237405e-05
train: epoch 36, iter:20, loss: 0.3649, lr: 9.701111919237405e-05
val epoch: 36, loss: 0.5228
train: epoch 37, iter:0, loss: 0.4526, lr: 9.68399418649713e-05
train: epoch 37, iter:20, loss: 0.3638, lr: 9.68399418649713e-05
val epoch: 37, loss: 0.6068
train: epoch 38, iter:0, loss: 0.5301, lr: 9.666417631644976e-05
train: epoch 38, iter:20, loss: 0.3582, lr: 9.666417631644976e-05
val epoch: 38, loss: 0.5043
train: epoch 39, iter:0, loss: 0.3658, lr: 9.648384182148252e-05
train: epoch 39, iter:20, loss: 0.3619, lr: 9.648384182148252e-05
val epoch: 39, loss: 0.5114
train: epoch 40, iter:0, loss: 0.3233, lr: 9.629895815577914e-05
train: epoch 40, iter:20, loss: 0.3612, lr: 9.629895815577914e-05
val epoch: 40, loss: 0.5000
train: epoch 41, iter:0, loss: 0.3418, lr: 9.610954559391703e-05
train: epoch 41, iter:20, loss: 0.3453, lr: 9.610954559391703e-05
val epoch: 41, loss: 0.5058
train: epoch 42, iter:0, loss: 0.2854, lr: 9.591562490711808e-05
train: epoch 42, iter:20, loss: 0.3597, lr: 9.591562490711808e-05
val epoch: 42, loss: 0.5271
train: epoch 43, iter:0, loss: 0.3262, lr: 9.571721736097088e-05
train: epoch 43, iter:20, loss: 0.3407, lr: 9.571721736097088e-05
val epoch: 43, loss: 0.5214
train: epoch 44, iter:0, loss: 0.3252, lr: 9.55143447130987e-05
train: epoch 44, iter:20, loss: 0.3504, lr: 9.55143447130987e-05
val epoch: 44, loss: 0.4874
train: epoch 45, iter:0, loss: 0.3371, lr: 9.530702921077357e-05
train: epoch 45, iter:20, loss: 0.3630, lr: 9.530702921077357e-05
val epoch: 45, loss: 0.4963
train: epoch 46, iter:0, loss: 0.4139, lr: 9.509529358847654e-05
train: epoch 46, iter:20, loss: 0.3416, lr: 9.509529358847654e-05
val epoch: 46, loss: 0.4888
train: epoch 47, iter:0, loss: 0.3301, lr: 9.487916106540465e-05
train: epoch 47, iter:20, loss: 0.3468, lr: 9.487916106540465e-05
val epoch: 47, loss: 0.4984
train: epoch 48, iter:0, loss: 0.4100, lr: 9.465865534292464e-05
train: epoch 48, iter:20, loss: 0.3440, lr: 9.465865534292464e-05
val epoch: 48, loss: 0.5098
train: epoch 49, iter:0, loss: 0.3504, lr: 9.443380060197386e-05
train: epoch 49, iter:20, loss: 0.3345, lr: 9.443380060197386e-05
val epoch: 49, loss: 0.5021
train: epoch 50, iter:0, loss: 0.3227, lr: 9.420462150040853e-05
train: epoch 50, iter:20, loss: 0.3477, lr: 9.420462150040853e-05
val epoch: 50, loss: 0.4904
train: epoch 51, iter:0, loss: 0.3557, lr: 9.397114317029975e-05
train: epoch 51, iter:20, loss: 0.3292, lr: 9.397114317029975e-05
val epoch: 51, loss: 0.4899
train: epoch 52, iter:0, loss: 0.3017, lr: 9.373339121517747e-05
train: epoch 52, iter:20, loss: 0.3285, lr: 9.373339121517747e-05
val epoch: 52, loss: 0.4666
train: epoch 53, iter:0, loss: 0.2959, lr: 9.349139170722281e-05
train: epoch 53, iter:20, loss: 0.3247, lr: 9.349139170722281e-05
val epoch: 53, loss: 0.4582
train: epoch 54, iter:0, loss: 0.3257, lr: 9.32451711844089e-05
train: epoch 54, iter:20, loss: 0.3279, lr: 9.32451711844089e-05
val epoch: 54, loss: 0.4981
train: epoch 55, iter:0, loss: 0.3152, lr: 9.29947566475907e-05
train: epoch 55, iter:20, loss: 0.3307, lr: 9.29947566475907e-05
val epoch: 55, loss: 0.4815
train: epoch 56, iter:0, loss: 0.2790, lr: 9.274017555754411e-05
train: epoch 56, iter:20, loss: 0.3190, lr: 9.274017555754411e-05
val epoch: 56, loss: 0.4789
train: epoch 57, iter:0, loss: 0.3501, lr: 9.248145583195451e-05
train: epoch 57, iter:20, loss: 0.3281, lr: 9.248145583195451e-05
val epoch: 57, loss: 0.4769
train: epoch 58, iter:0, loss: 0.2579, lr: 9.22186258423553e-05
train: epoch 58, iter:20, loss: 0.3191, lr: 9.22186258423553e-05
val epoch: 58, loss: 0.4696
train: epoch 59, iter:0, loss: 0.2217, lr: 9.195171441101671e-05
train: epoch 59, iter:20, loss: 0.3108, lr: 9.195171441101671e-05
val epoch: 59, loss: 0.5190
train: epoch 60, iter:0, loss: 0.3187, lr: 9.168075080778497e-05
train: epoch 60, iter:20, loss: 0.3089, lr: 9.168075080778497e-05
val epoch: 60, loss: 0.4867, miou: 0.6892094419186683, f1_or_dsc: 0.8160141955349693, accuracy: 0.9145727252015973, specificity: 0.9584242234271262, sensitivity: 0.7782732594075328
train: epoch 61, iter:0, loss: 0.3390, lr: 9.140576474687266e-05
train: epoch 61, iter:20, loss: 0.3116, lr: 9.140576474687266e-05
val epoch: 61, loss: 0.4811
train: epoch 62, iter:0, loss: 0.4154, lr: 9.112678638360019e-05
train: epoch 62, iter:20, loss: 0.3184, lr: 9.112678638360019e-05
val epoch: 62, loss: 0.5019
train: epoch 63, iter:0, loss: 0.3362, lr: 9.084384631108886e-05
train: epoch 63, iter:20, loss: 0.3152, lr: 9.084384631108886e-05
val epoch: 63, loss: 0.4592
train: epoch 64, iter:0, loss: 0.3430, lr: 9.055697555690608e-05
train: epoch 64, iter:20, loss: 0.3185, lr: 9.055697555690608e-05
val epoch: 64, loss: 0.4699
train: epoch 65, iter:0, loss: 0.3070, lr: 9.026620557966282e-05
train: epoch 65, iter:20, loss: 0.3198, lr: 9.026620557966282e-05
val epoch: 65, loss: 0.4645
train: epoch 66, iter:0, loss: 0.3469, lr: 8.997156826556372e-05
train: epoch 66, iter:20, loss: 0.3083, lr: 8.997156826556372e-05
val epoch: 66, loss: 0.4794
train: epoch 67, iter:0, loss: 0.2514, lr: 8.967309592491055e-05
train: epoch 67, iter:20, loss: 0.3081, lr: 8.967309592491055e-05
val epoch: 67, loss: 0.5232
train: epoch 68, iter:0, loss: 0.3507, lr: 8.937082128855894e-05
train: epoch 68, iter:20, loss: 0.3164, lr: 8.937082128855894e-05
val epoch: 68, loss: 0.4718
train: epoch 69, iter:0, loss: 0.2628, lr: 8.906477750432907e-05
train: epoch 69, iter:20, loss: 0.3004, lr: 8.906477750432907e-05
val epoch: 69, loss: 0.4791
train: epoch 70, iter:0, loss: 0.2696, lr: 8.875499813337071e-05
train: epoch 70, iter:20, loss: 0.3071, lr: 8.875499813337071e-05
val epoch: 70, loss: 0.4691
train: epoch 71, iter:0, loss: 0.2033, lr: 8.844151714648278e-05
train: epoch 71, iter:20, loss: 0.3004, lr: 8.844151714648278e-05
val epoch: 71, loss: 0.4678
train: epoch 72, iter:0, loss: 0.3752, lr: 8.812436892038808e-05
train: epoch 72, iter:20, loss: 0.2963, lr: 8.812436892038808e-05
val epoch: 72, loss: 0.5121
train: epoch 73, iter:0, loss: 0.3522, lr: 8.780358823396356e-05
train: epoch 73, iter:20, loss: 0.2987, lr: 8.780358823396356e-05
val epoch: 73, loss: 0.4637
train: epoch 74, iter:0, loss: 0.3529, lr: 8.747921026442633e-05
train: epoch 74, iter:20, loss: 0.2852, lr: 8.747921026442633e-05
val epoch: 74, loss: 0.4863
train: epoch 75, iter:0, loss: 0.4173, lr: 8.715127058347619e-05
train: epoch 75, iter:20, loss: 0.3083, lr: 8.715127058347619e-05
val epoch: 75, loss: 0.4706
train: epoch 76, iter:0, loss: 0.3060, lr: 8.681980515339468e-05
train: epoch 76, iter:20, loss: 0.2808, lr: 8.681980515339468e-05
val epoch: 76, loss: 0.4566
train: epoch 77, iter:0, loss: 0.3208, lr: 8.648485032310149e-05
train: epoch 77, iter:20, loss: 0.2834, lr: 8.648485032310149e-05
val epoch: 77, loss: 0.4623
train: epoch 78, iter:0, loss: 0.3448, lr: 8.614644282416834e-05
train: epoch 78, iter:20, loss: 0.3035, lr: 8.614644282416834e-05
val epoch: 78, loss: 0.4391
train: epoch 79, iter:0, loss: 0.2572, lr: 8.580461976679102e-05
train: epoch 79, iter:20, loss: 0.3038, lr: 8.580461976679102e-05
val epoch: 79, loss: 0.5341
train: epoch 80, iter:0, loss: 0.3289, lr: 8.545941863571975e-05
train: epoch 80, iter:20, loss: 0.2877, lr: 8.545941863571975e-05
val epoch: 80, loss: 0.4623
train: epoch 81, iter:0, loss: 0.2797, lr: 8.511087728614864e-05
train: epoch 81, iter:20, loss: 0.2856, lr: 8.511087728614864e-05
val epoch: 81, loss: 0.4683
train: epoch 82, iter:0, loss: 0.2386, lr: 8.475903393956435e-05
train: epoch 82, iter:20, loss: 0.2763, lr: 8.475903393956435e-05
val epoch: 82, loss: 0.4804
train: epoch 83, iter:0, loss: 0.2825, lr: 8.440392717955477e-05
train: epoch 83, iter:20, loss: 0.2835, lr: 8.440392717955477e-05
val epoch: 83, loss: 0.4644
train: epoch 84, iter:0, loss: 0.3523, lr: 8.40455959475778e-05
train: epoch 84, iter:20, loss: 0.2902, lr: 8.40455959475778e-05
val epoch: 84, loss: 0.4523
train: epoch 85, iter:0, loss: 0.2549, lr: 8.368407953869106e-05
train: epoch 85, iter:20, loss: 0.2835, lr: 8.368407953869106e-05
val epoch: 85, loss: 0.4710
train: epoch 86, iter:0, loss: 0.2239, lr: 8.331941759724271e-05
train: epoch 86, iter:20, loss: 0.2837, lr: 8.331941759724271e-05
val epoch: 86, loss: 0.4951
train: epoch 87, iter:0, loss: 0.2550, lr: 8.2951650112524e-05
train: epoch 87, iter:20, loss: 0.2957, lr: 8.2951650112524e-05
val epoch: 87, loss: 0.5048
train: epoch 88, iter:0, loss: 0.2935, lr: 8.258081741438397e-05
train: epoch 88, iter:20, loss: 0.2863, lr: 8.258081741438397e-05
val epoch: 88, loss: 0.4655
train: epoch 89, iter:0, loss: 0.2591, lr: 8.22069601688069e-05
train: epoch 89, iter:20, loss: 0.2772, lr: 8.22069601688069e-05
val epoch: 89, loss: 0.4510
train: epoch 90, iter:0, loss: 0.2851, lr: 8.183011937345273e-05
train: epoch 90, iter:20, loss: 0.2674, lr: 8.183011937345273e-05
val epoch: 90, loss: 0.4615, miou: 0.693249304593998, f1_or_dsc: 0.8188390247237965, accuracy: 0.9131430068818649, specificity: 0.9474791728740005, sensitivity: 0.8064191485982759
train: epoch 91, iter:0, loss: 0.2385, lr: 8.145033635316131e-05
train: epoch 91, iter:20, loss: 0.2687, lr: 8.145033635316131e-05
val epoch: 91, loss: 0.4544
train: epoch 92, iter:0, loss: 0.2706, lr: 8.106765275542056e-05
train: epoch 92, iter:20, loss: 0.2684, lr: 8.106765275542056e-05
val epoch: 92, loss: 0.4540
train: epoch 93, iter:0, loss: 0.2859, lr: 8.068211054579945e-05
train: epoch 93, iter:20, loss: 0.2694, lr: 8.068211054579945e-05
val epoch: 93, loss: 0.4705
train: epoch 94, iter:0, loss: 0.2739, lr: 8.02937520033459e-05
train: epoch 94, iter:20, loss: 0.2707, lr: 8.02937520033459e-05
val epoch: 94, loss: 0.4973
train: epoch 95, iter:0, loss: 0.3230, lr: 7.99026197159505e-05
train: epoch 95, iter:20, loss: 0.2787, lr: 7.99026197159505e-05
val epoch: 95, loss: 0.5157
train: epoch 96, iter:0, loss: 0.2700, lr: 7.950875657567623e-05
train: epoch 96, iter:20, loss: 0.2890, lr: 7.950875657567623e-05
val epoch: 96, loss: 0.4565
train: epoch 97, iter:0, loss: 0.3113, lr: 7.911220577405486e-05
train: epoch 97, iter:20, loss: 0.2783, lr: 7.911220577405486e-05
val epoch: 97, loss: 0.4833
train: epoch 98, iter:0, loss: 0.3074, lr: 7.871301079735051e-05
train: epoch 98, iter:20, loss: 0.2637, lr: 7.871301079735051e-05
val epoch: 98, loss: 0.4919
train: epoch 99, iter:0, loss: 0.3234, lr: 7.831121542179088e-05
train: epoch 99, iter:20, loss: 0.2818, lr: 7.831121542179088e-05
val epoch: 99, loss: 0.4784
train: epoch 100, iter:0, loss: 0.2449, lr: 7.790686370876673e-05
train: epoch 100, iter:20, loss: 0.2710, lr: 7.790686370876673e-05
val epoch: 100, loss: 0.4626
train: epoch 101, iter:0, loss: 0.3299, lr: 7.750000000000003e-05
train: epoch 101, iter:20, loss: 0.2678, lr: 7.750000000000003e-05
val epoch: 101, loss: 0.4469
train: epoch 102, iter:0, loss: 0.2566, lr: 7.709066891268137e-05
train: epoch 102, iter:20, loss: 0.2642, lr: 7.709066891268137e-05
val epoch: 102, loss: 0.4537
train: epoch 103, iter:0, loss: 0.2565, lr: 7.667891533457722e-05
train: epoch 103, iter:20, loss: 0.2621, lr: 7.667891533457722e-05
val epoch: 103, loss: 0.4515
train: epoch 104, iter:0, loss: 0.3129, lr: 7.626478441910747e-05
train: epoch 104, iter:20, loss: 0.2768, lr: 7.626478441910747e-05
val epoch: 104, loss: 0.4632
train: epoch 105, iter:0, loss: 0.2296, lr: 7.584832158039382e-05
train: epoch 105, iter:20, loss: 0.2703, lr: 7.584832158039382e-05
val epoch: 105, loss: 0.4924
train: epoch 106, iter:0, loss: 0.2854, lr: 7.542957248827964e-05
train: epoch 106, iter:20, loss: 0.2591, lr: 7.542957248827964e-05
val epoch: 106, loss: 0.4826
train: epoch 107, iter:0, loss: 0.2397, lr: 7.500858306332177e-05
train: epoch 107, iter:20, loss: 0.2553, lr: 7.500858306332177e-05
val epoch: 107, loss: 0.4606
train: epoch 108, iter:0, loss: 0.2339, lr: 7.458539947175478e-05
train: epoch 108, iter:20, loss: 0.2547, lr: 7.458539947175478e-05
val epoch: 108, loss: 0.4697
train: epoch 109, iter:0, loss: 0.2576, lr: 7.41600681204283e-05
train: epoch 109, iter:20, loss: 0.2492, lr: 7.41600681204283e-05
val epoch: 109, loss: 0.4352
train: epoch 110, iter:0, loss: 0.2952, lr: 7.373263565171809e-05
train: epoch 110, iter:20, loss: 0.2530, lr: 7.373263565171809e-05
val epoch: 110, loss: 0.4509
train: epoch 111, iter:0, loss: 0.2356, lr: 7.330314893841104e-05
train: epoch 111, iter:20, loss: 0.2558, lr: 7.330314893841104e-05
val epoch: 111, loss: 0.4452
train: epoch 112, iter:0, loss: 0.2124, lr: 7.287165507856516e-05
train: epoch 112, iter:20, loss: 0.2472, lr: 7.287165507856516e-05
val epoch: 112, loss: 0.4569
train: epoch 113, iter:0, loss: 0.2936, lr: 7.243820139034467e-05
train: epoch 113, iter:20, loss: 0.2575, lr: 7.243820139034467e-05
val epoch: 113, loss: 0.4901
train: epoch 114, iter:0, loss: 0.2933, lr: 7.200283540683105e-05
train: epoch 114, iter:20, loss: 0.2603, lr: 7.200283540683105e-05
val epoch: 114, loss: 0.5097
train: epoch 115, iter:0, loss: 0.2016, lr: 7.156560487081054e-05
train: epoch 115, iter:20, loss: 0.2412, lr: 7.156560487081054e-05
val epoch: 115, loss: 0.4536
train: epoch 116, iter:0, loss: 0.2399, lr: 7.112655772953852e-05
train: epoch 116, iter:20, loss: 0.2449, lr: 7.112655772953852e-05
val epoch: 116, loss: 0.4436
train: epoch 117, iter:0, loss: 0.2127, lr: 7.06857421294817e-05
train: epoch 117, iter:20, loss: 0.2351, lr: 7.06857421294817e-05
val epoch: 117, loss: 0.4607
train: epoch 118, iter:0, loss: 0.2580, lr: 7.024320641103815e-05
train: epoch 118, iter:20, loss: 0.2445, lr: 7.024320641103815e-05
val epoch: 118, loss: 0.4592
train: epoch 119, iter:0, loss: 0.2150, lr: 6.979899910323627e-05
train: epoch 119, iter:20, loss: 0.2457, lr: 6.979899910323627e-05
val epoch: 119, loss: 0.5132
train: epoch 120, iter:0, loss: 0.1946, lr: 6.935316891841318e-05
train: epoch 120, iter:20, loss: 0.2474, lr: 6.935316891841318e-05
val epoch: 120, loss: 0.5023, miou: 0.6973739393418186, f1_or_dsc: 0.8217092570800698, accuracy: 0.9202553966257832, specificity: 0.9734419339380185, sensitivity: 0.7549407114624506
train: epoch 121, iter:0, loss: 0.2108, lr: 6.890576474687267e-05
train: epoch 121, iter:20, loss: 0.2484, lr: 6.890576474687267e-05
val epoch: 121, loss: 0.4868
train: epoch 122, iter:0, loss: 0.2361, lr: 6.845683565152394e-05
train: epoch 122, iter:20, loss: 0.2423, lr: 6.845683565152394e-05
val epoch: 122, loss: 0.4802
train: epoch 123, iter:0, loss: 0.2089, lr: 6.800643086250126e-05
train: epoch 123, iter:20, loss: 0.2327, lr: 6.800643086250126e-05
val epoch: 123, loss: 0.4605
train: epoch 124, iter:0, loss: 0.2177, lr: 6.755459977176537e-05
train: epoch 124, iter:20, loss: 0.2451, lr: 6.755459977176537e-05
val epoch: 124, loss: 0.4546
train: epoch 125, iter:0, loss: 0.2396, lr: 6.710139192768701e-05
train: epoch 125, iter:20, loss: 0.2327, lr: 6.710139192768701e-05
val epoch: 125, loss: 0.4654
train: epoch 126, iter:0, loss: 0.2246, lr: 6.66468570296135e-05
train: epoch 126, iter:20, loss: 0.2395, lr: 6.66468570296135e-05
val epoch: 126, loss: 0.4395
train: epoch 127, iter:0, loss: 0.2159, lr: 6.619104492241852e-05
train: epoch 127, iter:20, loss: 0.2359, lr: 6.619104492241852e-05
val epoch: 127, loss: 0.4696
train: epoch 128, iter:0, loss: 0.2338, lr: 6.57340055910362e-05
train: epoch 128, iter:20, loss: 0.2427, lr: 6.57340055910362e-05
val epoch: 128, loss: 0.4606
train: epoch 129, iter:0, loss: 0.2468, lr: 6.527578915497956e-05
train: epoch 129, iter:20, loss: 0.2353, lr: 6.527578915497956e-05
val epoch: 129, loss: 0.4511
train: epoch 130, iter:0, loss: 0.2199, lr: 6.481644586284449e-05
train: epoch 130, iter:20, loss: 0.2393, lr: 6.481644586284449e-05
val epoch: 130, loss: 0.4603
train: epoch 131, iter:0, loss: 0.2065, lr: 6.435602608679923e-05
train: epoch 131, iter:20, loss: 0.2336, lr: 6.435602608679923e-05
val epoch: 131, loss: 0.4768
train: epoch 132, iter:0, loss: 0.1674, lr: 6.389458031706073e-05
train: epoch 132, iter:20, loss: 0.2378, lr: 6.389458031706073e-05
val epoch: 132, loss: 0.4894
train: epoch 133, iter:0, loss: 0.2308, lr: 6.343215915635769e-05
train: epoch 133, iter:20, loss: 0.2290, lr: 6.343215915635769e-05
val epoch: 133, loss: 0.4990
train: epoch 134, iter:0, loss: 0.2515, lr: 6.296881331438133e-05
train: epoch 134, iter:20, loss: 0.2326, lr: 6.296881331438133e-05
val epoch: 134, loss: 0.5022
train: epoch 135, iter:0, loss: 0.2421, lr: 6.250459360222469e-05
train: epoch 135, iter:20, loss: 0.2321, lr: 6.250459360222469e-05
val epoch: 135, loss: 0.4768
train: epoch 136, iter:0, loss: 0.2341, lr: 6.203955092681049e-05
train: epoch 136, iter:20, loss: 0.2281, lr: 6.203955092681049e-05
val epoch: 136, loss: 0.5067
train: epoch 137, iter:0, loss: 0.1928, lr: 6.157373628530863e-05
train: epoch 137, iter:20, loss: 0.2307, lr: 6.157373628530863e-05
val epoch: 137, loss: 0.4559
train: epoch 138, iter:0, loss: 0.2266, lr: 6.11072007595438e-05
train: epoch 138, iter:20, loss: 0.2277, lr: 6.11072007595438e-05
val epoch: 138, loss: 0.4704
train: epoch 139, iter:0, loss: 0.2000, lr: 6.06399955103938e-05
train: epoch 139, iter:20, loss: 0.2220, lr: 6.06399955103938e-05
val epoch: 139, loss: 0.4403
train: epoch 140, iter:0, loss: 0.2095, lr: 6.017217177217911e-05
train: epoch 140, iter:20, loss: 0.2293, lr: 6.017217177217911e-05
val epoch: 140, loss: 0.4777
train: epoch 141, iter:0, loss: 0.2194, lr: 5.970378084704452e-05
train: epoch 141, iter:20, loss: 0.2216, lr: 5.970378084704452e-05
val epoch: 141, loss: 0.4593
train: epoch 142, iter:0, loss: 0.2305, lr: 5.923487409933326e-05
train: epoch 142, iter:20, loss: 0.2250, lr: 5.923487409933326e-05
val epoch: 142, loss: 0.5104
train: epoch 143, iter:0, loss: 0.2021, lr: 5.8765502949954305e-05
train: epoch 143, iter:20, loss: 0.2227, lr: 5.8765502949954305e-05
val epoch: 143, loss: 0.4565
train: epoch 144, iter:0, loss: 0.2979, lr: 5.8295718870743535e-05
train: epoch 144, iter:20, loss: 0.2314, lr: 5.8295718870743535e-05
val epoch: 144, loss: 0.4811
train: epoch 145, iter:0, loss: 0.2556, lr: 5.782557337881921e-05
train: epoch 145, iter:20, loss: 0.2177, lr: 5.782557337881921e-05
val epoch: 145, loss: 0.4863
train: epoch 146, iter:0, loss: 0.2528, lr: 5.7355118030932584e-05
train: epoch 146, iter:20, loss: 0.2250, lr: 5.7355118030932584e-05
val epoch: 146, loss: 0.4999
train: epoch 147, iter:0, loss: 0.2407, lr: 5.68844044178141e-05
train: epoch 147, iter:20, loss: 0.2159, lr: 5.68844044178141e-05
val epoch: 147, loss: 0.4423
train: epoch 148, iter:0, loss: 0.1720, lr: 5.641348415851587e-05
train: epoch 148, iter:20, loss: 0.2200, lr: 5.641348415851587e-05
val epoch: 148, loss: 0.5032
train: epoch 149, iter:0, loss: 0.2571, lr: 5.594240889475117e-05
train: epoch 149, iter:20, loss: 0.2135, lr: 5.594240889475117e-05
val epoch: 149, loss: 0.4660
train: epoch 150, iter:0, loss: 0.1871, lr: 5.547123028523116e-05
train: epoch 150, iter:20, loss: 0.2162, lr: 5.547123028523116e-05
val epoch: 150, loss: 0.4780, miou: 0.7195343443377012, f1_or_dsc: 0.8368944147083475, accuracy: 0.9214756842887047, specificity: 0.9516735146709734, sensitivity: 0.8276146233034082
train: epoch 151, iter:0, loss: 0.2045, lr: 5.5000000000000104e-05
train: epoch 151, iter:20, loss: 0.2178, lr: 5.5000000000000104e-05
val epoch: 151, loss: 0.4668
train: epoch 152, iter:0, loss: 0.2531, lr: 5.4528769714769045e-05
train: epoch 152, iter:20, loss: 0.2071, lr: 5.4528769714769045e-05
val epoch: 152, loss: 0.4489
train: epoch 153, iter:0, loss: 0.1510, lr: 5.405759110524905e-05
train: epoch 153, iter:20, loss: 0.2145, lr: 5.405759110524905e-05
val epoch: 153, loss: 0.4571
train: epoch 154, iter:0, loss: 0.1908, lr: 5.3586515841484326e-05
train: epoch 154, iter:20, loss: 0.2058, lr: 5.3586515841484326e-05
val epoch: 154, loss: 0.4651
train: epoch 155, iter:0, loss: 0.2277, lr: 5.311559558218611e-05
train: epoch 155, iter:20, loss: 0.2172, lr: 5.311559558218611e-05
val epoch: 155, loss: 0.4561
train: epoch 156, iter:0, loss: 0.2173, lr: 5.264488196906762e-05
train: epoch 156, iter:20, loss: 0.2059, lr: 5.264488196906762e-05
val epoch: 156, loss: 0.4526
train: epoch 157, iter:0, loss: 0.1966, lr: 5.2174426621181e-05
train: epoch 157, iter:20, loss: 0.2116, lr: 5.2174426621181e-05
val epoch: 157, loss: 0.4601
train: epoch 158, iter:0, loss: 0.2741, lr: 5.170428112925667e-05
train: epoch 158, iter:20, loss: 0.2117, lr: 5.170428112925667e-05
val epoch: 158, loss: 0.4773
train: epoch 159, iter:0, loss: 0.2061, lr: 5.123449705004589e-05
train: epoch 159, iter:20, loss: 0.2053, lr: 5.123449705004589e-05
val epoch: 159, loss: 0.4532
train: epoch 160, iter:0, loss: 0.2221, lr: 5.076512590066694e-05
train: epoch 160, iter:20, loss: 0.2022, lr: 5.076512590066694e-05
val epoch: 160, loss: 0.4828
train: epoch 161, iter:0, loss: 0.2817, lr: 5.0296219152955685e-05
train: epoch 161, iter:20, loss: 0.2139, lr: 5.0296219152955685e-05
val epoch: 161, loss: 0.4650
train: epoch 162, iter:0, loss: 0.2187, lr: 4.982782822782109e-05
train: epoch 162, iter:20, loss: 0.2013, lr: 4.982782822782109e-05
val epoch: 162, loss: 0.4586
train: epoch 163, iter:0, loss: 0.1721, lr: 4.9360004489606395e-05
train: epoch 163, iter:20, loss: 0.2025, lr: 4.9360004489606395e-05
val epoch: 163, loss: 0.4844
train: epoch 164, iter:0, loss: 0.2054, lr: 4.889279924045639e-05
train: epoch 164, iter:20, loss: 0.2042, lr: 4.889279924045639e-05
val epoch: 164, loss: 0.4801
train: epoch 165, iter:0, loss: 0.1708, lr: 4.842626371469157e-05
train: epoch 165, iter:20, loss: 0.1964, lr: 4.842626371469157e-05
val epoch: 165, loss: 0.4829
train: epoch 166, iter:0, loss: 0.2095, lr: 4.79604490731897e-05
train: epoch 166, iter:20, loss: 0.2067, lr: 4.79604490731897e-05
val epoch: 166, loss: 0.4572
train: epoch 167, iter:0, loss: 0.2414, lr: 4.749540639777547e-05
train: epoch 167, iter:20, loss: 0.1982, lr: 4.749540639777547e-05
val epoch: 167, loss: 0.4750
train: epoch 168, iter:0, loss: 0.2115, lr: 4.703118668561883e-05
train: epoch 168, iter:20, loss: 0.2022, lr: 4.703118668561883e-05
val epoch: 168, loss: 0.4776
train: epoch 169, iter:0, loss: 0.1715, lr: 4.656784084364247e-05
train: epoch 169, iter:20, loss: 0.2052, lr: 4.656784084364247e-05
val epoch: 169, loss: 0.4494
train: epoch 170, iter:0, loss: 0.1660, lr: 4.61054196829394e-05
train: epoch 170, iter:20, loss: 0.1929, lr: 4.61054196829394e-05
val epoch: 170, loss: 0.4418
train: epoch 171, iter:0, loss: 0.2265, lr: 4.564397391320091e-05
train: epoch 171, iter:20, loss: 0.1951, lr: 4.564397391320091e-05
val epoch: 171, loss: 0.4935
train: epoch 172, iter:0, loss: 0.1598, lr: 4.518355413715567e-05
train: epoch 172, iter:20, loss: 0.1980, lr: 4.518355413715567e-05
val epoch: 172, loss: 0.4721
train: epoch 173, iter:0, loss: 0.1534, lr: 4.472421084502058e-05
train: epoch 173, iter:20, loss: 0.1997, lr: 4.472421084502058e-05
val epoch: 173, loss: 0.4737
train: epoch 174, iter:0, loss: 0.1788, lr: 4.426599440896395e-05
train: epoch 174, iter:20, loss: 0.2052, lr: 4.426599440896395e-05
val epoch: 174, loss: 0.4827
train: epoch 175, iter:0, loss: 0.1853, lr: 4.380895507758162e-05
train: epoch 175, iter:20, loss: 0.1947, lr: 4.380895507758162e-05
val epoch: 175, loss: 0.4704
train: epoch 176, iter:0, loss: 0.1800, lr: 4.335314297038665e-05
train: epoch 176, iter:20, loss: 0.2004, lr: 4.335314297038665e-05
val epoch: 176, loss: 0.4906
train: epoch 177, iter:0, loss: 0.1663, lr: 4.289860807231313e-05
train: epoch 177, iter:20, loss: 0.1906, lr: 4.289860807231313e-05
val epoch: 177, loss: 0.4776
train: epoch 178, iter:0, loss: 0.2064, lr: 4.2445400228234754e-05
train: epoch 178, iter:20, loss: 0.1965, lr: 4.2445400228234754e-05
val epoch: 178, loss: 0.4745
train: epoch 179, iter:0, loss: 0.1676, lr: 4.1993569137498844e-05
train: epoch 179, iter:20, loss: 0.1948, lr: 4.1993569137498844e-05
val epoch: 179, loss: 0.4681
train: epoch 180, iter:0, loss: 0.2078, lr: 4.154316434847618e-05
train: epoch 180, iter:20, loss: 0.1983, lr: 4.154316434847618e-05
val epoch: 180, loss: 0.4538, miou: 0.7227886330496303, f1_or_dsc: 0.8390914813155818, accuracy: 0.9233285507353226, specificity: 0.9561636618990099, sensitivity: 0.8212702792509088
train: epoch 181, iter:0, loss: 0.1975, lr: 4.109423525312744e-05
train: epoch 181, iter:20, loss: 0.1917, lr: 4.109423525312744e-05
val epoch: 181, loss: 0.4794
train: epoch 182, iter:0, loss: 0.1551, lr: 4.064683108158692e-05
train: epoch 182, iter:20, loss: 0.1901, lr: 4.064683108158692e-05
val epoch: 182, loss: 0.4547
train: epoch 183, iter:0, loss: 0.1786, lr: 4.020100089676382e-05
train: epoch 183, iter:20, loss: 0.1863, lr: 4.020100089676382e-05
val epoch: 183, loss: 0.4549
train: epoch 184, iter:0, loss: 0.1547, lr: 3.975679358896196e-05
train: epoch 184, iter:20, loss: 0.1900, lr: 3.975679358896196e-05
val epoch: 184, loss: 0.4745
train: epoch 185, iter:0, loss: 0.2270, lr: 3.931425787051839e-05
train: epoch 185, iter:20, loss: 0.1834, lr: 3.931425787051839e-05
val epoch: 185, loss: 0.4783
train: epoch 186, iter:0, loss: 0.1505, lr: 3.8873442270461565e-05
train: epoch 186, iter:20, loss: 0.1896, lr: 3.8873442270461565e-05
val epoch: 186, loss: 0.4657
train: epoch 187, iter:0, loss: 0.1600, lr: 3.843439512918957e-05
train: epoch 187, iter:20, loss: 0.1855, lr: 3.843439512918957e-05
val epoch: 187, loss: 0.4585
train: epoch 188, iter:0, loss: 0.2017, lr: 3.7997164593169046e-05
train: epoch 188, iter:20, loss: 0.1897, lr: 3.7997164593169046e-05
val epoch: 188, loss: 0.4739
train: epoch 189, iter:0, loss: 0.1698, lr: 3.756179860965544e-05
train: epoch 189, iter:20, loss: 0.1890, lr: 3.756179860965544e-05
val epoch: 189, loss: 0.4833
train: epoch 190, iter:0, loss: 0.1992, lr: 3.7128344921434934e-05
train: epoch 190, iter:20, loss: 0.1857, lr: 3.7128344921434934e-05
val epoch: 190, loss: 0.4785
train: epoch 191, iter:0, loss: 0.1693, lr: 3.669685106158906e-05
train: epoch 191, iter:20, loss: 0.1827, lr: 3.669685106158906e-05
val epoch: 191, loss: 0.4722
train: epoch 192, iter:0, loss: 0.1723, lr: 3.6267364348282024e-05
train: epoch 192, iter:20, loss: 0.1834, lr: 3.6267364348282024e-05
val epoch: 192, loss: 0.4627
train: epoch 193, iter:0, loss: 0.1865, lr: 3.58399318795718e-05
train: epoch 193, iter:20, loss: 0.1801, lr: 3.58399318795718e-05
val epoch: 193, loss: 0.4878
train: epoch 194, iter:0, loss: 0.1614, lr: 3.541460052824533e-05
train: epoch 194, iter:20, loss: 0.1830, lr: 3.541460052824533e-05
val epoch: 194, loss: 0.4824
train: epoch 195, iter:0, loss: 0.1918, lr: 3.499141693667834e-05
train: epoch 195, iter:20, loss: 0.1830, lr: 3.499141693667834e-05
val epoch: 195, loss: 0.4911
train: epoch 196, iter:0, loss: 0.1542, lr: 3.4570427511720465e-05
train: epoch 196, iter:20, loss: 0.1801, lr: 3.4570427511720465e-05
val epoch: 196, loss: 0.4597
train: epoch 197, iter:0, loss: 0.1819, lr: 3.4151678419606305e-05
train: epoch 197, iter:20, loss: 0.1796, lr: 3.4151678419606305e-05
val epoch: 197, loss: 0.4778
train: epoch 198, iter:0, loss: 0.1951, lr: 3.373521558089265e-05
train: epoch 198, iter:20, loss: 0.1815, lr: 3.373521558089265e-05
val epoch: 198, loss: 0.4804
train: epoch 199, iter:0, loss: 0.1751, lr: 3.332108466542288e-05
train: epoch 199, iter:20, loss: 0.1820, lr: 3.332108466542288e-05
val epoch: 199, loss: 0.4673
train: epoch 200, iter:0, loss: 0.1729, lr: 3.290933108731874e-05
train: epoch 200, iter:20, loss: 0.1781, lr: 3.290933108731874e-05
val epoch: 200, loss: 0.4720
train: epoch 201, iter:0, loss: 0.1665, lr: 3.2500000000000065e-05
train: epoch 201, iter:20, loss: 0.1811, lr: 3.2500000000000065e-05
val epoch: 201, loss: 0.4923
train: epoch 202, iter:0, loss: 0.1605, lr: 3.2093136291233364e-05
train: epoch 202, iter:20, loss: 0.1774, lr: 3.2093136291233364e-05
val epoch: 202, loss: 0.4872
train: epoch 203, iter:0, loss: 0.1927, lr: 3.1688784578209223e-05
train: epoch 203, iter:20, loss: 0.1756, lr: 3.1688784578209223e-05
val epoch: 203, loss: 0.4816
train: epoch 204, iter:0, loss: 0.1758, lr: 3.128698920264959e-05
train: epoch 204, iter:20, loss: 0.1823, lr: 3.128698920264959e-05
val epoch: 204, loss: 0.4735
train: epoch 205, iter:0, loss: 0.1836, lr: 3.088779422594524e-05
train: epoch 205, iter:20, loss: 0.1806, lr: 3.088779422594524e-05
val epoch: 205, loss: 0.4662
train: epoch 206, iter:0, loss: 0.2010, lr: 3.0491243424323874e-05
train: epoch 206, iter:20, loss: 0.1755, lr: 3.0491243424323874e-05
val epoch: 206, loss: 0.4746
train: epoch 207, iter:0, loss: 0.1866, lr: 3.0097380284049598e-05
train: epoch 207, iter:20, loss: 0.1744, lr: 3.0097380284049598e-05
val epoch: 207, loss: 0.5046
train: epoch 208, iter:0, loss: 0.1431, lr: 2.9706247996654208e-05
train: epoch 208, iter:20, loss: 0.1775, lr: 2.9706247996654208e-05
val epoch: 208, loss: 0.4502
train: epoch 209, iter:0, loss: 0.1642, lr: 2.931788945420065e-05
train: epoch 209, iter:20, loss: 0.1834, lr: 2.931788945420065e-05
val epoch: 209, loss: 0.4658
train: epoch 210, iter:0, loss: 0.2034, lr: 2.893234724457952e-05
train: epoch 210, iter:20, loss: 0.1776, lr: 2.893234724457952e-05
val epoch: 210, loss: 0.4879, miou: 0.7155984466644888, f1_or_dsc: 0.8342260370493736, accuracy: 0.9236353317109665, specificity: 0.9668315524228951, sensitivity: 0.789372603056218
train: epoch 211, iter:0, loss: 0.1551, lr: 2.8549663646838785e-05
train: epoch 211, iter:20, loss: 0.1720, lr: 2.8549663646838785e-05
val epoch: 211, loss: 0.4743
train: epoch 212, iter:0, loss: 0.1887, lr: 2.8169880626547352e-05
train: epoch 212, iter:20, loss: 0.1761, lr: 2.8169880626547352e-05
val epoch: 212, loss: 0.4620
train: epoch 213, iter:0, loss: 0.1506, lr: 2.7793039831193204e-05
train: epoch 213, iter:20, loss: 0.1691, lr: 2.7793039831193204e-05
val epoch: 213, loss: 0.4503
train: epoch 214, iter:0, loss: 0.2077, lr: 2.7419182585616138e-05
train: epoch 214, iter:20, loss: 0.1750, lr: 2.7419182585616138e-05
val epoch: 214, loss: 0.4616
train: epoch 215, iter:0, loss: 0.1832, lr: 2.7048349887476105e-05
train: epoch 215, iter:20, loss: 0.1749, lr: 2.7048349887476105e-05
val epoch: 215, loss: 0.4843
train: epoch 216, iter:0, loss: 0.1782, lr: 2.668058240275739e-05
train: epoch 216, iter:20, loss: 0.1680, lr: 2.668058240275739e-05
val epoch: 216, loss: 0.4811
train: epoch 217, iter:0, loss: 0.1828, lr: 2.631592046130903e-05
train: epoch 217, iter:20, loss: 0.1779, lr: 2.631592046130903e-05
val epoch: 217, loss: 0.4785
train: epoch 218, iter:0, loss: 0.1270, lr: 2.59544040524223e-05
train: epoch 218, iter:20, loss: 0.1769, lr: 2.59544040524223e-05
val epoch: 218, loss: 0.4730
train: epoch 219, iter:0, loss: 0.1883, lr: 2.5596072820445336e-05
train: epoch 219, iter:20, loss: 0.1693, lr: 2.5596072820445336e-05
val epoch: 219, loss: 0.4854
train: epoch 220, iter:0, loss: 0.1780, lr: 2.5240966060435724e-05
train: epoch 220, iter:20, loss: 0.1694, lr: 2.5240966060435724e-05
val epoch: 220, loss: 0.4919
train: epoch 221, iter:0, loss: 0.1308, lr: 2.4889122713851445e-05
train: epoch 221, iter:20, loss: 0.1703, lr: 2.4889122713851445e-05
val epoch: 221, loss: 0.4824
train: epoch 222, iter:0, loss: 0.1584, lr: 2.4540581364280337e-05
train: epoch 222, iter:20, loss: 0.1708, lr: 2.4540581364280337e-05
val epoch: 222, loss: 0.4801
train: epoch 223, iter:0, loss: 0.1909, lr: 2.419538023320907e-05
train: epoch 223, iter:20, loss: 0.1681, lr: 2.419538023320907e-05
val epoch: 223, loss: 0.4841
train: epoch 224, iter:0, loss: 0.1936, lr: 2.3853557175831762e-05
train: epoch 224, iter:20, loss: 0.1649, lr: 2.3853557175831762e-05
val epoch: 224, loss: 0.4937
train: epoch 225, iter:0, loss: 0.2361, lr: 2.351514967689861e-05
train: epoch 225, iter:20, loss: 0.1707, lr: 2.351514967689861e-05
val epoch: 225, loss: 0.4709
train: epoch 226, iter:0, loss: 0.1301, lr: 2.318019484660542e-05
train: epoch 226, iter:20, loss: 0.1629, lr: 2.318019484660542e-05
val epoch: 226, loss: 0.4702
train: epoch 227, iter:0, loss: 0.1650, lr: 2.2848729416523915e-05
train: epoch 227, iter:20, loss: 0.1662, lr: 2.2848729416523915e-05
val epoch: 227, loss: 0.4813
train: epoch 228, iter:0, loss: 0.1469, lr: 2.2520789735573758e-05
train: epoch 228, iter:20, loss: 0.1660, lr: 2.2520789735573758e-05
val epoch: 228, loss: 0.5098
train: epoch 229, iter:0, loss: 0.1728, lr: 2.2196411766036546e-05
train: epoch 229, iter:20, loss: 0.1638, lr: 2.2196411766036546e-05
val epoch: 229, loss: 0.4899
train: epoch 230, iter:0, loss: 0.1783, lr: 2.1875631079612026e-05
train: epoch 230, iter:20, loss: 0.1660, lr: 2.1875631079612026e-05
val epoch: 230, loss: 0.4889
train: epoch 231, iter:0, loss: 0.1629, lr: 2.1558482853517307e-05
train: epoch 231, iter:20, loss: 0.1673, lr: 2.1558482853517307e-05
val epoch: 231, loss: 0.4795
train: epoch 232, iter:0, loss: 0.1797, lr: 2.124500186662937e-05
train: epoch 232, iter:20, loss: 0.1644, lr: 2.124500186662937e-05
val epoch: 232, loss: 0.4979
train: epoch 233, iter:0, loss: 0.1613, lr: 2.093522249567102e-05
train: epoch 233, iter:20, loss: 0.1696, lr: 2.093522249567102e-05
val epoch: 233, loss: 0.4822
train: epoch 234, iter:0, loss: 0.1406, lr: 2.062917871144115e-05
train: epoch 234, iter:20, loss: 0.1648, lr: 2.062917871144115e-05
val epoch: 234, loss: 0.4820
train: epoch 235, iter:0, loss: 0.1783, lr: 2.0326904075089536e-05
train: epoch 235, iter:20, loss: 0.1622, lr: 2.0326904075089536e-05
val epoch: 235, loss: 0.4775
train: epoch 236, iter:0, loss: 0.1745, lr: 2.0028431734436354e-05
train: epoch 236, iter:20, loss: 0.1611, lr: 2.0028431734436354e-05
val epoch: 236, loss: 0.4794
train: epoch 237, iter:0, loss: 0.1526, lr: 1.9733794420337255e-05
train: epoch 237, iter:20, loss: 0.1611, lr: 1.9733794420337255e-05
val epoch: 237, loss: 0.4834
train: epoch 238, iter:0, loss: 0.1633, lr: 1.9443024443093982e-05
train: epoch 238, iter:20, loss: 0.1610, lr: 1.9443024443093982e-05
val epoch: 238, loss: 0.4966
train: epoch 239, iter:0, loss: 0.1470, lr: 1.9156153688911208e-05
train: epoch 239, iter:20, loss: 0.1624, lr: 1.9156153688911208e-05
val epoch: 239, loss: 0.4911
train: epoch 240, iter:0, loss: 0.1759, lr: 1.8873213616399892e-05
train: epoch 240, iter:20, loss: 0.1619, lr: 1.8873213616399892e-05
val epoch: 240, loss: 0.4795, miou: 0.7187074148930407, f1_or_dsc: 0.8363348044760341, accuracy: 0.9227385379300259, specificity: 0.9586952432035576, sensitivity: 0.8109777106193672
train: epoch 241, iter:0, loss: 0.1439, lr: 1.859423525312741e-05
train: epoch 241, iter:20, loss: 0.1557, lr: 1.859423525312741e-05
val epoch: 241, loss: 0.4957
train: epoch 242, iter:0, loss: 0.1961, lr: 1.8319249192215093e-05
train: epoch 242, iter:20, loss: 0.1602, lr: 1.8319249192215093e-05
val epoch: 242, loss: 0.4946
train: epoch 243, iter:0, loss: 0.1534, lr: 1.8048285588983354e-05
train: epoch 243, iter:20, loss: 0.1600, lr: 1.8048285588983354e-05
val epoch: 243, loss: 0.4844
train: epoch 244, iter:0, loss: 0.1536, lr: 1.7781374157644745e-05
train: epoch 244, iter:20, loss: 0.1611, lr: 1.7781374157644745e-05
val epoch: 244, loss: 0.4754
train: epoch 245, iter:0, loss: 0.1475, lr: 1.7518544168045555e-05
train: epoch 245, iter:20, loss: 0.1573, lr: 1.7518544168045555e-05
val epoch: 245, loss: 0.4821
train: epoch 246, iter:0, loss: 0.1654, lr: 1.7259824442455953e-05
train: epoch 246, iter:20, loss: 0.1616, lr: 1.7259824442455953e-05
val epoch: 246, loss: 0.4969
train: epoch 247, iter:0, loss: 0.1437, lr: 1.700524335240935e-05
train: epoch 247, iter:20, loss: 0.1602, lr: 1.700524335240935e-05
val epoch: 247, loss: 0.4829
train: epoch 248, iter:0, loss: 0.1466, lr: 1.675482881559116e-05
train: epoch 248, iter:20, loss: 0.1548, lr: 1.675482881559116e-05
val epoch: 248, loss: 0.4876
train: epoch 249, iter:0, loss: 0.1587, lr: 1.650860829277723e-05
train: epoch 249, iter:20, loss: 0.1559, lr: 1.650860829277723e-05
val epoch: 249, loss: 0.4928
train: epoch 250, iter:0, loss: 0.1994, lr: 1.6266608784822568e-05
train: epoch 250, iter:20, loss: 0.1574, lr: 1.6266608784822568e-05
val epoch: 250, loss: 0.4972
train: epoch 251, iter:0, loss: 0.1654, lr: 1.6028856829700293e-05
train: epoch 251, iter:20, loss: 0.1591, lr: 1.6028856829700293e-05
val epoch: 251, loss: 0.4926
train: epoch 252, iter:0, loss: 0.1436, lr: 1.5795378499591492e-05
train: epoch 252, iter:20, loss: 0.1601, lr: 1.5795378499591492e-05
val epoch: 252, loss: 0.5023
train: epoch 253, iter:0, loss: 0.1671, lr: 1.556619939802616e-05
train: epoch 253, iter:20, loss: 0.1564, lr: 1.556619939802616e-05
val epoch: 253, loss: 0.4994
train: epoch 254, iter:0, loss: 0.1474, lr: 1.5341344657075372e-05
train: epoch 254, iter:20, loss: 0.1522, lr: 1.5341344657075372e-05
val epoch: 254, loss: 0.4743
train: epoch 255, iter:0, loss: 0.1629, lr: 1.5120838934595356e-05
train: epoch 255, iter:20, loss: 0.1562, lr: 1.5120838934595356e-05
val epoch: 255, loss: 0.4948
train: epoch 256, iter:0, loss: 0.1668, lr: 1.4904706411523467e-05
train: epoch 256, iter:20, loss: 0.1572, lr: 1.4904706411523467e-05
val epoch: 256, loss: 0.4771
train: epoch 257, iter:0, loss: 0.1621, lr: 1.4692970789226446e-05
train: epoch 257, iter:20, loss: 0.1597, lr: 1.4692970789226446e-05
val epoch: 257, loss: 0.4960
train: epoch 258, iter:0, loss: 0.1392, lr: 1.4485655286901307e-05
train: epoch 258, iter:20, loss: 0.1551, lr: 1.4485655286901307e-05
val epoch: 258, loss: 0.5054
train: epoch 259, iter:0, loss: 0.1647, lr: 1.4282782639029144e-05
train: epoch 259, iter:20, loss: 0.1575, lr: 1.4282782639029144e-05
val epoch: 259, loss: 0.4969
train: epoch 260, iter:0, loss: 0.1438, lr: 1.4084375092881932e-05
train: epoch 260, iter:20, loss: 0.1509, lr: 1.4084375092881932e-05
val epoch: 260, loss: 0.4883
train: epoch 261, iter:0, loss: 0.1650, lr: 1.389045440608298e-05
train: epoch 261, iter:20, loss: 0.1559, lr: 1.389045440608298e-05
val epoch: 261, loss: 0.4897
train: epoch 262, iter:0, loss: 0.1425, lr: 1.3701041844220871e-05
train: epoch 262, iter:20, loss: 0.1553, lr: 1.3701041844220871e-05
val epoch: 262, loss: 0.4951
train: epoch 263, iter:0, loss: 0.1658, lr: 1.3516158178517484e-05
train: epoch 263, iter:20, loss: 0.1547, lr: 1.3516158178517484e-05
val epoch: 263, loss: 0.5101
train: epoch 264, iter:0, loss: 0.1619, lr: 1.3335823683550249e-05
train: epoch 264, iter:20, loss: 0.1566, lr: 1.3335823683550249e-05
val epoch: 264, loss: 0.5001
train: epoch 265, iter:0, loss: 0.1823, lr: 1.31600581350287e-05
train: epoch 265, iter:20, loss: 0.1559, lr: 1.31600581350287e-05
val epoch: 265, loss: 0.4896
train: epoch 266, iter:0, loss: 0.1620, lr: 1.2988880807625931e-05
train: epoch 266, iter:20, loss: 0.1559, lr: 1.2988880807625931e-05
val epoch: 266, loss: 0.4953
train: epoch 267, iter:0, loss: 0.1599, lr: 1.2822310472864893e-05
train: epoch 267, iter:20, loss: 0.1514, lr: 1.2822310472864893e-05
val epoch: 267, loss: 0.4872
train: epoch 268, iter:0, loss: 0.1655, lr: 1.2660365397059863e-05
train: epoch 268, iter:20, loss: 0.1519, lr: 1.2660365397059863e-05
val epoch: 268, loss: 0.4877
train: epoch 269, iter:0, loss: 0.1361, lr: 1.2503063339313363e-05
train: epoch 269, iter:20, loss: 0.1559, lr: 1.2503063339313363e-05
val epoch: 269, loss: 0.4996
train: epoch 270, iter:0, loss: 0.1527, lr: 1.2350421549568658e-05
train: epoch 270, iter:20, loss: 0.1503, lr: 1.2350421549568658e-05
val epoch: 270, loss: 0.4917, miou: 0.7157132393751955, f1_or_dsc: 0.834304035137986, accuracy: 0.921805202370823, specificity: 0.9581794619675861, sensitivity: 0.8087465304368463
train: epoch 271, iter:0, loss: 0.1494, lr: 1.2202456766718098e-05
train: epoch 271, iter:20, loss: 0.1539, lr: 1.2202456766718098e-05
val epoch: 271, loss: 0.4972
train: epoch 272, iter:0, loss: 0.1663, lr: 1.205918521676755e-05
train: epoch 272, iter:20, loss: 0.1533, lr: 1.205918521676755e-05
val epoch: 272, loss: 0.4973
train: epoch 273, iter:0, loss: 0.1327, lr: 1.192062261105698e-05
train: epoch 273, iter:20, loss: 0.1484, lr: 1.192062261105698e-05
val epoch: 273, loss: 0.4944
train: epoch 274, iter:0, loss: 0.1695, lr: 1.1786784144537568e-05
train: epoch 274, iter:20, loss: 0.1498, lr: 1.1786784144537568e-05
val epoch: 274, loss: 0.4806
train: epoch 275, iter:0, loss: 0.1597, lr: 1.165768449410539e-05
train: epoch 275, iter:20, loss: 0.1547, lr: 1.165768449410539e-05
val epoch: 275, loss: 0.4891
train: epoch 276, iter:0, loss: 0.1456, lr: 1.153333781699193e-05
train: epoch 276, iter:20, loss: 0.1485, lr: 1.153333781699193e-05
val epoch: 276, loss: 0.4959
train: epoch 277, iter:0, loss: 0.1434, lr: 1.1413757749211606e-05
train: epoch 277, iter:20, loss: 0.1478, lr: 1.1413757749211606e-05
val epoch: 277, loss: 0.5066
train: epoch 278, iter:0, loss: 0.1511, lr: 1.1298957404066385e-05
train: epoch 278, iter:20, loss: 0.1478, lr: 1.1298957404066385e-05
val epoch: 278, loss: 0.4916
train: epoch 279, iter:0, loss: 0.1550, lr: 1.118894937070779e-05
train: epoch 279, iter:20, loss: 0.1490, lr: 1.118894937070779e-05
val epoch: 279, loss: 0.4972
train: epoch 280, iter:0, loss: 0.1712, lr: 1.1083745712756373e-05
train: epoch 280, iter:20, loss: 0.1544, lr: 1.1083745712756373e-05
val epoch: 280, loss: 0.4949
train: epoch 281, iter:0, loss: 0.1549, lr: 1.0983357966978752e-05
train: epoch 281, iter:20, loss: 0.1533, lr: 1.0983357966978752e-05
val epoch: 281, loss: 0.5012
train: epoch 282, iter:0, loss: 0.1546, lr: 1.0887797142022524e-05
train: epoch 282, iter:20, loss: 0.1528, lr: 1.0887797142022524e-05
val epoch: 282, loss: 0.4988
train: epoch 283, iter:0, loss: 0.1562, lr: 1.0797073717209015e-05
train: epoch 283, iter:20, loss: 0.1455, lr: 1.0797073717209015e-05
val epoch: 283, loss: 0.4944
train: epoch 284, iter:0, loss: 0.1347, lr: 1.0711197641384117e-05
train: epoch 284, iter:20, loss: 0.1475, lr: 1.0711197641384117e-05
val epoch: 284, loss: 0.5071
train: epoch 285, iter:0, loss: 0.1659, lr: 1.0630178331827276e-05
train: epoch 285, iter:20, loss: 0.1510, lr: 1.0630178331827276e-05
val epoch: 285, loss: 0.4955
train: epoch 286, iter:0, loss: 0.1245, lr: 1.0554024673218807e-05
train: epoch 286, iter:20, loss: 0.1532, lr: 1.0554024673218807e-05
val epoch: 286, loss: 0.4958
train: epoch 287, iter:0, loss: 0.1240, lr: 1.0482745016665526e-05
train: epoch 287, iter:20, loss: 0.1467, lr: 1.0482745016665526e-05
val epoch: 287, loss: 0.5057
train: epoch 288, iter:0, loss: 0.1629, lr: 1.0416347178785039e-05
train: epoch 288, iter:20, loss: 0.1524, lr: 1.0416347178785039e-05
val epoch: 288, loss: 0.5051
train: epoch 289, iter:0, loss: 0.1418, lr: 1.0354838440848501e-05
train: epoch 289, iter:20, loss: 0.1499, lr: 1.0354838440848501e-05
val epoch: 289, loss: 0.5114
train: epoch 290, iter:0, loss: 0.1574, lr: 1.029822554798216e-05
train: epoch 290, iter:20, loss: 0.1488, lr: 1.029822554798216e-05
val epoch: 290, loss: 0.4904
train: epoch 291, iter:0, loss: 0.1280, lr: 1.0246514708427702e-05
train: epoch 291, iter:20, loss: 0.1502, lr: 1.0246514708427702e-05
val epoch: 291, loss: 0.4815
train: epoch 292, iter:0, loss: 0.1278, lr: 1.01997115928614e-05
train: epoch 292, iter:20, loss: 0.1493, lr: 1.01997115928614e-05
val epoch: 292, loss: 0.4944
train: epoch 293, iter:0, loss: 0.1602, lr: 1.0157821333772303e-05
train: epoch 293, iter:20, loss: 0.1496, lr: 1.0157821333772303e-05
val epoch: 293, loss: 0.4983
train: epoch 294, iter:0, loss: 0.1404, lr: 1.0120848524899386e-05
train: epoch 294, iter:20, loss: 0.1476, lr: 1.0120848524899386e-05
val epoch: 294, loss: 0.5105
train: epoch 295, iter:0, loss: 0.1821, lr: 1.0088797220727781e-05
train: epoch 295, iter:20, loss: 0.1491, lr: 1.0088797220727781e-05
val epoch: 295, loss: 0.5057
train: epoch 296, iter:0, loss: 0.1663, lr: 1.0061670936044179e-05
train: epoch 296, iter:20, loss: 0.1522, lr: 1.0061670936044179e-05
val epoch: 296, loss: 0.5020
train: epoch 297, iter:0, loss: 0.1604, lr: 1.0039472645551374e-05
train: epoch 297, iter:20, loss: 0.1489, lr: 1.0039472645551374e-05
val epoch: 297, loss: 0.5098
train: epoch 298, iter:0, loss: 0.1295, lr: 1.002220478354208e-05
train: epoch 298, iter:20, loss: 0.1488, lr: 1.002220478354208e-05
val epoch: 298, loss: 0.5061
train: epoch 299, iter:0, loss: 0.1447, lr: 1.0009869243631953e-05
train: epoch 299, iter:20, loss: 0.1474, lr: 1.0009869243631953e-05
val epoch: 299, loss: 0.5106
train: epoch 300, iter:0, loss: 0.1727, lr: 1.0002467378551954e-05
train: epoch 300, iter:20, loss: 0.1442, lr: 1.0002467378551954e-05
val epoch: 300, loss: 0.5075, miou: 0.7121220787558371, f1_or_dsc: 0.8318589983645572, accuracy: 0.9211112296227182, specificity: 0.9595283706761794, sensitivity: 0.801702862410452
#----------Testing----------#
test of best model, best_val_loss: 0.4352, miou: 0.7133119805065247, f1_or_dsc: 0.8326702767766098, accuracy: 0.9234787402766766, specificity: 0.9689400802930408, sensitivity: 0.7821755554540094, confusion_matrix: [[38819128  1244369]
 [ 2807668 10081923]]
=== PTU TRAINING COMPLETE ===
