/root/miniconda3/lib/python3.10/site-packages/timm/models/layers/__init__.py:49: FutureWarning: Importing from timm.models.layers is deprecated, please import via timm.layers
  warnings.warn(f"Importing from {__name__} is deprecated, please import via timm.layers", FutureWarning)
SwinTransformerSys expand initial----depths:[2, 2, 6, 2];depths_decoder:[2, 2, 2, 1];drop_path_rate:0.2;num_classes:1
---final upsample expand_first---
train: epoch 1, iter:0, loss: 1.4901, lr: 0.0001
train: epoch 1, iter:20, loss: 1.3317, lr: 0.0001
train: epoch 1, iter:40, loss: 1.1793, lr: 0.0001
val epoch: 1, loss: 0.7263
train: epoch 2, iter:0, loss: 0.8130, lr: 9.999753262144806e-05
train: epoch 2, iter:20, loss: 0.7314, lr: 9.999753262144806e-05
train: epoch 2, iter:40, loss: 0.7190, lr: 9.999753262144806e-05
val epoch: 2, loss: 0.6648
train: epoch 3, iter:0, loss: 0.5988, lr: 9.999013075636806e-05
train: epoch 3, iter:20, loss: 0.6167, lr: 9.999013075636806e-05
train: epoch 3, iter:40, loss: 0.6043, lr: 9.999013075636806e-05
val epoch: 3, loss: 0.5864
train: epoch 4, iter:0, loss: 0.6776, lr: 9.997779521645793e-05
train: epoch 4, iter:20, loss: 0.5576, lr: 9.997779521645793e-05
train: epoch 4, iter:40, loss: 0.5556, lr: 9.997779521645793e-05
val epoch: 4, loss: 0.6175
train: epoch 5, iter:0, loss: 0.4529, lr: 9.996052735444864e-05
train: epoch 5, iter:20, loss: 0.5401, lr: 9.996052735444864e-05
train: epoch 5, iter:40, loss: 0.5255, lr: 9.996052735444864e-05
val epoch: 5, loss: 0.5514
train: epoch 6, iter:0, loss: 0.5252, lr: 9.993832906395583e-05
train: epoch 6, iter:20, loss: 0.5391, lr: 9.993832906395583e-05
train: epoch 6, iter:40, loss: 0.5271, lr: 9.993832906395583e-05
val epoch: 6, loss: 0.5169
train: epoch 7, iter:0, loss: 0.5929, lr: 9.991120277927223e-05
train: epoch 7, iter:20, loss: 0.4812, lr: 9.991120277927223e-05
train: epoch 7, iter:40, loss: 0.4846, lr: 9.991120277927223e-05
val epoch: 7, loss: 0.5068
train: epoch 8, iter:0, loss: 0.3786, lr: 9.987915147510061e-05
train: epoch 8, iter:20, loss: 0.4545, lr: 9.987915147510061e-05
train: epoch 8, iter:40, loss: 0.4951, lr: 9.987915147510061e-05
val epoch: 8, loss: 0.5564
train: epoch 9, iter:0, loss: 0.3613, lr: 9.98421786662277e-05
train: epoch 9, iter:20, loss: 0.4851, lr: 9.98421786662277e-05
train: epoch 9, iter:40, loss: 0.4894, lr: 9.98421786662277e-05
val epoch: 9, loss: 0.5084
train: epoch 10, iter:0, loss: 0.5711, lr: 9.98002884071386e-05
train: epoch 10, iter:20, loss: 0.4367, lr: 9.98002884071386e-05
train: epoch 10, iter:40, loss: 0.4341, lr: 9.98002884071386e-05
val epoch: 10, loss: 0.4925
train: epoch 11, iter:0, loss: 0.4813, lr: 9.97534852915723e-05
train: epoch 11, iter:20, loss: 0.4043, lr: 9.97534852915723e-05
train: epoch 11, iter:40, loss: 0.4206, lr: 9.97534852915723e-05
val epoch: 11, loss: 0.4994
train: epoch 12, iter:0, loss: 0.5181, lr: 9.970177445201784e-05
train: epoch 12, iter:20, loss: 0.4348, lr: 9.970177445201784e-05
train: epoch 12, iter:40, loss: 0.4254, lr: 9.970177445201784e-05
val epoch: 12, loss: 0.4503
train: epoch 13, iter:0, loss: 0.3359, lr: 9.964516155915151e-05
train: epoch 13, iter:20, loss: 0.3736, lr: 9.964516155915151e-05
train: epoch 13, iter:40, loss: 0.3679, lr: 9.964516155915151e-05
val epoch: 13, loss: 0.4410
train: epoch 14, iter:0, loss: 0.3187, lr: 9.958365282121496e-05
train: epoch 14, iter:20, loss: 0.3636, lr: 9.958365282121496e-05
train: epoch 14, iter:40, loss: 0.3825, lr: 9.958365282121496e-05
val epoch: 14, loss: 0.6014
train: epoch 15, iter:0, loss: 0.4140, lr: 9.951725498333447e-05
train: epoch 15, iter:20, loss: 0.3687, lr: 9.951725498333447e-05
train: epoch 15, iter:40, loss: 0.3598, lr: 9.951725498333447e-05
val epoch: 15, loss: 0.4859
train: epoch 16, iter:0, loss: 0.4435, lr: 9.944597532678119e-05
train: epoch 16, iter:20, loss: 0.3905, lr: 9.944597532678119e-05
train: epoch 16, iter:40, loss: 0.3809, lr: 9.944597532678119e-05
val epoch: 16, loss: 0.4637
train: epoch 17, iter:0, loss: 0.2937, lr: 9.936982166817271e-05
train: epoch 17, iter:20, loss: 0.3609, lr: 9.936982166817271e-05
train: epoch 17, iter:40, loss: 0.3467, lr: 9.936982166817271e-05
val epoch: 17, loss: 0.5068
train: epoch 18, iter:0, loss: 0.3176, lr: 9.928880235861587e-05
train: epoch 18, iter:20, loss: 0.3428, lr: 9.928880235861587e-05
train: epoch 18, iter:40, loss: 0.3575, lr: 9.928880235861587e-05
val epoch: 18, loss: 0.4508
train: epoch 19, iter:0, loss: 0.3944, lr: 9.920292628279099e-05
train: epoch 19, iter:20, loss: 0.3447, lr: 9.920292628279099e-05
train: epoch 19, iter:40, loss: 0.3416, lr: 9.920292628279099e-05
val epoch: 19, loss: 0.4575
train: epoch 20, iter:0, loss: 0.2583, lr: 9.911220285797748e-05
train: epoch 20, iter:20, loss: 0.3344, lr: 9.911220285797748e-05
train: epoch 20, iter:40, loss: 0.3527, lr: 9.911220285797748e-05
val epoch: 20, loss: 0.4320
train: epoch 21, iter:0, loss: 0.2895, lr: 9.901664203302125e-05
train: epoch 21, iter:20, loss: 0.3452, lr: 9.901664203302125e-05
train: epoch 21, iter:40, loss: 0.3247, lr: 9.901664203302125e-05
val epoch: 21, loss: 0.5156
train: epoch 22, iter:0, loss: 0.3933, lr: 9.891625428724362e-05
train: epoch 22, iter:20, loss: 0.3584, lr: 9.891625428724362e-05
train: epoch 22, iter:40, loss: 0.3476, lr: 9.891625428724362e-05
val epoch: 22, loss: 0.4751
train: epoch 23, iter:0, loss: 0.2567, lr: 9.88110506292922e-05
train: epoch 23, iter:20, loss: 0.3012, lr: 9.88110506292922e-05
train: epoch 23, iter:40, loss: 0.3171, lr: 9.88110506292922e-05
val epoch: 23, loss: 0.4301
train: epoch 24, iter:0, loss: 0.2605, lr: 9.87010425959336e-05
train: epoch 24, iter:20, loss: 0.3342, lr: 9.87010425959336e-05
train: epoch 24, iter:40, loss: 0.3432, lr: 9.87010425959336e-05
val epoch: 24, loss: 0.4549
train: epoch 25, iter:0, loss: 0.2986, lr: 9.858624225078838e-05
train: epoch 25, iter:20, loss: 0.2991, lr: 9.858624225078838e-05
train: epoch 25, iter:40, loss: 0.3056, lr: 9.858624225078838e-05
val epoch: 25, loss: 0.4328
train: epoch 26, iter:0, loss: 0.2725, lr: 9.846666218300805e-05
train: epoch 26, iter:20, loss: 0.3388, lr: 9.846666218300805e-05
train: epoch 26, iter:40, loss: 0.3332, lr: 9.846666218300805e-05
val epoch: 26, loss: 0.5484
train: epoch 27, iter:0, loss: 0.3922, lr: 9.83423155058946e-05
train: epoch 27, iter:20, loss: 0.3113, lr: 9.83423155058946e-05
train: epoch 27, iter:40, loss: 0.3194, lr: 9.83423155058946e-05
val epoch: 27, loss: 0.4411
train: epoch 28, iter:0, loss: 0.3300, lr: 9.821321585546243e-05
train: epoch 28, iter:20, loss: 0.3048, lr: 9.821321585546243e-05
train: epoch 28, iter:40, loss: 0.3128, lr: 9.821321585546243e-05
val epoch: 28, loss: 0.4065
train: epoch 29, iter:0, loss: 0.3650, lr: 9.8079377388943e-05
train: epoch 29, iter:20, loss: 0.3021, lr: 9.8079377388943e-05
train: epoch 29, iter:40, loss: 0.3111, lr: 9.8079377388943e-05
val epoch: 29, loss: 0.4040
train: epoch 30, iter:0, loss: 0.2430, lr: 9.794081478323245e-05
train: epoch 30, iter:20, loss: 0.3074, lr: 9.794081478323245e-05
train: epoch 30, iter:40, loss: 0.2990, lr: 9.794081478323245e-05
val epoch: 30, loss: 0.4942, miou: 0.6733995124692319, f1_or_dsc: 0.8048281446856385, accuracy: 0.9144415524926516, specificity: 0.975480073544254, sensitivity: 0.7247212886739385
train: epoch 31, iter:0, loss: 0.2304, lr: 9.779754323328191e-05
train: epoch 31, iter:20, loss: 0.2958, lr: 9.779754323328191e-05
train: epoch 31, iter:40, loss: 0.2966, lr: 9.779754323328191e-05
val epoch: 31, loss: 0.5004
train: epoch 32, iter:0, loss: 0.2742, lr: 9.764957845043135e-05
train: epoch 32, iter:20, loss: 0.2996, lr: 9.764957845043135e-05
train: epoch 32, iter:40, loss: 0.2919, lr: 9.764957845043135e-05
val epoch: 32, loss: 0.4414
train: epoch 33, iter:0, loss: 0.3107, lr: 9.749693666068665e-05
train: epoch 33, iter:20, loss: 0.3062, lr: 9.749693666068665e-05
train: epoch 33, iter:40, loss: 0.3131, lr: 9.749693666068665e-05
val epoch: 33, loss: 0.4121
train: epoch 34, iter:0, loss: 0.1983, lr: 9.733963460294014e-05
train: epoch 34, iter:20, loss: 0.2980, lr: 9.733963460294014e-05
train: epoch 34, iter:40, loss: 0.2946, lr: 9.733963460294014e-05
val epoch: 34, loss: 0.4630
train: epoch 35, iter:0, loss: 0.2176, lr: 9.71776895271351e-05
train: epoch 35, iter:20, loss: 0.3043, lr: 9.71776895271351e-05
train: epoch 35, iter:40, loss: 0.2985, lr: 9.71776895271351e-05
val epoch: 35, loss: 0.4783
train: epoch 36, iter:0, loss: 0.2844, lr: 9.701111919237405e-05
train: epoch 36, iter:20, loss: 0.2943, lr: 9.701111919237405e-05
train: epoch 36, iter:40, loss: 0.2872, lr: 9.701111919237405e-05
val epoch: 36, loss: 0.4702
train: epoch 37, iter:0, loss: 0.2999, lr: 9.68399418649713e-05
train: epoch 37, iter:20, loss: 0.3003, lr: 9.68399418649713e-05
train: epoch 37, iter:40, loss: 0.2947, lr: 9.68399418649713e-05
val epoch: 37, loss: 0.4117
train: epoch 38, iter:0, loss: 0.2885, lr: 9.666417631644976e-05
train: epoch 38, iter:20, loss: 0.2883, lr: 9.666417631644976e-05
train: epoch 38, iter:40, loss: 0.2967, lr: 9.666417631644976e-05
val epoch: 38, loss: 0.4551
train: epoch 39, iter:0, loss: 0.2924, lr: 9.648384182148252e-05
train: epoch 39, iter:20, loss: 0.2850, lr: 9.648384182148252e-05
train: epoch 39, iter:40, loss: 0.2746, lr: 9.648384182148252e-05
val epoch: 39, loss: 0.4331
train: epoch 40, iter:0, loss: 0.3165, lr: 9.629895815577914e-05
train: epoch 40, iter:20, loss: 0.2989, lr: 9.629895815577914e-05
train: epoch 40, iter:40, loss: 0.2970, lr: 9.629895815577914e-05
val epoch: 40, loss: 0.4193
train: epoch 41, iter:0, loss: 0.3089, lr: 9.610954559391703e-05
train: epoch 41, iter:20, loss: 0.2791, lr: 9.610954559391703e-05
train: epoch 41, iter:40, loss: 0.2760, lr: 9.610954559391703e-05
val epoch: 41, loss: 0.4068
train: epoch 42, iter:0, loss: 0.1796, lr: 9.591562490711808e-05
train: epoch 42, iter:20, loss: 0.2684, lr: 9.591562490711808e-05
train: epoch 42, iter:40, loss: 0.2802, lr: 9.591562490711808e-05
val epoch: 42, loss: 0.4565
train: epoch 43, iter:0, loss: 0.2162, lr: 9.571721736097088e-05
train: epoch 43, iter:20, loss: 0.2690, lr: 9.571721736097088e-05
train: epoch 43, iter:40, loss: 0.2727, lr: 9.571721736097088e-05
val epoch: 43, loss: 0.4071
train: epoch 44, iter:0, loss: 0.2418, lr: 9.55143447130987e-05
train: epoch 44, iter:20, loss: 0.2656, lr: 9.55143447130987e-05
train: epoch 44, iter:40, loss: 0.2929, lr: 9.55143447130987e-05
val epoch: 44, loss: 0.4140
train: epoch 45, iter:0, loss: 0.2620, lr: 9.530702921077357e-05
train: epoch 45, iter:20, loss: 0.2700, lr: 9.530702921077357e-05
train: epoch 45, iter:40, loss: 0.2803, lr: 9.530702921077357e-05
val epoch: 45, loss: 0.4363
train: epoch 46, iter:0, loss: 0.2231, lr: 9.509529358847654e-05
train: epoch 46, iter:20, loss: 0.2966, lr: 9.509529358847654e-05
train: epoch 46, iter:40, loss: 0.2926, lr: 9.509529358847654e-05
val epoch: 46, loss: 0.4298
train: epoch 47, iter:0, loss: 0.3003, lr: 9.487916106540465e-05
train: epoch 47, iter:20, loss: 0.2688, lr: 9.487916106540465e-05
train: epoch 47, iter:40, loss: 0.2739, lr: 9.487916106540465e-05
val epoch: 47, loss: 0.4153
train: epoch 48, iter:0, loss: 0.3043, lr: 9.465865534292464e-05
train: epoch 48, iter:20, loss: 0.2668, lr: 9.465865534292464e-05
train: epoch 48, iter:40, loss: 0.2713, lr: 9.465865534292464e-05
val epoch: 48, loss: 0.4098
train: epoch 49, iter:0, loss: 0.1753, lr: 9.443380060197386e-05
train: epoch 49, iter:20, loss: 0.2503, lr: 9.443380060197386e-05
train: epoch 49, iter:40, loss: 0.2659, lr: 9.443380060197386e-05
val epoch: 49, loss: 0.4124
train: epoch 50, iter:0, loss: 0.2018, lr: 9.420462150040853e-05
train: epoch 50, iter:20, loss: 0.2762, lr: 9.420462150040853e-05
train: epoch 50, iter:40, loss: 0.2756, lr: 9.420462150040853e-05
val epoch: 50, loss: 0.4389
train: epoch 51, iter:0, loss: 0.2428, lr: 9.397114317029975e-05
train: epoch 51, iter:20, loss: 0.2849, lr: 9.397114317029975e-05
train: epoch 51, iter:40, loss: 0.2741, lr: 9.397114317029975e-05
val epoch: 51, loss: 0.4242
train: epoch 52, iter:0, loss: 0.1927, lr: 9.373339121517747e-05
train: epoch 52, iter:20, loss: 0.2703, lr: 9.373339121517747e-05
train: epoch 52, iter:40, loss: 0.2669, lr: 9.373339121517747e-05
val epoch: 52, loss: 0.4061
train: epoch 53, iter:0, loss: 0.2455, lr: 9.349139170722281e-05
train: epoch 53, iter:20, loss: 0.2704, lr: 9.349139170722281e-05
train: epoch 53, iter:40, loss: 0.2700, lr: 9.349139170722281e-05
val epoch: 53, loss: 0.4238
train: epoch 54, iter:0, loss: 0.1718, lr: 9.32451711844089e-05
train: epoch 54, iter:20, loss: 0.2501, lr: 9.32451711844089e-05
train: epoch 54, iter:40, loss: 0.2545, lr: 9.32451711844089e-05
val epoch: 54, loss: 0.4187
train: epoch 55, iter:0, loss: 0.3100, lr: 9.29947566475907e-05
train: epoch 55, iter:20, loss: 0.2817, lr: 9.29947566475907e-05
train: epoch 55, iter:40, loss: 0.2705, lr: 9.29947566475907e-05
val epoch: 55, loss: 0.4940
train: epoch 56, iter:0, loss: 0.3374, lr: 9.274017555754411e-05
train: epoch 56, iter:20, loss: 0.2607, lr: 9.274017555754411e-05
train: epoch 56, iter:40, loss: 0.2732, lr: 9.274017555754411e-05
val epoch: 56, loss: 0.4514
train: epoch 57, iter:0, loss: 0.3199, lr: 9.248145583195451e-05
train: epoch 57, iter:20, loss: 0.2806, lr: 9.248145583195451e-05
train: epoch 57, iter:40, loss: 0.2777, lr: 9.248145583195451e-05
val epoch: 57, loss: 0.3985
train: epoch 58, iter:0, loss: 0.2234, lr: 9.22186258423553e-05
train: epoch 58, iter:20, loss: 0.2660, lr: 9.22186258423553e-05
train: epoch 58, iter:40, loss: 0.2617, lr: 9.22186258423553e-05
val epoch: 58, loss: 0.4488
train: epoch 59, iter:0, loss: 0.2805, lr: 9.195171441101671e-05
train: epoch 59, iter:20, loss: 0.2576, lr: 9.195171441101671e-05
train: epoch 59, iter:40, loss: 0.2576, lr: 9.195171441101671e-05
val epoch: 59, loss: 0.4476
train: epoch 60, iter:0, loss: 0.3336, lr: 9.168075080778497e-05
train: epoch 60, iter:20, loss: 0.2788, lr: 9.168075080778497e-05
train: epoch 60, iter:40, loss: 0.2680, lr: 9.168075080778497e-05
val epoch: 60, loss: 0.4367, miou: 0.7143392663526542, f1_or_dsc: 0.8333697773515368, accuracy: 0.9199007997418395, specificity: 0.9511165488125013, sensitivity: 0.8228758383411855
train: epoch 61, iter:0, loss: 0.2268, lr: 9.140576474687266e-05
train: epoch 61, iter:20, loss: 0.2772, lr: 9.140576474687266e-05
train: epoch 61, iter:40, loss: 0.2698, lr: 9.140576474687266e-05
val epoch: 61, loss: 0.4258
train: epoch 62, iter:0, loss: 0.2677, lr: 9.112678638360019e-05
train: epoch 62, iter:20, loss: 0.2856, lr: 9.112678638360019e-05
train: epoch 62, iter:40, loss: 0.2720, lr: 9.112678638360019e-05
val epoch: 62, loss: 0.4481
train: epoch 63, iter:0, loss: 0.2944, lr: 9.084384631108886e-05
train: epoch 63, iter:20, loss: 0.2573, lr: 9.084384631108886e-05
train: epoch 63, iter:40, loss: 0.2534, lr: 9.084384631108886e-05
val epoch: 63, loss: 0.4339
train: epoch 64, iter:0, loss: 0.2860, lr: 9.055697555690608e-05
train: epoch 64, iter:20, loss: 0.2490, lr: 9.055697555690608e-05
train: epoch 64, iter:40, loss: 0.2695, lr: 9.055697555690608e-05
val epoch: 64, loss: 0.4631
train: epoch 65, iter:0, loss: 0.2711, lr: 9.026620557966282e-05
train: epoch 65, iter:20, loss: 0.2677, lr: 9.026620557966282e-05
train: epoch 65, iter:40, loss: 0.2660, lr: 9.026620557966282e-05
val epoch: 65, loss: 0.3904
train: epoch 66, iter:0, loss: 0.3261, lr: 8.997156826556372e-05
train: epoch 66, iter:20, loss: 0.2593, lr: 8.997156826556372e-05
train: epoch 66, iter:40, loss: 0.2492, lr: 8.997156826556372e-05
val epoch: 66, loss: 0.4241
train: epoch 67, iter:0, loss: 0.4271, lr: 8.967309592491055e-05
train: epoch 67, iter:20, loss: 0.2458, lr: 8.967309592491055e-05
train: epoch 67, iter:40, loss: 0.2482, lr: 8.967309592491055e-05
val epoch: 67, loss: 0.3992
train: epoch 68, iter:0, loss: 0.3027, lr: 8.937082128855894e-05
train: epoch 68, iter:20, loss: 0.2471, lr: 8.937082128855894e-05
train: epoch 68, iter:40, loss: 0.2573, lr: 8.937082128855894e-05
val epoch: 68, loss: 0.4375
train: epoch 69, iter:0, loss: 0.2047, lr: 8.906477750432907e-05
train: epoch 69, iter:20, loss: 0.2551, lr: 8.906477750432907e-05
train: epoch 69, iter:40, loss: 0.2529, lr: 8.906477750432907e-05
val epoch: 69, loss: 0.4118
train: epoch 70, iter:0, loss: 0.2444, lr: 8.875499813337071e-05
train: epoch 70, iter:20, loss: 0.2441, lr: 8.875499813337071e-05
train: epoch 70, iter:40, loss: 0.2417, lr: 8.875499813337071e-05
val epoch: 70, loss: 0.4040
train: epoch 71, iter:0, loss: 0.2634, lr: 8.844151714648278e-05
train: epoch 71, iter:20, loss: 0.2394, lr: 8.844151714648278e-05
train: epoch 71, iter:40, loss: 0.2487, lr: 8.844151714648278e-05
val epoch: 71, loss: 0.4763
train: epoch 72, iter:0, loss: 0.2391, lr: 8.812436892038808e-05
train: epoch 72, iter:20, loss: 0.2428, lr: 8.812436892038808e-05
train: epoch 72, iter:40, loss: 0.2487, lr: 8.812436892038808e-05
val epoch: 72, loss: 0.4211
train: epoch 73, iter:0, loss: 0.3412, lr: 8.780358823396356e-05
train: epoch 73, iter:20, loss: 0.2285, lr: 8.780358823396356e-05
train: epoch 73, iter:40, loss: 0.2475, lr: 8.780358823396356e-05
val epoch: 73, loss: 0.4192
train: epoch 74, iter:0, loss: 0.1759, lr: 8.747921026442633e-05
train: epoch 74, iter:20, loss: 0.2481, lr: 8.747921026442633e-05
train: epoch 74, iter:40, loss: 0.2407, lr: 8.747921026442633e-05
val epoch: 74, loss: 0.4137
train: epoch 75, iter:0, loss: 0.1748, lr: 8.715127058347619e-05
train: epoch 75, iter:20, loss: 0.2399, lr: 8.715127058347619e-05
train: epoch 75, iter:40, loss: 0.2405, lr: 8.715127058347619e-05
val epoch: 75, loss: 0.4483
train: epoch 76, iter:0, loss: 0.3440, lr: 8.681980515339468e-05
train: epoch 76, iter:20, loss: 0.2594, lr: 8.681980515339468e-05
train: epoch 76, iter:40, loss: 0.2544, lr: 8.681980515339468e-05
val epoch: 76, loss: 0.4287
train: epoch 77, iter:0, loss: 0.1985, lr: 8.648485032310149e-05
train: epoch 77, iter:20, loss: 0.2597, lr: 8.648485032310149e-05
train: epoch 77, iter:40, loss: 0.2413, lr: 8.648485032310149e-05
val epoch: 77, loss: 0.4126
train: epoch 78, iter:0, loss: 0.2305, lr: 8.614644282416834e-05
train: epoch 78, iter:20, loss: 0.2673, lr: 8.614644282416834e-05
train: epoch 78, iter:40, loss: 0.2714, lr: 8.614644282416834e-05
val epoch: 78, loss: 0.4151
train: epoch 79, iter:0, loss: 0.2413, lr: 8.580461976679102e-05
train: epoch 79, iter:20, loss: 0.2344, lr: 8.580461976679102e-05
train: epoch 79, iter:40, loss: 0.2442, lr: 8.580461976679102e-05
val epoch: 79, loss: 0.3985
train: epoch 80, iter:0, loss: 0.2067, lr: 8.545941863571975e-05
train: epoch 80, iter:20, loss: 0.2338, lr: 8.545941863571975e-05
train: epoch 80, iter:40, loss: 0.2441, lr: 8.545941863571975e-05
val epoch: 80, loss: 0.4387
train: epoch 81, iter:0, loss: 0.2192, lr: 8.511087728614864e-05
train: epoch 81, iter:20, loss: 0.2491, lr: 8.511087728614864e-05
train: epoch 81, iter:40, loss: 0.2477, lr: 8.511087728614864e-05
val epoch: 81, loss: 0.4030
train: epoch 82, iter:0, loss: 0.2471, lr: 8.475903393956435e-05
train: epoch 82, iter:20, loss: 0.2410, lr: 8.475903393956435e-05
train: epoch 82, iter:40, loss: 0.2406, lr: 8.475903393956435e-05
val epoch: 82, loss: 0.4123
train: epoch 83, iter:0, loss: 0.2068, lr: 8.440392717955477e-05
train: epoch 83, iter:20, loss: 0.2282, lr: 8.440392717955477e-05
train: epoch 83, iter:40, loss: 0.2373, lr: 8.440392717955477e-05
val epoch: 83, loss: 0.3894
train: epoch 84, iter:0, loss: 0.2535, lr: 8.40455959475778e-05
train: epoch 84, iter:20, loss: 0.2314, lr: 8.40455959475778e-05
train: epoch 84, iter:40, loss: 0.2491, lr: 8.40455959475778e-05
val epoch: 84, loss: 0.4209
train: epoch 85, iter:0, loss: 0.2828, lr: 8.368407953869106e-05
train: epoch 85, iter:20, loss: 0.2271, lr: 8.368407953869106e-05
train: epoch 85, iter:40, loss: 0.2324, lr: 8.368407953869106e-05
val epoch: 85, loss: 0.4497
train: epoch 86, iter:0, loss: 0.2628, lr: 8.331941759724271e-05
train: epoch 86, iter:20, loss: 0.2400, lr: 8.331941759724271e-05
train: epoch 86, iter:40, loss: 0.2411, lr: 8.331941759724271e-05
val epoch: 86, loss: 0.4283
train: epoch 87, iter:0, loss: 0.2235, lr: 8.2951650112524e-05
train: epoch 87, iter:20, loss: 0.2311, lr: 8.2951650112524e-05
train: epoch 87, iter:40, loss: 0.2368, lr: 8.2951650112524e-05
val epoch: 87, loss: 0.4036
train: epoch 88, iter:0, loss: 0.2102, lr: 8.258081741438397e-05
train: epoch 88, iter:20, loss: 0.2210, lr: 8.258081741438397e-05
train: epoch 88, iter:40, loss: 0.2269, lr: 8.258081741438397e-05
val epoch: 88, loss: 0.4175
train: epoch 89, iter:0, loss: 0.2480, lr: 8.22069601688069e-05
train: epoch 89, iter:20, loss: 0.2301, lr: 8.22069601688069e-05
train: epoch 89, iter:40, loss: 0.2230, lr: 8.22069601688069e-05
val epoch: 89, loss: 0.3813
train: epoch 90, iter:0, loss: 0.2530, lr: 8.183011937345273e-05
train: epoch 90, iter:20, loss: 0.2149, lr: 8.183011937345273e-05
train: epoch 90, iter:40, loss: 0.2221, lr: 8.183011937345273e-05
val epoch: 90, loss: 0.4494, miou: 0.69636541447239, f1_or_dsc: 0.8210087384845396, accuracy: 0.9189697869933477, specificity: 0.9690024812362236, sensitivity: 0.7634578940479958
train: epoch 91, iter:0, loss: 0.2107, lr: 8.145033635316131e-05
train: epoch 91, iter:20, loss: 0.2365, lr: 8.145033635316131e-05
train: epoch 91, iter:40, loss: 0.2309, lr: 8.145033635316131e-05
val epoch: 91, loss: 0.3808
train: epoch 92, iter:0, loss: 0.2509, lr: 8.106765275542056e-05
train: epoch 92, iter:20, loss: 0.2173, lr: 8.106765275542056e-05
train: epoch 92, iter:40, loss: 0.2305, lr: 8.106765275542056e-05
val epoch: 92, loss: 0.3928
train: epoch 93, iter:0, loss: 0.2031, lr: 8.068211054579945e-05
train: epoch 93, iter:20, loss: 0.2232, lr: 8.068211054579945e-05
train: epoch 93, iter:40, loss: 0.2176, lr: 8.068211054579945e-05
val epoch: 93, loss: 0.3834
train: epoch 94, iter:0, loss: 0.1837, lr: 8.02937520033459e-05
train: epoch 94, iter:20, loss: 0.2142, lr: 8.02937520033459e-05
train: epoch 94, iter:40, loss: 0.2110, lr: 8.02937520033459e-05
val epoch: 94, loss: 0.3767
train: epoch 95, iter:0, loss: 0.2730, lr: 7.99026197159505e-05
train: epoch 95, iter:20, loss: 0.2130, lr: 7.99026197159505e-05
train: epoch 95, iter:40, loss: 0.2283, lr: 7.99026197159505e-05
val epoch: 95, loss: 0.3806
train: epoch 96, iter:0, loss: 0.2122, lr: 7.950875657567623e-05
train: epoch 96, iter:20, loss: 0.2175, lr: 7.950875657567623e-05
train: epoch 96, iter:40, loss: 0.2132, lr: 7.950875657567623e-05
val epoch: 96, loss: 0.4138
train: epoch 97, iter:0, loss: 0.2673, lr: 7.911220577405486e-05
train: epoch 97, iter:20, loss: 0.2592, lr: 7.911220577405486e-05
train: epoch 97, iter:40, loss: 0.2423, lr: 7.911220577405486e-05
val epoch: 97, loss: 0.4084
train: epoch 98, iter:0, loss: 0.3339, lr: 7.871301079735051e-05
train: epoch 98, iter:20, loss: 0.2378, lr: 7.871301079735051e-05
train: epoch 98, iter:40, loss: 0.2341, lr: 7.871301079735051e-05
val epoch: 98, loss: 0.3813
train: epoch 99, iter:0, loss: 0.1852, lr: 7.831121542179088e-05
train: epoch 99, iter:20, loss: 0.2365, lr: 7.831121542179088e-05
train: epoch 99, iter:40, loss: 0.2252, lr: 7.831121542179088e-05
val epoch: 99, loss: 0.4010
train: epoch 100, iter:0, loss: 0.1832, lr: 7.790686370876673e-05
train: epoch 100, iter:20, loss: 0.2196, lr: 7.790686370876673e-05
train: epoch 100, iter:40, loss: 0.2176, lr: 7.790686370876673e-05
val epoch: 100, loss: 0.3983
train: epoch 101, iter:0, loss: 0.3143, lr: 7.750000000000003e-05
train: epoch 101, iter:20, loss: 0.2338, lr: 7.750000000000003e-05
train: epoch 101, iter:40, loss: 0.2272, lr: 7.750000000000003e-05
val epoch: 101, loss: 0.4422
train: epoch 102, iter:0, loss: 0.4541, lr: 7.709066891268137e-05
train: epoch 102, iter:20, loss: 0.2300, lr: 7.709066891268137e-05
train: epoch 102, iter:40, loss: 0.2188, lr: 7.709066891268137e-05
val epoch: 102, loss: 0.3842
train: epoch 103, iter:0, loss: 0.1741, lr: 7.667891533457722e-05
train: epoch 103, iter:20, loss: 0.2127, lr: 7.667891533457722e-05
train: epoch 103, iter:40, loss: 0.2189, lr: 7.667891533457722e-05
val epoch: 103, loss: 0.3911
train: epoch 104, iter:0, loss: 0.1957, lr: 7.626478441910747e-05
train: epoch 104, iter:20, loss: 0.2102, lr: 7.626478441910747e-05
train: epoch 104, iter:40, loss: 0.2134, lr: 7.626478441910747e-05
val epoch: 104, loss: 0.4048
train: epoch 105, iter:0, loss: 0.2284, lr: 7.584832158039382e-05
train: epoch 105, iter:20, loss: 0.2230, lr: 7.584832158039382e-05
train: epoch 105, iter:40, loss: 0.2212, lr: 7.584832158039382e-05
val epoch: 105, loss: 0.4298
train: epoch 106, iter:0, loss: 0.1537, lr: 7.542957248827964e-05
train: epoch 106, iter:20, loss: 0.2162, lr: 7.542957248827964e-05
train: epoch 106, iter:40, loss: 0.2158, lr: 7.542957248827964e-05
val epoch: 106, loss: 0.4290
train: epoch 107, iter:0, loss: 0.2090, lr: 7.500858306332177e-05
train: epoch 107, iter:20, loss: 0.2047, lr: 7.500858306332177e-05
train: epoch 107, iter:40, loss: 0.2049, lr: 7.500858306332177e-05
val epoch: 107, loss: 0.4194
train: epoch 108, iter:0, loss: 0.1537, lr: 7.458539947175478e-05
train: epoch 108, iter:20, loss: 0.1969, lr: 7.458539947175478e-05
train: epoch 108, iter:40, loss: 0.2123, lr: 7.458539947175478e-05
val epoch: 108, loss: 0.4296
train: epoch 109, iter:0, loss: 0.2101, lr: 7.41600681204283e-05
train: epoch 109, iter:20, loss: 0.2217, lr: 7.41600681204283e-05
train: epoch 109, iter:40, loss: 0.2202, lr: 7.41600681204283e-05
val epoch: 109, loss: 0.4136
train: epoch 110, iter:0, loss: 0.2040, lr: 7.373263565171809e-05
train: epoch 110, iter:20, loss: 0.2125, lr: 7.373263565171809e-05
train: epoch 110, iter:40, loss: 0.2155, lr: 7.373263565171809e-05
val epoch: 110, loss: 0.4068
train: epoch 111, iter:0, loss: 0.2419, lr: 7.330314893841104e-05
train: epoch 111, iter:20, loss: 0.2116, lr: 7.330314893841104e-05
train: epoch 111, iter:40, loss: 0.2153, lr: 7.330314893841104e-05
val epoch: 111, loss: 0.4013
train: epoch 112, iter:0, loss: 0.2504, lr: 7.287165507856516e-05
train: epoch 112, iter:20, loss: 0.2172, lr: 7.287165507856516e-05
train: epoch 112, iter:40, loss: 0.2125, lr: 7.287165507856516e-05
val epoch: 112, loss: 0.4088
train: epoch 113, iter:0, loss: 0.2304, lr: 7.243820139034467e-05
train: epoch 113, iter:20, loss: 0.2077, lr: 7.243820139034467e-05
train: epoch 113, iter:40, loss: 0.2074, lr: 7.243820139034467e-05
val epoch: 113, loss: 0.3748
train: epoch 114, iter:0, loss: 0.1779, lr: 7.200283540683105e-05
train: epoch 114, iter:20, loss: 0.2066, lr: 7.200283540683105e-05
train: epoch 114, iter:40, loss: 0.2109, lr: 7.200283540683105e-05
val epoch: 114, loss: 0.4010
train: epoch 115, iter:0, loss: 0.1759, lr: 7.156560487081054e-05
train: epoch 115, iter:20, loss: 0.1951, lr: 7.156560487081054e-05
train: epoch 115, iter:40, loss: 0.2043, lr: 7.156560487081054e-05
val epoch: 115, loss: 0.4017
train: epoch 116, iter:0, loss: 0.1722, lr: 7.112655772953852e-05
train: epoch 116, iter:20, loss: 0.2267, lr: 7.112655772953852e-05
train: epoch 116, iter:40, loss: 0.2132, lr: 7.112655772953852e-05
val epoch: 116, loss: 0.3917
train: epoch 117, iter:0, loss: 0.1949, lr: 7.06857421294817e-05
train: epoch 117, iter:20, loss: 0.2179, lr: 7.06857421294817e-05
train: epoch 117, iter:40, loss: 0.2219, lr: 7.06857421294817e-05
val epoch: 117, loss: 0.4400
train: epoch 118, iter:0, loss: 0.2166, lr: 7.024320641103815e-05
train: epoch 118, iter:20, loss: 0.2011, lr: 7.024320641103815e-05
train: epoch 118, iter:40, loss: 0.2084, lr: 7.024320641103815e-05
val epoch: 118, loss: 0.3872
train: epoch 119, iter:0, loss: 0.2347, lr: 6.979899910323627e-05
train: epoch 119, iter:20, loss: 0.2124, lr: 6.979899910323627e-05
train: epoch 119, iter:40, loss: 0.2099, lr: 6.979899910323627e-05
val epoch: 119, loss: 0.3906
train: epoch 120, iter:0, loss: 0.2300, lr: 6.935316891841318e-05
train: epoch 120, iter:20, loss: 0.2053, lr: 6.935316891841318e-05
train: epoch 120, iter:40, loss: 0.2122, lr: 6.935316891841318e-05
val epoch: 120, loss: 0.4054, miou: 0.736128367278585, f1_or_dsc: 0.8480114502506293, accuracy: 0.9250151945812868, specificity: 0.9461312875408754, sensitivity: 0.8593820393525288
train: epoch 121, iter:0, loss: 0.1827, lr: 6.890576474687267e-05
train: epoch 121, iter:20, loss: 0.1920, lr: 6.890576474687267e-05
train: epoch 121, iter:40, loss: 0.2038, lr: 6.890576474687267e-05
val epoch: 121, loss: 0.4306
train: epoch 122, iter:0, loss: 0.2228, lr: 6.845683565152394e-05
train: epoch 122, iter:20, loss: 0.1995, lr: 6.845683565152394e-05
train: epoch 122, iter:40, loss: 0.1948, lr: 6.845683565152394e-05
val epoch: 122, loss: 0.4246
train: epoch 123, iter:0, loss: 0.2475, lr: 6.800643086250126e-05
train: epoch 123, iter:20, loss: 0.2105, lr: 6.800643086250126e-05
train: epoch 123, iter:40, loss: 0.2070, lr: 6.800643086250126e-05
val epoch: 123, loss: 0.3914
train: epoch 124, iter:0, loss: 0.2097, lr: 6.755459977176537e-05
train: epoch 124, iter:20, loss: 0.2044, lr: 6.755459977176537e-05
train: epoch 124, iter:40, loss: 0.2011, lr: 6.755459977176537e-05
val epoch: 124, loss: 0.4158
train: epoch 125, iter:0, loss: 0.1499, lr: 6.710139192768701e-05
train: epoch 125, iter:20, loss: 0.2035, lr: 6.710139192768701e-05
train: epoch 125, iter:40, loss: 0.2035, lr: 6.710139192768701e-05
val epoch: 125, loss: 0.3959
train: epoch 126, iter:0, loss: 0.1646, lr: 6.66468570296135e-05
train: epoch 126, iter:20, loss: 0.2063, lr: 6.66468570296135e-05
train: epoch 126, iter:40, loss: 0.1959, lr: 6.66468570296135e-05
val epoch: 126, loss: 0.4139
train: epoch 127, iter:0, loss: 0.2355, lr: 6.619104492241852e-05
train: epoch 127, iter:20, loss: 0.2009, lr: 6.619104492241852e-05
train: epoch 127, iter:40, loss: 0.2054, lr: 6.619104492241852e-05
val epoch: 127, loss: 0.3828
train: epoch 128, iter:0, loss: 0.1649, lr: 6.57340055910362e-05
train: epoch 128, iter:20, loss: 0.1931, lr: 6.57340055910362e-05
train: epoch 128, iter:40, loss: 0.1982, lr: 6.57340055910362e-05
val epoch: 128, loss: 0.4161
train: epoch 129, iter:0, loss: 0.2358, lr: 6.527578915497956e-05
train: epoch 129, iter:20, loss: 0.1996, lr: 6.527578915497956e-05
train: epoch 129, iter:40, loss: 0.1960, lr: 6.527578915497956e-05
val epoch: 129, loss: 0.4034
train: epoch 130, iter:0, loss: 0.1794, lr: 6.481644586284449e-05
train: epoch 130, iter:20, loss: 0.2142, lr: 6.481644586284449e-05
train: epoch 130, iter:40, loss: 0.2074, lr: 6.481644586284449e-05
val epoch: 130, loss: 0.4032
train: epoch 131, iter:0, loss: 0.2183, lr: 6.435602608679923e-05
train: epoch 131, iter:20, loss: 0.1924, lr: 6.435602608679923e-05
train: epoch 131, iter:40, loss: 0.1928, lr: 6.435602608679923e-05
val epoch: 131, loss: 0.3925
train: epoch 132, iter:0, loss: 0.2359, lr: 6.389458031706073e-05
train: epoch 132, iter:20, loss: 0.1976, lr: 6.389458031706073e-05
train: epoch 132, iter:40, loss: 0.2054, lr: 6.389458031706073e-05
val epoch: 132, loss: 0.4153
train: epoch 133, iter:0, loss: 0.2502, lr: 6.343215915635769e-05
train: epoch 133, iter:20, loss: 0.1989, lr: 6.343215915635769e-05
train: epoch 133, iter:40, loss: 0.1984, lr: 6.343215915635769e-05
val epoch: 133, loss: 0.4368
train: epoch 134, iter:0, loss: 0.2236, lr: 6.296881331438133e-05
train: epoch 134, iter:20, loss: 0.2016, lr: 6.296881331438133e-05
train: epoch 134, iter:40, loss: 0.1981, lr: 6.296881331438133e-05
val epoch: 134, loss: 0.3908
train: epoch 135, iter:0, loss: 0.2066, lr: 6.250459360222469e-05
train: epoch 135, iter:20, loss: 0.1841, lr: 6.250459360222469e-05
train: epoch 135, iter:40, loss: 0.1899, lr: 6.250459360222469e-05
val epoch: 135, loss: 0.3876
train: epoch 136, iter:0, loss: 0.2113, lr: 6.203955092681049e-05
train: epoch 136, iter:20, loss: 0.1882, lr: 6.203955092681049e-05
train: epoch 136, iter:40, loss: 0.1879, lr: 6.203955092681049e-05
val epoch: 136, loss: 0.4244
train: epoch 137, iter:0, loss: 0.1676, lr: 6.157373628530863e-05
train: epoch 137, iter:20, loss: 0.1953, lr: 6.157373628530863e-05
train: epoch 137, iter:40, loss: 0.1979, lr: 6.157373628530863e-05
val epoch: 137, loss: 0.3923
train: epoch 138, iter:0, loss: 0.2075, lr: 6.11072007595438e-05
train: epoch 138, iter:20, loss: 0.1935, lr: 6.11072007595438e-05
train: epoch 138, iter:40, loss: 0.1976, lr: 6.11072007595438e-05
val epoch: 138, loss: 0.4054
train: epoch 139, iter:0, loss: 0.1938, lr: 6.06399955103938e-05
train: epoch 139, iter:20, loss: 0.1942, lr: 6.06399955103938e-05
train: epoch 139, iter:40, loss: 0.2029, lr: 6.06399955103938e-05
val epoch: 139, loss: 0.3916
train: epoch 140, iter:0, loss: 0.1469, lr: 6.017217177217911e-05
train: epoch 140, iter:20, loss: 0.1936, lr: 6.017217177217911e-05
train: epoch 140, iter:40, loss: 0.1924, lr: 6.017217177217911e-05
val epoch: 140, loss: 0.3956
train: epoch 141, iter:0, loss: 0.1731, lr: 5.970378084704452e-05
train: epoch 141, iter:20, loss: 0.2081, lr: 5.970378084704452e-05
train: epoch 141, iter:40, loss: 0.2011, lr: 5.970378084704452e-05
val epoch: 141, loss: 0.3837
train: epoch 142, iter:0, loss: 0.2295, lr: 5.923487409933326e-05
train: epoch 142, iter:20, loss: 0.1937, lr: 5.923487409933326e-05
train: epoch 142, iter:40, loss: 0.1952, lr: 5.923487409933326e-05
val epoch: 142, loss: 0.4035
train: epoch 143, iter:0, loss: 0.1809, lr: 5.8765502949954305e-05
train: epoch 143, iter:20, loss: 0.1930, lr: 5.8765502949954305e-05
train: epoch 143, iter:40, loss: 0.1979, lr: 5.8765502949954305e-05
val epoch: 143, loss: 0.4204
train: epoch 144, iter:0, loss: 0.3036, lr: 5.8295718870743535e-05
train: epoch 144, iter:20, loss: 0.2009, lr: 5.8295718870743535e-05
train: epoch 144, iter:40, loss: 0.1939, lr: 5.8295718870743535e-05
val epoch: 144, loss: 0.4299
train: epoch 145, iter:0, loss: 0.1929, lr: 5.782557337881921e-05
train: epoch 145, iter:20, loss: 0.1982, lr: 5.782557337881921e-05
train: epoch 145, iter:40, loss: 0.1923, lr: 5.782557337881921e-05
val epoch: 145, loss: 0.4565
train: epoch 146, iter:0, loss: 0.1990, lr: 5.7355118030932584e-05
train: epoch 146, iter:20, loss: 0.1894, lr: 5.7355118030932584e-05
train: epoch 146, iter:40, loss: 0.1887, lr: 5.7355118030932584e-05
val epoch: 146, loss: 0.3941
train: epoch 147, iter:0, loss: 0.1651, lr: 5.68844044178141e-05
train: epoch 147, iter:20, loss: 0.1862, lr: 5.68844044178141e-05
train: epoch 147, iter:40, loss: 0.1878, lr: 5.68844044178141e-05
val epoch: 147, loss: 0.3956
train: epoch 148, iter:0, loss: 0.1928, lr: 5.641348415851587e-05
train: epoch 148, iter:20, loss: 0.1909, lr: 5.641348415851587e-05
train: epoch 148, iter:40, loss: 0.1890, lr: 5.641348415851587e-05
val epoch: 148, loss: 0.3995
train: epoch 149, iter:0, loss: 0.1383, lr: 5.594240889475117e-05
train: epoch 149, iter:20, loss: 0.1793, lr: 5.594240889475117e-05
train: epoch 149, iter:40, loss: 0.1801, lr: 5.594240889475117e-05
val epoch: 149, loss: 0.4215
train: epoch 150, iter:0, loss: 0.1905, lr: 5.547123028523116e-05
train: epoch 150, iter:20, loss: 0.1835, lr: 5.547123028523116e-05
train: epoch 150, iter:40, loss: 0.1850, lr: 5.547123028523116e-05
val epoch: 150, loss: 0.3957, miou: 0.7458159852166779, f1_or_dsc: 0.8544038908248542, accuracy: 0.927646013769773, specificity: 0.9454962456222931, sensitivity: 0.8721638258343496
train: epoch 151, iter:0, loss: 0.1916, lr: 5.5000000000000104e-05
train: epoch 151, iter:20, loss: 0.1811, lr: 5.5000000000000104e-05
train: epoch 151, iter:40, loss: 0.1768, lr: 5.5000000000000104e-05
val epoch: 151, loss: 0.4132
train: epoch 152, iter:0, loss: 0.2275, lr: 5.4528769714769045e-05
train: epoch 152, iter:20, loss: 0.1875, lr: 5.4528769714769045e-05
train: epoch 152, iter:40, loss: 0.1869, lr: 5.4528769714769045e-05
val epoch: 152, loss: 0.3886
train: epoch 153, iter:0, loss: 0.1568, lr: 5.405759110524905e-05
train: epoch 153, iter:20, loss: 0.1921, lr: 5.405759110524905e-05
train: epoch 153, iter:40, loss: 0.1852, lr: 5.405759110524905e-05
val epoch: 153, loss: 0.3903
train: epoch 154, iter:0, loss: 0.1465, lr: 5.3586515841484326e-05
train: epoch 154, iter:20, loss: 0.1727, lr: 5.3586515841484326e-05
train: epoch 154, iter:40, loss: 0.1765, lr: 5.3586515841484326e-05
val epoch: 154, loss: 0.3988
train: epoch 155, iter:0, loss: 0.2025, lr: 5.311559558218611e-05
train: epoch 155, iter:20, loss: 0.1849, lr: 5.311559558218611e-05
train: epoch 155, iter:40, loss: 0.1868, lr: 5.311559558218611e-05
val epoch: 155, loss: 0.4006
train: epoch 156, iter:0, loss: 0.1414, lr: 5.264488196906762e-05
train: epoch 156, iter:20, loss: 0.1740, lr: 5.264488196906762e-05
train: epoch 156, iter:40, loss: 0.1868, lr: 5.264488196906762e-05
val epoch: 156, loss: 0.3981
train: epoch 157, iter:0, loss: 0.1568, lr: 5.2174426621181e-05
train: epoch 157, iter:20, loss: 0.1811, lr: 5.2174426621181e-05
train: epoch 157, iter:40, loss: 0.1793, lr: 5.2174426621181e-05
val epoch: 157, loss: 0.4165
train: epoch 158, iter:0, loss: 0.1665, lr: 5.170428112925667e-05
train: epoch 158, iter:20, loss: 0.1731, lr: 5.170428112925667e-05
train: epoch 158, iter:40, loss: 0.1737, lr: 5.170428112925667e-05
val epoch: 158, loss: 0.3921
train: epoch 159, iter:0, loss: 0.1456, lr: 5.123449705004589e-05
train: epoch 159, iter:20, loss: 0.1684, lr: 5.123449705004589e-05
train: epoch 159, iter:40, loss: 0.1777, lr: 5.123449705004589e-05
val epoch: 159, loss: 0.4096
train: epoch 160, iter:0, loss: 0.2199, lr: 5.076512590066694e-05
train: epoch 160, iter:20, loss: 0.1710, lr: 5.076512590066694e-05
train: epoch 160, iter:40, loss: 0.1773, lr: 5.076512590066694e-05
val epoch: 160, loss: 0.4175
train: epoch 161, iter:0, loss: 0.1545, lr: 5.0296219152955685e-05
train: epoch 161, iter:20, loss: 0.1677, lr: 5.0296219152955685e-05
train: epoch 161, iter:40, loss: 0.1736, lr: 5.0296219152955685e-05
val epoch: 161, loss: 0.3863
train: epoch 162, iter:0, loss: 0.2071, lr: 4.982782822782109e-05
train: epoch 162, iter:20, loss: 0.1801, lr: 4.982782822782109e-05
train: epoch 162, iter:40, loss: 0.1763, lr: 4.982782822782109e-05
val epoch: 162, loss: 0.4117
train: epoch 163, iter:0, loss: 0.1481, lr: 4.9360004489606395e-05
train: epoch 163, iter:20, loss: 0.1716, lr: 4.9360004489606395e-05
train: epoch 163, iter:40, loss: 0.1771, lr: 4.9360004489606395e-05
val epoch: 163, loss: 0.4064
train: epoch 164, iter:0, loss: 0.1605, lr: 4.889279924045639e-05
train: epoch 164, iter:20, loss: 0.1737, lr: 4.889279924045639e-05
train: epoch 164, iter:40, loss: 0.1774, lr: 4.889279924045639e-05
val epoch: 164, loss: 0.4033
train: epoch 165, iter:0, loss: 0.1354, lr: 4.842626371469157e-05
train: epoch 165, iter:20, loss: 0.1744, lr: 4.842626371469157e-05
train: epoch 165, iter:40, loss: 0.1742, lr: 4.842626371469157e-05
val epoch: 165, loss: 0.4272
train: epoch 166, iter:0, loss: 0.1651, lr: 4.79604490731897e-05
train: epoch 166, iter:20, loss: 0.1801, lr: 4.79604490731897e-05
train: epoch 166, iter:40, loss: 0.1738, lr: 4.79604490731897e-05
val epoch: 166, loss: 0.4520
train: epoch 167, iter:0, loss: 0.1852, lr: 4.749540639777547e-05
train: epoch 167, iter:20, loss: 0.1772, lr: 4.749540639777547e-05
train: epoch 167, iter:40, loss: 0.1766, lr: 4.749540639777547e-05
val epoch: 167, loss: 0.3898
train: epoch 168, iter:0, loss: 0.1648, lr: 4.703118668561883e-05
train: epoch 168, iter:20, loss: 0.1764, lr: 4.703118668561883e-05
train: epoch 168, iter:40, loss: 0.1758, lr: 4.703118668561883e-05
val epoch: 168, loss: 0.3891
train: epoch 169, iter:0, loss: 0.1549, lr: 4.656784084364247e-05
train: epoch 169, iter:20, loss: 0.1742, lr: 4.656784084364247e-05
train: epoch 169, iter:40, loss: 0.1740, lr: 4.656784084364247e-05
val epoch: 169, loss: 0.4345
train: epoch 170, iter:0, loss: 0.2031, lr: 4.61054196829394e-05
train: epoch 170, iter:20, loss: 0.1820, lr: 4.61054196829394e-05
train: epoch 170, iter:40, loss: 0.1817, lr: 4.61054196829394e-05
val epoch: 170, loss: 0.4002
train: epoch 171, iter:0, loss: 0.1772, lr: 4.564397391320091e-05
train: epoch 171, iter:20, loss: 0.1774, lr: 4.564397391320091e-05
train: epoch 171, iter:40, loss: 0.1713, lr: 4.564397391320091e-05
val epoch: 171, loss: 0.4125
train: epoch 172, iter:0, loss: 0.2123, lr: 4.518355413715567e-05
train: epoch 172, iter:20, loss: 0.1683, lr: 4.518355413715567e-05
train: epoch 172, iter:40, loss: 0.1681, lr: 4.518355413715567e-05
val epoch: 172, loss: 0.4057
train: epoch 173, iter:0, loss: 0.1768, lr: 4.472421084502058e-05
train: epoch 173, iter:20, loss: 0.1764, lr: 4.472421084502058e-05
train: epoch 173, iter:40, loss: 0.1709, lr: 4.472421084502058e-05
val epoch: 173, loss: 0.4142
train: epoch 174, iter:0, loss: 0.1559, lr: 4.426599440896395e-05
train: epoch 174, iter:20, loss: 0.1779, lr: 4.426599440896395e-05
train: epoch 174, iter:40, loss: 0.1777, lr: 4.426599440896395e-05
val epoch: 174, loss: 0.4166
train: epoch 175, iter:0, loss: 0.1789, lr: 4.380895507758162e-05
train: epoch 175, iter:20, loss: 0.1702, lr: 4.380895507758162e-05
train: epoch 175, iter:40, loss: 0.1768, lr: 4.380895507758162e-05
val epoch: 175, loss: 0.4051
train: epoch 176, iter:0, loss: 0.1643, lr: 4.335314297038665e-05
train: epoch 176, iter:20, loss: 0.1766, lr: 4.335314297038665e-05
train: epoch 176, iter:40, loss: 0.1756, lr: 4.335314297038665e-05
val epoch: 176, loss: 0.4069
train: epoch 177, iter:0, loss: 0.2056, lr: 4.289860807231313e-05
train: epoch 177, iter:20, loss: 0.1656, lr: 4.289860807231313e-05
train: epoch 177, iter:40, loss: 0.1674, lr: 4.289860807231313e-05
val epoch: 177, loss: 0.4166
train: epoch 178, iter:0, loss: 0.1725, lr: 4.2445400228234754e-05
train: epoch 178, iter:20, loss: 0.1688, lr: 4.2445400228234754e-05
train: epoch 178, iter:40, loss: 0.1736, lr: 4.2445400228234754e-05
val epoch: 178, loss: 0.4116
train: epoch 179, iter:0, loss: 0.1974, lr: 4.1993569137498844e-05
train: epoch 179, iter:20, loss: 0.1768, lr: 4.1993569137498844e-05
train: epoch 179, iter:40, loss: 0.1701, lr: 4.1993569137498844e-05
val epoch: 179, loss: 0.4061
train: epoch 180, iter:0, loss: 0.1410, lr: 4.154316434847618e-05
train: epoch 180, iter:20, loss: 0.1663, lr: 4.154316434847618e-05
train: epoch 180, iter:40, loss: 0.1714, lr: 4.154316434847618e-05
val epoch: 180, loss: 0.4202, miou: 0.7468785450644128, f1_or_dsc: 0.8551007134120742, accuracy: 0.9308869012511602, specificity: 0.9608398887396176, sensitivity: 0.8377868622829072
train: epoch 181, iter:0, loss: 0.1393, lr: 4.109423525312744e-05
train: epoch 181, iter:20, loss: 0.1688, lr: 4.109423525312744e-05
train: epoch 181, iter:40, loss: 0.1710, lr: 4.109423525312744e-05
val epoch: 181, loss: 0.4019
train: epoch 182, iter:0, loss: 0.1769, lr: 4.064683108158692e-05
train: epoch 182, iter:20, loss: 0.1798, lr: 4.064683108158692e-05
train: epoch 182, iter:40, loss: 0.1725, lr: 4.064683108158692e-05
val epoch: 182, loss: 0.4249
train: epoch 183, iter:0, loss: 0.1710, lr: 4.020100089676382e-05
train: epoch 183, iter:20, loss: 0.1638, lr: 4.020100089676382e-05
train: epoch 183, iter:40, loss: 0.1667, lr: 4.020100089676382e-05
val epoch: 183, loss: 0.4133
train: epoch 184, iter:0, loss: 0.1490, lr: 3.975679358896196e-05
train: epoch 184, iter:20, loss: 0.1550, lr: 3.975679358896196e-05
train: epoch 184, iter:40, loss: 0.1608, lr: 3.975679358896196e-05
val epoch: 184, loss: 0.3978
train: epoch 185, iter:0, loss: 0.1435, lr: 3.931425787051839e-05
train: epoch 185, iter:20, loss: 0.1632, lr: 3.931425787051839e-05
train: epoch 185, iter:40, loss: 0.1664, lr: 3.931425787051839e-05
val epoch: 185, loss: 0.3993
train: epoch 186, iter:0, loss: 0.1880, lr: 3.8873442270461565e-05
train: epoch 186, iter:20, loss: 0.1675, lr: 3.8873442270461565e-05
train: epoch 186, iter:40, loss: 0.1612, lr: 3.8873442270461565e-05
val epoch: 186, loss: 0.4023
train: epoch 187, iter:0, loss: 0.1686, lr: 3.843439512918957e-05
train: epoch 187, iter:20, loss: 0.1618, lr: 3.843439512918957e-05
train: epoch 187, iter:40, loss: 0.1662, lr: 3.843439512918957e-05
val epoch: 187, loss: 0.3993
train: epoch 188, iter:0, loss: 0.1471, lr: 3.7997164593169046e-05
train: epoch 188, iter:20, loss: 0.1623, lr: 3.7997164593169046e-05
train: epoch 188, iter:40, loss: 0.1638, lr: 3.7997164593169046e-05
val epoch: 188, loss: 0.4287
train: epoch 189, iter:0, loss: 0.1773, lr: 3.756179860965544e-05
train: epoch 189, iter:20, loss: 0.1590, lr: 3.756179860965544e-05
train: epoch 189, iter:40, loss: 0.1630, lr: 3.756179860965544e-05
val epoch: 189, loss: 0.4091
train: epoch 190, iter:0, loss: 0.1547, lr: 3.7128344921434934e-05
train: epoch 190, iter:20, loss: 0.1698, lr: 3.7128344921434934e-05
train: epoch 190, iter:40, loss: 0.1610, lr: 3.7128344921434934e-05
val epoch: 190, loss: 0.3983
train: epoch 191, iter:0, loss: 0.1965, lr: 3.669685106158906e-05
train: epoch 191, iter:20, loss: 0.1603, lr: 3.669685106158906e-05
train: epoch 191, iter:40, loss: 0.1624, lr: 3.669685106158906e-05
val epoch: 191, loss: 0.4155
train: epoch 192, iter:0, loss: 0.1646, lr: 3.6267364348282024e-05
train: epoch 192, iter:20, loss: 0.1583, lr: 3.6267364348282024e-05
train: epoch 192, iter:40, loss: 0.1610, lr: 3.6267364348282024e-05
val epoch: 192, loss: 0.4117
train: epoch 193, iter:0, loss: 0.1563, lr: 3.58399318795718e-05
train: epoch 193, iter:20, loss: 0.1588, lr: 3.58399318795718e-05
train: epoch 193, iter:40, loss: 0.1572, lr: 3.58399318795718e-05
val epoch: 193, loss: 0.4192
train: epoch 194, iter:0, loss: 0.1853, lr: 3.541460052824533e-05
train: epoch 194, iter:20, loss: 0.1662, lr: 3.541460052824533e-05
train: epoch 194, iter:40, loss: 0.1627, lr: 3.541460052824533e-05
val epoch: 194, loss: 0.4475
train: epoch 195, iter:0, loss: 0.1328, lr: 3.499141693667834e-05
train: epoch 195, iter:20, loss: 0.1582, lr: 3.499141693667834e-05
train: epoch 195, iter:40, loss: 0.1619, lr: 3.499141693667834e-05
val epoch: 195, loss: 0.4497
train: epoch 196, iter:0, loss: 0.1677, lr: 3.4570427511720465e-05
train: epoch 196, iter:20, loss: 0.1659, lr: 3.4570427511720465e-05
train: epoch 196, iter:40, loss: 0.1611, lr: 3.4570427511720465e-05
val epoch: 196, loss: 0.4125
train: epoch 197, iter:0, loss: 0.1865, lr: 3.4151678419606305e-05
train: epoch 197, iter:20, loss: 0.1572, lr: 3.4151678419606305e-05
train: epoch 197, iter:40, loss: 0.1559, lr: 3.4151678419606305e-05
val epoch: 197, loss: 0.4019
train: epoch 198, iter:0, loss: 0.1448, lr: 3.373521558089265e-05
train: epoch 198, iter:20, loss: 0.1609, lr: 3.373521558089265e-05
train: epoch 198, iter:40, loss: 0.1619, lr: 3.373521558089265e-05
val epoch: 198, loss: 0.4175
train: epoch 199, iter:0, loss: 0.1384, lr: 3.332108466542288e-05
train: epoch 199, iter:20, loss: 0.1593, lr: 3.332108466542288e-05
train: epoch 199, iter:40, loss: 0.1595, lr: 3.332108466542288e-05
val epoch: 199, loss: 0.4123
train: epoch 200, iter:0, loss: 0.1386, lr: 3.290933108731874e-05
train: epoch 200, iter:20, loss: 0.1514, lr: 3.290933108731874e-05
train: epoch 200, iter:40, loss: 0.1577, lr: 3.290933108731874e-05
val epoch: 200, loss: 0.4399
train: epoch 201, iter:0, loss: 0.1761, lr: 3.2500000000000065e-05
train: epoch 201, iter:20, loss: 0.1657, lr: 3.2500000000000065e-05
train: epoch 201, iter:40, loss: 0.1643, lr: 3.2500000000000065e-05
val epoch: 201, loss: 0.4377
train: epoch 202, iter:0, loss: 0.1356, lr: 3.2093136291233364e-05
train: epoch 202, iter:20, loss: 0.1531, lr: 3.2093136291233364e-05
train: epoch 202, iter:40, loss: 0.1567, lr: 3.2093136291233364e-05
val epoch: 202, loss: 0.4158
train: epoch 203, iter:0, loss: 0.1564, lr: 3.1688784578209223e-05
train: epoch 203, iter:20, loss: 0.1564, lr: 3.1688784578209223e-05
train: epoch 203, iter:40, loss: 0.1549, lr: 3.1688784578209223e-05
val epoch: 203, loss: 0.4493
train: epoch 204, iter:0, loss: 0.1547, lr: 3.128698920264959e-05
train: epoch 204, iter:20, loss: 0.1524, lr: 3.128698920264959e-05
train: epoch 204, iter:40, loss: 0.1547, lr: 3.128698920264959e-05
val epoch: 204, loss: 0.4205
train: epoch 205, iter:0, loss: 0.1482, lr: 3.088779422594524e-05
train: epoch 205, iter:20, loss: 0.1520, lr: 3.088779422594524e-05
train: epoch 205, iter:40, loss: 0.1533, lr: 3.088779422594524e-05
val epoch: 205, loss: 0.4248
train: epoch 206, iter:0, loss: 0.1248, lr: 3.0491243424323874e-05
train: epoch 206, iter:20, loss: 0.1551, lr: 3.0491243424323874e-05
train: epoch 206, iter:40, loss: 0.1531, lr: 3.0491243424323874e-05
val epoch: 206, loss: 0.4125
train: epoch 207, iter:0, loss: 0.1569, lr: 3.0097380284049598e-05
train: epoch 207, iter:20, loss: 0.1539, lr: 3.0097380284049598e-05
train: epoch 207, iter:40, loss: 0.1583, lr: 3.0097380284049598e-05
val epoch: 207, loss: 0.4284
train: epoch 208, iter:0, loss: 0.1566, lr: 2.9706247996654208e-05
train: epoch 208, iter:20, loss: 0.1518, lr: 2.9706247996654208e-05
train: epoch 208, iter:40, loss: 0.1560, lr: 2.9706247996654208e-05
val epoch: 208, loss: 0.4025
train: epoch 209, iter:0, loss: 0.1563, lr: 2.931788945420065e-05
train: epoch 209, iter:20, loss: 0.1566, lr: 2.931788945420065e-05
train: epoch 209, iter:40, loss: 0.1559, lr: 2.931788945420065e-05
val epoch: 209, loss: 0.3858
train: epoch 210, iter:0, loss: 0.1473, lr: 2.893234724457952e-05
train: epoch 210, iter:20, loss: 0.1557, lr: 2.893234724457952e-05
train: epoch 210, iter:40, loss: 0.1574, lr: 2.893234724457952e-05
val epoch: 210, loss: 0.4114, miou: 0.7535497984786441, f1_or_dsc: 0.8594563999635638, accuracy: 0.9318191226166074, specificity: 0.9560704099295176, sensitivity: 0.8564411392107011
train: epoch 211, iter:0, loss: 0.1717, lr: 2.8549663646838785e-05
train: epoch 211, iter:20, loss: 0.1530, lr: 2.8549663646838785e-05
train: epoch 211, iter:40, loss: 0.1535, lr: 2.8549663646838785e-05
val epoch: 211, loss: 0.3983
train: epoch 212, iter:0, loss: 0.1388, lr: 2.8169880626547352e-05
train: epoch 212, iter:20, loss: 0.1485, lr: 2.8169880626547352e-05
train: epoch 212, iter:40, loss: 0.1493, lr: 2.8169880626547352e-05
val epoch: 212, loss: 0.4008
train: epoch 213, iter:0, loss: 0.1682, lr: 2.7793039831193204e-05
train: epoch 213, iter:20, loss: 0.1562, lr: 2.7793039831193204e-05
train: epoch 213, iter:40, loss: 0.1564, lr: 2.7793039831193204e-05
val epoch: 213, loss: 0.4127
train: epoch 214, iter:0, loss: 0.1496, lr: 2.7419182585616138e-05
train: epoch 214, iter:20, loss: 0.1493, lr: 2.7419182585616138e-05
train: epoch 214, iter:40, loss: 0.1523, lr: 2.7419182585616138e-05
val epoch: 214, loss: 0.4080
train: epoch 215, iter:0, loss: 0.1569, lr: 2.7048349887476105e-05
train: epoch 215, iter:20, loss: 0.1529, lr: 2.7048349887476105e-05
train: epoch 215, iter:40, loss: 0.1487, lr: 2.7048349887476105e-05
val epoch: 215, loss: 0.4109
train: epoch 216, iter:0, loss: 0.1621, lr: 2.668058240275739e-05
train: epoch 216, iter:20, loss: 0.1482, lr: 2.668058240275739e-05
train: epoch 216, iter:40, loss: 0.1502, lr: 2.668058240275739e-05
val epoch: 216, loss: 0.4029
train: epoch 217, iter:0, loss: 0.1356, lr: 2.631592046130903e-05
train: epoch 217, iter:20, loss: 0.1487, lr: 2.631592046130903e-05
train: epoch 217, iter:40, loss: 0.1501, lr: 2.631592046130903e-05
val epoch: 217, loss: 0.4103
train: epoch 218, iter:0, loss: 0.1613, lr: 2.59544040524223e-05
train: epoch 218, iter:20, loss: 0.1614, lr: 2.59544040524223e-05
train: epoch 218, iter:40, loss: 0.1532, lr: 2.59544040524223e-05
val epoch: 218, loss: 0.4168
train: epoch 219, iter:0, loss: 0.1400, lr: 2.5596072820445336e-05
train: epoch 219, iter:20, loss: 0.1473, lr: 2.5596072820445336e-05
train: epoch 219, iter:40, loss: 0.1497, lr: 2.5596072820445336e-05
val epoch: 219, loss: 0.3956
train: epoch 220, iter:0, loss: 0.1488, lr: 2.5240966060435724e-05
train: epoch 220, iter:20, loss: 0.1501, lr: 2.5240966060435724e-05
train: epoch 220, iter:40, loss: 0.1533, lr: 2.5240966060435724e-05
val epoch: 220, loss: 0.4066
train: epoch 221, iter:0, loss: 0.1371, lr: 2.4889122713851445e-05
train: epoch 221, iter:20, loss: 0.1464, lr: 2.4889122713851445e-05
train: epoch 221, iter:40, loss: 0.1516, lr: 2.4889122713851445e-05
val epoch: 221, loss: 0.4198
train: epoch 222, iter:0, loss: 0.1605, lr: 2.4540581364280337e-05
train: epoch 222, iter:20, loss: 0.1487, lr: 2.4540581364280337e-05
train: epoch 222, iter:40, loss: 0.1466, lr: 2.4540581364280337e-05
val epoch: 222, loss: 0.4451
train: epoch 223, iter:0, loss: 0.2000, lr: 2.419538023320907e-05
train: epoch 223, iter:20, loss: 0.1555, lr: 2.419538023320907e-05
train: epoch 223, iter:40, loss: 0.1526, lr: 2.419538023320907e-05
val epoch: 223, loss: 0.4184
train: epoch 224, iter:0, loss: 0.1303, lr: 2.3853557175831762e-05
train: epoch 224, iter:20, loss: 0.1525, lr: 2.3853557175831762e-05
train: epoch 224, iter:40, loss: 0.1533, lr: 2.3853557175831762e-05
val epoch: 224, loss: 0.4187
train: epoch 225, iter:0, loss: 0.1551, lr: 2.351514967689861e-05
train: epoch 225, iter:20, loss: 0.1524, lr: 2.351514967689861e-05
train: epoch 225, iter:40, loss: 0.1477, lr: 2.351514967689861e-05
val epoch: 225, loss: 0.4216
train: epoch 226, iter:0, loss: 0.1438, lr: 2.318019484660542e-05
train: epoch 226, iter:20, loss: 0.1515, lr: 2.318019484660542e-05
train: epoch 226, iter:40, loss: 0.1484, lr: 2.318019484660542e-05
val epoch: 226, loss: 0.4190
train: epoch 227, iter:0, loss: 0.1473, lr: 2.2848729416523915e-05
train: epoch 227, iter:20, loss: 0.1434, lr: 2.2848729416523915e-05
train: epoch 227, iter:40, loss: 0.1443, lr: 2.2848729416523915e-05
val epoch: 227, loss: 0.4265
train: epoch 228, iter:0, loss: 0.1689, lr: 2.2520789735573758e-05
train: epoch 228, iter:20, loss: 0.1472, lr: 2.2520789735573758e-05
train: epoch 228, iter:40, loss: 0.1505, lr: 2.2520789735573758e-05
val epoch: 228, loss: 0.4208
train: epoch 229, iter:0, loss: 0.1709, lr: 2.2196411766036546e-05
train: epoch 229, iter:20, loss: 0.1514, lr: 2.2196411766036546e-05
train: epoch 229, iter:40, loss: 0.1491, lr: 2.2196411766036546e-05
val epoch: 229, loss: 0.4237
train: epoch 230, iter:0, loss: 0.1549, lr: 2.1875631079612026e-05
train: epoch 230, iter:20, loss: 0.1425, lr: 2.1875631079612026e-05
train: epoch 230, iter:40, loss: 0.1466, lr: 2.1875631079612026e-05
val epoch: 230, loss: 0.4276
train: epoch 231, iter:0, loss: 0.1477, lr: 2.1558482853517307e-05
train: epoch 231, iter:20, loss: 0.1382, lr: 2.1558482853517307e-05
train: epoch 231, iter:40, loss: 0.1435, lr: 2.1558482853517307e-05
val epoch: 231, loss: 0.4145
train: epoch 232, iter:0, loss: 0.1768, lr: 2.124500186662937e-05
train: epoch 232, iter:20, loss: 0.1510, lr: 2.124500186662937e-05
train: epoch 232, iter:40, loss: 0.1506, lr: 2.124500186662937e-05
val epoch: 232, loss: 0.4247
train: epoch 233, iter:0, loss: 0.1401, lr: 2.093522249567102e-05
train: epoch 233, iter:20, loss: 0.1482, lr: 2.093522249567102e-05
train: epoch 233, iter:40, loss: 0.1466, lr: 2.093522249567102e-05
val epoch: 233, loss: 0.4166
train: epoch 234, iter:0, loss: 0.1154, lr: 2.062917871144115e-05
train: epoch 234, iter:20, loss: 0.1408, lr: 2.062917871144115e-05
train: epoch 234, iter:40, loss: 0.1448, lr: 2.062917871144115e-05
val epoch: 234, loss: 0.4254
train: epoch 235, iter:0, loss: 0.1316, lr: 2.0326904075089536e-05
train: epoch 235, iter:20, loss: 0.1406, lr: 2.0326904075089536e-05
train: epoch 235, iter:40, loss: 0.1439, lr: 2.0326904075089536e-05
val epoch: 235, loss: 0.4109
train: epoch 236, iter:0, loss: 0.1442, lr: 2.0028431734436354e-05
train: epoch 236, iter:20, loss: 0.1486, lr: 2.0028431734436354e-05
train: epoch 236, iter:40, loss: 0.1461, lr: 2.0028431734436354e-05
val epoch: 236, loss: 0.4248
train: epoch 237, iter:0, loss: 0.1415, lr: 1.9733794420337255e-05
train: epoch 237, iter:20, loss: 0.1354, lr: 1.9733794420337255e-05
train: epoch 237, iter:40, loss: 0.1411, lr: 1.9733794420337255e-05
val epoch: 237, loss: 0.4277
train: epoch 238, iter:0, loss: 0.1204, lr: 1.9443024443093982e-05
train: epoch 238, iter:20, loss: 0.1455, lr: 1.9443024443093982e-05
train: epoch 238, iter:40, loss: 0.1443, lr: 1.9443024443093982e-05
val epoch: 238, loss: 0.4171
train: epoch 239, iter:0, loss: 0.1527, lr: 1.9156153688911208e-05
train: epoch 239, iter:20, loss: 0.1459, lr: 1.9156153688911208e-05
train: epoch 239, iter:40, loss: 0.1446, lr: 1.9156153688911208e-05
val epoch: 239, loss: 0.4067
train: epoch 240, iter:0, loss: 0.1637, lr: 1.8873213616399892e-05
train: epoch 240, iter:20, loss: 0.1441, lr: 1.8873213616399892e-05
train: epoch 240, iter:40, loss: 0.1437, lr: 1.8873213616399892e-05
val epoch: 240, loss: 0.4097, miou: 0.755730658493545, f1_or_dsc: 0.8608731126697741, accuracy: 0.9317071744711092, specificity: 0.9522000288691723, sensitivity: 0.8680111727362024
train: epoch 241, iter:0, loss: 0.1870, lr: 1.859423525312741e-05
train: epoch 241, iter:20, loss: 0.1367, lr: 1.859423525312741e-05
train: epoch 241, iter:40, loss: 0.1408, lr: 1.859423525312741e-05
val epoch: 241, loss: 0.4197
train: epoch 242, iter:0, loss: 0.1666, lr: 1.8319249192215093e-05
train: epoch 242, iter:20, loss: 0.1405, lr: 1.8319249192215093e-05
train: epoch 242, iter:40, loss: 0.1438, lr: 1.8319249192215093e-05
val epoch: 242, loss: 0.4095
train: epoch 243, iter:0, loss: 0.1566, lr: 1.8048285588983354e-05
train: epoch 243, iter:20, loss: 0.1460, lr: 1.8048285588983354e-05
train: epoch 243, iter:40, loss: 0.1435, lr: 1.8048285588983354e-05
val epoch: 243, loss: 0.4169
train: epoch 244, iter:0, loss: 0.1634, lr: 1.7781374157644745e-05
train: epoch 244, iter:20, loss: 0.1455, lr: 1.7781374157644745e-05
train: epoch 244, iter:40, loss: 0.1443, lr: 1.7781374157644745e-05
val epoch: 244, loss: 0.4111
train: epoch 245, iter:0, loss: 0.1364, lr: 1.7518544168045555e-05
train: epoch 245, iter:20, loss: 0.1390, lr: 1.7518544168045555e-05
train: epoch 245, iter:40, loss: 0.1420, lr: 1.7518544168045555e-05
val epoch: 245, loss: 0.4130
train: epoch 246, iter:0, loss: 0.1323, lr: 1.7259824442455953e-05
train: epoch 246, iter:20, loss: 0.1441, lr: 1.7259824442455953e-05
train: epoch 246, iter:40, loss: 0.1432, lr: 1.7259824442455953e-05
val epoch: 246, loss: 0.4228
train: epoch 247, iter:0, loss: 0.1192, lr: 1.700524335240935e-05
train: epoch 247, iter:20, loss: 0.1395, lr: 1.700524335240935e-05
train: epoch 247, iter:40, loss: 0.1429, lr: 1.700524335240935e-05
val epoch: 247, loss: 0.4093
train: epoch 248, iter:0, loss: 0.1547, lr: 1.675482881559116e-05
train: epoch 248, iter:20, loss: 0.1355, lr: 1.675482881559116e-05
train: epoch 248, iter:40, loss: 0.1387, lr: 1.675482881559116e-05
val epoch: 248, loss: 0.4226
train: epoch 249, iter:0, loss: 0.1198, lr: 1.650860829277723e-05
train: epoch 249, iter:20, loss: 0.1410, lr: 1.650860829277723e-05
train: epoch 249, iter:40, loss: 0.1422, lr: 1.650860829277723e-05
val epoch: 249, loss: 0.4046
train: epoch 250, iter:0, loss: 0.1611, lr: 1.6266608784822568e-05
train: epoch 250, iter:20, loss: 0.1378, lr: 1.6266608784822568e-05
train: epoch 250, iter:40, loss: 0.1383, lr: 1.6266608784822568e-05
val epoch: 250, loss: 0.4115
train: epoch 251, iter:0, loss: 0.1366, lr: 1.6028856829700293e-05
train: epoch 251, iter:20, loss: 0.1403, lr: 1.6028856829700293e-05
train: epoch 251, iter:40, loss: 0.1379, lr: 1.6028856829700293e-05
val epoch: 251, loss: 0.4295
train: epoch 252, iter:0, loss: 0.1285, lr: 1.5795378499591492e-05
train: epoch 252, iter:20, loss: 0.1451, lr: 1.5795378499591492e-05
train: epoch 252, iter:40, loss: 0.1425, lr: 1.5795378499591492e-05
val epoch: 252, loss: 0.4251
train: epoch 253, iter:0, loss: 0.1668, lr: 1.556619939802616e-05
train: epoch 253, iter:20, loss: 0.1427, lr: 1.556619939802616e-05
train: epoch 253, iter:40, loss: 0.1404, lr: 1.556619939802616e-05
val epoch: 253, loss: 0.4206
train: epoch 254, iter:0, loss: 0.1394, lr: 1.5341344657075372e-05
train: epoch 254, iter:20, loss: 0.1391, lr: 1.5341344657075372e-05
train: epoch 254, iter:40, loss: 0.1416, lr: 1.5341344657075372e-05
val epoch: 254, loss: 0.4260
train: epoch 255, iter:0, loss: 0.1557, lr: 1.5120838934595356e-05
train: epoch 255, iter:20, loss: 0.1435, lr: 1.5120838934595356e-05
train: epoch 255, iter:40, loss: 0.1446, lr: 1.5120838934595356e-05
val epoch: 255, loss: 0.4108
train: epoch 256, iter:0, loss: 0.1670, lr: 1.4904706411523467e-05
train: epoch 256, iter:20, loss: 0.1445, lr: 1.4904706411523467e-05
train: epoch 256, iter:40, loss: 0.1386, lr: 1.4904706411523467e-05
val epoch: 256, loss: 0.4190
train: epoch 257, iter:0, loss: 0.1438, lr: 1.4692970789226446e-05
train: epoch 257, iter:20, loss: 0.1419, lr: 1.4692970789226446e-05
train: epoch 257, iter:40, loss: 0.1443, lr: 1.4692970789226446e-05
val epoch: 257, loss: 0.4079
train: epoch 258, iter:0, loss: 0.1427, lr: 1.4485655286901307e-05
train: epoch 258, iter:20, loss: 0.1401, lr: 1.4485655286901307e-05
train: epoch 258, iter:40, loss: 0.1385, lr: 1.4485655286901307e-05
val epoch: 258, loss: 0.4155
train: epoch 259, iter:0, loss: 0.1514, lr: 1.4282782639029144e-05
train: epoch 259, iter:20, loss: 0.1401, lr: 1.4282782639029144e-05
train: epoch 259, iter:40, loss: 0.1396, lr: 1.4282782639029144e-05
val epoch: 259, loss: 0.4117
train: epoch 260, iter:0, loss: 0.1439, lr: 1.4084375092881932e-05
train: epoch 260, iter:20, loss: 0.1417, lr: 1.4084375092881932e-05
train: epoch 260, iter:40, loss: 0.1361, lr: 1.4084375092881932e-05
val epoch: 260, loss: 0.4285
train: epoch 261, iter:0, loss: 0.1311, lr: 1.389045440608298e-05
train: epoch 261, iter:20, loss: 0.1378, lr: 1.389045440608298e-05
train: epoch 261, iter:40, loss: 0.1416, lr: 1.389045440608298e-05
val epoch: 261, loss: 0.4111
train: epoch 262, iter:0, loss: 0.1845, lr: 1.3701041844220871e-05
train: epoch 262, iter:20, loss: 0.1408, lr: 1.3701041844220871e-05
train: epoch 262, iter:40, loss: 0.1409, lr: 1.3701041844220871e-05
val epoch: 262, loss: 0.4169
train: epoch 263, iter:0, loss: 0.1592, lr: 1.3516158178517484e-05
train: epoch 263, iter:20, loss: 0.1376, lr: 1.3516158178517484e-05
train: epoch 263, iter:40, loss: 0.1361, lr: 1.3516158178517484e-05
val epoch: 263, loss: 0.4187
train: epoch 264, iter:0, loss: 0.1609, lr: 1.3335823683550249e-05
train: epoch 264, iter:20, loss: 0.1329, lr: 1.3335823683550249e-05
train: epoch 264, iter:40, loss: 0.1387, lr: 1.3335823683550249e-05
val epoch: 264, loss: 0.4258
train: epoch 265, iter:0, loss: 0.1441, lr: 1.31600581350287e-05
train: epoch 265, iter:20, loss: 0.1352, lr: 1.31600581350287e-05
train: epoch 265, iter:40, loss: 0.1364, lr: 1.31600581350287e-05
val epoch: 265, loss: 0.4271
train: epoch 266, iter:0, loss: 0.1313, lr: 1.2988880807625931e-05
train: epoch 266, iter:20, loss: 0.1377, lr: 1.2988880807625931e-05
train: epoch 266, iter:40, loss: 0.1373, lr: 1.2988880807625931e-05
val epoch: 266, loss: 0.4216
train: epoch 267, iter:0, loss: 0.1284, lr: 1.2822310472864893e-05
train: epoch 267, iter:20, loss: 0.1341, lr: 1.2822310472864893e-05
train: epoch 267, iter:40, loss: 0.1355, lr: 1.2822310472864893e-05
val epoch: 267, loss: 0.4227
train: epoch 268, iter:0, loss: 0.1229, lr: 1.2660365397059863e-05
train: epoch 268, iter:20, loss: 0.1343, lr: 1.2660365397059863e-05
train: epoch 268, iter:40, loss: 0.1352, lr: 1.2660365397059863e-05
val epoch: 268, loss: 0.4277
train: epoch 269, iter:0, loss: 0.0957, lr: 1.2503063339313363e-05
train: epoch 269, iter:20, loss: 0.1326, lr: 1.2503063339313363e-05
train: epoch 269, iter:40, loss: 0.1339, lr: 1.2503063339313363e-05
val epoch: 269, loss: 0.4200
train: epoch 270, iter:0, loss: 0.1529, lr: 1.2350421549568658e-05
train: epoch 270, iter:20, loss: 0.1351, lr: 1.2350421549568658e-05
train: epoch 270, iter:40, loss: 0.1381, lr: 1.2350421549568658e-05
val epoch: 270, loss: 0.4148, miou: 0.7565349669930871, f1_or_dsc: 0.8613947131245061, accuracy: 0.932711402968605, specificity: 0.9564310374603595, sensitivity: 0.8589859057591509
train: epoch 271, iter:0, loss: 0.1133, lr: 1.2202456766718098e-05
train: epoch 271, iter:20, loss: 0.1409, lr: 1.2202456766718098e-05
train: epoch 271, iter:40, loss: 0.1363, lr: 1.2202456766718098e-05
val epoch: 271, loss: 0.4215
train: epoch 272, iter:0, loss: 0.1315, lr: 1.205918521676755e-05
train: epoch 272, iter:20, loss: 0.1375, lr: 1.205918521676755e-05
train: epoch 272, iter:40, loss: 0.1363, lr: 1.205918521676755e-05
val epoch: 272, loss: 0.4226
train: epoch 273, iter:0, loss: 0.1544, lr: 1.192062261105698e-05
train: epoch 273, iter:20, loss: 0.1357, lr: 1.192062261105698e-05
train: epoch 273, iter:40, loss: 0.1344, lr: 1.192062261105698e-05
val epoch: 273, loss: 0.4253
train: epoch 274, iter:0, loss: 0.1082, lr: 1.1786784144537568e-05
train: epoch 274, iter:20, loss: 0.1367, lr: 1.1786784144537568e-05
train: epoch 274, iter:40, loss: 0.1365, lr: 1.1786784144537568e-05
val epoch: 274, loss: 0.4247
train: epoch 275, iter:0, loss: 0.1413, lr: 1.165768449410539e-05
train: epoch 275, iter:20, loss: 0.1327, lr: 1.165768449410539e-05
train: epoch 275, iter:40, loss: 0.1358, lr: 1.165768449410539e-05
val epoch: 275, loss: 0.4340
train: epoch 276, iter:0, loss: 0.1263, lr: 1.153333781699193e-05
train: epoch 276, iter:20, loss: 0.1324, lr: 1.153333781699193e-05
train: epoch 276, iter:40, loss: 0.1374, lr: 1.153333781699193e-05
val epoch: 276, loss: 0.4152
train: epoch 277, iter:0, loss: 0.1406, lr: 1.1413757749211606e-05
train: epoch 277, iter:20, loss: 0.1452, lr: 1.1413757749211606e-05
train: epoch 277, iter:40, loss: 0.1389, lr: 1.1413757749211606e-05
val epoch: 277, loss: 0.4184
train: epoch 278, iter:0, loss: 0.1144, lr: 1.1298957404066385e-05
train: epoch 278, iter:20, loss: 0.1307, lr: 1.1298957404066385e-05
train: epoch 278, iter:40, loss: 0.1340, lr: 1.1298957404066385e-05
val epoch: 278, loss: 0.4159
train: epoch 279, iter:0, loss: 0.1441, lr: 1.118894937070779e-05
train: epoch 279, iter:20, loss: 0.1276, lr: 1.118894937070779e-05
train: epoch 279, iter:40, loss: 0.1325, lr: 1.118894937070779e-05
val epoch: 279, loss: 0.4224
train: epoch 280, iter:0, loss: 0.1438, lr: 1.1083745712756373e-05
train: epoch 280, iter:20, loss: 0.1362, lr: 1.1083745712756373e-05
train: epoch 280, iter:40, loss: 0.1363, lr: 1.1083745712756373e-05
val epoch: 280, loss: 0.4259
train: epoch 281, iter:0, loss: 0.1254, lr: 1.0983357966978752e-05
train: epoch 281, iter:20, loss: 0.1338, lr: 1.0983357966978752e-05
train: epoch 281, iter:40, loss: 0.1359, lr: 1.0983357966978752e-05
val epoch: 281, loss: 0.4254
train: epoch 282, iter:0, loss: 0.1453, lr: 1.0887797142022524e-05
train: epoch 282, iter:20, loss: 0.1356, lr: 1.0887797142022524e-05
train: epoch 282, iter:40, loss: 0.1329, lr: 1.0887797142022524e-05
val epoch: 282, loss: 0.4221
train: epoch 283, iter:0, loss: 0.1318, lr: 1.0797073717209015e-05
train: epoch 283, iter:20, loss: 0.1349, lr: 1.0797073717209015e-05
train: epoch 283, iter:40, loss: 0.1332, lr: 1.0797073717209015e-05
val epoch: 283, loss: 0.4194
train: epoch 284, iter:0, loss: 0.1201, lr: 1.0711197641384117e-05
train: epoch 284, iter:20, loss: 0.1303, lr: 1.0711197641384117e-05
train: epoch 284, iter:40, loss: 0.1312, lr: 1.0711197641384117e-05
val epoch: 284, loss: 0.4275
train: epoch 285, iter:0, loss: 0.1513, lr: 1.0630178331827276e-05
train: epoch 285, iter:20, loss: 0.1359, lr: 1.0630178331827276e-05
train: epoch 285, iter:40, loss: 0.1345, lr: 1.0630178331827276e-05
val epoch: 285, loss: 0.4215
train: epoch 286, iter:0, loss: 0.1080, lr: 1.0554024673218807e-05
train: epoch 286, iter:20, loss: 0.1350, lr: 1.0554024673218807e-05
train: epoch 286, iter:40, loss: 0.1343, lr: 1.0554024673218807e-05
val epoch: 286, loss: 0.4244
train: epoch 287, iter:0, loss: 0.1200, lr: 1.0482745016665526e-05
train: epoch 287, iter:20, loss: 0.1339, lr: 1.0482745016665526e-05
train: epoch 287, iter:40, loss: 0.1333, lr: 1.0482745016665526e-05
val epoch: 287, loss: 0.4246
train: epoch 288, iter:0, loss: 0.1415, lr: 1.0416347178785039e-05
train: epoch 288, iter:20, loss: 0.1310, lr: 1.0416347178785039e-05
train: epoch 288, iter:40, loss: 0.1333, lr: 1.0416347178785039e-05
val epoch: 288, loss: 0.4291
train: epoch 289, iter:0, loss: 0.1427, lr: 1.0354838440848501e-05
train: epoch 289, iter:20, loss: 0.1354, lr: 1.0354838440848501e-05
train: epoch 289, iter:40, loss: 0.1344, lr: 1.0354838440848501e-05
val epoch: 289, loss: 0.4148
train: epoch 290, iter:0, loss: 0.1384, lr: 1.029822554798216e-05
train: epoch 290, iter:20, loss: 0.1280, lr: 1.029822554798216e-05
train: epoch 290, iter:40, loss: 0.1271, lr: 1.029822554798216e-05
val epoch: 290, loss: 0.4235
train: epoch 291, iter:0, loss: 0.1430, lr: 1.0246514708427702e-05
train: epoch 291, iter:20, loss: 0.1308, lr: 1.0246514708427702e-05
train: epoch 291, iter:40, loss: 0.1335, lr: 1.0246514708427702e-05
val epoch: 291, loss: 0.4237
train: epoch 292, iter:0, loss: 0.1273, lr: 1.01997115928614e-05
train: epoch 292, iter:20, loss: 0.1318, lr: 1.01997115928614e-05
train: epoch 292, iter:40, loss: 0.1318, lr: 1.01997115928614e-05
val epoch: 292, loss: 0.4111
train: epoch 293, iter:0, loss: 0.1273, lr: 1.0157821333772303e-05
train: epoch 293, iter:20, loss: 0.1327, lr: 1.0157821333772303e-05
train: epoch 293, iter:40, loss: 0.1305, lr: 1.0157821333772303e-05
val epoch: 293, loss: 0.4287
train: epoch 294, iter:0, loss: 0.1471, lr: 1.0120848524899386e-05
train: epoch 294, iter:20, loss: 0.1270, lr: 1.0120848524899386e-05
train: epoch 294, iter:40, loss: 0.1330, lr: 1.0120848524899386e-05
val epoch: 294, loss: 0.4211
train: epoch 295, iter:0, loss: 0.1001, lr: 1.0088797220727781e-05
train: epoch 295, iter:20, loss: 0.1313, lr: 1.0088797220727781e-05
train: epoch 295, iter:40, loss: 0.1317, lr: 1.0088797220727781e-05
val epoch: 295, loss: 0.4203
train: epoch 296, iter:0, loss: 0.1323, lr: 1.0061670936044179e-05
train: epoch 296, iter:20, loss: 0.1275, lr: 1.0061670936044179e-05
train: epoch 296, iter:40, loss: 0.1318, lr: 1.0061670936044179e-05
val epoch: 296, loss: 0.4264
train: epoch 297, iter:0, loss: 0.1393, lr: 1.0039472645551374e-05
train: epoch 297, iter:20, loss: 0.1322, lr: 1.0039472645551374e-05
train: epoch 297, iter:40, loss: 0.1323, lr: 1.0039472645551374e-05
val epoch: 297, loss: 0.4256
train: epoch 298, iter:0, loss: 0.1413, lr: 1.002220478354208e-05
train: epoch 298, iter:20, loss: 0.1314, lr: 1.002220478354208e-05
train: epoch 298, iter:40, loss: 0.1359, lr: 1.002220478354208e-05
val epoch: 298, loss: 0.4163
train: epoch 299, iter:0, loss: 0.1290, lr: 1.0009869243631953e-05
train: epoch 299, iter:20, loss: 0.1314, lr: 1.0009869243631953e-05
train: epoch 299, iter:40, loss: 0.1324, lr: 1.0009869243631953e-05
val epoch: 299, loss: 0.4304
train: epoch 300, iter:0, loss: 0.1329, lr: 1.0002467378551954e-05
train: epoch 300, iter:20, loss: 0.1294, lr: 1.0002467378551954e-05
train: epoch 300, iter:40, loss: 0.1287, lr: 1.0002467378551954e-05
val epoch: 300, loss: 0.4263, miou: 0.7517688005655934, f1_or_dsc: 0.8582968258401107, accuracy: 0.930816650390625, specificity: 0.9533561685840855, sensitivity: 0.8607591970916688
#----------Testing----------#
test of best model, best_val_loss: 0.3748, miou: 0.7563201405323324, f1_or_dsc: 0.8612554432167422, accuracy: 0.9315958872880086, specificity: 0.9507024811139178, sensitivity: 0.8722086682191855, confusion_matrix: [[38088466  1975031]
 [ 1647178 11242413]]
=== SWIN-UNET TRAINING COMPLETE ===
