2026-08-07 11:19:00 - #----------Config info----------#
2026-08-07 11:19:00 - network: bgct_egeunet,
2026-08-07 11:19:00 - model_config: {'num_classes': 1, 'input_channels': 3, 'c_list': [8, 16, 24, 32, 48, 64], 'bridge': True, 'gt_ds': True, 'window_size': 8, 'num_heads': 4},
2026-08-07 11:19:00 - datasets: isic18,
2026-08-07 11:19:00 - data_path: ./data/isic2018/,
2026-08-07 11:19:00 - criterion: GT_BceDiceLoss(
  (bcedice): BceDiceLoss(
    (bce): BCELoss(
      (bceloss): BCELoss()
    )
    (dice): DiceLoss()
  )
),
2026-08-07 11:19:00 - num_classes: 1,
2026-08-07 11:19:00 - input_size_h: 256,
2026-08-07 11:19:00 - input_size_w: 256,
2026-08-07 11:19:00 - input_channels: 3,
2026-08-07 11:19:00 - distributed: False,
2026-08-07 11:19:00 - local_rank: -1,
2026-08-07 11:19:00 - num_workers: 8,
2026-08-07 11:19:00 - seed: 42,
2026-08-07 11:19:00 - world_size: None,
2026-08-07 11:19:00 - rank: None,
2026-08-07 11:19:00 - amp: False,
2026-08-07 11:19:00 - gpu_id: 0,
2026-08-07 11:19:00 - batch_size: 64,
2026-08-07 11:19:00 - epochs: 300,
2026-08-07 11:19:00 - gradient_accumulation_steps: 1,
2026-08-07 11:19:00 - lambda_edge: 0.2,
2026-08-07 11:19:00 - edge_warmup_epochs: 20,
2026-08-07 11:19:00 - work_dir: results/bgct_egeunet_isic18_Friday_07_August_2026_11h_19m_00s/,
2026-08-07 11:19:00 - print_interval: 20,
2026-08-07 11:19:00 - val_interval: 30,
2026-08-07 11:19:00 - save_interval: 100,
2026-08-07 11:19:00 - threshold: 0.5,
2026-08-07 11:19:00 - train_transformer: Compose(
    <utils.myNormalize object at 0x7f9b0ddfb070>
    <utils.myToTensor object at 0x7f9b0ddfb0d0>
    <utils.myRandomHorizontalFlip object at 0x7f9b0ddfb100>
    <utils.myRandomVerticalFlip object at 0x7f9b0ddfb160>
    <utils.myRandomRotation object at 0x7f9b0ddfb1c0>
    <utils.myResize object at 0x7f9b0ddfb220>
),
2026-08-07 11:19:00 - test_transformer: Compose(
    <utils.myNormalize object at 0x7f9b0ddfb310>
    <utils.myToTensor object at 0x7f9b0ddfb370>
    <utils.myResize object at 0x7f9b0ddfb3a0>
),
2026-08-07 11:19:00 - opt: AdamW,
2026-08-07 11:19:00 - lr: 0.001,
2026-08-07 11:19:00 - betas: (0.9, 0.999),
2026-08-07 11:19:00 - eps: 1e-08,
2026-08-07 11:19:00 - weight_decay: 0.01,
2026-08-07 11:19:00 - amsgrad: False,
2026-08-07 11:19:00 - sch: CosineAnnealingLR,
2026-08-07 11:19:00 - T_max: 300,
2026-08-07 11:19:00 - eta_min: 1e-05,
2026-08-07 11:19:00 - last_epoch: -1,
2026-08-07 11:19:05 - train: epoch 1, iter:0, loss: 6.5528, lr: 0.001
2026-08-07 11:19:07 - train: epoch 1, iter:20, loss: 3.3447, lr: 0.001
2026-08-07 11:19:22 - val epoch: 1, loss: 2.0214
2026-08-07 11:19:24 - train: epoch 2, iter:0, loss: 2.1933, lr: 0.0009999728588359286
2026-08-07 11:19:26 - train: epoch 2, iter:20, loss: 1.9705, lr: 0.0009999728588359286
2026-08-07 11:19:42 - val epoch: 2, loss: 1.6032
2026-08-07 11:19:44 - train: epoch 3, iter:0, loss: 1.6999, lr: 0.0009998914383200486
2026-08-07 11:19:46 - train: epoch 3, iter:20, loss: 1.4908, lr: 0.0009998914383200486
2026-08-07 11:20:02 - val epoch: 3, loss: 1.5153
2026-08-07 11:20:04 - train: epoch 4, iter:0, loss: 1.3041, lr: 0.0009997557473810372
2026-08-07 11:20:06 - train: epoch 4, iter:20, loss: 1.3527, lr: 0.0009997557473810372
2026-08-07 11:20:22 - val epoch: 4, loss: 1.3064
2026-08-07 11:20:24 - train: epoch 5, iter:0, loss: 1.3210, lr: 0.000999565800898935
2026-08-07 11:20:26 - train: epoch 5, iter:20, loss: 1.2800, lr: 0.000999565800898935
2026-08-07 11:20:42 - val epoch: 5, loss: 1.3127
2026-08-07 11:20:44 - train: epoch 6, iter:0, loss: 1.3860, lr: 0.0009993216197035143
2026-08-07 11:20:46 - train: epoch 6, iter:20, loss: 1.2243, lr: 0.0009993216197035143
2026-08-07 11:21:01 - val epoch: 6, loss: 1.2217
2026-08-07 11:21:03 - train: epoch 7, iter:0, loss: 1.4097, lr: 0.0009990232305719946
2026-08-07 11:21:05 - train: epoch 7, iter:20, loss: 1.1754, lr: 0.0009990232305719946
2026-08-07 11:21:21 - val epoch: 7, loss: 1.2094
2026-08-07 11:21:23 - train: epoch 8, iter:0, loss: 1.1531, lr: 0.0009986706662261067
2026-08-07 11:21:25 - train: epoch 8, iter:20, loss: 1.1590, lr: 0.0009986706662261067
2026-08-07 11:21:40 - val epoch: 8, loss: 1.1990
2026-08-07 11:21:42 - train: epoch 9, iter:0, loss: 1.1432, lr: 0.0009982639653285047
2026-08-07 11:21:44 - train: epoch 9, iter:20, loss: 1.1132, lr: 0.0009982639653285047
2026-08-07 11:22:00 - val epoch: 9, loss: 1.1603
2026-08-07 11:22:02 - train: epoch 10, iter:0, loss: 0.9558, lr: 0.0009978031724785245
2026-08-07 11:22:04 - train: epoch 10, iter:20, loss: 1.2401, lr: 0.0009978031724785245
2026-08-07 11:22:19 - val epoch: 10, loss: 1.1897
2026-08-07 11:22:22 - train: epoch 11, iter:0, loss: 1.1961, lr: 0.0009972883382072953
2026-08-07 11:22:23 - train: epoch 11, iter:20, loss: 1.1084, lr: 0.0009972883382072953
2026-08-07 11:22:39 - val epoch: 11, loss: 1.2789
2026-08-07 11:22:41 - train: epoch 12, iter:0, loss: 1.3888, lr: 0.0009967195189721962
2026-08-07 11:22:43 - train: epoch 12, iter:20, loss: 1.1553, lr: 0.0009967195189721962
2026-08-07 11:22:59 - val epoch: 12, loss: 1.1956
2026-08-07 11:23:00 - train: epoch 13, iter:0, loss: 1.1804, lr: 0.0009960967771506667
2026-08-07 11:23:02 - train: epoch 13, iter:20, loss: 1.0571, lr: 0.0009960967771506667
2026-08-07 11:23:18 - val epoch: 13, loss: 1.2754
2026-08-07 11:23:20 - train: epoch 14, iter:0, loss: 1.3236, lr: 0.0009954201810333646
2026-08-07 11:23:22 - train: epoch 14, iter:20, loss: 1.0967, lr: 0.0009954201810333646
2026-08-07 11:23:38 - val epoch: 14, loss: 1.1886
2026-08-07 11:23:39 - train: epoch 15, iter:0, loss: 0.9215, lr: 0.0009946898048166792
2026-08-07 11:23:41 - train: epoch 15, iter:20, loss: 0.9943, lr: 0.0009946898048166792
2026-08-07 11:23:57 - val epoch: 15, loss: 1.1624
2026-08-07 11:24:00 - train: epoch 16, iter:0, loss: 1.1397, lr: 0.000993905728594593
2026-08-07 11:24:01 - train: epoch 16, iter:20, loss: 1.1191, lr: 0.000993905728594593
2026-08-07 11:24:17 - val epoch: 16, loss: 1.2208
2026-08-07 11:24:19 - train: epoch 17, iter:0, loss: 1.1272, lr: 0.0009930680383498998
2026-08-07 11:24:21 - train: epoch 17, iter:20, loss: 0.9917, lr: 0.0009930680383498998
2026-08-07 11:24:37 - val epoch: 17, loss: 1.1851
2026-08-07 11:24:38 - train: epoch 18, iter:0, loss: 0.9916, lr: 0.0009921768259447744
2026-08-07 11:24:40 - train: epoch 18, iter:20, loss: 0.9692, lr: 0.0009921768259447744
2026-08-07 11:24:56 - val epoch: 18, loss: 1.0740
2026-08-07 11:24:58 - train: epoch 19, iter:0, loss: 1.1838, lr: 0.0009912321891107007
2026-08-07 11:25:00 - train: epoch 19, iter:20, loss: 0.9622, lr: 0.0009912321891107007
2026-08-07 11:25:15 - val epoch: 19, loss: 1.1397
2026-08-07 11:25:17 - train: epoch 20, iter:0, loss: 0.9389, lr: 0.0009902342314377522
2026-08-07 11:25:19 - train: epoch 20, iter:20, loss: 0.9527, lr: 0.0009902342314377522
2026-08-07 11:25:35 - val epoch: 20, loss: 1.2444
2026-08-07 11:25:36 - train: epoch 21, iter:0, loss: 1.0097, lr: 0.0009891830623632338
2026-08-07 11:25:38 - train: epoch 21, iter:20, loss: 0.9187, lr: 0.0009891830623632338
2026-08-07 11:25:54 - val epoch: 21, loss: 1.1728
2026-08-07 11:25:56 - train: epoch 22, iter:0, loss: 1.0264, lr: 0.00098807879715968
2026-08-07 11:25:58 - train: epoch 22, iter:20, loss: 0.9603, lr: 0.00098807879715968
2026-08-07 11:26:13 - val epoch: 22, loss: 1.0945
2026-08-07 11:26:15 - train: epoch 23, iter:0, loss: 0.9345, lr: 0.0009869215569222143
2026-08-07 11:26:17 - train: epoch 23, iter:20, loss: 0.9127, lr: 0.0009869215569222143
2026-08-07 11:26:33 - val epoch: 23, loss: 1.3301
2026-08-07 11:26:35 - train: epoch 24, iter:0, loss: 1.2439, lr: 0.0009857114685552697
2026-08-07 11:26:36 - train: epoch 24, iter:20, loss: 0.9075, lr: 0.0009857114685552697
2026-08-07 11:26:52 - val epoch: 24, loss: 1.1092
2026-08-07 11:26:54 - train: epoch 25, iter:0, loss: 0.7417, lr: 0.0009844486647586721
2026-08-07 11:26:56 - train: epoch 25, iter:20, loss: 0.9015, lr: 0.0009844486647586721
2026-08-07 11:27:12 - val epoch: 25, loss: 1.0971
2026-08-07 11:27:14 - train: epoch 26, iter:0, loss: 0.8324, lr: 0.0009831332840130884
2026-08-07 11:27:16 - train: epoch 26, iter:20, loss: 0.9277, lr: 0.0009831332840130884
2026-08-07 11:27:31 - val epoch: 26, loss: 1.2745
2026-08-07 11:27:33 - train: epoch 27, iter:0, loss: 0.9781, lr: 0.0009817654705648405
2026-08-07 11:27:35 - train: epoch 27, iter:20, loss: 0.9114, lr: 0.0009817654705648405
2026-08-07 11:27:51 - val epoch: 27, loss: 1.2332
2026-08-07 11:27:53 - train: epoch 28, iter:0, loss: 0.9329, lr: 0.0009803453744100864
2026-08-07 11:27:55 - train: epoch 28, iter:20, loss: 0.9488, lr: 0.0009803453744100864
2026-08-07 11:28:11 - val epoch: 28, loss: 1.2391
2026-08-07 11:28:13 - train: epoch 29, iter:0, loss: 0.7154, lr: 0.0009788731512783728
2026-08-07 11:28:15 - train: epoch 29, iter:20, loss: 0.8605, lr: 0.0009788731512783728
2026-08-07 11:28:30 - val epoch: 29, loss: 1.0401
2026-08-07 11:28:32 - train: epoch 30, iter:0, loss: 0.7337, lr: 0.0009773489626155566
2026-08-07 11:28:34 - train: epoch 30, iter:20, loss: 0.8483, lr: 0.0009773489626155566
2026-08-07 11:28:54 - val epoch: 30, loss: 1.0140, miou: 0.7840027578754717, f1_or_dsc: 0.8789254998788485, accuracy: 0.9426366031760036,                 specificity: 0.9707112936247178, sensitivity: 0.8553746973042046, confusion_matrix: [[38890089  1173408]
 [ 1864161 11025430]]
2026-08-07 11:28:56 - train: epoch 31, iter:0, loss: 1.1240, lr: 0.0009757729755661006
2026-08-07 11:28:58 - train: epoch 31, iter:20, loss: 0.8424, lr: 0.0009757729755661006
2026-08-07 11:29:14 - val epoch: 31, loss: 1.1650
2026-08-07 11:29:15 - train: epoch 32, iter:0, loss: 0.9061, lr: 0.0009741453629547445
2026-08-07 11:29:17 - train: epoch 32, iter:20, loss: 0.8452, lr: 0.0009741453629547445
2026-08-07 11:29:33 - val epoch: 32, loss: 1.1015
2026-08-07 11:29:35 - train: epoch 33, iter:0, loss: 0.8274, lr: 0.0009724663032675527
2026-08-07 11:29:37 - train: epoch 33, iter:20, loss: 0.8507, lr: 0.0009724663032675527
2026-08-07 11:29:53 - val epoch: 33, loss: 1.0749
2026-08-07 11:29:54 - train: epoch 34, iter:0, loss: 0.8475, lr: 0.0009707359806323412
2026-08-07 11:29:56 - train: epoch 34, iter:20, loss: 0.8321, lr: 0.0009707359806323412
2026-08-07 11:30:12 - val epoch: 34, loss: 1.0713
2026-08-07 11:30:14 - train: epoch 35, iter:0, loss: 0.7567, lr: 0.0009689545847984858
2026-08-07 11:30:16 - train: epoch 35, iter:20, loss: 0.8298, lr: 0.0009689545847984858
2026-08-07 11:30:32 - val epoch: 35, loss: 1.0968
2026-08-07 11:30:34 - train: epoch 36, iter:0, loss: 0.8753, lr: 0.0009671223111161144
2026-08-07 11:30:35 - train: epoch 36, iter:20, loss: 0.8588, lr: 0.0009671223111161144
2026-08-07 11:30:51 - val epoch: 36, loss: 1.0706
2026-08-07 11:30:53 - train: epoch 37, iter:0, loss: 0.6818, lr: 0.000965239360514684
2026-08-07 11:30:55 - train: epoch 37, iter:20, loss: 0.8164, lr: 0.000965239360514684
2026-08-07 11:31:11 - val epoch: 37, loss: 1.0193
2026-08-07 11:31:12 - train: epoch 38, iter:0, loss: 0.7236, lr: 0.000963305939480947
2026-08-07 11:31:14 - train: epoch 38, iter:20, loss: 0.7742, lr: 0.000963305939480947
2026-08-07 11:31:30 - val epoch: 38, loss: 1.0102
2026-08-07 11:31:32 - train: epoch 39, iter:0, loss: 0.7408, lr: 0.0009613222600363074
2026-08-07 11:31:34 - train: epoch 39, iter:20, loss: 0.8361, lr: 0.0009613222600363074
2026-08-07 11:31:50 - val epoch: 39, loss: 1.0293
2026-08-07 11:31:51 - train: epoch 40, iter:0, loss: 0.8076, lr: 0.0009592885397135703
2026-08-07 11:31:53 - train: epoch 40, iter:20, loss: 0.8042, lr: 0.0009592885397135703
2026-08-07 11:32:09 - val epoch: 40, loss: 1.0520
2026-08-07 11:32:11 - train: epoch 41, iter:0, loss: 0.7420, lr: 0.0009572050015330871
2026-08-07 11:32:13 - train: epoch 41, iter:20, loss: 0.7884, lr: 0.0009572050015330871
2026-08-07 11:32:29 - val epoch: 41, loss: 1.0292
2026-08-07 11:32:30 - train: epoch 42, iter:0, loss: 0.7484, lr: 0.0009550718739782986
2026-08-07 11:32:32 - train: epoch 42, iter:20, loss: 0.7869, lr: 0.0009550718739782986
2026-08-07 11:32:48 - val epoch: 42, loss: 1.0327
2026-08-07 11:32:49 - train: epoch 43, iter:0, loss: 0.8226, lr: 0.0009528893909706794
2026-08-07 11:32:51 - train: epoch 43, iter:20, loss: 0.7588, lr: 0.0009528893909706794
2026-08-07 11:33:07 - val epoch: 43, loss: 0.9772
2026-08-07 11:33:09 - train: epoch 44, iter:0, loss: 0.7139, lr: 0.0009506577918440856
2026-08-07 11:33:11 - train: epoch 44, iter:20, loss: 0.7576, lr: 0.0009506577918440856
2026-08-07 11:33:27 - val epoch: 44, loss: 1.0738
2026-08-07 11:33:29 - train: epoch 45, iter:0, loss: 0.8768, lr: 0.000948377321318509
2026-08-07 11:33:31 - train: epoch 45, iter:20, loss: 0.8075, lr: 0.000948377321318509
2026-08-07 11:33:47 - val epoch: 45, loss: 1.0343
2026-08-07 11:33:49 - train: epoch 46, iter:0, loss: 0.6664, lr: 0.0009460482294732416
2026-08-07 11:33:50 - train: epoch 46, iter:20, loss: 0.7868, lr: 0.0009460482294732416
2026-08-07 11:34:06 - val epoch: 46, loss: 1.0247
2026-08-07 11:34:08 - train: epoch 47, iter:0, loss: 0.6945, lr: 0.0009436707717194508
2026-08-07 11:34:10 - train: epoch 47, iter:20, loss: 0.7541, lr: 0.0009436707717194508
2026-08-07 11:34:26 - val epoch: 47, loss: 1.0202
2026-08-07 11:34:27 - train: epoch 48, iter:0, loss: 0.6670, lr: 0.0009412452087721706
2026-08-07 11:34:29 - train: epoch 48, iter:20, loss: 0.7683, lr: 0.0009412452087721706
2026-08-07 11:34:45 - val epoch: 48, loss: 1.0125
2026-08-07 11:34:47 - train: epoch 49, iter:0, loss: 0.7518, lr: 0.000938771806621712
2026-08-07 11:34:49 - train: epoch 49, iter:20, loss: 0.7430, lr: 0.000938771806621712
2026-08-07 11:35:04 - val epoch: 49, loss: 0.9902
2026-08-07 11:35:06 - train: epoch 50, iter:0, loss: 0.7202, lr: 0.0009362508365044934
2026-08-07 11:35:08 - train: epoch 50, iter:20, loss: 0.7670, lr: 0.0009362508365044934
2026-08-07 11:35:24 - val epoch: 50, loss: 1.0717
2026-08-07 11:35:26 - train: epoch 51, iter:0, loss: 0.8172, lr: 0.0009336825748732968
2026-08-07 11:35:28 - train: epoch 51, iter:20, loss: 0.7434, lr: 0.0009336825748732968
2026-08-07 11:35:43 - val epoch: 51, loss: 1.0592
2026-08-07 11:35:45 - train: epoch 52, iter:0, loss: 0.6745, lr: 0.0009310673033669517
2026-08-07 11:35:47 - train: epoch 52, iter:20, loss: 0.7479, lr: 0.0009310673033669517
2026-08-07 11:36:03 - val epoch: 52, loss: 1.0036
2026-08-07 11:36:04 - train: epoch 53, iter:0, loss: 0.7088, lr: 0.0009284053087794505
2026-08-07 11:36:07 - train: epoch 53, iter:20, loss: 0.7249, lr: 0.0009284053087794505
2026-08-07 11:36:22 - val epoch: 53, loss: 1.2085
2026-08-07 11:36:24 - train: epoch 54, iter:0, loss: 0.6924, lr: 0.0009256968830284974
2026-08-07 11:36:26 - train: epoch 54, iter:20, loss: 0.7984, lr: 0.0009256968830284974
2026-08-07 11:36:42 - val epoch: 54, loss: 1.1837
2026-08-07 11:36:43 - train: epoch 55, iter:0, loss: 0.8453, lr: 0.0009229423231234972
2026-08-07 11:36:45 - train: epoch 55, iter:20, loss: 0.7841, lr: 0.0009229423231234972
2026-08-07 11:37:01 - val epoch: 55, loss: 1.0099
2026-08-07 11:37:03 - train: epoch 56, iter:0, loss: 0.5768, lr: 0.0009201419311329846
2026-08-07 11:37:04 - train: epoch 56, iter:20, loss: 0.7437, lr: 0.0009201419311329846
2026-08-07 11:37:20 - val epoch: 56, loss: 1.0291
2026-08-07 11:37:22 - train: epoch 57, iter:0, loss: 0.7101, lr: 0.0009172960141514989
2026-08-07 11:37:24 - train: epoch 57, iter:20, loss: 0.7751, lr: 0.0009172960141514989
2026-08-07 11:37:40 - val epoch: 57, loss: 1.0284
2026-08-07 11:37:42 - train: epoch 58, iter:0, loss: 0.7767, lr: 0.0009144048842659077
2026-08-07 11:37:44 - train: epoch 58, iter:20, loss: 0.7094, lr: 0.0009144048842659077
2026-08-07 11:37:59 - val epoch: 58, loss: 1.0250
2026-08-07 11:38:01 - train: epoch 59, iter:0, loss: 0.6272, lr: 0.0009114688585211832
2026-08-07 11:38:03 - train: epoch 59, iter:20, loss: 0.7196, lr: 0.0009114688585211832
2026-08-07 11:38:19 - val epoch: 59, loss: 1.0592
2026-08-07 11:38:20 - train: epoch 60, iter:0, loss: 0.6635, lr: 0.0009084882588856339
2026-08-07 11:38:22 - train: epoch 60, iter:20, loss: 0.7720, lr: 0.0009084882588856339
2026-08-07 11:38:42 - val epoch: 60, loss: 1.0637, miou: 0.7658586430086352, f1_or_dsc: 0.8674065118867955, accuracy: 0.9394485360324973,                 specificity: 0.9799157572290806, sensitivity: 0.8136680985455629, confusion_matrix: [[39258852   804645]
 [ 2401742 10487849]]
2026-08-07 11:38:44 - train: epoch 61, iter:0, loss: 0.7477, lr: 0.0009054634122155986
2026-08-07 11:38:46 - train: epoch 61, iter:20, loss: 0.7086, lr: 0.0009054634122155986
2026-08-07 11:39:02 - val epoch: 61, loss: 0.9940
2026-08-07 11:39:03 - train: epoch 62, iter:0, loss: 0.6348, lr: 0.0009023946502196013
2026-08-07 11:39:05 - train: epoch 62, iter:20, loss: 0.7235, lr: 0.0009023946502196013
2026-08-07 11:39:21 - val epoch: 62, loss: 1.2272
2026-08-07 11:39:23 - train: epoch 63, iter:0, loss: 0.9574, lr: 0.0008992823094219767
2026-08-07 11:39:25 - train: epoch 63, iter:20, loss: 0.7636, lr: 0.0008992823094219767
2026-08-07 11:39:40 - val epoch: 63, loss: 1.1906
2026-08-07 11:39:42 - train: epoch 64, iter:0, loss: 1.1307, lr: 0.0008961267311259662
2026-08-07 11:39:44 - train: epoch 64, iter:20, loss: 0.7273, lr: 0.0008961267311259662
2026-08-07 11:40:00 - val epoch: 64, loss: 1.0249
2026-08-07 11:40:02 - train: epoch 65, iter:0, loss: 0.6305, lr: 0.0008929282613762903
2026-08-07 11:40:03 - train: epoch 65, iter:20, loss: 0.7013, lr: 0.0008929282613762903
2026-08-07 11:40:19 - val epoch: 65, loss: 1.0567
2026-08-07 11:40:21 - train: epoch 66, iter:0, loss: 0.6919, lr: 0.0008896872509212002
2026-08-07 11:40:23 - train: epoch 66, iter:20, loss: 0.7069, lr: 0.0008896872509212002
2026-08-07 11:40:39 - val epoch: 66, loss: 1.0469
2026-08-07 11:40:40 - train: epoch 67, iter:0, loss: 0.7681, lr: 0.0008864040551740152
2026-08-07 11:40:42 - train: epoch 67, iter:20, loss: 0.7145, lr: 0.0008864040551740152
2026-08-07 11:40:58 - val epoch: 67, loss: 1.0538
2026-08-07 11:40:59 - train: epoch 68, iter:0, loss: 0.6751, lr: 0.0008830790341741476
2026-08-07 11:41:01 - train: epoch 68, iter:20, loss: 0.7038, lr: 0.0008830790341741476
2026-08-07 11:41:21 - val epoch: 68, loss: 1.0143
2026-08-07 11:41:23 - train: epoch 69, iter:0, loss: 0.7683, lr: 0.000879712552547619
2026-08-07 11:41:24 - train: epoch 69, iter:20, loss: 0.6805, lr: 0.000879712552547619
2026-08-07 11:41:40 - val epoch: 69, loss: 0.9862
2026-08-07 11:41:42 - train: epoch 70, iter:0, loss: 0.7310, lr: 0.0008763049794670771
2026-08-07 11:41:44 - train: epoch 70, iter:20, loss: 0.6803, lr: 0.0008763049794670771
2026-08-07 11:41:59 - val epoch: 70, loss: 1.0836
2026-08-07 11:42:01 - train: epoch 71, iter:0, loss: 0.5625, lr: 0.0008728566886113098
2026-08-07 11:42:03 - train: epoch 71, iter:20, loss: 0.6878, lr: 0.0008728566886113098
2026-08-07 11:42:19 - val epoch: 71, loss: 1.0173
2026-08-07 11:42:21 - train: epoch 72, iter:0, loss: 0.6302, lr: 0.000869368058124268
2026-08-07 11:42:22 - train: epoch 72, iter:20, loss: 0.6869, lr: 0.000869368058124268
2026-08-07 11:42:38 - val epoch: 72, loss: 1.0268
2026-08-07 11:42:40 - train: epoch 73, iter:0, loss: 0.6066, lr: 0.0008658394705735983
2026-08-07 11:42:42 - train: epoch 73, iter:20, loss: 0.6749, lr: 0.0008658394705735983
2026-08-07 11:42:58 - val epoch: 73, loss: 1.0330
2026-08-07 11:43:00 - train: epoch 74, iter:0, loss: 0.7237, lr: 0.0008622713129086888
2026-08-07 11:43:01 - train: epoch 74, iter:20, loss: 0.7312, lr: 0.0008622713129086888
2026-08-07 11:43:17 - val epoch: 74, loss: 1.0098
2026-08-07 11:43:19 - train: epoch 75, iter:0, loss: 0.7169, lr: 0.0008586639764182372
2026-08-07 11:43:21 - train: epoch 75, iter:20, loss: 0.6846, lr: 0.0008586639764182372
2026-08-07 11:43:43 - val epoch: 75, loss: 1.0019
2026-08-07 11:43:45 - train: epoch 76, iter:0, loss: 0.6944, lr: 0.0008550178566873405
2026-08-07 11:43:47 - train: epoch 76, iter:20, loss: 0.6964, lr: 0.0008550178566873405
2026-08-07 11:44:03 - val epoch: 76, loss: 1.0150
2026-08-07 11:44:04 - train: epoch 77, iter:0, loss: 0.6120, lr: 0.0008513333535541156
2026-08-07 11:44:06 - train: epoch 77, iter:20, loss: 0.7004, lr: 0.0008513333535541156
2026-08-07 11:44:22 - val epoch: 77, loss: 1.0775
2026-08-07 11:44:24 - train: epoch 78, iter:0, loss: 0.7294, lr: 0.0008476108710658509
2026-08-07 11:44:26 - train: epoch 78, iter:20, loss: 0.6585, lr: 0.0008476108710658509
2026-08-07 11:44:42 - val epoch: 78, loss: 1.0392
2026-08-07 11:44:44 - train: epoch 79, iter:0, loss: 0.6361, lr: 0.0008438508174347005
2026-08-07 11:44:45 - train: epoch 79, iter:20, loss: 0.6735, lr: 0.0008438508174347005
2026-08-07 11:45:01 - val epoch: 79, loss: 1.1115
2026-08-07 11:45:03 - train: epoch 80, iter:0, loss: 0.4983, lr: 0.0008400536049929166
2026-08-07 11:45:05 - train: epoch 80, iter:20, loss: 0.6908, lr: 0.0008400536049929166
2026-08-07 11:45:21 - val epoch: 80, loss: 1.0582
2026-08-07 11:45:22 - train: epoch 81, iter:0, loss: 0.6887, lr: 0.0008362196501476343
2026-08-07 11:45:24 - train: epoch 81, iter:20, loss: 0.7168, lr: 0.0008362196501476343
2026-08-07 11:45:40 - val epoch: 81, loss: 1.0459
2026-08-07 11:45:42 - train: epoch 82, iter:0, loss: 0.7409, lr: 0.0008323493733352072
2026-08-07 11:45:44 - train: epoch 82, iter:20, loss: 0.6994, lr: 0.0008323493733352072
2026-08-07 11:46:00 - val epoch: 82, loss: 1.2069
2026-08-07 11:46:02 - train: epoch 83, iter:0, loss: 0.8150, lr: 0.0008284431989751018
2026-08-07 11:46:04 - train: epoch 83, iter:20, loss: 0.6951, lr: 0.0008284431989751018
2026-08-07 11:46:19 - val epoch: 83, loss: 1.0375
2026-08-07 11:46:21 - train: epoch 84, iter:0, loss: 0.7196, lr: 0.000824501555423355
2026-08-07 11:46:23 - train: epoch 84, iter:20, loss: 0.6901, lr: 0.000824501555423355
2026-08-07 11:46:39 - val epoch: 84, loss: 1.0533
2026-08-07 11:46:41 - train: epoch 85, iter:0, loss: 0.7041, lr: 0.0008205248749256009
2026-08-07 11:46:43 - train: epoch 85, iter:20, loss: 0.6861, lr: 0.0008205248749256009
2026-08-07 11:46:59 - val epoch: 85, loss: 1.0289
2026-08-07 11:47:00 - train: epoch 86, iter:0, loss: 0.7560, lr: 0.000816513593569669
2026-08-07 11:47:02 - train: epoch 86, iter:20, loss: 0.6500, lr: 0.000816513593569669
2026-08-07 11:47:18 - val epoch: 86, loss: 1.0423
2026-08-07 11:47:20 - train: epoch 87, iter:0, loss: 0.7704, lr: 0.0008124681512377632
2026-08-07 11:47:22 - train: epoch 87, iter:20, loss: 0.6663, lr: 0.0008124681512377632
2026-08-07 11:47:38 - val epoch: 87, loss: 1.2639
2026-08-07 11:47:39 - train: epoch 88, iter:0, loss: 0.7350, lr: 0.000808388991558223
2026-08-07 11:47:41 - train: epoch 88, iter:20, loss: 0.6909, lr: 0.000808388991558223
2026-08-07 11:47:57 - val epoch: 88, loss: 1.0486
2026-08-07 11:47:59 - train: epoch 89, iter:0, loss: 0.6871, lr: 0.0008042765618568752
2026-08-07 11:48:01 - train: epoch 89, iter:20, loss: 0.6540, lr: 0.0008042765618568752
2026-08-07 11:48:17 - val epoch: 89, loss: 0.9948
2026-08-07 11:48:19 - train: epoch 90, iter:0, loss: 0.7096, lr: 0.0008001313131079794
2026-08-07 11:48:21 - train: epoch 90, iter:20, loss: 0.6576, lr: 0.0008001313131079794
2026-08-07 11:48:40 - val epoch: 90, loss: 1.0855, miou: 0.7680662668409131, f1_or_dsc: 0.8688206785521145, accuracy: 0.9374397013447072,                 specificity: 0.9652144444605023, sensitivity: 0.851110093407929, confusion_matrix: [[38669866  1393631]
 [ 1919130 10970461]]
2026-08-07 11:48:43 - train: epoch 91, iter:0, loss: 0.7679, lr: 0.0007959536998847737
2026-08-07 11:48:44 - train: epoch 91, iter:20, loss: 0.6718, lr: 0.0007959536998847737
2026-08-07 11:49:00 - val epoch: 91, loss: 1.0406
2026-08-07 11:49:02 - train: epoch 92, iter:0, loss: 0.7007, lr: 0.0007917441803096255
2026-08-07 11:49:04 - train: epoch 92, iter:20, loss: 0.6613, lr: 0.0007917441803096255
2026-08-07 11:49:19 - val epoch: 92, loss: 1.0303
2026-08-07 11:49:22 - train: epoch 93, iter:0, loss: 0.6938, lr: 0.0007875032160037932
2026-08-07 11:49:23 - train: epoch 93, iter:20, loss: 0.6830, lr: 0.0007875032160037932
2026-08-07 11:49:39 - val epoch: 93, loss: 1.0989
2026-08-07 11:49:41 - train: epoch 94, iter:0, loss: 0.5724, lr: 0.0007832312720368042
2026-08-07 11:49:43 - train: epoch 94, iter:20, loss: 0.6606, lr: 0.0007832312720368042
2026-08-07 11:49:59 - val epoch: 94, loss: 1.0413
2026-08-07 11:50:01 - train: epoch 95, iter:0, loss: 0.8109, lr: 0.0007789288168754548
2026-08-07 11:50:02 - train: epoch 95, iter:20, loss: 0.6597, lr: 0.0007789288168754548
2026-08-07 11:50:18 - val epoch: 95, loss: 1.1145
2026-08-07 11:50:20 - train: epoch 96, iter:0, loss: 0.7213, lr: 0.0007745963223324379
2026-08-07 11:50:22 - train: epoch 96, iter:20, loss: 0.6595, lr: 0.0007745963223324379
2026-08-07 11:50:38 - val epoch: 96, loss: 1.1243
2026-08-07 11:50:40 - train: epoch 97, iter:0, loss: 0.5577, lr: 0.0007702342635146028
2026-08-07 11:50:41 - train: epoch 97, iter:20, loss: 0.6566, lr: 0.0007702342635146028
2026-08-07 11:50:57 - val epoch: 97, loss: 1.0379
2026-08-07 11:50:59 - train: epoch 98, iter:0, loss: 0.7217, lr: 0.000765843118770855
2026-08-07 11:51:01 - train: epoch 98, iter:20, loss: 0.6446, lr: 0.000765843118770855
2026-08-07 11:51:17 - val epoch: 98, loss: 1.0649
2026-08-07 11:51:19 - train: epoch 99, iter:0, loss: 0.7124, lr: 0.0007614233696396991
2026-08-07 11:51:20 - train: epoch 99, iter:20, loss: 0.6644, lr: 0.0007614233696396991
2026-08-07 11:51:36 - val epoch: 99, loss: 1.0796
2026-08-07 11:51:38 - train: epoch 100, iter:0, loss: 0.6246, lr: 0.0007569755007964334
2026-08-07 11:51:40 - train: epoch 100, iter:20, loss: 0.6592, lr: 0.0007569755007964334
2026-08-07 11:51:56 - val epoch: 100, loss: 1.1225
2026-08-07 11:51:58 - train: epoch 101, iter:0, loss: 0.5858, lr: 0.0007524999999999996
2026-08-07 11:52:00 - train: epoch 101, iter:20, loss: 0.6365, lr: 0.0007524999999999996
2026-08-07 11:52:15 - val epoch: 101, loss: 1.0397
2026-08-07 11:52:17 - train: epoch 102, iter:0, loss: 0.5538, lr: 0.0007479973580394943
2026-08-07 11:52:19 - train: epoch 102, iter:20, loss: 0.6733, lr: 0.0007479973580394943
2026-08-07 11:52:35 - val epoch: 102, loss: 1.0584
2026-08-07 11:52:37 - train: epoch 103, iter:0, loss: 0.7051, lr: 0.0007434680686803487
2026-08-07 11:52:39 - train: epoch 103, iter:20, loss: 0.6384, lr: 0.0007434680686803487
2026-08-07 11:52:54 - val epoch: 103, loss: 1.0424
2026-08-07 11:52:56 - train: epoch 104, iter:0, loss: 0.6350, lr: 0.0007389126286101815
2026-08-07 11:52:58 - train: epoch 104, iter:20, loss: 0.6382, lr: 0.0007389126286101815
2026-08-07 11:53:14 - val epoch: 104, loss: 1.0218
2026-08-07 11:53:15 - train: epoch 105, iter:0, loss: 0.6423, lr: 0.0007343315373843313
2026-08-07 11:53:17 - train: epoch 105, iter:20, loss: 0.6435, lr: 0.0007343315373843313
2026-08-07 11:53:33 - val epoch: 105, loss: 1.0799
2026-08-07 11:53:35 - train: epoch 106, iter:0, loss: 0.6044, lr: 0.0007297252973710753
2026-08-07 11:53:37 - train: epoch 106, iter:20, loss: 0.6289, lr: 0.0007297252973710753
2026-08-07 11:53:52 - val epoch: 106, loss: 1.0692
2026-08-07 11:53:54 - train: epoch 107, iter:0, loss: 0.6095, lr: 0.0007250944136965387
2026-08-07 11:53:56 - train: epoch 107, iter:20, loss: 0.6390, lr: 0.0007250944136965387
2026-08-07 11:54:12 - val epoch: 107, loss: 1.0203
2026-08-07 11:54:13 - train: epoch 108, iter:0, loss: 0.7787, lr: 0.0007204393941893019
2026-08-07 11:54:15 - train: epoch 108, iter:20, loss: 0.6285, lr: 0.0007204393941893019
2026-08-07 11:54:31 - val epoch: 108, loss: 1.0303
2026-08-07 11:54:32 - train: epoch 109, iter:0, loss: 0.7536, lr: 0.0007157607493247106
2026-08-07 11:54:34 - train: epoch 109, iter:20, loss: 0.6648, lr: 0.0007157607493247106
2026-08-07 11:54:50 - val epoch: 109, loss: 1.0480
2026-08-07 11:54:52 - train: epoch 110, iter:0, loss: 0.6011, lr: 0.0007110589921688983
2026-08-07 11:54:53 - train: epoch 110, iter:20, loss: 0.6371, lr: 0.0007110589921688983
2026-08-07 11:55:09 - val epoch: 110, loss: 1.0365
2026-08-07 11:55:11 - train: epoch 111, iter:0, loss: 0.6337, lr: 0.0007063346383225208
2026-08-07 11:55:13 - train: epoch 111, iter:20, loss: 0.6145, lr: 0.0007063346383225208
2026-08-07 11:55:29 - val epoch: 111, loss: 1.0540
2026-08-07 11:55:30 - train: epoch 112, iter:0, loss: 0.6331, lr: 0.0007015882058642161
2026-08-07 11:55:32 - train: epoch 112, iter:20, loss: 0.6319, lr: 0.0007015882058642161
2026-08-07 11:55:48 - val epoch: 112, loss: 1.0459
2026-08-07 11:55:50 - train: epoch 113, iter:0, loss: 0.6848, lr: 0.0006968202152937907
2026-08-07 11:55:52 - train: epoch 113, iter:20, loss: 0.6468, lr: 0.0006968202152937907
2026-08-07 11:56:07 - val epoch: 113, loss: 1.0726
2026-08-07 11:56:09 - train: epoch 114, iter:0, loss: 0.6848, lr: 0.000692031189475141
2026-08-07 11:56:11 - train: epoch 114, iter:20, loss: 0.6167, lr: 0.000692031189475141
2026-08-07 11:56:26 - val epoch: 114, loss: 1.1018
2026-08-07 11:56:28 - train: epoch 115, iter:0, loss: 0.6896, lr: 0.0006872216535789155
2026-08-07 11:56:30 - train: epoch 115, iter:20, loss: 0.6292, lr: 0.0006872216535789155
2026-08-07 11:56:45 - val epoch: 115, loss: 1.0497
2026-08-07 11:56:47 - train: epoch 116, iter:0, loss: 0.5732, lr: 0.0006823921350249233
2026-08-07 11:56:49 - train: epoch 116, iter:20, loss: 0.6378, lr: 0.0006823921350249233
2026-08-07 11:57:05 - val epoch: 116, loss: 1.0477
2026-08-07 11:57:07 - train: epoch 117, iter:0, loss: 0.6961, lr: 0.0006775431634242984
2026-08-07 11:57:08 - train: epoch 117, iter:20, loss: 0.6103, lr: 0.0006775431634242984
2026-08-07 11:57:24 - val epoch: 117, loss: 1.0455
2026-08-07 11:57:26 - train: epoch 118, iter:0, loss: 0.6364, lr: 0.0006726752705214191
2026-08-07 11:57:28 - train: epoch 118, iter:20, loss: 0.6224, lr: 0.0006726752705214191
2026-08-07 11:57:44 - val epoch: 118, loss: 1.0533
2026-08-07 11:57:45 - train: epoch 119, iter:0, loss: 0.5700, lr: 0.0006677889901355985
2026-08-07 11:57:47 - train: epoch 119, iter:20, loss: 0.6167, lr: 0.0006677889901355985
2026-08-07 11:58:03 - val epoch: 119, loss: 1.0250
2026-08-07 11:58:05 - train: epoch 120, iter:0, loss: 0.5973, lr: 0.0006628848581025445
2026-08-07 11:58:06 - train: epoch 120, iter:20, loss: 0.6241, lr: 0.0006628848581025445
2026-08-07 11:58:26 - val epoch: 120, loss: 1.0492, miou: 0.7748734399898948, f1_or_dsc: 0.8731590912694107, accuracy: 0.9382053979552618,                 specificity: 0.9589299206706794, sensitivity: 0.8737893234936625, confusion_matrix: [[38418086  1645411]
 [ 1626804 11262787]]
2026-08-07 11:58:28 - train: epoch 121, iter:0, loss: 0.6340, lr: 0.0006579634122155989
2026-08-07 11:58:30 - train: epoch 121, iter:20, loss: 0.6213, lr: 0.0006579634122155989
2026-08-07 11:58:45 - val epoch: 121, loss: 1.1147
2026-08-07 11:58:47 - train: epoch 122, iter:0, loss: 0.5847, lr: 0.0006530251921667629
2026-08-07 11:58:49 - train: epoch 122, iter:20, loss: 0.6066, lr: 0.0006530251921667629
2026-08-07 11:59:05 - val epoch: 122, loss: 1.0957
2026-08-07 11:59:06 - train: epoch 123, iter:0, loss: 0.5371, lr: 0.0006480707394875134
2026-08-07 11:59:08 - train: epoch 123, iter:20, loss: 0.5990, lr: 0.0006480707394875134
2026-08-07 11:59:24 - val epoch: 123, loss: 1.1091
2026-08-07 11:59:26 - train: epoch 124, iter:0, loss: 0.4984, lr: 0.0006431005974894185
2026-08-07 11:59:28 - train: epoch 124, iter:20, loss: 0.6088, lr: 0.0006431005974894185
2026-08-07 11:59:43 - val epoch: 124, loss: 1.0812
2026-08-07 11:59:45 - train: epoch 125, iter:0, loss: 0.5622, lr: 0.0006381153112045565
2026-08-07 11:59:47 - train: epoch 125, iter:20, loss: 0.5908, lr: 0.0006381153112045565
2026-08-07 12:00:03 - val epoch: 125, loss: 1.0898
2026-08-07 12:00:05 - train: epoch 126, iter:0, loss: 0.6186, lr: 0.0006331154273257479
2026-08-07 12:00:07 - train: epoch 126, iter:20, loss: 0.6075, lr: 0.0006331154273257479
2026-08-07 12:00:23 - val epoch: 126, loss: 1.1457
2026-08-07 12:00:25 - train: epoch 127, iter:0, loss: 0.5983, lr: 0.000628101494146603
2026-08-07 12:00:27 - train: epoch 127, iter:20, loss: 0.5896, lr: 0.000628101494146603
2026-08-07 12:00:43 - val epoch: 127, loss: 1.0559
2026-08-07 12:00:44 - train: epoch 128, iter:0, loss: 0.7121, lr: 0.0006230740615013976
2026-08-07 12:00:46 - train: epoch 128, iter:20, loss: 0.6110, lr: 0.0006230740615013976
2026-08-07 12:01:02 - val epoch: 128, loss: 1.1827
2026-08-07 12:01:04 - train: epoch 129, iter:0, loss: 0.5363, lr: 0.0006180336807047746
2026-08-07 12:01:05 - train: epoch 129, iter:20, loss: 0.6123, lr: 0.0006180336807047746
2026-08-07 12:01:21 - val epoch: 129, loss: 1.0792
2026-08-07 12:01:23 - train: epoch 130, iter:0, loss: 0.6056, lr: 0.0006129809044912887
2026-08-07 12:01:25 - train: epoch 130, iter:20, loss: 0.6127, lr: 0.0006129809044912887
2026-08-07 12:01:41 - val epoch: 130, loss: 1.0555
2026-08-07 12:01:43 - train: epoch 131, iter:0, loss: 0.5370, lr: 0.0006079162869547909
2026-08-07 12:01:45 - train: epoch 131, iter:20, loss: 0.5898, lr: 0.0006079162869547909
2026-08-07 12:02:01 - val epoch: 131, loss: 1.0575
2026-08-07 12:02:02 - train: epoch 132, iter:0, loss: 0.5777, lr: 0.0006028403834876673
2026-08-07 12:02:04 - train: epoch 132, iter:20, loss: 0.5829, lr: 0.0006028403834876673
2026-08-07 12:02:20 - val epoch: 132, loss: 1.0901
2026-08-07 12:02:21 - train: epoch 133, iter:0, loss: 0.5705, lr: 0.0005977537507199337
2026-08-07 12:02:23 - train: epoch 133, iter:20, loss: 0.6092, lr: 0.0005977537507199337
2026-08-07 12:02:39 - val epoch: 133, loss: 1.1202
2026-08-07 12:02:41 - train: epoch 134, iter:0, loss: 0.5830, lr: 0.0005926569464581937
2026-08-07 12:02:43 - train: epoch 134, iter:20, loss: 0.5954, lr: 0.0005926569464581937
2026-08-07 12:02:58 - val epoch: 134, loss: 1.1147
2026-08-07 12:03:00 - train: epoch 135, iter:0, loss: 0.5804, lr: 0.0005875505296244705
2026-08-07 12:03:02 - train: epoch 135, iter:20, loss: 0.5906, lr: 0.0005875505296244705
2026-08-07 12:03:18 - val epoch: 135, loss: 1.1599
2026-08-07 12:03:19 - train: epoch 136, iter:0, loss: 0.4866, lr: 0.0005824350601949142
2026-08-07 12:03:21 - train: epoch 136, iter:20, loss: 0.5824, lr: 0.0005824350601949142
2026-08-07 12:03:37 - val epoch: 136, loss: 1.1000
2026-08-07 12:03:39 - train: epoch 137, iter:0, loss: 0.5328, lr: 0.0005773110991383937
2026-08-07 12:03:40 - train: epoch 137, iter:20, loss: 0.5833, lr: 0.0005773110991383937
2026-08-07 12:03:56 - val epoch: 137, loss: 1.1046
2026-08-07 12:03:58 - train: epoch 138, iter:0, loss: 0.4975, lr: 0.0005721792083549806
2026-08-07 12:03:59 - train: epoch 138, iter:20, loss: 0.5910, lr: 0.0005721792083549806
2026-08-07 12:04:15 - val epoch: 138, loss: 1.0669
2026-08-07 12:04:17 - train: epoch 139, iter:0, loss: 0.6144, lr: 0.0005670399506143306
2026-08-07 12:04:19 - train: epoch 139, iter:20, loss: 0.5743, lr: 0.0005670399506143306
2026-08-07 12:04:35 - val epoch: 139, loss: 1.1090
2026-08-07 12:04:37 - train: epoch 140, iter:0, loss: 0.5735, lr: 0.000561893889493969
2026-08-07 12:04:38 - train: epoch 140, iter:20, loss: 0.5907, lr: 0.000561893889493969
2026-08-07 12:04:54 - val epoch: 140, loss: 1.0759
2026-08-07 12:04:56 - train: epoch 141, iter:0, loss: 0.6096, lr: 0.0005567415893174885
2026-08-07 12:04:57 - train: epoch 141, iter:20, loss: 0.5971, lr: 0.0005567415893174885
2026-08-07 12:05:13 - val epoch: 141, loss: 1.1175
2026-08-07 12:05:15 - train: epoch 142, iter:0, loss: 0.5689, lr: 0.0005515836150926646
2026-08-07 12:05:17 - train: epoch 142, iter:20, loss: 0.6133, lr: 0.0005515836150926646
2026-08-07 12:05:33 - val epoch: 142, loss: 1.1737
2026-08-07 12:05:34 - train: epoch 143, iter:0, loss: 0.6207, lr: 0.0005464205324494961
2026-08-07 12:05:37 - train: epoch 143, iter:20, loss: 0.5904, lr: 0.0005464205324494961
2026-08-07 12:05:52 - val epoch: 143, loss: 1.1243
2026-08-07 12:05:54 - train: epoch 144, iter:0, loss: 0.5830, lr: 0.0005412529075781776
2026-08-07 12:05:56 - train: epoch 144, iter:20, loss: 0.5963, lr: 0.0005412529075781776
2026-08-07 12:06:12 - val epoch: 144, loss: 1.0946
2026-08-07 12:06:13 - train: epoch 145, iter:0, loss: 0.5959, lr: 0.0005360813071670101
2026-08-07 12:06:15 - train: epoch 145, iter:20, loss: 0.5870, lr: 0.0005360813071670101
2026-08-07 12:06:31 - val epoch: 145, loss: 1.0560
2026-08-07 12:06:33 - train: epoch 146, iter:0, loss: 0.5380, lr: 0.0005309062983402573
2026-08-07 12:06:34 - train: epoch 146, iter:20, loss: 0.5882, lr: 0.0005309062983402573
2026-08-07 12:06:50 - val epoch: 146, loss: 1.0795
2026-08-07 12:06:52 - train: epoch 147, iter:0, loss: 0.6248, lr: 0.0005257284485959538
2026-08-07 12:06:54 - train: epoch 147, iter:20, loss: 0.5873, lr: 0.0005257284485959538
2026-08-07 12:07:09 - val epoch: 147, loss: 1.0869
2026-08-07 12:07:11 - train: epoch 148, iter:0, loss: 0.5912, lr: 0.0005205483257436734
2026-08-07 12:07:13 - train: epoch 148, iter:20, loss: 0.5715, lr: 0.0005205483257436734
2026-08-07 12:07:28 - val epoch: 148, loss: 1.1344
2026-08-07 12:07:30 - train: epoch 149, iter:0, loss: 0.5641, lr: 0.0005153664978422616
2026-08-07 12:07:32 - train: epoch 149, iter:20, loss: 0.5806, lr: 0.0005153664978422616
2026-08-07 12:07:48 - val epoch: 149, loss: 1.0885
2026-08-07 12:07:50 - train: epoch 150, iter:0, loss: 0.5379, lr: 0.0005101835331375416
2026-08-07 12:07:51 - train: epoch 150, iter:20, loss: 0.5704, lr: 0.0005101835331375416
2026-08-07 12:08:11 - val epoch: 150, loss: 1.1353, miou: 0.7616830914979807, f1_or_dsc: 0.8647220322133106, accuracy: 0.9374171153153523,                 specificity: 0.9746382099395866, sensitivity: 0.8217263061333754, confusion_matrix: [[39047415  1016082]
 [ 2297875 10591716]]
2026-08-07 12:08:13 - train: epoch 151, iter:0, loss: 0.5765, lr: 0.0005049999999999999
2026-08-07 12:08:14 - train: epoch 151, iter:20, loss: 0.5699, lr: 0.0005049999999999999
2026-08-07 12:08:30 - val epoch: 151, loss: 1.1191
2026-08-07 12:08:32 - train: epoch 152, iter:0, loss: 0.5474, lr: 0.0004998164668624582
2026-08-07 12:08:34 - train: epoch 152, iter:20, loss: 0.5898, lr: 0.0004998164668624582
2026-08-07 12:08:49 - val epoch: 152, loss: 1.0803
2026-08-07 12:08:51 - train: epoch 153, iter:0, loss: 0.5393, lr: 0.0004946335021577383
2026-08-07 12:08:53 - train: epoch 153, iter:20, loss: 0.5733, lr: 0.0004946335021577383
2026-08-07 12:09:09 - val epoch: 153, loss: 1.1060
2026-08-07 12:09:10 - train: epoch 154, iter:0, loss: 0.5188, lr: 0.0004894516742563263
2026-08-07 12:09:12 - train: epoch 154, iter:20, loss: 0.5685, lr: 0.0004894516742563263
2026-08-07 12:09:28 - val epoch: 154, loss: 1.0750
2026-08-07 12:09:30 - train: epoch 155, iter:0, loss: 0.5666, lr: 0.000484271551404046
2026-08-07 12:09:32 - train: epoch 155, iter:20, loss: 0.5651, lr: 0.000484271551404046
2026-08-07 12:09:47 - val epoch: 155, loss: 1.1692
2026-08-07 12:09:49 - train: epoch 156, iter:0, loss: 0.5252, lr: 0.0004790937016597426
2026-08-07 12:09:51 - train: epoch 156, iter:20, loss: 0.5654, lr: 0.0004790937016597426
2026-08-07 12:10:07 - val epoch: 156, loss: 1.0845
2026-08-07 12:10:09 - train: epoch 157, iter:0, loss: 0.5030, lr: 0.0004739186928329898
2026-08-07 12:10:11 - train: epoch 157, iter:20, loss: 0.5780, lr: 0.0004739186928329898
2026-08-07 12:10:27 - val epoch: 157, loss: 1.1316
2026-08-07 12:10:28 - train: epoch 158, iter:0, loss: 0.6030, lr: 0.0004687470924218222
2026-08-07 12:10:30 - train: epoch 158, iter:20, loss: 0.5719, lr: 0.0004687470924218222
2026-08-07 12:10:46 - val epoch: 158, loss: 1.1305
2026-08-07 12:10:48 - train: epoch 159, iter:0, loss: 0.5836, lr: 0.00046357946755050356
2026-08-07 12:10:49 - train: epoch 159, iter:20, loss: 0.5661, lr: 0.00046357946755050356
2026-08-07 12:11:05 - val epoch: 159, loss: 1.0935
2026-08-07 12:11:07 - train: epoch 160, iter:0, loss: 0.5499, lr: 0.00045841638490733513
2026-08-07 12:11:09 - train: epoch 160, iter:20, loss: 0.5717, lr: 0.00045841638490733513
2026-08-07 12:11:25 - val epoch: 160, loss: 1.1550
2026-08-07 12:11:26 - train: epoch 161, iter:0, loss: 0.5343, lr: 0.00045325841068251133
2026-08-07 12:11:28 - train: epoch 161, iter:20, loss: 0.5611, lr: 0.00045325841068251133
2026-08-07 12:11:44 - val epoch: 161, loss: 1.1351
2026-08-07 12:11:46 - train: epoch 162, iter:0, loss: 0.4889, lr: 0.0004481061105060308
2026-08-07 12:11:48 - train: epoch 162, iter:20, loss: 0.5663, lr: 0.0004481061105060308
2026-08-07 12:12:03 - val epoch: 162, loss: 1.0736
2026-08-07 12:12:05 - train: epoch 163, iter:0, loss: 0.6339, lr: 0.0004429600493856691
2026-08-07 12:12:07 - train: epoch 163, iter:20, loss: 0.5517, lr: 0.0004429600493856691
2026-08-07 12:12:23 - val epoch: 163, loss: 1.1192
2026-08-07 12:12:25 - train: epoch 164, iter:0, loss: 0.5276, lr: 0.000437820791645019
2026-08-07 12:12:26 - train: epoch 164, iter:20, loss: 0.5561, lr: 0.000437820791645019
2026-08-07 12:12:42 - val epoch: 164, loss: 1.1764
2026-08-07 12:12:43 - train: epoch 165, iter:0, loss: 0.5575, lr: 0.00043268890086160604
2026-08-07 12:12:45 - train: epoch 165, iter:20, loss: 0.5661, lr: 0.00043268890086160604
2026-08-07 12:13:01 - val epoch: 165, loss: 1.1084
2026-08-07 12:13:03 - train: epoch 166, iter:0, loss: 0.5690, lr: 0.0004275649398050855
2026-08-07 12:13:05 - train: epoch 166, iter:20, loss: 0.5538, lr: 0.0004275649398050855
2026-08-07 12:13:20 - val epoch: 166, loss: 1.0769
2026-08-07 12:13:22 - train: epoch 167, iter:0, loss: 0.5796, lr: 0.0004224494703755289
2026-08-07 12:13:24 - train: epoch 167, iter:20, loss: 0.5870, lr: 0.0004224494703755289
2026-08-07 12:13:40 - val epoch: 167, loss: 1.0951
2026-08-07 12:13:42 - train: epoch 168, iter:0, loss: 0.4652, lr: 0.00041734305354180595
2026-08-07 12:13:43 - train: epoch 168, iter:20, loss: 0.5579, lr: 0.00041734305354180595
2026-08-07 12:13:59 - val epoch: 168, loss: 1.1214
2026-08-07 12:14:00 - train: epoch 169, iter:0, loss: 0.5357, lr: 0.000412246249280066
2026-08-07 12:14:03 - train: epoch 169, iter:20, loss: 0.5537, lr: 0.000412246249280066
2026-08-07 12:14:18 - val epoch: 169, loss: 1.1257
2026-08-07 12:14:20 - train: epoch 170, iter:0, loss: 0.6346, lr: 0.0004071596165123322
2026-08-07 12:14:22 - train: epoch 170, iter:20, loss: 0.5600, lr: 0.0004071596165123322
2026-08-07 12:14:38 - val epoch: 170, loss: 1.1082
2026-08-07 12:14:39 - train: epoch 171, iter:0, loss: 0.5445, lr: 0.0004020837130452088
2026-08-07 12:14:41 - train: epoch 171, iter:20, loss: 0.5552, lr: 0.0004020837130452088
2026-08-07 12:14:57 - val epoch: 171, loss: 1.1559
2026-08-07 12:14:59 - train: epoch 172, iter:0, loss: 0.5179, lr: 0.00039701909550871116
2026-08-07 12:15:00 - train: epoch 172, iter:20, loss: 0.5652, lr: 0.00039701909550871116
2026-08-07 12:15:16 - val epoch: 172, loss: 1.0771
2026-08-07 12:15:18 - train: epoch 173, iter:0, loss: 0.5198, lr: 0.0003919663192952252
2026-08-07 12:15:20 - train: epoch 173, iter:20, loss: 0.5507, lr: 0.0003919663192952252
2026-08-07 12:15:35 - val epoch: 173, loss: 1.1669
2026-08-07 12:15:37 - train: epoch 174, iter:0, loss: 0.4821, lr: 0.0003869259384986023
2026-08-07 12:15:39 - train: epoch 174, iter:20, loss: 0.5647, lr: 0.0003869259384986023
2026-08-07 12:15:54 - val epoch: 174, loss: 1.1505
2026-08-07 12:15:56 - train: epoch 175, iter:0, loss: 0.5683, lr: 0.0003818985058533967
2026-08-07 12:15:58 - train: epoch 175, iter:20, loss: 0.5649, lr: 0.0003818985058533967
2026-08-07 12:16:13 - val epoch: 175, loss: 1.1252
2026-08-07 12:16:15 - train: epoch 176, iter:0, loss: 0.4935, lr: 0.00037688457267425206
2026-08-07 12:16:17 - train: epoch 176, iter:20, loss: 0.5472, lr: 0.00037688457267425206
2026-08-07 12:16:32 - val epoch: 176, loss: 1.1080
2026-08-07 12:16:34 - train: epoch 177, iter:0, loss: 0.5063, lr: 0.0003718846887954434
2026-08-07 12:16:36 - train: epoch 177, iter:20, loss: 0.5618, lr: 0.0003718846887954434
2026-08-07 12:16:52 - val epoch: 177, loss: 1.0992
2026-08-07 12:16:53 - train: epoch 178, iter:0, loss: 0.5799, lr: 0.0003668994025105812
2026-08-07 12:16:55 - train: epoch 178, iter:20, loss: 0.5493, lr: 0.0003668994025105812
2026-08-07 12:17:11 - val epoch: 178, loss: 1.1430
2026-08-07 12:17:13 - train: epoch 179, iter:0, loss: 0.5673, lr: 0.0003619292605124862
2026-08-07 12:17:14 - train: epoch 179, iter:20, loss: 0.5434, lr: 0.0003619292605124862
2026-08-07 12:17:30 - val epoch: 179, loss: 1.1351
2026-08-07 12:17:32 - train: epoch 180, iter:0, loss: 0.5626, lr: 0.00035697480783323686
2026-08-07 12:17:34 - train: epoch 180, iter:20, loss: 0.5524, lr: 0.00035697480783323686
2026-08-07 12:17:53 - val epoch: 180, loss: 1.1093, miou: 0.7716570255008829, f1_or_dsc: 0.8711133299434409, accuracy: 0.9376144598026087,                 specificity: 0.9606197132516915, sensitivity: 0.8661094056436701, confusion_matrix: [[38485785  1577712]
 [ 1725795 11163796]]
2026-08-07 12:17:55 - train: epoch 181, iter:0, loss: 0.6249, lr: 0.00035203658778440076
2026-08-07 12:17:57 - train: epoch 181, iter:20, loss: 0.5531, lr: 0.00035203658778440076
2026-08-07 12:18:13 - val epoch: 181, loss: 1.1274
2026-08-07 12:18:15 - train: epoch 182, iter:0, loss: 0.5932, lr: 0.00034711514189745505
2026-08-07 12:18:16 - train: epoch 182, iter:20, loss: 0.5476, lr: 0.00034711514189745505
2026-08-07 12:18:32 - val epoch: 182, loss: 1.1121
2026-08-07 12:18:33 - train: epoch 183, iter:0, loss: 0.5698, lr: 0.00034221100986440094
2026-08-07 12:18:35 - train: epoch 183, iter:20, loss: 0.5482, lr: 0.00034221100986440094
2026-08-07 12:18:51 - val epoch: 183, loss: 1.1188
2026-08-07 12:18:52 - train: epoch 184, iter:0, loss: 0.4774, lr: 0.0003373247294785804
2026-08-07 12:18:54 - train: epoch 184, iter:20, loss: 0.5506, lr: 0.0003373247294785804
2026-08-07 12:19:10 - val epoch: 184, loss: 1.1074
2026-08-07 12:19:12 - train: epoch 185, iter:0, loss: 0.5635, lr: 0.0003324568365757012
2026-08-07 12:19:14 - train: epoch 185, iter:20, loss: 0.5308, lr: 0.0003324568365757012
2026-08-07 12:19:29 - val epoch: 185, loss: 1.1255
2026-08-07 12:19:31 - train: epoch 186, iter:0, loss: 0.4529, lr: 0.0003276078649750761
2026-08-07 12:19:33 - train: epoch 186, iter:20, loss: 0.5408, lr: 0.0003276078649750761
2026-08-07 12:19:49 - val epoch: 186, loss: 1.1577
2026-08-07 12:19:51 - train: epoch 187, iter:0, loss: 0.5321, lr: 0.00032277834642108417
2026-08-07 12:19:52 - train: epoch 187, iter:20, loss: 0.5443, lr: 0.00032277834642108417
2026-08-07 12:20:08 - val epoch: 187, loss: 1.1243
2026-08-07 12:20:10 - train: epoch 188, iter:0, loss: 0.4804, lr: 0.00031796881052485835
2026-08-07 12:20:12 - train: epoch 188, iter:20, loss: 0.5395, lr: 0.00031796881052485835
2026-08-07 12:20:27 - val epoch: 188, loss: 1.1301
2026-08-07 12:20:29 - train: epoch 189, iter:0, loss: 0.5242, lr: 0.00031317978470620867
2026-08-07 12:20:31 - train: epoch 189, iter:20, loss: 0.5352, lr: 0.00031317978470620867
2026-08-07 12:20:47 - val epoch: 189, loss: 1.1406
2026-08-07 12:20:48 - train: epoch 190, iter:0, loss: 0.5210, lr: 0.00030841179413578315
2026-08-07 12:20:50 - train: epoch 190, iter:20, loss: 0.5413, lr: 0.00030841179413578315
2026-08-07 12:21:06 - val epoch: 190, loss: 1.1213
2026-08-07 12:21:07 - train: epoch 191, iter:0, loss: 0.6361, lr: 0.0003036653616774785
2026-08-07 12:21:09 - train: epoch 191, iter:20, loss: 0.5434, lr: 0.0003036653616774785
2026-08-07 12:21:25 - val epoch: 191, loss: 1.1406
2026-08-07 12:21:27 - train: epoch 192, iter:0, loss: 0.5865, lr: 0.0002989410078311011
2026-08-07 12:21:28 - train: epoch 192, iter:20, loss: 0.5413, lr: 0.0002989410078311011
2026-08-07 12:21:44 - val epoch: 192, loss: 1.1168
2026-08-07 12:21:46 - train: epoch 193, iter:0, loss: 0.5890, lr: 0.00029423925067528865
2026-08-07 12:21:47 - train: epoch 193, iter:20, loss: 0.5607, lr: 0.00029423925067528865
2026-08-07 12:22:03 - val epoch: 193, loss: 1.1096
2026-08-07 12:22:05 - train: epoch 194, iter:0, loss: 0.4843, lr: 0.0002895606058106975
2026-08-07 12:22:06 - train: epoch 194, iter:20, loss: 0.5536, lr: 0.0002895606058106975
2026-08-07 12:22:22 - val epoch: 194, loss: 1.1295
2026-08-07 12:22:24 - train: epoch 195, iter:0, loss: 0.5584, lr: 0.0002849055863034606
2026-08-07 12:22:25 - train: epoch 195, iter:20, loss: 0.5373, lr: 0.0002849055863034606
2026-08-07 12:22:41 - val epoch: 195, loss: 1.1260
2026-08-07 12:22:43 - train: epoch 196, iter:0, loss: 0.5814, lr: 0.00028027470262892396
2026-08-07 12:22:45 - train: epoch 196, iter:20, loss: 0.5424, lr: 0.00028027470262892396
2026-08-07 12:23:01 - val epoch: 196, loss: 1.1148
2026-08-07 12:23:03 - train: epoch 197, iter:0, loss: 0.5517, lr: 0.0002756684626156682
2026-08-07 12:23:05 - train: epoch 197, iter:20, loss: 0.5294, lr: 0.0002756684626156682
2026-08-07 12:23:20 - val epoch: 197, loss: 1.1262
2026-08-07 12:23:22 - train: epoch 198, iter:0, loss: 0.5762, lr: 0.000271087371389818
2026-08-07 12:23:24 - train: epoch 198, iter:20, loss: 0.5271, lr: 0.000271087371389818
2026-08-07 12:23:40 - val epoch: 198, loss: 1.1664
2026-08-07 12:23:42 - train: epoch 199, iter:0, loss: 0.5773, lr: 0.0002665319313196505
2026-08-07 12:23:44 - train: epoch 199, iter:20, loss: 0.5372, lr: 0.0002665319313196505
2026-08-07 12:24:00 - val epoch: 199, loss: 1.1636
2026-08-07 12:24:01 - train: epoch 200, iter:0, loss: 0.4854, lr: 0.00026200264196050494
2026-08-07 12:24:03 - train: epoch 200, iter:20, loss: 0.5309, lr: 0.00026200264196050494
2026-08-07 12:24:19 - val epoch: 200, loss: 1.1256
2026-08-07 12:24:21 - train: epoch 201, iter:0, loss: 0.4876, lr: 0.00025749999999999954
2026-08-07 12:24:23 - train: epoch 201, iter:20, loss: 0.5389, lr: 0.00025749999999999954
2026-08-07 12:24:38 - val epoch: 201, loss: 1.1588
2026-08-07 12:24:40 - train: epoch 202, iter:0, loss: 0.5310, lr: 0.0002530244992035658
2026-08-07 12:24:42 - train: epoch 202, iter:20, loss: 0.5411, lr: 0.0002530244992035658
2026-08-07 12:24:58 - val epoch: 202, loss: 1.1350
2026-08-07 12:25:00 - train: epoch 203, iter:0, loss: 0.4901, lr: 0.0002485766303603003
2026-08-07 12:25:02 - train: epoch 203, iter:20, loss: 0.5263, lr: 0.0002485766303603003
2026-08-07 12:25:18 - val epoch: 203, loss: 1.1447
2026-08-07 12:25:20 - train: epoch 204, iter:0, loss: 0.5308, lr: 0.0002441568812291443
2026-08-07 12:25:21 - train: epoch 204, iter:20, loss: 0.5371, lr: 0.0002441568812291443
2026-08-07 12:25:37 - val epoch: 204, loss: 1.1975
2026-08-07 12:25:39 - train: epoch 205, iter:0, loss: 0.5529, lr: 0.00023976573648539645
2026-08-07 12:25:41 - train: epoch 205, iter:20, loss: 0.5416, lr: 0.00023976573648539645
2026-08-07 12:25:57 - val epoch: 205, loss: 1.1036
2026-08-07 12:25:59 - train: epoch 206, iter:0, loss: 0.5787, lr: 0.00023540367766756144
2026-08-07 12:26:01 - train: epoch 206, iter:20, loss: 0.5370, lr: 0.00023540367766756144
2026-08-07 12:26:17 - val epoch: 206, loss: 1.1325
2026-08-07 12:26:18 - train: epoch 207, iter:0, loss: 0.5690, lr: 0.0002310711831245444
2026-08-07 12:26:20 - train: epoch 207, iter:20, loss: 0.5371, lr: 0.0002310711831245444
2026-08-07 12:26:36 - val epoch: 207, loss: 1.1312
2026-08-07 12:26:38 - train: epoch 208, iter:0, loss: 0.5702, lr: 0.00022676872796319514
2026-08-07 12:26:40 - train: epoch 208, iter:20, loss: 0.5428, lr: 0.00022676872796319514
2026-08-07 12:26:56 - val epoch: 208, loss: 1.1519
2026-08-07 12:26:57 - train: epoch 209, iter:0, loss: 0.5030, lr: 0.00022249678399620604
2026-08-07 12:26:59 - train: epoch 209, iter:20, loss: 0.5309, lr: 0.00022249678399620604
2026-08-07 12:27:16 - val epoch: 209, loss: 1.1199
2026-08-07 12:27:17 - train: epoch 210, iter:0, loss: 0.5390, lr: 0.0002182558196903736
2026-08-07 12:27:19 - train: epoch 210, iter:20, loss: 0.5337, lr: 0.0002182558196903736
2026-08-07 12:27:39 - val epoch: 210, loss: 1.1333, miou: 0.7714926112924299, f1_or_dsc: 0.871008556710345, accuracy: 0.9387958262226369,                 specificity: 0.9677127785425221, sensitivity: 0.8489159974121755, confusion_matrix: [[38769958  1293539]
 [ 1947411 10942180]]
2026-08-07 12:27:41 - train: epoch 211, iter:0, loss: 0.5306, lr: 0.00021404630011522552
2026-08-07 12:27:43 - train: epoch 211, iter:20, loss: 0.5279, lr: 0.00021404630011522552
2026-08-07 12:27:58 - val epoch: 211, loss: 1.1704
2026-08-07 12:28:01 - train: epoch 212, iter:0, loss: 0.5826, lr: 0.0002098686868920198
2026-08-07 12:28:02 - train: epoch 212, iter:20, loss: 0.5439, lr: 0.0002098686868920198
2026-08-07 12:28:18 - val epoch: 212, loss: 1.1364
2026-08-07 12:28:20 - train: epoch 213, iter:0, loss: 0.5024, lr: 0.00020572343814312415
2026-08-07 12:28:22 - train: epoch 213, iter:20, loss: 0.5246, lr: 0.00020572343814312415
2026-08-07 12:28:38 - val epoch: 213, loss: 1.1403
2026-08-07 12:28:40 - train: epoch 214, iter:0, loss: 0.4407, lr: 0.00020161100844177644
2026-08-07 12:28:41 - train: epoch 214, iter:20, loss: 0.5332, lr: 0.00020161100844177644
2026-08-07 12:28:57 - val epoch: 214, loss: 1.1480
2026-08-07 12:28:59 - train: epoch 215, iter:0, loss: 0.4772, lr: 0.0001975318487622361
2026-08-07 12:29:01 - train: epoch 215, iter:20, loss: 0.5215, lr: 0.0001975318487622361
2026-08-07 12:29:17 - val epoch: 215, loss: 1.1067
2026-08-07 12:29:18 - train: epoch 216, iter:0, loss: 0.5804, lr: 0.00019348640643033024
2026-08-07 12:29:21 - train: epoch 216, iter:20, loss: 0.5302, lr: 0.00019348640643033024
2026-08-07 12:29:36 - val epoch: 216, loss: 1.1352
2026-08-07 12:29:38 - train: epoch 217, iter:0, loss: 0.4685, lr: 0.00018947512507439828
2026-08-07 12:29:40 - train: epoch 217, iter:20, loss: 0.5258, lr: 0.00018947512507439828
2026-08-07 12:29:56 - val epoch: 217, loss: 1.1171
2026-08-07 12:29:57 - train: epoch 218, iter:0, loss: 0.4995, lr: 0.00018549844457664425
2026-08-07 12:29:59 - train: epoch 218, iter:20, loss: 0.5257, lr: 0.00018549844457664425
2026-08-07 12:30:15 - val epoch: 218, loss: 1.1477
2026-08-07 12:30:17 - train: epoch 219, iter:0, loss: 0.5172, lr: 0.00018155680102489765
2026-08-07 12:30:19 - train: epoch 219, iter:20, loss: 0.5298, lr: 0.00018155680102489765
2026-08-07 12:30:34 - val epoch: 219, loss: 1.1356
2026-08-07 12:30:36 - train: epoch 220, iter:0, loss: 0.4455, lr: 0.00017765062666479195
2026-08-07 12:30:38 - train: epoch 220, iter:20, loss: 0.5175, lr: 0.00017765062666479195
2026-08-07 12:30:54 - val epoch: 220, loss: 1.1962
2026-08-07 12:30:56 - train: epoch 221, iter:0, loss: 0.5756, lr: 0.00017378034985236489
2026-08-07 12:30:57 - train: epoch 221, iter:20, loss: 0.5294, lr: 0.00017378034985236489
2026-08-07 12:31:13 - val epoch: 221, loss: 1.1917
2026-08-07 12:31:15 - train: epoch 222, iter:0, loss: 0.5705, lr: 0.0001699463950070827
2026-08-07 12:31:17 - train: epoch 222, iter:20, loss: 0.5346, lr: 0.0001699463950070827
2026-08-07 12:31:32 - val epoch: 222, loss: 1.1343
2026-08-07 12:31:34 - train: epoch 223, iter:0, loss: 0.5776, lr: 0.0001661491825652988
2026-08-07 12:31:36 - train: epoch 223, iter:20, loss: 0.5188, lr: 0.0001661491825652988
2026-08-07 12:31:52 - val epoch: 223, loss: 1.1524
2026-08-07 12:31:53 - train: epoch 224, iter:0, loss: 0.5308, lr: 0.0001623891289341484
2026-08-07 12:31:55 - train: epoch 224, iter:20, loss: 0.5199, lr: 0.0001623891289341484
2026-08-07 12:32:11 - val epoch: 224, loss: 1.1352
2026-08-07 12:32:13 - train: epoch 225, iter:0, loss: 0.5250, lr: 0.0001586666464458838
2026-08-07 12:32:14 - train: epoch 225, iter:20, loss: 0.5208, lr: 0.0001586666464458838
2026-08-07 12:32:30 - val epoch: 225, loss: 1.1558
2026-08-07 12:32:32 - train: epoch 226, iter:0, loss: 0.5181, lr: 0.00015498214331265874
2026-08-07 12:32:33 - train: epoch 226, iter:20, loss: 0.5229, lr: 0.00015498214331265874
2026-08-07 12:32:49 - val epoch: 226, loss: 1.1618
2026-08-07 12:32:51 - train: epoch 227, iter:0, loss: 0.4813, lr: 0.00015133602358176218
2026-08-07 12:32:53 - train: epoch 227, iter:20, loss: 0.5210, lr: 0.00015133602358176218
2026-08-07 12:33:09 - val epoch: 227, loss: 1.1614
2026-08-07 12:33:10 - train: epoch 228, iter:0, loss: 0.4380, lr: 0.00014772868709131046
2026-08-07 12:33:12 - train: epoch 228, iter:20, loss: 0.5163, lr: 0.00014772868709131046
2026-08-07 12:33:28 - val epoch: 228, loss: 1.1420
2026-08-07 12:33:30 - train: epoch 229, iter:0, loss: 0.4553, lr: 0.00014416052942640113
2026-08-07 12:33:31 - train: epoch 229, iter:20, loss: 0.5217, lr: 0.00014416052942640113
2026-08-07 12:33:48 - val epoch: 229, loss: 1.1563
2026-08-07 12:33:49 - train: epoch 230, iter:0, loss: 0.5005, lr: 0.0001406319418757314
2026-08-07 12:33:51 - train: epoch 230, iter:20, loss: 0.5198, lr: 0.0001406319418757314
2026-08-07 12:34:07 - val epoch: 230, loss: 1.1923
2026-08-07 12:34:08 - train: epoch 231, iter:0, loss: 0.5134, lr: 0.00013714331138868954
2026-08-07 12:34:10 - train: epoch 231, iter:20, loss: 0.5228, lr: 0.00013714331138868954
2026-08-07 12:34:26 - val epoch: 231, loss: 1.1603
2026-08-07 12:34:27 - train: epoch 232, iter:0, loss: 0.5335, lr: 0.00013369502053292226
2026-08-07 12:34:29 - train: epoch 232, iter:20, loss: 0.5145, lr: 0.00013369502053292226
2026-08-07 12:34:45 - val epoch: 232, loss: 1.1471
2026-08-07 12:34:47 - train: epoch 233, iter:0, loss: 0.5347, lr: 0.0001302874474523804
2026-08-07 12:34:49 - train: epoch 233, iter:20, loss: 0.5128, lr: 0.0001302874474523804
2026-08-07 12:35:05 - val epoch: 233, loss: 1.1751
2026-08-07 12:35:06 - train: epoch 234, iter:0, loss: 0.5129, lr: 0.00012692096582585187
2026-08-07 12:35:08 - train: epoch 234, iter:20, loss: 0.5154, lr: 0.00012692096582585187
2026-08-07 12:35:24 - val epoch: 234, loss: 1.1538
2026-08-07 12:35:26 - train: epoch 235, iter:0, loss: 0.4942, lr: 0.00012359594482598416
2026-08-07 12:35:28 - train: epoch 235, iter:20, loss: 0.5223, lr: 0.00012359594482598416
2026-08-07 12:35:43 - val epoch: 235, loss: 1.1723
2026-08-07 12:35:45 - train: epoch 236, iter:0, loss: 0.5023, lr: 0.00012031274907879919
2026-08-07 12:35:47 - train: epoch 236, iter:20, loss: 0.5063, lr: 0.00012031274907879919
2026-08-07 12:36:02 - val epoch: 236, loss: 1.1486
2026-08-07 12:36:04 - train: epoch 237, iter:0, loss: 0.5242, lr: 0.00011707173862370913
2026-08-07 12:36:06 - train: epoch 237, iter:20, loss: 0.5160, lr: 0.00011707173862370913
2026-08-07 12:36:22 - val epoch: 237, loss: 1.1444
2026-08-07 12:36:23 - train: epoch 238, iter:0, loss: 0.5312, lr: 0.00011387326887403316
2026-08-07 12:36:25 - train: epoch 238, iter:20, loss: 0.5136, lr: 0.00011387326887403316
2026-08-07 12:36:41 - val epoch: 238, loss: 1.1492
2026-08-07 12:36:42 - train: epoch 239, iter:0, loss: 0.4998, lr: 0.00011071769057802265
2026-08-07 12:36:44 - train: epoch 239, iter:20, loss: 0.5046, lr: 0.00011071769057802265
2026-08-07 12:37:00 - val epoch: 239, loss: 1.1563
2026-08-07 12:37:02 - train: epoch 240, iter:0, loss: 0.4713, lr: 0.0001076053497803982
2026-08-07 12:37:04 - train: epoch 240, iter:20, loss: 0.5104, lr: 0.0001076053497803982
2026-08-07 12:37:23 - val epoch: 240, loss: 1.1572, miou: 0.7669993569850988, f1_or_dsc: 0.8681376752663605, accuracy: 0.9370446535620359,                 specificity: 0.9646059603833385, sensitivity: 0.8513784494791184, confusion_matrix: [[38645488  1418009]
 [ 1915671 10973920]]
2026-08-07 12:37:25 - train: epoch 241, iter:0, loss: 0.5176, lr: 0.00010453658778440088
2026-08-07 12:37:27 - train: epoch 241, iter:20, loss: 0.5063, lr: 0.00010453658778440088
2026-08-07 12:37:43 - val epoch: 241, loss: 1.1601
2026-08-07 12:37:45 - train: epoch 242, iter:0, loss: 0.4761, lr: 0.00010151174111436543
2026-08-07 12:37:46 - train: epoch 242, iter:20, loss: 0.5209, lr: 0.00010151174111436543
2026-08-07 12:38:02 - val epoch: 242, loss: 1.1394
2026-08-07 12:38:04 - train: epoch 243, iter:0, loss: 0.5075, lr: 9.853114147881633e-05
2026-08-07 12:38:06 - train: epoch 243, iter:20, loss: 0.5068, lr: 9.853114147881633e-05
2026-08-07 12:38:21 - val epoch: 243, loss: 1.1487
2026-08-07 12:38:23 - train: epoch 244, iter:0, loss: 0.5190, lr: 9.559511573409167e-05
2026-08-07 12:38:25 - train: epoch 244, iter:20, loss: 0.5098, lr: 9.559511573409167e-05
2026-08-07 12:38:41 - val epoch: 244, loss: 1.1917
2026-08-07 12:38:43 - train: epoch 245, iter:0, loss: 0.6055, lr: 9.270398584850061e-05
2026-08-07 12:38:44 - train: epoch 245, iter:20, loss: 0.5190, lr: 9.270398584850061e-05
2026-08-07 12:39:00 - val epoch: 245, loss: 1.1551
2026-08-07 12:39:02 - train: epoch 246, iter:0, loss: 0.5257, lr: 8.985806886701499e-05
2026-08-07 12:39:04 - train: epoch 246, iter:20, loss: 0.5052, lr: 8.985806886701499e-05
2026-08-07 12:39:19 - val epoch: 246, loss: 1.1632
2026-08-07 12:39:21 - train: epoch 247, iter:0, loss: 0.5087, lr: 8.705767687650239e-05
2026-08-07 12:39:23 - train: epoch 247, iter:20, loss: 0.5066, lr: 8.705767687650239e-05
2026-08-07 12:39:38 - val epoch: 247, loss: 1.1434
2026-08-07 12:39:40 - train: epoch 248, iter:0, loss: 0.5672, lr: 8.430311697150229e-05
2026-08-07 12:39:42 - train: epoch 248, iter:20, loss: 0.5059, lr: 8.430311697150229e-05
2026-08-07 12:39:58 - val epoch: 248, loss: 1.1821
2026-08-07 12:39:59 - train: epoch 249, iter:0, loss: 0.5901, lr: 8.159469122054909e-05
2026-08-07 12:40:01 - train: epoch 249, iter:20, loss: 0.5135, lr: 8.159469122054909e-05
2026-08-07 12:40:17 - val epoch: 249, loss: 1.1489
2026-08-07 12:40:19 - train: epoch 250, iter:0, loss: 0.4867, lr: 7.893269663304782e-05
2026-08-07 12:40:20 - train: epoch 250, iter:20, loss: 0.5179, lr: 7.893269663304782e-05
2026-08-07 12:40:36 - val epoch: 250, loss: 1.1706
2026-08-07 12:40:38 - train: epoch 251, iter:0, loss: 0.4829, lr: 7.631742512670282e-05
2026-08-07 12:40:40 - train: epoch 251, iter:20, loss: 0.5236, lr: 7.631742512670282e-05
2026-08-07 12:40:56 - val epoch: 251, loss: 1.1554
2026-08-07 12:40:57 - train: epoch 252, iter:0, loss: 0.4890, lr: 7.374916349550603e-05
2026-08-07 12:40:59 - train: epoch 252, iter:20, loss: 0.5057, lr: 7.374916349550603e-05
2026-08-07 12:41:15 - val epoch: 252, loss: 1.1750
2026-08-07 12:41:16 - train: epoch 253, iter:0, loss: 0.5554, lr: 7.122819337828741e-05
2026-08-07 12:41:18 - train: epoch 253, iter:20, loss: 0.5117, lr: 7.122819337828741e-05
2026-08-07 12:41:34 - val epoch: 253, loss: 1.1559
2026-08-07 12:41:36 - train: epoch 254, iter:0, loss: 0.5162, lr: 6.875479122782878e-05
2026-08-07 12:41:37 - train: epoch 254, iter:20, loss: 0.5128, lr: 6.875479122782878e-05
2026-08-07 12:41:53 - val epoch: 254, loss: 1.1663
2026-08-07 12:41:55 - train: epoch 255, iter:0, loss: 0.5285, lr: 6.632922828054862e-05
2026-08-07 12:41:57 - train: epoch 255, iter:20, loss: 0.5078, lr: 6.632922828054862e-05
2026-08-07 12:42:12 - val epoch: 255, loss: 1.1767
2026-08-07 12:42:14 - train: epoch 256, iter:0, loss: 0.5607, lr: 6.395177052675786e-05
2026-08-07 12:42:16 - train: epoch 256, iter:20, loss: 0.5114, lr: 6.395177052675786e-05
2026-08-07 12:42:31 - val epoch: 256, loss: 1.1593
2026-08-07 12:42:33 - train: epoch 257, iter:0, loss: 0.5345, lr: 6.162267868149065e-05
2026-08-07 12:42:35 - train: epoch 257, iter:20, loss: 0.5191, lr: 6.162267868149065e-05
2026-08-07 12:42:51 - val epoch: 257, loss: 1.1665
2026-08-07 12:42:52 - train: epoch 258, iter:0, loss: 0.4888, lr: 5.934220815591413e-05
2026-08-07 12:42:54 - train: epoch 258, iter:20, loss: 0.5077, lr: 5.934220815591413e-05
2026-08-07 12:43:10 - val epoch: 258, loss: 1.1873
2026-08-07 12:43:12 - train: epoch 259, iter:0, loss: 0.4261, lr: 5.711060902932035e-05
2026-08-07 12:43:13 - train: epoch 259, iter:20, loss: 0.5088, lr: 5.711060902932035e-05
2026-08-07 12:43:29 - val epoch: 259, loss: 1.1712
2026-08-07 12:43:31 - train: epoch 260, iter:0, loss: 0.5784, lr: 5.492812602170101e-05
2026-08-07 12:43:32 - train: epoch 260, iter:20, loss: 0.5092, lr: 5.492812602170101e-05
2026-08-07 12:43:48 - val epoch: 260, loss: 1.1692
2026-08-07 12:43:50 - train: epoch 261, iter:0, loss: 0.4756, lr: 5.279499846691256e-05
2026-08-07 12:43:52 - train: epoch 261, iter:20, loss: 0.5084, lr: 5.279499846691256e-05
2026-08-07 12:44:07 - val epoch: 261, loss: 1.1674
2026-08-07 12:44:09 - train: epoch 262, iter:0, loss: 0.4857, lr: 5.071146028642938e-05
2026-08-07 12:44:11 - train: epoch 262, iter:20, loss: 0.5120, lr: 5.071146028642938e-05
2026-08-07 12:44:27 - val epoch: 262, loss: 1.1780
2026-08-07 12:44:28 - train: epoch 263, iter:0, loss: 0.4623, lr: 4.867773996369213e-05
2026-08-07 12:44:30 - train: epoch 263, iter:20, loss: 0.5063, lr: 4.867773996369213e-05
2026-08-07 12:44:46 - val epoch: 263, loss: 1.1563
2026-08-07 12:44:47 - train: epoch 264, iter:0, loss: 0.4833, lr: 4.669406051905255e-05
2026-08-07 12:44:49 - train: epoch 264, iter:20, loss: 0.5095, lr: 4.669406051905255e-05
2026-08-07 12:45:05 - val epoch: 264, loss: 1.1724
2026-08-07 12:45:07 - train: epoch 265, iter:0, loss: 0.4833, lr: 4.476063948531553e-05
2026-08-07 12:45:09 - train: epoch 265, iter:20, loss: 0.5097, lr: 4.476063948531553e-05
2026-08-07 12:45:24 - val epoch: 265, loss: 1.1658
2026-08-07 12:45:26 - train: epoch 266, iter:0, loss: 0.5195, lr: 4.2877688883885086e-05
2026-08-07 12:45:28 - train: epoch 266, iter:20, loss: 0.5041, lr: 4.2877688883885086e-05
2026-08-07 12:45:44 - val epoch: 266, loss: 1.1649
2026-08-07 12:45:46 - train: epoch 267, iter:0, loss: 0.4738, lr: 4.1045415201513684e-05
2026-08-07 12:45:47 - train: epoch 267, iter:20, loss: 0.5141, lr: 4.1045415201513684e-05
2026-08-07 12:46:03 - val epoch: 267, loss: 1.1536
2026-08-07 12:46:04 - train: epoch 268, iter:0, loss: 0.4738, lr: 3.926401936765836e-05
2026-08-07 12:46:06 - train: epoch 268, iter:20, loss: 0.4978, lr: 3.926401936765836e-05
2026-08-07 12:46:22 - val epoch: 268, loss: 1.1690
2026-08-07 12:46:24 - train: epoch 269, iter:0, loss: 0.4623, lr: 3.753369673244687e-05
2026-08-07 12:46:25 - train: epoch 269, iter:20, loss: 0.5072, lr: 3.753369673244687e-05
2026-08-07 12:46:41 - val epoch: 269, loss: 1.1597
2026-08-07 12:46:43 - train: epoch 270, iter:0, loss: 0.4966, lr: 3.5854637045255115e-05
2026-08-07 12:46:45 - train: epoch 270, iter:20, loss: 0.5107, lr: 3.5854637045255115e-05
2026-08-07 12:47:04 - val epoch: 270, loss: 1.1716, miou: 0.76477330785341, f1_or_dsc: 0.8667099671669961, accuracy: 0.9363728513812074,                 specificity: 0.9642107377695961, sensitivity: 0.8498469811803959, confusion_matrix: [[38629654  1433843]
 [ 1935411 10954180]]
2026-08-07 12:47:07 - train: epoch 271, iter:0, loss: 0.5028, lr: 3.422702443389897e-05
2026-08-07 12:47:08 - train: epoch 271, iter:20, loss: 0.5129, lr: 3.422702443389897e-05
2026-08-07 12:47:24 - val epoch: 271, loss: 1.1765
2026-08-07 12:47:26 - train: epoch 272, iter:0, loss: 0.5316, lr: 3.265103738444294e-05
2026-08-07 12:47:27 - train: epoch 272, iter:20, loss: 0.5113, lr: 3.265103738444294e-05
2026-08-07 12:47:43 - val epoch: 272, loss: 1.1734
2026-08-07 12:47:45 - train: epoch 273, iter:0, loss: 0.4792, lr: 3.112684872162669e-05
2026-08-07 12:47:47 - train: epoch 273, iter:20, loss: 0.5115, lr: 3.112684872162669e-05
2026-08-07 12:48:02 - val epoch: 273, loss: 1.1704
2026-08-07 12:48:04 - train: epoch 274, iter:0, loss: 0.5148, lr: 2.9654625589913163e-05
2026-08-07 12:48:06 - train: epoch 274, iter:20, loss: 0.5037, lr: 2.9654625589913163e-05
2026-08-07 12:48:22 - val epoch: 274, loss: 1.1724
2026-08-07 12:48:23 - train: epoch 275, iter:0, loss: 0.5377, lr: 2.823452943515922e-05
2026-08-07 12:48:25 - train: epoch 275, iter:20, loss: 0.5074, lr: 2.823452943515922e-05
2026-08-07 12:48:41 - val epoch: 275, loss: 1.1751
2026-08-07 12:48:43 - train: epoch 276, iter:0, loss: 0.4454, lr: 2.6866715986911168e-05
2026-08-07 12:48:44 - train: epoch 276, iter:20, loss: 0.5048, lr: 2.6866715986911168e-05
2026-08-07 12:49:00 - val epoch: 276, loss: 1.1767
2026-08-07 12:49:02 - train: epoch 277, iter:0, loss: 0.4665, lr: 2.5551335241327604e-05
2026-08-07 12:49:03 - train: epoch 277, iter:20, loss: 0.5121, lr: 2.5551335241327604e-05
2026-08-07 12:49:19 - val epoch: 277, loss: 1.1709
2026-08-07 12:49:21 - train: epoch 278, iter:0, loss: 0.4762, lr: 2.4288531444730185e-05
2026-08-07 12:49:22 - train: epoch 278, iter:20, loss: 0.5039, lr: 2.4288531444730185e-05
2026-08-07 12:49:38 - val epoch: 278, loss: 1.1787
2026-08-07 12:49:40 - train: epoch 279, iter:0, loss: 0.6104, lr: 2.3078443077785645e-05
2026-08-07 12:49:42 - train: epoch 279, iter:20, loss: 0.5058, lr: 2.3078443077785645e-05
2026-08-07 12:49:58 - val epoch: 279, loss: 1.1804
2026-08-07 12:49:59 - train: epoch 280, iter:0, loss: 0.6107, lr: 2.1921202840320064e-05
2026-08-07 12:50:01 - train: epoch 280, iter:20, loss: 0.5160, lr: 2.1921202840320064e-05
2026-08-07 12:50:17 - val epoch: 280, loss: 1.1699
2026-08-07 12:50:18 - train: epoch 281, iter:0, loss: 0.5519, lr: 2.081693763676623e-05
2026-08-07 12:50:20 - train: epoch 281, iter:20, loss: 0.5051, lr: 2.081693763676623e-05
2026-08-07 12:50:36 - val epoch: 281, loss: 1.1703
2026-08-07 12:50:38 - train: epoch 282, iter:0, loss: 0.5207, lr: 1.9765768562247723e-05
2026-08-07 12:50:39 - train: epoch 282, iter:20, loss: 0.5122, lr: 1.9765768562247723e-05
2026-08-07 12:50:55 - val epoch: 282, loss: 1.1714
2026-08-07 12:50:57 - train: epoch 283, iter:0, loss: 0.4869, lr: 1.876781088929913e-05
2026-08-07 12:50:59 - train: epoch 283, iter:20, loss: 0.4955, lr: 1.876781088929913e-05
2026-08-07 12:51:14 - val epoch: 283, loss: 1.1786
2026-08-07 12:51:16 - train: epoch 284, iter:0, loss: 0.5005, lr: 1.7823174055225262e-05
2026-08-07 12:51:18 - train: epoch 284, iter:20, loss: 0.5026, lr: 1.7823174055225262e-05
2026-08-07 12:51:34 - val epoch: 284, loss: 1.1665
2026-08-07 12:51:35 - train: epoch 285, iter:0, loss: 0.5397, lr: 1.693196165010003e-05
2026-08-07 12:51:37 - train: epoch 285, iter:20, loss: 0.5093, lr: 1.693196165010003e-05
2026-08-07 12:51:53 - val epoch: 285, loss: 1.1736
2026-08-07 12:51:55 - train: epoch 286, iter:0, loss: 0.5375, lr: 1.6094271405406855e-05
2026-08-07 12:51:56 - train: epoch 286, iter:20, loss: 0.5038, lr: 1.6094271405406855e-05
2026-08-07 12:52:12 - val epoch: 286, loss: 1.1770
2026-08-07 12:52:14 - train: epoch 287, iter:0, loss: 0.4710, lr: 1.5310195183320773e-05
2026-08-07 12:52:16 - train: epoch 287, iter:20, loss: 0.5157, lr: 1.5310195183320773e-05
2026-08-07 12:52:31 - val epoch: 287, loss: 1.1733
2026-08-07 12:52:33 - train: epoch 288, iter:0, loss: 0.5578, lr: 1.4579818966635417e-05
2026-08-07 12:52:35 - train: epoch 288, iter:20, loss: 0.5211, lr: 1.4579818966635417e-05
2026-08-07 12:52:51 - val epoch: 288, loss: 1.1755
2026-08-07 12:52:52 - train: epoch 289, iter:0, loss: 0.5045, lr: 1.3903222849333505e-05
2026-08-07 12:52:54 - train: epoch 289, iter:20, loss: 0.5053, lr: 1.3903222849333505e-05
2026-08-07 12:53:10 - val epoch: 289, loss: 1.1709
2026-08-07 12:53:12 - train: epoch 290, iter:0, loss: 0.5271, lr: 1.3280481027803759e-05
2026-08-07 12:53:14 - train: epoch 290, iter:20, loss: 0.5119, lr: 1.3280481027803759e-05
2026-08-07 12:53:29 - val epoch: 290, loss: 1.1783
2026-08-07 12:53:31 - train: epoch 291, iter:0, loss: 0.5488, lr: 1.271166179270472e-05
2026-08-07 12:53:33 - train: epoch 291, iter:20, loss: 0.5027, lr: 1.271166179270472e-05
2026-08-07 12:53:49 - val epoch: 291, loss: 1.1761
2026-08-07 12:53:51 - train: epoch 292, iter:0, loss: 0.5280, lr: 1.21968275214754e-05
2026-08-07 12:53:52 - train: epoch 292, iter:20, loss: 0.5085, lr: 1.21968275214754e-05
2026-08-07 12:54:08 - val epoch: 292, loss: 1.1733
2026-08-07 12:54:10 - train: epoch 293, iter:0, loss: 0.5260, lr: 1.1736034671495336e-05
2026-08-07 12:54:12 - train: epoch 293, iter:20, loss: 0.5042, lr: 1.1736034671495336e-05
2026-08-07 12:54:27 - val epoch: 293, loss: 1.1749
2026-08-07 12:54:29 - train: epoch 294, iter:0, loss: 0.5180, lr: 1.1329333773893242e-05
2026-08-07 12:54:31 - train: epoch 294, iter:20, loss: 0.5030, lr: 1.1329333773893242e-05
2026-08-07 12:54:46 - val epoch: 294, loss: 1.1735
2026-08-07 12:54:48 - train: epoch 295, iter:0, loss: 0.5151, lr: 1.0976769428005577e-05
2026-08-07 12:54:49 - train: epoch 295, iter:20, loss: 0.5123, lr: 1.0976769428005577e-05
2026-08-07 12:55:05 - val epoch: 295, loss: 1.1717
2026-08-07 12:55:07 - train: epoch 296, iter:0, loss: 0.5181, lr: 1.0678380296485951e-05
2026-08-07 12:55:09 - train: epoch 296, iter:20, loss: 0.5083, lr: 1.0678380296485951e-05
2026-08-07 12:55:24 - val epoch: 296, loss: 1.1797
2026-08-07 12:55:26 - train: epoch 297, iter:0, loss: 0.4481, lr: 1.04341991010651e-05
2026-08-07 12:55:28 - train: epoch 297, iter:20, loss: 0.5066, lr: 1.04341991010651e-05
2026-08-07 12:55:44 - val epoch: 297, loss: 1.1728
2026-08-07 12:55:45 - train: epoch 298, iter:0, loss: 0.5006, lr: 1.0244252618962858e-05
2026-08-07 12:55:47 - train: epoch 298, iter:20, loss: 0.5111, lr: 1.0244252618962858e-05
2026-08-07 12:56:03 - val epoch: 298, loss: 1.1732
2026-08-07 12:56:04 - train: epoch 299, iter:0, loss: 0.5783, lr: 1.0108561679951479e-05
2026-08-07 12:56:06 - train: epoch 299, iter:20, loss: 0.5040, lr: 1.0108561679951479e-05
2026-08-07 12:56:22 - val epoch: 299, loss: 1.1757
2026-08-07 12:56:24 - train: epoch 300, iter:0, loss: 0.5166, lr: 1.002714116407149e-05
2026-08-07 12:56:26 - train: epoch 300, iter:20, loss: 0.5064, lr: 1.002714116407149e-05
2026-08-07 12:56:45 - val epoch: 300, loss: 1.1716, miou: 0.7661868281726576, f1_or_dsc: 0.8676169654887238, accuracy: 0.9367358896991994,                 specificity: 0.9641015860397808, sensitivity: 0.8516776831786207, confusion_matrix: [[38625281  1438216]
 [ 1911814 10977777]]
2026-08-07 12:57:06 - test of best model, loss: 0.8337,miou: 0.7897637211555384, f1_or_dsc: 0.8825340594630418, accuracy: 0.9438733393603033,                 specificity: 0.968867795040458, sensitivity: 0.8661854359847415, confusion_matrix: [[38816232  1247265]
 [ 1724815 11164776]]
