2026-08-20 13:42:43 - #----------Config info----------#
2026-08-20 13:42:43 - network: ege_wave_unet,
2026-08-20 13:42:43 - wave_mode: ll_only,
2026-08-20 13:42:43 - fusion_type: scalar,
2026-08-20 13:42:43 - work_dir: results/ege_wave_ll_only_isic18_Thursday_20_August_2026_13h_42m_43s/,
2026-08-20 13:42:48 - train: epoch 1, iter:0, loss: 5.4109, lr: 0.001
2026-08-20 13:42:50 - train: epoch 1, iter:20, loss: 3.0244, lr: 0.001
2026-08-20 13:43:06 - val epoch: 1, loss: 1.8237
2026-08-20 13:43:06 - wave mode=ll_only, epoch 1, alpha: 0.0999
2026-08-20 13:43:08 - train: epoch 2, iter:0, loss: 1.8747, lr: 0.0009999728588359286
2026-08-20 13:43:10 - train: epoch 2, iter:20, loss: 1.6649, lr: 0.0009999728588359286
2026-08-20 13:43:25 - val epoch: 2, loss: 1.4875
2026-08-20 13:43:25 - wave mode=ll_only, epoch 2, alpha: 0.1000
2026-08-20 13:43:27 - train: epoch 3, iter:0, loss: 1.4342, lr: 0.0009998914383200486
2026-08-20 13:43:29 - train: epoch 3, iter:20, loss: 1.4301, lr: 0.0009998914383200486
2026-08-20 13:43:45 - val epoch: 3, loss: 1.3760
2026-08-20 13:43:45 - wave mode=ll_only, epoch 3, alpha: 0.1001
2026-08-20 13:43:47 - train: epoch 4, iter:0, loss: 1.5170, lr: 0.0009997557473810372
2026-08-20 13:43:49 - train: epoch 4, iter:20, loss: 1.3417, lr: 0.0009997557473810372
2026-08-20 13:44:05 - val epoch: 4, loss: 1.3156
2026-08-20 13:44:05 - wave mode=ll_only, epoch 4, alpha: 0.1001
2026-08-20 13:44:07 - train: epoch 5, iter:0, loss: 1.2554, lr: 0.000999565800898935
2026-08-20 13:44:09 - train: epoch 5, iter:20, loss: 1.2665, lr: 0.000999565800898935
2026-08-20 13:44:24 - val epoch: 5, loss: 1.2231
2026-08-20 13:44:24 - wave mode=ll_only, epoch 5, alpha: 0.1002
2026-08-20 13:44:26 - train: epoch 6, iter:0, loss: 1.3643, lr: 0.0009993216197035143
2026-08-20 13:44:28 - train: epoch 6, iter:20, loss: 1.2022, lr: 0.0009993216197035143
2026-08-20 13:44:44 - val epoch: 6, loss: 1.2472
2026-08-20 13:44:44 - wave mode=ll_only, epoch 6, alpha: 0.1003
2026-08-20 13:44:46 - train: epoch 7, iter:0, loss: 1.2052, lr: 0.0009990232305719946
2026-08-20 13:44:48 - train: epoch 7, iter:20, loss: 1.1561, lr: 0.0009990232305719946
2026-08-20 13:45:03 - val epoch: 7, loss: 1.1732
2026-08-20 13:45:03 - wave mode=ll_only, epoch 7, alpha: 0.1004
2026-08-20 13:45:05 - train: epoch 8, iter:0, loss: 1.1458, lr: 0.0009986706662261067
2026-08-20 13:45:07 - train: epoch 8, iter:20, loss: 1.0683, lr: 0.0009986706662261067
2026-08-20 13:45:23 - val epoch: 8, loss: 1.1468
2026-08-20 13:45:23 - wave mode=ll_only, epoch 8, alpha: 0.1006
2026-08-20 13:45:25 - train: epoch 9, iter:0, loss: 1.0076, lr: 0.0009982639653285047
2026-08-20 13:45:27 - train: epoch 9, iter:20, loss: 1.0373, lr: 0.0009982639653285047
2026-08-20 13:45:42 - val epoch: 9, loss: 1.1588
2026-08-20 13:45:42 - wave mode=ll_only, epoch 9, alpha: 0.1007
2026-08-20 13:45:44 - train: epoch 10, iter:0, loss: 0.9687, lr: 0.0009978031724785245
2026-08-20 13:45:47 - train: epoch 10, iter:20, loss: 1.0610, lr: 0.0009978031724785245
2026-08-20 13:46:02 - val epoch: 10, loss: 1.1200
2026-08-20 13:46:02 - wave mode=ll_only, epoch 10, alpha: 0.1009
2026-08-20 13:46:04 - train: epoch 11, iter:0, loss: 1.1177, lr: 0.0009972883382072953
2026-08-20 13:46:06 - train: epoch 11, iter:20, loss: 0.9711, lr: 0.0009972883382072953
2026-08-20 13:46:22 - val epoch: 11, loss: 1.0888
2026-08-20 13:46:22 - wave mode=ll_only, epoch 11, alpha: 0.1011
2026-08-20 13:46:24 - train: epoch 12, iter:0, loss: 0.9895, lr: 0.0009967195189721962
2026-08-20 13:46:26 - train: epoch 12, iter:20, loss: 0.9570, lr: 0.0009967195189721962
2026-08-20 13:46:41 - val epoch: 12, loss: 1.0954
2026-08-20 13:46:41 - wave mode=ll_only, epoch 12, alpha: 0.1013
2026-08-20 13:46:43 - train: epoch 13, iter:0, loss: 0.9970, lr: 0.0009960967771506667
2026-08-20 13:46:45 - train: epoch 13, iter:20, loss: 0.9780, lr: 0.0009960967771506667
2026-08-20 13:47:00 - val epoch: 13, loss: 1.0225
2026-08-20 13:47:00 - wave mode=ll_only, epoch 13, alpha: 0.1015
2026-08-20 13:47:02 - train: epoch 14, iter:0, loss: 0.8754, lr: 0.0009954201810333646
2026-08-20 13:47:04 - train: epoch 14, iter:20, loss: 0.9194, lr: 0.0009954201810333646
2026-08-20 13:47:20 - val epoch: 14, loss: 1.0877
2026-08-20 13:47:20 - wave mode=ll_only, epoch 14, alpha: 0.1019
2026-08-20 13:47:22 - train: epoch 15, iter:0, loss: 0.8700, lr: 0.0009946898048166792
2026-08-20 13:47:24 - train: epoch 15, iter:20, loss: 0.8902, lr: 0.0009946898048166792
2026-08-20 13:47:39 - val epoch: 15, loss: 1.0541
2026-08-20 13:47:39 - wave mode=ll_only, epoch 15, alpha: 0.1021
2026-08-20 13:47:41 - train: epoch 16, iter:0, loss: 0.8552, lr: 0.000993905728594593
2026-08-20 13:47:43 - train: epoch 16, iter:20, loss: 0.8810, lr: 0.000993905728594593
2026-08-20 13:47:59 - val epoch: 16, loss: 1.0296
2026-08-20 13:47:59 - wave mode=ll_only, epoch 16, alpha: 0.1024
2026-08-20 13:48:00 - train: epoch 17, iter:0, loss: 0.8577, lr: 0.0009930680383498998
2026-08-20 13:48:02 - train: epoch 17, iter:20, loss: 0.8885, lr: 0.0009930680383498998
2026-08-20 13:48:18 - val epoch: 17, loss: 0.9958
2026-08-20 13:48:18 - wave mode=ll_only, epoch 17, alpha: 0.1026
2026-08-20 13:48:20 - train: epoch 18, iter:0, loss: 0.7430, lr: 0.0009921768259447744
2026-08-20 13:48:22 - train: epoch 18, iter:20, loss: 0.8197, lr: 0.0009921768259447744
2026-08-20 13:48:38 - val epoch: 18, loss: 1.1940
2026-08-20 13:48:38 - wave mode=ll_only, epoch 18, alpha: 0.1032
2026-08-20 13:48:39 - train: epoch 19, iter:0, loss: 0.7594, lr: 0.0009912321891107007
2026-08-20 13:48:42 - train: epoch 19, iter:20, loss: 0.8432, lr: 0.0009912321891107007
2026-08-20 13:48:57 - val epoch: 19, loss: 1.3151
2026-08-20 13:48:57 - wave mode=ll_only, epoch 19, alpha: 0.1034
2026-08-20 13:48:59 - train: epoch 20, iter:0, loss: 1.0900, lr: 0.0009902342314377522
2026-08-20 13:49:01 - train: epoch 20, iter:20, loss: 0.9622, lr: 0.0009902342314377522
2026-08-20 13:49:17 - val epoch: 20, loss: 1.0202
2026-08-20 13:49:17 - wave mode=ll_only, epoch 20, alpha: 0.1037
2026-08-20 13:49:19 - train: epoch 21, iter:0, loss: 0.8022, lr: 0.0009891830623632338
2026-08-20 13:49:21 - train: epoch 21, iter:20, loss: 0.8990, lr: 0.0009891830623632338
2026-08-20 13:49:37 - val epoch: 21, loss: 1.0799
2026-08-20 13:49:37 - wave mode=ll_only, epoch 21, alpha: 0.1040
2026-08-20 13:49:38 - train: epoch 22, iter:0, loss: 0.9149, lr: 0.00098807879715968
2026-08-20 13:49:41 - train: epoch 22, iter:20, loss: 0.8086, lr: 0.00098807879715968
2026-08-20 13:49:56 - val epoch: 22, loss: 1.0264
2026-08-20 13:49:56 - wave mode=ll_only, epoch 22, alpha: 0.1043
2026-08-20 13:49:58 - train: epoch 23, iter:0, loss: 0.6723, lr: 0.0009869215569222143
2026-08-20 13:50:00 - train: epoch 23, iter:20, loss: 0.8425, lr: 0.0009869215569222143
2026-08-20 13:50:15 - val epoch: 23, loss: 0.9640
2026-08-20 13:50:15 - wave mode=ll_only, epoch 23, alpha: 0.1048
2026-08-20 13:50:17 - train: epoch 24, iter:0, loss: 0.7417, lr: 0.0009857114685552697
2026-08-20 13:50:19 - train: epoch 24, iter:20, loss: 0.8055, lr: 0.0009857114685552697
2026-08-20 13:50:35 - val epoch: 24, loss: 0.9980
2026-08-20 13:50:35 - wave mode=ll_only, epoch 24, alpha: 0.1051
2026-08-20 13:50:37 - train: epoch 25, iter:0, loss: 0.6835, lr: 0.0009844486647586721
2026-08-20 13:50:39 - train: epoch 25, iter:20, loss: 0.7885, lr: 0.0009844486647586721
2026-08-20 13:50:55 - val epoch: 25, loss: 1.1709
2026-08-20 13:50:55 - wave mode=ll_only, epoch 25, alpha: 0.1056
2026-08-20 13:50:57 - train: epoch 26, iter:0, loss: 0.8287, lr: 0.0009831332840130884
2026-08-20 13:50:59 - train: epoch 26, iter:20, loss: 0.7568, lr: 0.0009831332840130884
2026-08-20 13:51:14 - val epoch: 26, loss: 0.9588
2026-08-20 13:51:14 - wave mode=ll_only, epoch 26, alpha: 0.1058
2026-08-20 13:51:16 - train: epoch 27, iter:0, loss: 0.6790, lr: 0.0009817654705648405
2026-08-20 13:51:18 - train: epoch 27, iter:20, loss: 0.7588, lr: 0.0009817654705648405
2026-08-20 13:51:34 - val epoch: 27, loss: 0.9984
2026-08-20 13:51:34 - wave mode=ll_only, epoch 27, alpha: 0.1059
2026-08-20 13:51:36 - train: epoch 28, iter:0, loss: 0.7109, lr: 0.0009803453744100864
2026-08-20 13:51:38 - train: epoch 28, iter:20, loss: 0.7900, lr: 0.0009803453744100864
2026-08-20 13:51:53 - val epoch: 28, loss: 1.0725
2026-08-20 13:51:53 - wave mode=ll_only, epoch 28, alpha: 0.1061
2026-08-20 13:51:55 - train: epoch 29, iter:0, loss: 0.6640, lr: 0.0009788731512783728
2026-08-20 13:51:57 - train: epoch 29, iter:20, loss: 0.7807, lr: 0.0009788731512783728
2026-08-20 13:52:13 - val epoch: 29, loss: 1.0332
2026-08-20 13:52:13 - wave mode=ll_only, epoch 29, alpha: 0.1068
2026-08-20 13:52:15 - train: epoch 30, iter:0, loss: 0.9764, lr: 0.0009773489626155566
2026-08-20 13:52:17 - train: epoch 30, iter:20, loss: 0.7880, lr: 0.0009773489626155566
2026-08-20 13:52:37 - val epoch: 30, loss: 0.9883, miou: 0.7503935378226959, f1_or_dsc: 0.8573998036534184, accuracy: 0.9255697798020769,                 specificity: 0.9276023009174661, sensitivity: 0.9192522865931122, confusion_matrix: [[37162992  2900505]
 [ 1040805 11848786]]
2026-08-20 13:52:37 - wave mode=ll_only, epoch 30, alpha: 0.1070
2026-08-20 13:52:38 - train: epoch 31, iter:0, loss: 1.0405, lr: 0.0009757729755661006
2026-08-20 13:52:40 - train: epoch 31, iter:20, loss: 0.7510, lr: 0.0009757729755661006
2026-08-20 13:52:56 - val epoch: 31, loss: 1.0247
2026-08-20 13:52:56 - wave mode=ll_only, epoch 31, alpha: 0.1072
2026-08-20 13:52:58 - train: epoch 32, iter:0, loss: 0.6616, lr: 0.0009741453629547445
2026-08-20 13:53:00 - train: epoch 32, iter:20, loss: 0.7456, lr: 0.0009741453629547445
2026-08-20 13:53:16 - val epoch: 32, loss: 0.9345
2026-08-20 13:53:16 - wave mode=ll_only, epoch 32, alpha: 0.1076
2026-08-20 13:53:17 - train: epoch 33, iter:0, loss: 0.7590, lr: 0.0009724663032675527
2026-08-20 13:53:20 - train: epoch 33, iter:20, loss: 0.7497, lr: 0.0009724663032675527
2026-08-20 13:53:35 - val epoch: 33, loss: 1.0157
2026-08-20 13:53:35 - wave mode=ll_only, epoch 33, alpha: 0.1079
2026-08-20 13:53:37 - train: epoch 34, iter:0, loss: 0.7193, lr: 0.0009707359806323412
2026-08-20 13:53:39 - train: epoch 34, iter:20, loss: 0.7400, lr: 0.0009707359806323412
2026-08-20 13:53:55 - val epoch: 34, loss: 0.9370
2026-08-20 13:53:55 - wave mode=ll_only, epoch 34, alpha: 0.1081
2026-08-20 13:53:57 - train: epoch 35, iter:0, loss: 0.6595, lr: 0.0009689545847984858
2026-08-20 13:53:59 - train: epoch 35, iter:20, loss: 0.7271, lr: 0.0009689545847984858
2026-08-20 13:54:15 - val epoch: 35, loss: 0.9762
2026-08-20 13:54:15 - wave mode=ll_only, epoch 35, alpha: 0.1084
2026-08-20 13:54:17 - train: epoch 36, iter:0, loss: 0.7846, lr: 0.0009671223111161144
2026-08-20 13:54:19 - train: epoch 36, iter:20, loss: 0.7193, lr: 0.0009671223111161144
2026-08-20 13:54:34 - val epoch: 36, loss: 0.9646
2026-08-20 13:54:34 - wave mode=ll_only, epoch 36, alpha: 0.1087
2026-08-20 13:54:36 - train: epoch 37, iter:0, loss: 0.7638, lr: 0.000965239360514684
2026-08-20 13:54:38 - train: epoch 37, iter:20, loss: 0.6914, lr: 0.000965239360514684
2026-08-20 13:54:54 - val epoch: 37, loss: 0.9520
2026-08-20 13:54:54 - wave mode=ll_only, epoch 37, alpha: 0.1090
2026-08-20 13:54:56 - train: epoch 38, iter:0, loss: 0.6811, lr: 0.000963305939480947
2026-08-20 13:54:58 - train: epoch 38, iter:20, loss: 0.7061, lr: 0.000963305939480947
2026-08-20 13:55:14 - val epoch: 38, loss: 0.9467
2026-08-20 13:55:14 - wave mode=ll_only, epoch 38, alpha: 0.1094
2026-08-20 13:55:16 - train: epoch 39, iter:0, loss: 0.6079, lr: 0.0009613222600363074
2026-08-20 13:55:18 - train: epoch 39, iter:20, loss: 0.7429, lr: 0.0009613222600363074
2026-08-20 13:55:34 - val epoch: 39, loss: 1.0301
2026-08-20 13:55:34 - wave mode=ll_only, epoch 39, alpha: 0.1097
2026-08-20 13:55:35 - train: epoch 40, iter:0, loss: 0.6312, lr: 0.0009592885397135703
2026-08-20 13:55:37 - train: epoch 40, iter:20, loss: 0.6931, lr: 0.0009592885397135703
2026-08-20 13:55:53 - val epoch: 40, loss: 0.9485
2026-08-20 13:55:53 - wave mode=ll_only, epoch 40, alpha: 0.1099
2026-08-20 13:55:55 - train: epoch 41, iter:0, loss: 0.6013, lr: 0.0009572050015330871
2026-08-20 13:55:57 - train: epoch 41, iter:20, loss: 0.7011, lr: 0.0009572050015330871
2026-08-20 13:56:13 - val epoch: 41, loss: 1.0547
2026-08-20 13:56:13 - wave mode=ll_only, epoch 41, alpha: 0.1100
2026-08-20 13:56:15 - train: epoch 42, iter:0, loss: 0.6826, lr: 0.0009550718739782986
2026-08-20 13:56:17 - train: epoch 42, iter:20, loss: 0.7420, lr: 0.0009550718739782986
2026-08-20 13:56:33 - val epoch: 42, loss: 0.9208
2026-08-20 13:56:33 - wave mode=ll_only, epoch 42, alpha: 0.1103
2026-08-20 13:56:34 - train: epoch 43, iter:0, loss: 0.5721, lr: 0.0009528893909706794
2026-08-20 13:56:36 - train: epoch 43, iter:20, loss: 0.7067, lr: 0.0009528893909706794
2026-08-20 13:56:52 - val epoch: 43, loss: 0.9451
2026-08-20 13:56:52 - wave mode=ll_only, epoch 43, alpha: 0.1106
2026-08-20 13:56:54 - train: epoch 44, iter:0, loss: 0.6334, lr: 0.0009506577918440856
2026-08-20 13:56:56 - train: epoch 44, iter:20, loss: 0.6744, lr: 0.0009506577918440856
2026-08-20 13:57:11 - val epoch: 44, loss: 0.8826
2026-08-20 13:57:11 - wave mode=ll_only, epoch 44, alpha: 0.1106
2026-08-20 13:57:13 - train: epoch 45, iter:0, loss: 0.5411, lr: 0.000948377321318509
2026-08-20 13:57:15 - train: epoch 45, iter:20, loss: 0.7153, lr: 0.000948377321318509
2026-08-20 13:57:31 - val epoch: 45, loss: 0.9301
2026-08-20 13:57:31 - wave mode=ll_only, epoch 45, alpha: 0.1110
2026-08-20 13:57:33 - train: epoch 46, iter:0, loss: 0.8425, lr: 0.0009460482294732416
2026-08-20 13:57:35 - train: epoch 46, iter:20, loss: 0.6812, lr: 0.0009460482294732416
2026-08-20 13:57:51 - val epoch: 46, loss: 1.0357
2026-08-20 13:57:51 - wave mode=ll_only, epoch 46, alpha: 0.1110
2026-08-20 13:57:52 - train: epoch 47, iter:0, loss: 0.7451, lr: 0.0009436707717194508
2026-08-20 13:57:55 - train: epoch 47, iter:20, loss: 0.6909, lr: 0.0009436707717194508
2026-08-20 13:58:10 - val epoch: 47, loss: 0.9684
2026-08-20 13:58:10 - wave mode=ll_only, epoch 47, alpha: 0.1111
2026-08-20 13:58:12 - train: epoch 48, iter:0, loss: 0.7066, lr: 0.0009412452087721706
2026-08-20 13:58:14 - train: epoch 48, iter:20, loss: 0.7721, lr: 0.0009412452087721706
2026-08-20 13:58:29 - val epoch: 48, loss: 1.0935
2026-08-20 13:58:29 - wave mode=ll_only, epoch 48, alpha: 0.1114
2026-08-20 13:58:31 - train: epoch 49, iter:0, loss: 0.6864, lr: 0.000938771806621712
2026-08-20 13:58:33 - train: epoch 49, iter:20, loss: 0.7357, lr: 0.000938771806621712
2026-08-20 13:58:49 - val epoch: 49, loss: 0.8640
2026-08-20 13:58:49 - wave mode=ll_only, epoch 49, alpha: 0.1115
2026-08-20 13:58:51 - train: epoch 50, iter:0, loss: 0.6490, lr: 0.0009362508365044934
2026-08-20 13:58:53 - train: epoch 50, iter:20, loss: 0.6628, lr: 0.0009362508365044934
2026-08-20 13:59:09 - val epoch: 50, loss: 1.0855
2026-08-20 13:59:09 - wave mode=ll_only, epoch 50, alpha: 0.1115
2026-08-20 13:59:11 - train: epoch 51, iter:0, loss: 0.8744, lr: 0.0009336825748732968
2026-08-20 13:59:13 - train: epoch 51, iter:20, loss: 0.6819, lr: 0.0009336825748732968
2026-08-20 13:59:29 - val epoch: 51, loss: 0.9526
2026-08-20 13:59:29 - wave mode=ll_only, epoch 51, alpha: 0.1118
2026-08-20 13:59:31 - train: epoch 52, iter:0, loss: 0.5368, lr: 0.0009310673033669517
2026-08-20 13:59:33 - train: epoch 52, iter:20, loss: 0.6888, lr: 0.0009310673033669517
2026-08-20 13:59:48 - val epoch: 52, loss: 0.8810
2026-08-20 13:59:48 - wave mode=ll_only, epoch 52, alpha: 0.1117
2026-08-20 13:59:50 - train: epoch 53, iter:0, loss: 0.7419, lr: 0.0009284053087794505
2026-08-20 13:59:52 - train: epoch 53, iter:20, loss: 0.6856, lr: 0.0009284053087794505
2026-08-20 14:00:08 - val epoch: 53, loss: 1.0937
2026-08-20 14:00:08 - wave mode=ll_only, epoch 53, alpha: 0.1121
2026-08-20 14:00:10 - train: epoch 54, iter:0, loss: 1.0558, lr: 0.0009256968830284974
2026-08-20 14:00:12 - train: epoch 54, iter:20, loss: 0.6532, lr: 0.0009256968830284974
2026-08-20 14:00:28 - val epoch: 54, loss: 0.8809
2026-08-20 14:00:28 - wave mode=ll_only, epoch 54, alpha: 0.1123
2026-08-20 14:00:30 - train: epoch 55, iter:0, loss: 0.6419, lr: 0.0009229423231234972
2026-08-20 14:00:32 - train: epoch 55, iter:20, loss: 0.6398, lr: 0.0009229423231234972
2026-08-20 14:00:47 - val epoch: 55, loss: 0.8767
2026-08-20 14:00:47 - wave mode=ll_only, epoch 55, alpha: 0.1124
2026-08-20 14:00:49 - train: epoch 56, iter:0, loss: 0.5981, lr: 0.0009201419311329846
2026-08-20 14:00:51 - train: epoch 56, iter:20, loss: 0.6505, lr: 0.0009201419311329846
2026-08-20 14:01:07 - val epoch: 56, loss: 0.9416
2026-08-20 14:01:07 - wave mode=ll_only, epoch 56, alpha: 0.1128
2026-08-20 14:01:09 - train: epoch 57, iter:0, loss: 0.7349, lr: 0.0009172960141514989
2026-08-20 14:01:11 - train: epoch 57, iter:20, loss: 0.6449, lr: 0.0009172960141514989
2026-08-20 14:01:26 - val epoch: 57, loss: 0.9820
2026-08-20 14:01:26 - wave mode=ll_only, epoch 57, alpha: 0.1129
2026-08-20 14:01:28 - train: epoch 58, iter:0, loss: 0.9395, lr: 0.0009144048842659077
2026-08-20 14:01:30 - train: epoch 58, iter:20, loss: 0.6682, lr: 0.0009144048842659077
2026-08-20 14:01:46 - val epoch: 58, loss: 0.8818
2026-08-20 14:01:46 - wave mode=ll_only, epoch 58, alpha: 0.1131
2026-08-20 14:01:48 - train: epoch 59, iter:0, loss: 0.6659, lr: 0.0009114688585211832
2026-08-20 14:01:50 - train: epoch 59, iter:20, loss: 0.6525, lr: 0.0009114688585211832
2026-08-20 14:02:06 - val epoch: 59, loss: 0.8764
2026-08-20 14:02:06 - wave mode=ll_only, epoch 59, alpha: 0.1134
2026-08-20 14:02:08 - train: epoch 60, iter:0, loss: 1.0166, lr: 0.0009084882588856339
2026-08-20 14:02:10 - train: epoch 60, iter:20, loss: 0.6493, lr: 0.0009084882588856339
2026-08-20 14:02:29 - val epoch: 60, loss: 0.8720, miou: 0.7738875118406072, f1_or_dsc: 0.8725327921584072, accuracy: 0.9370298668889716,                 specificity: 0.9536403424793397, sensitivity: 0.8854010961247724, confusion_matrix: [[38206167  1857330]
 [ 1477133 11412458]]
2026-08-20 14:02:29 - wave mode=ll_only, epoch 60, alpha: 0.1135
2026-08-20 14:02:31 - train: epoch 61, iter:0, loss: 0.5910, lr: 0.0009054634122155986
2026-08-20 14:02:33 - train: epoch 61, iter:20, loss: 0.6565, lr: 0.0009054634122155986
2026-08-20 14:02:49 - val epoch: 61, loss: 0.9423
2026-08-20 14:02:49 - wave mode=ll_only, epoch 61, alpha: 0.1136
2026-08-20 14:02:50 - train: epoch 62, iter:0, loss: 0.7569, lr: 0.0009023946502196013
2026-08-20 14:02:53 - train: epoch 62, iter:20, loss: 0.6657, lr: 0.0009023946502196013
2026-08-20 14:03:09 - val epoch: 62, loss: 1.0076
2026-08-20 14:03:09 - wave mode=ll_only, epoch 62, alpha: 0.1137
2026-08-20 14:03:10 - train: epoch 63, iter:0, loss: 0.5962, lr: 0.0008992823094219767
2026-08-20 14:03:13 - train: epoch 63, iter:20, loss: 0.6370, lr: 0.0008992823094219767
2026-08-20 14:03:28 - val epoch: 63, loss: 0.9059
2026-08-20 14:03:28 - wave mode=ll_only, epoch 63, alpha: 0.1140
2026-08-20 14:03:30 - train: epoch 64, iter:0, loss: 0.5810, lr: 0.0008961267311259662
2026-08-20 14:03:32 - train: epoch 64, iter:20, loss: 0.6240, lr: 0.0008961267311259662
2026-08-20 14:03:47 - val epoch: 64, loss: 0.8433
2026-08-20 14:03:47 - wave mode=ll_only, epoch 64, alpha: 0.1142
2026-08-20 14:03:49 - train: epoch 65, iter:0, loss: 0.6094, lr: 0.0008929282613762903
2026-08-20 14:03:51 - train: epoch 65, iter:20, loss: 0.6376, lr: 0.0008929282613762903
2026-08-20 14:04:07 - val epoch: 65, loss: 0.8960
2026-08-20 14:04:07 - wave mode=ll_only, epoch 65, alpha: 0.1142
2026-08-20 14:04:09 - train: epoch 66, iter:0, loss: 0.6430, lr: 0.0008896872509212002
2026-08-20 14:04:11 - train: epoch 66, iter:20, loss: 0.6508, lr: 0.0008896872509212002
2026-08-20 14:04:27 - val epoch: 66, loss: 0.9892
2026-08-20 14:04:27 - wave mode=ll_only, epoch 66, alpha: 0.1144
2026-08-20 14:04:29 - train: epoch 67, iter:0, loss: 0.5711, lr: 0.0008864040551740152
2026-08-20 14:04:31 - train: epoch 67, iter:20, loss: 0.6292, lr: 0.0008864040551740152
2026-08-20 14:04:47 - val epoch: 67, loss: 0.8627
2026-08-20 14:04:47 - wave mode=ll_only, epoch 67, alpha: 0.1149
2026-08-20 14:04:49 - train: epoch 68, iter:0, loss: 0.6066, lr: 0.0008830790341741476
2026-08-20 14:04:51 - train: epoch 68, iter:20, loss: 0.6529, lr: 0.0008830790341741476
2026-08-20 14:05:06 - val epoch: 68, loss: 0.9439
2026-08-20 14:05:06 - wave mode=ll_only, epoch 68, alpha: 0.1148
2026-08-20 14:05:08 - train: epoch 69, iter:0, loss: 0.5973, lr: 0.000879712552547619
2026-08-20 14:05:10 - train: epoch 69, iter:20, loss: 0.6304, lr: 0.000879712552547619
2026-08-20 14:05:25 - val epoch: 69, loss: 0.9312
2026-08-20 14:05:25 - wave mode=ll_only, epoch 69, alpha: 0.1152
2026-08-20 14:05:27 - train: epoch 70, iter:0, loss: 0.6047, lr: 0.0008763049794670771
2026-08-20 14:05:29 - train: epoch 70, iter:20, loss: 0.6431, lr: 0.0008763049794670771
2026-08-20 14:05:45 - val epoch: 70, loss: 0.9075
2026-08-20 14:05:45 - wave mode=ll_only, epoch 70, alpha: 0.1156
2026-08-20 14:05:46 - train: epoch 71, iter:0, loss: 0.5521, lr: 0.0008728566886113098
2026-08-20 14:05:49 - train: epoch 71, iter:20, loss: 0.6550, lr: 0.0008728566886113098
2026-08-20 14:06:04 - val epoch: 71, loss: 0.8433
2026-08-20 14:06:04 - wave mode=ll_only, epoch 71, alpha: 0.1156
2026-08-20 14:06:05 - train: epoch 72, iter:0, loss: 0.6641, lr: 0.000869368058124268
2026-08-20 14:06:08 - train: epoch 72, iter:20, loss: 0.6082, lr: 0.000869368058124268
2026-08-20 14:06:23 - val epoch: 72, loss: 0.8869
2026-08-20 14:06:23 - wave mode=ll_only, epoch 72, alpha: 0.1159
2026-08-20 14:06:24 - train: epoch 73, iter:0, loss: 0.6586, lr: 0.0008658394705735983
2026-08-20 14:06:27 - train: epoch 73, iter:20, loss: 0.6210, lr: 0.0008658394705735983
2026-08-20 14:06:43 - val epoch: 73, loss: 0.9022
2026-08-20 14:06:43 - wave mode=ll_only, epoch 73, alpha: 0.1160
2026-08-20 14:06:44 - train: epoch 74, iter:0, loss: 0.5830, lr: 0.0008622713129086888
2026-08-20 14:06:47 - train: epoch 74, iter:20, loss: 0.6313, lr: 0.0008622713129086888
2026-08-20 14:07:02 - val epoch: 74, loss: 1.0112
2026-08-20 14:07:02 - wave mode=ll_only, epoch 74, alpha: 0.1164
2026-08-20 14:07:04 - train: epoch 75, iter:0, loss: 0.5604, lr: 0.0008586639764182372
2026-08-20 14:07:06 - train: epoch 75, iter:20, loss: 0.6169, lr: 0.0008586639764182372
2026-08-20 14:07:22 - val epoch: 75, loss: 0.8579
2026-08-20 14:07:22 - wave mode=ll_only, epoch 75, alpha: 0.1164
2026-08-20 14:07:24 - train: epoch 76, iter:0, loss: 0.6938, lr: 0.0008550178566873405
2026-08-20 14:07:26 - train: epoch 76, iter:20, loss: 0.6146, lr: 0.0008550178566873405
2026-08-20 14:07:41 - val epoch: 76, loss: 0.8830
2026-08-20 14:07:41 - wave mode=ll_only, epoch 76, alpha: 0.1165
2026-08-20 14:07:43 - train: epoch 77, iter:0, loss: 0.6092, lr: 0.0008513333535541156
2026-08-20 14:07:45 - train: epoch 77, iter:20, loss: 0.5981, lr: 0.0008513333535541156
2026-08-20 14:08:01 - val epoch: 77, loss: 0.9011
2026-08-20 14:08:01 - wave mode=ll_only, epoch 77, alpha: 0.1168
2026-08-20 14:08:03 - train: epoch 78, iter:0, loss: 0.5694, lr: 0.0008476108710658509
2026-08-20 14:08:05 - train: epoch 78, iter:20, loss: 0.6334, lr: 0.0008476108710658509
2026-08-20 14:08:21 - val epoch: 78, loss: 0.8681
2026-08-20 14:08:21 - wave mode=ll_only, epoch 78, alpha: 0.1168
2026-08-20 14:08:22 - train: epoch 79, iter:0, loss: 0.5784, lr: 0.0008438508174347005
2026-08-20 14:08:24 - train: epoch 79, iter:20, loss: 0.6254, lr: 0.0008438508174347005
2026-08-20 14:08:40 - val epoch: 79, loss: 0.9042
2026-08-20 14:08:40 - wave mode=ll_only, epoch 79, alpha: 0.1171
2026-08-20 14:08:42 - train: epoch 80, iter:0, loss: 0.6526, lr: 0.0008400536049929166
2026-08-20 14:08:44 - train: epoch 80, iter:20, loss: 0.6119, lr: 0.0008400536049929166
2026-08-20 14:08:59 - val epoch: 80, loss: 0.9585
2026-08-20 14:08:59 - wave mode=ll_only, epoch 80, alpha: 0.1171
2026-08-20 14:09:01 - train: epoch 81, iter:0, loss: 0.5870, lr: 0.0008362196501476343
2026-08-20 14:09:03 - train: epoch 81, iter:20, loss: 0.6091, lr: 0.0008362196501476343
2026-08-20 14:09:19 - val epoch: 81, loss: 0.9249
2026-08-20 14:09:19 - wave mode=ll_only, epoch 81, alpha: 0.1176
2026-08-20 14:09:21 - train: epoch 82, iter:0, loss: 0.5645, lr: 0.0008323493733352072
2026-08-20 14:09:23 - train: epoch 82, iter:20, loss: 0.5867, lr: 0.0008323493733352072
2026-08-20 14:09:39 - val epoch: 82, loss: 0.8316
2026-08-20 14:09:39 - wave mode=ll_only, epoch 82, alpha: 0.1179
2026-08-20 14:09:41 - train: epoch 83, iter:0, loss: 0.6123, lr: 0.0008284431989751018
2026-08-20 14:09:43 - train: epoch 83, iter:20, loss: 0.5725, lr: 0.0008284431989751018
2026-08-20 14:09:59 - val epoch: 83, loss: 0.8671
2026-08-20 14:09:59 - wave mode=ll_only, epoch 83, alpha: 0.1181
2026-08-20 14:10:01 - train: epoch 84, iter:0, loss: 0.5113, lr: 0.000824501555423355
2026-08-20 14:10:03 - train: epoch 84, iter:20, loss: 0.5928, lr: 0.000824501555423355
2026-08-20 14:10:18 - val epoch: 84, loss: 0.8411
2026-08-20 14:10:18 - wave mode=ll_only, epoch 84, alpha: 0.1181
2026-08-20 14:10:20 - train: epoch 85, iter:0, loss: 0.5940, lr: 0.0008205248749256009
2026-08-20 14:10:22 - train: epoch 85, iter:20, loss: 0.6216, lr: 0.0008205248749256009
2026-08-20 14:10:38 - val epoch: 85, loss: 0.8259
2026-08-20 14:10:38 - wave mode=ll_only, epoch 85, alpha: 0.1183
2026-08-20 14:10:40 - train: epoch 86, iter:0, loss: 0.6111, lr: 0.000816513593569669
2026-08-20 14:10:42 - train: epoch 86, iter:20, loss: 0.5870, lr: 0.000816513593569669
2026-08-20 14:10:58 - val epoch: 86, loss: 0.8757
2026-08-20 14:10:58 - wave mode=ll_only, epoch 86, alpha: 0.1184
2026-08-20 14:11:00 - train: epoch 87, iter:0, loss: 0.5559, lr: 0.0008124681512377632
2026-08-20 14:11:02 - train: epoch 87, iter:20, loss: 0.6086, lr: 0.0008124681512377632
2026-08-20 14:11:18 - val epoch: 87, loss: 0.8644
2026-08-20 14:11:18 - wave mode=ll_only, epoch 87, alpha: 0.1190
2026-08-20 14:11:19 - train: epoch 88, iter:0, loss: 0.4429, lr: 0.000808388991558223
2026-08-20 14:11:22 - train: epoch 88, iter:20, loss: 0.6165, lr: 0.000808388991558223
2026-08-20 14:11:37 - val epoch: 88, loss: 1.0548
2026-08-20 14:11:37 - wave mode=ll_only, epoch 88, alpha: 0.1190
2026-08-20 14:11:39 - train: epoch 89, iter:0, loss: 0.6205, lr: 0.0008042765618568752
2026-08-20 14:11:41 - train: epoch 89, iter:20, loss: 0.6089, lr: 0.0008042765618568752
2026-08-20 14:11:57 - val epoch: 89, loss: 0.8775
2026-08-20 14:11:57 - wave mode=ll_only, epoch 89, alpha: 0.1190
2026-08-20 14:11:59 - train: epoch 90, iter:0, loss: 0.5907, lr: 0.0008001313131079794
2026-08-20 14:12:01 - train: epoch 90, iter:20, loss: 0.5948, lr: 0.0008001313131079794
2026-08-20 14:12:20 - val epoch: 90, loss: 0.9042, miou: 0.7753218423019095, f1_or_dsc: 0.8734437033643605, accuracy: 0.9412150241360806,                 specificity: 0.9759107898144788, sensitivity: 0.8333734561476777, confusion_matrix: [[39098399   965098]
 [ 2147748 10741843]]
2026-08-20 14:12:20 - wave mode=ll_only, epoch 90, alpha: 0.1191
2026-08-20 14:12:22 - train: epoch 91, iter:0, loss: 0.5732, lr: 0.0007959536998847737
2026-08-20 14:12:24 - train: epoch 91, iter:20, loss: 0.5765, lr: 0.0007959536998847737
2026-08-20 14:12:40 - val epoch: 91, loss: 0.8671
2026-08-20 14:12:40 - wave mode=ll_only, epoch 91, alpha: 0.1195
2026-08-20 14:12:41 - train: epoch 92, iter:0, loss: 0.4566, lr: 0.0007917441803096255
2026-08-20 14:12:43 - train: epoch 92, iter:20, loss: 0.5745, lr: 0.0007917441803096255
2026-08-20 14:12:59 - val epoch: 92, loss: 0.9737
2026-08-20 14:12:59 - wave mode=ll_only, epoch 92, alpha: 0.1198
2026-08-20 14:13:01 - train: epoch 93, iter:0, loss: 0.4885, lr: 0.0007875032160037932
2026-08-20 14:13:03 - train: epoch 93, iter:20, loss: 0.6006, lr: 0.0007875032160037932
2026-08-20 14:13:19 - val epoch: 93, loss: 0.8777
2026-08-20 14:13:19 - wave mode=ll_only, epoch 93, alpha: 0.1199
2026-08-20 14:13:21 - train: epoch 94, iter:0, loss: 0.4816, lr: 0.0007832312720368042
2026-08-20 14:13:23 - train: epoch 94, iter:20, loss: 0.5835, lr: 0.0007832312720368042
2026-08-20 14:13:39 - val epoch: 94, loss: 0.8618
2026-08-20 14:13:39 - wave mode=ll_only, epoch 94, alpha: 0.1201
2026-08-20 14:13:41 - train: epoch 95, iter:0, loss: 0.5191, lr: 0.0007789288168754548
2026-08-20 14:13:43 - train: epoch 95, iter:20, loss: 0.5802, lr: 0.0007789288168754548
2026-08-20 14:13:58 - val epoch: 95, loss: 0.8604
2026-08-20 14:13:58 - wave mode=ll_only, epoch 95, alpha: 0.1202
2026-08-20 14:14:00 - train: epoch 96, iter:0, loss: 0.5474, lr: 0.0007745963223324379
2026-08-20 14:14:02 - train: epoch 96, iter:20, loss: 0.6066, lr: 0.0007745963223324379
2026-08-20 14:14:18 - val epoch: 96, loss: 1.0134
2026-08-20 14:14:18 - wave mode=ll_only, epoch 96, alpha: 0.1201
2026-08-20 14:14:20 - train: epoch 97, iter:0, loss: 0.5451, lr: 0.0007702342635146028
2026-08-20 14:14:22 - train: epoch 97, iter:20, loss: 0.5828, lr: 0.0007702342635146028
2026-08-20 14:14:38 - val epoch: 97, loss: 0.8808
2026-08-20 14:14:38 - wave mode=ll_only, epoch 97, alpha: 0.1201
2026-08-20 14:14:40 - train: epoch 98, iter:0, loss: 0.5366, lr: 0.000765843118770855
2026-08-20 14:14:42 - train: epoch 98, iter:20, loss: 0.6004, lr: 0.000765843118770855
2026-08-20 14:14:58 - val epoch: 98, loss: 0.8958
2026-08-20 14:14:58 - wave mode=ll_only, epoch 98, alpha: 0.1204
2026-08-20 14:14:59 - train: epoch 99, iter:0, loss: 0.5246, lr: 0.0007614233696396991
2026-08-20 14:15:01 - train: epoch 99, iter:20, loss: 0.5824, lr: 0.0007614233696396991
2026-08-20 14:15:17 - val epoch: 99, loss: 0.8558
2026-08-20 14:15:17 - wave mode=ll_only, epoch 99, alpha: 0.1205
2026-08-20 14:15:19 - train: epoch 100, iter:0, loss: 0.4388, lr: 0.0007569755007964334
2026-08-20 14:15:21 - train: epoch 100, iter:20, loss: 0.5684, lr: 0.0007569755007964334
2026-08-20 14:15:36 - val epoch: 100, loss: 0.8706
2026-08-20 14:15:36 - wave mode=ll_only, epoch 100, alpha: 0.1204
2026-08-20 14:15:38 - train: epoch 101, iter:0, loss: 0.5541, lr: 0.0007524999999999996
2026-08-20 14:15:40 - train: epoch 101, iter:20, loss: 0.5690, lr: 0.0007524999999999996
2026-08-20 14:15:55 - val epoch: 101, loss: 0.8814
2026-08-20 14:15:55 - wave mode=ll_only, epoch 101, alpha: 0.1206
2026-08-20 14:15:57 - train: epoch 102, iter:0, loss: 0.5198, lr: 0.0007479973580394943
2026-08-20 14:15:59 - train: epoch 102, iter:20, loss: 0.5552, lr: 0.0007479973580394943
2026-08-20 14:16:15 - val epoch: 102, loss: 0.8562
2026-08-20 14:16:15 - wave mode=ll_only, epoch 102, alpha: 0.1208
2026-08-20 14:16:16 - train: epoch 103, iter:0, loss: 0.7364, lr: 0.0007434680686803487
2026-08-20 14:16:19 - train: epoch 103, iter:20, loss: 0.5811, lr: 0.0007434680686803487
2026-08-20 14:16:34 - val epoch: 103, loss: 0.8542
2026-08-20 14:16:34 - wave mode=ll_only, epoch 103, alpha: 0.1211
2026-08-20 14:16:36 - train: epoch 104, iter:0, loss: 0.5815, lr: 0.0007389126286101815
2026-08-20 14:16:38 - train: epoch 104, iter:20, loss: 0.5704, lr: 0.0007389126286101815
2026-08-20 14:16:54 - val epoch: 104, loss: 0.8795
2026-08-20 14:16:54 - wave mode=ll_only, epoch 104, alpha: 0.1216
2026-08-20 14:16:56 - train: epoch 105, iter:0, loss: 0.4752, lr: 0.0007343315373843313
2026-08-20 14:16:58 - train: epoch 105, iter:20, loss: 0.5743, lr: 0.0007343315373843313
2026-08-20 14:17:14 - val epoch: 105, loss: 0.8605
2026-08-20 14:17:14 - wave mode=ll_only, epoch 105, alpha: 0.1216
2026-08-20 14:17:16 - train: epoch 106, iter:0, loss: 0.4993, lr: 0.0007297252973710753
2026-08-20 14:17:18 - train: epoch 106, iter:20, loss: 0.5839, lr: 0.0007297252973710753
2026-08-20 14:17:34 - val epoch: 106, loss: 0.8743
2026-08-20 14:17:34 - wave mode=ll_only, epoch 106, alpha: 0.1219
2026-08-20 14:17:35 - train: epoch 107, iter:0, loss: 0.4574, lr: 0.0007250944136965387
2026-08-20 14:17:38 - train: epoch 107, iter:20, loss: 0.5441, lr: 0.0007250944136965387
2026-08-20 14:17:53 - val epoch: 107, loss: 0.8551
2026-08-20 14:17:53 - wave mode=ll_only, epoch 107, alpha: 0.1221
2026-08-20 14:17:55 - train: epoch 108, iter:0, loss: 0.4958, lr: 0.0007204393941893019
2026-08-20 14:17:57 - train: epoch 108, iter:20, loss: 0.6025, lr: 0.0007204393941893019
2026-08-20 14:18:13 - val epoch: 108, loss: 0.8169
2026-08-20 14:18:13 - wave mode=ll_only, epoch 108, alpha: 0.1222
2026-08-20 14:18:15 - train: epoch 109, iter:0, loss: 0.6201, lr: 0.0007157607493247106
2026-08-20 14:18:17 - train: epoch 109, iter:20, loss: 0.5727, lr: 0.0007157607493247106
2026-08-20 14:18:32 - val epoch: 109, loss: 0.9043
2026-08-20 14:18:32 - wave mode=ll_only, epoch 109, alpha: 0.1222
2026-08-20 14:18:35 - train: epoch 110, iter:0, loss: 0.4838, lr: 0.0007110589921688983
2026-08-20 14:18:37 - train: epoch 110, iter:20, loss: 0.5513, lr: 0.0007110589921688983
2026-08-20 14:18:52 - val epoch: 110, loss: 0.8321
2026-08-20 14:18:52 - wave mode=ll_only, epoch 110, alpha: 0.1225
2026-08-20 14:18:54 - train: epoch 111, iter:0, loss: 0.6058, lr: 0.0007063346383225208
2026-08-20 14:18:56 - train: epoch 111, iter:20, loss: 0.5647, lr: 0.0007063346383225208
2026-08-20 14:19:11 - val epoch: 111, loss: 0.8397
2026-08-20 14:19:11 - wave mode=ll_only, epoch 111, alpha: 0.1226
2026-08-20 14:19:13 - train: epoch 112, iter:0, loss: 0.6935, lr: 0.0007015882058642161
2026-08-20 14:19:15 - train: epoch 112, iter:20, loss: 0.5813, lr: 0.0007015882058642161
2026-08-20 14:19:31 - val epoch: 112, loss: 0.8333
2026-08-20 14:19:31 - wave mode=ll_only, epoch 112, alpha: 0.1229
2026-08-20 14:19:33 - train: epoch 113, iter:0, loss: 0.5575, lr: 0.0006968202152937907
2026-08-20 14:19:35 - train: epoch 113, iter:20, loss: 0.5564, lr: 0.0006968202152937907
2026-08-20 14:19:51 - val epoch: 113, loss: 0.8210
2026-08-20 14:19:51 - wave mode=ll_only, epoch 113, alpha: 0.1232
2026-08-20 14:19:53 - train: epoch 114, iter:0, loss: 0.5336, lr: 0.000692031189475141
2026-08-20 14:19:55 - train: epoch 114, iter:20, loss: 0.5688, lr: 0.000692031189475141
2026-08-20 14:20:11 - val epoch: 114, loss: 0.9129
2026-08-20 14:20:11 - wave mode=ll_only, epoch 114, alpha: 0.1232
2026-08-20 14:20:13 - train: epoch 115, iter:0, loss: 0.5060, lr: 0.0006872216535789155
2026-08-20 14:20:15 - train: epoch 115, iter:20, loss: 0.5471, lr: 0.0006872216535789155
2026-08-20 14:20:30 - val epoch: 115, loss: 0.8501
2026-08-20 14:20:30 - wave mode=ll_only, epoch 115, alpha: 0.1236
2026-08-20 14:20:33 - train: epoch 116, iter:0, loss: 0.6039, lr: 0.0006823921350249233
2026-08-20 14:20:35 - train: epoch 116, iter:20, loss: 0.5746, lr: 0.0006823921350249233
2026-08-20 14:20:50 - val epoch: 116, loss: 0.8515
2026-08-20 14:20:50 - wave mode=ll_only, epoch 116, alpha: 0.1235
2026-08-20 14:20:52 - train: epoch 117, iter:0, loss: 0.5436, lr: 0.0006775431634242984
2026-08-20 14:20:54 - train: epoch 117, iter:20, loss: 0.5691, lr: 0.0006775431634242984
2026-08-20 14:21:10 - val epoch: 117, loss: 0.9290
2026-08-20 14:21:10 - wave mode=ll_only, epoch 117, alpha: 0.1238
2026-08-20 14:21:12 - train: epoch 118, iter:0, loss: 0.5285, lr: 0.0006726752705214191
2026-08-20 14:21:14 - train: epoch 118, iter:20, loss: 0.5565, lr: 0.0006726752705214191
2026-08-20 14:21:30 - val epoch: 118, loss: 0.8759
2026-08-20 14:21:30 - wave mode=ll_only, epoch 118, alpha: 0.1238
2026-08-20 14:21:31 - train: epoch 119, iter:0, loss: 0.5852, lr: 0.0006677889901355985
2026-08-20 14:21:34 - train: epoch 119, iter:20, loss: 0.5252, lr: 0.0006677889901355985
2026-08-20 14:21:49 - val epoch: 119, loss: 0.8477
2026-08-20 14:21:49 - wave mode=ll_only, epoch 119, alpha: 0.1240
2026-08-20 14:21:51 - train: epoch 120, iter:0, loss: 0.5966, lr: 0.0006628848581025445
2026-08-20 14:21:53 - train: epoch 120, iter:20, loss: 0.5627, lr: 0.0006628848581025445
2026-08-20 14:22:13 - val epoch: 120, loss: 0.8670, miou: 0.7781450184527336, f1_or_dsc: 0.8752323464931363, accuracy: 0.9405657135614074,                 specificity: 0.9676417912295574, sensitivity: 0.8564077013770258, confusion_matrix: [[38767114  1296383]
 [ 1850846 11038745]]
2026-08-20 14:22:13 - wave mode=ll_only, epoch 120, alpha: 0.1241
2026-08-20 14:22:15 - train: epoch 121, iter:0, loss: 0.5046, lr: 0.0006579634122155989
2026-08-20 14:22:17 - train: epoch 121, iter:20, loss: 0.5470, lr: 0.0006579634122155989
2026-08-20 14:22:33 - val epoch: 121, loss: 0.9075
2026-08-20 14:22:33 - wave mode=ll_only, epoch 121, alpha: 0.1243
2026-08-20 14:22:35 - train: epoch 122, iter:0, loss: 0.5919, lr: 0.0006530251921667629
2026-08-20 14:22:37 - train: epoch 122, iter:20, loss: 0.5782, lr: 0.0006530251921667629
2026-08-20 14:22:52 - val epoch: 122, loss: 0.8466
2026-08-20 14:22:52 - wave mode=ll_only, epoch 122, alpha: 0.1243
2026-08-20 14:22:54 - train: epoch 123, iter:0, loss: 0.5473, lr: 0.0006480707394875134
2026-08-20 14:22:56 - train: epoch 123, iter:20, loss: 0.5644, lr: 0.0006480707394875134
2026-08-20 14:23:11 - val epoch: 123, loss: 0.8976
2026-08-20 14:23:11 - wave mode=ll_only, epoch 123, alpha: 0.1242
2026-08-20 14:23:13 - train: epoch 124, iter:0, loss: 0.8738, lr: 0.0006431005974894185
2026-08-20 14:23:15 - train: epoch 124, iter:20, loss: 0.5418, lr: 0.0006431005974894185
2026-08-20 14:23:31 - val epoch: 124, loss: 0.8928
2026-08-20 14:23:31 - wave mode=ll_only, epoch 124, alpha: 0.1245
2026-08-20 14:23:33 - train: epoch 125, iter:0, loss: 0.5510, lr: 0.0006381153112045565
2026-08-20 14:23:35 - train: epoch 125, iter:20, loss: 0.5486, lr: 0.0006381153112045565
2026-08-20 14:23:51 - val epoch: 125, loss: 0.8503
2026-08-20 14:23:51 - wave mode=ll_only, epoch 125, alpha: 0.1246
2026-08-20 14:23:53 - train: epoch 126, iter:0, loss: 0.4531, lr: 0.0006331154273257479
2026-08-20 14:23:55 - train: epoch 126, iter:20, loss: 0.5531, lr: 0.0006331154273257479
2026-08-20 14:24:10 - val epoch: 126, loss: 0.8695
2026-08-20 14:24:10 - wave mode=ll_only, epoch 126, alpha: 0.1248
2026-08-20 14:24:12 - train: epoch 127, iter:0, loss: 0.4841, lr: 0.000628101494146603
2026-08-20 14:24:14 - train: epoch 127, iter:20, loss: 0.5480, lr: 0.000628101494146603
2026-08-20 14:24:30 - val epoch: 127, loss: 0.8979
2026-08-20 14:24:30 - wave mode=ll_only, epoch 127, alpha: 0.1248
2026-08-20 14:24:32 - train: epoch 128, iter:0, loss: 0.5739, lr: 0.0006230740615013976
2026-08-20 14:24:34 - train: epoch 128, iter:20, loss: 0.5484, lr: 0.0006230740615013976
2026-08-20 14:24:50 - val epoch: 128, loss: 0.9610
2026-08-20 14:24:50 - wave mode=ll_only, epoch 128, alpha: 0.1247
2026-08-20 14:24:52 - train: epoch 129, iter:0, loss: 0.4763, lr: 0.0006180336807047746
2026-08-20 14:24:54 - train: epoch 129, iter:20, loss: 0.5422, lr: 0.0006180336807047746
2026-08-20 14:25:09 - val epoch: 129, loss: 0.8160
2026-08-20 14:25:09 - wave mode=ll_only, epoch 129, alpha: 0.1250
2026-08-20 14:25:12 - train: epoch 130, iter:0, loss: 0.5354, lr: 0.0006129809044912887
2026-08-20 14:25:14 - train: epoch 130, iter:20, loss: 0.5432, lr: 0.0006129809044912887
2026-08-20 14:25:29 - val epoch: 130, loss: 0.9058
2026-08-20 14:25:29 - wave mode=ll_only, epoch 130, alpha: 0.1252
2026-08-20 14:25:31 - train: epoch 131, iter:0, loss: 0.4385, lr: 0.0006079162869547909
2026-08-20 14:25:33 - train: epoch 131, iter:20, loss: 0.5154, lr: 0.0006079162869547909
2026-08-20 14:25:49 - val epoch: 131, loss: 0.8352
2026-08-20 14:25:49 - wave mode=ll_only, epoch 131, alpha: 0.1252
2026-08-20 14:25:50 - train: epoch 132, iter:0, loss: 0.4355, lr: 0.0006028403834876673
2026-08-20 14:25:52 - train: epoch 132, iter:20, loss: 0.5363, lr: 0.0006028403834876673
2026-08-20 14:26:08 - val epoch: 132, loss: 0.8668
2026-08-20 14:26:08 - wave mode=ll_only, epoch 132, alpha: 0.1254
2026-08-20 14:26:10 - train: epoch 133, iter:0, loss: 0.5094, lr: 0.0005977537507199337
2026-08-20 14:26:12 - train: epoch 133, iter:20, loss: 0.5399, lr: 0.0005977537507199337
2026-08-20 14:26:28 - val epoch: 133, loss: 0.9040
2026-08-20 14:26:28 - wave mode=ll_only, epoch 133, alpha: 0.1254
2026-08-20 14:26:30 - train: epoch 134, iter:0, loss: 0.4776, lr: 0.0005926569464581937
2026-08-20 14:26:32 - train: epoch 134, iter:20, loss: 0.5257, lr: 0.0005926569464581937
2026-08-20 14:26:47 - val epoch: 134, loss: 0.9165
2026-08-20 14:26:47 - wave mode=ll_only, epoch 134, alpha: 0.1255
2026-08-20 14:26:49 - train: epoch 135, iter:0, loss: 0.5364, lr: 0.0005875505296244705
2026-08-20 14:26:51 - train: epoch 135, iter:20, loss: 0.5196, lr: 0.0005875505296244705
2026-08-20 14:27:07 - val epoch: 135, loss: 0.8490
2026-08-20 14:27:07 - wave mode=ll_only, epoch 135, alpha: 0.1257
2026-08-20 14:27:09 - train: epoch 136, iter:0, loss: 0.5496, lr: 0.0005824350601949142
2026-08-20 14:27:11 - train: epoch 136, iter:20, loss: 0.5299, lr: 0.0005824350601949142
2026-08-20 14:27:27 - val epoch: 136, loss: 0.8579
2026-08-20 14:27:27 - wave mode=ll_only, epoch 136, alpha: 0.1257
2026-08-20 14:27:29 - train: epoch 137, iter:0, loss: 0.5855, lr: 0.0005773110991383937
2026-08-20 14:27:31 - train: epoch 137, iter:20, loss: 0.5563, lr: 0.0005773110991383937
2026-08-20 14:27:47 - val epoch: 137, loss: 0.8993
2026-08-20 14:27:47 - wave mode=ll_only, epoch 137, alpha: 0.1258
2026-08-20 14:27:48 - train: epoch 138, iter:0, loss: 0.5219, lr: 0.0005721792083549806
2026-08-20 14:27:50 - train: epoch 138, iter:20, loss: 0.5491, lr: 0.0005721792083549806
2026-08-20 14:28:06 - val epoch: 138, loss: 0.8539
2026-08-20 14:28:06 - wave mode=ll_only, epoch 138, alpha: 0.1258
2026-08-20 14:28:08 - train: epoch 139, iter:0, loss: 0.5910, lr: 0.0005670399506143306
2026-08-20 14:28:10 - train: epoch 139, iter:20, loss: 0.5314, lr: 0.0005670399506143306
2026-08-20 14:28:26 - val epoch: 139, loss: 0.8521
2026-08-20 14:28:26 - wave mode=ll_only, epoch 139, alpha: 0.1260
2026-08-20 14:28:28 - train: epoch 140, iter:0, loss: 0.3937, lr: 0.000561893889493969
2026-08-20 14:28:30 - train: epoch 140, iter:20, loss: 0.5121, lr: 0.000561893889493969
2026-08-20 14:28:46 - val epoch: 140, loss: 0.8221
2026-08-20 14:28:46 - wave mode=ll_only, epoch 140, alpha: 0.1262
2026-08-20 14:28:48 - train: epoch 141, iter:0, loss: 0.6098, lr: 0.0005567415893174885
2026-08-20 14:28:50 - train: epoch 141, iter:20, loss: 0.5219, lr: 0.0005567415893174885
2026-08-20 14:29:05 - val epoch: 141, loss: 0.8344
2026-08-20 14:29:05 - wave mode=ll_only, epoch 141, alpha: 0.1264
2026-08-20 14:29:07 - train: epoch 142, iter:0, loss: 0.5036, lr: 0.0005515836150926646
2026-08-20 14:29:09 - train: epoch 142, iter:20, loss: 0.5484, lr: 0.0005515836150926646
2026-08-20 14:29:24 - val epoch: 142, loss: 0.8868
2026-08-20 14:29:24 - wave mode=ll_only, epoch 142, alpha: 0.1264
2026-08-20 14:29:26 - train: epoch 143, iter:0, loss: 0.4857, lr: 0.0005464205324494961
2026-08-20 14:29:29 - train: epoch 143, iter:20, loss: 0.5177, lr: 0.0005464205324494961
2026-08-20 14:29:44 - val epoch: 143, loss: 0.9019
2026-08-20 14:29:44 - wave mode=ll_only, epoch 143, alpha: 0.1265
2026-08-20 14:29:46 - train: epoch 144, iter:0, loss: 0.4979, lr: 0.0005412529075781776
2026-08-20 14:29:48 - train: epoch 144, iter:20, loss: 0.5191, lr: 0.0005412529075781776
2026-08-20 14:30:04 - val epoch: 144, loss: 0.8648
2026-08-20 14:30:04 - wave mode=ll_only, epoch 144, alpha: 0.1265
2026-08-20 14:30:06 - train: epoch 145, iter:0, loss: 0.6838, lr: 0.0005360813071670101
2026-08-20 14:30:08 - train: epoch 145, iter:20, loss: 0.5292, lr: 0.0005360813071670101
2026-08-20 14:30:24 - val epoch: 145, loss: 0.9186
2026-08-20 14:30:24 - wave mode=ll_only, epoch 145, alpha: 0.1266
2026-08-20 14:30:26 - train: epoch 146, iter:0, loss: 0.5066, lr: 0.0005309062983402573
2026-08-20 14:30:28 - train: epoch 146, iter:20, loss: 0.5236, lr: 0.0005309062983402573
2026-08-20 14:30:44 - val epoch: 146, loss: 0.8606
2026-08-20 14:30:44 - wave mode=ll_only, epoch 146, alpha: 0.1268
2026-08-20 14:30:46 - train: epoch 147, iter:0, loss: 0.6111, lr: 0.0005257284485959538
2026-08-20 14:30:48 - train: epoch 147, iter:20, loss: 0.5095, lr: 0.0005257284485959538
2026-08-20 14:31:03 - val epoch: 147, loss: 0.9247
2026-08-20 14:31:03 - wave mode=ll_only, epoch 147, alpha: 0.1269
2026-08-20 14:31:05 - train: epoch 148, iter:0, loss: 0.5736, lr: 0.0005205483257436734
2026-08-20 14:31:07 - train: epoch 148, iter:20, loss: 0.5403, lr: 0.0005205483257436734
2026-08-20 14:31:23 - val epoch: 148, loss: 0.8721
2026-08-20 14:31:23 - wave mode=ll_only, epoch 148, alpha: 0.1270
2026-08-20 14:31:25 - train: epoch 149, iter:0, loss: 0.5961, lr: 0.0005153664978422616
2026-08-20 14:31:27 - train: epoch 149, iter:20, loss: 0.5137, lr: 0.0005153664978422616
2026-08-20 14:31:43 - val epoch: 149, loss: 0.8657
2026-08-20 14:31:43 - wave mode=ll_only, epoch 149, alpha: 0.1272
2026-08-20 14:31:45 - train: epoch 150, iter:0, loss: 0.6377, lr: 0.0005101835331375416
2026-08-20 14:31:47 - train: epoch 150, iter:20, loss: 0.5468, lr: 0.0005101835331375416
2026-08-20 14:32:06 - val epoch: 150, loss: 0.9282, miou: 0.7746510732454296, f1_or_dsc: 0.8730178962208842, accuracy: 0.9400412115720239,                 specificity: 0.9700554347514896, sensitivity: 0.8467508394952175, confusion_matrix: [[38863813  1199684]
 [ 1975319 10914272]]
2026-08-20 14:32:06 - wave mode=ll_only, epoch 150, alpha: 0.1273
2026-08-20 14:32:08 - train: epoch 151, iter:0, loss: 0.4987, lr: 0.0005049999999999999
2026-08-20 14:32:10 - train: epoch 151, iter:20, loss: 0.5320, lr: 0.0005049999999999999
2026-08-20 14:32:26 - val epoch: 151, loss: 0.8860
2026-08-20 14:32:26 - wave mode=ll_only, epoch 151, alpha: 0.1273
2026-08-20 14:32:28 - train: epoch 152, iter:0, loss: 0.5207, lr: 0.0004998164668624582
2026-08-20 14:32:30 - train: epoch 152, iter:20, loss: 0.5234, lr: 0.0004998164668624582
2026-08-20 14:32:45 - val epoch: 152, loss: 0.8973
2026-08-20 14:32:45 - wave mode=ll_only, epoch 152, alpha: 0.1275
2026-08-20 14:32:47 - train: epoch 153, iter:0, loss: 0.5144, lr: 0.0004946335021577383
2026-08-20 14:32:49 - train: epoch 153, iter:20, loss: 0.5128, lr: 0.0004946335021577383
2026-08-20 14:33:05 - val epoch: 153, loss: 0.8929
2026-08-20 14:33:05 - wave mode=ll_only, epoch 153, alpha: 0.1275
2026-08-20 14:33:07 - train: epoch 154, iter:0, loss: 0.5302, lr: 0.0004894516742563263
2026-08-20 14:33:09 - train: epoch 154, iter:20, loss: 0.5038, lr: 0.0004894516742563263
2026-08-20 14:33:24 - val epoch: 154, loss: 0.8415
2026-08-20 14:33:24 - wave mode=ll_only, epoch 154, alpha: 0.1276
2026-08-20 14:33:26 - train: epoch 155, iter:0, loss: 0.6418, lr: 0.000484271551404046
2026-08-20 14:33:28 - train: epoch 155, iter:20, loss: 0.5140, lr: 0.000484271551404046
2026-08-20 14:33:43 - val epoch: 155, loss: 0.8521
2026-08-20 14:33:43 - wave mode=ll_only, epoch 155, alpha: 0.1278
2026-08-20 14:33:46 - train: epoch 156, iter:0, loss: 0.4930, lr: 0.0004790937016597426
2026-08-20 14:33:48 - train: epoch 156, iter:20, loss: 0.5229, lr: 0.0004790937016597426
2026-08-20 14:34:03 - val epoch: 156, loss: 0.8692
2026-08-20 14:34:03 - wave mode=ll_only, epoch 156, alpha: 0.1278
2026-08-20 14:34:05 - train: epoch 157, iter:0, loss: 0.4515, lr: 0.0004739186928329898
2026-08-20 14:34:07 - train: epoch 157, iter:20, loss: 0.5008, lr: 0.0004739186928329898
2026-08-20 14:34:22 - val epoch: 157, loss: 0.8669
2026-08-20 14:34:22 - wave mode=ll_only, epoch 157, alpha: 0.1280
2026-08-20 14:34:24 - train: epoch 158, iter:0, loss: 0.4806, lr: 0.0004687470924218222
2026-08-20 14:34:27 - train: epoch 158, iter:20, loss: 0.5123, lr: 0.0004687470924218222
2026-08-20 14:34:42 - val epoch: 158, loss: 0.9062
2026-08-20 14:34:42 - wave mode=ll_only, epoch 158, alpha: 0.1282
2026-08-20 14:34:44 - train: epoch 159, iter:0, loss: 0.4749, lr: 0.00046357946755050356
2026-08-20 14:34:46 - train: epoch 159, iter:20, loss: 0.5247, lr: 0.00046357946755050356
2026-08-20 14:35:02 - val epoch: 159, loss: 0.8733
2026-08-20 14:35:02 - wave mode=ll_only, epoch 159, alpha: 0.1283
2026-08-20 14:35:04 - train: epoch 160, iter:0, loss: 0.4772, lr: 0.00045841638490733513
2026-08-20 14:35:06 - train: epoch 160, iter:20, loss: 0.5237, lr: 0.00045841638490733513
2026-08-20 14:35:21 - val epoch: 160, loss: 0.9447
2026-08-20 14:35:21 - wave mode=ll_only, epoch 160, alpha: 0.1284
2026-08-20 14:35:23 - train: epoch 161, iter:0, loss: 0.5415, lr: 0.00045325841068251133
2026-08-20 14:35:25 - train: epoch 161, iter:20, loss: 0.5336, lr: 0.00045325841068251133
2026-08-20 14:35:41 - val epoch: 161, loss: 0.8737
2026-08-20 14:35:41 - wave mode=ll_only, epoch 161, alpha: 0.1282
2026-08-20 14:35:43 - train: epoch 162, iter:0, loss: 0.5017, lr: 0.0004481061105060308
2026-08-20 14:35:45 - train: epoch 162, iter:20, loss: 0.5056, lr: 0.0004481061105060308
2026-08-20 14:36:01 - val epoch: 162, loss: 0.9429
2026-08-20 14:36:01 - wave mode=ll_only, epoch 162, alpha: 0.1283
2026-08-20 14:36:03 - train: epoch 163, iter:0, loss: 0.4557, lr: 0.0004429600493856691
2026-08-20 14:36:05 - train: epoch 163, iter:20, loss: 0.5066, lr: 0.0004429600493856691
2026-08-20 14:36:20 - val epoch: 163, loss: 0.8835
2026-08-20 14:36:20 - wave mode=ll_only, epoch 163, alpha: 0.1282
2026-08-20 14:36:22 - train: epoch 164, iter:0, loss: 0.5210, lr: 0.000437820791645019
2026-08-20 14:36:24 - train: epoch 164, iter:20, loss: 0.5126, lr: 0.000437820791645019
2026-08-20 14:36:40 - val epoch: 164, loss: 0.8856
2026-08-20 14:36:40 - wave mode=ll_only, epoch 164, alpha: 0.1282
2026-08-20 14:36:42 - train: epoch 165, iter:0, loss: 0.4790, lr: 0.00043268890086160604
2026-08-20 14:36:44 - train: epoch 165, iter:20, loss: 0.5164, lr: 0.00043268890086160604
2026-08-20 14:37:00 - val epoch: 165, loss: 0.9382
2026-08-20 14:37:00 - wave mode=ll_only, epoch 165, alpha: 0.1284
2026-08-20 14:37:01 - train: epoch 166, iter:0, loss: 0.4240, lr: 0.0004275649398050855
2026-08-20 14:37:03 - train: epoch 166, iter:20, loss: 0.4971, lr: 0.0004275649398050855
2026-08-20 14:37:19 - val epoch: 166, loss: 0.8982
2026-08-20 14:37:19 - wave mode=ll_only, epoch 166, alpha: 0.1285
2026-08-20 14:37:21 - train: epoch 167, iter:0, loss: 0.5410, lr: 0.0004224494703755289
2026-08-20 14:37:23 - train: epoch 167, iter:20, loss: 0.5039, lr: 0.0004224494703755289
2026-08-20 14:37:39 - val epoch: 167, loss: 0.8626
2026-08-20 14:37:39 - wave mode=ll_only, epoch 167, alpha: 0.1287
2026-08-20 14:37:40 - train: epoch 168, iter:0, loss: 0.5286, lr: 0.00041734305354180595
2026-08-20 14:37:43 - train: epoch 168, iter:20, loss: 0.5126, lr: 0.00041734305354180595
2026-08-20 14:37:58 - val epoch: 168, loss: 0.8955
2026-08-20 14:37:58 - wave mode=ll_only, epoch 168, alpha: 0.1287
2026-08-20 14:38:00 - train: epoch 169, iter:0, loss: 0.6125, lr: 0.000412246249280066
2026-08-20 14:38:02 - train: epoch 169, iter:20, loss: 0.5356, lr: 0.000412246249280066
2026-08-20 14:38:18 - val epoch: 169, loss: 0.9240
2026-08-20 14:38:18 - wave mode=ll_only, epoch 169, alpha: 0.1288
2026-08-20 14:38:20 - train: epoch 170, iter:0, loss: 0.4843, lr: 0.0004071596165123322
2026-08-20 14:38:22 - train: epoch 170, iter:20, loss: 0.4952, lr: 0.0004071596165123322
2026-08-20 14:38:38 - val epoch: 170, loss: 0.8710
2026-08-20 14:38:38 - wave mode=ll_only, epoch 170, alpha: 0.1289
2026-08-20 14:38:39 - train: epoch 171, iter:0, loss: 0.4784, lr: 0.0004020837130452088
2026-08-20 14:38:42 - train: epoch 171, iter:20, loss: 0.5143, lr: 0.0004020837130452088
2026-08-20 14:38:57 - val epoch: 171, loss: 0.9443
2026-08-20 14:38:57 - wave mode=ll_only, epoch 171, alpha: 0.1290
2026-08-20 14:39:00 - train: epoch 172, iter:0, loss: 0.3945, lr: 0.00039701909550871116
2026-08-20 14:39:02 - train: epoch 172, iter:20, loss: 0.4989, lr: 0.00039701909550871116
2026-08-20 14:39:17 - val epoch: 172, loss: 0.8975
2026-08-20 14:39:17 - wave mode=ll_only, epoch 172, alpha: 0.1290
2026-08-20 14:39:19 - train: epoch 173, iter:0, loss: 0.4581, lr: 0.0003919663192952252
2026-08-20 14:39:21 - train: epoch 173, iter:20, loss: 0.5110, lr: 0.0003919663192952252
2026-08-20 14:39:37 - val epoch: 173, loss: 0.8693
2026-08-20 14:39:37 - wave mode=ll_only, epoch 173, alpha: 0.1292
2026-08-20 14:39:39 - train: epoch 174, iter:0, loss: 0.4149, lr: 0.0003869259384986023
2026-08-20 14:39:41 - train: epoch 174, iter:20, loss: 0.4860, lr: 0.0003869259384986023
2026-08-20 14:39:56 - val epoch: 174, loss: 0.8987
2026-08-20 14:39:56 - wave mode=ll_only, epoch 174, alpha: 0.1292
2026-08-20 14:39:58 - train: epoch 175, iter:0, loss: 0.4553, lr: 0.0003818985058533967
2026-08-20 14:40:00 - train: epoch 175, iter:20, loss: 0.4735, lr: 0.0003818985058533967
2026-08-20 14:40:16 - val epoch: 175, loss: 0.8697
2026-08-20 14:40:16 - wave mode=ll_only, epoch 175, alpha: 0.1293
2026-08-20 14:40:18 - train: epoch 176, iter:0, loss: 0.4067, lr: 0.00037688457267425206
2026-08-20 14:40:20 - train: epoch 176, iter:20, loss: 0.5136, lr: 0.00037688457267425206
2026-08-20 14:40:36 - val epoch: 176, loss: 0.8694
2026-08-20 14:40:36 - wave mode=ll_only, epoch 176, alpha: 0.1293
2026-08-20 14:40:38 - train: epoch 177, iter:0, loss: 0.6239, lr: 0.0003718846887954434
2026-08-20 14:40:40 - train: epoch 177, iter:20, loss: 0.4894, lr: 0.0003718846887954434
2026-08-20 14:40:56 - val epoch: 177, loss: 0.8948
2026-08-20 14:40:56 - wave mode=ll_only, epoch 177, alpha: 0.1294
2026-08-20 14:40:57 - train: epoch 178, iter:0, loss: 0.4498, lr: 0.0003668994025105812
2026-08-20 14:41:00 - train: epoch 178, iter:20, loss: 0.5048, lr: 0.0003668994025105812
2026-08-20 14:41:15 - val epoch: 178, loss: 0.8953
2026-08-20 14:41:15 - wave mode=ll_only, epoch 178, alpha: 0.1294
2026-08-20 14:41:17 - train: epoch 179, iter:0, loss: 0.4551, lr: 0.0003619292605124862
2026-08-20 14:41:19 - train: epoch 179, iter:20, loss: 0.4972, lr: 0.0003619292605124862
2026-08-20 14:41:35 - val epoch: 179, loss: 0.8740
2026-08-20 14:41:35 - wave mode=ll_only, epoch 179, alpha: 0.1295
2026-08-20 14:41:36 - train: epoch 180, iter:0, loss: 0.4943, lr: 0.00035697480783323686
2026-08-20 14:41:38 - train: epoch 180, iter:20, loss: 0.4948, lr: 0.00035697480783323686
2026-08-20 14:41:58 - val epoch: 180, loss: 0.8954, miou: 0.7752801164909181, f1_or_dsc: 0.8734172250217779, accuracy: 0.938506305807888,                 specificity: 0.9600432034178145, sensitivity: 0.8715652032713839, confusion_matrix: [[38462688  1600809]
 [ 1655472 11234119]]
2026-08-20 14:41:58 - wave mode=ll_only, epoch 180, alpha: 0.1295
2026-08-20 14:42:01 - train: epoch 181, iter:0, loss: 0.3724, lr: 0.00035203658778440076
2026-08-20 14:42:03 - train: epoch 181, iter:20, loss: 0.4820, lr: 0.00035203658778440076
2026-08-20 14:42:18 - val epoch: 181, loss: 0.8480
2026-08-20 14:42:18 - wave mode=ll_only, epoch 181, alpha: 0.1294
2026-08-20 14:42:20 - train: epoch 182, iter:0, loss: 0.4904, lr: 0.00034711514189745505
2026-08-20 14:42:22 - train: epoch 182, iter:20, loss: 0.4889, lr: 0.00034711514189745505
2026-08-20 14:42:37 - val epoch: 182, loss: 0.8942
2026-08-20 14:42:37 - wave mode=ll_only, epoch 182, alpha: 0.1295
2026-08-20 14:42:39 - train: epoch 183, iter:0, loss: 0.4545, lr: 0.00034221100986440094
2026-08-20 14:42:41 - train: epoch 183, iter:20, loss: 0.4875, lr: 0.00034221100986440094
2026-08-20 14:42:57 - val epoch: 183, loss: 0.8782
2026-08-20 14:42:57 - wave mode=ll_only, epoch 183, alpha: 0.1295
2026-08-20 14:42:59 - train: epoch 184, iter:0, loss: 0.4370, lr: 0.0003373247294785804
2026-08-20 14:43:01 - train: epoch 184, iter:20, loss: 0.4917, lr: 0.0003373247294785804
2026-08-20 14:43:17 - val epoch: 184, loss: 0.8747
2026-08-20 14:43:17 - wave mode=ll_only, epoch 184, alpha: 0.1295
2026-08-20 14:43:19 - train: epoch 185, iter:0, loss: 0.5316, lr: 0.0003324568365757012
2026-08-20 14:43:21 - train: epoch 185, iter:20, loss: 0.4831, lr: 0.0003324568365757012
2026-08-20 14:43:37 - val epoch: 185, loss: 0.8894
2026-08-20 14:43:37 - wave mode=ll_only, epoch 185, alpha: 0.1296
2026-08-20 14:43:39 - train: epoch 186, iter:0, loss: 0.4169, lr: 0.0003276078649750761
2026-08-20 14:43:41 - train: epoch 186, iter:20, loss: 0.4870, lr: 0.0003276078649750761
2026-08-20 14:43:56 - val epoch: 186, loss: 0.8796
2026-08-20 14:43:56 - wave mode=ll_only, epoch 186, alpha: 0.1296
2026-08-20 14:43:58 - train: epoch 187, iter:0, loss: 0.5043, lr: 0.00032277834642108417
2026-08-20 14:44:00 - train: epoch 187, iter:20, loss: 0.4935, lr: 0.00032277834642108417
2026-08-20 14:44:16 - val epoch: 187, loss: 0.9248
2026-08-20 14:44:16 - wave mode=ll_only, epoch 187, alpha: 0.1298
2026-08-20 14:44:18 - train: epoch 188, iter:0, loss: 0.4597, lr: 0.00031796881052485835
2026-08-20 14:44:20 - train: epoch 188, iter:20, loss: 0.4570, lr: 0.00031796881052485835
2026-08-20 14:44:36 - val epoch: 188, loss: 0.8837
2026-08-20 14:44:36 - wave mode=ll_only, epoch 188, alpha: 0.1298
2026-08-20 14:44:38 - train: epoch 189, iter:0, loss: 0.6042, lr: 0.00031317978470620867
2026-08-20 14:44:40 - train: epoch 189, iter:20, loss: 0.4910, lr: 0.00031317978470620867
2026-08-20 14:44:56 - val epoch: 189, loss: 0.8807
2026-08-20 14:44:56 - wave mode=ll_only, epoch 189, alpha: 0.1299
2026-08-20 14:44:57 - train: epoch 190, iter:0, loss: 0.5937, lr: 0.00030841179413578315
2026-08-20 14:45:00 - train: epoch 190, iter:20, loss: 0.4900, lr: 0.00030841179413578315
2026-08-20 14:45:15 - val epoch: 190, loss: 0.8658
2026-08-20 14:45:15 - wave mode=ll_only, epoch 190, alpha: 0.1299
2026-08-20 14:45:16 - train: epoch 191, iter:0, loss: 0.4747, lr: 0.0003036653616774785
2026-08-20 14:45:19 - train: epoch 191, iter:20, loss: 0.5120, lr: 0.0003036653616774785
2026-08-20 14:45:35 - val epoch: 191, loss: 0.9304
2026-08-20 14:45:35 - wave mode=ll_only, epoch 191, alpha: 0.1301
2026-08-20 14:45:37 - train: epoch 192, iter:0, loss: 0.5573, lr: 0.0002989410078311011
2026-08-20 14:45:39 - train: epoch 192, iter:20, loss: 0.5021, lr: 0.0002989410078311011
2026-08-20 14:45:55 - val epoch: 192, loss: 0.8825
2026-08-20 14:45:55 - wave mode=ll_only, epoch 192, alpha: 0.1301
2026-08-20 14:45:56 - train: epoch 193, iter:0, loss: 0.5172, lr: 0.00029423925067528865
2026-08-20 14:45:58 - train: epoch 193, iter:20, loss: 0.4873, lr: 0.00029423925067528865
2026-08-20 14:46:14 - val epoch: 193, loss: 0.8654
2026-08-20 14:46:14 - wave mode=ll_only, epoch 193, alpha: 0.1302
2026-08-20 14:46:16 - train: epoch 194, iter:0, loss: 0.4132, lr: 0.0002895606058106975
2026-08-20 14:46:18 - train: epoch 194, iter:20, loss: 0.4928, lr: 0.0002895606058106975
2026-08-20 14:46:34 - val epoch: 194, loss: 0.8889
2026-08-20 14:46:34 - wave mode=ll_only, epoch 194, alpha: 0.1304
2026-08-20 14:46:36 - train: epoch 195, iter:0, loss: 0.4914, lr: 0.0002849055863034606
2026-08-20 14:46:38 - train: epoch 195, iter:20, loss: 0.4750, lr: 0.0002849055863034606
2026-08-20 14:46:54 - val epoch: 195, loss: 0.9085
2026-08-20 14:46:54 - wave mode=ll_only, epoch 195, alpha: 0.1303
2026-08-20 14:46:55 - train: epoch 196, iter:0, loss: 0.4592, lr: 0.00028027470262892396
2026-08-20 14:46:58 - train: epoch 196, iter:20, loss: 0.4754, lr: 0.00028027470262892396
2026-08-20 14:47:14 - val epoch: 196, loss: 0.9024
2026-08-20 14:47:14 - wave mode=ll_only, epoch 196, alpha: 0.1303
2026-08-20 14:47:16 - train: epoch 197, iter:0, loss: 0.5327, lr: 0.0002756684626156682
2026-08-20 14:47:18 - train: epoch 197, iter:20, loss: 0.4868, lr: 0.0002756684626156682
2026-08-20 14:47:33 - val epoch: 197, loss: 0.8712
2026-08-20 14:47:33 - wave mode=ll_only, epoch 197, alpha: 0.1304
2026-08-20 14:47:35 - train: epoch 198, iter:0, loss: 0.5458, lr: 0.000271087371389818
2026-08-20 14:47:37 - train: epoch 198, iter:20, loss: 0.4897, lr: 0.000271087371389818
2026-08-20 14:47:52 - val epoch: 198, loss: 0.9244
2026-08-20 14:47:52 - wave mode=ll_only, epoch 198, alpha: 0.1305
2026-08-20 14:47:54 - train: epoch 199, iter:0, loss: 0.5113, lr: 0.0002665319313196505
2026-08-20 14:47:56 - train: epoch 199, iter:20, loss: 0.4847, lr: 0.0002665319313196505
2026-08-20 14:48:12 - val epoch: 199, loss: 0.8834
2026-08-20 14:48:12 - wave mode=ll_only, epoch 199, alpha: 0.1305
2026-08-20 14:48:13 - train: epoch 200, iter:0, loss: 0.4527, lr: 0.00026200264196050494
2026-08-20 14:48:15 - train: epoch 200, iter:20, loss: 0.5047, lr: 0.00026200264196050494
2026-08-20 14:48:31 - val epoch: 200, loss: 0.9098
2026-08-20 14:48:31 - wave mode=ll_only, epoch 200, alpha: 0.1306
2026-08-20 14:48:32 - train: epoch 201, iter:0, loss: 0.5360, lr: 0.00025749999999999954
2026-08-20 14:48:34 - train: epoch 201, iter:20, loss: 0.4786, lr: 0.00025749999999999954
2026-08-20 14:48:50 - val epoch: 201, loss: 0.9019
2026-08-20 14:48:50 - wave mode=ll_only, epoch 201, alpha: 0.1306
2026-08-20 14:48:52 - train: epoch 202, iter:0, loss: 0.4803, lr: 0.0002530244992035658
2026-08-20 14:48:54 - train: epoch 202, iter:20, loss: 0.4798, lr: 0.0002530244992035658
2026-08-20 14:49:09 - val epoch: 202, loss: 0.9087
2026-08-20 14:49:09 - wave mode=ll_only, epoch 202, alpha: 0.1307
2026-08-20 14:49:11 - train: epoch 203, iter:0, loss: 0.5337, lr: 0.0002485766303603003
2026-08-20 14:49:13 - train: epoch 203, iter:20, loss: 0.4828, lr: 0.0002485766303603003
2026-08-20 14:49:30 - val epoch: 203, loss: 0.8862
2026-08-20 14:49:30 - wave mode=ll_only, epoch 203, alpha: 0.1307
2026-08-20 14:49:31 - train: epoch 204, iter:0, loss: 0.5231, lr: 0.0002441568812291443
2026-08-20 14:49:34 - train: epoch 204, iter:20, loss: 0.4881, lr: 0.0002441568812291443
2026-08-20 14:49:50 - val epoch: 204, loss: 0.8815
2026-08-20 14:49:50 - wave mode=ll_only, epoch 204, alpha: 0.1307
2026-08-20 14:49:52 - train: epoch 205, iter:0, loss: 0.4328, lr: 0.00023976573648539645
2026-08-20 14:49:54 - train: epoch 205, iter:20, loss: 0.4849, lr: 0.00023976573648539645
2026-08-20 14:50:10 - val epoch: 205, loss: 0.8648
2026-08-20 14:50:10 - wave mode=ll_only, epoch 205, alpha: 0.1308
2026-08-20 14:50:12 - train: epoch 206, iter:0, loss: 0.4896, lr: 0.00023540367766756144
2026-08-20 14:50:14 - train: epoch 206, iter:20, loss: 0.4831, lr: 0.00023540367766756144
2026-08-20 14:50:30 - val epoch: 206, loss: 0.8868
2026-08-20 14:50:30 - wave mode=ll_only, epoch 206, alpha: 0.1307
2026-08-20 14:50:31 - train: epoch 207, iter:0, loss: 0.4529, lr: 0.0002310711831245444
2026-08-20 14:50:33 - train: epoch 207, iter:20, loss: 0.4689, lr: 0.0002310711831245444
2026-08-20 14:50:49 - val epoch: 207, loss: 0.9057
2026-08-20 14:50:49 - wave mode=ll_only, epoch 207, alpha: 0.1307
2026-08-20 14:50:51 - train: epoch 208, iter:0, loss: 0.5123, lr: 0.00022676872796319514
2026-08-20 14:50:53 - train: epoch 208, iter:20, loss: 0.4758, lr: 0.00022676872796319514
2026-08-20 14:51:09 - val epoch: 208, loss: 0.9885
2026-08-20 14:51:09 - wave mode=ll_only, epoch 208, alpha: 0.1309
2026-08-20 14:51:11 - train: epoch 209, iter:0, loss: 0.4991, lr: 0.00022249678399620604
2026-08-20 14:51:13 - train: epoch 209, iter:20, loss: 0.4739, lr: 0.00022249678399620604
2026-08-20 14:51:28 - val epoch: 209, loss: 0.9257
2026-08-20 14:51:28 - wave mode=ll_only, epoch 209, alpha: 0.1309
2026-08-20 14:51:30 - train: epoch 210, iter:0, loss: 0.4739, lr: 0.0002182558196903736
2026-08-20 14:51:32 - train: epoch 210, iter:20, loss: 0.4856, lr: 0.0002182558196903736
2026-08-20 14:51:51 - val epoch: 210, loss: 0.8859, miou: 0.7754568287447761, f1_or_dsc: 0.873529354462551, accuracy: 0.9384607371717396,                 specificity: 0.9594903310612152, sensitivity: 0.8730964388241644, confusion_matrix: [[38440538  1622959]
 [ 1635735 11253856]]
2026-08-20 14:51:51 - wave mode=ll_only, epoch 210, alpha: 0.1309
2026-08-20 14:51:53 - train: epoch 211, iter:0, loss: 0.4522, lr: 0.00021404630011522552
2026-08-20 14:51:55 - train: epoch 211, iter:20, loss: 0.4822, lr: 0.00021404630011522552
2026-08-20 14:52:11 - val epoch: 211, loss: 0.9138
2026-08-20 14:52:11 - wave mode=ll_only, epoch 211, alpha: 0.1310
2026-08-20 14:52:12 - train: epoch 212, iter:0, loss: 0.4427, lr: 0.0002098686868920198
2026-08-20 14:52:14 - train: epoch 212, iter:20, loss: 0.4722, lr: 0.0002098686868920198
2026-08-20 14:52:30 - val epoch: 212, loss: 0.8912
2026-08-20 14:52:30 - wave mode=ll_only, epoch 212, alpha: 0.1309
2026-08-20 14:52:32 - train: epoch 213, iter:0, loss: 0.4120, lr: 0.00020572343814312415
2026-08-20 14:52:34 - train: epoch 213, iter:20, loss: 0.4701, lr: 0.00020572343814312415
2026-08-20 14:52:50 - val epoch: 213, loss: 0.8947
2026-08-20 14:52:50 - wave mode=ll_only, epoch 213, alpha: 0.1310
2026-08-20 14:52:51 - train: epoch 214, iter:0, loss: 0.4879, lr: 0.00020161100844177644
2026-08-20 14:52:53 - train: epoch 214, iter:20, loss: 0.4745, lr: 0.00020161100844177644
2026-08-20 14:53:09 - val epoch: 214, loss: 0.9289
2026-08-20 14:53:09 - wave mode=ll_only, epoch 214, alpha: 0.1310
2026-08-20 14:53:11 - train: epoch 215, iter:0, loss: 0.4371, lr: 0.0001975318487622361
2026-08-20 14:53:13 - train: epoch 215, iter:20, loss: 0.4879, lr: 0.0001975318487622361
2026-08-20 14:53:29 - val epoch: 215, loss: 0.9039
2026-08-20 14:53:29 - wave mode=ll_only, epoch 215, alpha: 0.1310
2026-08-20 14:53:30 - train: epoch 216, iter:0, loss: 0.3521, lr: 0.00019348640643033024
2026-08-20 14:53:32 - train: epoch 216, iter:20, loss: 0.4816, lr: 0.00019348640643033024
2026-08-20 14:53:48 - val epoch: 216, loss: 0.9128
2026-08-20 14:53:48 - wave mode=ll_only, epoch 216, alpha: 0.1310
2026-08-20 14:53:50 - train: epoch 217, iter:0, loss: 0.4748, lr: 0.00018947512507439828
2026-08-20 14:53:52 - train: epoch 217, iter:20, loss: 0.4785, lr: 0.00018947512507439828
2026-08-20 14:54:08 - val epoch: 217, loss: 0.9058
2026-08-20 14:54:08 - wave mode=ll_only, epoch 217, alpha: 0.1311
2026-08-20 14:54:10 - train: epoch 218, iter:0, loss: 0.4921, lr: 0.00018549844457664425
2026-08-20 14:54:12 - train: epoch 218, iter:20, loss: 0.4937, lr: 0.00018549844457664425
2026-08-20 14:54:31 - val epoch: 218, loss: 0.9296
2026-08-20 14:54:31 - wave mode=ll_only, epoch 218, alpha: 0.1311
2026-08-20 14:54:33 - train: epoch 219, iter:0, loss: 0.4865, lr: 0.00018155680102489765
2026-08-20 14:54:36 - train: epoch 219, iter:20, loss: 0.4588, lr: 0.00018155680102489765
2026-08-20 14:54:57 - val epoch: 219, loss: 0.9128
2026-08-20 14:54:57 - wave mode=ll_only, epoch 219, alpha: 0.1312
2026-08-20 14:54:59 - train: epoch 220, iter:0, loss: 0.5709, lr: 0.00017765062666479195
2026-08-20 14:55:01 - train: epoch 220, iter:20, loss: 0.4738, lr: 0.00017765062666479195
2026-08-20 14:55:19 - val epoch: 220, loss: 0.9427
2026-08-20 14:55:19 - wave mode=ll_only, epoch 220, alpha: 0.1313
2026-08-20 14:55:21 - train: epoch 221, iter:0, loss: 0.4557, lr: 0.00017378034985236489
2026-08-20 14:55:23 - train: epoch 221, iter:20, loss: 0.4797, lr: 0.00017378034985236489
2026-08-20 14:55:39 - val epoch: 221, loss: 0.9135
2026-08-20 14:55:39 - wave mode=ll_only, epoch 221, alpha: 0.1313
2026-08-20 14:55:40 - train: epoch 222, iter:0, loss: 0.5058, lr: 0.0001699463950070827
2026-08-20 14:55:43 - train: epoch 222, iter:20, loss: 0.4773, lr: 0.0001699463950070827
2026-08-20 14:55:59 - val epoch: 222, loss: 0.9171
2026-08-20 14:55:59 - wave mode=ll_only, epoch 222, alpha: 0.1314
2026-08-20 14:56:01 - train: epoch 223, iter:0, loss: 0.4939, lr: 0.0001661491825652988
2026-08-20 14:56:03 - train: epoch 223, iter:20, loss: 0.4685, lr: 0.0001661491825652988
2026-08-20 14:56:19 - val epoch: 223, loss: 0.8997
2026-08-20 14:56:19 - wave mode=ll_only, epoch 223, alpha: 0.1314
2026-08-20 14:56:21 - train: epoch 224, iter:0, loss: 0.4420, lr: 0.0001623891289341484
2026-08-20 14:56:23 - train: epoch 224, iter:20, loss: 0.4644, lr: 0.0001623891289341484
2026-08-20 14:56:40 - val epoch: 224, loss: 0.8986
2026-08-20 14:56:40 - wave mode=ll_only, epoch 224, alpha: 0.1315
2026-08-20 14:56:42 - train: epoch 225, iter:0, loss: 0.4858, lr: 0.0001586666464458838
2026-08-20 14:56:44 - train: epoch 225, iter:20, loss: 0.4746, lr: 0.0001586666464458838
2026-08-20 14:57:00 - val epoch: 225, loss: 0.9143
2026-08-20 14:57:00 - wave mode=ll_only, epoch 225, alpha: 0.1315
2026-08-20 14:57:02 - train: epoch 226, iter:0, loss: 0.4185, lr: 0.00015498214331265874
2026-08-20 14:57:04 - train: epoch 226, iter:20, loss: 0.4679, lr: 0.00015498214331265874
2026-08-20 14:57:20 - val epoch: 226, loss: 0.9032
2026-08-20 14:57:20 - wave mode=ll_only, epoch 226, alpha: 0.1314
2026-08-20 14:57:22 - train: epoch 227, iter:0, loss: 0.4128, lr: 0.00015133602358176218
2026-08-20 14:57:24 - train: epoch 227, iter:20, loss: 0.4580, lr: 0.00015133602358176218
2026-08-20 14:57:41 - val epoch: 227, loss: 0.9212
2026-08-20 14:57:41 - wave mode=ll_only, epoch 227, alpha: 0.1315
2026-08-20 14:57:42 - train: epoch 228, iter:0, loss: 0.5402, lr: 0.00014772868709131046
2026-08-20 14:57:44 - train: epoch 228, iter:20, loss: 0.4681, lr: 0.00014772868709131046
2026-08-20 14:58:01 - val epoch: 228, loss: 0.9235
2026-08-20 14:58:01 - wave mode=ll_only, epoch 228, alpha: 0.1315
2026-08-20 14:58:02 - train: epoch 229, iter:0, loss: 0.4394, lr: 0.00014416052942640113
2026-08-20 14:58:04 - train: epoch 229, iter:20, loss: 0.4669, lr: 0.00014416052942640113
2026-08-20 14:58:21 - val epoch: 229, loss: 0.9199
2026-08-20 14:58:21 - wave mode=ll_only, epoch 229, alpha: 0.1315
2026-08-20 14:58:22 - train: epoch 230, iter:0, loss: 0.4875, lr: 0.0001406319418757314
2026-08-20 14:58:25 - train: epoch 230, iter:20, loss: 0.4638, lr: 0.0001406319418757314
2026-08-20 14:58:41 - val epoch: 230, loss: 0.9094
2026-08-20 14:58:41 - wave mode=ll_only, epoch 230, alpha: 0.1316
2026-08-20 14:58:42 - train: epoch 231, iter:0, loss: 0.4406, lr: 0.00013714331138868954
2026-08-20 14:58:45 - train: epoch 231, iter:20, loss: 0.4605, lr: 0.00013714331138868954
2026-08-20 14:59:01 - val epoch: 231, loss: 0.9216
2026-08-20 14:59:01 - wave mode=ll_only, epoch 231, alpha: 0.1316
2026-08-20 14:59:03 - train: epoch 232, iter:0, loss: 0.4570, lr: 0.00013369502053292226
2026-08-20 14:59:05 - train: epoch 232, iter:20, loss: 0.4622, lr: 0.00013369502053292226
2026-08-20 14:59:20 - val epoch: 232, loss: 0.9283
2026-08-20 14:59:20 - wave mode=ll_only, epoch 232, alpha: 0.1316
2026-08-20 14:59:22 - train: epoch 233, iter:0, loss: 0.4161, lr: 0.0001302874474523804
2026-08-20 14:59:24 - train: epoch 233, iter:20, loss: 0.4583, lr: 0.0001302874474523804
2026-08-20 14:59:40 - val epoch: 233, loss: 0.9434
2026-08-20 14:59:40 - wave mode=ll_only, epoch 233, alpha: 0.1316
2026-08-20 14:59:42 - train: epoch 234, iter:0, loss: 0.3880, lr: 0.00012692096582585187
2026-08-20 14:59:44 - train: epoch 234, iter:20, loss: 0.4547, lr: 0.00012692096582585187
2026-08-20 15:00:00 - val epoch: 234, loss: 0.9037
2026-08-20 15:00:00 - wave mode=ll_only, epoch 234, alpha: 0.1317
2026-08-20 15:00:02 - train: epoch 235, iter:0, loss: 0.4116, lr: 0.00012359594482598416
2026-08-20 15:00:04 - train: epoch 235, iter:20, loss: 0.4498, lr: 0.00012359594482598416
2026-08-20 15:00:19 - val epoch: 235, loss: 0.9198
2026-08-20 15:00:19 - wave mode=ll_only, epoch 235, alpha: 0.1317
2026-08-20 15:00:21 - train: epoch 236, iter:0, loss: 0.3785, lr: 0.00012031274907879919
2026-08-20 15:00:23 - train: epoch 236, iter:20, loss: 0.4594, lr: 0.00012031274907879919
2026-08-20 15:00:39 - val epoch: 236, loss: 0.9007
2026-08-20 15:00:39 - wave mode=ll_only, epoch 236, alpha: 0.1317
2026-08-20 15:00:41 - train: epoch 237, iter:0, loss: 0.6604, lr: 0.00011707173862370913
2026-08-20 15:00:42 - train: epoch 237, iter:20, loss: 0.4743, lr: 0.00011707173862370913
2026-08-20 15:00:58 - val epoch: 237, loss: 0.8902
2026-08-20 15:00:58 - wave mode=ll_only, epoch 237, alpha: 0.1317
2026-08-20 15:01:00 - train: epoch 238, iter:0, loss: 0.4632, lr: 0.00011387326887403316
2026-08-20 15:01:03 - train: epoch 238, iter:20, loss: 0.4591, lr: 0.00011387326887403316
2026-08-20 15:01:25 - val epoch: 238, loss: 0.9241
2026-08-20 15:01:25 - wave mode=ll_only, epoch 238, alpha: 0.1318
2026-08-20 15:01:27 - train: epoch 239, iter:0, loss: 0.4100, lr: 0.00011071769057802265
2026-08-20 15:01:30 - train: epoch 239, iter:20, loss: 0.4750, lr: 0.00011071769057802265
2026-08-20 15:01:48 - val epoch: 239, loss: 0.8980
2026-08-20 15:01:48 - wave mode=ll_only, epoch 239, alpha: 0.1318
2026-08-20 15:01:50 - train: epoch 240, iter:0, loss: 0.4230, lr: 0.0001076053497803982
2026-08-20 15:01:52 - train: epoch 240, iter:20, loss: 0.4577, lr: 0.0001076053497803982
2026-08-20 15:02:12 - val epoch: 240, loss: 0.8989, miou: 0.7788700364775657, f1_or_dsc: 0.8756907705521279, accuracy: 0.940415335173654,                 specificity: 0.9655820109762261, sensitivity: 0.8621921362749214, confusion_matrix: [[38684592  1378905]
 [ 1776287 11113304]]
2026-08-20 15:02:12 - wave mode=ll_only, epoch 240, alpha: 0.1318
2026-08-20 15:02:14 - train: epoch 241, iter:0, loss: 0.4877, lr: 0.00010453658778440088
2026-08-20 15:02:16 - train: epoch 241, iter:20, loss: 0.4644, lr: 0.00010453658778440088
2026-08-20 15:02:32 - val epoch: 241, loss: 0.9258
2026-08-20 15:02:32 - wave mode=ll_only, epoch 241, alpha: 0.1319
2026-08-20 15:02:34 - train: epoch 242, iter:0, loss: 0.4483, lr: 0.00010151174111436543
2026-08-20 15:02:36 - train: epoch 242, iter:20, loss: 0.4688, lr: 0.00010151174111436543
2026-08-20 15:02:52 - val epoch: 242, loss: 0.9320
2026-08-20 15:02:52 - wave mode=ll_only, epoch 242, alpha: 0.1319
2026-08-20 15:02:53 - train: epoch 243, iter:0, loss: 0.6224, lr: 9.853114147881633e-05
2026-08-20 15:02:56 - train: epoch 243, iter:20, loss: 0.4570, lr: 9.853114147881633e-05
2026-08-20 15:03:11 - val epoch: 243, loss: 0.9010
2026-08-20 15:03:11 - wave mode=ll_only, epoch 243, alpha: 0.1319
2026-08-20 15:03:13 - train: epoch 244, iter:0, loss: 0.4094, lr: 9.559511573409167e-05
2026-08-20 15:03:15 - train: epoch 244, iter:20, loss: 0.4649, lr: 9.559511573409167e-05
2026-08-20 15:03:31 - val epoch: 244, loss: 0.9110
2026-08-20 15:03:31 - wave mode=ll_only, epoch 244, alpha: 0.1320
2026-08-20 15:03:33 - train: epoch 245, iter:0, loss: 0.4322, lr: 9.270398584850061e-05
2026-08-20 15:03:35 - train: epoch 245, iter:20, loss: 0.4530, lr: 9.270398584850061e-05
2026-08-20 15:03:51 - val epoch: 245, loss: 0.9280
2026-08-20 15:03:51 - wave mode=ll_only, epoch 245, alpha: 0.1319
2026-08-20 15:03:52 - train: epoch 246, iter:0, loss: 0.4455, lr: 8.985806886701499e-05
2026-08-20 15:03:54 - train: epoch 246, iter:20, loss: 0.4678, lr: 8.985806886701499e-05
2026-08-20 15:04:11 - val epoch: 246, loss: 0.9089
2026-08-20 15:04:11 - wave mode=ll_only, epoch 246, alpha: 0.1320
2026-08-20 15:04:12 - train: epoch 247, iter:0, loss: 0.4724, lr: 8.705767687650239e-05
2026-08-20 15:04:14 - train: epoch 247, iter:20, loss: 0.4454, lr: 8.705767687650239e-05
2026-08-20 15:04:30 - val epoch: 247, loss: 0.9158
2026-08-20 15:04:30 - wave mode=ll_only, epoch 247, alpha: 0.1320
2026-08-20 15:04:32 - train: epoch 248, iter:0, loss: 0.4991, lr: 8.430311697150229e-05
2026-08-20 15:04:34 - train: epoch 248, iter:20, loss: 0.4606, lr: 8.430311697150229e-05
2026-08-20 15:04:50 - val epoch: 248, loss: 0.9245
2026-08-20 15:04:50 - wave mode=ll_only, epoch 248, alpha: 0.1320
2026-08-20 15:04:51 - train: epoch 249, iter:0, loss: 0.4800, lr: 8.159469122054909e-05
2026-08-20 15:04:54 - train: epoch 249, iter:20, loss: 0.4540, lr: 8.159469122054909e-05
2026-08-20 15:05:10 - val epoch: 249, loss: 0.9183
2026-08-20 15:05:10 - wave mode=ll_only, epoch 249, alpha: 0.1320
2026-08-20 15:05:11 - train: epoch 250, iter:0, loss: 0.4144, lr: 7.893269663304782e-05
2026-08-20 15:05:13 - train: epoch 250, iter:20, loss: 0.4682, lr: 7.893269663304782e-05
2026-08-20 15:05:29 - val epoch: 250, loss: 0.9150
2026-08-20 15:05:29 - wave mode=ll_only, epoch 250, alpha: 0.1320
2026-08-20 15:05:31 - train: epoch 251, iter:0, loss: 0.3738, lr: 7.631742512670282e-05
2026-08-20 15:05:33 - train: epoch 251, iter:20, loss: 0.4575, lr: 7.631742512670282e-05
2026-08-20 15:05:49 - val epoch: 251, loss: 0.9134
2026-08-20 15:05:49 - wave mode=ll_only, epoch 251, alpha: 0.1321
2026-08-20 15:05:51 - train: epoch 252, iter:0, loss: 0.4225, lr: 7.374916349550603e-05
2026-08-20 15:05:53 - train: epoch 252, iter:20, loss: 0.4781, lr: 7.374916349550603e-05
2026-08-20 15:06:09 - val epoch: 252, loss: 0.9173
2026-08-20 15:06:09 - wave mode=ll_only, epoch 252, alpha: 0.1321
2026-08-20 15:06:11 - train: epoch 253, iter:0, loss: 0.4726, lr: 7.122819337828741e-05
2026-08-20 15:06:13 - train: epoch 253, iter:20, loss: 0.4500, lr: 7.122819337828741e-05
2026-08-20 15:06:29 - val epoch: 253, loss: 0.8950
2026-08-20 15:06:29 - wave mode=ll_only, epoch 253, alpha: 0.1322
2026-08-20 15:06:31 - train: epoch 254, iter:0, loss: 0.4513, lr: 6.875479122782878e-05
2026-08-20 15:06:33 - train: epoch 254, iter:20, loss: 0.4583, lr: 6.875479122782878e-05
2026-08-20 15:06:49 - val epoch: 254, loss: 0.8943
2026-08-20 15:06:49 - wave mode=ll_only, epoch 254, alpha: 0.1321
2026-08-20 15:06:51 - train: epoch 255, iter:0, loss: 0.4109, lr: 6.632922828054862e-05
2026-08-20 15:06:53 - train: epoch 255, iter:20, loss: 0.4437, lr: 6.632922828054862e-05
2026-08-20 15:07:09 - val epoch: 255, loss: 0.9231
2026-08-20 15:07:09 - wave mode=ll_only, epoch 255, alpha: 0.1321
2026-08-20 15:07:11 - train: epoch 256, iter:0, loss: 0.4148, lr: 6.395177052675786e-05
2026-08-20 15:07:13 - train: epoch 256, iter:20, loss: 0.4611, lr: 6.395177052675786e-05
2026-08-20 15:07:29 - val epoch: 256, loss: 0.9263
2026-08-20 15:07:29 - wave mode=ll_only, epoch 256, alpha: 0.1322
2026-08-20 15:07:31 - train: epoch 257, iter:0, loss: 0.3861, lr: 6.162267868149065e-05
2026-08-20 15:07:33 - train: epoch 257, iter:20, loss: 0.4598, lr: 6.162267868149065e-05
2026-08-20 15:07:49 - val epoch: 257, loss: 0.9241
2026-08-20 15:07:49 - wave mode=ll_only, epoch 257, alpha: 0.1322
2026-08-20 15:07:51 - train: epoch 258, iter:0, loss: 0.4707, lr: 5.934220815591413e-05
2026-08-20 15:07:53 - train: epoch 258, iter:20, loss: 0.4501, lr: 5.934220815591413e-05
2026-08-20 15:08:08 - val epoch: 258, loss: 0.9096
2026-08-20 15:08:08 - wave mode=ll_only, epoch 258, alpha: 0.1322
2026-08-20 15:08:10 - train: epoch 259, iter:0, loss: 0.4173, lr: 5.711060902932035e-05
2026-08-20 15:08:12 - train: epoch 259, iter:20, loss: 0.4402, lr: 5.711060902932035e-05
2026-08-20 15:08:27 - val epoch: 259, loss: 0.9090
2026-08-20 15:08:27 - wave mode=ll_only, epoch 259, alpha: 0.1322
2026-08-20 15:08:29 - train: epoch 260, iter:0, loss: 0.4256, lr: 5.492812602170101e-05
2026-08-20 15:08:31 - train: epoch 260, iter:20, loss: 0.4547, lr: 5.492812602170101e-05
2026-08-20 15:08:47 - val epoch: 260, loss: 0.9244
2026-08-20 15:08:47 - wave mode=ll_only, epoch 260, alpha: 0.1322
2026-08-20 15:08:49 - train: epoch 261, iter:0, loss: 0.4120, lr: 5.279499846691256e-05
2026-08-20 15:08:51 - train: epoch 261, iter:20, loss: 0.4546, lr: 5.279499846691256e-05
2026-08-20 15:09:06 - val epoch: 261, loss: 0.9123
2026-08-20 15:09:06 - wave mode=ll_only, epoch 261, alpha: 0.1323
2026-08-20 15:09:08 - train: epoch 262, iter:0, loss: 0.4452, lr: 5.071146028642938e-05
2026-08-20 15:09:10 - train: epoch 262, iter:20, loss: 0.4494, lr: 5.071146028642938e-05
2026-08-20 15:09:26 - val epoch: 262, loss: 0.9002
2026-08-20 15:09:26 - wave mode=ll_only, epoch 262, alpha: 0.1323
2026-08-20 15:09:28 - train: epoch 263, iter:0, loss: 0.5101, lr: 4.867773996369213e-05
2026-08-20 15:09:30 - train: epoch 263, iter:20, loss: 0.4619, lr: 4.867773996369213e-05
2026-08-20 15:09:45 - val epoch: 263, loss: 0.9081
2026-08-20 15:09:45 - wave mode=ll_only, epoch 263, alpha: 0.1323
2026-08-20 15:09:47 - train: epoch 264, iter:0, loss: 0.4110, lr: 4.669406051905255e-05
2026-08-20 15:09:50 - train: epoch 264, iter:20, loss: 0.4675, lr: 4.669406051905255e-05
2026-08-20 15:10:05 - val epoch: 264, loss: 0.9319
2026-08-20 15:10:05 - wave mode=ll_only, epoch 264, alpha: 0.1323
2026-08-20 15:10:07 - train: epoch 265, iter:0, loss: 0.4575, lr: 4.476063948531553e-05
2026-08-20 15:10:09 - train: epoch 265, iter:20, loss: 0.4439, lr: 4.476063948531553e-05
2026-08-20 15:10:25 - val epoch: 265, loss: 0.9105
2026-08-20 15:10:25 - wave mode=ll_only, epoch 265, alpha: 0.1323
2026-08-20 15:10:27 - train: epoch 266, iter:0, loss: 0.4720, lr: 4.2877688883885086e-05
2026-08-20 15:10:29 - train: epoch 266, iter:20, loss: 0.4543, lr: 4.2877688883885086e-05
2026-08-20 15:10:45 - val epoch: 266, loss: 0.9081
2026-08-20 15:10:45 - wave mode=ll_only, epoch 266, alpha: 0.1323
2026-08-20 15:10:47 - train: epoch 267, iter:0, loss: 0.3777, lr: 4.1045415201513684e-05
2026-08-20 15:10:49 - train: epoch 267, iter:20, loss: 0.4538, lr: 4.1045415201513684e-05
2026-08-20 15:11:05 - val epoch: 267, loss: 0.8974
2026-08-20 15:11:05 - wave mode=ll_only, epoch 267, alpha: 0.1323
2026-08-20 15:11:07 - train: epoch 268, iter:0, loss: 0.4406, lr: 3.926401936765836e-05
2026-08-20 15:11:09 - train: epoch 268, iter:20, loss: 0.4554, lr: 3.926401936765836e-05
2026-08-20 15:11:24 - val epoch: 268, loss: 0.8963
2026-08-20 15:11:24 - wave mode=ll_only, epoch 268, alpha: 0.1324
2026-08-20 15:11:26 - train: epoch 269, iter:0, loss: 0.4909, lr: 3.753369673244687e-05
2026-08-20 15:11:28 - train: epoch 269, iter:20, loss: 0.4451, lr: 3.753369673244687e-05
2026-08-20 15:11:44 - val epoch: 269, loss: 0.9069
2026-08-20 15:11:44 - wave mode=ll_only, epoch 269, alpha: 0.1324
2026-08-20 15:11:46 - train: epoch 270, iter:0, loss: 0.4254, lr: 3.5854637045255115e-05
2026-08-20 15:11:48 - train: epoch 270, iter:20, loss: 0.4470, lr: 3.5854637045255115e-05
2026-08-20 15:12:08 - val epoch: 270, loss: 0.9065, miou: 0.7777041741842372, f1_or_dsc: 0.8749534207974895, accuracy: 0.9399929046630859,                 specificity: 0.9649381830048436, sensitivity: 0.8624578545587677, confusion_matrix: [[38658798  1404699]
 [ 1772862 11116729]]
2026-08-20 15:12:08 - wave mode=ll_only, epoch 270, alpha: 0.1324
2026-08-20 15:12:10 - train: epoch 271, iter:0, loss: 0.4253, lr: 3.422702443389897e-05
2026-08-20 15:12:12 - train: epoch 271, iter:20, loss: 0.4472, lr: 3.422702443389897e-05
2026-08-20 15:12:29 - val epoch: 271, loss: 0.9214
2026-08-20 15:12:29 - wave mode=ll_only, epoch 271, alpha: 0.1324
2026-08-20 15:12:31 - train: epoch 272, iter:0, loss: 0.4233, lr: 3.265103738444294e-05
2026-08-20 15:12:33 - train: epoch 272, iter:20, loss: 0.4641, lr: 3.265103738444294e-05
2026-08-20 15:12:48 - val epoch: 272, loss: 0.9120
2026-08-20 15:12:48 - wave mode=ll_only, epoch 272, alpha: 0.1324
2026-08-20 15:12:50 - train: epoch 273, iter:0, loss: 0.3887, lr: 3.112684872162669e-05
2026-08-20 15:12:52 - train: epoch 273, iter:20, loss: 0.4533, lr: 3.112684872162669e-05
2026-08-20 15:13:08 - val epoch: 273, loss: 0.9018
2026-08-20 15:13:08 - wave mode=ll_only, epoch 273, alpha: 0.1324
2026-08-20 15:13:10 - train: epoch 274, iter:0, loss: 0.4679, lr: 2.9654625589913163e-05
2026-08-20 15:13:12 - train: epoch 274, iter:20, loss: 0.4551, lr: 2.9654625589913163e-05
2026-08-20 15:13:27 - val epoch: 274, loss: 0.9046
2026-08-20 15:13:27 - wave mode=ll_only, epoch 274, alpha: 0.1324
2026-08-20 15:13:29 - train: epoch 275, iter:0, loss: 0.7612, lr: 2.823452943515922e-05
2026-08-20 15:13:31 - train: epoch 275, iter:20, loss: 0.4644, lr: 2.823452943515922e-05
2026-08-20 15:13:47 - val epoch: 275, loss: 0.9099
2026-08-20 15:13:47 - wave mode=ll_only, epoch 275, alpha: 0.1324
2026-08-20 15:13:49 - train: epoch 276, iter:0, loss: 0.3547, lr: 2.6866715986911168e-05
2026-08-20 15:13:51 - train: epoch 276, iter:20, loss: 0.4736, lr: 2.6866715986911168e-05
2026-08-20 15:14:07 - val epoch: 276, loss: 0.9159
2026-08-20 15:14:07 - wave mode=ll_only, epoch 276, alpha: 0.1324
2026-08-20 15:14:09 - train: epoch 277, iter:0, loss: 0.3621, lr: 2.5551335241327604e-05
2026-08-20 15:14:11 - train: epoch 277, iter:20, loss: 0.4595, lr: 2.5551335241327604e-05
2026-08-20 15:14:27 - val epoch: 277, loss: 0.9047
2026-08-20 15:14:27 - wave mode=ll_only, epoch 277, alpha: 0.1324
2026-08-20 15:14:29 - train: epoch 278, iter:0, loss: 0.5070, lr: 2.4288531444730185e-05
2026-08-20 15:14:31 - train: epoch 278, iter:20, loss: 0.4415, lr: 2.4288531444730185e-05
2026-08-20 15:14:46 - val epoch: 278, loss: 0.9057
2026-08-20 15:14:46 - wave mode=ll_only, epoch 278, alpha: 0.1325
2026-08-20 15:14:48 - train: epoch 279, iter:0, loss: 0.4486, lr: 2.3078443077785645e-05
2026-08-20 15:14:50 - train: epoch 279, iter:20, loss: 0.4539, lr: 2.3078443077785645e-05
2026-08-20 15:15:06 - val epoch: 279, loss: 0.9084
2026-08-20 15:15:06 - wave mode=ll_only, epoch 279, alpha: 0.1325
2026-08-20 15:15:08 - train: epoch 280, iter:0, loss: 0.4753, lr: 2.1921202840320064e-05
2026-08-20 15:15:10 - train: epoch 280, iter:20, loss: 0.4562, lr: 2.1921202840320064e-05
2026-08-20 15:15:26 - val epoch: 280, loss: 0.9119
2026-08-20 15:15:26 - wave mode=ll_only, epoch 280, alpha: 0.1324
2026-08-20 15:15:28 - train: epoch 281, iter:0, loss: 0.4752, lr: 2.081693763676623e-05
2026-08-20 15:15:30 - train: epoch 281, iter:20, loss: 0.4509, lr: 2.081693763676623e-05
2026-08-20 15:15:46 - val epoch: 281, loss: 0.9190
2026-08-20 15:15:46 - wave mode=ll_only, epoch 281, alpha: 0.1324
2026-08-20 15:15:48 - train: epoch 282, iter:0, loss: 0.4286, lr: 1.9765768562247723e-05
2026-08-20 15:15:50 - train: epoch 282, iter:20, loss: 0.4568, lr: 1.9765768562247723e-05
2026-08-20 15:16:06 - val epoch: 282, loss: 0.9127
2026-08-20 15:16:06 - wave mode=ll_only, epoch 282, alpha: 0.1325
2026-08-20 15:16:08 - train: epoch 283, iter:0, loss: 0.4355, lr: 1.876781088929913e-05
2026-08-20 15:16:10 - train: epoch 283, iter:20, loss: 0.4506, lr: 1.876781088929913e-05
2026-08-20 15:16:26 - val epoch: 283, loss: 0.9136
2026-08-20 15:16:26 - wave mode=ll_only, epoch 283, alpha: 0.1325
2026-08-20 15:16:27 - train: epoch 284, iter:0, loss: 0.4588, lr: 1.7823174055225262e-05
2026-08-20 15:16:29 - train: epoch 284, iter:20, loss: 0.4618, lr: 1.7823174055225262e-05
2026-08-20 15:16:45 - val epoch: 284, loss: 0.9124
2026-08-20 15:16:45 - wave mode=ll_only, epoch 284, alpha: 0.1325
2026-08-20 15:16:47 - train: epoch 285, iter:0, loss: 0.5058, lr: 1.693196165010003e-05
2026-08-20 15:16:49 - train: epoch 285, iter:20, loss: 0.4546, lr: 1.693196165010003e-05
2026-08-20 15:17:04 - val epoch: 285, loss: 0.9124
2026-08-20 15:17:04 - wave mode=ll_only, epoch 285, alpha: 0.1325
2026-08-20 15:17:06 - train: epoch 286, iter:0, loss: 0.4224, lr: 1.6094271405406855e-05
2026-08-20 15:17:08 - train: epoch 286, iter:20, loss: 0.4498, lr: 1.6094271405406855e-05
2026-08-20 15:17:24 - val epoch: 286, loss: 0.9139
2026-08-20 15:17:24 - wave mode=ll_only, epoch 286, alpha: 0.1325
2026-08-20 15:17:26 - train: epoch 287, iter:0, loss: 0.4934, lr: 1.5310195183320773e-05
2026-08-20 15:17:28 - train: epoch 287, iter:20, loss: 0.4608, lr: 1.5310195183320773e-05
2026-08-20 15:17:43 - val epoch: 287, loss: 0.9055
2026-08-20 15:17:43 - wave mode=ll_only, epoch 287, alpha: 0.1325
2026-08-20 15:17:45 - train: epoch 288, iter:0, loss: 0.5487, lr: 1.4579818966635417e-05
2026-08-20 15:17:47 - train: epoch 288, iter:20, loss: 0.4710, lr: 1.4579818966635417e-05
2026-08-20 15:18:03 - val epoch: 288, loss: 0.9054
2026-08-20 15:18:03 - wave mode=ll_only, epoch 288, alpha: 0.1325
2026-08-20 15:18:04 - train: epoch 289, iter:0, loss: 0.4751, lr: 1.3903222849333505e-05
2026-08-20 15:18:07 - train: epoch 289, iter:20, loss: 0.4499, lr: 1.3903222849333505e-05
2026-08-20 15:18:22 - val epoch: 289, loss: 0.9132
2026-08-20 15:18:22 - wave mode=ll_only, epoch 289, alpha: 0.1325
2026-08-20 15:18:23 - train: epoch 290, iter:0, loss: 0.4649, lr: 1.3280481027803759e-05
2026-08-20 15:18:26 - train: epoch 290, iter:20, loss: 0.4577, lr: 1.3280481027803759e-05
2026-08-20 15:18:41 - val epoch: 290, loss: 0.8989
2026-08-20 15:18:41 - wave mode=ll_only, epoch 290, alpha: 0.1325
2026-08-20 15:18:43 - train: epoch 291, iter:0, loss: 0.5199, lr: 1.271166179270472e-05
2026-08-20 15:18:45 - train: epoch 291, iter:20, loss: 0.4486, lr: 1.271166179270472e-05
2026-08-20 15:19:01 - val epoch: 291, loss: 0.9118
2026-08-20 15:19:01 - wave mode=ll_only, epoch 291, alpha: 0.1325
2026-08-20 15:19:03 - train: epoch 292, iter:0, loss: 0.4400, lr: 1.21968275214754e-05
2026-08-20 15:19:05 - train: epoch 292, iter:20, loss: 0.4380, lr: 1.21968275214754e-05
2026-08-20 15:19:21 - val epoch: 292, loss: 0.9054
2026-08-20 15:19:21 - wave mode=ll_only, epoch 292, alpha: 0.1325
2026-08-20 15:19:23 - train: epoch 293, iter:0, loss: 0.4817, lr: 1.1736034671495336e-05
2026-08-20 15:19:25 - train: epoch 293, iter:20, loss: 0.4615, lr: 1.1736034671495336e-05
2026-08-20 15:19:40 - val epoch: 293, loss: 0.9036
2026-08-20 15:19:40 - wave mode=ll_only, epoch 293, alpha: 0.1325
2026-08-20 15:19:42 - train: epoch 294, iter:0, loss: 0.4275, lr: 1.1329333773893242e-05
2026-08-20 15:19:44 - train: epoch 294, iter:20, loss: 0.4612, lr: 1.1329333773893242e-05
2026-08-20 15:20:00 - val epoch: 294, loss: 0.9104
2026-08-20 15:20:00 - wave mode=ll_only, epoch 294, alpha: 0.1325
2026-08-20 15:20:02 - train: epoch 295, iter:0, loss: 0.5083, lr: 1.0976769428005577e-05
2026-08-20 15:20:04 - train: epoch 295, iter:20, loss: 0.4509, lr: 1.0976769428005577e-05
2026-08-20 15:20:20 - val epoch: 295, loss: 0.9092
2026-08-20 15:20:20 - wave mode=ll_only, epoch 295, alpha: 0.1325
2026-08-20 15:20:21 - train: epoch 296, iter:0, loss: 0.4329, lr: 1.0678380296485951e-05
2026-08-20 15:20:24 - train: epoch 296, iter:20, loss: 0.4340, lr: 1.0678380296485951e-05
2026-08-20 15:20:39 - val epoch: 296, loss: 0.9139
2026-08-20 15:20:39 - wave mode=ll_only, epoch 296, alpha: 0.1325
2026-08-20 15:20:41 - train: epoch 297, iter:0, loss: 0.4428, lr: 1.04341991010651e-05
2026-08-20 15:20:43 - train: epoch 297, iter:20, loss: 0.4612, lr: 1.04341991010651e-05
2026-08-20 15:20:59 - val epoch: 297, loss: 0.9128
2026-08-20 15:20:59 - wave mode=ll_only, epoch 297, alpha: 0.1325
2026-08-20 15:21:01 - train: epoch 298, iter:0, loss: 0.5052, lr: 1.0244252618962858e-05
2026-08-20 15:21:03 - train: epoch 298, iter:20, loss: 0.4534, lr: 1.0244252618962858e-05
2026-08-20 15:21:19 - val epoch: 298, loss: 0.9104
2026-08-20 15:21:19 - wave mode=ll_only, epoch 298, alpha: 0.1325
2026-08-20 15:21:21 - train: epoch 299, iter:0, loss: 0.4071, lr: 1.0108561679951479e-05
2026-08-20 15:21:23 - train: epoch 299, iter:20, loss: 0.4493, lr: 1.0108561679951479e-05
2026-08-20 15:21:38 - val epoch: 299, loss: 0.9124
2026-08-20 15:21:38 - wave mode=ll_only, epoch 299, alpha: 0.1325
2026-08-20 15:21:40 - train: epoch 300, iter:0, loss: 0.4634, lr: 1.002714116407149e-05
2026-08-20 15:21:42 - train: epoch 300, iter:20, loss: 0.4405, lr: 1.002714116407149e-05
2026-08-20 15:22:02 - val epoch: 300, loss: 0.9115, miou: 0.7780005704890933, f1_or_dsc: 0.8751409683463494, accuracy: 0.940269394676284,                 specificity: 0.966107976046125, sensitivity: 0.8599577752311923, confusion_matrix: [[38705664  1357833]
 [ 1805087 11084504]]
2026-08-20 15:22:02 - wave mode=ll_only, epoch 300, alpha: 0.1325
2026-08-20 15:22:22 - test of best model, loss: 0.8160,miou: 0.7825833718139141, f1_or_dsc: 0.8780328417599632, accuracy: 0.9400530144719794,                 specificity: 0.9572966134234363, sensitivity: 0.8864563662260502, confusion_matrix: [[38352650  1710847]
 [ 1463531 11426060]]
