2026-08-07 11:03:17 - #----------Config info----------#
2026-08-07 11:03:17 - network: bgct_egeunet,
2026-08-07 11:03:17 - model_config: {'num_classes': 1, 'input_channels': 3, 'c_list': [8, 16, 24, 32, 48, 64], 'bridge': True, 'gt_ds': True, 'window_size': 8, 'num_heads': 4},
2026-08-07 11:03:17 - datasets: isic18,
2026-08-07 11:03:17 - data_path: ./data/isic2018/,
2026-08-07 11:03:17 - criterion: GT_BceDiceLoss(
  (bcedice): BceDiceLoss(
    (bce): BCELoss(
      (bceloss): BCELoss()
    )
    (dice): DiceLoss()
  )
),
2026-08-07 11:03:17 - num_classes: 1,
2026-08-07 11:03:17 - input_size_h: 256,
2026-08-07 11:03:17 - input_size_w: 256,
2026-08-07 11:03:17 - input_channels: 3,
2026-08-07 11:03:17 - distributed: False,
2026-08-07 11:03:17 - local_rank: -1,
2026-08-07 11:03:17 - num_workers: 8,
2026-08-07 11:03:17 - seed: 42,
2026-08-07 11:03:17 - world_size: None,
2026-08-07 11:03:17 - rank: None,
2026-08-07 11:03:17 - amp: False,
2026-08-07 11:03:17 - gpu_id: 0,
2026-08-07 11:03:17 - batch_size: 64,
2026-08-07 11:03:17 - epochs: 300,
2026-08-07 11:03:17 - gradient_accumulation_steps: 1,
2026-08-07 11:03:17 - lambda_edge: 0.2,
2026-08-07 11:03:17 - edge_warmup_epochs: 20,
2026-08-07 11:03:17 - work_dir: results/bgct_egeunet_isic18_Friday_07_August_2026_11h_03m_17s/,
2026-08-07 11:03:17 - print_interval: 20,
2026-08-07 11:03:17 - val_interval: 30,
2026-08-07 11:03:17 - save_interval: 100,
2026-08-07 11:03:17 - threshold: 0.5,
2026-08-07 11:03:17 - train_transformer: Compose(
    <utils.myNormalize object at 0x7f6a2822a2f0>
    <utils.myToTensor object at 0x7f6a2822a350>
    <utils.myRandomHorizontalFlip object at 0x7f6a2822a380>
    <utils.myRandomVerticalFlip object at 0x7f6a2822a3e0>
    <utils.myRandomRotation object at 0x7f6a2822a440>
    <utils.myResize object at 0x7f6a2822a4a0>
),
2026-08-07 11:03:17 - test_transformer: Compose(
    <utils.myNormalize object at 0x7f6a2822a590>
    <utils.myToTensor object at 0x7f6a2822a5f0>
    <utils.myResize object at 0x7f6a2822a620>
),
2026-08-07 11:03:17 - opt: AdamW,
2026-08-07 11:03:17 - lr: 0.001,
2026-08-07 11:03:17 - betas: (0.9, 0.999),
2026-08-07 11:03:17 - eps: 1e-08,
2026-08-07 11:03:17 - weight_decay: 0.01,
2026-08-07 11:03:17 - amsgrad: False,
2026-08-07 11:03:17 - sch: CosineAnnealingLR,
2026-08-07 11:03:17 - T_max: 300,
2026-08-07 11:03:17 - eta_min: 1e-05,
2026-08-07 11:03:17 - last_epoch: -1,
2026-08-07 11:03:22 - train: epoch 1, iter:0, loss: 6.4907, lr: 0.001
2026-08-07 11:03:24 - train: epoch 1, iter:20, loss: 3.3902, lr: 0.001
2026-08-07 11:03:40 - val epoch: 1, loss: 2.0232
2026-08-07 11:03:42 - train: epoch 2, iter:0, loss: 2.1660, lr: 0.0009999728588359286
2026-08-07 11:03:44 - train: epoch 2, iter:20, loss: 1.9558, lr: 0.0009999728588359286
2026-08-07 11:04:00 - val epoch: 2, loss: 1.7176
2026-08-07 11:04:02 - train: epoch 3, iter:0, loss: 1.6751, lr: 0.0009998914383200486
2026-08-07 11:04:04 - train: epoch 3, iter:20, loss: 1.5233, lr: 0.0009998914383200486
2026-08-07 11:04:20 - val epoch: 3, loss: 1.4018
2026-08-07 11:04:22 - train: epoch 4, iter:0, loss: 1.2387, lr: 0.0009997557473810372
2026-08-07 11:04:24 - train: epoch 4, iter:20, loss: 1.3272, lr: 0.0009997557473810372
2026-08-07 11:04:40 - val epoch: 4, loss: 1.3477
2026-08-07 11:04:43 - train: epoch 5, iter:0, loss: 1.3387, lr: 0.000999565800898935
2026-08-07 11:04:44 - train: epoch 5, iter:20, loss: 1.3211, lr: 0.000999565800898935
2026-08-07 11:05:00 - val epoch: 5, loss: 1.3815
2026-08-07 11:05:03 - train: epoch 6, iter:0, loss: 1.3749, lr: 0.0009993216197035143
2026-08-07 11:05:04 - train: epoch 6, iter:20, loss: 1.2406, lr: 0.0009993216197035143
2026-08-07 11:05:20 - val epoch: 6, loss: 1.2578
2026-08-07 11:05:22 - train: epoch 7, iter:0, loss: 1.4356, lr: 0.0009990232305719946
2026-08-07 11:05:24 - train: epoch 7, iter:20, loss: 1.1354, lr: 0.0009990232305719946
2026-08-07 11:05:40 - val epoch: 7, loss: 1.2252
2026-08-07 11:05:43 - train: epoch 8, iter:0, loss: 1.1295, lr: 0.0009986706662261067
2026-08-07 11:05:44 - train: epoch 8, iter:20, loss: 1.1446, lr: 0.0009986706662261067
2026-08-07 11:06:00 - val epoch: 8, loss: 1.2018
2026-08-07 11:06:02 - train: epoch 9, iter:0, loss: 1.0904, lr: 0.0009982639653285047
2026-08-07 11:06:04 - train: epoch 9, iter:20, loss: 1.0891, lr: 0.0009982639653285047
2026-08-07 11:06:20 - val epoch: 9, loss: 1.1802
2026-08-07 11:06:22 - train: epoch 10, iter:0, loss: 0.9287, lr: 0.0009978031724785245
2026-08-07 11:06:24 - train: epoch 10, iter:20, loss: 1.1852, lr: 0.0009978031724785245
2026-08-07 11:06:41 - val epoch: 10, loss: 1.1884
2026-08-07 11:06:43 - train: epoch 11, iter:0, loss: 1.1506, lr: 0.0009972883382072953
2026-08-07 11:06:44 - train: epoch 11, iter:20, loss: 1.1006, lr: 0.0009972883382072953
2026-08-07 11:07:00 - val epoch: 11, loss: 1.1861
2026-08-07 11:07:02 - train: epoch 12, iter:0, loss: 1.2236, lr: 0.0009967195189721962
2026-08-07 11:07:05 - train: epoch 12, iter:20, loss: 1.0085, lr: 0.0009967195189721962
2026-08-07 11:07:21 - val epoch: 12, loss: 1.1595
2026-08-07 11:07:23 - train: epoch 13, iter:0, loss: 1.0797, lr: 0.0009960967771506667
2026-08-07 11:07:25 - train: epoch 13, iter:20, loss: 1.0439, lr: 0.0009960967771506667
2026-08-07 11:07:42 - val epoch: 13, loss: 1.2429
2026-08-07 11:07:43 - train: epoch 14, iter:0, loss: 1.0765, lr: 0.0009954201810333646
2026-08-07 11:07:45 - train: epoch 14, iter:20, loss: 1.0140, lr: 0.0009954201810333646
2026-08-07 11:08:01 - val epoch: 14, loss: 1.2734
2026-08-07 11:08:03 - train: epoch 15, iter:0, loss: 0.9746, lr: 0.0009946898048166792
2026-08-07 11:08:05 - train: epoch 15, iter:20, loss: 0.9741, lr: 0.0009946898048166792
2026-08-07 11:08:22 - val epoch: 15, loss: 1.1191
2026-08-07 11:08:23 - train: epoch 16, iter:0, loss: 1.0330, lr: 0.000993905728594593
2026-08-07 11:08:26 - train: epoch 16, iter:20, loss: 0.9826, lr: 0.000993905728594593
2026-08-07 11:08:42 - val epoch: 16, loss: 1.1418
2026-08-07 11:08:44 - train: epoch 17, iter:0, loss: 0.9767, lr: 0.0009930680383498998
2026-08-07 11:08:45 - train: epoch 17, iter:20, loss: 1.0301, lr: 0.0009930680383498998
2026-08-07 11:09:02 - val epoch: 17, loss: 1.1892
2026-08-07 11:09:03 - train: epoch 18, iter:0, loss: 0.9636, lr: 0.0009921768259447744
2026-08-07 11:09:06 - train: epoch 18, iter:20, loss: 0.9712, lr: 0.0009921768259447744
2026-08-07 11:09:22 - val epoch: 18, loss: 1.3144
2026-08-07 11:09:24 - train: epoch 19, iter:0, loss: 1.2983, lr: 0.0009912321891107007
2026-08-07 11:09:26 - train: epoch 19, iter:20, loss: 1.0135, lr: 0.0009912321891107007
2026-08-07 11:09:42 - val epoch: 19, loss: 1.1915
2026-08-07 11:09:44 - train: epoch 20, iter:0, loss: 0.9562, lr: 0.0009902342314377522
2026-08-07 11:09:46 - train: epoch 20, iter:20, loss: 0.9622, lr: 0.0009902342314377522
2026-08-07 11:10:02 - val epoch: 20, loss: 1.3080
2026-08-07 11:10:04 - train: epoch 21, iter:0, loss: 0.9287, lr: 0.0009891830623632338
2026-08-07 11:10:06 - train: epoch 21, iter:20, loss: 0.9385, lr: 0.0009891830623632338
2026-08-07 11:10:22 - val epoch: 21, loss: 1.1096
2026-08-07 11:10:25 - train: epoch 22, iter:0, loss: 0.9993, lr: 0.00098807879715968
2026-08-07 11:10:26 - train: epoch 22, iter:20, loss: 0.9576, lr: 0.00098807879715968
2026-08-07 11:10:42 - val epoch: 22, loss: 1.1145
2026-08-07 11:10:44 - train: epoch 23, iter:0, loss: 0.9908, lr: 0.0009869215569222143
2026-08-07 11:10:46 - train: epoch 23, iter:20, loss: 0.9210, lr: 0.0009869215569222143
2026-08-07 11:11:03 - val epoch: 23, loss: 1.1349
2026-08-07 11:11:04 - train: epoch 24, iter:0, loss: 1.0784, lr: 0.0009857114685552697
2026-08-07 11:11:06 - train: epoch 24, iter:20, loss: 0.8884, lr: 0.0009857114685552697
2026-08-07 11:11:23 - val epoch: 24, loss: 1.1532
2026-08-07 11:11:25 - train: epoch 25, iter:0, loss: 0.7513, lr: 0.0009844486647586721
2026-08-07 11:11:26 - train: epoch 25, iter:20, loss: 0.8842, lr: 0.0009844486647586721
2026-08-07 11:11:43 - val epoch: 25, loss: 1.0806
2026-08-07 11:11:44 - train: epoch 26, iter:0, loss: 0.8666, lr: 0.0009831332840130884
2026-08-07 11:11:46 - train: epoch 26, iter:20, loss: 0.8978, lr: 0.0009831332840130884
2026-08-07 11:12:03 - val epoch: 26, loss: 1.1617
2026-08-07 11:12:04 - train: epoch 27, iter:0, loss: 0.8170, lr: 0.0009817654705648405
2026-08-07 11:12:06 - train: epoch 27, iter:20, loss: 0.9031, lr: 0.0009817654705648405
2026-08-07 11:12:23 - val epoch: 27, loss: 1.1039
2026-08-07 11:12:25 - train: epoch 28, iter:0, loss: 0.8910, lr: 0.0009803453744100864
2026-08-07 11:12:27 - train: epoch 28, iter:20, loss: 0.8921, lr: 0.0009803453744100864
2026-08-07 11:12:43 - val epoch: 28, loss: 1.1574
2026-08-07 11:12:44 - train: epoch 29, iter:0, loss: 0.7001, lr: 0.0009788731512783728
2026-08-07 11:12:47 - train: epoch 29, iter:20, loss: 0.8546, lr: 0.0009788731512783728
2026-08-07 11:13:03 - val epoch: 29, loss: 1.0994
2026-08-07 11:13:05 - train: epoch 30, iter:0, loss: 0.7941, lr: 0.0009773489626155566
2026-08-07 11:13:07 - train: epoch 30, iter:20, loss: 0.8596, lr: 0.0009773489626155566
