2026-08-12 17:47:13 - #----------Config info----------#
2026-08-12 17:47:13 - batch_size: 64,
2026-08-12 17:47:13 - exp_name: B3,
2026-08-12 17:47:13 - enable_local_point_aux: False,
2026-08-12 17:47:13 - enable_consistency: False,
2026-08-12 17:47:13 - enable_box_lf: True,
2026-08-12 17:47:33 - val epoch: 1, loss: 1.0373
2026-08-12 17:47:51 - val epoch: 2, loss: 0.7302
2026-08-12 17:48:08 - val epoch: 3, loss: 0.6185
2026-08-12 17:48:26 - val epoch: 4, loss: 0.5544
2026-08-12 17:48:44 - val epoch: 5, loss: 0.5354
2026-08-12 17:49:02 - val epoch: 6, loss: 0.5249
2026-08-12 17:49:19 - val epoch: 7, loss: 0.4948
2026-08-12 17:49:37 - val epoch: 8, loss: 0.4788
2026-08-12 17:49:54 - val epoch: 9, loss: 0.5745
2026-08-12 17:50:12 - val epoch: 10, loss: 0.5409
2026-08-12 17:50:30 - val epoch: 11, loss: 0.4937
2026-08-12 17:50:47 - val epoch: 12, loss: 0.4677
2026-08-12 17:51:05 - val epoch: 13, loss: 0.4889
2026-08-12 17:51:22 - val epoch: 14, loss: 0.5200
2026-08-12 17:51:40 - val epoch: 15, loss: 0.4685
2026-08-12 17:51:58 - val epoch: 16, loss: 0.5137
2026-08-12 17:52:15 - val epoch: 17, loss: 0.4564
2026-08-12 17:52:33 - val epoch: 18, loss: 0.5288
2026-08-12 17:52:50 - val epoch: 19, loss: 0.4707
2026-08-12 17:53:08 - val epoch: 20, loss: 0.5185
2026-08-12 17:53:25 - val epoch: 21, loss: 0.4720
2026-08-12 17:53:43 - val epoch: 22, loss: 0.4514
2026-08-12 17:54:00 - val epoch: 23, loss: 0.5108
2026-08-12 17:54:18 - val epoch: 24, loss: 0.4397
2026-08-12 17:54:35 - val epoch: 25, loss: 0.4466
2026-08-12 17:54:53 - val epoch: 26, loss: 0.4627
2026-08-12 17:55:10 - val epoch: 27, loss: 0.4371
2026-08-12 17:55:28 - val epoch: 28, loss: 0.5145
2026-08-12 17:55:46 - val epoch: 29, loss: 0.4347
2026-08-12 17:56:07 - val epoch: 30, loss: 0.4607, miou: 0.7269, dsc: 0.8418, sens: 0.8491, spec: 0.9459, area_ratio: 1.017, fp_ratio: 0.0541, fn_ratio: 0.1509
2026-08-12 17:56:25 - val epoch: 31, loss: 0.5134
2026-08-12 17:56:43 - val epoch: 32, loss: 0.5823
2026-08-12 17:57:00 - val epoch: 33, loss: 0.4879
2026-08-12 17:57:18 - val epoch: 34, loss: 0.4832
2026-08-12 17:57:35 - val epoch: 35, loss: 0.4537
2026-08-12 17:57:53 - val epoch: 36, loss: 0.4872
2026-08-12 17:58:11 - val epoch: 37, loss: 0.4113
2026-08-12 17:58:28 - val epoch: 38, loss: 0.4685
2026-08-12 17:58:46 - val epoch: 39, loss: 0.4733
2026-08-12 17:59:04 - val epoch: 40, loss: 0.4541
2026-08-12 17:59:21 - val epoch: 41, loss: 0.4491
2026-08-12 17:59:39 - val epoch: 42, loss: 0.4427
2026-08-12 17:59:56 - val epoch: 43, loss: 0.5107
2026-08-12 18:00:14 - val epoch: 44, loss: 0.4007
2026-08-12 18:00:32 - val epoch: 45, loss: 0.4467
2026-08-12 18:00:50 - val epoch: 46, loss: 0.4691
2026-08-12 18:01:08 - val epoch: 47, loss: 0.4300
2026-08-12 18:01:25 - val epoch: 48, loss: 0.4502
2026-08-12 18:01:43 - val epoch: 49, loss: 0.4478
2026-08-12 18:02:00 - val epoch: 50, loss: 0.4778
2026-08-12 18:02:18 - val epoch: 51, loss: 0.4382
2026-08-12 18:02:35 - val epoch: 52, loss: 0.4572
2026-08-12 18:02:53 - val epoch: 53, loss: 0.4581
2026-08-12 18:03:11 - val epoch: 54, loss: 0.4233
2026-08-12 18:03:28 - val epoch: 55, loss: 0.4729
2026-08-12 18:03:46 - val epoch: 56, loss: 0.4758
2026-08-12 18:04:03 - val epoch: 57, loss: 0.4964
2026-08-12 18:04:21 - val epoch: 58, loss: 0.5071
2026-08-12 18:04:38 - val epoch: 59, loss: 0.4474
2026-08-12 18:05:00 - val epoch: 60, loss: 0.4775, miou: 0.7408, dsc: 0.8511, sens: 0.8112, spec: 0.9694, area_ratio: 0.906, fp_ratio: 0.0306, fn_ratio: 0.1888
2026-08-12 18:05:18 - val epoch: 61, loss: 0.4807
2026-08-12 18:05:35 - val epoch: 62, loss: 0.5288
2026-08-12 18:05:53 - val epoch: 63, loss: 0.5086
2026-08-12 18:06:10 - val epoch: 64, loss: 0.4539
2026-08-12 18:06:28 - val epoch: 65, loss: 0.5468
2026-08-12 18:06:45 - val epoch: 66, loss: 0.5300
2026-08-12 18:07:03 - val epoch: 67, loss: 0.5174
2026-08-12 18:07:20 - val epoch: 68, loss: 0.4648
2026-08-12 18:07:38 - val epoch: 69, loss: 0.5049
2026-08-12 18:07:55 - val epoch: 70, loss: 0.4568
2026-08-12 18:08:13 - val epoch: 71, loss: 0.5538
2026-08-12 18:08:31 - val epoch: 72, loss: 0.4630
2026-08-12 18:08:48 - val epoch: 73, loss: 0.4406
2026-08-12 18:09:06 - val epoch: 74, loss: 0.4932
2026-08-12 18:09:23 - val epoch: 75, loss: 0.5120
2026-08-12 18:09:41 - val epoch: 76, loss: 0.5245
2026-08-12 18:09:59 - val epoch: 77, loss: 0.5302
2026-08-12 18:10:16 - val epoch: 78, loss: 0.4635
2026-08-12 18:10:34 - val epoch: 79, loss: 0.4902
2026-08-12 18:10:52 - val epoch: 80, loss: 0.5350
2026-08-12 18:11:09 - val epoch: 81, loss: 0.5490
2026-08-12 18:11:27 - val epoch: 82, loss: 0.4689
2026-08-12 18:11:44 - val epoch: 83, loss: 0.4837
2026-08-12 18:12:02 - val epoch: 84, loss: 0.5051
2026-08-12 18:12:19 - val epoch: 85, loss: 0.5157
2026-08-12 18:12:37 - val epoch: 86, loss: 0.5456
2026-08-12 18:12:55 - val epoch: 87, loss: 0.4874
2026-08-12 18:13:12 - val epoch: 88, loss: 0.5401
2026-08-12 18:13:30 - val epoch: 89, loss: 0.4577
2026-08-12 18:13:52 - val epoch: 90, loss: 0.5062, miou: 0.7276, dsc: 0.8423, sens: 0.7958, spec: 0.9698, area_ratio: 0.890, fp_ratio: 0.0302, fn_ratio: 0.2042
2026-08-12 18:14:09 - val epoch: 91, loss: 0.5140
2026-08-12 18:14:26 - val epoch: 92, loss: 0.4858
2026-08-12 18:14:44 - val epoch: 93, loss: 0.5811
2026-08-12 18:15:02 - val epoch: 94, loss: 0.5499
2026-08-12 18:15:19 - val epoch: 95, loss: 0.5565
2026-08-12 18:15:37 - val epoch: 96, loss: 0.5307
2026-08-12 18:15:55 - val epoch: 97, loss: 0.5471
2026-08-12 18:16:12 - val epoch: 98, loss: 0.5571
2026-08-12 18:16:30 - val epoch: 99, loss: 0.5119
2026-08-12 18:16:48 - val epoch: 100, loss: 0.5203
2026-08-12 18:17:05 - val epoch: 101, loss: 0.5337
2026-08-12 18:17:23 - val epoch: 102, loss: 0.5965
2026-08-12 18:17:41 - val epoch: 103, loss: 0.6240
2026-08-12 18:17:58 - val epoch: 104, loss: 0.6014
2026-08-12 18:18:16 - val epoch: 105, loss: 0.5201
2026-08-12 18:18:33 - val epoch: 106, loss: 0.5330
2026-08-12 18:18:51 - val epoch: 107, loss: 0.4902
2026-08-12 18:19:09 - val epoch: 108, loss: 0.5352
2026-08-12 18:19:26 - val epoch: 109, loss: 0.5935
2026-08-12 18:19:44 - val epoch: 110, loss: 0.5888
2026-08-12 18:20:01 - val epoch: 111, loss: 0.5560
2026-08-12 18:20:19 - val epoch: 112, loss: 0.5719
2026-08-12 18:20:37 - val epoch: 113, loss: 0.5981
2026-08-12 18:20:54 - val epoch: 114, loss: 0.5745
2026-08-12 18:21:12 - val epoch: 115, loss: 0.5680
2026-08-12 18:21:29 - val epoch: 116, loss: 0.5333
2026-08-12 18:21:47 - val epoch: 117, loss: 0.5015
2026-08-12 18:22:05 - val epoch: 118, loss: 0.7078
2026-08-12 18:22:22 - val epoch: 119, loss: 0.6058
2026-08-12 18:22:44 - val epoch: 120, loss: 0.5551, miou: 0.7338, dsc: 0.8465, sens: 0.7997, spec: 0.9711, area_ratio: 0.889, fp_ratio: 0.0289, fn_ratio: 0.2003
2026-08-12 18:23:01 - val epoch: 121, loss: 0.6283
2026-08-12 18:23:19 - val epoch: 122, loss: 0.5145
2026-08-12 18:23:36 - val epoch: 123, loss: 0.5510
2026-08-12 18:23:54 - val epoch: 124, loss: 0.5277
2026-08-12 18:24:11 - val epoch: 125, loss: 0.5918
2026-08-12 18:24:29 - val epoch: 126, loss: 0.5351
2026-08-12 18:24:46 - val epoch: 127, loss: 0.6740
2026-08-12 18:25:04 - val epoch: 128, loss: 0.5251
2026-08-12 18:25:22 - val epoch: 129, loss: 0.5617
2026-08-12 18:25:39 - val epoch: 130, loss: 0.5179
2026-08-12 18:25:57 - val epoch: 131, loss: 0.6036
2026-08-12 18:26:15 - val epoch: 132, loss: 0.6024
2026-08-12 18:26:32 - val epoch: 133, loss: 0.6047
2026-08-12 18:26:50 - val epoch: 134, loss: 0.5854
2026-08-12 18:27:08 - val epoch: 135, loss: 0.6446
2026-08-12 18:27:25 - val epoch: 136, loss: 0.5765
2026-08-12 18:27:43 - val epoch: 137, loss: 0.6457
2026-08-12 18:28:00 - val epoch: 138, loss: 0.6397
2026-08-12 18:28:18 - val epoch: 139, loss: 0.6146
2026-08-12 18:28:35 - val epoch: 140, loss: 0.6200
2026-08-12 18:28:53 - val epoch: 141, loss: 0.6273
2026-08-12 18:29:10 - val epoch: 142, loss: 0.5958
2026-08-12 18:29:28 - val epoch: 143, loss: 0.6040
2026-08-12 18:29:46 - val epoch: 144, loss: 0.6621
2026-08-12 18:30:03 - val epoch: 145, loss: 0.6100
2026-08-12 18:30:21 - val epoch: 146, loss: 0.6187
2026-08-12 18:30:39 - val epoch: 147, loss: 0.6328
2026-08-12 18:30:56 - val epoch: 148, loss: 0.6908
2026-08-12 18:31:14 - val epoch: 149, loss: 0.6709
2026-08-12 18:31:36 - val epoch: 150, loss: 0.6246, miou: 0.7291, dsc: 0.8433, sens: 0.7879, spec: 0.9740, area_ratio: 0.869, fp_ratio: 0.0260, fn_ratio: 0.2121
2026-08-12 18:31:53 - val epoch: 151, loss: 0.6779
2026-08-12 18:32:11 - val epoch: 152, loss: 0.6025
2026-08-12 18:32:28 - val epoch: 153, loss: 0.7382
2026-08-12 18:32:46 - val epoch: 154, loss: 0.6455
2026-08-12 18:33:03 - val epoch: 155, loss: 0.5926
2026-08-12 18:33:20 - val epoch: 156, loss: 0.6547
2026-08-12 18:33:38 - val epoch: 157, loss: 0.6977
2026-08-12 18:33:55 - val epoch: 158, loss: 0.7522
2026-08-12 18:34:13 - val epoch: 159, loss: 0.6454
2026-08-12 18:34:31 - val epoch: 160, loss: 0.6363
2026-08-12 18:34:48 - val epoch: 161, loss: 0.7133
2026-08-12 18:35:06 - val epoch: 162, loss: 0.6580
2026-08-12 18:35:23 - val epoch: 163, loss: 0.6645
2026-08-12 18:35:40 - val epoch: 164, loss: 0.7002
2026-08-12 18:35:58 - val epoch: 165, loss: 0.6508
2026-08-12 18:36:16 - val epoch: 166, loss: 0.6875
2026-08-12 18:36:33 - val epoch: 167, loss: 0.6561
2026-08-12 18:36:51 - val epoch: 168, loss: 0.6687
2026-08-12 18:37:08 - val epoch: 169, loss: 0.5950
2026-08-12 18:37:26 - val epoch: 170, loss: 0.6713
2026-08-12 18:37:44 - val epoch: 171, loss: 0.6796
2026-08-12 18:38:01 - val epoch: 172, loss: 0.7244
2026-08-12 18:38:19 - val epoch: 173, loss: 0.7475
2026-08-12 18:38:36 - val epoch: 174, loss: 0.6602
2026-08-12 18:38:54 - val epoch: 175, loss: 0.6449
2026-08-12 18:39:11 - val epoch: 176, loss: 0.6498
2026-08-12 18:39:29 - val epoch: 177, loss: 0.7843
2026-08-12 18:39:46 - val epoch: 178, loss: 0.7114
2026-08-12 18:40:04 - val epoch: 179, loss: 0.6631
2026-08-12 18:40:26 - val epoch: 180, loss: 0.7143, miou: 0.7149, dsc: 0.8338, sens: 0.7621, spec: 0.9788, area_ratio: 0.828, fp_ratio: 0.0212, fn_ratio: 0.2379
2026-08-12 18:40:43 - val epoch: 181, loss: 0.7306
2026-08-12 18:41:01 - val epoch: 182, loss: 0.7843
2026-08-12 18:41:18 - val epoch: 183, loss: 0.6876
2026-08-12 18:41:36 - val epoch: 184, loss: 0.7352
2026-08-12 18:41:54 - val epoch: 185, loss: 0.6780
2026-08-12 18:42:11 - val epoch: 186, loss: 0.7209
2026-08-12 18:42:29 - val epoch: 187, loss: 0.7917
2026-08-12 18:42:46 - val epoch: 188, loss: 0.6969
2026-08-12 18:43:04 - val epoch: 189, loss: 0.6898
2026-08-12 18:43:22 - val epoch: 190, loss: 0.7427
2026-08-12 18:43:40 - val epoch: 191, loss: 0.7240
2026-08-12 18:43:57 - val epoch: 192, loss: 0.7370
2026-08-12 18:44:15 - val epoch: 193, loss: 0.7560
2026-08-12 18:44:33 - val epoch: 194, loss: 0.7148
2026-08-12 18:44:50 - val epoch: 195, loss: 0.7676
2026-08-12 18:45:07 - val epoch: 196, loss: 0.7703
2026-08-12 18:45:25 - val epoch: 197, loss: 0.7318
2026-08-12 18:45:42 - val epoch: 198, loss: 0.7187
2026-08-12 18:46:00 - val epoch: 199, loss: 0.7634
2026-08-12 18:46:18 - val epoch: 200, loss: 0.7406
2026-08-12 18:46:35 - val epoch: 201, loss: 0.7398
2026-08-12 18:46:53 - val epoch: 202, loss: 0.7820
2026-08-12 18:47:11 - val epoch: 203, loss: 0.8164
2026-08-12 18:47:28 - val epoch: 204, loss: 0.7714
2026-08-12 18:47:46 - val epoch: 205, loss: 0.7840
2026-08-12 18:48:04 - val epoch: 206, loss: 0.7415
2026-08-12 18:48:21 - val epoch: 207, loss: 0.8044
2026-08-12 18:48:39 - val epoch: 208, loss: 0.7572
2026-08-12 18:48:57 - val epoch: 209, loss: 0.8498
2026-08-12 18:49:19 - val epoch: 210, loss: 0.8144, miou: 0.6943, dsc: 0.8196, sens: 0.7274, spec: 0.9846, area_ratio: 0.775, fp_ratio: 0.0154, fn_ratio: 0.2726
2026-08-12 18:49:36 - val epoch: 211, loss: 0.8188
2026-08-12 18:49:53 - val epoch: 212, loss: 0.7720
2026-08-12 18:50:11 - val epoch: 213, loss: 0.7354
2026-08-12 18:50:29 - val epoch: 214, loss: 0.7816
2026-08-12 18:50:46 - val epoch: 215, loss: 0.7586
2026-08-12 18:51:04 - val epoch: 216, loss: 0.7750
2026-08-12 18:51:21 - val epoch: 217, loss: 0.7787
2026-08-12 18:51:39 - val epoch: 218, loss: 0.7560
2026-08-12 18:51:57 - val epoch: 219, loss: 0.8044
2026-08-12 18:52:14 - val epoch: 220, loss: 0.8200
2026-08-12 18:52:32 - val epoch: 221, loss: 0.8062
2026-08-12 18:52:50 - val epoch: 222, loss: 0.8216
2026-08-12 18:53:07 - val epoch: 223, loss: 0.8275
2026-08-12 18:53:25 - val epoch: 224, loss: 0.7839
2026-08-12 18:53:43 - val epoch: 225, loss: 0.8404
2026-08-12 18:54:00 - val epoch: 226, loss: 0.8044
2026-08-12 18:54:18 - val epoch: 227, loss: 0.8486
2026-08-12 18:54:36 - val epoch: 228, loss: 0.8436
2026-08-12 18:54:53 - val epoch: 229, loss: 0.7974
2026-08-12 18:55:11 - val epoch: 230, loss: 0.8445
2026-08-12 18:55:28 - val epoch: 231, loss: 0.8413
2026-08-12 18:55:46 - val epoch: 232, loss: 0.8476
2026-08-12 18:56:03 - val epoch: 233, loss: 0.8488
2026-08-12 18:56:21 - val epoch: 234, loss: 0.8529
2026-08-12 18:56:38 - val epoch: 235, loss: 0.8323
2026-08-12 18:56:56 - val epoch: 236, loss: 0.8710
2026-08-12 18:57:14 - val epoch: 237, loss: 0.8395
2026-08-12 18:57:32 - val epoch: 238, loss: 0.8468
2026-08-12 18:57:50 - val epoch: 239, loss: 0.8985
2026-08-12 18:58:11 - val epoch: 240, loss: 0.8326, miou: 0.6986, dsc: 0.8226, sens: 0.7345, spec: 0.9835, area_ratio: 0.786, fp_ratio: 0.0165, fn_ratio: 0.2655
2026-08-12 18:58:29 - val epoch: 241, loss: 0.8638
2026-08-12 18:58:46 - val epoch: 242, loss: 0.8618
2026-08-12 18:59:04 - val epoch: 243, loss: 0.8628
2026-08-12 18:59:22 - val epoch: 244, loss: 0.8428
2026-08-12 18:59:39 - val epoch: 245, loss: 0.8922
2026-08-12 18:59:57 - val epoch: 246, loss: 0.8648
2026-08-12 19:00:14 - val epoch: 247, loss: 0.8492
2026-08-12 19:00:32 - val epoch: 248, loss: 0.8626
2026-08-12 19:00:50 - val epoch: 249, loss: 0.8780
2026-08-12 19:01:07 - val epoch: 250, loss: 0.9019
2026-08-12 19:01:25 - val epoch: 251, loss: 0.8981
2026-08-12 19:01:43 - val epoch: 252, loss: 0.9043
2026-08-12 19:02:00 - val epoch: 253, loss: 0.8768
2026-08-12 19:02:18 - val epoch: 254, loss: 0.8851
2026-08-12 19:02:36 - val epoch: 255, loss: 0.8948
2026-08-12 19:02:53 - val epoch: 256, loss: 0.8693
2026-08-12 19:03:11 - val epoch: 257, loss: 0.8700
2026-08-12 19:03:28 - val epoch: 258, loss: 0.8980
2026-08-12 19:03:46 - val epoch: 259, loss: 0.9024
2026-08-12 19:04:03 - val epoch: 260, loss: 0.8926
2026-08-12 19:04:21 - val epoch: 261, loss: 0.9018
2026-08-12 19:04:39 - val epoch: 262, loss: 0.8803
2026-08-12 19:04:57 - val epoch: 263, loss: 0.8820
2026-08-12 19:05:14 - val epoch: 264, loss: 0.9046
2026-08-12 19:05:32 - val epoch: 265, loss: 0.8873
2026-08-12 19:05:49 - val epoch: 266, loss: 0.9087
2026-08-12 19:06:07 - val epoch: 267, loss: 0.8875
2026-08-12 19:06:24 - val epoch: 268, loss: 0.8854
2026-08-12 19:06:42 - val epoch: 269, loss: 0.8775
2026-08-12 19:07:03 - val epoch: 270, loss: 0.9167, miou: 0.6810, dsc: 0.8102, sens: 0.7104, spec: 0.9861, area_ratio: 0.754, fp_ratio: 0.0139, fn_ratio: 0.2896
2026-08-12 19:07:21 - val epoch: 271, loss: 0.9118
2026-08-12 19:07:38 - val epoch: 272, loss: 0.8965
2026-08-12 19:07:56 - val epoch: 273, loss: 0.8909
2026-08-12 19:08:14 - val epoch: 274, loss: 0.9160
2026-08-12 19:08:32 - val epoch: 275, loss: 0.8903
2026-08-12 19:08:49 - val epoch: 276, loss: 0.9087
2026-08-12 19:09:07 - val epoch: 277, loss: 0.9028
2026-08-12 19:09:24 - val epoch: 278, loss: 0.9042
2026-08-12 19:09:42 - val epoch: 279, loss: 0.9066
2026-08-12 19:10:00 - val epoch: 280, loss: 0.9096
2026-08-12 19:10:17 - val epoch: 281, loss: 0.8927
2026-08-12 19:10:35 - val epoch: 282, loss: 0.9048
2026-08-12 19:10:53 - val epoch: 283, loss: 0.9108
2026-08-12 19:11:10 - val epoch: 284, loss: 0.9059
2026-08-12 19:11:28 - val epoch: 285, loss: 0.9052
2026-08-12 19:11:46 - val epoch: 286, loss: 0.9144
2026-08-12 19:12:03 - val epoch: 287, loss: 0.9073
2026-08-12 19:12:21 - val epoch: 288, loss: 0.9202
2026-08-12 19:12:39 - val epoch: 289, loss: 0.9227
2026-08-12 19:12:57 - val epoch: 290, loss: 0.9149
2026-08-12 19:13:14 - val epoch: 291, loss: 0.9145
2026-08-12 19:13:32 - val epoch: 292, loss: 0.9191
2026-08-12 19:13:49 - val epoch: 293, loss: 0.9153
2026-08-12 19:14:07 - val epoch: 294, loss: 0.9130
2026-08-12 19:14:24 - val epoch: 295, loss: 0.9094
2026-08-12 19:14:42 - val epoch: 296, loss: 0.9112
2026-08-12 19:15:00 - val epoch: 297, loss: 0.9115
2026-08-12 19:15:17 - val epoch: 298, loss: 0.9118
2026-08-12 19:15:34 - val epoch: 299, loss: 0.9189
2026-08-12 19:15:56 - val epoch: 300, loss: 0.9148, miou: 0.6831, dsc: 0.8117, sens: 0.7133, spec: 0.9858, area_ratio: 0.758, fp_ratio: 0.0142, fn_ratio: 0.2867
2026-08-12 19:15:56 - B3 FINAL: DSC=0.8511 mIoU=0.7408 Sens=0.8112 Spec=0.9694 AreaRatio=0.906
