2026-09-14 15:34:53 - #----------Config info----------#
2026-09-14 15:34:53 - network: ege_dual,
2026-09-14 15:34:53 - fusion_type: scale_cond,
2026-09-14 15:34:53 - work_dir: results/retrain_ege_dual_difflr_scf_v1_20260914/,
2026-09-14 15:34:53 - epochs: 300,
2026-09-14 15:34:53 - val_interval: 10,
2026-09-14 15:34:53 - save_interval: 10,
2026-09-14 15:34:53 - num_workers: 4,
2026-09-14 15:34:53 - batch_size: 64,
2026-09-14 15:34:53 - gradient_accumulation_steps: 1,
2026-09-14 15:34:53 - seed: 42,
2026-09-14 15:34:54 - [diff-lr] group1 82,370 lr=0.001; group2 5,259,408 lr=0.0001
2026-09-14 15:34:57 - train: epoch 1, iter:0, loss: 7.0486, lr: 0.001
2026-09-14 15:35:03 - train: epoch 1, iter:20, loss: 2.9509, lr: 0.001
2026-09-14 15:35:28 - val epoch: 1, loss: 2.0482
2026-09-14 15:35:28 - train gamma: g2=0.100 g3=0.100 g4=0.100 g5=0.100
2026-09-14 15:35:30 - train: epoch 2, iter:0, loss: 1.9319, lr: 0.0009999728588359286
2026-09-14 15:35:35 - train: epoch 2, iter:20, loss: 1.6733, lr: 0.0009999728588359286
2026-09-14 15:35:57 - val epoch: 2, loss: 1.3882
2026-09-14 15:35:57 - train gamma: g2=0.101 g3=0.098 g4=0.099 g5=0.097
2026-09-14 15:36:00 - train: epoch 3, iter:0, loss: 1.7326, lr: 0.0009998914383200486
2026-09-14 15:36:05 - train: epoch 3, iter:20, loss: 1.3029, lr: 0.0009998914383200486
2026-09-14 15:36:29 - val epoch: 3, loss: 1.2652
2026-09-14 15:36:29 - train gamma: g2=0.101 g3=0.097 g4=0.099 g5=0.089
2026-09-14 15:36:32 - train: epoch 4, iter:0, loss: 1.3535, lr: 0.0009997557473810372
2026-09-14 15:36:37 - train: epoch 4, iter:20, loss: 1.2030, lr: 0.0009997557473810372
2026-09-14 15:37:00 - val epoch: 4, loss: 1.1699
2026-09-14 15:37:00 - train gamma: g2=0.101 g3=0.098 g4=0.098 g5=0.088
2026-09-14 15:37:02 - train: epoch 5, iter:0, loss: 0.9429, lr: 0.000999565800898935
2026-09-14 15:37:07 - train: epoch 5, iter:20, loss: 1.0968, lr: 0.000999565800898935
2026-09-14 15:37:30 - val epoch: 5, loss: 1.1553
2026-09-14 15:37:30 - train gamma: g2=0.102 g3=0.097 g4=0.096 g5=0.085
2026-09-14 15:37:32 - train: epoch 6, iter:0, loss: 1.0955, lr: 0.0009993216197035143
2026-09-14 15:37:38 - train: epoch 6, iter:20, loss: 1.1482, lr: 0.0009993216197035143
2026-09-14 15:38:01 - val epoch: 6, loss: 1.1287
2026-09-14 15:38:01 - train gamma: g2=0.102 g3=0.098 g4=0.094 g5=0.085
2026-09-14 15:38:03 - train: epoch 7, iter:0, loss: 0.8463, lr: 0.0009990232305719946
2026-09-14 15:38:08 - train: epoch 7, iter:20, loss: 1.0495, lr: 0.0009990232305719946
2026-09-14 15:38:31 - val epoch: 7, loss: 1.1125
2026-09-14 15:38:31 - train gamma: g2=0.102 g3=0.097 g4=0.093 g5=0.080
2026-09-14 15:38:33 - train: epoch 8, iter:0, loss: 1.3178, lr: 0.0009986706662261067
2026-09-14 15:38:39 - train: epoch 8, iter:20, loss: 1.0561, lr: 0.0009986706662261067
2026-09-14 15:39:03 - val epoch: 8, loss: 1.3134
2026-09-14 15:39:03 - train gamma: g2=0.102 g3=0.098 g4=0.093 g5=0.089
2026-09-14 15:39:05 - train: epoch 9, iter:0, loss: 0.9295, lr: 0.0009982639653285047
2026-09-14 15:39:11 - train: epoch 9, iter:20, loss: 0.9470, lr: 0.0009982639653285047
2026-09-14 15:39:33 - val epoch: 9, loss: 1.3075
2026-09-14 15:39:33 - train gamma: g2=0.102 g3=0.097 g4=0.092 g5=0.084
2026-09-14 15:39:35 - train: epoch 10, iter:0, loss: 1.1036, lr: 0.0009978031724785245
2026-09-14 15:39:41 - train: epoch 10, iter:20, loss: 0.9394, lr: 0.0009978031724785245
2026-09-14 15:40:09 - val epoch: 10, loss: 1.0417, miou: 0.7468744150983454, f1_or_dsc: 0.8550980066375269, accuracy: 0.931732989773892,                 specificity: 0.9652637412056166, sensitivity: 0.8275125254168266, confusion_matrix: [[38671841  1391656]
 [ 2223293 10666298]]
2026-09-14 15:40:09 - train gamma: g2=0.102 g3=0.098 g4=0.094 g5=0.078
2026-09-14 15:40:11 - train: epoch 11, iter:0, loss: 0.9284, lr: 0.0009972883382072953
2026-09-14 15:40:17 - train: epoch 11, iter:20, loss: 0.8989, lr: 0.0009972883382072953
2026-09-14 15:40:38 - val epoch: 11, loss: 1.0064
2026-09-14 15:40:38 - train gamma: g2=0.102 g3=0.098 g4=0.095 g5=0.078
2026-09-14 15:40:41 - train: epoch 12, iter:0, loss: 0.7164, lr: 0.0009967195189721962
2026-09-14 15:40:46 - train: epoch 12, iter:20, loss: 0.9190, lr: 0.0009967195189721962
2026-09-14 15:41:11 - val epoch: 12, loss: 0.9982
2026-09-14 15:41:11 - train gamma: g2=0.102 g3=0.098 g4=0.096 g5=0.075
2026-09-14 15:41:13 - train: epoch 13, iter:0, loss: 0.8150, lr: 0.0009960967771506667
2026-09-14 15:41:19 - train: epoch 13, iter:20, loss: 0.8767, lr: 0.0009960967771506667
2026-09-14 15:41:41 - val epoch: 13, loss: 1.0907
2026-09-14 15:41:41 - train gamma: g2=0.103 g3=0.098 g4=0.094 g5=0.077
2026-09-14 15:41:43 - train: epoch 14, iter:0, loss: 0.9013, lr: 0.0009954201810333646
2026-09-14 15:41:48 - train: epoch 14, iter:20, loss: 0.8861, lr: 0.0009954201810333646
2026-09-14 15:42:14 - val epoch: 14, loss: 0.9806
2026-09-14 15:42:14 - train gamma: g2=0.103 g3=0.098 g4=0.095 g5=0.079
2026-09-14 15:42:16 - train: epoch 15, iter:0, loss: 0.8359, lr: 0.0009946898048166792
2026-09-14 15:42:21 - train: epoch 15, iter:20, loss: 0.8683, lr: 0.0009946898048166792
2026-09-14 15:42:42 - val epoch: 15, loss: 0.9586
2026-09-14 15:42:42 - train gamma: g2=0.103 g3=0.099 g4=0.095 g5=0.074
2026-09-14 15:42:45 - train: epoch 16, iter:0, loss: 0.8112, lr: 0.000993905728594593
2026-09-14 15:42:50 - train: epoch 16, iter:20, loss: 0.8551, lr: 0.000993905728594593
2026-09-14 15:43:15 - val epoch: 16, loss: 0.9470
2026-09-14 15:43:15 - train gamma: g2=0.103 g3=0.098 g4=0.094 g5=0.071
2026-09-14 15:43:18 - train: epoch 17, iter:0, loss: 0.9845, lr: 0.0009930680383498998
2026-09-14 15:43:23 - train: epoch 17, iter:20, loss: 0.8268, lr: 0.0009930680383498998
2026-09-14 15:43:45 - val epoch: 17, loss: 1.0202
2026-09-14 15:43:45 - train gamma: g2=0.103 g3=0.098 g4=0.095 g5=0.075
2026-09-14 15:43:47 - train: epoch 18, iter:0, loss: 0.9168, lr: 0.0009921768259447744
2026-09-14 15:43:52 - train: epoch 18, iter:20, loss: 0.8192, lr: 0.0009921768259447744
2026-09-14 15:44:17 - val epoch: 18, loss: 1.1434
2026-09-14 15:44:17 - train gamma: g2=0.103 g3=0.098 g4=0.094 g5=0.074
2026-09-14 15:44:19 - train: epoch 19, iter:0, loss: 0.9578, lr: 0.0009912321891107007
2026-09-14 15:44:24 - train: epoch 19, iter:20, loss: 0.8610, lr: 0.0009912321891107007
2026-09-14 15:44:48 - val epoch: 19, loss: 1.0035
2026-09-14 15:44:48 - train gamma: g2=0.103 g3=0.099 g4=0.092 g5=0.066
2026-09-14 15:44:50 - train: epoch 20, iter:0, loss: 0.8822, lr: 0.0009902342314377522
2026-09-14 15:44:55 - train: epoch 20, iter:20, loss: 0.7734, lr: 0.0009902342314377522
2026-09-14 15:45:21 - val epoch: 20, loss: 1.0006, miou: 0.7504514701022573, f1_or_dsc: 0.8574376187172075, accuracy: 0.9354279395377282,                 specificity: 0.9797243610561505, sensitivity: 0.7977455607396697, confusion_matrix: [[39251184   812313]
 [ 2606977 10282614]]
2026-09-14 15:45:21 - train gamma: g2=0.103 g3=0.098 g4=0.093 g5=0.071
2026-09-14 15:45:23 - train: epoch 21, iter:0, loss: 0.9187, lr: 0.0009891830623632338
2026-09-14 15:45:28 - train: epoch 21, iter:20, loss: 0.7862, lr: 0.0009891830623632338
2026-09-14 15:45:52 - val epoch: 21, loss: 0.9890
2026-09-14 15:45:52 - train gamma: g2=0.103 g3=0.099 g4=0.091 g5=0.061
2026-09-14 15:45:54 - train: epoch 22, iter:0, loss: 0.8631, lr: 0.00098807879715968
2026-09-14 15:45:59 - train: epoch 22, iter:20, loss: 0.7984, lr: 0.00098807879715968
2026-09-14 15:46:22 - val epoch: 22, loss: 1.0208
2026-09-14 15:46:22 - train gamma: g2=0.103 g3=0.099 g4=0.090 g5=0.063
2026-09-14 15:46:24 - train: epoch 23, iter:0, loss: 0.6422, lr: 0.0009869215569222143
2026-09-14 15:46:29 - train: epoch 23, iter:20, loss: 0.7522, lr: 0.0009869215569222143
2026-09-14 15:46:54 - val epoch: 23, loss: 1.0608
2026-09-14 15:46:54 - train gamma: g2=0.103 g3=0.100 g4=0.091 g5=0.062
2026-09-14 15:46:56 - train: epoch 24, iter:0, loss: 0.6624, lr: 0.0009857114685552697
2026-09-14 15:47:01 - train: epoch 24, iter:20, loss: 0.8066, lr: 0.0009857114685552697
2026-09-14 15:47:22 - val epoch: 24, loss: 1.0815
2026-09-14 15:47:22 - train gamma: g2=0.103 g3=0.099 g4=0.088 g5=0.063
2026-09-14 15:47:24 - train: epoch 25, iter:0, loss: 0.6206, lr: 0.0009844486647586721
2026-09-14 15:47:30 - train: epoch 25, iter:20, loss: 0.7410, lr: 0.0009844486647586721
2026-09-14 15:47:55 - val epoch: 25, loss: 1.0127
2026-09-14 15:47:55 - train gamma: g2=0.103 g3=0.099 g4=0.086 g5=0.050
2026-09-14 15:47:57 - train: epoch 26, iter:0, loss: 0.8120, lr: 0.0009831332840130884
2026-09-14 15:48:03 - train: epoch 26, iter:20, loss: 0.8117, lr: 0.0009831332840130884
2026-09-14 15:48:24 - val epoch: 26, loss: 1.0280
2026-09-14 15:48:24 - train gamma: g2=0.103 g3=0.099 g4=0.086 g5=0.056
2026-09-14 15:48:26 - train: epoch 27, iter:0, loss: 0.7399, lr: 0.0009817654705648405
2026-09-14 15:48:32 - train: epoch 27, iter:20, loss: 0.7497, lr: 0.0009817654705648405
2026-09-14 15:48:56 - val epoch: 27, loss: 1.0790
2026-09-14 15:48:56 - train gamma: g2=0.104 g3=0.099 g4=0.086 g5=0.058
2026-09-14 15:48:59 - train: epoch 28, iter:0, loss: 0.7375, lr: 0.0009803453744100864
2026-09-14 15:49:04 - train: epoch 28, iter:20, loss: 0.7558, lr: 0.0009803453744100864
2026-09-14 15:49:26 - val epoch: 28, loss: 0.9483
2026-09-14 15:49:26 - train gamma: g2=0.104 g3=0.099 g4=0.084 g5=0.049
2026-09-14 15:49:28 - train: epoch 29, iter:0, loss: 1.0008, lr: 0.0009788731512783728
2026-09-14 15:49:33 - train: epoch 29, iter:20, loss: 0.7606, lr: 0.0009788731512783728
2026-09-14 15:49:58 - val epoch: 29, loss: 0.9534
2026-09-14 15:49:58 - train gamma: g2=0.104 g3=0.098 g4=0.083 g5=0.055
2026-09-14 15:50:00 - train: epoch 30, iter:0, loss: 0.8540, lr: 0.0009773489626155566
2026-09-14 15:50:06 - train: epoch 30, iter:20, loss: 0.7730, lr: 0.0009773489626155566
2026-09-14 15:50:30 - val epoch: 30, loss: 0.9486, miou: 0.7641615745156911, f1_or_dsc: 0.8663169922238825, accuracy: 0.9377529219825669,                 specificity: 0.9728725378116643, sensitivity: 0.8285939406455953, confusion_matrix: [[38976676  1086821]
 [ 2209354 10680237]]
2026-09-14 15:50:30 - train gamma: g2=0.104 g3=0.098 g4=0.081 g5=0.053
2026-09-14 15:50:32 - train: epoch 31, iter:0, loss: 0.7038, lr: 0.0009757729755661006
2026-09-14 15:50:37 - train: epoch 31, iter:20, loss: 0.7085, lr: 0.0009757729755661006
2026-09-14 15:51:02 - val epoch: 31, loss: 0.9089
2026-09-14 15:51:02 - train gamma: g2=0.104 g3=0.098 g4=0.079 g5=0.048
2026-09-14 15:51:04 - train: epoch 32, iter:0, loss: 0.6366, lr: 0.0009741453629547445
2026-09-14 15:51:10 - train: epoch 32, iter:20, loss: 0.7054, lr: 0.0009741453629547445
2026-09-14 15:51:32 - val epoch: 32, loss: 1.0070
2026-09-14 15:51:32 - train gamma: g2=0.104 g3=0.100 g4=0.082 g5=0.053
2026-09-14 15:51:35 - train: epoch 33, iter:0, loss: 0.6346, lr: 0.0009724663032675527
2026-09-14 15:51:40 - train: epoch 33, iter:20, loss: 0.7295, lr: 0.0009724663032675527
2026-09-14 15:52:03 - val epoch: 33, loss: 1.1254
2026-09-14 15:52:03 - train gamma: g2=0.104 g3=0.100 g4=0.079 g5=0.052
2026-09-14 15:52:05 - train: epoch 34, iter:0, loss: 0.5332, lr: 0.0009707359806323412
2026-09-14 15:52:10 - train: epoch 34, iter:20, loss: 0.6964, lr: 0.0009707359806323412
2026-09-14 15:52:35 - val epoch: 34, loss: 0.8856
2026-09-14 15:52:35 - train gamma: g2=0.104 g3=0.101 g4=0.078 g5=0.050
2026-09-14 15:52:37 - train: epoch 35, iter:0, loss: 0.5971, lr: 0.0009689545847984858
2026-09-14 15:52:43 - train: epoch 35, iter:20, loss: 0.6970, lr: 0.0009689545847984858
2026-09-14 15:53:05 - val epoch: 35, loss: 0.9578
2026-09-14 15:53:05 - train gamma: g2=0.104 g3=0.100 g4=0.078 g5=0.047
2026-09-14 15:53:07 - train: epoch 36, iter:0, loss: 0.7814, lr: 0.0009671223111161144
2026-09-14 15:53:12 - train: epoch 36, iter:20, loss: 0.6947, lr: 0.0009671223111161144
2026-09-14 15:53:37 - val epoch: 36, loss: 0.9137
2026-09-14 15:53:37 - train gamma: g2=0.104 g3=0.100 g4=0.079 g5=0.045
2026-09-14 15:53:39 - train: epoch 37, iter:0, loss: 0.7699, lr: 0.000965239360514684
2026-09-14 15:53:45 - train: epoch 37, iter:20, loss: 0.7024, lr: 0.000965239360514684
2026-09-14 15:54:06 - val epoch: 37, loss: 1.0756
2026-09-14 15:54:06 - train gamma: g2=0.104 g3=0.098 g4=0.080 g5=0.045
2026-09-14 15:54:08 - train: epoch 38, iter:0, loss: 0.8318, lr: 0.000963305939480947
2026-09-14 15:54:14 - train: epoch 38, iter:20, loss: 0.8045, lr: 0.000963305939480947
2026-09-14 15:54:39 - val epoch: 38, loss: 0.8775
2026-09-14 15:54:39 - train gamma: g2=0.104 g3=0.098 g4=0.079 g5=0.040
2026-09-14 15:54:41 - train: epoch 39, iter:0, loss: 0.6292, lr: 0.0009613222600363074
2026-09-14 15:54:47 - train: epoch 39, iter:20, loss: 0.6931, lr: 0.0009613222600363074
2026-09-14 15:55:08 - val epoch: 39, loss: 0.8877
2026-09-14 15:55:08 - train gamma: g2=0.104 g3=0.100 g4=0.075 g5=0.041
2026-09-14 15:55:10 - train: epoch 40, iter:0, loss: 0.7029, lr: 0.0009592885397135703
2026-09-14 15:55:16 - train: epoch 40, iter:20, loss: 0.6610, lr: 0.0009592885397135703
2026-09-14 15:55:44 - val epoch: 40, loss: 0.9595, miou: 0.7622312822837729, f1_or_dsc: 0.8650751918283454, accuracy: 0.9380091110078415,                 specificity: 0.9771288063046518, sensitivity: 0.8164170608671757, confusion_matrix: [[39147197   916300]
 [ 2366309 10523282]]
2026-09-14 15:55:44 - train gamma: g2=0.104 g3=0.101 g4=0.075 g5=0.045
2026-09-14 15:55:46 - train: epoch 41, iter:0, loss: 0.8728, lr: 0.0009572050015330871
2026-09-14 15:55:52 - train: epoch 41, iter:20, loss: 0.6572, lr: 0.0009572050015330871
2026-09-14 15:56:13 - val epoch: 41, loss: 0.9164
2026-09-14 15:56:13 - train gamma: g2=0.104 g3=0.099 g4=0.076 g5=0.043
2026-09-14 15:56:15 - train: epoch 42, iter:0, loss: 0.5578, lr: 0.0009550718739782986
2026-09-14 15:56:21 - train: epoch 42, iter:20, loss: 0.6891, lr: 0.0009550718739782986
2026-09-14 15:56:46 - val epoch: 42, loss: 0.9807
2026-09-14 15:56:46 - train gamma: g2=0.104 g3=0.101 g4=0.077 g5=0.041
2026-09-14 15:56:48 - train: epoch 43, iter:0, loss: 0.5939, lr: 0.0009528893909706794
2026-09-14 15:56:53 - train: epoch 43, iter:20, loss: 0.6557, lr: 0.0009528893909706794
2026-09-14 15:57:15 - val epoch: 43, loss: 0.9109
2026-09-14 15:57:15 - train gamma: g2=0.105 g3=0.099 g4=0.073 g5=0.039
2026-09-14 15:57:17 - train: epoch 44, iter:0, loss: 0.7109, lr: 0.0009506577918440856
2026-09-14 15:57:23 - train: epoch 44, iter:20, loss: 0.6985, lr: 0.0009506577918440856
2026-09-14 15:57:47 - val epoch: 44, loss: 0.9089
2026-09-14 15:57:47 - train gamma: g2=0.105 g3=0.100 g4=0.070 g5=0.034
2026-09-14 15:57:49 - train: epoch 45, iter:0, loss: 0.7258, lr: 0.000948377321318509
2026-09-14 15:57:55 - train: epoch 45, iter:20, loss: 0.6830, lr: 0.000948377321318509
2026-09-14 15:58:18 - val epoch: 45, loss: 0.8795
2026-09-14 15:58:18 - train gamma: g2=0.105 g3=0.100 g4=0.074 g5=0.036
2026-09-14 15:58:19 - train: epoch 46, iter:0, loss: 0.6004, lr: 0.0009460482294732416
2026-09-14 15:58:25 - train: epoch 46, iter:20, loss: 0.6843, lr: 0.0009460482294732416
2026-09-14 15:58:48 - val epoch: 46, loss: 0.8920
2026-09-14 15:58:48 - train gamma: g2=0.105 g3=0.101 g4=0.074 g5=0.038
2026-09-14 15:58:50 - train: epoch 47, iter:0, loss: 0.6317, lr: 0.0009436707717194508
2026-09-14 15:58:56 - train: epoch 47, iter:20, loss: 0.6268, lr: 0.0009436707717194508
2026-09-14 15:59:20 - val epoch: 47, loss: 0.9109
2026-09-14 15:59:20 - train gamma: g2=0.105 g3=0.100 g4=0.076 g5=0.040
2026-09-14 15:59:22 - train: epoch 48, iter:0, loss: 0.6677, lr: 0.0009412452087721706
2026-09-14 15:59:27 - train: epoch 48, iter:20, loss: 0.6463, lr: 0.0009412452087721706
2026-09-14 15:59:50 - val epoch: 48, loss: 0.9112
2026-09-14 15:59:50 - train gamma: g2=0.105 g3=0.102 g4=0.073 g5=0.034
2026-09-14 15:59:52 - train: epoch 49, iter:0, loss: 0.6722, lr: 0.000938771806621712
2026-09-14 15:59:58 - train: epoch 49, iter:20, loss: 0.6468, lr: 0.000938771806621712
2026-09-14 16:00:22 - val epoch: 49, loss: 0.9789
2026-09-14 16:00:22 - train gamma: g2=0.105 g3=0.103 g4=0.074 g5=0.040
2026-09-14 16:00:24 - train: epoch 50, iter:0, loss: 0.5874, lr: 0.0009362508365044934
2026-09-14 16:00:29 - train: epoch 50, iter:20, loss: 0.6736, lr: 0.0009362508365044934
2026-09-14 16:00:54 - val epoch: 50, loss: 0.8846, miou: 0.7828998984460168, f1_or_dsc: 0.8782320298838939, accuracy: 0.9424185422387453,                 specificity: 0.9711668704307065, sensitivity: 0.8530628318617712, confusion_matrix: [[38908341  1155156]
 [ 1893960 10995631]]
2026-09-14 16:00:54 - train gamma: g2=0.105 g3=0.102 g4=0.073 g5=0.041
2026-09-14 16:00:56 - train: epoch 51, iter:0, loss: 0.5005, lr: 0.0009336825748732968
2026-09-14 16:01:01 - train: epoch 51, iter:20, loss: 0.6368, lr: 0.0009336825748732968
2026-09-14 16:01:26 - val epoch: 51, loss: 0.8519
2026-09-14 16:01:26 - train gamma: g2=0.105 g3=0.101 g4=0.074 g5=0.032
2026-09-14 16:01:28 - train: epoch 52, iter:0, loss: 0.6282, lr: 0.0009310673033669517
2026-09-14 16:01:34 - train: epoch 52, iter:20, loss: 0.6579, lr: 0.0009310673033669517
2026-09-14 16:01:55 - val epoch: 52, loss: 0.9114
2026-09-14 16:01:55 - train gamma: g2=0.105 g3=0.104 g4=0.070 g5=0.033
2026-09-14 16:01:57 - train: epoch 53, iter:0, loss: 0.7626, lr: 0.0009284053087794505
2026-09-14 16:02:03 - train: epoch 53, iter:20, loss: 0.6602, lr: 0.0009284053087794505
2026-09-14 16:02:28 - val epoch: 53, loss: 0.9294
2026-09-14 16:02:28 - train gamma: g2=0.105 g3=0.103 g4=0.071 g5=0.036
2026-09-14 16:02:30 - train: epoch 54, iter:0, loss: 0.5849, lr: 0.0009256968830284974
2026-09-14 16:02:36 - train: epoch 54, iter:20, loss: 0.6456, lr: 0.0009256968830284974
2026-09-14 16:02:57 - val epoch: 54, loss: 0.9279
2026-09-14 16:02:57 - train gamma: g2=0.105 g3=0.102 g4=0.073 g5=0.036
2026-09-14 16:02:59 - train: epoch 55, iter:0, loss: 0.5297, lr: 0.0009229423231234972
2026-09-14 16:03:05 - train: epoch 55, iter:20, loss: 0.6341, lr: 0.0009229423231234972
2026-09-14 16:03:29 - val epoch: 55, loss: 0.8536
2026-09-14 16:03:29 - train gamma: g2=0.105 g3=0.103 g4=0.073 g5=0.035
2026-09-14 16:03:31 - train: epoch 56, iter:0, loss: 0.6485, lr: 0.0009201419311329846
2026-09-14 16:03:37 - train: epoch 56, iter:20, loss: 0.6323, lr: 0.0009201419311329846
2026-09-14 16:03:58 - val epoch: 56, loss: 0.8875
2026-09-14 16:03:58 - train gamma: g2=0.105 g3=0.105 g4=0.075 g5=0.033
2026-09-14 16:04:00 - train: epoch 57, iter:0, loss: 0.9598, lr: 0.0009172960141514989
2026-09-14 16:04:06 - train: epoch 57, iter:20, loss: 0.6196, lr: 0.0009172960141514989
2026-09-14 16:04:30 - val epoch: 57, loss: 0.8521
2026-09-14 16:04:30 - train gamma: g2=0.105 g3=0.100 g4=0.073 g5=0.032
2026-09-14 16:04:33 - train: epoch 58, iter:0, loss: 0.6341, lr: 0.0009144048842659077
2026-09-14 16:04:38 - train: epoch 58, iter:20, loss: 0.6226, lr: 0.0009144048842659077
2026-09-14 16:05:00 - val epoch: 58, loss: 0.8411
2026-09-14 16:05:00 - train gamma: g2=0.106 g3=0.102 g4=0.075 g5=0.033
2026-09-14 16:05:02 - train: epoch 59, iter:0, loss: 0.5393, lr: 0.0009114688585211832
2026-09-14 16:05:08 - train: epoch 59, iter:20, loss: 0.6271, lr: 0.0009114688585211832
2026-09-14 16:05:32 - val epoch: 59, loss: 0.8718
2026-09-14 16:05:32 - train gamma: g2=0.106 g3=0.105 g4=0.072 g5=0.034
2026-09-14 16:05:34 - train: epoch 60, iter:0, loss: 0.5966, lr: 0.0009084882588856339
2026-09-14 16:05:40 - train: epoch 60, iter:20, loss: 0.6317, lr: 0.0009084882588856339
2026-09-14 16:06:05 - val epoch: 60, loss: 0.8427, miou: 0.7842482241195723, f1_or_dsc: 0.8790797306317123, accuracy: 0.9403959217638073,                 specificity: 0.9565851677900209, sensitivity: 0.8900764190267946, confusion_matrix: [[38324147  1739350]
 [ 1416870 11472721]]
2026-09-14 16:06:05 - train gamma: g2=0.106 g3=0.105 g4=0.073 g5=0.033
2026-09-14 16:06:07 - train: epoch 61, iter:0, loss: 0.7088, lr: 0.0009054634122155986
2026-09-14 16:06:13 - train: epoch 61, iter:20, loss: 0.6174, lr: 0.0009054634122155986
2026-09-14 16:06:35 - val epoch: 61, loss: 0.9288
2026-09-14 16:06:35 - train gamma: g2=0.106 g3=0.103 g4=0.072 g5=0.032
2026-09-14 16:06:37 - train: epoch 62, iter:0, loss: 0.6974, lr: 0.0009023946502196013
2026-09-14 16:06:43 - train: epoch 62, iter:20, loss: 0.6371, lr: 0.0009023946502196013
2026-09-14 16:07:06 - val epoch: 62, loss: 0.9499
2026-09-14 16:07:06 - train gamma: g2=0.106 g3=0.103 g4=0.073 g5=0.035
2026-09-14 16:07:08 - train: epoch 63, iter:0, loss: 0.8017, lr: 0.0008992823094219767
2026-09-14 16:07:14 - train: epoch 63, iter:20, loss: 0.6282, lr: 0.0008992823094219767
2026-09-14 16:07:35 - val epoch: 63, loss: 0.8754
2026-09-14 16:07:35 - train gamma: g2=0.106 g3=0.105 g4=0.073 g5=0.034
2026-09-14 16:07:37 - train: epoch 64, iter:0, loss: 0.5133, lr: 0.0008961267311259662
2026-09-14 16:07:43 - train: epoch 64, iter:20, loss: 0.6052, lr: 0.0008961267311259662
2026-09-14 16:08:08 - val epoch: 64, loss: 0.8622
2026-09-14 16:08:08 - train gamma: g2=0.106 g3=0.100 g4=0.073 g5=0.033
2026-09-14 16:08:10 - train: epoch 65, iter:0, loss: 0.4948, lr: 0.0008929282613762903
2026-09-14 16:08:15 - train: epoch 65, iter:20, loss: 0.6292, lr: 0.0008929282613762903
2026-09-14 16:08:36 - val epoch: 65, loss: 0.8267
2026-09-14 16:08:36 - train gamma: g2=0.106 g3=0.104 g4=0.070 g5=0.029
2026-09-14 16:08:38 - train: epoch 66, iter:0, loss: 0.5067, lr: 0.0008896872509212002
2026-09-14 16:08:44 - train: epoch 66, iter:20, loss: 0.6090, lr: 0.0008896872509212002
2026-09-14 16:09:09 - val epoch: 66, loss: 0.8411
2026-09-14 16:09:09 - train gamma: g2=0.106 g3=0.102 g4=0.071 g5=0.030
2026-09-14 16:09:11 - train: epoch 67, iter:0, loss: 0.6067, lr: 0.0008864040551740152
2026-09-14 16:09:17 - train: epoch 67, iter:20, loss: 0.5663, lr: 0.0008864040551740152
2026-09-14 16:09:38 - val epoch: 67, loss: 0.8778
2026-09-14 16:09:38 - train gamma: g2=0.106 g3=0.100 g4=0.070 g5=0.030
2026-09-14 16:09:39 - train: epoch 68, iter:0, loss: 0.6360, lr: 0.0008830790341741476
2026-09-14 16:09:45 - train: epoch 68, iter:20, loss: 0.6189, lr: 0.0008830790341741476
2026-09-14 16:10:10 - val epoch: 68, loss: 1.1142
2026-09-14 16:10:10 - train gamma: g2=0.106 g3=0.099 g4=0.072 g5=0.034
2026-09-14 16:10:12 - train: epoch 69, iter:0, loss: 0.6983, lr: 0.000879712552547619
2026-09-14 16:10:18 - train: epoch 69, iter:20, loss: 0.6047, lr: 0.000879712552547619
2026-09-14 16:10:39 - val epoch: 69, loss: 0.8101
2026-09-14 16:10:39 - train gamma: g2=0.106 g3=0.101 g4=0.069 g5=0.029
2026-09-14 16:10:41 - train: epoch 70, iter:0, loss: 0.5321, lr: 0.0008763049794670771
2026-09-14 16:10:47 - train: epoch 70, iter:20, loss: 0.5977, lr: 0.0008763049794670771
2026-09-14 16:11:13 - val epoch: 70, loss: 0.8328, miou: 0.7899744693997822, f1_or_dsc: 0.8826656278116392, accuracy: 0.9437699648413328,                 specificity: 0.9678631648155926, sensitivity: 0.8688833493630636, confusion_matrix: [[38775983  1287514]
 [ 1690040 11199551]]
2026-09-14 16:11:13 - train gamma: g2=0.106 g3=0.103 g4=0.070 g5=0.034
2026-09-14 16:11:16 - train: epoch 71, iter:0, loss: 0.6431, lr: 0.0008728566886113098
2026-09-14 16:11:21 - train: epoch 71, iter:20, loss: 0.6081, lr: 0.0008728566886113098
2026-09-14 16:11:43 - val epoch: 71, loss: 0.8197
2026-09-14 16:11:43 - train gamma: g2=0.106 g3=0.099 g4=0.069 g5=0.029
2026-09-14 16:11:45 - train: epoch 72, iter:0, loss: 0.6582, lr: 0.000869368058124268
2026-09-14 16:11:51 - train: epoch 72, iter:20, loss: 0.5836, lr: 0.000869368058124268
2026-09-14 16:12:14 - val epoch: 72, loss: 0.8715
2026-09-14 16:12:14 - train gamma: g2=0.106 g3=0.099 g4=0.070 g5=0.031
2026-09-14 16:12:16 - train: epoch 73, iter:0, loss: 0.6409, lr: 0.0008658394705735983
2026-09-14 16:12:22 - train: epoch 73, iter:20, loss: 0.6164, lr: 0.0008658394705735983
2026-09-14 16:12:45 - val epoch: 73, loss: 0.8596
2026-09-14 16:12:45 - train gamma: g2=0.106 g3=0.100 g4=0.070 g5=0.032
2026-09-14 16:12:47 - train: epoch 74, iter:0, loss: 0.4988, lr: 0.0008622713129086888
2026-09-14 16:12:52 - train: epoch 74, iter:20, loss: 0.6095, lr: 0.0008622713129086888
2026-09-14 16:13:15 - val epoch: 74, loss: 0.8293
2026-09-14 16:13:15 - train gamma: g2=0.106 g3=0.100 g4=0.071 g5=0.034
2026-09-14 16:13:17 - train: epoch 75, iter:0, loss: 0.7133, lr: 0.0008586639764182372
2026-09-14 16:13:22 - train: epoch 75, iter:20, loss: 0.5887, lr: 0.0008586639764182372
2026-09-14 16:13:46 - val epoch: 75, loss: 0.9052
2026-09-14 16:13:46 - train gamma: g2=0.106 g3=0.108 g4=0.074 g5=0.030
2026-09-14 16:13:48 - train: epoch 76, iter:0, loss: 0.9069, lr: 0.0008550178566873405
2026-09-14 16:13:54 - train: epoch 76, iter:20, loss: 0.6086, lr: 0.0008550178566873405
2026-09-14 16:14:16 - val epoch: 76, loss: 0.8318
2026-09-14 16:14:16 - train gamma: g2=0.107 g3=0.103 g4=0.073 g5=0.032
2026-09-14 16:14:18 - train: epoch 77, iter:0, loss: 0.5967, lr: 0.0008513333535541156
2026-09-14 16:14:24 - train: epoch 77, iter:20, loss: 0.5794, lr: 0.0008513333535541156
2026-09-14 16:14:48 - val epoch: 77, loss: 0.8245
2026-09-14 16:14:48 - train gamma: g2=0.107 g3=0.108 g4=0.072 g5=0.029
2026-09-14 16:14:50 - train: epoch 78, iter:0, loss: 0.6623, lr: 0.0008476108710658509
2026-09-14 16:14:55 - train: epoch 78, iter:20, loss: 0.5920, lr: 0.0008476108710658509
2026-09-14 16:15:17 - val epoch: 78, loss: 0.8169
2026-09-14 16:15:17 - train gamma: g2=0.107 g3=0.109 g4=0.071 g5=0.029
2026-09-14 16:15:19 - train: epoch 79, iter:0, loss: 0.5771, lr: 0.0008438508174347005
2026-09-14 16:15:25 - train: epoch 79, iter:20, loss: 0.5875, lr: 0.0008438508174347005
2026-09-14 16:15:50 - val epoch: 79, loss: 0.8560
2026-09-14 16:15:50 - train gamma: g2=0.107 g3=0.102 g4=0.070 g5=0.027
2026-09-14 16:15:52 - train: epoch 80, iter:0, loss: 0.6185, lr: 0.0008400536049929166
2026-09-14 16:15:58 - train: epoch 80, iter:20, loss: 0.5946, lr: 0.0008400536049929166
2026-09-14 16:16:22 - val epoch: 80, loss: 0.8117, miou: 0.791864038468009, f1_or_dsc: 0.8838438871121377, accuracy: 0.9431099089065401,                 specificity: 0.9604590183428072, sensitivity: 0.8891853123966462, confusion_matrix: [[38479347  1584150]
 [ 1428356 11461235]]
2026-09-14 16:16:22 - train gamma: g2=0.107 g3=0.104 g4=0.071 g5=0.029
2026-09-14 16:16:24 - train: epoch 81, iter:0, loss: 0.6092, lr: 0.0008362196501476343
2026-09-14 16:16:30 - train: epoch 81, iter:20, loss: 0.5675, lr: 0.0008362196501476343
2026-09-14 16:16:55 - val epoch: 81, loss: 0.8620
2026-09-14 16:16:55 - train gamma: g2=0.107 g3=0.102 g4=0.070 g5=0.031
2026-09-14 16:16:57 - train: epoch 82, iter:0, loss: 0.5881, lr: 0.0008323493733352072
2026-09-14 16:17:02 - train: epoch 82, iter:20, loss: 0.5770, lr: 0.0008323493733352072
2026-09-14 16:17:28 - val epoch: 82, loss: 0.8300
2026-09-14 16:17:28 - train gamma: g2=0.107 g3=0.105 g4=0.070 g5=0.027
2026-09-14 16:17:30 - train: epoch 83, iter:0, loss: 0.6202, lr: 0.0008284431989751018
2026-09-14 16:17:35 - train: epoch 83, iter:20, loss: 0.5682, lr: 0.0008284431989751018
2026-09-14 16:17:57 - val epoch: 83, loss: 0.8556
2026-09-14 16:17:57 - train gamma: g2=0.107 g3=0.102 g4=0.069 g5=0.030
2026-09-14 16:17:59 - train: epoch 84, iter:0, loss: 0.6203, lr: 0.000824501555423355
2026-09-14 16:18:04 - train: epoch 84, iter:20, loss: 0.5896, lr: 0.000824501555423355
2026-09-14 16:18:29 - val epoch: 84, loss: 0.7964
2026-09-14 16:18:29 - train gamma: g2=0.107 g3=0.102 g4=0.069 g5=0.030
2026-09-14 16:18:31 - train: epoch 85, iter:0, loss: 0.4739, lr: 0.0008205248749256009
2026-09-14 16:18:37 - train: epoch 85, iter:20, loss: 0.5897, lr: 0.0008205248749256009
2026-09-14 16:18:58 - val epoch: 85, loss: 0.8349
2026-09-14 16:18:58 - train gamma: g2=0.107 g3=0.102 g4=0.071 g5=0.034
2026-09-14 16:19:00 - train: epoch 86, iter:0, loss: 0.7257, lr: 0.000816513593569669
2026-09-14 16:19:06 - train: epoch 86, iter:20, loss: 0.5721, lr: 0.000816513593569669
2026-09-14 16:19:30 - val epoch: 86, loss: 0.8489
2026-09-14 16:19:30 - train gamma: g2=0.107 g3=0.107 g4=0.069 g5=0.033
2026-09-14 16:19:33 - train: epoch 87, iter:0, loss: 0.5351, lr: 0.0008124681512377632
2026-09-14 16:19:38 - train: epoch 87, iter:20, loss: 0.5636, lr: 0.0008124681512377632
2026-09-14 16:20:01 - val epoch: 87, loss: 0.8580
2026-09-14 16:20:01 - train gamma: g2=0.107 g3=0.106 g4=0.070 g5=0.034
2026-09-14 16:20:02 - train: epoch 88, iter:0, loss: 0.4551, lr: 0.000808388991558223
2026-09-14 16:20:08 - train: epoch 88, iter:20, loss: 0.5695, lr: 0.000808388991558223
2026-09-14 16:20:31 - val epoch: 88, loss: 0.8042
2026-09-14 16:20:31 - train gamma: g2=0.107 g3=0.104 g4=0.071 g5=0.031
2026-09-14 16:20:33 - train: epoch 89, iter:0, loss: 0.5602, lr: 0.0008042765618568752
2026-09-14 16:20:39 - train: epoch 89, iter:20, loss: 0.5851, lr: 0.0008042765618568752
2026-09-14 16:21:02 - val epoch: 89, loss: 0.8066
2026-09-14 16:21:02 - train gamma: g2=0.107 g3=0.104 g4=0.068 g5=0.031
2026-09-14 16:21:04 - train: epoch 90, iter:0, loss: 0.5469, lr: 0.0008001313131079794
2026-09-14 16:21:09 - train: epoch 90, iter:20, loss: 0.5713, lr: 0.0008001313131079794
2026-09-14 16:21:35 - val epoch: 90, loss: 0.8342, miou: 0.7889937060020901, f1_or_dsc: 0.8820530819700585, accuracy: 0.943354597186098,                 specificity: 0.9669061090698099, sensitivity: 0.8701516595833025, confusion_matrix: [[38737640  1325857]
 [ 1673692 11215899]]
2026-09-14 16:21:35 - train gamma: g2=0.107 g3=0.109 g4=0.070 g5=0.031
2026-09-14 16:21:37 - train: epoch 91, iter:0, loss: 0.4749, lr: 0.0007959536998847737
2026-09-14 16:21:42 - train: epoch 91, iter:20, loss: 0.5841, lr: 0.0007959536998847737
2026-09-14 16:22:06 - val epoch: 91, loss: 0.8135
2026-09-14 16:22:06 - train gamma: g2=0.107 g3=0.099 g4=0.070 g5=0.032
2026-09-14 16:22:08 - train: epoch 92, iter:0, loss: 0.5557, lr: 0.0007917441803096255
2026-09-14 16:22:13 - train: epoch 92, iter:20, loss: 0.5870, lr: 0.0007917441803096255
2026-09-14 16:22:35 - val epoch: 92, loss: 0.8309
2026-09-14 16:22:35 - train gamma: g2=0.107 g3=0.104 g4=0.068 g5=0.031
2026-09-14 16:22:37 - train: epoch 93, iter:0, loss: 0.5601, lr: 0.0007875032160037932
2026-09-14 16:22:43 - train: epoch 93, iter:20, loss: 0.5796, lr: 0.0007875032160037932
2026-09-14 16:23:07 - val epoch: 93, loss: 0.9077
2026-09-14 16:23:07 - train gamma: g2=0.107 g3=0.106 g4=0.069 g5=0.030
2026-09-14 16:23:09 - train: epoch 94, iter:0, loss: 0.6747, lr: 0.0007832312720368042
2026-09-14 16:23:15 - train: epoch 94, iter:20, loss: 0.5580, lr: 0.0007832312720368042
2026-09-14 16:23:36 - val epoch: 94, loss: 0.8257
2026-09-14 16:23:36 - train gamma: g2=0.107 g3=0.101 g4=0.069 g5=0.031
2026-09-14 16:23:38 - train: epoch 95, iter:0, loss: 0.6443, lr: 0.0007789288168754548
2026-09-14 16:23:44 - train: epoch 95, iter:20, loss: 0.5714, lr: 0.0007789288168754548
2026-09-14 16:24:09 - val epoch: 95, loss: 0.8161
2026-09-14 16:24:09 - train gamma: g2=0.107 g3=0.104 g4=0.068 g5=0.027
2026-09-14 16:24:11 - train: epoch 96, iter:0, loss: 0.4714, lr: 0.0007745963223324379
2026-09-14 16:24:17 - train: epoch 96, iter:20, loss: 0.5565, lr: 0.0007745963223324379
2026-09-14 16:24:38 - val epoch: 96, loss: 0.7688
2026-09-14 16:24:38 - train gamma: g2=0.108 g3=0.103 g4=0.068 g5=0.029
2026-09-14 16:24:40 - train: epoch 97, iter:0, loss: 0.5150, lr: 0.0007702342635146028
2026-09-14 16:24:46 - train: epoch 97, iter:20, loss: 0.5753, lr: 0.0007702342635146028
2026-09-14 16:25:11 - val epoch: 97, loss: 0.7666
2026-09-14 16:25:11 - train gamma: g2=0.107 g3=0.101 g4=0.069 g5=0.031
2026-09-14 16:25:13 - train: epoch 98, iter:0, loss: 0.5395, lr: 0.000765843118770855
2026-09-14 16:25:19 - train: epoch 98, iter:20, loss: 0.5560, lr: 0.000765843118770855
2026-09-14 16:25:40 - val epoch: 98, loss: 0.8054
2026-09-14 16:25:40 - train gamma: g2=0.108 g3=0.103 g4=0.069 g5=0.033
2026-09-14 16:25:43 - train: epoch 99, iter:0, loss: 0.5617, lr: 0.0007614233696396991
2026-09-14 16:25:48 - train: epoch 99, iter:20, loss: 0.5727, lr: 0.0007614233696396991
2026-09-14 16:26:13 - val epoch: 99, loss: 0.7811
2026-09-14 16:26:13 - train gamma: g2=0.108 g3=0.105 g4=0.070 g5=0.031
2026-09-14 16:26:15 - train: epoch 100, iter:0, loss: 0.4422, lr: 0.0007569755007964334
2026-09-14 16:26:21 - train: epoch 100, iter:20, loss: 0.5338, lr: 0.0007569755007964334
2026-09-14 16:26:46 - val epoch: 100, loss: 0.8745, miou: 0.7839415456651088, f1_or_dsc: 0.8788870325600618, accuracy: 0.9437753658483524,                 specificity: 0.977777077223189, sensitivity: 0.8380910612291732, confusion_matrix: [[39173169   890328]
 [ 2086940 10802651]]
2026-09-14 16:26:46 - train gamma: g2=0.108 g3=0.101 g4=0.072 g5=0.029
2026-09-14 16:26:48 - train: epoch 101, iter:0, loss: 0.4754, lr: 0.0007524999999999996
2026-09-14 16:26:53 - train: epoch 101, iter:20, loss: 0.5410, lr: 0.0007524999999999996
2026-09-14 16:27:18 - val epoch: 101, loss: 0.8620
2026-09-14 16:27:18 - train gamma: g2=0.108 g3=0.110 g4=0.072 g5=0.031
2026-09-14 16:27:20 - train: epoch 102, iter:0, loss: 0.5587, lr: 0.0007479973580394943
2026-09-14 16:27:26 - train: epoch 102, iter:20, loss: 0.5556, lr: 0.0007479973580394943
2026-09-14 16:27:48 - val epoch: 102, loss: 0.9123
2026-09-14 16:27:48 - train gamma: g2=0.108 g3=0.109 g4=0.071 g5=0.029
2026-09-14 16:27:50 - train: epoch 103, iter:0, loss: 0.6006, lr: 0.0007434680686803487
2026-09-14 16:27:55 - train: epoch 103, iter:20, loss: 0.5820, lr: 0.0007434680686803487
2026-09-14 16:28:18 - val epoch: 103, loss: 0.8105
2026-09-14 16:28:18 - train gamma: g2=0.108 g3=0.103 g4=0.070 g5=0.031
2026-09-14 16:28:21 - train: epoch 104, iter:0, loss: 0.4663, lr: 0.0007389126286101815
2026-09-14 16:28:26 - train: epoch 104, iter:20, loss: 0.5555, lr: 0.0007389126286101815
2026-09-14 16:28:50 - val epoch: 104, loss: 0.8472
2026-09-14 16:28:50 - train gamma: g2=0.108 g3=0.099 g4=0.073 g5=0.031
2026-09-14 16:28:52 - train: epoch 105, iter:0, loss: 0.6210, lr: 0.0007343315373843313
2026-09-14 16:28:57 - train: epoch 105, iter:20, loss: 0.6057, lr: 0.0007343315373843313
2026-09-14 16:29:19 - val epoch: 105, loss: 0.8888
2026-09-14 16:29:19 - train gamma: g2=0.108 g3=0.104 g4=0.071 g5=0.030
2026-09-14 16:29:21 - train: epoch 106, iter:0, loss: 0.4416, lr: 0.0007297252973710753
2026-09-14 16:29:27 - train: epoch 106, iter:20, loss: 0.5715, lr: 0.0007297252973710753
2026-09-14 16:29:52 - val epoch: 106, loss: 0.8015
2026-09-14 16:29:52 - train gamma: g2=0.108 g3=0.101 g4=0.071 g5=0.028
2026-09-14 16:29:53 - train: epoch 107, iter:0, loss: 0.5369, lr: 0.0007250944136965387
2026-09-14 16:29:59 - train: epoch 107, iter:20, loss: 0.5452, lr: 0.0007250944136965387
2026-09-14 16:30:20 - val epoch: 107, loss: 0.7867
2026-09-14 16:30:20 - train gamma: g2=0.108 g3=0.105 g4=0.069 g5=0.029
2026-09-14 16:30:22 - train: epoch 108, iter:0, loss: 0.5057, lr: 0.0007204393941893019
2026-09-14 16:30:28 - train: epoch 108, iter:20, loss: 0.5382, lr: 0.0007204393941893019
2026-09-14 16:30:54 - val epoch: 108, loss: 0.8120
2026-09-14 16:30:54 - train gamma: g2=0.108 g3=0.107 g4=0.069 g5=0.029
2026-09-14 16:30:56 - train: epoch 109, iter:0, loss: 0.6390, lr: 0.0007157607493247106
2026-09-14 16:31:01 - train: epoch 109, iter:20, loss: 0.5588, lr: 0.0007157607493247106
2026-09-14 16:31:23 - val epoch: 109, loss: 0.7827
2026-09-14 16:31:23 - train gamma: g2=0.108 g3=0.104 g4=0.069 g5=0.032
2026-09-14 16:31:25 - train: epoch 110, iter:0, loss: 0.5248, lr: 0.0007110589921688983
2026-09-14 16:31:30 - train: epoch 110, iter:20, loss: 0.5631, lr: 0.0007110589921688983
2026-09-14 16:31:58 - val epoch: 110, loss: 0.7769, miou: 0.799621167235739, f1_or_dsc: 0.8886549922770426, accuracy: 0.945297373403417,                 specificity: 0.960902264722423, sensitivity: 0.896794165152331, confusion_matrix: [[38497105  1566392]
 [ 1330281 11559310]]
2026-09-14 16:31:58 - train gamma: g2=0.108 g3=0.105 g4=0.069 g5=0.030
2026-09-14 16:32:01 - train: epoch 111, iter:0, loss: 0.4840, lr: 0.0007063346383225208
2026-09-14 16:32:06 - train: epoch 111, iter:20, loss: 0.5661, lr: 0.0007063346383225208
2026-09-14 16:32:27 - val epoch: 111, loss: 0.8244
2026-09-14 16:32:27 - train gamma: g2=0.108 g3=0.105 g4=0.069 g5=0.031
2026-09-14 16:32:29 - train: epoch 112, iter:0, loss: 0.5484, lr: 0.0007015882058642161
2026-09-14 16:32:34 - train: epoch 112, iter:20, loss: 0.5581, lr: 0.0007015882058642161
2026-09-14 16:32:59 - val epoch: 112, loss: 0.8186
2026-09-14 16:32:59 - train gamma: g2=0.108 g3=0.109 g4=0.071 g5=0.030
2026-09-14 16:33:01 - train: epoch 113, iter:0, loss: 0.5082, lr: 0.0006968202152937907
2026-09-14 16:33:07 - train: epoch 113, iter:20, loss: 0.5577, lr: 0.0006968202152937907
2026-09-14 16:33:28 - val epoch: 113, loss: 0.8708
2026-09-14 16:33:28 - train gamma: g2=0.108 g3=0.105 g4=0.072 g5=0.031
2026-09-14 16:33:30 - train: epoch 114, iter:0, loss: 0.6716, lr: 0.000692031189475141
2026-09-14 16:33:36 - train: epoch 114, iter:20, loss: 0.5456, lr: 0.000692031189475141
2026-09-14 16:34:00 - val epoch: 114, loss: 0.7991
2026-09-14 16:34:00 - train gamma: g2=0.108 g3=0.103 g4=0.072 g5=0.029
2026-09-14 16:34:02 - train: epoch 115, iter:0, loss: 0.7553, lr: 0.0006872216535789155
2026-09-14 16:34:07 - train: epoch 115, iter:20, loss: 0.5445, lr: 0.0006872216535789155
2026-09-14 16:34:30 - val epoch: 115, loss: 0.8883
2026-09-14 16:34:30 - train gamma: g2=0.108 g3=0.107 g4=0.072 g5=0.031
2026-09-14 16:34:32 - train: epoch 116, iter:0, loss: 0.5992, lr: 0.0006823921350249233
2026-09-14 16:34:38 - train: epoch 116, iter:20, loss: 0.5646, lr: 0.0006823921350249233
2026-09-14 16:35:02 - val epoch: 116, loss: 0.8301
2026-09-14 16:35:02 - train gamma: g2=0.108 g3=0.106 g4=0.070 g5=0.031
2026-09-14 16:35:04 - train: epoch 117, iter:0, loss: 0.5248, lr: 0.0006775431634242984
2026-09-14 16:35:09 - train: epoch 117, iter:20, loss: 0.5641, lr: 0.0006775431634242984
2026-09-14 16:35:32 - val epoch: 117, loss: 0.8048
2026-09-14 16:35:32 - train gamma: g2=0.108 g3=0.102 g4=0.071 g5=0.032
2026-09-14 16:35:34 - train: epoch 118, iter:0, loss: 0.5652, lr: 0.0006726752705214191
2026-09-14 16:35:40 - train: epoch 118, iter:20, loss: 0.5373, lr: 0.0006726752705214191
2026-09-14 16:36:02 - val epoch: 118, loss: 0.8885
2026-09-14 16:36:02 - train gamma: g2=0.108 g3=0.105 g4=0.072 g5=0.033
2026-09-14 16:36:04 - train: epoch 119, iter:0, loss: 0.5077, lr: 0.0006677889901355985
2026-09-14 16:36:09 - train: epoch 119, iter:20, loss: 0.5179, lr: 0.0006677889901355985
2026-09-14 16:36:34 - val epoch: 119, loss: 0.8097
2026-09-14 16:36:34 - train gamma: g2=0.108 g3=0.098 g4=0.074 g5=0.035
2026-09-14 16:36:36 - train: epoch 120, iter:0, loss: 0.5179, lr: 0.0006628848581025445
2026-09-14 16:36:41 - train: epoch 120, iter:20, loss: 0.5435, lr: 0.0006628848581025445
2026-09-14 16:37:05 - val epoch: 120, loss: 0.7744, miou: 0.8006039891025558, f1_or_dsc: 0.8892615966063555, accuracy: 0.9456034367627436,                 specificity: 0.9611525424253404, sensitivity: 0.8972736217929645, confusion_matrix: [[38507132  1556365]
 [ 1324101 11565490]]
2026-09-14 16:37:05 - train gamma: g2=0.108 g3=0.104 g4=0.071 g5=0.033
2026-09-14 16:37:08 - train: epoch 121, iter:0, loss: 0.5782, lr: 0.0006579634122155989
2026-09-14 16:37:13 - train: epoch 121, iter:20, loss: 0.5337, lr: 0.0006579634122155989
2026-09-14 16:37:39 - val epoch: 121, loss: 0.8132
2026-09-14 16:37:39 - train gamma: g2=0.108 g3=0.104 g4=0.073 g5=0.031
2026-09-14 16:37:40 - train: epoch 122, iter:0, loss: 0.5113, lr: 0.0006530251921667629
2026-09-14 16:37:46 - train: epoch 122, iter:20, loss: 0.5254, lr: 0.0006530251921667629
2026-09-14 16:38:11 - val epoch: 122, loss: 0.8281
2026-09-14 16:38:11 - train gamma: g2=0.108 g3=0.106 g4=0.072 g5=0.032
2026-09-14 16:38:13 - train: epoch 123, iter:0, loss: 0.6492, lr: 0.0006480707394875134
2026-09-14 16:38:19 - train: epoch 123, iter:20, loss: 0.5405, lr: 0.0006480707394875134
2026-09-14 16:38:41 - val epoch: 123, loss: 0.8238
2026-09-14 16:38:41 - train gamma: g2=0.109 g3=0.102 g4=0.072 g5=0.035
2026-09-14 16:38:43 - train: epoch 124, iter:0, loss: 0.5584, lr: 0.0006431005974894185
2026-09-14 16:38:48 - train: epoch 124, iter:20, loss: 0.5372, lr: 0.0006431005974894185
2026-09-14 16:39:14 - val epoch: 124, loss: 0.8079
2026-09-14 16:39:14 - train gamma: g2=0.109 g3=0.101 g4=0.073 g5=0.034
2026-09-14 16:39:16 - train: epoch 125, iter:0, loss: 0.4625, lr: 0.0006381153112045565
2026-09-14 16:39:21 - train: epoch 125, iter:20, loss: 0.5311, lr: 0.0006381153112045565
2026-09-14 16:39:43 - val epoch: 125, loss: 0.8090
2026-09-14 16:39:43 - train gamma: g2=0.109 g3=0.105 g4=0.074 g5=0.031
2026-09-14 16:39:45 - train: epoch 126, iter:0, loss: 0.4433, lr: 0.0006331154273257479
2026-09-14 16:39:51 - train: epoch 126, iter:20, loss: 0.5158, lr: 0.0006331154273257479
2026-09-14 16:40:16 - val epoch: 126, loss: 0.8266
2026-09-14 16:40:16 - train gamma: g2=0.109 g3=0.103 g4=0.074 g5=0.033
2026-09-14 16:40:18 - train: epoch 127, iter:0, loss: 0.5288, lr: 0.000628101494146603
2026-09-14 16:40:24 - train: epoch 127, iter:20, loss: 0.5333, lr: 0.000628101494146603
2026-09-14 16:40:45 - val epoch: 127, loss: 0.8092
2026-09-14 16:40:45 - train gamma: g2=0.109 g3=0.105 g4=0.073 g5=0.031
2026-09-14 16:40:47 - train: epoch 128, iter:0, loss: 0.4568, lr: 0.0006230740615013976
2026-09-14 16:40:52 - train: epoch 128, iter:20, loss: 0.5163, lr: 0.0006230740615013976
2026-09-14 16:41:18 - val epoch: 128, loss: 0.7842
2026-09-14 16:41:18 - train gamma: g2=0.109 g3=0.108 g4=0.072 g5=0.034
2026-09-14 16:41:20 - train: epoch 129, iter:0, loss: 0.4333, lr: 0.0006180336807047746
2026-09-14 16:41:25 - train: epoch 129, iter:20, loss: 0.5236, lr: 0.0006180336807047746
2026-09-14 16:41:47 - val epoch: 129, loss: 0.8248
2026-09-14 16:41:47 - train gamma: g2=0.109 g3=0.110 g4=0.072 g5=0.035
2026-09-14 16:41:49 - train: epoch 130, iter:0, loss: 0.4870, lr: 0.0006129809044912887
2026-09-14 16:41:54 - train: epoch 130, iter:20, loss: 0.5313, lr: 0.0006129809044912887
2026-09-14 16:42:21 - val epoch: 130, loss: 0.8587, miou: 0.7849368016335778, f1_or_dsc: 0.8795121495788557, accuracy: 0.9434102502199683,                 specificity: 0.9739414410080078, sensitivity: 0.8485130366044974, confusion_matrix: [[39019500  1043997]
 [ 1952605 10936986]]
2026-09-14 16:42:21 - train gamma: g2=0.109 g3=0.110 g4=0.075 g5=0.033
2026-09-14 16:42:23 - train: epoch 131, iter:0, loss: 0.5520, lr: 0.0006079162869547909
2026-09-14 16:42:29 - train: epoch 131, iter:20, loss: 0.5203, lr: 0.0006079162869547909
2026-09-14 16:42:51 - val epoch: 131, loss: 0.8313
2026-09-14 16:42:51 - train gamma: g2=0.109 g3=0.107 g4=0.075 g5=0.035
2026-09-14 16:42:53 - train: epoch 132, iter:0, loss: 0.5290, lr: 0.0006028403834876673
2026-09-14 16:42:58 - train: epoch 132, iter:20, loss: 0.5062, lr: 0.0006028403834876673
2026-09-14 16:43:21 - val epoch: 132, loss: 0.7942
2026-09-14 16:43:21 - train gamma: g2=0.109 g3=0.108 g4=0.074 g5=0.032
2026-09-14 16:43:23 - train: epoch 133, iter:0, loss: 0.6275, lr: 0.0005977537507199337
2026-09-14 16:43:29 - train: epoch 133, iter:20, loss: 0.5090, lr: 0.0005977537507199337
2026-09-14 16:43:52 - val epoch: 133, loss: 0.7845
2026-09-14 16:43:52 - train gamma: g2=0.109 g3=0.107 g4=0.075 g5=0.033
2026-09-14 16:43:54 - train: epoch 134, iter:0, loss: 0.4044, lr: 0.0005926569464581937
2026-09-14 16:44:00 - train: epoch 134, iter:20, loss: 0.5218, lr: 0.0005926569464581937
2026-09-14 16:44:21 - val epoch: 134, loss: 0.8313
2026-09-14 16:44:21 - train gamma: g2=0.109 g3=0.107 g4=0.075 g5=0.033
2026-09-14 16:44:24 - train: epoch 135, iter:0, loss: 0.6275, lr: 0.0005875505296244705
2026-09-14 16:44:29 - train: epoch 135, iter:20, loss: 0.5146, lr: 0.0005875505296244705
2026-09-14 16:44:53 - val epoch: 135, loss: 0.8447
2026-09-14 16:44:53 - train gamma: g2=0.109 g3=0.107 g4=0.073 g5=0.032
2026-09-14 16:44:55 - train: epoch 136, iter:0, loss: 0.4829, lr: 0.0005824350601949142
2026-09-14 16:45:01 - train: epoch 136, iter:20, loss: 0.5264, lr: 0.0005824350601949142
2026-09-14 16:45:22 - val epoch: 136, loss: 0.7923
2026-09-14 16:45:22 - train gamma: g2=0.109 g3=0.101 g4=0.075 g5=0.035
2026-09-14 16:45:24 - train: epoch 137, iter:0, loss: 0.5066, lr: 0.0005773110991383937
2026-09-14 16:45:30 - train: epoch 137, iter:20, loss: 0.5038, lr: 0.0005773110991383937
2026-09-14 16:45:56 - val epoch: 137, loss: 0.8437
2026-09-14 16:45:56 - train gamma: g2=0.109 g3=0.109 g4=0.073 g5=0.032
2026-09-14 16:45:58 - train: epoch 138, iter:0, loss: 0.5164, lr: 0.0005721792083549806
2026-09-14 16:46:04 - train: epoch 138, iter:20, loss: 0.5320, lr: 0.0005721792083549806
2026-09-14 16:46:25 - val epoch: 138, loss: 0.7979
2026-09-14 16:46:25 - train gamma: g2=0.109 g3=0.108 g4=0.075 g5=0.035
2026-09-14 16:46:27 - train: epoch 139, iter:0, loss: 0.5445, lr: 0.0005670399506143306
2026-09-14 16:46:33 - train: epoch 139, iter:20, loss: 0.5095, lr: 0.0005670399506143306
2026-09-14 16:46:58 - val epoch: 139, loss: 0.8210
2026-09-14 16:46:58 - train gamma: g2=0.109 g3=0.106 g4=0.075 g5=0.036
2026-09-14 16:47:00 - train: epoch 140, iter:0, loss: 0.5187, lr: 0.000561893889493969
2026-09-14 16:47:06 - train: epoch 140, iter:20, loss: 0.5187, lr: 0.000561893889493969
2026-09-14 16:47:30 - val epoch: 140, loss: 0.8227, miou: 0.7878020401033986, f1_or_dsc: 0.8813079104192493, accuracy: 0.9430570507993793,                 specificity: 0.9670453879749938, sensitivity: 0.8684963704434067, confusion_matrix: [[38743220  1320277]
 [ 1695028 11194563]]
2026-09-14 16:47:30 - train gamma: g2=0.109 g3=0.108 g4=0.075 g5=0.034
2026-09-14 16:47:32 - train: epoch 141, iter:0, loss: 0.6815, lr: 0.0005567415893174885
2026-09-14 16:47:37 - train: epoch 141, iter:20, loss: 0.5143, lr: 0.0005567415893174885
2026-09-14 16:48:03 - val epoch: 141, loss: 0.8084
2026-09-14 16:48:03 - train gamma: g2=0.109 g3=0.105 g4=0.075 g5=0.036
2026-09-14 16:48:05 - train: epoch 142, iter:0, loss: 0.4064, lr: 0.0005515836150926646
2026-09-14 16:48:11 - train: epoch 142, iter:20, loss: 0.5081, lr: 0.0005515836150926646
2026-09-14 16:48:32 - val epoch: 142, loss: 0.7957
2026-09-14 16:48:32 - train gamma: g2=0.109 g3=0.106 g4=0.076 g5=0.035
2026-09-14 16:48:34 - train: epoch 143, iter:0, loss: 0.3786, lr: 0.0005464205324494961
2026-09-14 16:48:40 - train: epoch 143, iter:20, loss: 0.5036, lr: 0.0005464205324494961
2026-09-14 16:49:04 - val epoch: 143, loss: 0.8041
2026-09-14 16:49:04 - train gamma: g2=0.109 g3=0.103 g4=0.078 g5=0.036
2026-09-14 16:49:07 - train: epoch 144, iter:0, loss: 0.5706, lr: 0.0005412529075781776
2026-09-14 16:49:12 - train: epoch 144, iter:20, loss: 0.5293, lr: 0.0005412529075781776
2026-09-14 16:49:33 - val epoch: 144, loss: 0.8161
2026-09-14 16:49:33 - train gamma: g2=0.109 g3=0.110 g4=0.078 g5=0.036
2026-09-14 16:49:36 - train: epoch 145, iter:0, loss: 0.5178, lr: 0.0005360813071670101
2026-09-14 16:49:41 - train: epoch 145, iter:20, loss: 0.4978, lr: 0.0005360813071670101
2026-09-14 16:50:06 - val epoch: 145, loss: 0.8190
2026-09-14 16:50:06 - train gamma: g2=0.109 g3=0.111 g4=0.077 g5=0.036
2026-09-14 16:50:08 - train: epoch 146, iter:0, loss: 0.4625, lr: 0.0005309062983402573
2026-09-14 16:50:13 - train: epoch 146, iter:20, loss: 0.5318, lr: 0.0005309062983402573
2026-09-14 16:50:36 - val epoch: 146, loss: 0.8279
2026-09-14 16:50:36 - train gamma: g2=0.109 g3=0.102 g4=0.077 g5=0.039
2026-09-14 16:50:38 - train: epoch 147, iter:0, loss: 0.4966, lr: 0.0005257284485959538
2026-09-14 16:50:43 - train: epoch 147, iter:20, loss: 0.5217, lr: 0.0005257284485959538
2026-09-14 16:51:07 - val epoch: 147, loss: 0.8013
2026-09-14 16:51:07 - train gamma: g2=0.109 g3=0.102 g4=0.076 g5=0.038
2026-09-14 16:51:09 - train: epoch 148, iter:0, loss: 0.5128, lr: 0.0005205483257436734
2026-09-14 16:51:15 - train: epoch 148, iter:20, loss: 0.5052, lr: 0.0005205483257436734
2026-09-14 16:51:38 - val epoch: 148, loss: 0.8089
2026-09-14 16:51:38 - train gamma: g2=0.109 g3=0.107 g4=0.076 g5=0.038
2026-09-14 16:51:40 - train: epoch 149, iter:0, loss: 0.4627, lr: 0.0005153664978422616
2026-09-14 16:51:46 - train: epoch 149, iter:20, loss: 0.4909, lr: 0.0005153664978422616
2026-09-14 16:52:09 - val epoch: 149, loss: 0.8366
2026-09-14 16:52:09 - train gamma: g2=0.109 g3=0.106 g4=0.077 g5=0.037
2026-09-14 16:52:11 - train: epoch 150, iter:0, loss: 0.4728, lr: 0.0005101835331375416
2026-09-14 16:52:16 - train: epoch 150, iter:20, loss: 0.4978, lr: 0.0005101835331375416
2026-09-14 16:52:43 - val epoch: 150, loss: 0.8134, miou: 0.7944939743872497, f1_or_dsc: 0.8854796792043157, accuracy: 0.9440951772255473,                 specificity: 0.962172548242606, sensitivity: 0.8879069941008989, confusion_matrix: [[38547997  1515500]
 [ 1444833 11444758]]
2026-09-14 16:52:43 - train gamma: g2=0.109 g3=0.108 g4=0.076 g5=0.036
2026-09-14 16:52:45 - train: epoch 151, iter:0, loss: 0.5032, lr: 0.0005049999999999999
2026-09-14 16:52:50 - train: epoch 151, iter:20, loss: 0.4957, lr: 0.0005049999999999999
2026-09-14 16:53:13 - val epoch: 151, loss: 0.8226
2026-09-14 16:53:13 - train gamma: g2=0.110 g3=0.104 g4=0.075 g5=0.038
2026-09-14 16:53:15 - train: epoch 152, iter:0, loss: 0.6006, lr: 0.0004998164668624582
2026-09-14 16:53:20 - train: epoch 152, iter:20, loss: 0.4924, lr: 0.0004998164668624582
2026-09-14 16:53:45 - val epoch: 152, loss: 0.8369
2026-09-14 16:53:45 - train gamma: g2=0.110 g3=0.104 g4=0.077 g5=0.037
2026-09-14 16:53:47 - train: epoch 153, iter:0, loss: 0.6213, lr: 0.0004946335021577383
2026-09-14 16:53:52 - train: epoch 153, iter:20, loss: 0.5228, lr: 0.0004946335021577383
2026-09-14 16:54:14 - val epoch: 153, loss: 0.8231
2026-09-14 16:54:14 - train gamma: g2=0.110 g3=0.105 g4=0.077 g5=0.039
2026-09-14 16:54:16 - train: epoch 154, iter:0, loss: 0.5304, lr: 0.0004894516742563263
2026-09-14 16:54:21 - train: epoch 154, iter:20, loss: 0.5216, lr: 0.0004894516742563263
2026-09-14 16:54:47 - val epoch: 154, loss: 0.8065
2026-09-14 16:54:47 - train gamma: g2=0.110 g3=0.105 g4=0.079 g5=0.040
2026-09-14 16:54:49 - train: epoch 155, iter:0, loss: 0.6456, lr: 0.000484271551404046
2026-09-14 16:54:54 - train: epoch 155, iter:20, loss: 0.5182, lr: 0.000484271551404046
2026-09-14 16:55:16 - val epoch: 155, loss: 0.8354
2026-09-14 16:55:16 - train gamma: g2=0.110 g3=0.108 g4=0.077 g5=0.038
2026-09-14 16:55:18 - train: epoch 156, iter:0, loss: 0.5229, lr: 0.0004790937016597426
2026-09-14 16:55:24 - train: epoch 156, iter:20, loss: 0.4955, lr: 0.0004790937016597426
2026-09-14 16:55:48 - val epoch: 156, loss: 0.8261
2026-09-14 16:55:48 - train gamma: g2=0.110 g3=0.108 g4=0.077 g5=0.040
2026-09-14 16:55:50 - train: epoch 157, iter:0, loss: 0.4521, lr: 0.0004739186928329898
2026-09-14 16:55:55 - train: epoch 157, iter:20, loss: 0.4879, lr: 0.0004739186928329898
2026-09-14 16:56:17 - val epoch: 157, loss: 0.8129
2026-09-14 16:56:17 - train gamma: g2=0.110 g3=0.108 g4=0.078 g5=0.040
2026-09-14 16:56:19 - train: epoch 158, iter:0, loss: 0.4446, lr: 0.0004687470924218222
2026-09-14 16:56:25 - train: epoch 158, iter:20, loss: 0.5027, lr: 0.0004687470924218222
2026-09-14 16:56:50 - val epoch: 158, loss: 0.8963
2026-09-14 16:56:50 - train gamma: g2=0.110 g3=0.105 g4=0.078 g5=0.042
2026-09-14 16:56:52 - train: epoch 159, iter:0, loss: 0.4950, lr: 0.00046357946755050356
2026-09-14 16:56:58 - train: epoch 159, iter:20, loss: 0.4935, lr: 0.00046357946755050356
2026-09-14 16:57:20 - val epoch: 159, loss: 0.7981
2026-09-14 16:57:20 - train gamma: g2=0.110 g3=0.105 g4=0.076 g5=0.041
2026-09-14 16:57:22 - train: epoch 160, iter:0, loss: 0.3931, lr: 0.00045841638490733513
2026-09-14 16:57:27 - train: epoch 160, iter:20, loss: 0.5153, lr: 0.00045841638490733513
2026-09-14 16:57:55 - val epoch: 160, loss: 0.8326, miou: 0.7904881139693726, f1_or_dsc: 0.8829861620437368, accuracy: 0.944170621362063,                 specificity: 0.9695232046268951, sensitivity: 0.8653695838758576, confusion_matrix: [[38842490  1221007]
 [ 1735331 11154260]]
2026-09-14 16:57:55 - train gamma: g2=0.110 g3=0.110 g4=0.077 g5=0.040
2026-09-14 16:57:57 - train: epoch 161, iter:0, loss: 0.4985, lr: 0.00045325841068251133
2026-09-14 16:58:02 - train: epoch 161, iter:20, loss: 0.4798, lr: 0.00045325841068251133
2026-09-14 16:58:23 - val epoch: 161, loss: 0.8105
2026-09-14 16:58:23 - train gamma: g2=0.110 g3=0.104 g4=0.078 g5=0.042
2026-09-14 16:58:26 - train: epoch 162, iter:0, loss: 0.4350, lr: 0.0004481061105060308
2026-09-14 16:58:32 - train: epoch 162, iter:20, loss: 0.4898, lr: 0.0004481061105060308
2026-09-14 16:58:55 - val epoch: 162, loss: 0.8214
2026-09-14 16:58:55 - train gamma: g2=0.110 g3=0.108 g4=0.079 g5=0.040
2026-09-14 16:58:58 - train: epoch 163, iter:0, loss: 0.5376, lr: 0.0004429600493856691
2026-09-14 16:59:03 - train: epoch 163, iter:20, loss: 0.4801, lr: 0.0004429600493856691
2026-09-14 16:59:26 - val epoch: 163, loss: 0.8376
2026-09-14 16:59:26 - train gamma: g2=0.110 g3=0.111 g4=0.078 g5=0.040
2026-09-14 16:59:28 - train: epoch 164, iter:0, loss: 0.4770, lr: 0.000437820791645019
2026-09-14 16:59:33 - train: epoch 164, iter:20, loss: 0.4877, lr: 0.000437820791645019
2026-09-14 16:59:57 - val epoch: 164, loss: 0.8241
2026-09-14 16:59:57 - train gamma: g2=0.110 g3=0.106 g4=0.080 g5=0.042
2026-09-14 16:59:59 - train: epoch 165, iter:0, loss: 0.4493, lr: 0.00043268890086160604
2026-09-14 17:00:05 - train: epoch 165, iter:20, loss: 0.4839, lr: 0.00043268890086160604
2026-09-14 17:00:28 - val epoch: 165, loss: 0.8203
2026-09-14 17:00:28 - train gamma: g2=0.110 g3=0.110 g4=0.080 g5=0.041
2026-09-14 17:00:30 - train: epoch 166, iter:0, loss: 0.5653, lr: 0.0004275649398050855
2026-09-14 17:00:36 - train: epoch 166, iter:20, loss: 0.5034, lr: 0.0004275649398050855
2026-09-14 17:00:59 - val epoch: 166, loss: 0.8480
2026-09-14 17:00:59 - train gamma: g2=0.110 g3=0.111 g4=0.081 g5=0.044
2026-09-14 17:01:01 - train: epoch 167, iter:0, loss: 0.5222, lr: 0.0004224494703755289
2026-09-14 17:01:07 - train: epoch 167, iter:20, loss: 0.4942, lr: 0.0004224494703755289
2026-09-14 17:01:31 - val epoch: 167, loss: 0.8302
2026-09-14 17:01:31 - train gamma: g2=0.110 g3=0.109 g4=0.079 g5=0.041
2026-09-14 17:01:33 - train: epoch 168, iter:0, loss: 0.5634, lr: 0.00041734305354180595
2026-09-14 17:01:39 - train: epoch 168, iter:20, loss: 0.4914, lr: 0.00041734305354180595
2026-09-14 17:02:01 - val epoch: 168, loss: 0.8447
2026-09-14 17:02:01 - train gamma: g2=0.110 g3=0.109 g4=0.081 g5=0.043
2026-09-14 17:02:03 - train: epoch 169, iter:0, loss: 0.4004, lr: 0.000412246249280066
2026-09-14 17:02:09 - train: epoch 169, iter:20, loss: 0.4663, lr: 0.000412246249280066
2026-09-14 17:02:33 - val epoch: 169, loss: 0.8323
2026-09-14 17:02:33 - train gamma: g2=0.110 g3=0.111 g4=0.080 g5=0.042
2026-09-14 17:02:35 - train: epoch 170, iter:0, loss: 0.5625, lr: 0.0004071596165123322
2026-09-14 17:02:41 - train: epoch 170, iter:20, loss: 0.4840, lr: 0.0004071596165123322
2026-09-14 17:03:05 - val epoch: 170, loss: 0.8225, miou: 0.7901404196115853, f1_or_dsc: 0.8827692073262338, accuracy: 0.9422342659223197,                 specificity: 0.9579112627137866, sensitivity: 0.8935069390487255, confusion_matrix: [[38377275  1686222]
 [ 1372652 11516939]]
2026-09-14 17:03:05 - train gamma: g2=0.110 g3=0.108 g4=0.079 g5=0.042
2026-09-14 17:03:07 - train: epoch 171, iter:0, loss: 0.4955, lr: 0.0004020837130452088
2026-09-14 17:03:13 - train: epoch 171, iter:20, loss: 0.4784, lr: 0.0004020837130452088
2026-09-14 17:03:38 - val epoch: 171, loss: 0.8286
2026-09-14 17:03:38 - train gamma: g2=0.110 g3=0.107 g4=0.080 g5=0.044
2026-09-14 17:03:40 - train: epoch 172, iter:0, loss: 0.3950, lr: 0.00039701909550871116
2026-09-14 17:03:45 - train: epoch 172, iter:20, loss: 0.4781, lr: 0.00039701909550871116
2026-09-14 17:04:07 - val epoch: 172, loss: 0.8563
2026-09-14 17:04:07 - train gamma: g2=0.110 g3=0.110 g4=0.080 g5=0.043
2026-09-14 17:04:09 - train: epoch 173, iter:0, loss: 0.4903, lr: 0.0003919663192952252
2026-09-14 17:04:14 - train: epoch 173, iter:20, loss: 0.4808, lr: 0.0003919663192952252
2026-09-14 17:04:40 - val epoch: 173, loss: 0.8356
2026-09-14 17:04:40 - train gamma: g2=0.110 g3=0.107 g4=0.080 g5=0.044
2026-09-14 17:04:42 - train: epoch 174, iter:0, loss: 0.7679, lr: 0.0003869259384986023
2026-09-14 17:04:48 - train: epoch 174, iter:20, loss: 0.4583, lr: 0.0003869259384986023
2026-09-14 17:05:09 - val epoch: 174, loss: 0.8237
2026-09-14 17:05:09 - train gamma: g2=0.110 g3=0.109 g4=0.081 g5=0.046
2026-09-14 17:05:11 - train: epoch 175, iter:0, loss: 0.5159, lr: 0.0003818985058533967
2026-09-14 17:05:17 - train: epoch 175, iter:20, loss: 0.4792, lr: 0.0003818985058533967
2026-09-14 17:05:42 - val epoch: 175, loss: 0.8303
2026-09-14 17:05:42 - train gamma: g2=0.110 g3=0.111 g4=0.081 g5=0.046
2026-09-14 17:05:44 - train: epoch 176, iter:0, loss: 0.5082, lr: 0.00037688457267425206
2026-09-14 17:05:49 - train: epoch 176, iter:20, loss: 0.4785, lr: 0.00037688457267425206
2026-09-14 17:06:11 - val epoch: 176, loss: 0.8119
2026-09-14 17:06:11 - train gamma: g2=0.110 g3=0.109 g4=0.079 g5=0.044
2026-09-14 17:06:12 - train: epoch 177, iter:0, loss: 0.5106, lr: 0.0003718846887954434
2026-09-14 17:06:18 - train: epoch 177, iter:20, loss: 0.4806, lr: 0.0003718846887954434
2026-09-14 17:06:43 - val epoch: 177, loss: 0.8572
2026-09-14 17:06:43 - train gamma: g2=0.110 g3=0.112 g4=0.079 g5=0.041
2026-09-14 17:06:45 - train: epoch 178, iter:0, loss: 0.6063, lr: 0.0003668994025105812
2026-09-14 17:06:51 - train: epoch 178, iter:20, loss: 0.4703, lr: 0.0003668994025105812
2026-09-14 17:07:12 - val epoch: 178, loss: 0.8941
2026-09-14 17:07:12 - train gamma: g2=0.110 g3=0.112 g4=0.079 g5=0.044
2026-09-14 17:07:15 - train: epoch 179, iter:0, loss: 0.4271, lr: 0.0003619292605124862
2026-09-14 17:07:20 - train: epoch 179, iter:20, loss: 0.4866, lr: 0.0003619292605124862
2026-09-14 17:07:44 - val epoch: 179, loss: 0.8616
2026-09-14 17:07:44 - train gamma: g2=0.110 g3=0.109 g4=0.080 g5=0.045
2026-09-14 17:07:46 - train: epoch 180, iter:0, loss: 0.4500, lr: 0.00035697480783323686
2026-09-14 17:07:52 - train: epoch 180, iter:20, loss: 0.4631, lr: 0.00035697480783323686
2026-09-14 17:08:17 - val epoch: 180, loss: 0.8249, miou: 0.7899043682676486, f1_or_dsc: 0.8826218677058755, accuracy: 0.9432334711055944,                 specificity: 0.9646061101456022, sensitivity: 0.876802917951392, confusion_matrix: [[38645494  1418003]
 [ 1587960 11301631]]
2026-09-14 17:08:17 - train gamma: g2=0.110 g3=0.110 g4=0.080 g5=0.046
2026-09-14 17:08:19 - train: epoch 181, iter:0, loss: 0.4097, lr: 0.00035203658778440076
2026-09-14 17:08:25 - train: epoch 181, iter:20, loss: 0.4817, lr: 0.00035203658778440076
2026-09-14 17:08:49 - val epoch: 181, loss: 0.8762
2026-09-14 17:08:49 - train gamma: g2=0.110 g3=0.106 g4=0.080 g5=0.046
2026-09-14 17:08:51 - train: epoch 182, iter:0, loss: 0.4954, lr: 0.00034711514189745505
2026-09-14 17:08:56 - train: epoch 182, iter:20, loss: 0.4817, lr: 0.00034711514189745505
2026-09-14 17:09:19 - val epoch: 182, loss: 0.8280
2026-09-14 17:09:19 - train gamma: g2=0.110 g3=0.112 g4=0.081 g5=0.045
2026-09-14 17:09:21 - train: epoch 183, iter:0, loss: 0.4436, lr: 0.00034221100986440094
2026-09-14 17:09:27 - train: epoch 183, iter:20, loss: 0.4699, lr: 0.00034221100986440094
2026-09-14 17:09:51 - val epoch: 183, loss: 0.8261
2026-09-14 17:09:51 - train gamma: g2=0.110 g3=0.108 g4=0.082 g5=0.047
2026-09-14 17:09:53 - train: epoch 184, iter:0, loss: 0.4608, lr: 0.0003373247294785804
2026-09-14 17:09:58 - train: epoch 184, iter:20, loss: 0.4627, lr: 0.0003373247294785804
2026-09-14 17:10:22 - val epoch: 184, loss: 0.8315
2026-09-14 17:10:22 - train gamma: g2=0.110 g3=0.109 g4=0.082 g5=0.046
2026-09-14 17:10:24 - train: epoch 185, iter:0, loss: 0.4563, lr: 0.0003324568365757012
2026-09-14 17:10:30 - train: epoch 185, iter:20, loss: 0.4745, lr: 0.0003324568365757012
2026-09-14 17:10:51 - val epoch: 185, loss: 0.8326
2026-09-14 17:10:51 - train gamma: g2=0.110 g3=0.111 g4=0.083 g5=0.047
2026-09-14 17:10:53 - train: epoch 186, iter:0, loss: 0.4030, lr: 0.0003276078649750761
2026-09-14 17:10:59 - train: epoch 186, iter:20, loss: 0.4675, lr: 0.0003276078649750761
2026-09-14 17:11:24 - val epoch: 186, loss: 0.8285
2026-09-14 17:11:24 - train gamma: g2=0.110 g3=0.106 g4=0.083 g5=0.050
2026-09-14 17:11:26 - train: epoch 187, iter:0, loss: 0.4053, lr: 0.00032277834642108417
2026-09-14 17:11:31 - train: epoch 187, iter:20, loss: 0.4738, lr: 0.00032277834642108417
2026-09-14 17:11:53 - val epoch: 187, loss: 0.8803
2026-09-14 17:11:53 - train gamma: g2=0.110 g3=0.111 g4=0.083 g5=0.049
2026-09-14 17:11:55 - train: epoch 188, iter:0, loss: 0.4035, lr: 0.00031796881052485835
2026-09-14 17:12:00 - train: epoch 188, iter:20, loss: 0.4552, lr: 0.00031796881052485835
2026-09-14 17:12:25 - val epoch: 188, loss: 0.8563
2026-09-14 17:12:25 - train gamma: g2=0.110 g3=0.109 g4=0.084 g5=0.048
2026-09-14 17:12:27 - train: epoch 189, iter:0, loss: 0.4170, lr: 0.00031317978470620867
2026-09-14 17:12:33 - train: epoch 189, iter:20, loss: 0.4578, lr: 0.00031317978470620867
2026-09-14 17:12:55 - val epoch: 189, loss: 0.8970
2026-09-14 17:12:55 - train gamma: g2=0.110 g3=0.112 g4=0.084 g5=0.049
2026-09-14 17:12:57 - train: epoch 190, iter:0, loss: 0.5293, lr: 0.00030841179413578315
2026-09-14 17:13:03 - train: epoch 190, iter:20, loss: 0.4763, lr: 0.00030841179413578315
2026-09-14 17:13:31 - val epoch: 190, loss: 0.8877, miou: 0.7826464614957545, f1_or_dsc: 0.8780725493254159, accuracy: 0.9425992682428643,                 specificity: 0.9726746269802659, sensitivity: 0.8491188742916668, confusion_matrix: [[38968747  1094750]
 [ 1944796 10944795]]
2026-09-14 17:13:31 - train gamma: g2=0.110 g3=0.111 g4=0.082 g5=0.049
2026-09-14 17:13:34 - train: epoch 191, iter:0, loss: 0.4267, lr: 0.0003036653616774785
2026-09-14 17:13:39 - train: epoch 191, iter:20, loss: 0.4708, lr: 0.0003036653616774785
2026-09-14 17:14:01 - val epoch: 191, loss: 0.8575
2026-09-14 17:14:01 - train gamma: g2=0.110 g3=0.109 g4=0.083 g5=0.049
2026-09-14 17:14:02 - train: epoch 192, iter:0, loss: 0.4968, lr: 0.0002989410078311011
2026-09-14 17:14:08 - train: epoch 192, iter:20, loss: 0.4533, lr: 0.0002989410078311011
2026-09-14 17:14:33 - val epoch: 192, loss: 0.8582
2026-09-14 17:14:33 - train gamma: g2=0.110 g3=0.110 g4=0.082 g5=0.050
2026-09-14 17:14:35 - train: epoch 193, iter:0, loss: 0.5399, lr: 0.00029423925067528865
2026-09-14 17:14:41 - train: epoch 193, iter:20, loss: 0.4582, lr: 0.00029423925067528865
2026-09-14 17:15:02 - val epoch: 193, loss: 0.8657
2026-09-14 17:15:02 - train gamma: g2=0.110 g3=0.109 g4=0.082 g5=0.050
2026-09-14 17:15:04 - train: epoch 194, iter:0, loss: 0.4764, lr: 0.0002895606058106975
2026-09-14 17:15:10 - train: epoch 194, iter:20, loss: 0.4513, lr: 0.0002895606058106975
2026-09-14 17:15:34 - val epoch: 194, loss: 0.8653
2026-09-14 17:15:34 - train gamma: g2=0.110 g3=0.110 g4=0.081 g5=0.048
2026-09-14 17:15:36 - train: epoch 195, iter:0, loss: 0.3973, lr: 0.0002849055863034606
2026-09-14 17:15:42 - train: epoch 195, iter:20, loss: 0.4618, lr: 0.0002849055863034606
2026-09-14 17:16:04 - val epoch: 195, loss: 0.8605
2026-09-14 17:16:04 - train gamma: g2=0.110 g3=0.109 g4=0.084 g5=0.051
2026-09-14 17:16:06 - train: epoch 196, iter:0, loss: 0.4999, lr: 0.00028027470262892396
2026-09-14 17:16:11 - train: epoch 196, iter:20, loss: 0.4362, lr: 0.00028027470262892396
2026-09-14 17:16:35 - val epoch: 196, loss: 0.8587
2026-09-14 17:16:35 - train gamma: g2=0.111 g3=0.111 g4=0.085 g5=0.051
2026-09-14 17:16:37 - train: epoch 197, iter:0, loss: 0.4081, lr: 0.0002756684626156682
2026-09-14 17:16:42 - train: epoch 197, iter:20, loss: 0.4651, lr: 0.0002756684626156682
2026-09-14 17:17:06 - val epoch: 197, loss: 0.8700
2026-09-14 17:17:06 - train gamma: g2=0.111 g3=0.113 g4=0.085 g5=0.050
2026-09-14 17:17:08 - train: epoch 198, iter:0, loss: 0.5165, lr: 0.000271087371389818
2026-09-14 17:17:13 - train: epoch 198, iter:20, loss: 0.4588, lr: 0.000271087371389818
2026-09-14 17:17:36 - val epoch: 198, loss: 0.8661
2026-09-14 17:17:36 - train gamma: g2=0.110 g3=0.112 g4=0.084 g5=0.049
2026-09-14 17:17:38 - train: epoch 199, iter:0, loss: 0.4470, lr: 0.0002665319313196505
2026-09-14 17:17:43 - train: epoch 199, iter:20, loss: 0.4643, lr: 0.0002665319313196505
2026-09-14 17:18:07 - val epoch: 199, loss: 0.8699
2026-09-14 17:18:07 - train gamma: g2=0.111 g3=0.111 g4=0.084 g5=0.052
2026-09-14 17:18:09 - train: epoch 200, iter:0, loss: 0.4060, lr: 0.00026200264196050494
2026-09-14 17:18:15 - train: epoch 200, iter:20, loss: 0.4670, lr: 0.00026200264196050494
2026-09-14 17:18:39 - val epoch: 200, loss: 0.8534, miou: 0.785629536025523, f1_or_dsc: 0.879946842472361, accuracy: 0.9412899206180384,                 specificity: 0.9597444027414781, sensitivity: 0.8839295986971193, confusion_matrix: [[38450717  1612780]
 [ 1496100 11393491]]
2026-09-14 17:18:39 - train gamma: g2=0.111 g3=0.108 g4=0.084 g5=0.053
2026-09-14 17:18:41 - train: epoch 201, iter:0, loss: 0.4801, lr: 0.00025749999999999954
2026-09-14 17:18:46 - train: epoch 201, iter:20, loss: 0.4483, lr: 0.00025749999999999954
2026-09-14 17:19:12 - val epoch: 201, loss: 0.8569
2026-09-14 17:19:12 - train gamma: g2=0.111 g3=0.110 g4=0.084 g5=0.052
2026-09-14 17:19:14 - train: epoch 202, iter:0, loss: 0.4698, lr: 0.0002530244992035658
2026-09-14 17:19:20 - train: epoch 202, iter:20, loss: 0.4443, lr: 0.0002530244992035658
2026-09-14 17:19:45 - val epoch: 202, loss: 0.8746
2026-09-14 17:19:45 - train gamma: g2=0.111 g3=0.109 g4=0.084 g5=0.053
2026-09-14 17:19:47 - train: epoch 203, iter:0, loss: 0.4174, lr: 0.0002485766303603003
2026-09-14 17:19:53 - train: epoch 203, iter:20, loss: 0.4429, lr: 0.0002485766303603003
2026-09-14 17:20:14 - val epoch: 203, loss: 0.8982
2026-09-14 17:20:14 - train gamma: g2=0.111 g3=0.111 g4=0.085 g5=0.052
2026-09-14 17:20:16 - train: epoch 204, iter:0, loss: 0.4017, lr: 0.0002441568812291443
2026-09-14 17:20:21 - train: epoch 204, iter:20, loss: 0.4529, lr: 0.0002441568812291443
2026-09-14 17:20:47 - val epoch: 204, loss: 0.8656
2026-09-14 17:20:47 - train gamma: g2=0.111 g3=0.110 g4=0.084 g5=0.053
2026-09-14 17:20:49 - train: epoch 205, iter:0, loss: 0.4548, lr: 0.00023976573648539645
2026-09-14 17:20:55 - train: epoch 205, iter:20, loss: 0.4259, lr: 0.00023976573648539645
2026-09-14 17:21:16 - val epoch: 205, loss: 0.8640
2026-09-14 17:21:16 - train gamma: g2=0.111 g3=0.111 g4=0.085 g5=0.054
2026-09-14 17:21:18 - train: epoch 206, iter:0, loss: 0.4763, lr: 0.00023540367766756144
2026-09-14 17:21:23 - train: epoch 206, iter:20, loss: 0.4404, lr: 0.00023540367766756144
2026-09-14 17:21:48 - val epoch: 206, loss: 0.8756
2026-09-14 17:21:48 - train gamma: g2=0.111 g3=0.109 g4=0.085 g5=0.054
2026-09-14 17:21:51 - train: epoch 207, iter:0, loss: 0.4057, lr: 0.0002310711831245444
2026-09-14 17:21:56 - train: epoch 207, iter:20, loss: 0.4572, lr: 0.0002310711831245444
2026-09-14 17:22:17 - val epoch: 207, loss: 0.8948
2026-09-14 17:22:17 - train gamma: g2=0.111 g3=0.112 g4=0.085 g5=0.052
2026-09-14 17:22:19 - train: epoch 208, iter:0, loss: 0.4660, lr: 0.00022676872796319514
2026-09-14 17:22:25 - train: epoch 208, iter:20, loss: 0.4359, lr: 0.00022676872796319514
2026-09-14 17:22:49 - val epoch: 208, loss: 0.8782
2026-09-14 17:22:49 - train gamma: g2=0.111 g3=0.110 g4=0.086 g5=0.052
2026-09-14 17:22:51 - train: epoch 209, iter:0, loss: 0.4135, lr: 0.00022249678399620604
2026-09-14 17:22:57 - train: epoch 209, iter:20, loss: 0.4586, lr: 0.00022249678399620604
2026-09-14 17:23:19 - val epoch: 209, loss: 0.8495
2026-09-14 17:23:19 - train gamma: g2=0.111 g3=0.112 g4=0.087 g5=0.053
2026-09-14 17:23:21 - train: epoch 210, iter:0, loss: 0.4148, lr: 0.0002182558196903736
2026-09-14 17:23:26 - train: epoch 210, iter:20, loss: 0.4443, lr: 0.0002182558196903736
2026-09-14 17:23:53 - val epoch: 210, loss: 0.8621, miou: 0.785734983273694, f1_or_dsc: 0.8800129813587987, accuracy: 0.9423701786758876,                 specificity: 0.9662300073306131, sensitivity: 0.8682089292049686, confusion_matrix: [[38710553  1352944]
 [ 1698733 11190858]]
2026-09-14 17:23:53 - train gamma: g2=0.111 g3=0.110 g4=0.086 g5=0.052
2026-09-14 17:23:55 - train: epoch 211, iter:0, loss: 0.5064, lr: 0.00021404630011522552
2026-09-14 17:24:00 - train: epoch 211, iter:20, loss: 0.4413, lr: 0.00021404630011522552
2026-09-14 17:24:23 - val epoch: 211, loss: 0.8670
2026-09-14 17:24:23 - train gamma: g2=0.111 g3=0.109 g4=0.085 g5=0.053
2026-09-14 17:24:25 - train: epoch 212, iter:0, loss: 0.4024, lr: 0.0002098686868920198
2026-09-14 17:24:31 - train: epoch 212, iter:20, loss: 0.4422, lr: 0.0002098686868920198
2026-09-14 17:24:54 - val epoch: 212, loss: 0.8766
2026-09-14 17:24:54 - train gamma: g2=0.111 g3=0.113 g4=0.085 g5=0.053
2026-09-14 17:24:56 - train: epoch 213, iter:0, loss: 0.4980, lr: 0.00020572343814312415
2026-09-14 17:25:01 - train: epoch 213, iter:20, loss: 0.4516, lr: 0.00020572343814312415
2026-09-14 17:25:25 - val epoch: 213, loss: 0.8728
2026-09-14 17:25:25 - train gamma: g2=0.111 g3=0.113 g4=0.085 g5=0.054
2026-09-14 17:25:27 - train: epoch 214, iter:0, loss: 0.4819, lr: 0.00020161100844177644
2026-09-14 17:25:32 - train: epoch 214, iter:20, loss: 0.4527, lr: 0.00020161100844177644
2026-09-14 17:25:54 - val epoch: 214, loss: 0.8839
2026-09-14 17:25:54 - train gamma: g2=0.111 g3=0.114 g4=0.086 g5=0.054
2026-09-14 17:25:56 - train: epoch 215, iter:0, loss: 0.4805, lr: 0.0001975318487622361
2026-09-14 17:26:02 - train: epoch 215, iter:20, loss: 0.4409, lr: 0.0001975318487622361
2026-09-14 17:26:27 - val epoch: 215, loss: 0.8526
2026-09-14 17:26:27 - train gamma: g2=0.111 g3=0.111 g4=0.085 g5=0.056
2026-09-14 17:26:29 - train: epoch 216, iter:0, loss: 0.3826, lr: 0.00019348640643033024
2026-09-14 17:26:35 - train: epoch 216, iter:20, loss: 0.4437, lr: 0.00019348640643033024
2026-09-14 17:26:56 - val epoch: 216, loss: 0.9058
2026-09-14 17:26:56 - train gamma: g2=0.111 g3=0.113 g4=0.084 g5=0.055
2026-09-14 17:26:58 - train: epoch 217, iter:0, loss: 0.4299, lr: 0.00018947512507439828
2026-09-14 17:27:03 - train: epoch 217, iter:20, loss: 0.4467, lr: 0.00018947512507439828
2026-09-14 17:27:29 - val epoch: 217, loss: 0.8593
2026-09-14 17:27:29 - train gamma: g2=0.111 g3=0.113 g4=0.084 g5=0.055
2026-09-14 17:27:31 - train: epoch 218, iter:0, loss: 0.3782, lr: 0.00018549844457664425
2026-09-14 17:27:36 - train: epoch 218, iter:20, loss: 0.4339, lr: 0.00018549844457664425
2026-09-14 17:27:58 - val epoch: 218, loss: 0.8971
2026-09-14 17:27:58 - train gamma: g2=0.111 g3=0.112 g4=0.085 g5=0.055
2026-09-14 17:28:00 - train: epoch 219, iter:0, loss: 0.4194, lr: 0.00018155680102489765
2026-09-14 17:28:05 - train: epoch 219, iter:20, loss: 0.4296, lr: 0.00018155680102489765
2026-09-14 17:28:30 - val epoch: 219, loss: 0.8528
2026-09-14 17:28:30 - train gamma: g2=0.111 g3=0.110 g4=0.086 g5=0.055
2026-09-14 17:28:32 - train: epoch 220, iter:0, loss: 0.4487, lr: 0.00017765062666479195
2026-09-14 17:28:38 - train: epoch 220, iter:20, loss: 0.4415, lr: 0.00017765062666479195
2026-09-14 17:29:01 - val epoch: 220, loss: 0.8709, miou: 0.7842492856439734, f1_or_dsc: 0.8790803975139844, accuracy: 0.9406045214964611,                 specificity: 0.9578612920384858, sensitivity: 0.8869669332409383, confusion_matrix: [[38375273  1688224]
 [ 1456950 11432641]]
2026-09-14 17:29:01 - train gamma: g2=0.111 g3=0.112 g4=0.086 g5=0.054
2026-09-14 17:29:03 - train: epoch 221, iter:0, loss: 0.4044, lr: 0.00017378034985236489
2026-09-14 17:29:09 - train: epoch 221, iter:20, loss: 0.4508, lr: 0.00017378034985236489
2026-09-14 17:29:34 - val epoch: 221, loss: 0.8633
2026-09-14 17:29:34 - train gamma: g2=0.111 g3=0.113 g4=0.086 g5=0.055
2026-09-14 17:29:36 - train: epoch 222, iter:0, loss: 0.4324, lr: 0.0001699463950070827
2026-09-14 17:29:41 - train: epoch 222, iter:20, loss: 0.4280, lr: 0.0001699463950070827
2026-09-14 17:30:03 - val epoch: 222, loss: 0.8604
2026-09-14 17:30:03 - train gamma: g2=0.111 g3=0.111 g4=0.087 g5=0.055
2026-09-14 17:30:05 - train: epoch 223, iter:0, loss: 0.4533, lr: 0.0001661491825652988
2026-09-14 17:30:10 - train: epoch 223, iter:20, loss: 0.4299, lr: 0.0001661491825652988
2026-09-14 17:30:33 - val epoch: 223, loss: 0.8756
2026-09-14 17:30:33 - train gamma: g2=0.111 g3=0.113 g4=0.087 g5=0.055
2026-09-14 17:30:36 - train: epoch 224, iter:0, loss: 0.4145, lr: 0.0001623891289341484
2026-09-14 17:30:41 - train: epoch 224, iter:20, loss: 0.4393, lr: 0.0001623891289341484
2026-09-14 17:31:04 - val epoch: 224, loss: 0.8790
2026-09-14 17:31:04 - train gamma: g2=0.111 g3=0.113 g4=0.087 g5=0.055
2026-09-14 17:31:06 - train: epoch 225, iter:0, loss: 0.4325, lr: 0.0001586666464458838
2026-09-14 17:31:12 - train: epoch 225, iter:20, loss: 0.4397, lr: 0.0001586666464458838
2026-09-14 17:31:34 - val epoch: 225, loss: 0.8560
2026-09-14 17:31:34 - train gamma: g2=0.111 g3=0.111 g4=0.088 g5=0.056
2026-09-14 17:31:36 - train: epoch 226, iter:0, loss: 0.3917, lr: 0.00015498214331265874
2026-09-14 17:31:42 - train: epoch 226, iter:20, loss: 0.4346, lr: 0.00015498214331265874
2026-09-14 17:32:06 - val epoch: 226, loss: 0.8680
2026-09-14 17:32:06 - train gamma: g2=0.111 g3=0.112 g4=0.087 g5=0.056
2026-09-14 17:32:08 - train: epoch 227, iter:0, loss: 0.3678, lr: 0.00015133602358176218
2026-09-14 17:32:13 - train: epoch 227, iter:20, loss: 0.4389, lr: 0.00015133602358176218
2026-09-14 17:32:34 - val epoch: 227, loss: 0.8691
2026-09-14 17:32:34 - train gamma: g2=0.111 g3=0.113 g4=0.087 g5=0.056
2026-09-14 17:32:36 - train: epoch 228, iter:0, loss: 0.3822, lr: 0.00014772868709131046
2026-09-14 17:32:42 - train: epoch 228, iter:20, loss: 0.4330, lr: 0.00014772868709131046
2026-09-14 17:33:07 - val epoch: 228, loss: 0.8649
2026-09-14 17:33:07 - train gamma: g2=0.111 g3=0.110 g4=0.088 g5=0.058
2026-09-14 17:33:10 - train: epoch 229, iter:0, loss: 0.3865, lr: 0.00014416052942640113
2026-09-14 17:33:15 - train: epoch 229, iter:20, loss: 0.4389, lr: 0.00014416052942640113
2026-09-14 17:33:36 - val epoch: 229, loss: 0.9130
2026-09-14 17:33:36 - train gamma: g2=0.111 g3=0.115 g4=0.088 g5=0.058
2026-09-14 17:33:38 - train: epoch 230, iter:0, loss: 0.4852, lr: 0.0001406319418757314
2026-09-14 17:33:44 - train: epoch 230, iter:20, loss: 0.4323, lr: 0.0001406319418757314
2026-09-14 17:34:12 - val epoch: 230, loss: 0.8845, miou: 0.7818291055829575, f1_or_dsc: 0.8775579017463271, accuracy: 0.9399413684807202,                 specificity: 0.9578801620837043, sensitivity: 0.8841839124298048, confusion_matrix: [[38376029  1687468]
 [ 1492822 11396769]]
2026-09-14 17:34:12 - train gamma: g2=0.111 g3=0.114 g4=0.088 g5=0.058
2026-09-14 17:34:14 - train: epoch 231, iter:0, loss: 0.3945, lr: 0.00013714331138868954
2026-09-14 17:34:20 - train: epoch 231, iter:20, loss: 0.4127, lr: 0.00013714331138868954
2026-09-14 17:34:42 - val epoch: 231, loss: 0.8908
2026-09-14 17:34:42 - train gamma: g2=0.111 g3=0.113 g4=0.089 g5=0.059
2026-09-14 17:34:43 - train: epoch 232, iter:0, loss: 0.3634, lr: 0.00013369502053292226
2026-09-14 17:34:49 - train: epoch 232, iter:20, loss: 0.4238, lr: 0.00013369502053292226
2026-09-14 17:35:14 - val epoch: 232, loss: 0.8824
2026-09-14 17:35:14 - train gamma: g2=0.111 g3=0.112 g4=0.088 g5=0.058
2026-09-14 17:35:17 - train: epoch 233, iter:0, loss: 0.3799, lr: 0.0001302874474523804
2026-09-14 17:35:23 - train: epoch 233, iter:20, loss: 0.4254, lr: 0.0001302874474523804
2026-09-14 17:35:44 - val epoch: 233, loss: 0.8690
2026-09-14 17:35:44 - train gamma: g2=0.111 g3=0.113 g4=0.088 g5=0.058
2026-09-14 17:35:46 - train: epoch 234, iter:0, loss: 0.4947, lr: 0.00012692096582585187
2026-09-14 17:35:51 - train: epoch 234, iter:20, loss: 0.4448, lr: 0.00012692096582585187
2026-09-14 17:36:15 - val epoch: 234, loss: 0.8656
2026-09-14 17:36:15 - train gamma: g2=0.111 g3=0.113 g4=0.089 g5=0.059
2026-09-14 17:36:18 - train: epoch 235, iter:0, loss: 0.4295, lr: 0.00012359594482598416
2026-09-14 17:36:23 - train: epoch 235, iter:20, loss: 0.4272, lr: 0.00012359594482598416
2026-09-14 17:36:45 - val epoch: 235, loss: 0.8807
2026-09-14 17:36:45 - train gamma: g2=0.111 g3=0.113 g4=0.088 g5=0.059
2026-09-14 17:36:47 - train: epoch 236, iter:0, loss: 0.4920, lr: 0.00012031274907879919
2026-09-14 17:36:53 - train: epoch 236, iter:20, loss: 0.4314, lr: 0.00012031274907879919
2026-09-14 17:37:16 - val epoch: 236, loss: 0.8532
2026-09-14 17:37:16 - train gamma: g2=0.111 g3=0.112 g4=0.088 g5=0.060
2026-09-14 17:37:18 - train: epoch 237, iter:0, loss: 0.3682, lr: 0.00011707173862370913
2026-09-14 17:37:24 - train: epoch 237, iter:20, loss: 0.4112, lr: 0.00011707173862370913
2026-09-14 17:37:47 - val epoch: 237, loss: 0.8529
2026-09-14 17:37:47 - train gamma: g2=0.111 g3=0.112 g4=0.089 g5=0.061
2026-09-14 17:37:49 - train: epoch 238, iter:0, loss: 0.4207, lr: 0.00011387326887403316
2026-09-14 17:37:55 - train: epoch 238, iter:20, loss: 0.4276, lr: 0.00011387326887403316
2026-09-14 17:38:17 - val epoch: 238, loss: 0.8624
2026-09-14 17:38:17 - train gamma: g2=0.111 g3=0.112 g4=0.088 g5=0.060
2026-09-14 17:38:19 - train: epoch 239, iter:0, loss: 0.3915, lr: 0.00011071769057802265
2026-09-14 17:38:25 - train: epoch 239, iter:20, loss: 0.4274, lr: 0.00011071769057802265
2026-09-14 17:38:49 - val epoch: 239, loss: 0.8813
2026-09-14 17:38:49 - train gamma: g2=0.111 g3=0.113 g4=0.088 g5=0.061
2026-09-14 17:38:51 - train: epoch 240, iter:0, loss: 0.4028, lr: 0.0001076053497803982
2026-09-14 17:38:56 - train: epoch 240, iter:20, loss: 0.4226, lr: 0.0001076053497803982
2026-09-14 17:39:21 - val epoch: 240, loss: 0.8808, miou: 0.7826490427429754, f1_or_dsc: 0.8780741738583692, accuracy: 0.9403672926496751,                 specificity: 0.9590976544059546, sensitivity: 0.8821494801503011, confusion_matrix: [[38424806  1638691]
 [ 1519045 11370546]]
2026-09-14 17:39:21 - train gamma: g2=0.111 g3=0.114 g4=0.089 g5=0.061
2026-09-14 17:39:23 - train: epoch 241, iter:0, loss: 0.4045, lr: 0.00010453658778440088
2026-09-14 17:39:28 - train: epoch 241, iter:20, loss: 0.4246, lr: 0.00010453658778440088
2026-09-14 17:39:53 - val epoch: 241, loss: 0.8957
2026-09-14 17:39:53 - train gamma: g2=0.111 g3=0.113 g4=0.089 g5=0.061
2026-09-14 17:39:55 - train: epoch 242, iter:0, loss: 0.3833, lr: 0.00010151174111436543
2026-09-14 17:40:01 - train: epoch 242, iter:20, loss: 0.4184, lr: 0.00010151174111436543
2026-09-14 17:40:22 - val epoch: 242, loss: 0.8716
2026-09-14 17:40:22 - train gamma: g2=0.111 g3=0.112 g4=0.089 g5=0.061
2026-09-14 17:40:24 - train: epoch 243, iter:0, loss: 0.4185, lr: 9.853114147881633e-05
2026-09-14 17:40:30 - train: epoch 243, iter:20, loss: 0.4199, lr: 9.853114147881633e-05
2026-09-14 17:40:55 - val epoch: 243, loss: 0.8772
2026-09-14 17:40:55 - train gamma: g2=0.111 g3=0.113 g4=0.089 g5=0.060
2026-09-14 17:40:57 - train: epoch 244, iter:0, loss: 0.4877, lr: 9.559511573409167e-05
2026-09-14 17:41:03 - train: epoch 244, iter:20, loss: 0.4162, lr: 9.559511573409167e-05
2026-09-14 17:41:24 - val epoch: 244, loss: 0.8793
2026-09-14 17:41:24 - train gamma: g2=0.111 g3=0.113 g4=0.089 g5=0.061
2026-09-14 17:41:26 - train: epoch 245, iter:0, loss: 0.3971, lr: 9.270398584850061e-05
2026-09-14 17:41:32 - train: epoch 245, iter:20, loss: 0.4302, lr: 9.270398584850061e-05
2026-09-14 17:41:57 - val epoch: 245, loss: 0.8705
2026-09-14 17:41:57 - train gamma: g2=0.111 g3=0.113 g4=0.089 g5=0.061
2026-09-14 17:41:59 - train: epoch 246, iter:0, loss: 0.4470, lr: 8.985806886701499e-05
2026-09-14 17:42:05 - train: epoch 246, iter:20, loss: 0.4301, lr: 8.985806886701499e-05
2026-09-14 17:42:26 - val epoch: 246, loss: 0.8785
2026-09-14 17:42:26 - train gamma: g2=0.111 g3=0.113 g4=0.089 g5=0.061
2026-09-14 17:42:28 - train: epoch 247, iter:0, loss: 0.5224, lr: 8.705767687650239e-05
2026-09-14 17:42:33 - train: epoch 247, iter:20, loss: 0.4271, lr: 8.705767687650239e-05
2026-09-14 17:42:59 - val epoch: 247, loss: 0.8784
2026-09-14 17:42:59 - train gamma: g2=0.111 g3=0.112 g4=0.089 g5=0.061
2026-09-14 17:43:01 - train: epoch 248, iter:0, loss: 0.4123, lr: 8.430311697150229e-05
2026-09-14 17:43:06 - train: epoch 248, iter:20, loss: 0.4315, lr: 8.430311697150229e-05
2026-09-14 17:43:28 - val epoch: 248, loss: 0.8880
2026-09-14 17:43:28 - train gamma: g2=0.111 g3=0.113 g4=0.089 g5=0.061
2026-09-14 17:43:30 - train: epoch 249, iter:0, loss: 0.3799, lr: 8.159469122054909e-05
2026-09-14 17:43:35 - train: epoch 249, iter:20, loss: 0.4369, lr: 8.159469122054909e-05
2026-09-14 17:43:59 - val epoch: 249, loss: 0.9004
2026-09-14 17:43:59 - train gamma: g2=0.111 g3=0.113 g4=0.088 g5=0.060
2026-09-14 17:44:01 - train: epoch 250, iter:0, loss: 0.4876, lr: 7.893269663304782e-05
2026-09-14 17:44:07 - train: epoch 250, iter:20, loss: 0.4327, lr: 7.893269663304782e-05
2026-09-14 17:44:33 - val epoch: 250, loss: 0.8909, miou: 0.7851907774550394, f1_or_dsc: 0.8796715593326155, accuracy: 0.9418879405106648,                 specificity: 0.9641634128942863, sensitivity: 0.872651195837013, confusion_matrix: [[38627758  1435739]
 [ 1641474 11248117]]
2026-09-14 17:44:33 - train gamma: g2=0.111 g3=0.113 g4=0.089 g5=0.061
2026-09-14 17:44:35 - train: epoch 251, iter:0, loss: 0.4508, lr: 7.631742512670282e-05
2026-09-14 17:44:40 - train: epoch 251, iter:20, loss: 0.4270, lr: 7.631742512670282e-05
2026-09-14 17:45:03 - val epoch: 251, loss: 0.8829
2026-09-14 17:45:03 - train gamma: g2=0.111 g3=0.114 g4=0.089 g5=0.061
2026-09-14 17:45:05 - train: epoch 252, iter:0, loss: 0.4414, lr: 7.374916349550603e-05
2026-09-14 17:45:11 - train: epoch 252, iter:20, loss: 0.4191, lr: 7.374916349550603e-05
2026-09-14 17:45:35 - val epoch: 252, loss: 0.8821
2026-09-14 17:45:35 - train gamma: g2=0.111 g3=0.114 g4=0.089 g5=0.062
2026-09-14 17:45:37 - train: epoch 253, iter:0, loss: 0.4640, lr: 7.122819337828741e-05
2026-09-14 17:45:42 - train: epoch 253, iter:20, loss: 0.4197, lr: 7.122819337828741e-05
2026-09-14 17:46:05 - val epoch: 253, loss: 0.8972
2026-09-14 17:46:05 - train gamma: g2=0.111 g3=0.114 g4=0.089 g5=0.063
2026-09-14 17:46:07 - train: epoch 254, iter:0, loss: 0.4411, lr: 6.875479122782878e-05
2026-09-14 17:46:12 - train: epoch 254, iter:20, loss: 0.4296, lr: 6.875479122782878e-05
2026-09-14 17:46:37 - val epoch: 254, loss: 0.8868
2026-09-14 17:46:37 - train gamma: g2=0.111 g3=0.113 g4=0.089 g5=0.062
2026-09-14 17:46:39 - train: epoch 255, iter:0, loss: 0.3747, lr: 6.632922828054862e-05
2026-09-14 17:46:44 - train: epoch 255, iter:20, loss: 0.4289, lr: 6.632922828054862e-05
2026-09-14 17:47:06 - val epoch: 255, loss: 0.8953
2026-09-14 17:47:06 - train gamma: g2=0.111 g3=0.113 g4=0.089 g5=0.063
2026-09-14 17:47:08 - train: epoch 256, iter:0, loss: 0.4282, lr: 6.395177052675786e-05
2026-09-14 17:47:13 - train: epoch 256, iter:20, loss: 0.4320, lr: 6.395177052675786e-05
2026-09-14 17:47:39 - val epoch: 256, loss: 0.8851
2026-09-14 17:47:39 - train gamma: g2=0.111 g3=0.113 g4=0.089 g5=0.062
2026-09-14 17:47:41 - train: epoch 257, iter:0, loss: 0.3830, lr: 6.162267868149065e-05
2026-09-14 17:47:46 - train: epoch 257, iter:20, loss: 0.4249, lr: 6.162267868149065e-05
2026-09-14 17:48:08 - val epoch: 257, loss: 0.8877
2026-09-14 17:48:08 - train gamma: g2=0.111 g3=0.114 g4=0.089 g5=0.062
2026-09-14 17:48:10 - train: epoch 258, iter:0, loss: 0.4310, lr: 5.934220815591413e-05
2026-09-14 17:48:15 - train: epoch 258, iter:20, loss: 0.4310, lr: 5.934220815591413e-05
2026-09-14 17:48:40 - val epoch: 258, loss: 0.8987
2026-09-14 17:48:40 - train gamma: g2=0.111 g3=0.115 g4=0.089 g5=0.063
2026-09-14 17:48:42 - train: epoch 259, iter:0, loss: 0.4237, lr: 5.711060902932035e-05
2026-09-14 17:48:47 - train: epoch 259, iter:20, loss: 0.4115, lr: 5.711060902932035e-05
2026-09-14 17:49:09 - val epoch: 259, loss: 0.8958
2026-09-14 17:49:09 - train gamma: g2=0.111 g3=0.114 g4=0.089 g5=0.063
2026-09-14 17:49:11 - train: epoch 260, iter:0, loss: 0.3827, lr: 5.492812602170101e-05
2026-09-14 17:49:17 - train: epoch 260, iter:20, loss: 0.4215, lr: 5.492812602170101e-05
2026-09-14 17:49:44 - val epoch: 260, loss: 0.8925, miou: 0.7815515355818954, f1_or_dsc: 0.8773830225760186, accuracy: 0.9400454039620881,                 specificity: 0.9589719539460072, sensitivity: 0.8812177981442545, confusion_matrix: [[38419770  1643727]
 [ 1531054 11358537]]
2026-09-14 17:49:44 - train gamma: g2=0.111 g3=0.114 g4=0.089 g5=0.063
2026-09-14 17:49:46 - train: epoch 261, iter:0, loss: 0.5024, lr: 5.279499846691256e-05
2026-09-14 17:49:52 - train: epoch 261, iter:20, loss: 0.4177, lr: 5.279499846691256e-05
2026-09-14 17:50:14 - val epoch: 261, loss: 0.9113
2026-09-14 17:50:14 - train gamma: g2=0.111 g3=0.114 g4=0.089 g5=0.062
2026-09-14 17:50:16 - train: epoch 262, iter:0, loss: 0.4804, lr: 5.071146028642938e-05
2026-09-14 17:50:21 - train: epoch 262, iter:20, loss: 0.4160, lr: 5.071146028642938e-05
2026-09-14 17:50:45 - val epoch: 262, loss: 0.8984
2026-09-14 17:50:45 - train gamma: g2=0.111 g3=0.114 g4=0.089 g5=0.064
2026-09-14 17:50:47 - train: epoch 263, iter:0, loss: 0.4352, lr: 4.867773996369213e-05
2026-09-14 17:50:53 - train: epoch 263, iter:20, loss: 0.4259, lr: 4.867773996369213e-05
2026-09-14 17:51:16 - val epoch: 263, loss: 0.8948
2026-09-14 17:51:16 - train gamma: g2=0.111 g3=0.115 g4=0.089 g5=0.064
2026-09-14 17:51:18 - train: epoch 264, iter:0, loss: 0.3920, lr: 4.669406051905255e-05
2026-09-14 17:51:23 - train: epoch 264, iter:20, loss: 0.4146, lr: 4.669406051905255e-05
2026-09-14 17:51:46 - val epoch: 264, loss: 0.9052
2026-09-14 17:51:46 - train gamma: g2=0.111 g3=0.114 g4=0.089 g5=0.064
2026-09-14 17:51:48 - train: epoch 265, iter:0, loss: 0.3616, lr: 4.476063948531553e-05
2026-09-14 17:51:53 - train: epoch 265, iter:20, loss: 0.4228, lr: 4.476063948531553e-05
2026-09-14 17:52:19 - val epoch: 265, loss: 0.8975
2026-09-14 17:52:19 - train gamma: g2=0.111 g3=0.114 g4=0.089 g5=0.064
2026-09-14 17:52:21 - train: epoch 266, iter:0, loss: 0.4573, lr: 4.2877688883885086e-05
2026-09-14 17:52:26 - train: epoch 266, iter:20, loss: 0.4248, lr: 4.2877688883885086e-05
2026-09-14 17:52:52 - val epoch: 266, loss: 0.8965
2026-09-14 17:52:52 - train gamma: g2=0.111 g3=0.114 g4=0.089 g5=0.064
2026-09-14 17:52:54 - train: epoch 267, iter:0, loss: 0.4501, lr: 4.1045415201513684e-05
2026-09-14 17:52:59 - train: epoch 267, iter:20, loss: 0.4127, lr: 4.1045415201513684e-05
2026-09-14 17:53:21 - val epoch: 267, loss: 0.8999
2026-09-14 17:53:21 - train gamma: g2=0.111 g3=0.114 g4=0.089 g5=0.064
2026-09-14 17:53:22 - train: epoch 268, iter:0, loss: 0.4654, lr: 3.926401936765836e-05
2026-09-14 17:53:28 - train: epoch 268, iter:20, loss: 0.4244, lr: 3.926401936765836e-05
2026-09-14 17:53:53 - val epoch: 268, loss: 0.8960
2026-09-14 17:53:53 - train gamma: g2=0.111 g3=0.114 g4=0.089 g5=0.064
2026-09-14 17:53:55 - train: epoch 269, iter:0, loss: 0.4329, lr: 3.753369673244687e-05
2026-09-14 17:54:01 - train: epoch 269, iter:20, loss: 0.4216, lr: 3.753369673244687e-05
2026-09-14 17:54:22 - val epoch: 269, loss: 0.8850
2026-09-14 17:54:22 - train gamma: g2=0.111 g3=0.114 g4=0.089 g5=0.065
2026-09-14 17:54:24 - train: epoch 270, iter:0, loss: 0.4598, lr: 3.5854637045255115e-05
2026-09-14 17:54:30 - train: epoch 270, iter:20, loss: 0.4194, lr: 3.5854637045255115e-05
2026-09-14 17:54:58 - val epoch: 270, loss: 0.9056, miou: 0.7814178772632208, f1_or_dsc: 0.8772987935472022, accuracy: 0.9404874556135423,                 specificity: 0.9618667836210104, sensitivity: 0.8740361117742216, confusion_matrix: [[38535747  1527750]
 [ 1623623 11265968]]
2026-09-14 17:54:58 - train gamma: g2=0.111 g3=0.114 g4=0.089 g5=0.065
2026-09-14 17:54:59 - train: epoch 271, iter:0, loss: 0.4317, lr: 3.422702443389897e-05
2026-09-14 17:55:05 - train: epoch 271, iter:20, loss: 0.4209, lr: 3.422702443389897e-05
2026-09-14 17:55:27 - val epoch: 271, loss: 0.8926
2026-09-14 17:55:27 - train gamma: g2=0.111 g3=0.114 g4=0.089 g5=0.064
2026-09-14 17:55:29 - train: epoch 272, iter:0, loss: 0.4061, lr: 3.265103738444294e-05
2026-09-14 17:55:34 - train: epoch 272, iter:20, loss: 0.4161, lr: 3.265103738444294e-05
2026-09-14 17:55:58 - val epoch: 272, loss: 0.8914
2026-09-14 17:55:58 - train gamma: g2=0.111 g3=0.114 g4=0.089 g5=0.065
2026-09-14 17:56:00 - train: epoch 273, iter:0, loss: 0.4298, lr: 3.112684872162669e-05
2026-09-14 17:56:06 - train: epoch 273, iter:20, loss: 0.4365, lr: 3.112684872162669e-05
2026-09-14 17:56:29 - val epoch: 273, loss: 0.8921
2026-09-14 17:56:29 - train gamma: g2=0.111 g3=0.114 g4=0.089 g5=0.064
2026-09-14 17:56:31 - train: epoch 274, iter:0, loss: 0.3703, lr: 2.9654625589913163e-05
2026-09-14 17:56:36 - train: epoch 274, iter:20, loss: 0.4197, lr: 2.9654625589913163e-05
2026-09-14 17:57:00 - val epoch: 274, loss: 0.8890
2026-09-14 17:57:00 - train gamma: g2=0.111 g3=0.114 g4=0.089 g5=0.065
2026-09-14 17:57:02 - train: epoch 275, iter:0, loss: 0.4265, lr: 2.823452943515922e-05
2026-09-14 17:57:08 - train: epoch 275, iter:20, loss: 0.4132, lr: 2.823452943515922e-05
2026-09-14 17:57:31 - val epoch: 275, loss: 0.8903
2026-09-14 17:57:31 - train gamma: g2=0.111 g3=0.114 g4=0.089 g5=0.065
2026-09-14 17:57:33 - train: epoch 276, iter:0, loss: 0.4007, lr: 2.6866715986911168e-05
2026-09-14 17:57:38 - train: epoch 276, iter:20, loss: 0.4205, lr: 2.6866715986911168e-05
2026-09-14 17:58:01 - val epoch: 276, loss: 0.9055
2026-09-14 17:58:01 - train gamma: g2=0.111 g3=0.114 g4=0.089 g5=0.065
2026-09-14 17:58:03 - train: epoch 277, iter:0, loss: 0.4149, lr: 2.5551335241327604e-05
2026-09-14 17:58:08 - train: epoch 277, iter:20, loss: 0.4074, lr: 2.5551335241327604e-05
2026-09-14 17:58:33 - val epoch: 277, loss: 0.8972
2026-09-14 17:58:33 - train gamma: g2=0.111 g3=0.115 g4=0.090 g5=0.065
2026-09-14 17:58:35 - train: epoch 278, iter:0, loss: 0.4168, lr: 2.4288531444730185e-05
2026-09-14 17:58:40 - train: epoch 278, iter:20, loss: 0.4059, lr: 2.4288531444730185e-05
2026-09-14 17:59:01 - val epoch: 278, loss: 0.8944
2026-09-14 17:59:01 - train gamma: g2=0.111 g3=0.114 g4=0.089 g5=0.065
2026-09-14 17:59:03 - train: epoch 279, iter:0, loss: 0.3944, lr: 2.3078443077785645e-05
2026-09-14 17:59:09 - train: epoch 279, iter:20, loss: 0.4195, lr: 2.3078443077785645e-05
2026-09-14 17:59:34 - val epoch: 279, loss: 0.8965
2026-09-14 17:59:34 - train gamma: g2=0.111 g3=0.114 g4=0.090 g5=0.065
2026-09-14 17:59:36 - train: epoch 280, iter:0, loss: 0.3753, lr: 2.1921202840320064e-05
2026-09-14 17:59:41 - train: epoch 280, iter:20, loss: 0.4118, lr: 2.1921202840320064e-05
2026-09-14 18:00:10 - val epoch: 280, loss: 0.8989, miou: 0.7817722243300064, f1_or_dsc: 0.8775220689322099, accuracy: 0.9402793091122467,                 specificity: 0.9600217874141141, sensitivity: 0.8789156304494068, confusion_matrix: [[38461830  1601667]
 [ 1560728 11328863]]
2026-09-14 18:00:10 - train gamma: g2=0.111 g3=0.114 g4=0.090 g5=0.065
2026-09-14 18:00:12 - train: epoch 281, iter:0, loss: 0.6207, lr: 2.081693763676623e-05
2026-09-14 18:00:17 - train: epoch 281, iter:20, loss: 0.4249, lr: 2.081693763676623e-05
2026-09-14 18:00:39 - val epoch: 281, loss: 0.8915
2026-09-14 18:00:39 - train gamma: g2=0.111 g3=0.114 g4=0.090 g5=0.065
2026-09-14 18:00:41 - train: epoch 282, iter:0, loss: 0.3720, lr: 1.9765768562247723e-05
2026-09-14 18:00:46 - train: epoch 282, iter:20, loss: 0.4233, lr: 1.9765768562247723e-05
2026-09-14 18:01:12 - val epoch: 282, loss: 0.9066
2026-09-14 18:01:12 - train gamma: g2=0.111 g3=0.114 g4=0.090 g5=0.065
2026-09-14 18:01:14 - train: epoch 283, iter:0, loss: 0.3755, lr: 1.876781088929913e-05
2026-09-14 18:01:19 - train: epoch 283, iter:20, loss: 0.4085, lr: 1.876781088929913e-05
2026-09-14 18:01:41 - val epoch: 283, loss: 0.8978
2026-09-14 18:01:41 - train gamma: g2=0.111 g3=0.114 g4=0.090 g5=0.065
2026-09-14 18:01:42 - train: epoch 284, iter:0, loss: 0.3483, lr: 1.7823174055225262e-05
2026-09-14 18:01:48 - train: epoch 284, iter:20, loss: 0.4095, lr: 1.7823174055225262e-05
2026-09-14 18:02:13 - val epoch: 284, loss: 0.8938
2026-09-14 18:02:13 - train gamma: g2=0.111 g3=0.114 g4=0.090 g5=0.065
2026-09-14 18:02:15 - train: epoch 285, iter:0, loss: 0.3827, lr: 1.693196165010003e-05
2026-09-14 18:02:20 - train: epoch 285, iter:20, loss: 0.4092, lr: 1.693196165010003e-05
2026-09-14 18:02:41 - val epoch: 285, loss: 0.9022
2026-09-14 18:02:41 - train gamma: g2=0.111 g3=0.114 g4=0.090 g5=0.065
2026-09-14 18:02:43 - train: epoch 286, iter:0, loss: 0.3993, lr: 1.6094271405406855e-05
2026-09-14 18:02:49 - train: epoch 286, iter:20, loss: 0.4094, lr: 1.6094271405406855e-05
2026-09-14 18:03:12 - val epoch: 286, loss: 0.8945
2026-09-14 18:03:12 - train gamma: g2=0.111 g3=0.114 g4=0.090 g5=0.065
2026-09-14 18:03:14 - train: epoch 287, iter:0, loss: 0.6035, lr: 1.5310195183320773e-05
2026-09-14 18:03:19 - train: epoch 287, iter:20, loss: 0.4175, lr: 1.5310195183320773e-05
2026-09-14 18:03:43 - val epoch: 287, loss: 0.8864
2026-09-14 18:03:43 - train gamma: g2=0.111 g3=0.114 g4=0.090 g5=0.065
2026-09-14 18:03:45 - train: epoch 288, iter:0, loss: 0.4613, lr: 1.4579818966635417e-05
2026-09-14 18:03:50 - train: epoch 288, iter:20, loss: 0.4054, lr: 1.4579818966635417e-05
2026-09-14 18:04:13 - val epoch: 288, loss: 0.8895
2026-09-14 18:04:13 - train gamma: g2=0.111 g3=0.114 g4=0.090 g5=0.066
2026-09-14 18:04:15 - train: epoch 289, iter:0, loss: 0.4849, lr: 1.3903222849333505e-05
2026-09-14 18:04:21 - train: epoch 289, iter:20, loss: 0.4035, lr: 1.3903222849333505e-05
2026-09-14 18:04:45 - val epoch: 289, loss: 0.8983
2026-09-14 18:04:45 - train gamma: g2=0.111 g3=0.114 g4=0.090 g5=0.066
2026-09-14 18:04:47 - train: epoch 290, iter:0, loss: 0.4153, lr: 1.3280481027803759e-05
2026-09-14 18:04:53 - train: epoch 290, iter:20, loss: 0.4172, lr: 1.3280481027803759e-05
2026-09-14 18:05:16 - val epoch: 290, loss: 0.8980, miou: 0.782232110979197, f1_or_dsc: 0.8778117128070616, accuracy: 0.9400810015083539,                 specificity: 0.9580543106359387, sensitivity: 0.8842162641157505, confusion_matrix: [[38383006  1680491]
 [ 1492405 11397186]]
2026-09-14 18:05:16 - train gamma: g2=0.111 g3=0.114 g4=0.090 g5=0.066
2026-09-14 18:05:18 - train: epoch 291, iter:0, loss: 0.4250, lr: 1.271166179270472e-05
2026-09-14 18:05:24 - train: epoch 291, iter:20, loss: 0.4100, lr: 1.271166179270472e-05
2026-09-14 18:05:49 - val epoch: 291, loss: 0.9024
2026-09-14 18:05:49 - train gamma: g2=0.111 g3=0.114 g4=0.090 g5=0.066
2026-09-14 18:05:51 - train: epoch 292, iter:0, loss: 0.4153, lr: 1.21968275214754e-05
2026-09-14 18:05:56 - train: epoch 292, iter:20, loss: 0.4183, lr: 1.21968275214754e-05
2026-09-14 18:06:21 - val epoch: 292, loss: 0.8995
2026-09-14 18:06:21 - train gamma: g2=0.111 g3=0.114 g4=0.090 g5=0.066
2026-09-14 18:06:23 - train: epoch 293, iter:0, loss: 0.3841, lr: 1.1736034671495336e-05
2026-09-14 18:06:29 - train: epoch 293, iter:20, loss: 0.4213, lr: 1.1736034671495336e-05
2026-09-14 18:06:51 - val epoch: 293, loss: 0.9097
2026-09-14 18:06:51 - train gamma: g2=0.111 g3=0.114 g4=0.090 g5=0.066
2026-09-14 18:06:53 - train: epoch 294, iter:0, loss: 0.3518, lr: 1.1329333773893242e-05
2026-09-14 18:06:58 - train: epoch 294, iter:20, loss: 0.4088, lr: 1.1329333773893242e-05
2026-09-14 18:07:21 - val epoch: 294, loss: 0.8964
2026-09-14 18:07:21 - train gamma: g2=0.111 g3=0.114 g4=0.090 g5=0.066
2026-09-14 18:07:23 - train: epoch 295, iter:0, loss: 0.3625, lr: 1.0976769428005577e-05
2026-09-14 18:07:29 - train: epoch 295, iter:20, loss: 0.4082, lr: 1.0976769428005577e-05
2026-09-14 18:07:53 - val epoch: 295, loss: 0.8940
2026-09-14 18:07:53 - train gamma: g2=0.111 g3=0.114 g4=0.090 g5=0.066
2026-09-14 18:07:55 - train: epoch 296, iter:0, loss: 0.4283, lr: 1.0678380296485951e-05
2026-09-14 18:08:00 - train: epoch 296, iter:20, loss: 0.4277, lr: 1.0678380296485951e-05
2026-09-14 18:08:22 - val epoch: 296, loss: 0.8939
2026-09-14 18:08:22 - train gamma: g2=0.111 g3=0.114 g4=0.090 g5=0.066
2026-09-14 18:08:24 - train: epoch 297, iter:0, loss: 0.3555, lr: 1.04341991010651e-05
2026-09-14 18:08:29 - train: epoch 297, iter:20, loss: 0.4104, lr: 1.04341991010651e-05
2026-09-14 18:08:54 - val epoch: 297, loss: 0.8915
2026-09-14 18:08:54 - train gamma: g2=0.111 g3=0.114 g4=0.090 g5=0.066
2026-09-14 18:08:57 - train: epoch 298, iter:0, loss: 0.3976, lr: 1.0244252618962858e-05
2026-09-14 18:09:02 - train: epoch 298, iter:20, loss: 0.4144, lr: 1.0244252618962858e-05
2026-09-14 18:09:24 - val epoch: 298, loss: 0.9070
2026-09-14 18:09:24 - train gamma: g2=0.111 g3=0.114 g4=0.090 g5=0.066
2026-09-14 18:09:26 - train: epoch 299, iter:0, loss: 0.3963, lr: 1.0108561679951479e-05
2026-09-14 18:09:31 - train: epoch 299, iter:20, loss: 0.4000, lr: 1.0108561679951479e-05
2026-09-14 18:09:56 - val epoch: 299, loss: 0.8923
2026-09-14 18:09:56 - train gamma: g2=0.111 g3=0.114 g4=0.090 g5=0.066
2026-09-14 18:09:58 - train: epoch 300, iter:0, loss: 0.3727, lr: 1.002714116407149e-05
2026-09-14 18:10:03 - train: epoch 300, iter:20, loss: 0.4119, lr: 1.002714116407149e-05
2026-09-14 18:10:27 - val epoch: 300, loss: 0.9035, miou: 0.7819706467096432, f1_or_dsc: 0.8776470568171583, accuracy: 0.9403863661360032,                 specificity: 0.9603416047281145, sensitivity: 0.878361384779393, confusion_matrix: [[38474643  1588854]
 [ 1567872 11321719]]
2026-09-14 18:10:27 - train gamma: g2=0.111 g3=0.114 g4=0.090 g5=0.066
2026-09-14 18:11:07 - evaluation split=V_dev, loss: 0.7666,miou: 0.8025243625753027, f1_or_dsc: 0.8904449551280628, accuracy: 0.9465108814806041,                 specificity: 0.9637197172278795, sensitivity: 0.893022284415386, confusion_matrix: [[38609982  1453515]
 [ 1378899 11510692]]
