2026-09-30 08:52:43 - #----------Config info----------#
2026-09-30 08:52:43 - network: ege_wave_unet,
2026-09-30 08:52:43 - seed: 42,
2026-09-30 08:52:43 - wave_mode: full,
2026-09-30 08:52:43 - fusion_type: scalar,
2026-09-30 08:52:43 - diff_lr: False,
2026-09-30 08:52:43 - work_dir: /home/featurize/work/EGE-UNet-main/results/rebatch8_20260930/wave_v1_seed42/,
2026-09-30 08:52:43 - epochs: 300,
2026-09-30 08:52:43 - val_interval: 10,
2026-09-30 08:52:43 - save_interval: 10,
2026-09-30 08:52:43 - num_workers: 4,
2026-09-30 08:52:43 - batch_size: 64,
2026-09-30 08:52:43 - val_batch_size: 8,
2026-09-30 08:52:43 - gradient_accumulation_steps: 1,
2026-09-30 08:52:45 - train: epoch 1, iter:0, loss: 5.6019, lr: 0.001
2026-09-30 08:52:47 - train: epoch 1, iter:20, loss: 3.1311, lr: 0.001
2026-09-30 08:52:50 - val epoch: 1, loss: 1.8575
2026-09-30 08:52:50 - wave mode=full, epoch 1, alpha: 0.0998
2026-09-30 08:52:51 - train: epoch 2, iter:0, loss: 1.9177, lr: 0.0009999728588359286
2026-09-30 08:52:53 - train: epoch 2, iter:20, loss: 1.7248, lr: 0.0009999728588359286
2026-09-30 08:52:56 - val epoch: 2, loss: 1.4551
2026-09-30 08:52:56 - wave mode=full, epoch 2, alpha: 0.1000
2026-09-30 08:52:57 - train: epoch 3, iter:0, loss: 1.8461, lr: 0.0009998914383200486
2026-09-30 08:52:59 - train: epoch 3, iter:20, loss: 1.4222, lr: 0.0009998914383200486
2026-09-30 08:53:02 - val epoch: 3, loss: 1.3422
2026-09-30 08:53:02 - wave mode=full, epoch 3, alpha: 0.1002
2026-09-30 08:53:03 - train: epoch 4, iter:0, loss: 1.5607, lr: 0.0009997557473810372
2026-09-30 08:53:05 - train: epoch 4, iter:20, loss: 1.3169, lr: 0.0009997557473810372
2026-09-30 08:53:07 - val epoch: 4, loss: 1.3350
2026-09-30 08:53:07 - wave mode=full, epoch 4, alpha: 0.1003
2026-09-30 08:53:08 - train: epoch 5, iter:0, loss: 0.9998, lr: 0.000999565800898935
2026-09-30 08:53:10 - train: epoch 5, iter:20, loss: 1.2087, lr: 0.000999565800898935
2026-09-30 08:53:13 - val epoch: 5, loss: 1.4331
2026-09-30 08:53:13 - wave mode=full, epoch 5, alpha: 0.1006
2026-09-30 08:53:14 - train: epoch 6, iter:0, loss: 1.1497, lr: 0.0009993216197035143
2026-09-30 08:53:16 - train: epoch 6, iter:20, loss: 1.2151, lr: 0.0009993216197035143
2026-09-30 08:53:19 - val epoch: 6, loss: 1.2412
2026-09-30 08:53:19 - wave mode=full, epoch 6, alpha: 0.1006
2026-09-30 08:53:20 - train: epoch 7, iter:0, loss: 1.1191, lr: 0.0009990232305719946
2026-09-30 08:53:22 - train: epoch 7, iter:20, loss: 1.1335, lr: 0.0009990232305719946
2026-09-30 08:53:24 - val epoch: 7, loss: 1.1464
2026-09-30 08:53:24 - wave mode=full, epoch 7, alpha: 0.1008
2026-09-30 08:53:25 - train: epoch 8, iter:0, loss: 1.2595, lr: 0.0009986706662261067
2026-09-30 08:53:27 - train: epoch 8, iter:20, loss: 1.1095, lr: 0.0009986706662261067
2026-09-30 08:53:30 - val epoch: 8, loss: 1.1690
2026-09-30 08:53:30 - wave mode=full, epoch 8, alpha: 0.1008
2026-09-30 08:53:31 - train: epoch 9, iter:0, loss: 0.8920, lr: 0.0009982639653285047
2026-09-30 08:53:33 - train: epoch 9, iter:20, loss: 1.0244, lr: 0.0009982639653285047
2026-09-30 08:53:35 - val epoch: 9, loss: 1.2567
2026-09-30 08:53:35 - wave mode=full, epoch 9, alpha: 0.1010
2026-09-30 08:53:36 - train: epoch 10, iter:0, loss: 1.1792, lr: 0.0009978031724785245
2026-09-30 08:53:38 - train: epoch 10, iter:20, loss: 1.0536, lr: 0.0009978031724785245
2026-09-30 08:53:41 - val epoch: 10, loss: 1.1748, miou: 0.7344707234503135, f1_or_dsc: 0.8469104880470512, accuracy: 0.9296828166092976,                 specificity: 0.971710158002433, sensitivity: 0.7990532050241159, confusion_matrix: [[38930107  1133390]
 [ 2590122 10299469]]
2026-09-30 08:53:41 - wave mode=full, epoch 10, alpha: 0.1014
2026-09-30 08:53:42 - train: epoch 11, iter:0, loss: 1.0396, lr: 0.0009972883382072953
2026-09-30 08:53:44 - train: epoch 11, iter:20, loss: 1.0257, lr: 0.0009972883382072953
2026-09-30 08:53:47 - val epoch: 11, loss: 1.0896
2026-09-30 08:53:47 - wave mode=full, epoch 11, alpha: 0.1016
2026-09-30 08:53:47 - train: epoch 12, iter:0, loss: 0.8204, lr: 0.0009967195189721962
2026-09-30 08:53:49 - train: epoch 12, iter:20, loss: 0.9960, lr: 0.0009967195189721962
2026-09-30 08:53:52 - val epoch: 12, loss: 1.0718
2026-09-30 08:53:52 - wave mode=full, epoch 12, alpha: 0.1023
2026-09-30 08:53:53 - train: epoch 13, iter:0, loss: 0.9901, lr: 0.0009960967771506667
2026-09-30 08:53:55 - train: epoch 13, iter:20, loss: 0.9502, lr: 0.0009960967771506667
2026-09-30 08:53:58 - val epoch: 13, loss: 1.0441
2026-09-30 08:53:58 - wave mode=full, epoch 13, alpha: 0.1025
2026-09-30 08:53:59 - train: epoch 14, iter:0, loss: 0.9760, lr: 0.0009954201810333646
2026-09-30 08:54:01 - train: epoch 14, iter:20, loss: 0.9448, lr: 0.0009954201810333646
2026-09-30 08:54:03 - val epoch: 14, loss: 1.0338
2026-09-30 08:54:03 - wave mode=full, epoch 14, alpha: 0.1029
2026-09-30 08:54:04 - train: epoch 15, iter:0, loss: 1.0309, lr: 0.0009946898048166792
2026-09-30 08:54:06 - train: epoch 15, iter:20, loss: 0.9394, lr: 0.0009946898048166792
2026-09-30 08:54:09 - val epoch: 15, loss: 1.0305
2026-09-30 08:54:09 - wave mode=full, epoch 15, alpha: 0.1032
2026-09-30 08:54:10 - train: epoch 16, iter:0, loss: 0.9578, lr: 0.000993905728594593
2026-09-30 08:54:12 - train: epoch 16, iter:20, loss: 0.9646, lr: 0.000993905728594593
2026-09-30 08:54:15 - val epoch: 16, loss: 1.0323
2026-09-30 08:54:15 - wave mode=full, epoch 16, alpha: 0.1036
2026-09-30 08:54:16 - train: epoch 17, iter:0, loss: 1.0852, lr: 0.0009930680383498998
2026-09-30 08:54:18 - train: epoch 17, iter:20, loss: 0.8873, lr: 0.0009930680383498998
2026-09-30 08:54:20 - val epoch: 17, loss: 0.9822
2026-09-30 08:54:20 - wave mode=full, epoch 17, alpha: 0.1039
2026-09-30 08:54:21 - train: epoch 18, iter:0, loss: 0.9016, lr: 0.0009921768259447744
2026-09-30 08:54:23 - train: epoch 18, iter:20, loss: 0.8750, lr: 0.0009921768259447744
2026-09-30 08:54:26 - val epoch: 18, loss: 0.9636
2026-09-30 08:54:26 - wave mode=full, epoch 18, alpha: 0.1042
2026-09-30 08:54:27 - train: epoch 19, iter:0, loss: 0.9702, lr: 0.0009912321891107007
2026-09-30 08:54:29 - train: epoch 19, iter:20, loss: 0.8702, lr: 0.0009912321891107007
2026-09-30 08:54:31 - val epoch: 19, loss: 1.0750
2026-09-30 08:54:31 - wave mode=full, epoch 19, alpha: 0.1046
2026-09-30 08:54:32 - train: epoch 20, iter:0, loss: 0.9753, lr: 0.0009902342314377522
2026-09-30 08:54:35 - train: epoch 20, iter:20, loss: 0.8718, lr: 0.0009902342314377522
2026-09-30 08:54:37 - val epoch: 20, loss: 0.9392, miou: 0.769240771910645, f1_or_dsc: 0.8695716084814433, accuracy: 0.9371303709426729,                 specificity: 0.961628112493525, sensitivity: 0.8609863571311146, confusion_matrix: [[38526185  1537312]
 [ 1791829 11097762]]
2026-09-30 08:54:37 - wave mode=full, epoch 20, alpha: 0.1046
2026-09-30 08:54:38 - train: epoch 21, iter:0, loss: 0.8898, lr: 0.0009891830623632338
2026-09-30 08:54:40 - train: epoch 21, iter:20, loss: 0.8505, lr: 0.0009891830623632338
2026-09-30 08:54:43 - val epoch: 21, loss: 1.0250
2026-09-30 08:54:43 - wave mode=full, epoch 21, alpha: 0.1049
2026-09-30 08:54:44 - train: epoch 22, iter:0, loss: 0.9836, lr: 0.00098807879715968
2026-09-30 08:54:46 - train: epoch 22, iter:20, loss: 0.8467, lr: 0.00098807879715968
2026-09-30 08:54:48 - val epoch: 22, loss: 0.9504
2026-09-30 08:54:48 - wave mode=full, epoch 22, alpha: 0.1050
2026-09-30 08:54:49 - train: epoch 23, iter:0, loss: 0.6953, lr: 0.0009869215569222143
2026-09-30 08:54:52 - train: epoch 23, iter:20, loss: 0.8902, lr: 0.0009869215569222143
2026-09-30 08:54:54 - val epoch: 23, loss: 1.0334
2026-09-30 08:54:54 - wave mode=full, epoch 23, alpha: 0.1053
2026-09-30 08:54:55 - train: epoch 24, iter:0, loss: 0.8830, lr: 0.0009857114685552697
2026-09-30 08:54:57 - train: epoch 24, iter:20, loss: 0.8511, lr: 0.0009857114685552697
2026-09-30 08:55:00 - val epoch: 24, loss: 0.9633
2026-09-30 08:55:00 - wave mode=full, epoch 24, alpha: 0.1059
2026-09-30 08:55:01 - train: epoch 25, iter:0, loss: 0.8158, lr: 0.0009844486647586721
2026-09-30 08:55:03 - train: epoch 25, iter:20, loss: 0.8166, lr: 0.0009844486647586721
2026-09-30 08:55:05 - val epoch: 25, loss: 0.9529
2026-09-30 08:55:05 - wave mode=full, epoch 25, alpha: 0.1059
2026-09-30 08:55:06 - train: epoch 26, iter:0, loss: 0.8066, lr: 0.0009831332840130884
2026-09-30 08:55:08 - train: epoch 26, iter:20, loss: 0.8218, lr: 0.0009831332840130884
2026-09-30 08:55:11 - val epoch: 26, loss: 0.9320
2026-09-30 08:55:11 - wave mode=full, epoch 26, alpha: 0.1063
2026-09-30 08:55:12 - train: epoch 27, iter:0, loss: 0.7880, lr: 0.0009817654705648405
2026-09-30 08:55:14 - train: epoch 27, iter:20, loss: 0.7819, lr: 0.0009817654705648405
2026-09-30 08:55:17 - val epoch: 27, loss: 1.1124
2026-09-30 08:55:17 - wave mode=full, epoch 27, alpha: 0.1064
2026-09-30 08:55:18 - train: epoch 28, iter:0, loss: 0.7323, lr: 0.0009803453744100864
2026-09-30 08:55:20 - train: epoch 28, iter:20, loss: 0.7838, lr: 0.0009803453744100864
2026-09-30 08:55:23 - val epoch: 28, loss: 0.9068
2026-09-30 08:55:23 - wave mode=full, epoch 28, alpha: 0.1066
2026-09-30 08:55:24 - train: epoch 29, iter:0, loss: 0.7893, lr: 0.0009788731512783728
2026-09-30 08:55:26 - train: epoch 29, iter:20, loss: 0.7751, lr: 0.0009788731512783728
2026-09-30 08:55:29 - val epoch: 29, loss: 1.1876
2026-09-30 08:55:29 - wave mode=full, epoch 29, alpha: 0.1070
2026-09-30 08:55:29 - train: epoch 30, iter:0, loss: 0.8742, lr: 0.0009773489626155566
2026-09-30 08:55:31 - train: epoch 30, iter:20, loss: 0.7925, lr: 0.0009773489626155566
2026-09-30 08:55:34 - val epoch: 30, loss: 1.0823, miou: 0.7279730952515604, f1_or_dsc: 0.8425745716203773, accuracy: 0.9309645737751876,                 specificity: 0.9862985250638505, sensitivity: 0.7589752847859952, confusion_matrix: [[39514568   548929]
 [ 3106710  9782881]]
2026-09-30 08:55:34 - wave mode=full, epoch 30, alpha: 0.1074
2026-09-30 08:55:35 - train: epoch 31, iter:0, loss: 0.8044, lr: 0.0009757729755661006
2026-09-30 08:55:37 - train: epoch 31, iter:20, loss: 0.7820, lr: 0.0009757729755661006
2026-09-30 08:55:39 - val epoch: 31, loss: 1.0087
2026-09-30 08:55:39 - wave mode=full, epoch 31, alpha: 0.1077
2026-09-30 08:55:40 - train: epoch 32, iter:0, loss: 0.6806, lr: 0.0009741453629547445
2026-09-30 08:55:42 - train: epoch 32, iter:20, loss: 0.7495, lr: 0.0009741453629547445
2026-09-30 08:55:45 - val epoch: 32, loss: 0.9245
2026-09-30 08:55:45 - wave mode=full, epoch 32, alpha: 0.1076
2026-09-30 08:55:46 - train: epoch 33, iter:0, loss: 0.6731, lr: 0.0009724663032675527
2026-09-30 08:55:48 - train: epoch 33, iter:20, loss: 0.7540, lr: 0.0009724663032675527
2026-09-30 08:55:51 - val epoch: 33, loss: 0.9412
2026-09-30 08:55:51 - wave mode=full, epoch 33, alpha: 0.1079
2026-09-30 08:55:52 - train: epoch 34, iter:0, loss: 0.5881, lr: 0.0009707359806323412
2026-09-30 08:55:54 - train: epoch 34, iter:20, loss: 0.7470, lr: 0.0009707359806323412
2026-09-30 08:55:56 - val epoch: 34, loss: 0.8863
2026-09-30 08:55:56 - wave mode=full, epoch 34, alpha: 0.1080
2026-09-30 08:55:57 - train: epoch 35, iter:0, loss: 0.5708, lr: 0.0009689545847984858
2026-09-30 08:55:59 - train: epoch 35, iter:20, loss: 0.7346, lr: 0.0009689545847984858
2026-09-30 08:56:02 - val epoch: 35, loss: 0.9382
2026-09-30 08:56:02 - wave mode=full, epoch 35, alpha: 0.1082
2026-09-30 08:56:03 - train: epoch 36, iter:0, loss: 0.9941, lr: 0.0009671223111161144
2026-09-30 08:56:05 - train: epoch 36, iter:20, loss: 0.7617, lr: 0.0009671223111161144
2026-09-30 08:56:08 - val epoch: 36, loss: 0.8806
2026-09-30 08:56:08 - wave mode=full, epoch 36, alpha: 0.1083
2026-09-30 08:56:09 - train: epoch 37, iter:0, loss: 0.8648, lr: 0.000965239360514684
2026-09-30 08:56:11 - train: epoch 37, iter:20, loss: 0.7503, lr: 0.000965239360514684
2026-09-30 08:56:14 - val epoch: 37, loss: 1.0129
2026-09-30 08:56:14 - wave mode=full, epoch 37, alpha: 0.1085
2026-09-30 08:56:14 - train: epoch 38, iter:0, loss: 0.8457, lr: 0.000963305939480947
2026-09-30 08:56:16 - train: epoch 38, iter:20, loss: 0.7333, lr: 0.000963305939480947
2026-09-30 08:56:19 - val epoch: 38, loss: 1.0584
2026-09-30 08:56:19 - wave mode=full, epoch 38, alpha: 0.1089
2026-09-30 08:56:20 - train: epoch 39, iter:0, loss: 0.7156, lr: 0.0009613222600363074
2026-09-30 08:56:22 - train: epoch 39, iter:20, loss: 0.7592, lr: 0.0009613222600363074
2026-09-30 08:56:25 - val epoch: 39, loss: 1.1687
2026-09-30 08:56:25 - wave mode=full, epoch 39, alpha: 0.1091
2026-09-30 08:56:26 - train: epoch 40, iter:0, loss: 0.8088, lr: 0.0009592885397135703
2026-09-30 08:56:28 - train: epoch 40, iter:20, loss: 0.7164, lr: 0.0009592885397135703
2026-09-30 08:56:30 - val epoch: 40, loss: 0.9385, miou: 0.7635410004125389, f1_or_dsc: 0.8659180594428215, accuracy: 0.9364397407758354,                 specificity: 0.9664478365430756, sensitivity: 0.8431684139551053, confusion_matrix: [[38719280  1344217]
 [ 2021495 10868096]]
2026-09-30 08:56:30 - wave mode=full, epoch 40, alpha: 0.1092
2026-09-30 08:56:31 - train: epoch 41, iter:0, loss: 0.9853, lr: 0.0009572050015330871
2026-09-30 08:56:33 - train: epoch 41, iter:20, loss: 0.7047, lr: 0.0009572050015330871
2026-09-30 08:56:36 - val epoch: 41, loss: 0.9971
2026-09-30 08:56:36 - wave mode=full, epoch 41, alpha: 0.1092
2026-09-30 08:56:37 - train: epoch 42, iter:0, loss: 0.5875, lr: 0.0009550718739782986
2026-09-30 08:56:39 - train: epoch 42, iter:20, loss: 0.7638, lr: 0.0009550718739782986
2026-09-30 08:56:42 - val epoch: 42, loss: 0.9088
2026-09-30 08:56:42 - wave mode=full, epoch 42, alpha: 0.1095
2026-09-30 08:56:43 - train: epoch 43, iter:0, loss: 0.7495, lr: 0.0009528893909706794
2026-09-30 08:56:45 - train: epoch 43, iter:20, loss: 0.7208, lr: 0.0009528893909706794
2026-09-30 08:56:47 - val epoch: 43, loss: 0.9055
2026-09-30 08:56:47 - wave mode=full, epoch 43, alpha: 0.1098
2026-09-30 08:56:48 - train: epoch 44, iter:0, loss: 0.7188, lr: 0.0009506577918440856
2026-09-30 08:56:50 - train: epoch 44, iter:20, loss: 0.6783, lr: 0.0009506577918440856
2026-09-30 08:56:53 - val epoch: 44, loss: 0.9271
2026-09-30 08:56:53 - wave mode=full, epoch 44, alpha: 0.1099
2026-09-30 08:56:54 - train: epoch 45, iter:0, loss: 0.7171, lr: 0.000948377321318509
2026-09-30 08:56:56 - train: epoch 45, iter:20, loss: 0.7145, lr: 0.000948377321318509
2026-09-30 08:56:58 - val epoch: 45, loss: 0.9149
2026-09-30 08:56:58 - wave mode=full, epoch 45, alpha: 0.1103
2026-09-30 08:56:59 - train: epoch 46, iter:0, loss: 0.6656, lr: 0.0009460482294732416
2026-09-30 08:57:01 - train: epoch 46, iter:20, loss: 0.6927, lr: 0.0009460482294732416
2026-09-30 08:57:04 - val epoch: 46, loss: 0.9355
2026-09-30 08:57:04 - wave mode=full, epoch 46, alpha: 0.1105
2026-09-30 08:57:05 - train: epoch 47, iter:0, loss: 0.6166, lr: 0.0009436707717194508
2026-09-30 08:57:07 - train: epoch 47, iter:20, loss: 0.6806, lr: 0.0009436707717194508
2026-09-30 08:57:10 - val epoch: 47, loss: 0.8798
2026-09-30 08:57:10 - wave mode=full, epoch 47, alpha: 0.1104
2026-09-30 08:57:11 - train: epoch 48, iter:0, loss: 0.6700, lr: 0.0009412452087721706
2026-09-30 08:57:13 - train: epoch 48, iter:20, loss: 0.6833, lr: 0.0009412452087721706
2026-09-30 08:57:15 - val epoch: 48, loss: 1.0182
2026-09-30 08:57:15 - wave mode=full, epoch 48, alpha: 0.1110
2026-09-30 08:57:16 - train: epoch 49, iter:0, loss: 0.9299, lr: 0.000938771806621712
2026-09-30 08:57:18 - train: epoch 49, iter:20, loss: 0.7636, lr: 0.000938771806621712
2026-09-30 08:57:21 - val epoch: 49, loss: 0.8207
2026-09-30 08:57:21 - wave mode=full, epoch 49, alpha: 0.1112
2026-09-30 08:57:22 - train: epoch 50, iter:0, loss: 0.6006, lr: 0.0009362508365044934
2026-09-30 08:57:24 - train: epoch 50, iter:20, loss: 0.7075, lr: 0.0009362508365044934
2026-09-30 08:57:27 - val epoch: 50, loss: 0.9096, miou: 0.777760285310683, f1_or_dsc: 0.8749889304392475, accuracy: 0.9421509091216739,                 specificity: 0.9776824274725694, sensitivity: 0.8317116501214041, confusion_matrix: [[39169377   894120]
 [ 2169168 10720423]]
2026-09-30 08:57:27 - wave mode=full, epoch 50, alpha: 0.1114
2026-09-30 08:57:28 - train: epoch 51, iter:0, loss: 0.5576, lr: 0.0009336825748732968
2026-09-30 08:57:30 - train: epoch 51, iter:20, loss: 0.6709, lr: 0.0009336825748732968
2026-09-30 08:57:32 - val epoch: 51, loss: 0.8732
2026-09-30 08:57:32 - wave mode=full, epoch 51, alpha: 0.1120
2026-09-30 08:57:33 - train: epoch 52, iter:0, loss: 0.6325, lr: 0.0009310673033669517
2026-09-30 08:57:35 - train: epoch 52, iter:20, loss: 0.6944, lr: 0.0009310673033669517
2026-09-30 08:57:37 - val epoch: 52, loss: 0.8512
2026-09-30 08:57:37 - wave mode=full, epoch 52, alpha: 0.1120
2026-09-30 08:57:38 - train: epoch 53, iter:0, loss: 0.8162, lr: 0.0009284053087794505
2026-09-30 08:57:40 - train: epoch 53, iter:20, loss: 0.6772, lr: 0.0009284053087794505
2026-09-30 08:57:43 - val epoch: 53, loss: 0.8508
2026-09-30 08:57:43 - wave mode=full, epoch 53, alpha: 0.1123
2026-09-30 08:57:44 - train: epoch 54, iter:0, loss: 0.6844, lr: 0.0009256968830284974
2026-09-30 08:57:46 - train: epoch 54, iter:20, loss: 0.6996, lr: 0.0009256968830284974
2026-09-30 08:57:49 - val epoch: 54, loss: 0.8496
2026-09-30 08:57:49 - wave mode=full, epoch 54, alpha: 0.1123
2026-09-30 08:57:50 - train: epoch 55, iter:0, loss: 0.5455, lr: 0.0009229423231234972
2026-09-30 08:57:52 - train: epoch 55, iter:20, loss: 0.6563, lr: 0.0009229423231234972
2026-09-30 08:57:54 - val epoch: 55, loss: 0.9573
2026-09-30 08:57:54 - wave mode=full, epoch 55, alpha: 0.1125
2026-09-30 08:57:55 - train: epoch 56, iter:0, loss: 0.7423, lr: 0.0009201419311329846
2026-09-30 08:57:57 - train: epoch 56, iter:20, loss: 0.6997, lr: 0.0009201419311329846
2026-09-30 08:58:00 - val epoch: 56, loss: 0.8791
2026-09-30 08:58:00 - wave mode=full, epoch 56, alpha: 0.1126
2026-09-30 08:58:01 - train: epoch 57, iter:0, loss: 0.9481, lr: 0.0009172960141514989
2026-09-30 08:58:03 - train: epoch 57, iter:20, loss: 0.6854, lr: 0.0009172960141514989
2026-09-30 08:58:06 - val epoch: 57, loss: 0.8971
2026-09-30 08:58:06 - wave mode=full, epoch 57, alpha: 0.1128
2026-09-30 08:58:07 - train: epoch 58, iter:0, loss: 0.6502, lr: 0.0009144048842659077
2026-09-30 08:58:09 - train: epoch 58, iter:20, loss: 0.6669, lr: 0.0009144048842659077
2026-09-30 08:58:11 - val epoch: 58, loss: 0.9619
2026-09-30 08:58:11 - wave mode=full, epoch 58, alpha: 0.1130
2026-09-30 08:58:12 - train: epoch 59, iter:0, loss: 0.6923, lr: 0.0009114688585211832
2026-09-30 08:58:14 - train: epoch 59, iter:20, loss: 0.7082, lr: 0.0009114688585211832
2026-09-30 08:58:17 - val epoch: 59, loss: 1.0140
2026-09-30 08:58:17 - wave mode=full, epoch 59, alpha: 0.1133
2026-09-30 08:58:18 - train: epoch 60, iter:0, loss: 0.7460, lr: 0.0009084882588856339
2026-09-30 08:58:20 - train: epoch 60, iter:20, loss: 0.6863, lr: 0.0009084882588856339
2026-09-30 08:58:23 - val epoch: 60, loss: 0.9046, miou: 0.7640791243061391, f1_or_dsc: 0.8662640057108237, accuracy: 0.9319976013485748,                 specificity: 0.9407507038139981, sensitivity: 0.9047911605573831, confusion_matrix: [[37689763  2373734]
 [ 1227203 11662388]]
2026-09-30 08:58:23 - wave mode=full, epoch 60, alpha: 0.1135
2026-09-30 08:58:24 - train: epoch 61, iter:0, loss: 0.7761, lr: 0.0009054634122155986
2026-09-30 08:58:26 - train: epoch 61, iter:20, loss: 0.6511, lr: 0.0009054634122155986
2026-09-30 08:58:28 - val epoch: 61, loss: 0.9420
2026-09-30 08:58:28 - wave mode=full, epoch 61, alpha: 0.1142
2026-09-30 08:58:29 - train: epoch 62, iter:0, loss: 0.6979, lr: 0.0009023946502196013
2026-09-30 08:58:31 - train: epoch 62, iter:20, loss: 0.6626, lr: 0.0009023946502196013
2026-09-30 08:58:34 - val epoch: 62, loss: 0.8469
2026-09-30 08:58:34 - wave mode=full, epoch 62, alpha: 0.1139
2026-09-30 08:58:35 - train: epoch 63, iter:0, loss: 0.7499, lr: 0.0008992823094219767
2026-09-30 08:58:37 - train: epoch 63, iter:20, loss: 0.6408, lr: 0.0008992823094219767
2026-09-30 08:58:40 - val epoch: 63, loss: 0.8611
2026-09-30 08:58:40 - wave mode=full, epoch 63, alpha: 0.1144
2026-09-30 08:58:41 - train: epoch 64, iter:0, loss: 0.5794, lr: 0.0008961267311259662
2026-09-30 08:59:10 - train: epoch 64, iter:20, loss: 0.6485, lr: 0.0008961267311259662
2026-09-30 08:59:13 - val epoch: 64, loss: 0.8390
2026-09-30 08:59:13 - wave mode=full, epoch 64, alpha: 0.1143
2026-09-30 08:59:14 - train: epoch 65, iter:0, loss: 0.5403, lr: 0.0008929282613762903
2026-09-30 08:59:16 - train: epoch 65, iter:20, loss: 0.6582, lr: 0.0008929282613762903
2026-09-30 08:59:19 - val epoch: 65, loss: 0.9280
2026-09-30 08:59:19 - wave mode=full, epoch 65, alpha: 0.1145
2026-09-30 08:59:20 - train: epoch 66, iter:0, loss: 0.5262, lr: 0.0008896872509212002
2026-09-30 08:59:22 - train: epoch 66, iter:20, loss: 0.6529, lr: 0.0008896872509212002
2026-09-30 08:59:24 - val epoch: 66, loss: 0.8866
2026-09-30 08:59:24 - wave mode=full, epoch 66, alpha: 0.1148
2026-09-30 08:59:25 - train: epoch 67, iter:0, loss: 0.6137, lr: 0.0008864040551740152
2026-09-30 08:59:27 - train: epoch 67, iter:20, loss: 0.6106, lr: 0.0008864040551740152
2026-09-30 08:59:30 - val epoch: 67, loss: 1.0047
2026-09-30 08:59:30 - wave mode=full, epoch 67, alpha: 0.1150
2026-09-30 08:59:31 - train: epoch 68, iter:0, loss: 0.6848, lr: 0.0008830790341741476
2026-09-30 08:59:33 - train: epoch 68, iter:20, loss: 0.6282, lr: 0.0008830790341741476
2026-09-30 08:59:36 - val epoch: 68, loss: 0.8763
2026-09-30 08:59:36 - wave mode=full, epoch 68, alpha: 0.1152
2026-09-30 08:59:37 - train: epoch 69, iter:0, loss: 0.5727, lr: 0.000879712552547619
2026-09-30 08:59:39 - train: epoch 69, iter:20, loss: 0.6285, lr: 0.000879712552547619
2026-09-30 08:59:41 - val epoch: 69, loss: 0.8278
2026-09-30 08:59:41 - wave mode=full, epoch 69, alpha: 0.1154
2026-09-30 08:59:42 - train: epoch 70, iter:0, loss: 0.5129, lr: 0.0008763049794670771
2026-09-30 08:59:44 - train: epoch 70, iter:20, loss: 0.6326, lr: 0.0008763049794670771
2026-09-30 08:59:47 - val epoch: 70, loss: 0.8797, miou: 0.7773271783160949, f1_or_dsc: 0.8747147827363595, accuracy: 0.9413397005288908,                 specificity: 0.973536483847129, sensitivity: 0.8412654831328628, confusion_matrix: [[39003276  1060221]
 [ 2046023 10843568]]
2026-09-30 08:59:47 - wave mode=full, epoch 70, alpha: 0.1157
2026-09-30 08:59:48 - train: epoch 71, iter:0, loss: 0.7184, lr: 0.0008728566886113098
2026-09-30 08:59:50 - train: epoch 71, iter:20, loss: 0.6380, lr: 0.0008728566886113098
2026-09-30 08:59:53 - val epoch: 71, loss: 0.8496
2026-09-30 08:59:53 - wave mode=full, epoch 71, alpha: 0.1159
2026-09-30 08:59:54 - train: epoch 72, iter:0, loss: 0.7138, lr: 0.000869368058124268
2026-09-30 08:59:55 - train: epoch 72, iter:20, loss: 0.6205, lr: 0.000869368058124268
2026-09-30 08:59:58 - val epoch: 72, loss: 0.8856
2026-09-30 08:59:58 - wave mode=full, epoch 72, alpha: 0.1160
2026-09-30 08:59:59 - train: epoch 73, iter:0, loss: 0.5950, lr: 0.0008658394705735983
2026-09-30 09:00:01 - train: epoch 73, iter:20, loss: 0.6537, lr: 0.0008658394705735983
2026-09-30 09:00:04 - val epoch: 73, loss: 0.8565
2026-09-30 09:00:04 - wave mode=full, epoch 73, alpha: 0.1163
2026-09-30 09:00:05 - train: epoch 74, iter:0, loss: 0.4718, lr: 0.0008622713129086888
2026-09-30 09:00:07 - train: epoch 74, iter:20, loss: 0.6240, lr: 0.0008622713129086888
2026-09-30 09:00:09 - val epoch: 74, loss: 0.9640
2026-09-30 09:00:09 - wave mode=full, epoch 74, alpha: 0.1164
2026-09-30 09:00:10 - train: epoch 75, iter:0, loss: 0.8000, lr: 0.0008586639764182372
2026-09-30 09:00:12 - train: epoch 75, iter:20, loss: 0.6554, lr: 0.0008586639764182372
2026-09-30 09:00:15 - val epoch: 75, loss: 0.8969
2026-09-30 09:00:15 - wave mode=full, epoch 75, alpha: 0.1167
2026-09-30 09:00:16 - train: epoch 76, iter:0, loss: 0.9041, lr: 0.0008550178566873405
2026-09-30 09:00:18 - train: epoch 76, iter:20, loss: 0.6311, lr: 0.0008550178566873405
2026-09-30 09:00:20 - val epoch: 76, loss: 0.8650
2026-09-30 09:00:20 - wave mode=full, epoch 76, alpha: 0.1169
2026-09-30 09:00:21 - train: epoch 77, iter:0, loss: 0.6708, lr: 0.0008513333535541156
2026-09-30 09:00:24 - train: epoch 77, iter:20, loss: 0.6195, lr: 0.0008513333535541156
2026-09-30 09:00:26 - val epoch: 77, loss: 0.8424
2026-09-30 09:00:26 - wave mode=full, epoch 77, alpha: 0.1170
2026-09-30 09:00:27 - train: epoch 78, iter:0, loss: 0.6663, lr: 0.0008476108710658509
2026-09-30 09:00:29 - train: epoch 78, iter:20, loss: 0.6255, lr: 0.0008476108710658509
2026-09-30 09:00:32 - val epoch: 78, loss: 0.9059
2026-09-30 09:00:32 - wave mode=full, epoch 78, alpha: 0.1172
2026-09-30 09:00:33 - train: epoch 79, iter:0, loss: 0.6629, lr: 0.0008438508174347005
2026-09-30 09:00:35 - train: epoch 79, iter:20, loss: 0.6466, lr: 0.0008438508174347005
2026-09-30 09:00:37 - val epoch: 79, loss: 0.9362
2026-09-30 09:00:37 - wave mode=full, epoch 79, alpha: 0.1173
2026-09-30 09:00:38 - train: epoch 80, iter:0, loss: 0.7873, lr: 0.0008400536049929166
2026-09-30 09:00:40 - train: epoch 80, iter:20, loss: 0.6375, lr: 0.0008400536049929166
2026-09-30 09:00:43 - val epoch: 80, loss: 0.8743, miou: 0.7674689413675051, f1_or_dsc: 0.8684383905198448, accuracy: 0.9326082172960338,                 specificity: 0.9386676355286709, sensitivity: 0.9137743005189226, confusion_matrix: [[37606308  2457189]
 [ 1111414 11778177]]
2026-09-30 09:00:43 - wave mode=full, epoch 80, alpha: 0.1173
2026-09-30 09:00:44 - train: epoch 81, iter:0, loss: 0.7285, lr: 0.0008362196501476343
2026-09-30 09:00:46 - train: epoch 81, iter:20, loss: 0.6090, lr: 0.0008362196501476343
2026-09-30 09:00:48 - val epoch: 81, loss: 0.8975
2026-09-30 09:00:48 - wave mode=full, epoch 81, alpha: 0.1177
2026-09-30 09:00:49 - train: epoch 82, iter:0, loss: 0.6830, lr: 0.0008323493733352072
2026-09-30 09:00:51 - train: epoch 82, iter:20, loss: 0.6405, lr: 0.0008323493733352072
2026-09-30 09:00:54 - val epoch: 82, loss: 0.8659
2026-09-30 09:00:54 - wave mode=full, epoch 82, alpha: 0.1178
2026-09-30 09:00:55 - train: epoch 83, iter:0, loss: 0.5745, lr: 0.0008284431989751018
2026-09-30 09:00:57 - train: epoch 83, iter:20, loss: 0.5910, lr: 0.0008284431989751018
2026-09-30 09:01:00 - val epoch: 83, loss: 0.8328
2026-09-30 09:01:00 - wave mode=full, epoch 83, alpha: 0.1178
2026-09-30 09:01:01 - train: epoch 84, iter:0, loss: 0.5991, lr: 0.000824501555423355
2026-09-30 09:01:03 - train: epoch 84, iter:20, loss: 0.6078, lr: 0.000824501555423355
2026-09-30 09:01:05 - val epoch: 84, loss: 0.8508
2026-09-30 09:01:05 - wave mode=full, epoch 84, alpha: 0.1180
2026-09-30 09:01:06 - train: epoch 85, iter:0, loss: 0.4778, lr: 0.0008205248749256009
2026-09-30 09:01:08 - train: epoch 85, iter:20, loss: 0.6274, lr: 0.0008205248749256009
2026-09-30 09:01:11 - val epoch: 85, loss: 0.8340
2026-09-30 09:01:11 - wave mode=full, epoch 85, alpha: 0.1181
2026-09-30 09:01:12 - train: epoch 86, iter:0, loss: 0.6559, lr: 0.000816513593569669
2026-09-30 09:01:14 - train: epoch 86, iter:20, loss: 0.6105, lr: 0.000816513593569669
2026-09-30 09:01:17 - val epoch: 86, loss: 0.8900
2026-09-30 09:01:17 - wave mode=full, epoch 86, alpha: 0.1186
2026-09-30 09:01:18 - train: epoch 87, iter:0, loss: 0.5612, lr: 0.0008124681512377632
2026-09-30 09:01:20 - train: epoch 87, iter:20, loss: 0.5859, lr: 0.0008124681512377632
2026-09-30 09:01:22 - val epoch: 87, loss: 0.8555
2026-09-30 09:01:22 - wave mode=full, epoch 87, alpha: 0.1186
2026-09-30 09:01:23 - train: epoch 88, iter:0, loss: 0.5039, lr: 0.000808388991558223
2026-09-30 09:01:25 - train: epoch 88, iter:20, loss: 0.6189, lr: 0.000808388991558223
2026-09-30 09:01:28 - val epoch: 88, loss: 0.8212
2026-09-30 09:01:28 - wave mode=full, epoch 88, alpha: 0.1189
2026-09-30 09:01:29 - train: epoch 89, iter:0, loss: 0.5879, lr: 0.0008042765618568752
2026-09-30 09:01:31 - train: epoch 89, iter:20, loss: 0.6201, lr: 0.0008042765618568752
2026-09-30 09:01:34 - val epoch: 89, loss: 0.8530
2026-09-30 09:01:34 - wave mode=full, epoch 89, alpha: 0.1189
2026-09-30 09:01:35 - train: epoch 90, iter:0, loss: 0.6391, lr: 0.0008001313131079794
2026-09-30 09:01:37 - train: epoch 90, iter:20, loss: 0.6129, lr: 0.0008001313131079794
2026-09-30 09:01:40 - val epoch: 90, loss: 0.9038, miou: 0.7747846253634305, f1_or_dsc: 0.8731027013542834, accuracy: 0.940093975255985,                 specificity: 0.970156549239823, sensitivity: 0.8466533189454964, confusion_matrix: [[38867864  1195633]
 [ 1976576 10913015]]
2026-09-30 09:01:40 - wave mode=full, epoch 90, alpha: 0.1192
2026-09-30 09:01:41 - train: epoch 91, iter:0, loss: 0.5527, lr: 0.0007959536998847737
2026-09-30 09:01:43 - train: epoch 91, iter:20, loss: 0.6094, lr: 0.0007959536998847737
2026-09-30 09:01:45 - val epoch: 91, loss: 0.8654
2026-09-30 09:01:45 - wave mode=full, epoch 91, alpha: 0.1194
2026-09-30 09:01:46 - train: epoch 92, iter:0, loss: 0.5992, lr: 0.0007917441803096255
2026-09-30 09:01:48 - train: epoch 92, iter:20, loss: 0.5932, lr: 0.0007917441803096255
2026-09-30 09:01:51 - val epoch: 92, loss: 0.8957
2026-09-30 09:01:51 - wave mode=full, epoch 92, alpha: 0.1196
2026-09-30 09:01:52 - train: epoch 93, iter:0, loss: 0.6113, lr: 0.0007875032160037932
2026-09-30 09:01:54 - train: epoch 93, iter:20, loss: 0.6055, lr: 0.0007875032160037932
2026-09-30 09:01:57 - val epoch: 93, loss: 1.0124
2026-09-30 09:01:57 - wave mode=full, epoch 93, alpha: 0.1198
2026-09-30 09:01:58 - train: epoch 94, iter:0, loss: 0.6508, lr: 0.0007832312720368042
2026-09-30 09:02:00 - train: epoch 94, iter:20, loss: 0.5937, lr: 0.0007832312720368042
2026-09-30 09:02:02 - val epoch: 94, loss: 0.8468
2026-09-30 09:02:02 - wave mode=full, epoch 94, alpha: 0.1199
2026-09-30 09:02:03 - train: epoch 95, iter:0, loss: 0.6602, lr: 0.0007789288168754548
2026-09-30 09:02:05 - train: epoch 95, iter:20, loss: 0.5988, lr: 0.0007789288168754548
2026-09-30 09:02:08 - val epoch: 95, loss: 1.0021
2026-09-30 09:02:08 - wave mode=full, epoch 95, alpha: 0.1200
2026-09-30 09:02:09 - train: epoch 96, iter:0, loss: 0.5085, lr: 0.0007745963223324379
2026-09-30 09:02:13 - train: epoch 96, iter:20, loss: 0.6146, lr: 0.0007745963223324379
2026-09-30 09:02:16 - val epoch: 96, loss: 0.8495
2026-09-30 09:02:16 - wave mode=full, epoch 96, alpha: 0.1200
2026-09-30 09:02:17 - train: epoch 97, iter:0, loss: 0.5763, lr: 0.0007702342635146028
2026-09-30 09:02:19 - train: epoch 97, iter:20, loss: 0.6013, lr: 0.0007702342635146028
2026-09-30 09:02:22 - val epoch: 97, loss: 0.8310
2026-09-30 09:02:22 - wave mode=full, epoch 97, alpha: 0.1200
2026-09-30 09:02:23 - train: epoch 98, iter:0, loss: 0.5478, lr: 0.000765843118770855
2026-09-30 09:02:24 - train: epoch 98, iter:20, loss: 0.5881, lr: 0.000765843118770855
2026-09-30 09:02:27 - val epoch: 98, loss: 0.8271
2026-09-30 09:02:27 - wave mode=full, epoch 98, alpha: 0.1202
2026-09-30 09:02:28 - train: epoch 99, iter:0, loss: 0.6140, lr: 0.0007614233696396991
2026-09-30 09:02:30 - train: epoch 99, iter:20, loss: 0.5843, lr: 0.0007614233696396991
2026-09-30 09:02:33 - val epoch: 99, loss: 0.8307
2026-09-30 09:02:33 - wave mode=full, epoch 99, alpha: 0.1205
2026-09-30 09:02:34 - train: epoch 100, iter:0, loss: 0.5178, lr: 0.0007569755007964334
2026-09-30 09:02:36 - train: epoch 100, iter:20, loss: 0.5680, lr: 0.0007569755007964334
2026-09-30 09:02:38 - val epoch: 100, loss: 0.8600, miou: 0.7832074659530589, f1_or_dsc: 0.8784255123499758, accuracy: 0.9427145400849899,                 specificity: 0.9724741452300083, sensitivity: 0.8502155731706305, confusion_matrix: [[38960715  1102782]
 [ 1930660 10958931]]
2026-09-30 09:02:38 - wave mode=full, epoch 100, alpha: 0.1206
2026-09-30 09:02:39 - train: epoch 101, iter:0, loss: 0.5394, lr: 0.0007524999999999996
2026-09-30 09:02:41 - train: epoch 101, iter:20, loss: 0.5759, lr: 0.0007524999999999996
2026-09-30 09:02:44 - val epoch: 101, loss: 0.8956
2026-09-30 09:02:44 - wave mode=full, epoch 101, alpha: 0.1208
2026-09-30 09:02:45 - train: epoch 102, iter:0, loss: 0.5715, lr: 0.0007479973580394943
2026-09-30 09:02:47 - train: epoch 102, iter:20, loss: 0.5940, lr: 0.0007479973580394943
2026-09-30 09:02:50 - val epoch: 102, loss: 0.9393
2026-09-30 09:02:50 - wave mode=full, epoch 102, alpha: 0.1210
2026-09-30 09:02:51 - train: epoch 103, iter:0, loss: 0.5887, lr: 0.0007434680686803487
2026-09-30 09:02:53 - train: epoch 103, iter:20, loss: 0.5999, lr: 0.0007434680686803487
2026-09-30 09:02:55 - val epoch: 103, loss: 0.8516
2026-09-30 09:02:55 - wave mode=full, epoch 103, alpha: 0.1211
2026-09-30 09:02:56 - train: epoch 104, iter:0, loss: 0.4806, lr: 0.0007389126286101815
2026-09-30 09:02:58 - train: epoch 104, iter:20, loss: 0.5786, lr: 0.0007389126286101815
2026-09-30 09:03:01 - val epoch: 104, loss: 0.8595
2026-09-30 09:03:01 - wave mode=full, epoch 104, alpha: 0.1212
2026-09-30 09:03:02 - train: epoch 105, iter:0, loss: 0.6437, lr: 0.0007343315373843313
2026-09-30 09:03:04 - train: epoch 105, iter:20, loss: 0.5996, lr: 0.0007343315373843313
2026-09-30 09:03:06 - val epoch: 105, loss: 0.9429
2026-09-30 09:03:06 - wave mode=full, epoch 105, alpha: 0.1214
2026-09-30 09:03:07 - train: epoch 106, iter:0, loss: 0.5158, lr: 0.0007297252973710753
2026-09-30 09:03:10 - train: epoch 106, iter:20, loss: 0.6046, lr: 0.0007297252973710753
2026-09-30 09:03:12 - val epoch: 106, loss: 0.8601
2026-09-30 09:03:12 - wave mode=full, epoch 106, alpha: 0.1212
2026-09-30 09:03:13 - train: epoch 107, iter:0, loss: 0.5880, lr: 0.0007250944136965387
2026-09-30 09:03:15 - train: epoch 107, iter:20, loss: 0.5785, lr: 0.0007250944136965387
2026-09-30 09:03:18 - val epoch: 107, loss: 0.8467
2026-09-30 09:03:18 - wave mode=full, epoch 107, alpha: 0.1213
2026-09-30 09:03:19 - train: epoch 108, iter:0, loss: 0.5624, lr: 0.0007204393941893019
2026-09-30 09:03:21 - train: epoch 108, iter:20, loss: 0.5936, lr: 0.0007204393941893019
2026-09-30 09:03:24 - val epoch: 108, loss: 0.8486
2026-09-30 09:03:53 - wave mode=full, epoch 108, alpha: 0.1218
2026-09-30 09:03:54 - train: epoch 109, iter:0, loss: 0.5934, lr: 0.0007157607493247106
2026-09-30 09:03:56 - train: epoch 109, iter:20, loss: 0.5959, lr: 0.0007157607493247106
2026-09-30 09:03:59 - val epoch: 109, loss: 0.8392
2026-09-30 09:03:59 - wave mode=full, epoch 109, alpha: 0.1219
2026-09-30 09:04:00 - train: epoch 110, iter:0, loss: 0.5533, lr: 0.0007110589921688983
2026-09-30 09:04:02 - train: epoch 110, iter:20, loss: 0.6162, lr: 0.0007110589921688983
2026-09-30 09:04:05 - val epoch: 110, loss: 0.8197, miou: 0.7893605901511275, f1_or_dsc: 0.8822823018410827, accuracy: 0.9429309958278542,                 specificity: 0.9636300595527145, sensitivity: 0.8785940531394674, confusion_matrix: [[38606390  1457107]
 [ 1564873 11324718]]
2026-09-30 09:04:05 - wave mode=full, epoch 110, alpha: 0.1220
2026-09-30 09:04:06 - train: epoch 111, iter:0, loss: 0.4949, lr: 0.0007063346383225208
2026-09-30 09:04:08 - train: epoch 111, iter:20, loss: 0.5850, lr: 0.0007063346383225208
2026-09-30 09:04:27 - val epoch: 111, loss: 0.8382
2026-09-30 09:04:27 - wave mode=full, epoch 111, alpha: 0.1219
2026-09-30 09:04:28 - train: epoch 112, iter:0, loss: 0.5040, lr: 0.0007015882058642161
2026-09-30 09:04:30 - train: epoch 112, iter:20, loss: 0.5842, lr: 0.0007015882058642161
2026-09-30 09:04:33 - val epoch: 112, loss: 0.8858
2026-09-30 09:04:33 - wave mode=full, epoch 112, alpha: 0.1220
2026-09-30 09:04:34 - train: epoch 113, iter:0, loss: 0.5356, lr: 0.0006968202152937907
2026-09-30 09:04:36 - train: epoch 113, iter:20, loss: 0.5935, lr: 0.0006968202152937907
2026-09-30 09:04:38 - val epoch: 113, loss: 0.8854
2026-09-30 09:04:38 - wave mode=full, epoch 113, alpha: 0.1222
2026-09-30 09:04:39 - train: epoch 114, iter:0, loss: 0.6464, lr: 0.000692031189475141
2026-09-30 09:04:41 - train: epoch 114, iter:20, loss: 0.5628, lr: 0.000692031189475141
2026-09-30 09:04:44 - val epoch: 114, loss: 0.9149
2026-09-30 09:04:44 - wave mode=full, epoch 114, alpha: 0.1223
2026-09-30 09:04:45 - train: epoch 115, iter:0, loss: 0.7730, lr: 0.0006872216535789155
2026-09-30 09:04:47 - train: epoch 115, iter:20, loss: 0.5661, lr: 0.0006872216535789155
2026-09-30 09:04:49 - val epoch: 115, loss: 0.8698
2026-09-30 09:04:49 - wave mode=full, epoch 115, alpha: 0.1225
2026-09-30 09:04:50 - train: epoch 116, iter:0, loss: 0.5931, lr: 0.0006823921350249233
2026-09-30 09:04:52 - train: epoch 116, iter:20, loss: 0.5812, lr: 0.0006823921350249233
2026-09-30 09:04:55 - val epoch: 116, loss: 0.8757
2026-09-30 09:04:55 - wave mode=full, epoch 116, alpha: 0.1226
2026-09-30 09:04:56 - train: epoch 117, iter:0, loss: 0.5531, lr: 0.0006775431634242984
2026-09-30 09:04:58 - train: epoch 117, iter:20, loss: 0.5938, lr: 0.0006775431634242984
2026-09-30 09:05:01 - val epoch: 117, loss: 0.8770
2026-09-30 09:05:01 - wave mode=full, epoch 117, alpha: 0.1227
2026-09-30 09:05:02 - train: epoch 118, iter:0, loss: 0.5932, lr: 0.0006726752705214191
2026-09-30 09:05:03 - train: epoch 118, iter:20, loss: 0.5922, lr: 0.0006726752705214191
2026-09-30 09:05:06 - val epoch: 118, loss: 0.8659
2026-09-30 09:05:06 - wave mode=full, epoch 118, alpha: 0.1228
2026-09-30 09:05:07 - train: epoch 119, iter:0, loss: 0.5465, lr: 0.0006677889901355985
2026-09-30 09:05:09 - train: epoch 119, iter:20, loss: 0.5434, lr: 0.0006677889901355985
2026-09-30 09:05:12 - val epoch: 119, loss: 0.8218
2026-09-30 09:05:12 - wave mode=full, epoch 119, alpha: 0.1231
2026-09-30 09:05:13 - train: epoch 120, iter:0, loss: 0.5445, lr: 0.0006628848581025445
2026-09-30 09:05:15 - train: epoch 120, iter:20, loss: 0.5614, lr: 0.0006628848581025445
2026-09-30 09:05:17 - val epoch: 120, loss: 0.8148, miou: 0.7892980939508835, f1_or_dsc: 0.882243262449426, accuracy: 0.941641080497515,                 specificity: 0.9556446607743703, sensitivity: 0.8981150759554745, confusion_matrix: [[38286467  1777030]
 [ 1313255 11576336]]
2026-09-30 09:05:17 - wave mode=full, epoch 120, alpha: 0.1231
2026-09-30 09:05:18 - train: epoch 121, iter:0, loss: 0.5973, lr: 0.0006579634122155989
2026-09-30 09:05:20 - train: epoch 121, iter:20, loss: 0.5624, lr: 0.0006579634122155989
2026-09-30 09:05:23 - val epoch: 121, loss: 0.8453
2026-09-30 09:05:23 - wave mode=full, epoch 121, alpha: 0.1234
2026-09-30 09:05:24 - train: epoch 122, iter:0, loss: 0.5305, lr: 0.0006530251921667629
2026-09-30 09:05:26 - train: epoch 122, iter:20, loss: 0.5496, lr: 0.0006530251921667629
2026-09-30 09:05:29 - val epoch: 122, loss: 0.8586
2026-09-30 09:05:29 - wave mode=full, epoch 122, alpha: 0.1234
2026-09-30 09:05:30 - train: epoch 123, iter:0, loss: 0.6212, lr: 0.0006480707394875134
2026-09-30 09:05:32 - train: epoch 123, iter:20, loss: 0.5643, lr: 0.0006480707394875134
2026-09-30 09:05:35 - val epoch: 123, loss: 0.8558
2026-09-30 09:05:35 - wave mode=full, epoch 123, alpha: 0.1236
2026-09-30 09:05:36 - train: epoch 124, iter:0, loss: 0.5602, lr: 0.0006431005974894185
2026-09-30 09:05:38 - train: epoch 124, iter:20, loss: 0.5573, lr: 0.0006431005974894185
2026-09-30 09:05:40 - val epoch: 124, loss: 0.8864
2026-09-30 09:05:40 - wave mode=full, epoch 124, alpha: 0.1236
2026-09-30 09:05:41 - train: epoch 125, iter:0, loss: 0.5008, lr: 0.0006381153112045565
2026-09-30 09:05:43 - train: epoch 125, iter:20, loss: 0.5638, lr: 0.0006381153112045565
2026-09-30 09:05:46 - val epoch: 125, loss: 0.8390
2026-09-30 09:05:46 - wave mode=full, epoch 125, alpha: 0.1237
2026-09-30 09:05:47 - train: epoch 126, iter:0, loss: 0.4763, lr: 0.0006331154273257479
2026-09-30 09:05:49 - train: epoch 126, iter:20, loss: 0.5563, lr: 0.0006331154273257479
2026-09-30 09:05:52 - val epoch: 126, loss: 0.8652
2026-09-30 09:05:52 - wave mode=full, epoch 126, alpha: 0.1237
2026-09-30 09:05:53 - train: epoch 127, iter:0, loss: 0.6141, lr: 0.000628101494146603
2026-09-30 09:06:18 - train: epoch 127, iter:20, loss: 0.5539, lr: 0.000628101494146603
2026-09-30 09:06:21 - val epoch: 127, loss: 0.8352
2026-09-30 09:06:21 - wave mode=full, epoch 127, alpha: 0.1239
2026-09-30 09:06:22 - train: epoch 128, iter:0, loss: 0.5373, lr: 0.0006230740615013976
2026-09-30 09:06:24 - train: epoch 128, iter:20, loss: 0.5515, lr: 0.0006230740615013976
2026-09-30 09:06:27 - val epoch: 128, loss: 0.9048
2026-09-30 09:06:27 - wave mode=full, epoch 128, alpha: 0.1240
2026-09-30 09:06:27 - train: epoch 129, iter:0, loss: 0.5307, lr: 0.0006180336807047746
2026-09-30 09:06:30 - train: epoch 129, iter:20, loss: 0.5692, lr: 0.0006180336807047746
2026-09-30 09:06:32 - val epoch: 129, loss: 0.8697
2026-09-30 09:06:32 - wave mode=full, epoch 129, alpha: 0.1241
2026-09-30 09:06:33 - train: epoch 130, iter:0, loss: 0.4947, lr: 0.0006129809044912887
2026-09-30 09:06:35 - train: epoch 130, iter:20, loss: 0.5579, lr: 0.0006129809044912887
2026-09-30 09:06:38 - val epoch: 130, loss: 0.8374, miou: 0.7921454312035809, f1_or_dsc: 0.884019139754285, accuracy: 0.9445732041160659,                 specificity: 0.9692748987937823, sensitivity: 0.867795262083956, confusion_matrix: [[38832542  1230955]
 [ 1704065 11185526]]
2026-09-30 09:06:38 - wave mode=full, epoch 130, alpha: 0.1242
2026-09-30 09:06:39 - train: epoch 131, iter:0, loss: 0.5363, lr: 0.0006079162869547909
2026-09-30 09:06:41 - train: epoch 131, iter:20, loss: 0.5465, lr: 0.0006079162869547909
2026-09-30 09:06:44 - val epoch: 131, loss: 0.8874
2026-09-30 09:06:44 - wave mode=full, epoch 131, alpha: 0.1244
2026-09-30 09:06:45 - train: epoch 132, iter:0, loss: 0.5532, lr: 0.0006028403834876673
2026-09-30 09:06:47 - train: epoch 132, iter:20, loss: 0.5351, lr: 0.0006028403834876673
2026-09-30 09:06:49 - val epoch: 132, loss: 0.8378
2026-09-30 09:06:49 - wave mode=full, epoch 132, alpha: 0.1246
2026-09-30 09:06:50 - train: epoch 133, iter:0, loss: 0.6767, lr: 0.0005977537507199337
2026-09-30 09:06:53 - train: epoch 133, iter:20, loss: 0.5505, lr: 0.0005977537507199337
2026-09-30 09:06:55 - val epoch: 133, loss: 0.7991
2026-09-30 09:06:55 - wave mode=full, epoch 133, alpha: 0.1245
2026-09-30 09:06:56 - train: epoch 134, iter:0, loss: 0.4395, lr: 0.0005926569464581937
2026-09-30 09:06:59 - train: epoch 134, iter:20, loss: 0.5480, lr: 0.0005926569464581937
2026-09-30 09:07:01 - val epoch: 134, loss: 0.8583
2026-09-30 09:07:01 - wave mode=full, epoch 134, alpha: 0.1246
2026-09-30 09:07:02 - train: epoch 135, iter:0, loss: 0.6550, lr: 0.0005875505296244705
2026-09-30 09:07:04 - train: epoch 135, iter:20, loss: 0.5567, lr: 0.0005875505296244705
2026-09-30 09:07:07 - val epoch: 135, loss: 0.8362
2026-09-30 09:07:07 - wave mode=full, epoch 135, alpha: 0.1247
2026-09-30 09:07:08 - train: epoch 136, iter:0, loss: 0.5397, lr: 0.0005824350601949142
2026-09-30 09:07:10 - train: epoch 136, iter:20, loss: 0.5653, lr: 0.0005824350601949142
2026-09-30 09:07:13 - val epoch: 136, loss: 0.8335
2026-09-30 09:07:13 - wave mode=full, epoch 136, alpha: 0.1248
2026-09-30 09:07:14 - train: epoch 137, iter:0, loss: 0.6456, lr: 0.0005773110991383937
2026-09-30 09:07:16 - train: epoch 137, iter:20, loss: 0.5470, lr: 0.0005773110991383937
2026-09-30 09:07:48 - val epoch: 137, loss: 0.8175
2026-09-30 09:07:48 - wave mode=full, epoch 137, alpha: 0.1249
2026-09-30 09:07:49 - train: epoch 138, iter:0, loss: 0.5147, lr: 0.0005721792083549806
2026-09-30 09:07:51 - train: epoch 138, iter:20, loss: 0.5711, lr: 0.0005721792083549806
2026-09-30 09:07:53 - val epoch: 138, loss: 0.8376
2026-09-30 09:07:53 - wave mode=full, epoch 138, alpha: 0.1251
2026-09-30 09:07:54 - train: epoch 139, iter:0, loss: 0.5858, lr: 0.0005670399506143306
2026-09-30 09:07:56 - train: epoch 139, iter:20, loss: 0.5329, lr: 0.0005670399506143306
2026-09-30 09:07:59 - val epoch: 139, loss: 0.8596
2026-09-30 09:07:59 - wave mode=full, epoch 139, alpha: 0.1253
2026-09-30 09:08:00 - train: epoch 140, iter:0, loss: 0.6164, lr: 0.000561893889493969
2026-09-30 09:08:02 - train: epoch 140, iter:20, loss: 0.5663, lr: 0.000561893889493969
2026-09-30 09:08:05 - val epoch: 140, loss: 0.8753, miou: 0.7791666495246167, f1_or_dsc: 0.8758782093097413, accuracy: 0.9391794110288715,                 specificity: 0.9577064128975061, sensitivity: 0.8815936828406735, confusion_matrix: [[38369068  1694429]
 [ 1526209 11363382]]
2026-09-30 09:08:05 - wave mode=full, epoch 140, alpha: 0.1254
2026-09-30 09:08:06 - train: epoch 141, iter:0, loss: 0.7002, lr: 0.0005567415893174885
2026-09-30 09:08:08 - train: epoch 141, iter:20, loss: 0.5540, lr: 0.0005567415893174885
2026-09-30 09:08:10 - val epoch: 141, loss: 0.8521
2026-09-30 09:08:10 - wave mode=full, epoch 141, alpha: 0.1256
2026-09-30 09:08:11 - train: epoch 142, iter:0, loss: 0.4222, lr: 0.0005515836150926646
2026-09-30 09:08:13 - train: epoch 142, iter:20, loss: 0.5638, lr: 0.0005515836150926646
2026-09-30 09:08:16 - val epoch: 142, loss: 0.8652
2026-09-30 09:08:16 - wave mode=full, epoch 142, alpha: 0.1256
2026-09-30 09:08:17 - train: epoch 143, iter:0, loss: 0.4114, lr: 0.0005464205324494961
2026-09-30 09:08:19 - train: epoch 143, iter:20, loss: 0.5553, lr: 0.0005464205324494961
2026-09-30 09:08:22 - val epoch: 143, loss: 0.8377
2026-09-30 09:08:22 - wave mode=full, epoch 143, alpha: 0.1257
2026-09-30 09:08:23 - train: epoch 144, iter:0, loss: 0.5619, lr: 0.0005412529075781776
2026-09-30 09:08:25 - train: epoch 144, iter:20, loss: 0.5591, lr: 0.0005412529075781776
2026-09-30 09:08:28 - val epoch: 144, loss: 0.8745
2026-09-30 09:08:28 - wave mode=full, epoch 144, alpha: 0.1258
2026-09-30 09:08:29 - train: epoch 145, iter:0, loss: 0.5465, lr: 0.0005360813071670101
2026-09-30 09:08:31 - train: epoch 145, iter:20, loss: 0.5296, lr: 0.0005360813071670101
2026-09-30 09:08:34 - val epoch: 145, loss: 0.8667
2026-09-30 09:08:34 - wave mode=full, epoch 145, alpha: 0.1258
2026-09-30 09:08:35 - train: epoch 146, iter:0, loss: 0.4784, lr: 0.0005309062983402573
2026-09-30 09:08:37 - train: epoch 146, iter:20, loss: 0.5755, lr: 0.0005309062983402573
2026-09-30 09:08:40 - val epoch: 146, loss: 0.8663
2026-09-30 09:08:40 - wave mode=full, epoch 146, alpha: 0.1260
2026-09-30 09:08:40 - train: epoch 147, iter:0, loss: 0.4727, lr: 0.0005257284485959538
2026-09-30 09:08:43 - train: epoch 147, iter:20, loss: 0.5790, lr: 0.0005257284485959538
2026-09-30 09:08:45 - val epoch: 147, loss: 0.8505
2026-09-30 09:09:12 - wave mode=full, epoch 147, alpha: 0.1261
2026-09-30 09:09:13 - train: epoch 148, iter:0, loss: 0.5556, lr: 0.0005205483257436734
2026-09-30 09:09:15 - train: epoch 148, iter:20, loss: 0.5396, lr: 0.0005205483257436734
2026-09-30 09:09:18 - val epoch: 148, loss: 0.8229
2026-09-30 09:09:18 - wave mode=full, epoch 148, alpha: 0.1262
2026-09-30 09:09:19 - train: epoch 149, iter:0, loss: 0.4834, lr: 0.0005153664978422616
2026-09-30 09:09:21 - train: epoch 149, iter:20, loss: 0.5225, lr: 0.0005153664978422616
2026-09-30 09:09:24 - val epoch: 149, loss: 0.8835
2026-09-30 09:09:24 - wave mode=full, epoch 149, alpha: 0.1263
2026-09-30 09:09:25 - train: epoch 150, iter:0, loss: 0.4886, lr: 0.0005101835331375416
2026-09-30 09:09:27 - train: epoch 150, iter:20, loss: 0.5256, lr: 0.0005101835331375416
2026-09-30 09:09:30 - val epoch: 150, loss: 0.8641, miou: 0.779963015134019, f1_or_dsc: 0.8763811478131114, accuracy: 0.9392108917236328,                 specificity: 0.9565780291221209, sensitivity: 0.8852302606033039, confusion_matrix: [[38323861  1739636]
 [ 1479335 11410256]]
2026-09-30 09:09:30 - wave mode=full, epoch 150, alpha: 0.1264
2026-09-30 09:09:30 - train: epoch 151, iter:0, loss: 0.5637, lr: 0.0005049999999999999
2026-09-30 09:09:33 - train: epoch 151, iter:20, loss: 0.5318, lr: 0.0005049999999999999
2026-09-30 09:09:35 - val epoch: 151, loss: 0.8516
2026-09-30 09:09:35 - wave mode=full, epoch 151, alpha: 0.1265
2026-09-30 09:09:36 - train: epoch 152, iter:0, loss: 0.7556, lr: 0.0004998164668624582
2026-09-30 09:09:38 - train: epoch 152, iter:20, loss: 0.5271, lr: 0.0004998164668624582
2026-09-30 09:09:41 - val epoch: 152, loss: 0.8341
2026-09-30 09:09:41 - wave mode=full, epoch 152, alpha: 0.1265
2026-09-30 09:09:42 - train: epoch 153, iter:0, loss: 0.6919, lr: 0.0004946335021577383
2026-09-30 09:09:44 - train: epoch 153, iter:20, loss: 0.5474, lr: 0.0004946335021577383
2026-09-30 09:09:47 - val epoch: 153, loss: 0.8660
2026-09-30 09:09:52 - wave mode=full, epoch 153, alpha: 0.1265
2026-09-30 09:09:53 - train: epoch 154, iter:0, loss: 0.5554, lr: 0.0004894516742563263
2026-09-30 09:09:55 - train: epoch 154, iter:20, loss: 0.5511, lr: 0.0004894516742563263
2026-09-30 09:09:58 - val epoch: 154, loss: 0.8439
2026-09-30 09:09:58 - wave mode=full, epoch 154, alpha: 0.1267
2026-09-30 09:09:59 - train: epoch 155, iter:0, loss: 0.6343, lr: 0.000484271551404046
2026-09-30 09:10:01 - train: epoch 155, iter:20, loss: 0.5512, lr: 0.000484271551404046
2026-09-30 09:10:03 - val epoch: 155, loss: 0.8649
2026-09-30 09:10:03 - wave mode=full, epoch 155, alpha: 0.1268
2026-09-30 09:10:05 - train: epoch 156, iter:0, loss: 0.5260, lr: 0.0004790937016597426
2026-09-30 09:10:06 - train: epoch 156, iter:20, loss: 0.5432, lr: 0.0004790937016597426
2026-09-30 09:10:09 - val epoch: 156, loss: 0.8070
2026-09-30 09:10:09 - wave mode=full, epoch 156, alpha: 0.1268
2026-09-30 09:10:10 - train: epoch 157, iter:0, loss: 0.4895, lr: 0.0004739186928329898
2026-09-30 09:10:12 - train: epoch 157, iter:20, loss: 0.5395, lr: 0.0004739186928329898
2026-09-30 09:10:18 - val epoch: 157, loss: 0.8716
2026-09-30 09:10:18 - wave mode=full, epoch 157, alpha: 0.1269
2026-09-30 09:10:19 - train: epoch 158, iter:0, loss: 0.5004, lr: 0.0004687470924218222
2026-09-30 09:10:21 - train: epoch 158, iter:20, loss: 0.5506, lr: 0.0004687470924218222
2026-09-30 09:10:24 - val epoch: 158, loss: 0.8616
2026-09-30 09:10:24 - wave mode=full, epoch 158, alpha: 0.1269
2026-09-30 09:10:25 - train: epoch 159, iter:0, loss: 0.4962, lr: 0.00046357946755050356
2026-09-30 09:10:27 - train: epoch 159, iter:20, loss: 0.5152, lr: 0.00046357946755050356
2026-09-30 09:10:29 - val epoch: 159, loss: 0.8276
2026-09-30 09:10:29 - wave mode=full, epoch 159, alpha: 0.1269
2026-09-30 09:10:30 - train: epoch 160, iter:0, loss: 0.4312, lr: 0.00045841638490733513
2026-09-30 09:10:32 - train: epoch 160, iter:20, loss: 0.5415, lr: 0.00045841638490733513
2026-09-30 09:10:35 - val epoch: 160, loss: 0.8313, miou: 0.7850435570019942, f1_or_dsc: 0.8795791608810778, accuracy: 0.9404132012093421,                 specificity: 0.955340393775411, sensitivity: 0.8940164199158841, confusion_matrix: [[38274277  1789220]
 [ 1366085 11523506]]
2026-09-30 09:10:35 - wave mode=full, epoch 160, alpha: 0.1271
2026-09-30 09:10:36 - train: epoch 161, iter:0, loss: 0.6559, lr: 0.00045325841068251133
2026-09-30 09:10:38 - train: epoch 161, iter:20, loss: 0.5312, lr: 0.00045325841068251133
2026-09-30 09:10:41 - val epoch: 161, loss: 0.8649
2026-09-30 09:10:41 - wave mode=full, epoch 161, alpha: 0.1273
2026-09-30 09:10:42 - train: epoch 162, iter:0, loss: 0.4725, lr: 0.0004481061105060308
2026-09-30 09:10:44 - train: epoch 162, iter:20, loss: 0.5629, lr: 0.0004481061105060308
2026-09-30 09:10:47 - val epoch: 162, loss: 0.8333
2026-09-30 09:10:47 - wave mode=full, epoch 162, alpha: 0.1272
2026-09-30 09:10:48 - train: epoch 163, iter:0, loss: 0.6457, lr: 0.0004429600493856691
2026-09-30 09:10:50 - train: epoch 163, iter:20, loss: 0.5245, lr: 0.0004429600493856691
2026-09-30 09:10:52 - val epoch: 163, loss: 0.8656
2026-09-30 09:10:52 - wave mode=full, epoch 163, alpha: 0.1273
2026-09-30 09:10:53 - train: epoch 164, iter:0, loss: 0.5050, lr: 0.000437820791645019
2026-09-30 09:10:55 - train: epoch 164, iter:20, loss: 0.5378, lr: 0.000437820791645019
2026-09-30 09:10:58 - val epoch: 164, loss: 0.9162
2026-09-30 09:10:58 - wave mode=full, epoch 164, alpha: 0.1275
2026-09-30 09:10:59 - train: epoch 165, iter:0, loss: 0.5324, lr: 0.00043268890086160604
2026-09-30 09:11:01 - train: epoch 165, iter:20, loss: 0.5197, lr: 0.00043268890086160604
2026-09-30 09:11:04 - val epoch: 165, loss: 0.8724
2026-09-30 09:11:04 - wave mode=full, epoch 165, alpha: 0.1275
2026-09-30 09:11:05 - train: epoch 166, iter:0, loss: 0.7360, lr: 0.0004275649398050855
2026-09-30 09:11:07 - train: epoch 166, iter:20, loss: 0.5483, lr: 0.0004275649398050855
2026-09-30 09:11:09 - val epoch: 166, loss: 0.8623
2026-09-30 09:11:09 - wave mode=full, epoch 166, alpha: 0.1276
2026-09-30 09:11:10 - train: epoch 167, iter:0, loss: 0.5585, lr: 0.0004224494703755289
2026-09-30 09:11:12 - train: epoch 167, iter:20, loss: 0.5197, lr: 0.0004224494703755289
2026-09-30 09:11:36 - val epoch: 167, loss: 0.8779
2026-09-30 09:11:36 - wave mode=full, epoch 167, alpha: 0.1277
2026-09-30 09:11:37 - train: epoch 168, iter:0, loss: 0.6110, lr: 0.00041734305354180595
2026-09-30 09:11:39 - train: epoch 168, iter:20, loss: 0.5400, lr: 0.00041734305354180595
2026-09-30 09:11:41 - val epoch: 168, loss: 0.8646
2026-09-30 09:11:41 - wave mode=full, epoch 168, alpha: 0.1277
2026-09-30 09:11:42 - train: epoch 169, iter:0, loss: 0.4432, lr: 0.000412246249280066
2026-09-30 09:11:45 - train: epoch 169, iter:20, loss: 0.5177, lr: 0.000412246249280066
2026-09-30 09:11:47 - val epoch: 169, loss: 0.8413
2026-09-30 09:11:47 - wave mode=full, epoch 169, alpha: 0.1278
2026-09-30 09:11:48 - train: epoch 170, iter:0, loss: 0.5483, lr: 0.0004071596165123322
2026-09-30 09:11:50 - train: epoch 170, iter:20, loss: 0.5317, lr: 0.0004071596165123322
2026-09-30 09:11:53 - val epoch: 170, loss: 0.8674, miou: 0.7787112228009783, f1_or_dsc: 0.8755903856891659, accuracy: 0.937713604162235,                 specificity: 0.9497005216494206, sensitivity: 0.9004558018947226, confusion_matrix: [[38048324  2015173]
 [ 1283084 11606507]]
2026-09-30 09:11:53 - wave mode=full, epoch 170, alpha: 0.1279
2026-09-30 09:11:54 - train: epoch 171, iter:0, loss: 0.5671, lr: 0.0004020837130452088
2026-09-30 09:11:56 - train: epoch 171, iter:20, loss: 0.5227, lr: 0.0004020837130452088
2026-09-30 09:11:58 - val epoch: 171, loss: 0.8483
2026-09-30 09:11:58 - wave mode=full, epoch 171, alpha: 0.1280
2026-09-30 09:11:59 - train: epoch 172, iter:0, loss: 0.4500, lr: 0.00039701909550871116
2026-09-30 09:12:02 - train: epoch 172, iter:20, loss: 0.5161, lr: 0.00039701909550871116
2026-09-30 09:12:04 - val epoch: 172, loss: 0.8723
2026-09-30 09:12:04 - wave mode=full, epoch 172, alpha: 0.1281
2026-09-30 09:12:05 - train: epoch 173, iter:0, loss: 0.5305, lr: 0.0003919663192952252
2026-09-30 09:12:07 - train: epoch 173, iter:20, loss: 0.5444, lr: 0.0003919663192952252
2026-09-30 09:12:10 - val epoch: 173, loss: 0.8242
2026-09-30 09:12:10 - wave mode=full, epoch 173, alpha: 0.1281
2026-09-30 09:12:11 - train: epoch 174, iter:0, loss: 0.7572, lr: 0.0003869259384986023
2026-09-30 09:12:13 - train: epoch 174, iter:20, loss: 0.5184, lr: 0.0003869259384986023
2026-09-30 09:12:16 - val epoch: 174, loss: 0.8092
2026-09-30 09:12:16 - wave mode=full, epoch 174, alpha: 0.1281
2026-09-30 09:12:17 - train: epoch 175, iter:0, loss: 0.6337, lr: 0.0003818985058533967
2026-09-30 09:12:19 - train: epoch 175, iter:20, loss: 0.5233, lr: 0.0003818985058533967
2026-09-30 09:12:21 - val epoch: 175, loss: 0.8452
2026-09-30 09:12:21 - wave mode=full, epoch 175, alpha: 0.1282
2026-09-30 09:12:22 - train: epoch 176, iter:0, loss: 0.6927, lr: 0.00037688457267425206
2026-09-30 09:12:24 - train: epoch 176, iter:20, loss: 0.5168, lr: 0.00037688457267425206
2026-09-30 09:12:27 - val epoch: 176, loss: 0.8408
2026-09-30 09:12:27 - wave mode=full, epoch 176, alpha: 0.1284
2026-09-30 09:12:28 - train: epoch 177, iter:0, loss: 0.5548, lr: 0.0003718846887954434
2026-09-30 09:12:30 - train: epoch 177, iter:20, loss: 0.5300, lr: 0.0003718846887954434
2026-09-30 09:12:33 - val epoch: 177, loss: 0.8583
2026-09-30 09:12:33 - wave mode=full, epoch 177, alpha: 0.1284
2026-09-30 09:12:34 - train: epoch 178, iter:0, loss: 0.6997, lr: 0.0003668994025105812
2026-09-30 09:12:36 - train: epoch 178, iter:20, loss: 0.5217, lr: 0.0003668994025105812
2026-09-30 09:12:39 - val epoch: 178, loss: 0.8814
2026-09-30 09:12:39 - wave mode=full, epoch 178, alpha: 0.1285
2026-09-30 09:12:40 - train: epoch 179, iter:0, loss: 0.4907, lr: 0.0003619292605124862
2026-09-30 09:12:42 - train: epoch 179, iter:20, loss: 0.5456, lr: 0.0003619292605124862
2026-09-30 09:12:44 - val epoch: 179, loss: 0.8693
2026-09-30 09:12:44 - wave mode=full, epoch 179, alpha: 0.1285
2026-09-30 09:12:45 - train: epoch 180, iter:0, loss: 0.4780, lr: 0.00035697480783323686
2026-09-30 09:12:47 - train: epoch 180, iter:20, loss: 0.5131, lr: 0.00035697480783323686
2026-09-30 09:12:50 - val epoch: 180, loss: 0.8164, miou: 0.7894685138823762, f1_or_dsc: 0.8823497119483477, accuracy: 0.9419632335700611,                 specificity: 0.9573708206250693, sensitivity: 0.8940732875077262, confusion_matrix: [[38355623  1707874]
 [ 1365352 11524239]]
2026-09-30 09:12:50 - wave mode=full, epoch 180, alpha: 0.1286
2026-09-30 09:12:51 - train: epoch 181, iter:0, loss: 0.4806, lr: 0.00035203658778440076
2026-09-30 09:12:53 - train: epoch 181, iter:20, loss: 0.5256, lr: 0.00035203658778440076
2026-09-30 09:12:56 - val epoch: 181, loss: 0.8281
2026-09-30 09:12:56 - wave mode=full, epoch 181, alpha: 0.1287
2026-09-30 09:12:57 - train: epoch 182, iter:0, loss: 0.5397, lr: 0.00034711514189745505
2026-09-30 09:12:58 - train: epoch 182, iter:20, loss: 0.5203, lr: 0.00034711514189745505
2026-09-30 09:13:01 - val epoch: 182, loss: 0.8276
2026-09-30 09:13:01 - wave mode=full, epoch 182, alpha: 0.1288
2026-09-30 09:13:02 - train: epoch 183, iter:0, loss: 0.5460, lr: 0.00034221100986440094
2026-09-30 09:13:04 - train: epoch 183, iter:20, loss: 0.5091, lr: 0.00034221100986440094
2026-09-30 09:13:07 - val epoch: 183, loss: 0.8156
2026-09-30 09:13:07 - wave mode=full, epoch 183, alpha: 0.1290
2026-09-30 09:13:08 - train: epoch 184, iter:0, loss: 0.4531, lr: 0.0003373247294785804
2026-09-30 09:13:10 - train: epoch 184, iter:20, loss: 0.5189, lr: 0.0003373247294785804
2026-09-30 09:13:13 - val epoch: 184, loss: 0.8635
2026-09-30 09:13:13 - wave mode=full, epoch 184, alpha: 0.1290
2026-09-30 09:13:13 - train: epoch 185, iter:0, loss: 0.5049, lr: 0.0003324568365757012
2026-09-30 09:13:15 - train: epoch 185, iter:20, loss: 0.5218, lr: 0.0003324568365757012
2026-09-30 09:13:18 - val epoch: 185, loss: 0.8582
2026-09-30 09:13:18 - wave mode=full, epoch 185, alpha: 0.1290
2026-09-30 09:13:19 - train: epoch 186, iter:0, loss: 0.4385, lr: 0.0003276078649750761
2026-09-30 09:13:21 - train: epoch 186, iter:20, loss: 0.5170, lr: 0.0003276078649750761
2026-09-30 09:13:24 - val epoch: 186, loss: 0.8230
2026-09-30 09:13:24 - wave mode=full, epoch 186, alpha: 0.1290
2026-09-30 09:13:25 - train: epoch 187, iter:0, loss: 0.4671, lr: 0.00032277834642108417
2026-09-30 09:13:27 - train: epoch 187, iter:20, loss: 0.5203, lr: 0.00032277834642108417
2026-09-30 09:13:30 - val epoch: 187, loss: 0.8488
2026-09-30 09:13:30 - wave mode=full, epoch 187, alpha: 0.1291
2026-09-30 09:13:31 - train: epoch 188, iter:0, loss: 0.4452, lr: 0.00031796881052485835
2026-09-30 09:13:33 - train: epoch 188, iter:20, loss: 0.5145, lr: 0.00031796881052485835
2026-09-30 09:14:28 - val epoch: 188, loss: 0.8297
2026-09-30 09:14:28 - wave mode=full, epoch 188, alpha: 0.1291
2026-09-30 09:14:29 - train: epoch 189, iter:0, loss: 0.5010, lr: 0.00031317978470620867
2026-09-30 09:14:31 - train: epoch 189, iter:20, loss: 0.5257, lr: 0.00031317978470620867
2026-09-30 09:14:34 - val epoch: 189, loss: 0.9367
2026-09-30 09:14:34 - wave mode=full, epoch 189, alpha: 0.1291
2026-09-30 09:14:35 - train: epoch 190, iter:0, loss: 0.6778, lr: 0.00030841179413578315
2026-09-30 09:14:37 - train: epoch 190, iter:20, loss: 0.5488, lr: 0.00030841179413578315
2026-09-30 09:14:40 - val epoch: 190, loss: 0.8363, miou: 0.7916626373872913, f1_or_dsc: 0.8837184198267825, accuracy: 0.9440577478692083,                 specificity: 0.9668215183512313, sensitivity: 0.8733032723846706, confusion_matrix: [[38734251  1329246]
 [ 1633069 11256522]]
2026-09-30 09:14:40 - wave mode=full, epoch 190, alpha: 0.1292
2026-09-30 09:14:41 - train: epoch 191, iter:0, loss: 0.5208, lr: 0.0003036653616774785
2026-09-30 09:14:43 - train: epoch 191, iter:20, loss: 0.5352, lr: 0.0003036653616774785
2026-09-30 09:14:46 - val epoch: 191, loss: 0.8237
2026-09-30 09:14:46 - wave mode=full, epoch 191, alpha: 0.1292
2026-09-30 09:14:47 - train: epoch 192, iter:0, loss: 0.5144, lr: 0.0002989410078311011
2026-09-30 09:14:49 - train: epoch 192, iter:20, loss: 0.5067, lr: 0.0002989410078311011
2026-09-30 09:14:51 - val epoch: 192, loss: 0.8401
2026-09-30 09:14:51 - wave mode=full, epoch 192, alpha: 0.1293
2026-09-30 09:14:52 - train: epoch 193, iter:0, loss: 0.5852, lr: 0.00029423925067528865
2026-09-30 09:14:54 - train: epoch 193, iter:20, loss: 0.5180, lr: 0.00029423925067528865
2026-09-30 09:14:57 - val epoch: 193, loss: 0.8349
2026-09-30 09:14:57 - wave mode=full, epoch 193, alpha: 0.1295
2026-09-30 09:14:58 - train: epoch 194, iter:0, loss: 0.5112, lr: 0.0002895606058106975
2026-09-30 09:15:01 - train: epoch 194, iter:20, loss: 0.5102, lr: 0.0002895606058106975
2026-09-30 09:15:03 - val epoch: 194, loss: 0.8274
2026-09-30 09:15:03 - wave mode=full, epoch 194, alpha: 0.1294
2026-09-30 09:15:04 - train: epoch 195, iter:0, loss: 0.4240, lr: 0.0002849055863034606
2026-09-30 09:15:06 - train: epoch 195, iter:20, loss: 0.5135, lr: 0.0002849055863034606
2026-09-30 09:15:09 - val epoch: 195, loss: 0.8399
2026-09-30 09:15:09 - wave mode=full, epoch 195, alpha: 0.1295
2026-09-30 09:15:10 - train: epoch 196, iter:0, loss: 0.5419, lr: 0.00028027470262892396
2026-09-30 09:15:12 - train: epoch 196, iter:20, loss: 0.4899, lr: 0.00028027470262892396
2026-09-30 09:15:15 - val epoch: 196, loss: 0.8169
2026-09-30 09:15:15 - wave mode=full, epoch 196, alpha: 0.1295
2026-09-30 09:15:16 - train: epoch 197, iter:0, loss: 0.4671, lr: 0.0002756684626156682
2026-09-30 09:15:18 - train: epoch 197, iter:20, loss: 0.5059, lr: 0.0002756684626156682
2026-09-30 09:15:21 - val epoch: 197, loss: 0.8220
2026-09-30 09:15:21 - wave mode=full, epoch 197, alpha: 0.1295
2026-09-30 09:15:22 - train: epoch 198, iter:0, loss: 0.6117, lr: 0.000271087371389818
2026-09-30 09:15:24 - train: epoch 198, iter:20, loss: 0.5042, lr: 0.000271087371389818
2026-09-30 09:15:27 - val epoch: 198, loss: 0.8333
2026-09-30 09:15:27 - wave mode=full, epoch 198, alpha: 0.1296
2026-09-30 09:15:28 - train: epoch 199, iter:0, loss: 0.4940, lr: 0.0002665319313196505
2026-09-30 09:15:30 - train: epoch 199, iter:20, loss: 0.5207, lr: 0.0002665319313196505
2026-09-30 09:15:32 - val epoch: 199, loss: 0.8141
2026-09-30 09:15:32 - wave mode=full, epoch 199, alpha: 0.1296
2026-09-30 09:15:33 - train: epoch 200, iter:0, loss: 0.5147, lr: 0.00026200264196050494
2026-09-30 09:15:35 - train: epoch 200, iter:20, loss: 0.5293, lr: 0.00026200264196050494
2026-09-30 09:15:38 - val epoch: 200, loss: 0.8372, miou: 0.7894561088530939, f1_or_dsc: 0.8823419640720617, accuracy: 0.9422164954761467,                 specificity: 0.9589821877006892, sensitivity: 0.8901052795236094, confusion_matrix: [[38420180  1643317]
 [ 1416498 11473093]]
2026-09-30 09:15:38 - wave mode=full, epoch 200, alpha: 0.1297
2026-09-30 09:15:39 - train: epoch 201, iter:0, loss: 0.6097, lr: 0.00025749999999999954
2026-09-30 09:15:41 - train: epoch 201, iter:20, loss: 0.5115, lr: 0.00025749999999999954
2026-09-30 09:15:44 - val epoch: 201, loss: 0.8196
2026-09-30 09:15:44 - wave mode=full, epoch 201, alpha: 0.1297
2026-09-30 09:15:45 - train: epoch 202, iter:0, loss: 0.4707, lr: 0.0002530244992035658
2026-09-30 09:15:47 - train: epoch 202, iter:20, loss: 0.5000, lr: 0.0002530244992035658
2026-09-30 09:15:50 - val epoch: 202, loss: 0.8578
2026-09-30 09:15:50 - wave mode=full, epoch 202, alpha: 0.1299
2026-09-30 09:15:51 - train: epoch 203, iter:0, loss: 0.4833, lr: 0.0002485766303603003
2026-09-30 09:15:53 - train: epoch 203, iter:20, loss: 0.5064, lr: 0.0002485766303603003
2026-09-30 09:15:55 - val epoch: 203, loss: 0.8287
2026-09-30 09:15:55 - wave mode=full, epoch 203, alpha: 0.1299
2026-09-30 09:15:56 - train: epoch 204, iter:0, loss: 0.4879, lr: 0.0002441568812291443
2026-09-30 09:15:58 - train: epoch 204, iter:20, loss: 0.5316, lr: 0.0002441568812291443
2026-09-30 09:16:01 - val epoch: 204, loss: 0.8277
2026-09-30 09:16:01 - wave mode=full, epoch 204, alpha: 0.1300
2026-09-30 09:16:02 - train: epoch 205, iter:0, loss: 0.5257, lr: 0.00023976573648539645
2026-09-30 09:16:04 - train: epoch 205, iter:20, loss: 0.4857, lr: 0.00023976573648539645
2026-09-30 09:16:07 - val epoch: 205, loss: 0.8367
2026-09-30 09:16:07 - wave mode=full, epoch 205, alpha: 0.1300
2026-09-30 09:16:08 - train: epoch 206, iter:0, loss: 0.5163, lr: 0.00023540367766756144
2026-09-30 09:16:10 - train: epoch 206, iter:20, loss: 0.5003, lr: 0.00023540367766756144
2026-09-30 09:16:12 - val epoch: 206, loss: 0.8696
2026-09-30 09:16:12 - wave mode=full, epoch 206, alpha: 0.1301
2026-09-30 09:16:13 - train: epoch 207, iter:0, loss: 0.4641, lr: 0.0002310711831245444
2026-09-30 09:16:16 - train: epoch 207, iter:20, loss: 0.5211, lr: 0.0002310711831245444
2026-09-30 09:16:18 - val epoch: 207, loss: 0.8600
2026-09-30 09:16:18 - wave mode=full, epoch 207, alpha: 0.1301
2026-09-30 09:16:19 - train: epoch 208, iter:0, loss: 0.5266, lr: 0.00022676872796319514
2026-09-30 09:16:22 - train: epoch 208, iter:20, loss: 0.5152, lr: 0.00022676872796319514
2026-09-30 09:16:24 - val epoch: 208, loss: 0.8509
2026-09-30 09:16:24 - wave mode=full, epoch 208, alpha: 0.1302
2026-09-30 09:16:25 - train: epoch 209, iter:0, loss: 0.4721, lr: 0.00022249678399620604
2026-09-30 09:16:58 - train: epoch 209, iter:20, loss: 0.5236, lr: 0.00022249678399620604
2026-09-30 09:17:01 - val epoch: 209, loss: 0.8429
2026-09-30 09:17:01 - wave mode=full, epoch 209, alpha: 0.1302
2026-09-30 09:17:02 - train: epoch 210, iter:0, loss: 0.5019, lr: 0.0002182558196903736
2026-09-30 09:17:04 - train: epoch 210, iter:20, loss: 0.5026, lr: 0.0002182558196903736
2026-09-30 09:17:07 - val epoch: 210, loss: 0.8542, miou: 0.7868063108148258, f1_or_dsc: 0.8806844995482734, accuracy: 0.9423133170250619,                 specificity: 0.9640910527605715, sensitivity: 0.8746236401139493, confusion_matrix: [[38624859  1438638]
 [ 1616050 11273541]]
2026-09-30 09:17:07 - wave mode=full, epoch 210, alpha: 0.1303
2026-09-30 09:17:08 - train: epoch 211, iter:0, loss: 0.5947, lr: 0.00021404630011522552
2026-09-30 09:17:10 - train: epoch 211, iter:20, loss: 0.5144, lr: 0.00021404630011522552
2026-09-30 09:17:12 - val epoch: 211, loss: 0.8584
2026-09-30 09:17:12 - wave mode=full, epoch 211, alpha: 0.1303
2026-09-30 09:17:13 - train: epoch 212, iter:0, loss: 0.4901, lr: 0.0002098686868920198
2026-09-30 09:17:15 - train: epoch 212, iter:20, loss: 0.5103, lr: 0.0002098686868920198
2026-09-30 09:17:18 - val epoch: 212, loss: 0.8394
2026-09-30 09:17:18 - wave mode=full, epoch 212, alpha: 0.1303
2026-09-30 09:17:19 - train: epoch 213, iter:0, loss: 0.4640, lr: 0.00020572343814312415
2026-09-30 09:17:21 - train: epoch 213, iter:20, loss: 0.5121, lr: 0.00020572343814312415
2026-09-30 09:17:24 - val epoch: 213, loss: 0.8360
2026-09-30 09:17:24 - wave mode=full, epoch 213, alpha: 0.1304
2026-09-30 09:17:25 - train: epoch 214, iter:0, loss: 0.5421, lr: 0.00020161100844177644
2026-09-30 09:17:27 - train: epoch 214, iter:20, loss: 0.5105, lr: 0.00020161100844177644
2026-09-30 09:17:29 - val epoch: 214, loss: 0.8616
2026-09-30 09:17:29 - wave mode=full, epoch 214, alpha: 0.1304
2026-09-30 09:17:30 - train: epoch 215, iter:0, loss: 0.4884, lr: 0.0001975318487622361
2026-09-30 09:17:32 - train: epoch 215, iter:20, loss: 0.5074, lr: 0.0001975318487622361
2026-09-30 09:17:35 - val epoch: 215, loss: 0.8369
2026-09-30 09:17:35 - wave mode=full, epoch 215, alpha: 0.1304
2026-09-30 09:17:36 - train: epoch 216, iter:0, loss: 0.3764, lr: 0.00019348640643033024
2026-09-30 09:17:38 - train: epoch 216, iter:20, loss: 0.5076, lr: 0.00019348640643033024
2026-09-30 09:17:41 - val epoch: 216, loss: 0.8356
2026-09-30 09:17:41 - wave mode=full, epoch 216, alpha: 0.1305
2026-09-30 09:17:42 - train: epoch 217, iter:0, loss: 0.4601, lr: 0.00018947512507439828
2026-09-30 09:17:44 - train: epoch 217, iter:20, loss: 0.5116, lr: 0.00018947512507439828
2026-09-30 09:17:46 - val epoch: 217, loss: 0.8446
2026-09-30 09:17:46 - wave mode=full, epoch 217, alpha: 0.1305
2026-09-30 09:17:47 - train: epoch 218, iter:0, loss: 0.4448, lr: 0.00018549844457664425
2026-09-30 09:17:49 - train: epoch 218, iter:20, loss: 0.5186, lr: 0.00018549844457664425
2026-09-30 09:17:52 - val epoch: 218, loss: 0.8468
2026-09-30 09:17:52 - wave mode=full, epoch 218, alpha: 0.1305
2026-09-30 09:17:53 - train: epoch 219, iter:0, loss: 0.4944, lr: 0.00018155680102489765
2026-09-30 09:17:55 - train: epoch 219, iter:20, loss: 0.5072, lr: 0.00018155680102489765
2026-09-30 09:17:58 - val epoch: 219, loss: 0.8625
2026-09-30 09:17:58 - wave mode=full, epoch 219, alpha: 0.1306
2026-09-30 09:17:59 - train: epoch 220, iter:0, loss: 0.5438, lr: 0.00017765062666479195
2026-09-30 09:18:01 - train: epoch 220, iter:20, loss: 0.5052, lr: 0.00017765062666479195
2026-09-30 09:18:03 - val epoch: 220, loss: 0.8459, miou: 0.783942806950619, f1_or_dsc: 0.8788878252107767, accuracy: 0.9399749453705136,                 specificity: 0.9545260115461214, sensitivity: 0.8947472421739371, confusion_matrix: [[38241650  1821847]
 [ 1356665 11532926]]
2026-09-30 09:18:03 - wave mode=full, epoch 220, alpha: 0.1306
2026-09-30 09:18:04 - train: epoch 221, iter:0, loss: 0.4398, lr: 0.00017378034985236489
2026-09-30 09:18:06 - train: epoch 221, iter:20, loss: 0.5081, lr: 0.00017378034985236489
2026-09-30 09:18:09 - val epoch: 221, loss: 0.8739
2026-09-30 09:18:09 - wave mode=full, epoch 221, alpha: 0.1307
2026-09-30 09:18:10 - train: epoch 222, iter:0, loss: 0.4950, lr: 0.0001699463950070827
2026-09-30 09:18:12 - train: epoch 222, iter:20, loss: 0.4972, lr: 0.0001699463950070827
2026-09-30 09:18:15 - val epoch: 222, loss: 0.8442
2026-09-30 09:18:15 - wave mode=full, epoch 222, alpha: 0.1306
2026-09-30 09:18:16 - train: epoch 223, iter:0, loss: 0.5138, lr: 0.0001661491825652988
2026-09-30 09:18:18 - train: epoch 223, iter:20, loss: 0.5040, lr: 0.0001661491825652988
2026-09-30 09:18:21 - val epoch: 223, loss: 0.8496
2026-09-30 09:18:21 - wave mode=full, epoch 223, alpha: 0.1306
2026-09-30 09:18:22 - train: epoch 224, iter:0, loss: 0.4878, lr: 0.0001623891289341484
2026-09-30 09:18:24 - train: epoch 224, iter:20, loss: 0.5090, lr: 0.0001623891289341484
2026-09-30 09:18:38 - val epoch: 224, loss: 0.8366
2026-09-30 09:18:38 - wave mode=full, epoch 224, alpha: 0.1307
2026-09-30 09:18:39 - train: epoch 225, iter:0, loss: 0.5421, lr: 0.0001586666464458838
2026-09-30 09:18:41 - train: epoch 225, iter:20, loss: 0.5087, lr: 0.0001586666464458838
2026-09-30 09:18:44 - val epoch: 225, loss: 0.8317
2026-09-30 09:18:44 - wave mode=full, epoch 225, alpha: 0.1307
2026-09-30 09:18:45 - train: epoch 226, iter:0, loss: 0.4726, lr: 0.00015498214331265874
2026-09-30 09:18:47 - train: epoch 226, iter:20, loss: 0.5138, lr: 0.00015498214331265874
2026-09-30 09:18:50 - val epoch: 226, loss: 0.8907
2026-09-30 09:18:50 - wave mode=full, epoch 226, alpha: 0.1307
2026-09-30 09:18:51 - train: epoch 227, iter:0, loss: 0.3903, lr: 0.00015133602358176218
2026-09-30 09:18:53 - train: epoch 227, iter:20, loss: 0.5117, lr: 0.00015133602358176218
2026-09-30 09:18:55 - val epoch: 227, loss: 0.8484
2026-09-30 09:18:55 - wave mode=full, epoch 227, alpha: 0.1308
2026-09-30 09:18:56 - train: epoch 228, iter:0, loss: 0.4232, lr: 0.00014772868709131046
2026-09-30 09:18:58 - train: epoch 228, iter:20, loss: 0.5016, lr: 0.00014772868709131046
2026-09-30 09:19:01 - val epoch: 228, loss: 0.8374
2026-09-30 09:19:01 - wave mode=full, epoch 228, alpha: 0.1308
2026-09-30 09:19:02 - train: epoch 229, iter:0, loss: 0.4677, lr: 0.00014416052942640113
2026-09-30 09:19:04 - train: epoch 229, iter:20, loss: 0.5085, lr: 0.00014416052942640113
2026-09-30 09:19:07 - val epoch: 229, loss: 0.8667
2026-09-30 09:19:07 - wave mode=full, epoch 229, alpha: 0.1309
2026-09-30 09:19:08 - train: epoch 230, iter:0, loss: 0.5035, lr: 0.0001406319418757314
2026-09-30 09:19:10 - train: epoch 230, iter:20, loss: 0.4906, lr: 0.0001406319418757314
2026-09-30 09:19:12 - val epoch: 230, loss: 0.8335, miou: 0.786897926448128, f1_or_dsc: 0.8807418877162941, accuracy: 0.9408505317008141,                 specificity: 0.9548646240242084, sensitivity: 0.8972918535584256, confusion_matrix: [[38255216  1808281]
 [ 1323866 11565725]]
2026-09-30 09:19:12 - wave mode=full, epoch 230, alpha: 0.1308
2026-09-30 09:19:13 - train: epoch 231, iter:0, loss: 0.4320, lr: 0.00013714331138868954
2026-09-30 09:19:15 - train: epoch 231, iter:20, loss: 0.4814, lr: 0.00013714331138868954
2026-09-30 09:19:18 - val epoch: 231, loss: 0.8388
2026-09-30 09:19:18 - wave mode=full, epoch 231, alpha: 0.1309
2026-09-30 09:19:19 - train: epoch 232, iter:0, loss: 0.4674, lr: 0.00013369502053292226
2026-09-30 09:19:21 - train: epoch 232, iter:20, loss: 0.4851, lr: 0.00013369502053292226
2026-09-30 09:19:23 - val epoch: 232, loss: 0.8489
2026-09-30 09:19:23 - wave mode=full, epoch 232, alpha: 0.1309
2026-09-30 09:19:25 - train: epoch 233, iter:0, loss: 0.3961, lr: 0.0001302874474523804
2026-09-30 09:19:26 - train: epoch 233, iter:20, loss: 0.4949, lr: 0.0001302874474523804
2026-09-30 09:19:29 - val epoch: 233, loss: 0.8393
2026-09-30 09:19:29 - wave mode=full, epoch 233, alpha: 0.1310
2026-09-30 09:19:30 - train: epoch 234, iter:0, loss: 0.5254, lr: 0.00012692096582585187
2026-09-30 09:19:32 - train: epoch 234, iter:20, loss: 0.5084, lr: 0.00012692096582585187
2026-09-30 09:19:35 - val epoch: 234, loss: 0.8360
2026-09-30 09:19:35 - wave mode=full, epoch 234, alpha: 0.1310
2026-09-30 09:19:36 - train: epoch 235, iter:0, loss: 0.5370, lr: 0.00012359594482598416
2026-09-30 09:19:38 - train: epoch 235, iter:20, loss: 0.5007, lr: 0.00012359594482598416
2026-09-30 09:19:41 - val epoch: 235, loss: 0.8265
2026-09-30 09:19:41 - wave mode=full, epoch 235, alpha: 0.1310
2026-09-30 09:19:41 - train: epoch 236, iter:0, loss: 0.5393, lr: 0.00012031274907879919
2026-09-30 09:19:43 - train: epoch 236, iter:20, loss: 0.4976, lr: 0.00012031274907879919
2026-09-30 09:19:46 - val epoch: 236, loss: 0.8570
2026-09-30 09:19:46 - wave mode=full, epoch 236, alpha: 0.1311
2026-09-30 09:19:47 - train: epoch 237, iter:0, loss: 0.3950, lr: 0.00011707173862370913
2026-09-30 09:19:49 - train: epoch 237, iter:20, loss: 0.4786, lr: 0.00011707173862370913
2026-09-30 09:19:52 - val epoch: 237, loss: 0.8270
2026-09-30 09:19:52 - wave mode=full, epoch 237, alpha: 0.1311
2026-09-30 09:19:53 - train: epoch 238, iter:0, loss: 0.4833, lr: 0.00011387326887403316
2026-09-30 09:19:55 - train: epoch 238, iter:20, loss: 0.4929, lr: 0.00011387326887403316
2026-09-30 09:19:57 - val epoch: 238, loss: 0.8362
2026-09-30 09:19:57 - wave mode=full, epoch 238, alpha: 0.1311
2026-09-30 09:19:58 - train: epoch 239, iter:0, loss: 0.4107, lr: 0.00011071769057802265
2026-09-30 09:20:00 - train: epoch 239, iter:20, loss: 0.4938, lr: 0.00011071769057802265
2026-09-30 09:20:03 - val epoch: 239, loss: 0.8331
2026-09-30 09:20:03 - wave mode=full, epoch 239, alpha: 0.1311
2026-09-30 09:20:04 - train: epoch 240, iter:0, loss: 0.4635, lr: 0.0001076053497803982
2026-09-30 09:20:06 - train: epoch 240, iter:20, loss: 0.4858, lr: 0.0001076053497803982
2026-09-30 09:20:08 - val epoch: 240, loss: 0.8411, miou: 0.7870029787241022, f1_or_dsc: 0.8808076853749987, accuracy: 0.9411455853150623,                 specificity: 0.9565146048034698, sensitivity: 0.893375515173445, confusion_matrix: [[38321320  1742177]
 [ 1374346 11515245]]
2026-09-30 09:20:08 - wave mode=full, epoch 240, alpha: 0.1311
2026-09-30 09:20:09 - train: epoch 241, iter:0, loss: 0.5175, lr: 0.00010453658778440088
2026-09-30 09:20:11 - train: epoch 241, iter:20, loss: 0.4914, lr: 0.00010453658778440088
2026-09-30 09:20:14 - val epoch: 241, loss: 0.8289
2026-09-30 09:20:14 - wave mode=full, epoch 241, alpha: 0.1312
2026-09-30 09:20:15 - train: epoch 242, iter:0, loss: 0.3948, lr: 0.00010151174111436543
2026-09-30 09:20:17 - train: epoch 242, iter:20, loss: 0.4853, lr: 0.00010151174111436543
2026-09-30 09:20:20 - val epoch: 242, loss: 0.8407
2026-09-30 09:20:20 - wave mode=full, epoch 242, alpha: 0.1312
2026-09-30 09:20:21 - train: epoch 243, iter:0, loss: 0.5845, lr: 9.853114147881633e-05
2026-09-30 09:20:23 - train: epoch 243, iter:20, loss: 0.4990, lr: 9.853114147881633e-05
2026-09-30 09:20:25 - val epoch: 243, loss: 0.8389
2026-09-30 09:20:25 - wave mode=full, epoch 243, alpha: 0.1312
2026-09-30 09:20:26 - train: epoch 244, iter:0, loss: 0.7133, lr: 9.559511573409167e-05
2026-09-30 09:20:28 - train: epoch 244, iter:20, loss: 0.4910, lr: 9.559511573409167e-05
2026-09-30 09:20:31 - val epoch: 244, loss: 0.8286
2026-09-30 09:20:31 - wave mode=full, epoch 244, alpha: 0.1312
2026-09-30 09:20:32 - train: epoch 245, iter:0, loss: 0.4547, lr: 9.270398584850061e-05
2026-09-30 09:20:34 - train: epoch 245, iter:20, loss: 0.5020, lr: 9.270398584850061e-05
2026-09-30 09:20:37 - val epoch: 245, loss: 0.8184
2026-09-30 09:20:37 - wave mode=full, epoch 245, alpha: 0.1312
2026-09-30 09:20:38 - train: epoch 246, iter:0, loss: 0.6471, lr: 8.985806886701499e-05
2026-09-30 09:20:40 - train: epoch 246, iter:20, loss: 0.4939, lr: 8.985806886701499e-05
2026-09-30 09:20:43 - val epoch: 246, loss: 0.8367
2026-09-30 09:20:43 - wave mode=full, epoch 246, alpha: 0.1312
2026-09-30 09:20:44 - train: epoch 247, iter:0, loss: 0.5783, lr: 8.705767687650239e-05
2026-09-30 09:20:46 - train: epoch 247, iter:20, loss: 0.4941, lr: 8.705767687650239e-05
2026-09-30 09:20:48 - val epoch: 247, loss: 0.8307
2026-09-30 09:20:48 - wave mode=full, epoch 247, alpha: 0.1313
2026-09-30 09:20:49 - train: epoch 248, iter:0, loss: 0.4935, lr: 8.430311697150229e-05
2026-09-30 09:20:51 - train: epoch 248, iter:20, loss: 0.5062, lr: 8.430311697150229e-05
2026-09-30 09:20:54 - val epoch: 248, loss: 0.8543
2026-09-30 09:20:54 - wave mode=full, epoch 248, alpha: 0.1313
2026-09-30 09:20:55 - train: epoch 249, iter:0, loss: 0.4785, lr: 8.159469122054909e-05
2026-09-30 09:20:57 - train: epoch 249, iter:20, loss: 0.5013, lr: 8.159469122054909e-05
2026-09-30 09:20:59 - val epoch: 249, loss: 0.8247
2026-09-30 09:20:59 - wave mode=full, epoch 249, alpha: 0.1313
2026-09-30 09:21:00 - train: epoch 250, iter:0, loss: 0.5526, lr: 7.893269663304782e-05
2026-09-30 09:21:02 - train: epoch 250, iter:20, loss: 0.5094, lr: 7.893269663304782e-05
2026-09-30 09:21:05 - val epoch: 250, loss: 0.8479, miou: 0.7930475110154035, f1_or_dsc: 0.8845805882369513, accuracy: 0.9450669052577255,                 specificity: 0.9708916822712705, sensitivity: 0.8647981925881124, confusion_matrix: [[38897316  1166181]
 [ 1742696 11146895]]
2026-09-30 09:21:05 - wave mode=full, epoch 250, alpha: 0.1313
2026-09-30 09:21:06 - train: epoch 251, iter:0, loss: 0.5022, lr: 7.631742512670282e-05
2026-09-30 09:21:08 - train: epoch 251, iter:20, loss: 0.4997, lr: 7.631742512670282e-05
2026-09-30 09:21:11 - val epoch: 251, loss: 0.8538
2026-09-30 09:21:11 - wave mode=full, epoch 251, alpha: 0.1313
2026-09-30 09:21:12 - train: epoch 252, iter:0, loss: 0.4659, lr: 7.374916349550603e-05
2026-09-30 09:21:14 - train: epoch 252, iter:20, loss: 0.4970, lr: 7.374916349550603e-05
2026-09-30 09:21:16 - val epoch: 252, loss: 0.8348
2026-09-30 09:21:16 - wave mode=full, epoch 252, alpha: 0.1313
2026-09-30 09:21:17 - train: epoch 253, iter:0, loss: 0.5267, lr: 7.122819337828741e-05
2026-09-30 09:21:19 - train: epoch 253, iter:20, loss: 0.4863, lr: 7.122819337828741e-05
2026-09-30 09:21:22 - val epoch: 253, loss: 0.8375
2026-09-30 09:21:22 - wave mode=full, epoch 253, alpha: 0.1313
2026-09-30 09:21:23 - train: epoch 254, iter:0, loss: 0.4590, lr: 6.875479122782878e-05
2026-09-30 09:21:25 - train: epoch 254, iter:20, loss: 0.4929, lr: 6.875479122782878e-05
2026-09-30 09:21:28 - val epoch: 254, loss: 0.8454
2026-09-30 09:21:28 - wave mode=full, epoch 254, alpha: 0.1314
2026-09-30 09:21:28 - train: epoch 255, iter:0, loss: 0.4241, lr: 6.632922828054862e-05
2026-09-30 09:21:31 - train: epoch 255, iter:20, loss: 0.5090, lr: 6.632922828054862e-05
2026-09-30 09:21:33 - val epoch: 255, loss: 0.8386
2026-09-30 09:21:33 - wave mode=full, epoch 255, alpha: 0.1314
2026-09-30 09:21:34 - train: epoch 256, iter:0, loss: 0.4784, lr: 6.395177052675786e-05
2026-09-30 09:21:37 - train: epoch 256, iter:20, loss: 0.4900, lr: 6.395177052675786e-05
2026-09-30 09:21:39 - val epoch: 256, loss: 0.8348
2026-09-30 09:21:39 - wave mode=full, epoch 256, alpha: 0.1314
2026-09-30 09:21:40 - train: epoch 257, iter:0, loss: 0.4688, lr: 6.162267868149065e-05
2026-09-30 09:21:42 - train: epoch 257, iter:20, loss: 0.4963, lr: 6.162267868149065e-05
2026-09-30 09:21:45 - val epoch: 257, loss: 0.8485
2026-09-30 09:21:45 - wave mode=full, epoch 257, alpha: 0.1314
2026-09-30 09:21:46 - train: epoch 258, iter:0, loss: 0.5185, lr: 5.934220815591413e-05
2026-09-30 09:21:48 - train: epoch 258, iter:20, loss: 0.5041, lr: 5.934220815591413e-05
2026-09-30 09:21:51 - val epoch: 258, loss: 0.8389
2026-09-30 09:21:51 - wave mode=full, epoch 258, alpha: 0.1314
2026-09-30 09:21:52 - train: epoch 259, iter:0, loss: 0.5239, lr: 5.711060902932035e-05
2026-09-30 09:21:54 - train: epoch 259, iter:20, loss: 0.4846, lr: 5.711060902932035e-05
2026-09-30 09:21:56 - val epoch: 259, loss: 0.8362
2026-09-30 09:21:56 - wave mode=full, epoch 259, alpha: 0.1314
2026-09-30 09:21:57 - train: epoch 260, iter:0, loss: 0.4552, lr: 5.492812602170101e-05
2026-09-30 09:22:00 - train: epoch 260, iter:20, loss: 0.4926, lr: 5.492812602170101e-05
2026-09-30 09:22:02 - val epoch: 260, loss: 0.8380, miou: 0.7916499933399581, f1_or_dsc: 0.883710541995069, accuracy: 0.9435214996337891,                 specificity: 0.9634412093382662, sensitivity: 0.8816069493593707, confusion_matrix: [[38598824  1464673]
 [ 1526038 11363553]]
2026-09-30 09:22:02 - wave mode=full, epoch 260, alpha: 0.1314
2026-09-30 09:22:03 - train: epoch 261, iter:0, loss: 0.5953, lr: 5.279499846691256e-05
2026-09-30 09:22:05 - train: epoch 261, iter:20, loss: 0.4894, lr: 5.279499846691256e-05
2026-09-30 09:22:08 - val epoch: 261, loss: 0.8307
2026-09-30 09:22:08 - wave mode=full, epoch 261, alpha: 0.1314
2026-09-30 09:22:09 - train: epoch 262, iter:0, loss: 0.5329, lr: 5.071146028642938e-05
2026-09-30 09:22:11 - train: epoch 262, iter:20, loss: 0.4870, lr: 5.071146028642938e-05
2026-09-30 09:22:14 - val epoch: 262, loss: 0.8357
2026-09-30 09:22:14 - wave mode=full, epoch 262, alpha: 0.1315
2026-09-30 09:22:15 - train: epoch 263, iter:0, loss: 0.5211, lr: 4.867773996369213e-05
2026-09-30 09:22:16 - train: epoch 263, iter:20, loss: 0.4977, lr: 4.867773996369213e-05
2026-09-30 09:22:19 - val epoch: 263, loss: 0.8309
2026-09-30 09:22:19 - wave mode=full, epoch 263, alpha: 0.1315
2026-09-30 09:22:20 - train: epoch 264, iter:0, loss: 0.4763, lr: 4.669406051905255e-05
2026-09-30 09:22:22 - train: epoch 264, iter:20, loss: 0.4878, lr: 4.669406051905255e-05
2026-09-30 09:22:25 - val epoch: 264, loss: 0.8386
2026-09-30 09:22:25 - wave mode=full, epoch 264, alpha: 0.1315
2026-09-30 09:22:26 - train: epoch 265, iter:0, loss: 0.3682, lr: 4.476063948531553e-05
2026-09-30 09:22:28 - train: epoch 265, iter:20, loss: 0.4884, lr: 4.476063948531553e-05
2026-09-30 09:22:31 - val epoch: 265, loss: 0.8376
2026-09-30 09:22:31 - wave mode=full, epoch 265, alpha: 0.1315
2026-09-30 09:22:32 - train: epoch 266, iter:0, loss: 0.4896, lr: 4.2877688883885086e-05
2026-09-30 09:22:34 - train: epoch 266, iter:20, loss: 0.4920, lr: 4.2877688883885086e-05
2026-09-30 09:22:37 - val epoch: 266, loss: 0.8401
2026-09-30 09:22:37 - wave mode=full, epoch 266, alpha: 0.1315
2026-09-30 09:22:38 - train: epoch 267, iter:0, loss: 0.5129, lr: 4.1045415201513684e-05
2026-09-30 09:22:40 - train: epoch 267, iter:20, loss: 0.4834, lr: 4.1045415201513684e-05
2026-09-30 09:22:42 - val epoch: 267, loss: 0.8340
2026-09-30 09:22:42 - wave mode=full, epoch 267, alpha: 0.1315
2026-09-30 09:22:43 - train: epoch 268, iter:0, loss: 0.5245, lr: 3.926401936765836e-05
2026-09-30 09:22:45 - train: epoch 268, iter:20, loss: 0.4925, lr: 3.926401936765836e-05
2026-09-30 09:22:48 - val epoch: 268, loss: 0.8354
2026-09-30 09:22:48 - wave mode=full, epoch 268, alpha: 0.1315
2026-09-30 09:22:49 - train: epoch 269, iter:0, loss: 0.4868, lr: 3.753369673244687e-05
2026-09-30 09:22:51 - train: epoch 269, iter:20, loss: 0.5024, lr: 3.753369673244687e-05
2026-09-30 09:22:53 - val epoch: 269, loss: 0.8359
2026-09-30 09:22:53 - wave mode=full, epoch 269, alpha: 0.1315
2026-09-30 09:22:54 - train: epoch 270, iter:0, loss: 0.5455, lr: 3.5854637045255115e-05
2026-09-30 09:22:56 - train: epoch 270, iter:20, loss: 0.4936, lr: 3.5854637045255115e-05
2026-09-30 09:22:59 - val epoch: 270, loss: 0.8346, miou: 0.7886166171880634, f1_or_dsc: 0.8818173884886195, accuracy: 0.9417656813517655,                 specificity: 0.9576039755091773, sensitivity: 0.8925370091262012, confusion_matrix: [[38364964  1698533]
 [ 1385154 11504437]]
2026-09-30 09:22:59 - wave mode=full, epoch 270, alpha: 0.1316
2026-09-30 09:23:00 - train: epoch 271, iter:0, loss: 0.4529, lr: 3.422702443389897e-05
2026-09-30 09:23:02 - train: epoch 271, iter:20, loss: 0.4977, lr: 3.422702443389897e-05
2026-09-30 09:23:05 - val epoch: 271, loss: 0.8334
2026-09-30 09:23:05 - wave mode=full, epoch 271, alpha: 0.1316
2026-09-30 09:23:05 - train: epoch 272, iter:0, loss: 0.5043, lr: 3.265103738444294e-05
2026-09-30 09:23:07 - train: epoch 272, iter:20, loss: 0.4827, lr: 3.265103738444294e-05
2026-09-30 09:23:10 - val epoch: 272, loss: 0.8359
2026-09-30 09:23:10 - wave mode=full, epoch 272, alpha: 0.1316
2026-09-30 09:23:11 - train: epoch 273, iter:0, loss: 0.4913, lr: 3.112684872162669e-05
2026-09-30 09:23:13 - train: epoch 273, iter:20, loss: 0.5060, lr: 3.112684872162669e-05
2026-09-30 09:23:16 - val epoch: 273, loss: 0.8368
2026-09-30 09:23:16 - wave mode=full, epoch 273, alpha: 0.1316
2026-09-30 09:23:17 - train: epoch 274, iter:0, loss: 0.5100, lr: 2.9654625589913163e-05
2026-09-30 09:23:19 - train: epoch 274, iter:20, loss: 0.4993, lr: 2.9654625589913163e-05
2026-09-30 09:23:21 - val epoch: 274, loss: 0.8402
2026-09-30 09:23:21 - wave mode=full, epoch 274, alpha: 0.1316
2026-09-30 09:23:22 - train: epoch 275, iter:0, loss: 0.5100, lr: 2.823452943515922e-05
2026-09-30 09:23:25 - train: epoch 275, iter:20, loss: 0.5066, lr: 2.823452943515922e-05
2026-09-30 09:23:27 - val epoch: 275, loss: 0.8395
2026-09-30 09:23:27 - wave mode=full, epoch 275, alpha: 0.1316
2026-09-30 09:23:28 - train: epoch 276, iter:0, loss: 0.5499, lr: 2.6866715986911168e-05
2026-09-30 09:23:30 - train: epoch 276, iter:20, loss: 0.4962, lr: 2.6866715986911168e-05
2026-09-30 09:23:33 - val epoch: 276, loss: 0.8459
2026-09-30 09:23:33 - wave mode=full, epoch 276, alpha: 0.1316
2026-09-30 09:23:34 - train: epoch 277, iter:0, loss: 0.4826, lr: 2.5551335241327604e-05
2026-09-30 09:23:36 - train: epoch 277, iter:20, loss: 0.4829, lr: 2.5551335241327604e-05
2026-09-30 09:23:39 - val epoch: 277, loss: 0.8362
2026-09-30 09:23:39 - wave mode=full, epoch 277, alpha: 0.1316
2026-09-30 09:23:40 - train: epoch 278, iter:0, loss: 0.5657, lr: 2.4288531444730185e-05
2026-09-30 09:23:42 - train: epoch 278, iter:20, loss: 0.4868, lr: 2.4288531444730185e-05
2026-09-30 09:23:45 - val epoch: 278, loss: 0.8350
2026-09-30 09:23:45 - wave mode=full, epoch 278, alpha: 0.1316
2026-09-30 09:23:46 - train: epoch 279, iter:0, loss: 0.4185, lr: 2.3078443077785645e-05
2026-09-30 09:23:48 - train: epoch 279, iter:20, loss: 0.4836, lr: 2.3078443077785645e-05
2026-09-30 09:23:50 - val epoch: 279, loss: 0.8315
2026-09-30 09:23:50 - wave mode=full, epoch 279, alpha: 0.1316
2026-09-30 09:23:51 - train: epoch 280, iter:0, loss: 0.4235, lr: 2.1921202840320064e-05
2026-09-30 09:23:53 - train: epoch 280, iter:20, loss: 0.4858, lr: 2.1921202840320064e-05
2026-09-30 09:23:56 - val epoch: 280, loss: 0.8387, miou: 0.7903852799613039, f1_or_dsc: 0.8829220043390735, accuracy: 0.9429099961082534,                 specificity: 0.9617470986119858, sensitivity: 0.8843604114358633, confusion_matrix: [[38530952  1532545]
 [ 1490547 11399044]]
2026-09-30 09:23:56 - wave mode=full, epoch 280, alpha: 0.1316
2026-09-30 09:23:57 - train: epoch 281, iter:0, loss: 0.7191, lr: 2.081693763676623e-05
2026-09-30 09:23:59 - train: epoch 281, iter:20, loss: 0.4835, lr: 2.081693763676623e-05
2026-09-30 09:24:02 - val epoch: 281, loss: 0.8393
2026-09-30 09:24:02 - wave mode=full, epoch 281, alpha: 0.1316
2026-09-30 09:24:03 - train: epoch 282, iter:0, loss: 0.4120, lr: 1.9765768562247723e-05
2026-09-30 09:24:05 - train: epoch 282, iter:20, loss: 0.4946, lr: 1.9765768562247723e-05
2026-09-30 09:24:08 - val epoch: 282, loss: 0.8431
2026-09-30 09:24:08 - wave mode=full, epoch 282, alpha: 0.1316
2026-09-30 09:24:08 - train: epoch 283, iter:0, loss: 0.4535, lr: 1.876781088929913e-05
2026-09-30 09:24:10 - train: epoch 283, iter:20, loss: 0.4788, lr: 1.876781088929913e-05
2026-09-30 09:24:13 - val epoch: 283, loss: 0.8356
2026-09-30 09:24:13 - wave mode=full, epoch 283, alpha: 0.1316
2026-09-30 09:24:14 - train: epoch 284, iter:0, loss: 0.4233, lr: 1.7823174055225262e-05
2026-09-30 09:24:16 - train: epoch 284, iter:20, loss: 0.4756, lr: 1.7823174055225262e-05
2026-09-30 09:24:19 - val epoch: 284, loss: 0.8325
2026-09-30 09:24:19 - wave mode=full, epoch 284, alpha: 0.1316
2026-09-30 09:24:20 - train: epoch 285, iter:0, loss: 0.4108, lr: 1.693196165010003e-05
2026-09-30 09:24:22 - train: epoch 285, iter:20, loss: 0.4961, lr: 1.693196165010003e-05
2026-09-30 09:24:25 - val epoch: 285, loss: 0.8382
2026-09-30 09:24:25 - wave mode=full, epoch 285, alpha: 0.1316
2026-09-30 09:24:26 - train: epoch 286, iter:0, loss: 0.6024, lr: 1.6094271405406855e-05
2026-09-30 09:24:28 - train: epoch 286, iter:20, loss: 0.4919, lr: 1.6094271405406855e-05
2026-09-30 09:24:30 - val epoch: 286, loss: 0.8360
2026-09-30 09:24:30 - wave mode=full, epoch 286, alpha: 0.1316
2026-09-30 09:24:31 - train: epoch 287, iter:0, loss: 0.7893, lr: 1.5310195183320773e-05
2026-09-30 09:24:33 - train: epoch 287, iter:20, loss: 0.4942, lr: 1.5310195183320773e-05
2026-09-30 09:24:36 - val epoch: 287, loss: 0.8398
2026-09-30 09:24:36 - wave mode=full, epoch 287, alpha: 0.1316
2026-09-30 09:24:37 - train: epoch 288, iter:0, loss: 0.4687, lr: 1.4579818966635417e-05
2026-09-30 09:24:39 - train: epoch 288, iter:20, loss: 0.4864, lr: 1.4579818966635417e-05
2026-09-30 09:24:42 - val epoch: 288, loss: 0.8363
2026-09-30 09:24:42 - wave mode=full, epoch 288, alpha: 0.1316
2026-09-30 09:24:43 - train: epoch 289, iter:0, loss: 0.5477, lr: 1.3903222849333505e-05
2026-09-30 09:24:45 - train: epoch 289, iter:20, loss: 0.4792, lr: 1.3903222849333505e-05
2026-09-30 09:24:47 - val epoch: 289, loss: 0.8369
2026-09-30 09:24:47 - wave mode=full, epoch 289, alpha: 0.1316
2026-09-30 09:24:48 - train: epoch 290, iter:0, loss: 0.4773, lr: 1.3280481027803759e-05
2026-09-30 09:24:50 - train: epoch 290, iter:20, loss: 0.4934, lr: 1.3280481027803759e-05
2026-09-30 09:24:53 - val epoch: 290, loss: 0.8399, miou: 0.7915227766149595, f1_or_dsc: 0.8836312738490809, accuracy: 0.9434578961665088,                 specificity: 0.9632566023879543, sensitivity: 0.88191944957757, confusion_matrix: [[38591428  1472069]
 [ 1522010 11367581]]
2026-09-30 09:24:53 - wave mode=full, epoch 290, alpha: 0.1317
2026-09-30 09:24:54 - train: epoch 291, iter:0, loss: 0.4764, lr: 1.271166179270472e-05
2026-09-30 09:24:56 - train: epoch 291, iter:20, loss: 0.4866, lr: 1.271166179270472e-05
2026-09-30 09:24:58 - val epoch: 291, loss: 0.8397
2026-09-30 09:24:58 - wave mode=full, epoch 291, alpha: 0.1317
2026-09-30 09:24:59 - train: epoch 292, iter:0, loss: 0.4780, lr: 1.21968275214754e-05
2026-09-30 09:25:01 - train: epoch 292, iter:20, loss: 0.4816, lr: 1.21968275214754e-05
2026-09-30 09:25:04 - val epoch: 292, loss: 0.8403
2026-09-30 09:25:04 - wave mode=full, epoch 292, alpha: 0.1317
2026-09-30 09:25:05 - train: epoch 293, iter:0, loss: 0.4547, lr: 1.1736034671495336e-05
2026-09-30 09:25:07 - train: epoch 293, iter:20, loss: 0.4897, lr: 1.1736034671495336e-05
2026-09-30 09:25:10 - val epoch: 293, loss: 0.8428
2026-09-30 09:25:10 - wave mode=full, epoch 293, alpha: 0.1317
2026-09-30 09:25:11 - train: epoch 294, iter:0, loss: 0.3946, lr: 1.1329333773893242e-05
2026-09-30 09:25:13 - train: epoch 294, iter:20, loss: 0.4882, lr: 1.1329333773893242e-05
2026-09-30 09:25:15 - val epoch: 294, loss: 0.8415
2026-09-30 09:25:15 - wave mode=full, epoch 294, alpha: 0.1317
2026-09-30 09:25:16 - train: epoch 295, iter:0, loss: 0.4516, lr: 1.0976769428005577e-05
2026-09-30 09:25:18 - train: epoch 295, iter:20, loss: 0.4810, lr: 1.0976769428005577e-05
2026-09-30 09:25:21 - val epoch: 295, loss: 0.8378
2026-09-30 09:25:21 - wave mode=full, epoch 295, alpha: 0.1317
2026-09-30 09:25:22 - train: epoch 296, iter:0, loss: 0.4984, lr: 1.0678380296485951e-05
2026-09-30 09:25:24 - train: epoch 296, iter:20, loss: 0.4961, lr: 1.0678380296485951e-05
2026-09-30 09:25:27 - val epoch: 296, loss: 0.8388
2026-09-30 09:25:27 - wave mode=full, epoch 296, alpha: 0.1317
2026-09-30 09:25:28 - train: epoch 297, iter:0, loss: 0.3984, lr: 1.04341991010651e-05
2026-09-30 09:25:29 - train: epoch 297, iter:20, loss: 0.4810, lr: 1.04341991010651e-05
2026-09-30 09:25:32 - val epoch: 297, loss: 0.8374
2026-09-30 09:25:32 - wave mode=full, epoch 297, alpha: 0.1317
2026-09-30 09:25:33 - train: epoch 298, iter:0, loss: 0.5057, lr: 1.0244252618962858e-05
2026-09-30 09:25:35 - train: epoch 298, iter:20, loss: 0.4909, lr: 1.0244252618962858e-05
2026-09-30 09:25:38 - val epoch: 298, loss: 0.8372
2026-09-30 09:25:38 - wave mode=full, epoch 298, alpha: 0.1317
2026-09-30 09:25:39 - train: epoch 299, iter:0, loss: 0.4553, lr: 1.0108561679951479e-05
2026-09-30 09:25:41 - train: epoch 299, iter:20, loss: 0.4730, lr: 1.0108561679951479e-05
2026-09-30 09:25:44 - val epoch: 299, loss: 0.8423
2026-09-30 09:25:44 - wave mode=full, epoch 299, alpha: 0.1317
2026-09-30 09:25:45 - train: epoch 300, iter:0, loss: 0.4580, lr: 1.002714116407149e-05
2026-09-30 09:25:47 - train: epoch 300, iter:20, loss: 0.4797, lr: 1.002714116407149e-05
2026-09-30 09:25:49 - val epoch: 300, loss: 0.8361, miou: 0.7915112308740871, f1_or_dsc: 0.8836240791947533, accuracy: 0.9431799142667563,                 specificity: 0.9615141683712732, sensitivity: 0.8861932857295473, confusion_matrix: [[38521620  1541877]
 [ 1466922 11422669]]
2026-09-30 09:25:49 - wave mode=full, epoch 300, alpha: 0.1317
2026-09-30 09:26:36 - evaluation split=V_dev, loss: 0.7991,miou: 0.796508550140168, f1_or_dsc: 0.8867294843411933, accuracy: 0.944989534887937,                 specificity: 0.9644220024028357, sensitivity: 0.8845894334428455, confusion_matrix: [[38638118  1425379]
 [ 1487595 11401996]]
