2026-08-11 17:23:14 - #----------Config info----------#
2026-08-11 17:23:14 - network: ege_wave_unet,
2026-08-11 17:23:14 - model_config: {'num_classes': 1, 'input_channels': 3, 'c_list': [8, 16, 24, 32, 48, 64], 'bridge': True, 'gt_ds': True},
2026-08-11 17:23:14 - datasets: isic18,
2026-08-11 17:23:14 - data_path: ./data/isic2018/,
2026-08-11 17:23:14 - criterion: GT_BceDiceLoss(
  (bcedice): BceDiceLoss(
    (bce): BCELoss(
      (bceloss): BCELoss()
    )
    (dice): DiceLoss()
  )
),
2026-08-11 17:23:14 - num_classes: 1,
2026-08-11 17:23:14 - input_size_h: 256,
2026-08-11 17:23:14 - input_size_w: 256,
2026-08-11 17:23:14 - input_channels: 3,
2026-08-11 17:23:14 - distributed: False,
2026-08-11 17:23:14 - local_rank: -1,
2026-08-11 17:23:14 - num_workers: 8,
2026-08-11 17:23:14 - seed: 42,
2026-08-11 17:23:14 - world_size: None,
2026-08-11 17:23:14 - rank: None,
2026-08-11 17:23:14 - amp: False,
2026-08-11 17:23:14 - gpu_id: 0,
2026-08-11 17:23:14 - batch_size: 64,
2026-08-11 17:23:14 - epochs: 300,
2026-08-11 17:23:14 - gradient_accumulation_steps: 1,
2026-08-11 17:23:14 - work_dir: results/ege_wave_unet_isic18_Tuesday_11_August_2026_17h_23m_14s/,
2026-08-11 17:23:14 - print_interval: 20,
2026-08-11 17:23:14 - val_interval: 30,
2026-08-11 17:23:14 - save_interval: 100,
2026-08-11 17:23:14 - threshold: 0.5,
2026-08-11 17:23:14 - lambda_edge: 0.2,
2026-08-11 17:23:14 - edge_warmup_epochs: 20,
2026-08-11 17:23:14 - lambda_router: 0.2,
2026-08-11 17:23:14 - lambda_aux: 0.2,
2026-08-11 17:23:14 - token_size: 8,
2026-08-11 17:23:14 - halting_schedule: {'warmup_epochs': 20, 'transition_end_epoch': 40, 'warmup_keep_ratio': 1.0, 'transition_keep_ratio': 0.4, 'final_min_keep_ratio': 0.15, 'threshold': 0.5},
2026-08-11 17:23:14 - train_transformer: Compose(
    <utils.myNormalize object at 0x7ff011c97d60>
    <utils.myToTensor object at 0x7ff011c97dc0>
    <utils.myRandomHorizontalFlip object at 0x7ff011c97df0>
    <utils.myRandomVerticalFlip object at 0x7ff011c97e50>
    <utils.myRandomRotation object at 0x7ff011c97eb0>
    <utils.myResize object at 0x7ff011c97f10>
),
2026-08-11 17:23:14 - test_transformer: Compose(
    <utils.myNormalize object at 0x7ff011cd0040>
    <utils.myToTensor object at 0x7ff011cd00a0>
    <utils.myResize object at 0x7ff011cd00d0>
),
2026-08-11 17:23:14 - opt: AdamW,
2026-08-11 17:23:14 - lr: 0.001,
2026-08-11 17:23:14 - betas: (0.9, 0.999),
2026-08-11 17:23:14 - eps: 1e-08,
2026-08-11 17:23:14 - weight_decay: 0.01,
2026-08-11 17:23:14 - amsgrad: False,
2026-08-11 17:23:14 - sch: CosineAnnealingLR,
2026-08-11 17:23:14 - T_max: 300,
2026-08-11 17:23:14 - eta_min: 1e-05,
2026-08-11 17:23:14 - last_epoch: -1,
2026-08-11 17:23:19 - train: epoch 1, iter:0, loss: 5.6044, lr: 0.001
2026-08-11 17:23:20 - train: epoch 1, iter:20, loss: 3.0193, lr: 0.001
2026-08-11 17:23:37 - val epoch: 1, loss: 1.6872
2026-08-11 17:23:39 - train: epoch 2, iter:0, loss: 1.6724, lr: 0.0009999728588359286
2026-08-11 17:23:41 - train: epoch 2, iter:20, loss: 1.6405, lr: 0.0009999728588359286
2026-08-11 17:23:58 - val epoch: 2, loss: 1.4403
2026-08-11 17:24:00 - train: epoch 3, iter:0, loss: 1.7394, lr: 0.0009998914383200486
2026-08-11 17:24:02 - train: epoch 3, iter:20, loss: 1.4727, lr: 0.0009998914383200486
2026-08-11 17:24:18 - val epoch: 3, loss: 1.3223
2026-08-11 17:24:20 - train: epoch 4, iter:0, loss: 1.3126, lr: 0.0009997557473810372
2026-08-11 17:24:22 - train: epoch 4, iter:20, loss: 1.3728, lr: 0.0009997557473810372
2026-08-11 17:24:38 - val epoch: 4, loss: 1.2413
2026-08-11 17:24:40 - train: epoch 5, iter:0, loss: 1.2526, lr: 0.000999565800898935
2026-08-11 17:24:42 - train: epoch 5, iter:20, loss: 1.2362, lr: 0.000999565800898935
2026-08-11 17:24:58 - val epoch: 5, loss: 1.2279
2026-08-11 17:25:00 - train: epoch 6, iter:0, loss: 1.1297, lr: 0.0009993216197035143
2026-08-11 17:25:02 - train: epoch 6, iter:20, loss: 1.1558, lr: 0.0009993216197035143
2026-08-11 17:25:18 - val epoch: 6, loss: 1.1422
2026-08-11 17:25:20 - train: epoch 7, iter:0, loss: 1.1776, lr: 0.0009990232305719946
2026-08-11 17:25:22 - train: epoch 7, iter:20, loss: 1.1000, lr: 0.0009990232305719946
2026-08-11 17:25:38 - val epoch: 7, loss: 1.1035
2026-08-11 17:25:40 - train: epoch 8, iter:0, loss: 1.2816, lr: 0.0009986706662261067
2026-08-11 17:25:42 - train: epoch 8, iter:20, loss: 1.1593, lr: 0.0009986706662261067
2026-08-11 17:25:58 - val epoch: 8, loss: 1.1164
2026-08-11 17:26:00 - train: epoch 9, iter:0, loss: 1.1048, lr: 0.0009982639653285047
2026-08-11 17:26:02 - train: epoch 9, iter:20, loss: 1.0506, lr: 0.0009982639653285047
2026-08-11 17:26:18 - val epoch: 9, loss: 1.0760
2026-08-11 17:26:20 - train: epoch 10, iter:0, loss: 1.1177, lr: 0.0009978031724785245
2026-08-11 17:26:22 - train: epoch 10, iter:20, loss: 1.0104, lr: 0.0009978031724785245
2026-08-11 17:26:38 - val epoch: 10, loss: 1.0661
2026-08-11 17:26:40 - train: epoch 11, iter:0, loss: 0.9214, lr: 0.0009972883382072953
2026-08-11 17:26:42 - train: epoch 11, iter:20, loss: 0.9455, lr: 0.0009972883382072953
2026-08-11 17:26:58 - val epoch: 11, loss: 1.2348
2026-08-11 17:27:00 - train: epoch 12, iter:0, loss: 1.3761, lr: 0.0009967195189721962
2026-08-11 17:27:02 - train: epoch 12, iter:20, loss: 0.9956, lr: 0.0009967195189721962
2026-08-11 17:27:18 - val epoch: 12, loss: 1.0322
2026-08-11 17:27:20 - train: epoch 13, iter:0, loss: 0.7816, lr: 0.0009960967771506667
2026-08-11 17:27:22 - train: epoch 13, iter:20, loss: 0.8953, lr: 0.0009960967771506667
2026-08-11 17:27:39 - val epoch: 13, loss: 1.0098
2026-08-11 17:27:41 - train: epoch 14, iter:0, loss: 0.8714, lr: 0.0009954201810333646
2026-08-11 17:27:43 - train: epoch 14, iter:20, loss: 0.9181, lr: 0.0009954201810333646
2026-08-11 17:27:59 - val epoch: 14, loss: 0.9632
2026-08-11 17:28:00 - train: epoch 15, iter:0, loss: 1.0583, lr: 0.0009946898048166792
2026-08-11 17:28:02 - train: epoch 15, iter:20, loss: 0.9333, lr: 0.0009946898048166792
2026-08-11 17:28:18 - val epoch: 15, loss: 0.9866
2026-08-11 17:28:21 - train: epoch 16, iter:0, loss: 0.7923, lr: 0.000993905728594593
2026-08-11 17:28:22 - train: epoch 16, iter:20, loss: 0.9168, lr: 0.000993905728594593
2026-08-11 17:28:39 - val epoch: 16, loss: 0.9671
2026-08-11 17:28:41 - train: epoch 17, iter:0, loss: 0.7979, lr: 0.0009930680383498998
2026-08-11 17:28:43 - train: epoch 17, iter:20, loss: 0.8549, lr: 0.0009930680383498998
2026-08-11 17:28:59 - val epoch: 17, loss: 0.9681
2026-08-11 17:29:01 - train: epoch 18, iter:0, loss: 1.2121, lr: 0.0009921768259447744
2026-08-11 17:29:03 - train: epoch 18, iter:20, loss: 0.8641, lr: 0.0009921768259447744
2026-08-11 17:29:19 - val epoch: 18, loss: 1.0407
2026-08-11 17:29:21 - train: epoch 19, iter:0, loss: 0.9083, lr: 0.0009912321891107007
2026-08-11 17:29:23 - train: epoch 19, iter:20, loss: 0.8451, lr: 0.0009912321891107007
2026-08-11 17:29:39 - val epoch: 19, loss: 1.1497
2026-08-11 17:29:41 - train: epoch 20, iter:0, loss: 0.7144, lr: 0.0009902342314377522
2026-08-11 17:29:43 - train: epoch 20, iter:20, loss: 0.8313, lr: 0.0009902342314377522
2026-08-11 17:29:59 - val epoch: 20, loss: 0.9550
2026-08-11 17:30:00 - train: epoch 21, iter:0, loss: 0.6590, lr: 0.0009891830623632338
2026-08-11 17:30:02 - train: epoch 21, iter:20, loss: 0.8190, lr: 0.0009891830623632338
2026-08-11 17:30:18 - val epoch: 21, loss: 0.9238
2026-08-11 17:30:20 - train: epoch 22, iter:0, loss: 0.8624, lr: 0.00098807879715968
2026-08-11 17:30:22 - train: epoch 22, iter:20, loss: 0.7720, lr: 0.00098807879715968
2026-08-11 17:30:38 - val epoch: 22, loss: 1.0124
2026-08-11 17:30:40 - train: epoch 23, iter:0, loss: 0.7572, lr: 0.0009869215569222143
2026-08-11 17:30:42 - train: epoch 23, iter:20, loss: 0.8798, lr: 0.0009869215569222143
2026-08-11 17:30:58 - val epoch: 23, loss: 0.9070
2026-08-11 17:31:00 - train: epoch 24, iter:0, loss: 0.8027, lr: 0.0009857114685552697
2026-08-11 17:31:02 - train: epoch 24, iter:20, loss: 0.7706, lr: 0.0009857114685552697
2026-08-11 17:31:18 - val epoch: 24, loss: 0.9058
2026-08-11 17:31:20 - train: epoch 25, iter:0, loss: 0.7994, lr: 0.0009844486647586721
2026-08-11 17:31:22 - train: epoch 25, iter:20, loss: 0.7667, lr: 0.0009844486647586721
2026-08-11 17:31:38 - val epoch: 25, loss: 0.9043
2026-08-11 17:31:40 - train: epoch 26, iter:0, loss: 0.8782, lr: 0.0009831332840130884
2026-08-11 17:31:42 - train: epoch 26, iter:20, loss: 0.7144, lr: 0.0009831332840130884
2026-08-11 17:31:58 - val epoch: 26, loss: 0.8985
2026-08-11 17:31:59 - train: epoch 27, iter:0, loss: 0.5758, lr: 0.0009817654705648405
2026-08-11 17:32:02 - train: epoch 27, iter:20, loss: 0.7303, lr: 0.0009817654705648405
2026-08-11 17:32:18 - val epoch: 27, loss: 0.9074
2026-08-11 17:32:20 - train: epoch 28, iter:0, loss: 0.6081, lr: 0.0009803453744100864
2026-08-11 17:32:22 - train: epoch 28, iter:20, loss: 0.7406, lr: 0.0009803453744100864
2026-08-11 17:32:38 - val epoch: 28, loss: 0.9108
2026-08-11 17:32:40 - train: epoch 29, iter:0, loss: 0.7585, lr: 0.0009788731512783728
2026-08-11 17:32:42 - train: epoch 29, iter:20, loss: 0.7688, lr: 0.0009788731512783728
2026-08-11 17:32:58 - val epoch: 29, loss: 0.9371
2026-08-11 17:32:59 - train: epoch 30, iter:0, loss: 0.7169, lr: 0.0009773489626155566
2026-08-11 17:33:02 - train: epoch 30, iter:20, loss: 0.8061, lr: 0.0009773489626155566
2026-08-11 17:33:22 - val epoch: 30, loss: 0.9066, miou: 0.776933429173781, f1_or_dsc: 0.8744654317579371, accuracy: 0.9396663703540764,                 specificity: 0.9642361723940374, sensitivity: 0.8632983777375093, confusion_matrix: [[38630673  1432824]
 [ 1762028 11127563]]
2026-08-11 17:33:24 - train: epoch 31, iter:0, loss: 0.7229, lr: 0.0009757729755661006
2026-08-11 17:33:26 - train: epoch 31, iter:20, loss: 0.7408, lr: 0.0009757729755661006
2026-08-11 17:33:42 - val epoch: 31, loss: 1.0837
2026-08-11 17:33:44 - train: epoch 32, iter:0, loss: 1.0391, lr: 0.0009741453629547445
2026-08-11 17:33:46 - train: epoch 32, iter:20, loss: 0.7257, lr: 0.0009741453629547445
2026-08-11 17:34:02 - val epoch: 32, loss: 0.8862
2026-08-11 17:34:04 - train: epoch 33, iter:0, loss: 0.6932, lr: 0.0009724663032675527
2026-08-11 17:34:06 - train: epoch 33, iter:20, loss: 0.7515, lr: 0.0009724663032675527
2026-08-11 17:34:22 - val epoch: 33, loss: 1.0608
2026-08-11 17:34:24 - train: epoch 34, iter:0, loss: 0.8366, lr: 0.0009707359806323412
2026-08-11 17:34:26 - train: epoch 34, iter:20, loss: 0.7073, lr: 0.0009707359806323412
2026-08-11 17:34:42 - val epoch: 34, loss: 0.9477
2026-08-11 17:34:44 - train: epoch 35, iter:0, loss: 0.6453, lr: 0.0009689545847984858
2026-08-11 17:34:46 - train: epoch 35, iter:20, loss: 0.7182, lr: 0.0009689545847984858
2026-08-11 17:35:02 - val epoch: 35, loss: 0.9223
2026-08-11 17:35:04 - train: epoch 36, iter:0, loss: 0.6616, lr: 0.0009671223111161144
2026-08-11 17:35:06 - train: epoch 36, iter:20, loss: 0.7372, lr: 0.0009671223111161144
2026-08-11 17:35:22 - val epoch: 36, loss: 0.9005
2026-08-11 17:35:23 - train: epoch 37, iter:0, loss: 0.6603, lr: 0.000965239360514684
2026-08-11 17:35:26 - train: epoch 37, iter:20, loss: 0.6801, lr: 0.000965239360514684
2026-08-11 17:35:41 - val epoch: 37, loss: 0.8837
2026-08-11 17:35:43 - train: epoch 38, iter:0, loss: 0.7756, lr: 0.000963305939480947
2026-08-11 17:35:45 - train: epoch 38, iter:20, loss: 0.7416, lr: 0.000963305939480947
2026-08-11 17:36:01 - val epoch: 38, loss: 1.0643
2026-08-11 17:36:03 - train: epoch 39, iter:0, loss: 0.6354, lr: 0.0009613222600363074
2026-08-11 17:36:05 - train: epoch 39, iter:20, loss: 0.6994, lr: 0.0009613222600363074
2026-08-11 17:36:21 - val epoch: 39, loss: 0.8928
2026-08-11 17:36:23 - train: epoch 40, iter:0, loss: 0.7367, lr: 0.0009592885397135703
2026-08-11 17:36:25 - train: epoch 40, iter:20, loss: 0.6823, lr: 0.0009592885397135703
2026-08-11 17:36:41 - val epoch: 40, loss: 0.9413
2026-08-11 17:36:43 - train: epoch 41, iter:0, loss: 0.5486, lr: 0.0009572050015330871
2026-08-11 17:36:45 - train: epoch 41, iter:20, loss: 0.6862, lr: 0.0009572050015330871
2026-08-11 17:37:01 - val epoch: 41, loss: 0.9366
2026-08-11 17:37:02 - train: epoch 42, iter:0, loss: 0.7716, lr: 0.0009550718739782986
2026-08-11 17:37:04 - train: epoch 42, iter:20, loss: 0.7112, lr: 0.0009550718739782986
2026-08-11 17:37:20 - val epoch: 42, loss: 0.9008
2026-08-11 17:37:22 - train: epoch 43, iter:0, loss: 0.6330, lr: 0.0009528893909706794
2026-08-11 17:37:24 - train: epoch 43, iter:20, loss: 0.6476, lr: 0.0009528893909706794
2026-08-11 17:37:40 - val epoch: 43, loss: 0.8776
2026-08-11 17:37:42 - train: epoch 44, iter:0, loss: 0.6854, lr: 0.0009506577918440856
2026-08-11 17:37:44 - train: epoch 44, iter:20, loss: 0.6622, lr: 0.0009506577918440856
2026-08-11 17:38:00 - val epoch: 44, loss: 0.8897
2026-08-11 17:38:02 - train: epoch 45, iter:0, loss: 0.6232, lr: 0.000948377321318509
2026-08-11 17:38:04 - train: epoch 45, iter:20, loss: 0.6948, lr: 0.000948377321318509
2026-08-11 17:38:21 - val epoch: 45, loss: 0.9122
2026-08-11 17:38:22 - train: epoch 46, iter:0, loss: 0.6005, lr: 0.0009460482294732416
2026-08-11 17:38:24 - train: epoch 46, iter:20, loss: 0.6631, lr: 0.0009460482294732416
2026-08-11 17:38:40 - val epoch: 46, loss: 0.8740
2026-08-11 17:38:42 - train: epoch 47, iter:0, loss: 0.6858, lr: 0.0009436707717194508
2026-08-11 17:38:44 - train: epoch 47, iter:20, loss: 0.6520, lr: 0.0009436707717194508
2026-08-11 17:39:00 - val epoch: 47, loss: 0.9681
2026-08-11 17:39:02 - train: epoch 48, iter:0, loss: 0.7472, lr: 0.0009412452087721706
2026-08-11 17:39:04 - train: epoch 48, iter:20, loss: 0.6396, lr: 0.0009412452087721706
2026-08-11 17:39:20 - val epoch: 48, loss: 0.8723
2026-08-11 17:39:22 - train: epoch 49, iter:0, loss: 0.5521, lr: 0.000938771806621712
2026-08-11 17:39:24 - train: epoch 49, iter:20, loss: 0.6623, lr: 0.000938771806621712
2026-08-11 17:39:40 - val epoch: 49, loss: 0.8882
2026-08-11 17:39:42 - train: epoch 50, iter:0, loss: 0.7117, lr: 0.0009362508365044934
2026-08-11 17:39:44 - train: epoch 50, iter:20, loss: 0.6156, lr: 0.0009362508365044934
2026-08-11 17:40:00 - val epoch: 50, loss: 0.9099
2026-08-11 17:40:01 - train: epoch 51, iter:0, loss: 0.6559, lr: 0.0009336825748732968
2026-08-11 17:40:04 - train: epoch 51, iter:20, loss: 0.6083, lr: 0.0009336825748732968
2026-08-11 17:40:19 - val epoch: 51, loss: 0.9098
2026-08-11 17:40:22 - train: epoch 52, iter:0, loss: 0.5029, lr: 0.0009310673033669517
2026-08-11 17:40:23 - train: epoch 52, iter:20, loss: 0.6325, lr: 0.0009310673033669517
2026-08-11 17:40:39 - val epoch: 52, loss: 0.9112
2026-08-11 17:40:41 - train: epoch 53, iter:0, loss: 0.6009, lr: 0.0009284053087794505
2026-08-11 17:40:43 - train: epoch 53, iter:20, loss: 0.6393, lr: 0.0009284053087794505
2026-08-11 17:40:59 - val epoch: 53, loss: 0.9496
2026-08-11 17:41:01 - train: epoch 54, iter:0, loss: 0.6336, lr: 0.0009256968830284974
2026-08-11 17:41:03 - train: epoch 54, iter:20, loss: 0.6817, lr: 0.0009256968830284974
2026-08-11 17:41:19 - val epoch: 54, loss: 0.9014
2026-08-11 17:41:21 - train: epoch 55, iter:0, loss: 0.6774, lr: 0.0009229423231234972
2026-08-11 17:41:23 - train: epoch 55, iter:20, loss: 0.6551, lr: 0.0009229423231234972
2026-08-11 17:41:39 - val epoch: 55, loss: 0.8611
2026-08-11 17:41:40 - train: epoch 56, iter:0, loss: 0.6525, lr: 0.0009201419311329846
2026-08-11 17:41:42 - train: epoch 56, iter:20, loss: 0.6009, lr: 0.0009201419311329846
2026-08-11 17:41:59 - val epoch: 56, loss: 0.8523
2026-08-11 17:42:01 - train: epoch 57, iter:0, loss: 0.5766, lr: 0.0009172960141514989
2026-08-11 17:42:03 - train: epoch 57, iter:20, loss: 0.6297, lr: 0.0009172960141514989
2026-08-11 17:42:19 - val epoch: 57, loss: 1.0407
2026-08-11 17:42:21 - train: epoch 58, iter:0, loss: 0.5408, lr: 0.0009144048842659077
2026-08-11 17:42:23 - train: epoch 58, iter:20, loss: 0.6157, lr: 0.0009144048842659077
2026-08-11 17:42:40 - val epoch: 58, loss: 0.8464
2026-08-11 17:42:42 - train: epoch 59, iter:0, loss: 0.6663, lr: 0.0009114688585211832
2026-08-11 17:42:44 - train: epoch 59, iter:20, loss: 0.6001, lr: 0.0009114688585211832
2026-08-11 17:43:00 - val epoch: 59, loss: 0.8624
2026-08-11 17:43:02 - train: epoch 60, iter:0, loss: 0.6498, lr: 0.0009084882588856339
2026-08-11 17:43:04 - train: epoch 60, iter:20, loss: 0.6122, lr: 0.0009084882588856339
2026-08-11 17:43:24 - val epoch: 60, loss: 0.9379, miou: 0.7666664868719275, f1_or_dsc: 0.8679244130898671, accuracy: 0.9387298621753655,                 specificity: 0.9746613731696961, sensitivity: 0.8270473438606392, confusion_matrix: [[39048343  1015154]
 [ 2229289 10660302]]
2026-08-11 17:43:26 - train: epoch 61, iter:0, loss: 0.6397, lr: 0.0009054634122155986
2026-08-11 17:43:28 - train: epoch 61, iter:20, loss: 0.6240, lr: 0.0009054634122155986
2026-08-11 17:43:44 - val epoch: 61, loss: 0.8956
2026-08-11 17:43:47 - train: epoch 62, iter:0, loss: 0.5754, lr: 0.0009023946502196013
2026-08-11 17:43:49 - train: epoch 62, iter:20, loss: 0.5985, lr: 0.0009023946502196013
2026-08-11 17:44:05 - val epoch: 62, loss: 0.9075
2026-08-11 17:44:07 - train: epoch 63, iter:0, loss: 0.6430, lr: 0.0008992823094219767
2026-08-11 17:44:09 - train: epoch 63, iter:20, loss: 0.5930, lr: 0.0008992823094219767
2026-08-11 17:44:26 - val epoch: 63, loss: 0.8953
2026-08-11 17:44:28 - train: epoch 64, iter:0, loss: 0.5500, lr: 0.0008961267311259662
2026-08-11 17:44:30 - train: epoch 64, iter:20, loss: 0.5984, lr: 0.0008961267311259662
2026-08-11 17:44:47 - val epoch: 64, loss: 0.8428
2026-08-11 17:44:48 - train: epoch 65, iter:0, loss: 0.6255, lr: 0.0008929282613762903
2026-08-11 17:44:51 - train: epoch 65, iter:20, loss: 0.5951, lr: 0.0008929282613762903
2026-08-11 17:45:07 - val epoch: 65, loss: 0.9219
2026-08-11 17:45:09 - train: epoch 66, iter:0, loss: 0.4958, lr: 0.0008896872509212002
2026-08-11 17:45:11 - train: epoch 66, iter:20, loss: 0.5986, lr: 0.0008896872509212002
2026-08-11 17:45:27 - val epoch: 66, loss: 0.8946
2026-08-11 17:45:29 - train: epoch 67, iter:0, loss: 0.4965, lr: 0.0008864040551740152
2026-08-11 17:45:31 - train: epoch 67, iter:20, loss: 0.6172, lr: 0.0008864040551740152
2026-08-11 17:45:47 - val epoch: 67, loss: 0.8714
2026-08-11 17:45:49 - train: epoch 68, iter:0, loss: 0.6866, lr: 0.0008830790341741476
2026-08-11 17:45:52 - train: epoch 68, iter:20, loss: 0.6029, lr: 0.0008830790341741476
2026-08-11 17:46:08 - val epoch: 68, loss: 0.8748
2026-08-11 17:46:10 - train: epoch 69, iter:0, loss: 0.6987, lr: 0.000879712552547619
2026-08-11 17:46:12 - train: epoch 69, iter:20, loss: 0.6015, lr: 0.000879712552547619
2026-08-11 17:46:28 - val epoch: 69, loss: 0.9747
2026-08-11 17:46:31 - train: epoch 70, iter:0, loss: 0.6422, lr: 0.0008763049794670771
2026-08-11 17:46:33 - train: epoch 70, iter:20, loss: 0.5934, lr: 0.0008763049794670771
2026-08-11 17:46:49 - val epoch: 70, loss: 0.8332
2026-08-11 17:46:51 - train: epoch 71, iter:0, loss: 0.6545, lr: 0.0008728566886113098
2026-08-11 17:46:53 - train: epoch 71, iter:20, loss: 0.5770, lr: 0.0008728566886113098
2026-08-11 17:47:09 - val epoch: 71, loss: 0.8456
2026-08-11 17:47:11 - train: epoch 72, iter:0, loss: 0.5552, lr: 0.000869368058124268
2026-08-11 17:47:13 - train: epoch 72, iter:20, loss: 0.5727, lr: 0.000869368058124268
2026-08-11 17:47:29 - val epoch: 72, loss: 0.9299
2026-08-11 17:47:32 - train: epoch 73, iter:0, loss: 0.4730, lr: 0.0008658394705735983
2026-08-11 17:47:33 - train: epoch 73, iter:20, loss: 0.5725, lr: 0.0008658394705735983
2026-08-11 17:47:50 - val epoch: 73, loss: 0.9307
2026-08-11 17:47:52 - train: epoch 74, iter:0, loss: 0.5883, lr: 0.0008622713129086888
2026-08-11 17:47:54 - train: epoch 74, iter:20, loss: 0.5853, lr: 0.0008622713129086888
2026-08-11 17:48:10 - val epoch: 74, loss: 0.9439
2026-08-11 17:48:13 - train: epoch 75, iter:0, loss: 0.5507, lr: 0.0008586639764182372
2026-08-11 17:48:15 - train: epoch 75, iter:20, loss: 0.5761, lr: 0.0008586639764182372
2026-08-11 17:48:31 - val epoch: 75, loss: 0.8942
2026-08-11 17:48:33 - train: epoch 76, iter:0, loss: 0.5196, lr: 0.0008550178566873405
2026-08-11 17:48:35 - train: epoch 76, iter:20, loss: 0.6007, lr: 0.0008550178566873405
2026-08-11 17:48:52 - val epoch: 76, loss: 0.9241
2026-08-11 17:48:54 - train: epoch 77, iter:0, loss: 0.5693, lr: 0.0008513333535541156
2026-08-11 17:48:56 - train: epoch 77, iter:20, loss: 0.5750, lr: 0.0008513333535541156
2026-08-11 17:49:12 - val epoch: 77, loss: 0.8625
2026-08-11 17:49:13 - train: epoch 78, iter:0, loss: 0.7177, lr: 0.0008476108710658509
2026-08-11 17:49:15 - train: epoch 78, iter:20, loss: 0.5766, lr: 0.0008476108710658509
2026-08-11 17:49:32 - val epoch: 78, loss: 0.9204
2026-08-11 17:49:33 - train: epoch 79, iter:0, loss: 0.5528, lr: 0.0008438508174347005
2026-08-11 17:49:36 - train: epoch 79, iter:20, loss: 0.5692, lr: 0.0008438508174347005
2026-08-11 17:49:52 - val epoch: 79, loss: 0.8422
2026-08-11 17:49:54 - train: epoch 80, iter:0, loss: 0.4594, lr: 0.0008400536049929166
2026-08-11 17:49:56 - train: epoch 80, iter:20, loss: 0.5749, lr: 0.0008400536049929166
2026-08-11 17:50:12 - val epoch: 80, loss: 0.8764
2026-08-11 17:50:14 - train: epoch 81, iter:0, loss: 0.4809, lr: 0.0008362196501476343
2026-08-11 17:50:16 - train: epoch 81, iter:20, loss: 0.5614, lr: 0.0008362196501476343
2026-08-11 17:50:32 - val epoch: 81, loss: 0.8432
2026-08-11 17:50:35 - train: epoch 82, iter:0, loss: 0.5233, lr: 0.0008323493733352072
2026-08-11 17:50:36 - train: epoch 82, iter:20, loss: 0.5701, lr: 0.0008323493733352072
2026-08-11 17:50:53 - val epoch: 82, loss: 0.9984
2026-08-11 17:50:55 - train: epoch 83, iter:0, loss: 0.5429, lr: 0.0008284431989751018
2026-08-11 17:50:57 - train: epoch 83, iter:20, loss: 0.5619, lr: 0.0008284431989751018
2026-08-11 17:51:13 - val epoch: 83, loss: 0.8236
2026-08-11 17:51:15 - train: epoch 84, iter:0, loss: 0.5174, lr: 0.000824501555423355
2026-08-11 17:51:17 - train: epoch 84, iter:20, loss: 0.5788, lr: 0.000824501555423355
2026-08-11 17:51:34 - val epoch: 84, loss: 0.9125
2026-08-11 17:51:36 - train: epoch 85, iter:0, loss: 0.5156, lr: 0.0008205248749256009
2026-08-11 17:51:38 - train: epoch 85, iter:20, loss: 0.5746, lr: 0.0008205248749256009
2026-08-11 17:51:54 - val epoch: 85, loss: 0.8570
2026-08-11 17:51:56 - train: epoch 86, iter:0, loss: 0.4901, lr: 0.000816513593569669
2026-08-11 17:51:58 - train: epoch 86, iter:20, loss: 0.5428, lr: 0.000816513593569669
2026-08-11 17:52:14 - val epoch: 86, loss: 0.8485
2026-08-11 17:52:16 - train: epoch 87, iter:0, loss: 0.4500, lr: 0.0008124681512377632
2026-08-11 17:52:18 - train: epoch 87, iter:20, loss: 0.5772, lr: 0.0008124681512377632
2026-08-11 17:52:35 - val epoch: 87, loss: 0.8550
2026-08-11 17:52:37 - train: epoch 88, iter:0, loss: 0.7013, lr: 0.000808388991558223
2026-08-11 17:52:39 - train: epoch 88, iter:20, loss: 0.5696, lr: 0.000808388991558223
2026-08-11 17:52:55 - val epoch: 88, loss: 0.8680
2026-08-11 17:52:57 - train: epoch 89, iter:0, loss: 0.4399, lr: 0.0008042765618568752
2026-08-11 17:52:59 - train: epoch 89, iter:20, loss: 0.5394, lr: 0.0008042765618568752
2026-08-11 17:53:15 - val epoch: 89, loss: 0.8623
2026-08-11 17:53:17 - train: epoch 90, iter:0, loss: 0.5687, lr: 0.0008001313131079794
2026-08-11 17:53:19 - train: epoch 90, iter:20, loss: 0.5434, lr: 0.0008001313131079794
2026-08-11 17:53:39 - val epoch: 90, loss: 0.8458, miou: 0.7803910484467452, f1_or_dsc: 0.8766512830173759, accuracy: 0.9388433777459777,                 specificity: 0.9536544201321218, sensitivity: 0.8928076150748305, confusion_matrix: [[38206731  1856766]
 [ 1381666 11507925]]
2026-08-11 17:53:42 - train: epoch 91, iter:0, loss: 0.4638, lr: 0.0007959536998847737
2026-08-11 17:53:43 - train: epoch 91, iter:20, loss: 0.5564, lr: 0.0007959536998847737
2026-08-11 17:54:00 - val epoch: 91, loss: 0.8700
2026-08-11 17:54:01 - train: epoch 92, iter:0, loss: 0.6118, lr: 0.0007917441803096255
2026-08-11 17:54:03 - train: epoch 92, iter:20, loss: 0.5543, lr: 0.0007917441803096255
2026-08-11 17:54:20 - val epoch: 92, loss: 0.8763
2026-08-11 17:54:22 - train: epoch 93, iter:0, loss: 0.6332, lr: 0.0007875032160037932
2026-08-11 17:54:24 - train: epoch 93, iter:20, loss: 0.5470, lr: 0.0007875032160037932
2026-08-11 17:54:40 - val epoch: 93, loss: 0.8120
2026-08-11 17:54:42 - train: epoch 94, iter:0, loss: 0.5049, lr: 0.0007832312720368042
2026-08-11 17:54:44 - train: epoch 94, iter:20, loss: 0.5451, lr: 0.0007832312720368042
2026-08-11 17:55:01 - val epoch: 94, loss: 0.8659
2026-08-11 17:55:03 - train: epoch 95, iter:0, loss: 0.5397, lr: 0.0007789288168754548
2026-08-11 17:55:05 - train: epoch 95, iter:20, loss: 0.5463, lr: 0.0007789288168754548
2026-08-11 17:55:22 - val epoch: 95, loss: 0.7935
2026-08-11 17:55:24 - train: epoch 96, iter:0, loss: 0.4473, lr: 0.0007745963223324379
2026-08-11 17:55:26 - train: epoch 96, iter:20, loss: 0.5458, lr: 0.0007745963223324379
2026-08-11 17:55:42 - val epoch: 96, loss: 0.8262
2026-08-11 17:55:44 - train: epoch 97, iter:0, loss: 0.5776, lr: 0.0007702342635146028
2026-08-11 17:55:46 - train: epoch 97, iter:20, loss: 0.5377, lr: 0.0007702342635146028
2026-08-11 17:56:03 - val epoch: 97, loss: 0.8547
2026-08-11 17:56:05 - train: epoch 98, iter:0, loss: 0.6700, lr: 0.000765843118770855
2026-08-11 17:56:07 - train: epoch 98, iter:20, loss: 0.5822, lr: 0.000765843118770855
2026-08-11 17:56:23 - val epoch: 98, loss: 0.9171
2026-08-11 17:56:25 - train: epoch 99, iter:0, loss: 0.4843, lr: 0.0007614233696396991
2026-08-11 17:56:27 - train: epoch 99, iter:20, loss: 0.5516, lr: 0.0007614233696396991
2026-08-11 17:56:44 - val epoch: 99, loss: 0.8269
2026-08-11 17:56:46 - train: epoch 100, iter:0, loss: 0.4733, lr: 0.0007569755007964334
2026-08-11 17:56:48 - train: epoch 100, iter:20, loss: 0.5226, lr: 0.0007569755007964334
2026-08-11 17:57:04 - val epoch: 100, loss: 0.8492
2026-08-11 17:57:06 - train: epoch 101, iter:0, loss: 0.4422, lr: 0.0007524999999999996
2026-08-11 17:57:08 - train: epoch 101, iter:20, loss: 0.5306, lr: 0.0007524999999999996
2026-08-11 17:57:24 - val epoch: 101, loss: 0.8369
2026-08-11 17:57:26 - train: epoch 102, iter:0, loss: 0.5025, lr: 0.0007479973580394943
2026-08-11 17:57:28 - train: epoch 102, iter:20, loss: 0.5232, lr: 0.0007479973580394943
2026-08-11 17:57:44 - val epoch: 102, loss: 0.8781
2026-08-11 17:57:46 - train: epoch 103, iter:0, loss: 0.4756, lr: 0.0007434680686803487
2026-08-11 17:57:48 - train: epoch 103, iter:20, loss: 0.5259, lr: 0.0007434680686803487
2026-08-11 17:58:04 - val epoch: 103, loss: 0.9627
2026-08-11 17:58:06 - train: epoch 104, iter:0, loss: 0.4581, lr: 0.0007389126286101815
2026-08-11 17:58:08 - train: epoch 104, iter:20, loss: 0.5416, lr: 0.0007389126286101815
2026-08-11 17:58:24 - val epoch: 104, loss: 0.8485
2026-08-11 17:58:26 - train: epoch 105, iter:0, loss: 0.5975, lr: 0.0007343315373843313
2026-08-11 17:58:28 - train: epoch 105, iter:20, loss: 0.5543, lr: 0.0007343315373843313
2026-08-11 17:58:44 - val epoch: 105, loss: 0.8261
2026-08-11 17:58:46 - train: epoch 106, iter:0, loss: 0.4233, lr: 0.0007297252973710753
2026-08-11 17:58:48 - train: epoch 106, iter:20, loss: 0.5168, lr: 0.0007297252973710753
2026-08-11 17:59:05 - val epoch: 106, loss: 0.8825
2026-08-11 17:59:07 - train: epoch 107, iter:0, loss: 0.5854, lr: 0.0007250944136965387
2026-08-11 17:59:09 - train: epoch 107, iter:20, loss: 0.5217, lr: 0.0007250944136965387
2026-08-11 17:59:26 - val epoch: 107, loss: 0.9062
2026-08-11 17:59:27 - train: epoch 108, iter:0, loss: 0.6028, lr: 0.0007204393941893019
2026-08-11 17:59:29 - train: epoch 108, iter:20, loss: 0.5198, lr: 0.0007204393941893019
2026-08-11 17:59:46 - val epoch: 108, loss: 0.8641
2026-08-11 17:59:48 - train: epoch 109, iter:0, loss: 0.5618, lr: 0.0007157607493247106
2026-08-11 17:59:50 - train: epoch 109, iter:20, loss: 0.5367, lr: 0.0007157607493247106
2026-08-11 18:00:06 - val epoch: 109, loss: 0.8881
2026-08-11 18:00:09 - train: epoch 110, iter:0, loss: 0.4848, lr: 0.0007110589921688983
2026-08-11 18:00:11 - train: epoch 110, iter:20, loss: 0.5196, lr: 0.0007110589921688983
2026-08-11 18:00:27 - val epoch: 110, loss: 0.8376
2026-08-11 18:00:28 - train: epoch 111, iter:0, loss: 0.4863, lr: 0.0007063346383225208
2026-08-11 18:00:30 - train: epoch 111, iter:20, loss: 0.5105, lr: 0.0007063346383225208
2026-08-11 18:00:47 - val epoch: 111, loss: 0.8302
2026-08-11 18:00:49 - train: epoch 112, iter:0, loss: 0.5293, lr: 0.0007015882058642161
2026-08-11 18:00:51 - train: epoch 112, iter:20, loss: 0.5050, lr: 0.0007015882058642161
2026-08-11 18:01:08 - val epoch: 112, loss: 0.8683
2026-08-11 18:01:10 - train: epoch 113, iter:0, loss: 0.5146, lr: 0.0006968202152937907
2026-08-11 18:01:12 - train: epoch 113, iter:20, loss: 0.5049, lr: 0.0006968202152937907
2026-08-11 18:01:28 - val epoch: 113, loss: 0.8605
2026-08-11 18:01:30 - train: epoch 114, iter:0, loss: 0.4801, lr: 0.000692031189475141
2026-08-11 18:01:32 - train: epoch 114, iter:20, loss: 0.5184, lr: 0.000692031189475141
2026-08-11 18:01:48 - val epoch: 114, loss: 0.8235
2026-08-11 18:01:50 - train: epoch 115, iter:0, loss: 0.5708, lr: 0.0006872216535789155
2026-08-11 18:01:52 - train: epoch 115, iter:20, loss: 0.5174, lr: 0.0006872216535789155
2026-08-11 18:02:08 - val epoch: 115, loss: 0.8587
2026-08-11 18:02:10 - train: epoch 116, iter:0, loss: 0.4695, lr: 0.0006823921350249233
2026-08-11 18:02:12 - train: epoch 116, iter:20, loss: 0.5088, lr: 0.0006823921350249233
2026-08-11 18:02:29 - val epoch: 116, loss: 0.8522
2026-08-11 18:02:30 - train: epoch 117, iter:0, loss: 0.4937, lr: 0.0006775431634242984
2026-08-11 18:02:32 - train: epoch 117, iter:20, loss: 0.5332, lr: 0.0006775431634242984
2026-08-11 18:02:49 - val epoch: 117, loss: 0.8863
2026-08-11 18:02:51 - train: epoch 118, iter:0, loss: 0.5449, lr: 0.0006726752705214191
2026-08-11 18:02:53 - train: epoch 118, iter:20, loss: 0.5067, lr: 0.0006726752705214191
2026-08-11 18:03:09 - val epoch: 118, loss: 0.8372
2026-08-11 18:03:11 - train: epoch 119, iter:0, loss: 0.5607, lr: 0.0006677889901355985
2026-08-11 18:03:13 - train: epoch 119, iter:20, loss: 0.5159, lr: 0.0006677889901355985
2026-08-11 18:03:30 - val epoch: 119, loss: 0.8671
2026-08-11 18:03:31 - train: epoch 120, iter:0, loss: 0.4878, lr: 0.0006628848581025445
2026-08-11 18:03:34 - train: epoch 120, iter:20, loss: 0.5103, lr: 0.0006628848581025445
2026-08-11 18:03:54 - val epoch: 120, loss: 0.8448, miou: 0.779303087226413, f1_or_dsc: 0.8759644074368406, accuracy: 0.937492313951549,                 specificity: 0.9473775342177444, sensitivity: 0.9067670184414696, confusion_matrix: [[37955257  2108240]
 [ 1201735 11687856]]
2026-08-11 18:03:56 - train: epoch 121, iter:0, loss: 0.4678, lr: 0.0006579634122155989
2026-08-11 18:03:58 - train: epoch 121, iter:20, loss: 0.5190, lr: 0.0006579634122155989
2026-08-11 18:04:14 - val epoch: 121, loss: 0.9016
2026-08-11 18:04:16 - train: epoch 122, iter:0, loss: 0.6517, lr: 0.0006530251921667629
2026-08-11 18:04:18 - train: epoch 122, iter:20, loss: 0.5198, lr: 0.0006530251921667629
2026-08-11 18:04:34 - val epoch: 122, loss: 0.9240
2026-08-11 18:04:36 - train: epoch 123, iter:0, loss: 0.5314, lr: 0.0006480707394875134
2026-08-11 18:04:38 - train: epoch 123, iter:20, loss: 0.5136, lr: 0.0006480707394875134
2026-08-11 18:04:55 - val epoch: 123, loss: 0.9101
2026-08-11 18:04:56 - train: epoch 124, iter:0, loss: 0.7200, lr: 0.0006431005974894185
2026-08-11 18:04:59 - train: epoch 124, iter:20, loss: 0.4944, lr: 0.0006431005974894185
2026-08-11 18:05:15 - val epoch: 124, loss: 0.8945
2026-08-11 18:05:17 - train: epoch 125, iter:0, loss: 0.5529, lr: 0.0006381153112045565
2026-08-11 18:05:19 - train: epoch 125, iter:20, loss: 0.4990, lr: 0.0006381153112045565
2026-08-11 18:05:35 - val epoch: 125, loss: 0.8870
2026-08-11 18:05:37 - train: epoch 126, iter:0, loss: 0.5046, lr: 0.0006331154273257479
2026-08-11 18:05:39 - train: epoch 126, iter:20, loss: 0.4847, lr: 0.0006331154273257479
2026-08-11 18:05:56 - val epoch: 126, loss: 0.8440
2026-08-11 18:05:57 - train: epoch 127, iter:0, loss: 0.4811, lr: 0.000628101494146603
2026-08-11 18:05:59 - train: epoch 127, iter:20, loss: 0.4887, lr: 0.000628101494146603
2026-08-11 18:06:16 - val epoch: 127, loss: 0.8337
2026-08-11 18:06:18 - train: epoch 128, iter:0, loss: 0.5083, lr: 0.0006230740615013976
2026-08-11 18:06:20 - train: epoch 128, iter:20, loss: 0.5017, lr: 0.0006230740615013976
2026-08-11 18:06:36 - val epoch: 128, loss: 0.8432
2026-08-11 18:06:38 - train: epoch 129, iter:0, loss: 0.4586, lr: 0.0006180336807047746
2026-08-11 18:06:40 - train: epoch 129, iter:20, loss: 0.5128, lr: 0.0006180336807047746
2026-08-11 18:06:56 - val epoch: 129, loss: 0.8509
2026-08-11 18:06:58 - train: epoch 130, iter:0, loss: 0.5524, lr: 0.0006129809044912887
2026-08-11 18:07:00 - train: epoch 130, iter:20, loss: 0.5133, lr: 0.0006129809044912887
2026-08-11 18:07:16 - val epoch: 130, loss: 0.8613
2026-08-11 18:07:18 - train: epoch 131, iter:0, loss: 0.5259, lr: 0.0006079162869547909
2026-08-11 18:07:20 - train: epoch 131, iter:20, loss: 0.4907, lr: 0.0006079162869547909
2026-08-11 18:07:37 - val epoch: 131, loss: 0.8587
2026-08-11 18:07:39 - train: epoch 132, iter:0, loss: 0.4860, lr: 0.0006028403834876673
2026-08-11 18:07:41 - train: epoch 132, iter:20, loss: 0.4859, lr: 0.0006028403834876673
2026-08-11 18:07:58 - val epoch: 132, loss: 0.9605
2026-08-11 18:08:00 - train: epoch 133, iter:0, loss: 0.4948, lr: 0.0005977537507199337
2026-08-11 18:08:02 - train: epoch 133, iter:20, loss: 0.4994, lr: 0.0005977537507199337
2026-08-11 18:08:18 - val epoch: 133, loss: 0.8616
2026-08-11 18:08:20 - train: epoch 134, iter:0, loss: 0.6519, lr: 0.0005926569464581937
2026-08-11 18:08:22 - train: epoch 134, iter:20, loss: 0.4959, lr: 0.0005926569464581937
2026-08-11 18:08:38 - val epoch: 134, loss: 0.8531
2026-08-11 18:08:40 - train: epoch 135, iter:0, loss: 0.5179, lr: 0.0005875505296244705
2026-08-11 18:08:42 - train: epoch 135, iter:20, loss: 0.4981, lr: 0.0005875505296244705
2026-08-11 18:08:58 - val epoch: 135, loss: 0.9224
2026-08-11 18:09:00 - train: epoch 136, iter:0, loss: 0.4886, lr: 0.0005824350601949142
2026-08-11 18:09:02 - train: epoch 136, iter:20, loss: 0.4856, lr: 0.0005824350601949142
2026-08-11 18:09:19 - val epoch: 136, loss: 0.8335
2026-08-11 18:09:20 - train: epoch 137, iter:0, loss: 0.5537, lr: 0.0005773110991383937
2026-08-11 18:09:22 - train: epoch 137, iter:20, loss: 0.4957, lr: 0.0005773110991383937
2026-08-11 18:09:39 - val epoch: 137, loss: 0.8674
2026-08-11 18:09:41 - train: epoch 138, iter:0, loss: 0.5414, lr: 0.0005721792083549806
2026-08-11 18:09:43 - train: epoch 138, iter:20, loss: 0.4891, lr: 0.0005721792083549806
2026-08-11 18:09:59 - val epoch: 138, loss: 0.8717
2026-08-11 18:10:01 - train: epoch 139, iter:0, loss: 0.4584, lr: 0.0005670399506143306
2026-08-11 18:10:03 - train: epoch 139, iter:20, loss: 0.4895, lr: 0.0005670399506143306
2026-08-11 18:10:20 - val epoch: 139, loss: 0.8713
2026-08-11 18:10:21 - train: epoch 140, iter:0, loss: 0.5510, lr: 0.000561893889493969
2026-08-11 18:10:24 - train: epoch 140, iter:20, loss: 0.4951, lr: 0.000561893889493969
2026-08-11 18:10:40 - val epoch: 140, loss: 0.8469
2026-08-11 18:10:42 - train: epoch 141, iter:0, loss: 0.4914, lr: 0.0005567415893174885
2026-08-11 18:10:44 - train: epoch 141, iter:20, loss: 0.4985, lr: 0.0005567415893174885
2026-08-11 18:11:00 - val epoch: 141, loss: 0.8726
2026-08-11 18:11:02 - train: epoch 142, iter:0, loss: 0.5618, lr: 0.0005515836150926646
2026-08-11 18:11:04 - train: epoch 142, iter:20, loss: 0.4812, lr: 0.0005515836150926646
2026-08-11 18:11:20 - val epoch: 142, loss: 0.8504
2026-08-11 18:11:22 - train: epoch 143, iter:0, loss: 0.4704, lr: 0.0005464205324494961
2026-08-11 18:11:24 - train: epoch 143, iter:20, loss: 0.4746, lr: 0.0005464205324494961
2026-08-11 18:11:40 - val epoch: 143, loss: 0.9043
2026-08-11 18:11:42 - train: epoch 144, iter:0, loss: 0.5075, lr: 0.0005412529075781776
2026-08-11 18:11:44 - train: epoch 144, iter:20, loss: 0.4823, lr: 0.0005412529075781776
2026-08-11 18:12:01 - val epoch: 144, loss: 0.8569
2026-08-11 18:12:03 - train: epoch 145, iter:0, loss: 0.4457, lr: 0.0005360813071670101
2026-08-11 18:12:05 - train: epoch 145, iter:20, loss: 0.4904, lr: 0.0005360813071670101
2026-08-11 18:12:21 - val epoch: 145, loss: 0.8594
2026-08-11 18:12:23 - train: epoch 146, iter:0, loss: 0.4515, lr: 0.0005309062983402573
2026-08-11 18:12:25 - train: epoch 146, iter:20, loss: 0.4758, lr: 0.0005309062983402573
2026-08-11 18:12:42 - val epoch: 146, loss: 0.9020
2026-08-11 18:12:43 - train: epoch 147, iter:0, loss: 0.4304, lr: 0.0005257284485959538
2026-08-11 18:12:46 - train: epoch 147, iter:20, loss: 0.4748, lr: 0.0005257284485959538
2026-08-11 18:13:02 - val epoch: 147, loss: 0.8966
2026-08-11 18:13:03 - train: epoch 148, iter:0, loss: 0.5175, lr: 0.0005205483257436734
2026-08-11 18:13:06 - train: epoch 148, iter:20, loss: 0.4688, lr: 0.0005205483257436734
2026-08-11 18:13:22 - val epoch: 148, loss: 0.8498
2026-08-11 18:13:24 - train: epoch 149, iter:0, loss: 0.4617, lr: 0.0005153664978422616
2026-08-11 18:13:26 - train: epoch 149, iter:20, loss: 0.4842, lr: 0.0005153664978422616
2026-08-11 18:13:42 - val epoch: 149, loss: 0.8673
2026-08-11 18:13:44 - train: epoch 150, iter:0, loss: 0.5515, lr: 0.0005101835331375416
2026-08-11 18:13:46 - train: epoch 150, iter:20, loss: 0.4859, lr: 0.0005101835331375416
2026-08-11 18:14:07 - val epoch: 150, loss: 0.8781, miou: 0.7830890271582995, f1_or_dsc: 0.8783510135848963, accuracy: 0.9408532322043239,                 specificity: 0.9613231216436249, sensitivity: 0.8772286102794107, confusion_matrix: [[38513966  1549531]
 [ 1582473 11307118]]
2026-08-11 18:14:09 - train: epoch 151, iter:0, loss: 0.4363, lr: 0.0005049999999999999
2026-08-11 18:14:11 - train: epoch 151, iter:20, loss: 0.4775, lr: 0.0005049999999999999
2026-08-11 18:14:27 - val epoch: 151, loss: 0.8885
2026-08-11 18:14:29 - train: epoch 152, iter:0, loss: 0.4687, lr: 0.0004998164668624582
2026-08-11 18:14:31 - train: epoch 152, iter:20, loss: 0.4856, lr: 0.0004998164668624582
2026-08-11 18:14:47 - val epoch: 152, loss: 0.8856
2026-08-11 18:14:49 - train: epoch 153, iter:0, loss: 0.4825, lr: 0.0004946335021577383
2026-08-11 18:14:51 - train: epoch 153, iter:20, loss: 0.4778, lr: 0.0004946335021577383
2026-08-11 18:15:08 - val epoch: 153, loss: 0.8768
2026-08-11 18:15:10 - train: epoch 154, iter:0, loss: 0.4274, lr: 0.0004894516742563263
2026-08-11 18:15:12 - train: epoch 154, iter:20, loss: 0.4671, lr: 0.0004894516742563263
2026-08-11 18:15:28 - val epoch: 154, loss: 0.9265
2026-08-11 18:15:30 - train: epoch 155, iter:0, loss: 0.3867, lr: 0.000484271551404046
2026-08-11 18:15:32 - train: epoch 155, iter:20, loss: 0.4813, lr: 0.000484271551404046
2026-08-11 18:15:49 - val epoch: 155, loss: 0.8518
2026-08-11 18:15:51 - train: epoch 156, iter:0, loss: 0.5126, lr: 0.0004790937016597426
2026-08-11 18:15:53 - train: epoch 156, iter:20, loss: 0.4633, lr: 0.0004790937016597426
2026-08-11 18:16:09 - val epoch: 156, loss: 0.8647
2026-08-11 18:16:12 - train: epoch 157, iter:0, loss: 0.4522, lr: 0.0004739186928329898
2026-08-11 18:16:13 - train: epoch 157, iter:20, loss: 0.4691, lr: 0.0004739186928329898
2026-08-11 18:16:30 - val epoch: 157, loss: 0.8758
2026-08-11 18:16:32 - train: epoch 158, iter:0, loss: 0.4146, lr: 0.0004687470924218222
2026-08-11 18:16:34 - train: epoch 158, iter:20, loss: 0.4563, lr: 0.0004687470924218222
2026-08-11 18:16:51 - val epoch: 158, loss: 0.9239
2026-08-11 18:16:53 - train: epoch 159, iter:0, loss: 0.4824, lr: 0.00046357946755050356
2026-08-11 18:16:55 - train: epoch 159, iter:20, loss: 0.4561, lr: 0.00046357946755050356
2026-08-11 18:17:11 - val epoch: 159, loss: 0.9058
2026-08-11 18:17:13 - train: epoch 160, iter:0, loss: 0.3664, lr: 0.00045841638490733513
2026-08-11 18:17:15 - train: epoch 160, iter:20, loss: 0.4576, lr: 0.00045841638490733513
2026-08-11 18:17:32 - val epoch: 160, loss: 0.9059
2026-08-11 18:17:33 - train: epoch 161, iter:0, loss: 0.3998, lr: 0.00045325841068251133
2026-08-11 18:17:36 - train: epoch 161, iter:20, loss: 0.4653, lr: 0.00045325841068251133
2026-08-11 18:17:52 - val epoch: 161, loss: 0.8711
2026-08-11 18:17:54 - train: epoch 162, iter:0, loss: 0.4146, lr: 0.0004481061105060308
2026-08-11 18:17:56 - train: epoch 162, iter:20, loss: 0.4789, lr: 0.0004481061105060308
2026-08-11 18:18:13 - val epoch: 162, loss: 0.9276
2026-08-11 18:18:14 - train: epoch 163, iter:0, loss: 0.5358, lr: 0.0004429600493856691
2026-08-11 18:18:16 - train: epoch 163, iter:20, loss: 0.4678, lr: 0.0004429600493856691
2026-08-11 18:18:33 - val epoch: 163, loss: 0.8836
2026-08-11 18:18:35 - train: epoch 164, iter:0, loss: 0.4796, lr: 0.000437820791645019
2026-08-11 18:18:37 - train: epoch 164, iter:20, loss: 0.4552, lr: 0.000437820791645019
2026-08-11 18:18:53 - val epoch: 164, loss: 0.8828
2026-08-11 18:18:55 - train: epoch 165, iter:0, loss: 0.4054, lr: 0.00043268890086160604
2026-08-11 18:18:57 - train: epoch 165, iter:20, loss: 0.4587, lr: 0.00043268890086160604
2026-08-11 18:19:14 - val epoch: 165, loss: 0.8655
2026-08-11 18:19:16 - train: epoch 166, iter:0, loss: 0.5650, lr: 0.0004275649398050855
2026-08-11 18:19:18 - train: epoch 166, iter:20, loss: 0.4519, lr: 0.0004275649398050855
2026-08-11 18:19:35 - val epoch: 166, loss: 0.8886
2026-08-11 18:19:37 - train: epoch 167, iter:0, loss: 0.4466, lr: 0.0004224494703755289
2026-08-11 18:19:39 - train: epoch 167, iter:20, loss: 0.4539, lr: 0.0004224494703755289
2026-08-11 18:19:55 - val epoch: 167, loss: 0.9166
2026-08-11 18:19:57 - train: epoch 168, iter:0, loss: 0.4407, lr: 0.00041734305354180595
2026-08-11 18:19:59 - train: epoch 168, iter:20, loss: 0.4526, lr: 0.00041734305354180595
2026-08-11 18:20:15 - val epoch: 168, loss: 0.8883
2026-08-11 18:20:18 - train: epoch 169, iter:0, loss: 0.3944, lr: 0.000412246249280066
2026-08-11 18:20:20 - train: epoch 169, iter:20, loss: 0.4583, lr: 0.000412246249280066
2026-08-11 18:20:36 - val epoch: 169, loss: 0.8766
2026-08-11 18:20:38 - train: epoch 170, iter:0, loss: 0.4233, lr: 0.0004071596165123322
2026-08-11 18:20:40 - train: epoch 170, iter:20, loss: 0.4574, lr: 0.0004071596165123322
2026-08-11 18:20:56 - val epoch: 170, loss: 0.8920
2026-08-11 18:20:58 - train: epoch 171, iter:0, loss: 0.4591, lr: 0.0004020837130452088
2026-08-11 18:21:00 - train: epoch 171, iter:20, loss: 0.4582, lr: 0.0004020837130452088
2026-08-11 18:21:17 - val epoch: 171, loss: 0.9197
2026-08-11 18:21:19 - train: epoch 172, iter:0, loss: 0.4918, lr: 0.00039701909550871116
2026-08-11 18:21:21 - train: epoch 172, iter:20, loss: 0.4745, lr: 0.00039701909550871116
2026-08-11 18:21:37 - val epoch: 172, loss: 0.8842
2026-08-11 18:21:39 - train: epoch 173, iter:0, loss: 0.4174, lr: 0.0003919663192952252
2026-08-11 18:21:41 - train: epoch 173, iter:20, loss: 0.4569, lr: 0.0003919663192952252
2026-08-11 18:21:57 - val epoch: 173, loss: 0.8959
2026-08-11 18:21:59 - train: epoch 174, iter:0, loss: 0.4487, lr: 0.0003869259384986023
2026-08-11 18:22:01 - train: epoch 174, iter:20, loss: 0.4527, lr: 0.0003869259384986023
2026-08-11 18:22:17 - val epoch: 174, loss: 0.9098
2026-08-11 18:22:19 - train: epoch 175, iter:0, loss: 0.3919, lr: 0.0003818985058533967
2026-08-11 18:22:21 - train: epoch 175, iter:20, loss: 0.4486, lr: 0.0003818985058533967
2026-08-11 18:22:38 - val epoch: 175, loss: 0.9065
2026-08-11 18:22:40 - train: epoch 176, iter:0, loss: 0.4875, lr: 0.00037688457267425206
2026-08-11 18:22:42 - train: epoch 176, iter:20, loss: 0.4466, lr: 0.00037688457267425206
2026-08-11 18:22:58 - val epoch: 176, loss: 0.9041
2026-08-11 18:23:00 - train: epoch 177, iter:0, loss: 0.4825, lr: 0.0003718846887954434
2026-08-11 18:23:02 - train: epoch 177, iter:20, loss: 0.4459, lr: 0.0003718846887954434
2026-08-11 18:23:18 - val epoch: 177, loss: 0.9489
2026-08-11 18:23:19 - train: epoch 178, iter:0, loss: 0.4485, lr: 0.0003668994025105812
2026-08-11 18:23:22 - train: epoch 178, iter:20, loss: 0.4389, lr: 0.0003668994025105812
2026-08-11 18:23:38 - val epoch: 178, loss: 0.9065
2026-08-11 18:23:40 - train: epoch 179, iter:0, loss: 0.4400, lr: 0.0003619292605124862
2026-08-11 18:23:42 - train: epoch 179, iter:20, loss: 0.4303, lr: 0.0003619292605124862
2026-08-11 18:23:59 - val epoch: 179, loss: 0.9163
2026-08-11 18:24:01 - train: epoch 180, iter:0, loss: 0.4421, lr: 0.00035697480783323686
2026-08-11 18:24:03 - train: epoch 180, iter:20, loss: 0.4326, lr: 0.00035697480783323686
2026-08-11 18:24:23 - val epoch: 180, loss: 0.9006, miou: 0.7763024310828932, f1_or_dsc: 0.8740656067330081, accuracy: 0.9380295819575244,                 specificity: 0.9555735236991418, sensitivity: 0.8834994066142208, confusion_matrix: [[38283617  1779880]
 [ 1501645 11387946]]
2026-08-11 18:24:25 - train: epoch 181, iter:0, loss: 0.4369, lr: 0.00035203658778440076
2026-08-11 18:24:27 - train: epoch 181, iter:20, loss: 0.4418, lr: 0.00035203658778440076
2026-08-11 18:24:43 - val epoch: 181, loss: 0.9050
2026-08-11 18:24:45 - train: epoch 182, iter:0, loss: 0.3907, lr: 0.00034711514189745505
2026-08-11 18:24:47 - train: epoch 182, iter:20, loss: 0.4493, lr: 0.00034711514189745505
2026-08-11 18:25:04 - val epoch: 182, loss: 0.8780
2026-08-11 18:25:05 - train: epoch 183, iter:0, loss: 0.4041, lr: 0.00034221100986440094
2026-08-11 18:25:07 - train: epoch 183, iter:20, loss: 0.4362, lr: 0.00034221100986440094
2026-08-11 18:25:24 - val epoch: 183, loss: 0.8801
2026-08-11 18:25:26 - train: epoch 184, iter:0, loss: 0.4712, lr: 0.0003373247294785804
2026-08-11 18:25:28 - train: epoch 184, iter:20, loss: 0.4483, lr: 0.0003373247294785804
2026-08-11 18:25:44 - val epoch: 184, loss: 0.8749
2026-08-11 18:25:46 - train: epoch 185, iter:0, loss: 0.4163, lr: 0.0003324568365757012
2026-08-11 18:25:48 - train: epoch 185, iter:20, loss: 0.4458, lr: 0.0003324568365757012
2026-08-11 18:26:04 - val epoch: 185, loss: 0.9094
2026-08-11 18:26:06 - train: epoch 186, iter:0, loss: 0.4590, lr: 0.0003276078649750761
2026-08-11 18:26:08 - train: epoch 186, iter:20, loss: 0.4489, lr: 0.0003276078649750761
2026-08-11 18:26:24 - val epoch: 186, loss: 0.8806
2026-08-11 18:26:26 - train: epoch 187, iter:0, loss: 0.4606, lr: 0.00032277834642108417
2026-08-11 18:26:28 - train: epoch 187, iter:20, loss: 0.4463, lr: 0.00032277834642108417
2026-08-11 18:26:44 - val epoch: 187, loss: 0.9265
2026-08-11 18:26:46 - train: epoch 188, iter:0, loss: 0.5066, lr: 0.00031796881052485835
2026-08-11 18:26:48 - train: epoch 188, iter:20, loss: 0.4522, lr: 0.00031796881052485835
2026-08-11 18:27:05 - val epoch: 188, loss: 0.9641
2026-08-11 18:27:07 - train: epoch 189, iter:0, loss: 0.4891, lr: 0.00031317978470620867
2026-08-11 18:27:09 - train: epoch 189, iter:20, loss: 0.4368, lr: 0.00031317978470620867
2026-08-11 18:27:25 - val epoch: 189, loss: 0.9054
2026-08-11 18:27:26 - train: epoch 190, iter:0, loss: 0.4338, lr: 0.00030841179413578315
2026-08-11 18:27:29 - train: epoch 190, iter:20, loss: 0.4302, lr: 0.00030841179413578315
2026-08-11 18:27:45 - val epoch: 190, loss: 0.9127
2026-08-11 18:27:47 - train: epoch 191, iter:0, loss: 0.4442, lr: 0.0003036653616774785
2026-08-11 18:27:49 - train: epoch 191, iter:20, loss: 0.4329, lr: 0.0003036653616774785
2026-08-11 18:28:06 - val epoch: 191, loss: 0.9108
2026-08-11 18:28:08 - train: epoch 192, iter:0, loss: 0.4348, lr: 0.0002989410078311011
2026-08-11 18:28:10 - train: epoch 192, iter:20, loss: 0.4366, lr: 0.0002989410078311011
2026-08-11 18:28:26 - val epoch: 192, loss: 0.9432
2026-08-11 18:28:28 - train: epoch 193, iter:0, loss: 0.4236, lr: 0.00029423925067528865
2026-08-11 18:28:30 - train: epoch 193, iter:20, loss: 0.4316, lr: 0.00029423925067528865
2026-08-11 18:28:46 - val epoch: 193, loss: 0.9115
2026-08-11 18:28:48 - train: epoch 194, iter:0, loss: 0.3931, lr: 0.0002895606058106975
2026-08-11 18:28:50 - train: epoch 194, iter:20, loss: 0.4438, lr: 0.0002895606058106975
2026-08-11 18:29:07 - val epoch: 194, loss: 0.9186
2026-08-11 18:29:09 - train: epoch 195, iter:0, loss: 0.4024, lr: 0.0002849055863034606
2026-08-11 18:29:10 - train: epoch 195, iter:20, loss: 0.4374, lr: 0.0002849055863034606
2026-08-11 18:29:27 - val epoch: 195, loss: 0.9358
2026-08-11 18:29:29 - train: epoch 196, iter:0, loss: 0.4879, lr: 0.00028027470262892396
2026-08-11 18:29:31 - train: epoch 196, iter:20, loss: 0.4256, lr: 0.00028027470262892396
2026-08-11 18:29:47 - val epoch: 196, loss: 0.9118
2026-08-11 18:29:49 - train: epoch 197, iter:0, loss: 0.4665, lr: 0.0002756684626156682
2026-08-11 18:29:51 - train: epoch 197, iter:20, loss: 0.4389, lr: 0.0002756684626156682
2026-08-11 18:30:08 - val epoch: 197, loss: 0.9268
2026-08-11 18:30:10 - train: epoch 198, iter:0, loss: 0.3864, lr: 0.000271087371389818
2026-08-11 18:30:12 - train: epoch 198, iter:20, loss: 0.4346, lr: 0.000271087371389818
2026-08-11 18:30:28 - val epoch: 198, loss: 0.9476
2026-08-11 18:30:30 - train: epoch 199, iter:0, loss: 0.4228, lr: 0.0002665319313196505
2026-08-11 18:30:32 - train: epoch 199, iter:20, loss: 0.4233, lr: 0.0002665319313196505
2026-08-11 18:30:49 - val epoch: 199, loss: 0.9333
2026-08-11 18:30:51 - train: epoch 200, iter:0, loss: 0.5120, lr: 0.00026200264196050494
2026-08-11 18:30:53 - train: epoch 200, iter:20, loss: 0.4222, lr: 0.00026200264196050494
2026-08-11 18:31:09 - val epoch: 200, loss: 0.8991
2026-08-11 18:31:11 - train: epoch 201, iter:0, loss: 0.3880, lr: 0.00025749999999999954
2026-08-11 18:31:13 - train: epoch 201, iter:20, loss: 0.4319, lr: 0.00025749999999999954
2026-08-11 18:31:29 - val epoch: 201, loss: 0.9125
2026-08-11 18:31:31 - train: epoch 202, iter:0, loss: 0.4675, lr: 0.0002530244992035658
2026-08-11 18:31:33 - train: epoch 202, iter:20, loss: 0.4350, lr: 0.0002530244992035658
2026-08-11 18:31:49 - val epoch: 202, loss: 0.9180
2026-08-11 18:31:51 - train: epoch 203, iter:0, loss: 0.4187, lr: 0.0002485766303603003
2026-08-11 18:31:53 - train: epoch 203, iter:20, loss: 0.4387, lr: 0.0002485766303603003
2026-08-11 18:32:09 - val epoch: 203, loss: 0.9197
2026-08-11 18:32:11 - train: epoch 204, iter:0, loss: 0.4267, lr: 0.0002441568812291443
2026-08-11 18:32:14 - train: epoch 204, iter:20, loss: 0.4248, lr: 0.0002441568812291443
2026-08-11 18:32:30 - val epoch: 204, loss: 0.9093
2026-08-11 18:32:32 - train: epoch 205, iter:0, loss: 0.4197, lr: 0.00023976573648539645
2026-08-11 18:32:34 - train: epoch 205, iter:20, loss: 0.4351, lr: 0.00023976573648539645
2026-08-11 18:32:50 - val epoch: 205, loss: 0.9533
2026-08-11 18:32:52 - train: epoch 206, iter:0, loss: 0.4141, lr: 0.00023540367766756144
2026-08-11 18:32:54 - train: epoch 206, iter:20, loss: 0.4329, lr: 0.00023540367766756144
2026-08-11 18:33:10 - val epoch: 206, loss: 0.9851
2026-08-11 18:33:12 - train: epoch 207, iter:0, loss: 0.4083, lr: 0.0002310711831245444
2026-08-11 18:33:14 - train: epoch 207, iter:20, loss: 0.4277, lr: 0.0002310711831245444
2026-08-11 18:33:31 - val epoch: 207, loss: 0.9239
2026-08-11 18:33:33 - train: epoch 208, iter:0, loss: 0.4370, lr: 0.00022676872796319514
2026-08-11 18:33:35 - train: epoch 208, iter:20, loss: 0.4277, lr: 0.00022676872796319514
2026-08-11 18:33:51 - val epoch: 208, loss: 0.9304
2026-08-11 18:33:53 - train: epoch 209, iter:0, loss: 0.3493, lr: 0.00022249678399620604
2026-08-11 18:33:56 - train: epoch 209, iter:20, loss: 0.4276, lr: 0.00022249678399620604
2026-08-11 18:34:12 - val epoch: 209, loss: 0.9171
2026-08-11 18:34:14 - train: epoch 210, iter:0, loss: 0.4171, lr: 0.0002182558196903736
2026-08-11 18:34:16 - train: epoch 210, iter:20, loss: 0.4177, lr: 0.0002182558196903736
2026-08-11 18:34:37 - val epoch: 210, loss: 0.9490, miou: 0.778664706162816, f1_or_dsc: 0.8755609794975472, accuracy: 0.9410879682786394,                 specificity: 0.9699291102821104, sensitivity: 0.8514437735068553, confusion_matrix: [[38858752  1204745]
 [ 1914829 10974762]]
2026-08-11 18:34:39 - train: epoch 211, iter:0, loss: 0.3890, lr: 0.00021404630011522552
2026-08-11 18:34:41 - train: epoch 211, iter:20, loss: 0.4268, lr: 0.00021404630011522552
2026-08-11 18:34:57 - val epoch: 211, loss: 0.9171
2026-08-11 18:34:59 - train: epoch 212, iter:0, loss: 0.3917, lr: 0.0002098686868920198
2026-08-11 18:35:01 - train: epoch 212, iter:20, loss: 0.4263, lr: 0.0002098686868920198
2026-08-11 18:35:17 - val epoch: 212, loss: 0.9642
2026-08-11 18:35:19 - train: epoch 213, iter:0, loss: 0.4721, lr: 0.00020572343814312415
2026-08-11 18:35:21 - train: epoch 213, iter:20, loss: 0.4219, lr: 0.00020572343814312415
2026-08-11 18:35:37 - val epoch: 213, loss: 0.9260
2026-08-11 18:35:39 - train: epoch 214, iter:0, loss: 0.4200, lr: 0.00020161100844177644
2026-08-11 18:35:41 - train: epoch 214, iter:20, loss: 0.4241, lr: 0.00020161100844177644
2026-08-11 18:35:58 - val epoch: 214, loss: 0.9302
2026-08-11 18:35:59 - train: epoch 215, iter:0, loss: 0.4546, lr: 0.0001975318487622361
2026-08-11 18:36:01 - train: epoch 215, iter:20, loss: 0.4326, lr: 0.0001975318487622361
2026-08-11 18:36:17 - val epoch: 215, loss: 0.9202
2026-08-11 18:36:19 - train: epoch 216, iter:0, loss: 0.3857, lr: 0.00019348640643033024
2026-08-11 18:36:21 - train: epoch 216, iter:20, loss: 0.4175, lr: 0.00019348640643033024
2026-08-11 18:36:37 - val epoch: 216, loss: 0.9159
2026-08-11 18:36:39 - train: epoch 217, iter:0, loss: 0.3874, lr: 0.00018947512507439828
2026-08-11 18:36:41 - train: epoch 217, iter:20, loss: 0.4352, lr: 0.00018947512507439828
2026-08-11 18:36:58 - val epoch: 217, loss: 0.9407
2026-08-11 18:36:59 - train: epoch 218, iter:0, loss: 0.4155, lr: 0.00018549844457664425
2026-08-11 18:37:01 - train: epoch 218, iter:20, loss: 0.4258, lr: 0.00018549844457664425
2026-08-11 18:37:18 - val epoch: 218, loss: 0.9183
2026-08-11 18:37:20 - train: epoch 219, iter:0, loss: 0.4107, lr: 0.00018155680102489765
2026-08-11 18:37:22 - train: epoch 219, iter:20, loss: 0.4131, lr: 0.00018155680102489765
2026-08-11 18:37:38 - val epoch: 219, loss: 0.9266
2026-08-11 18:37:40 - train: epoch 220, iter:0, loss: 0.4058, lr: 0.00017765062666479195
2026-08-11 18:37:42 - train: epoch 220, iter:20, loss: 0.4192, lr: 0.00017765062666479195
2026-08-11 18:37:58 - val epoch: 220, loss: 0.9221
2026-08-11 18:38:00 - train: epoch 221, iter:0, loss: 0.4705, lr: 0.00017378034985236489
2026-08-11 18:38:02 - train: epoch 221, iter:20, loss: 0.4234, lr: 0.00017378034985236489
2026-08-11 18:38:18 - val epoch: 221, loss: 0.9243
2026-08-11 18:38:21 - train: epoch 222, iter:0, loss: 0.3903, lr: 0.0001699463950070827
2026-08-11 18:38:22 - train: epoch 222, iter:20, loss: 0.4231, lr: 0.0001699463950070827
2026-08-11 18:38:39 - val epoch: 222, loss: 0.9344
2026-08-11 18:38:41 - train: epoch 223, iter:0, loss: 0.5079, lr: 0.0001661491825652988
2026-08-11 18:38:43 - train: epoch 223, iter:20, loss: 0.4135, lr: 0.0001661491825652988
2026-08-11 18:38:59 - val epoch: 223, loss: 0.9411
2026-08-11 18:39:01 - train: epoch 224, iter:0, loss: 0.4387, lr: 0.0001623891289341484
2026-08-11 18:39:03 - train: epoch 224, iter:20, loss: 0.4236, lr: 0.0001623891289341484
2026-08-11 18:39:20 - val epoch: 224, loss: 0.9228
2026-08-11 18:39:22 - train: epoch 225, iter:0, loss: 0.4011, lr: 0.0001586666464458838
2026-08-11 18:39:24 - train: epoch 225, iter:20, loss: 0.4244, lr: 0.0001586666464458838
2026-08-11 18:39:40 - val epoch: 225, loss: 0.9263
2026-08-11 18:39:42 - train: epoch 226, iter:0, loss: 0.4246, lr: 0.00015498214331265874
2026-08-11 18:39:44 - train: epoch 226, iter:20, loss: 0.4185, lr: 0.00015498214331265874
2026-08-11 18:40:00 - val epoch: 226, loss: 0.9346
2026-08-11 18:40:02 - train: epoch 227, iter:0, loss: 0.3216, lr: 0.00015133602358176218
2026-08-11 18:40:05 - train: epoch 227, iter:20, loss: 0.4040, lr: 0.00015133602358176218
2026-08-11 18:40:21 - val epoch: 227, loss: 0.9259
2026-08-11 18:40:23 - train: epoch 228, iter:0, loss: 0.3666, lr: 0.00014772868709131046
2026-08-11 18:40:25 - train: epoch 228, iter:20, loss: 0.4237, lr: 0.00014772868709131046
2026-08-11 18:40:41 - val epoch: 228, loss: 0.9203
2026-08-11 18:40:43 - train: epoch 229, iter:0, loss: 0.4254, lr: 0.00014416052942640113
2026-08-11 18:40:45 - train: epoch 229, iter:20, loss: 0.4140, lr: 0.00014416052942640113
2026-08-11 18:41:01 - val epoch: 229, loss: 0.9313
2026-08-11 18:41:03 - train: epoch 230, iter:0, loss: 0.4124, lr: 0.0001406319418757314
2026-08-11 18:41:05 - train: epoch 230, iter:20, loss: 0.4258, lr: 0.0001406319418757314
2026-08-11 18:41:22 - val epoch: 230, loss: 0.9380
2026-08-11 18:41:24 - train: epoch 231, iter:0, loss: 0.4511, lr: 0.00013714331138868954
2026-08-11 18:41:26 - train: epoch 231, iter:20, loss: 0.4070, lr: 0.00013714331138868954
2026-08-11 18:41:42 - val epoch: 231, loss: 0.9465
2026-08-11 18:41:44 - train: epoch 232, iter:0, loss: 0.3734, lr: 0.00013369502053292226
2026-08-11 18:41:46 - train: epoch 232, iter:20, loss: 0.4080, lr: 0.00013369502053292226
2026-08-11 18:42:03 - val epoch: 232, loss: 0.9469
2026-08-11 18:42:04 - train: epoch 233, iter:0, loss: 0.3302, lr: 0.0001302874474523804
2026-08-11 18:42:07 - train: epoch 233, iter:20, loss: 0.4102, lr: 0.0001302874474523804
2026-08-11 18:42:23 - val epoch: 233, loss: 0.9444
2026-08-11 18:42:26 - train: epoch 234, iter:0, loss: 0.4479, lr: 0.00012692096582585187
2026-08-11 18:42:27 - train: epoch 234, iter:20, loss: 0.4083, lr: 0.00012692096582585187
2026-08-11 18:42:43 - val epoch: 234, loss: 0.9466
2026-08-11 18:42:46 - train: epoch 235, iter:0, loss: 0.4415, lr: 0.00012359594482598416
2026-08-11 18:42:48 - train: epoch 235, iter:20, loss: 0.4175, lr: 0.00012359594482598416
2026-08-11 18:43:10 - val epoch: 235, loss: 0.9563
2026-08-11 18:43:12 - train: epoch 236, iter:0, loss: 0.4042, lr: 0.00012031274907879919
2026-08-11 18:43:14 - train: epoch 236, iter:20, loss: 0.4004, lr: 0.00012031274907879919
2026-08-11 18:43:35 - val epoch: 236, loss: 0.9381
2026-08-11 18:43:37 - train: epoch 237, iter:0, loss: 0.3892, lr: 0.00011707173862370913
2026-08-11 18:43:39 - train: epoch 237, iter:20, loss: 0.4161, lr: 0.00011707173862370913
2026-08-11 18:43:56 - val epoch: 237, loss: 0.9419
2026-08-11 18:43:57 - train: epoch 238, iter:0, loss: 0.4471, lr: 0.00011387326887403316
2026-08-11 18:44:00 - train: epoch 238, iter:20, loss: 0.4073, lr: 0.00011387326887403316
2026-08-11 18:44:16 - val epoch: 238, loss: 0.9482
2026-08-11 18:44:18 - train: epoch 239, iter:0, loss: 0.4426, lr: 0.00011071769057802265
2026-08-11 18:44:20 - train: epoch 239, iter:20, loss: 0.4214, lr: 0.00011071769057802265
2026-08-11 18:44:36 - val epoch: 239, loss: 0.9462
2026-08-11 18:44:38 - train: epoch 240, iter:0, loss: 0.3821, lr: 0.0001076053497803982
2026-08-11 18:44:40 - train: epoch 240, iter:20, loss: 0.4060, lr: 0.0001076053497803982
2026-08-11 18:45:00 - val epoch: 240, loss: 0.9540, miou: 0.7790559715959974, f1_or_dsc: 0.8758082758881426, accuracy: 0.9404469858301748,                 specificity: 0.9654716361879244, sensitivity: 0.8626652311931388, confusion_matrix: [[38680170  1383327]
 [ 1770189 11119402]]
2026-08-11 18:45:02 - train: epoch 241, iter:0, loss: 0.4867, lr: 0.00010453658778440088
2026-08-11 18:45:04 - train: epoch 241, iter:20, loss: 0.4051, lr: 0.00010453658778440088
2026-08-11 18:45:20 - val epoch: 241, loss: 0.9473
2026-08-11 18:45:23 - train: epoch 242, iter:0, loss: 0.4013, lr: 0.00010151174111436543
2026-08-11 18:45:24 - train: epoch 242, iter:20, loss: 0.4129, lr: 0.00010151174111436543
2026-08-11 18:45:40 - val epoch: 242, loss: 0.9510
2026-08-11 18:45:42 - train: epoch 243, iter:0, loss: 0.4418, lr: 9.853114147881633e-05
2026-08-11 18:45:44 - train: epoch 243, iter:20, loss: 0.4076, lr: 9.853114147881633e-05
2026-08-11 18:46:01 - val epoch: 243, loss: 0.9369
2026-08-11 18:46:02 - train: epoch 244, iter:0, loss: 0.3882, lr: 9.559511573409167e-05
2026-08-11 18:46:04 - train: epoch 244, iter:20, loss: 0.4107, lr: 9.559511573409167e-05
2026-08-11 18:46:21 - val epoch: 244, loss: 0.9433
2026-08-11 18:46:23 - train: epoch 245, iter:0, loss: 0.3843, lr: 9.270398584850061e-05
2026-08-11 18:46:25 - train: epoch 245, iter:20, loss: 0.4160, lr: 9.270398584850061e-05
2026-08-11 18:46:41 - val epoch: 245, loss: 0.9616
2026-08-11 18:46:43 - train: epoch 246, iter:0, loss: 0.4005, lr: 8.985806886701499e-05
2026-08-11 18:46:45 - train: epoch 246, iter:20, loss: 0.4055, lr: 8.985806886701499e-05
2026-08-11 18:47:01 - val epoch: 246, loss: 0.9604
2026-08-11 18:47:03 - train: epoch 247, iter:0, loss: 0.3805, lr: 8.705767687650239e-05
2026-08-11 18:47:05 - train: epoch 247, iter:20, loss: 0.4126, lr: 8.705767687650239e-05
2026-08-11 18:47:22 - val epoch: 247, loss: 0.9641
2026-08-11 18:47:23 - train: epoch 248, iter:0, loss: 0.5057, lr: 8.430311697150229e-05
2026-08-11 18:47:25 - train: epoch 248, iter:20, loss: 0.4106, lr: 8.430311697150229e-05
2026-08-11 18:47:42 - val epoch: 248, loss: 0.9400
2026-08-11 18:47:44 - train: epoch 249, iter:0, loss: 0.4047, lr: 8.159469122054909e-05
2026-08-11 18:47:46 - train: epoch 249, iter:20, loss: 0.4159, lr: 8.159469122054909e-05
2026-08-11 18:48:02 - val epoch: 249, loss: 0.9614
2026-08-11 18:48:05 - train: epoch 250, iter:0, loss: 0.3348, lr: 7.893269663304782e-05
2026-08-11 18:48:06 - train: epoch 250, iter:20, loss: 0.4072, lr: 7.893269663304782e-05
2026-08-11 18:48:23 - val epoch: 250, loss: 0.9393
2026-08-11 18:48:25 - train: epoch 251, iter:0, loss: 0.3390, lr: 7.631742512670282e-05
2026-08-11 18:48:27 - train: epoch 251, iter:20, loss: 0.4048, lr: 7.631742512670282e-05
2026-08-11 18:48:44 - val epoch: 251, loss: 0.9327
2026-08-11 18:48:46 - train: epoch 252, iter:0, loss: 0.3591, lr: 7.374916349550603e-05
2026-08-11 18:48:48 - train: epoch 252, iter:20, loss: 0.4073, lr: 7.374916349550603e-05
2026-08-11 18:49:04 - val epoch: 252, loss: 0.9688
2026-08-11 18:49:05 - train: epoch 253, iter:0, loss: 0.4013, lr: 7.122819337828741e-05
2026-08-11 18:49:07 - train: epoch 253, iter:20, loss: 0.4013, lr: 7.122819337828741e-05
2026-08-11 18:49:24 - val epoch: 253, loss: 0.9472
2026-08-11 18:49:26 - train: epoch 254, iter:0, loss: 0.3921, lr: 6.875479122782878e-05
2026-08-11 18:49:28 - train: epoch 254, iter:20, loss: 0.4037, lr: 6.875479122782878e-05
2026-08-11 18:49:44 - val epoch: 254, loss: 0.9561
2026-08-11 18:49:46 - train: epoch 255, iter:0, loss: 0.4366, lr: 6.632922828054862e-05
2026-08-11 18:49:48 - train: epoch 255, iter:20, loss: 0.4026, lr: 6.632922828054862e-05
2026-08-11 18:50:04 - val epoch: 255, loss: 0.9691
2026-08-11 18:50:06 - train: epoch 256, iter:0, loss: 0.4578, lr: 6.395177052675786e-05
2026-08-11 18:50:08 - train: epoch 256, iter:20, loss: 0.4039, lr: 6.395177052675786e-05
2026-08-11 18:50:24 - val epoch: 256, loss: 0.9471
2026-08-11 18:50:26 - train: epoch 257, iter:0, loss: 0.4069, lr: 6.162267868149065e-05
2026-08-11 18:50:28 - train: epoch 257, iter:20, loss: 0.4053, lr: 6.162267868149065e-05
2026-08-11 18:50:45 - val epoch: 257, loss: 0.9576
2026-08-11 18:50:47 - train: epoch 258, iter:0, loss: 0.3904, lr: 5.934220815591413e-05
2026-08-11 18:50:48 - train: epoch 258, iter:20, loss: 0.4080, lr: 5.934220815591413e-05
2026-08-11 18:51:05 - val epoch: 258, loss: 0.9401
2026-08-11 18:51:07 - train: epoch 259, iter:0, loss: 0.3944, lr: 5.711060902932035e-05
2026-08-11 18:51:09 - train: epoch 259, iter:20, loss: 0.4051, lr: 5.711060902932035e-05
2026-08-11 18:51:25 - val epoch: 259, loss: 0.9512
2026-08-11 18:51:28 - train: epoch 260, iter:0, loss: 0.3606, lr: 5.492812602170101e-05
2026-08-11 18:51:30 - train: epoch 260, iter:20, loss: 0.4030, lr: 5.492812602170101e-05
2026-08-11 18:51:46 - val epoch: 260, loss: 0.9432
2026-08-11 18:51:48 - train: epoch 261, iter:0, loss: 0.3772, lr: 5.279499846691256e-05
2026-08-11 18:51:50 - train: epoch 261, iter:20, loss: 0.4074, lr: 5.279499846691256e-05
2026-08-11 18:52:06 - val epoch: 261, loss: 0.9509
2026-08-11 18:52:09 - train: epoch 262, iter:0, loss: 0.3972, lr: 5.071146028642938e-05
2026-08-11 18:52:11 - train: epoch 262, iter:20, loss: 0.3965, lr: 5.071146028642938e-05
2026-08-11 18:52:27 - val epoch: 262, loss: 0.9508
2026-08-11 18:52:29 - train: epoch 263, iter:0, loss: 0.4096, lr: 4.867773996369213e-05
2026-08-11 18:52:31 - train: epoch 263, iter:20, loss: 0.4023, lr: 4.867773996369213e-05
2026-08-11 18:52:47 - val epoch: 263, loss: 0.9571
2026-08-11 18:52:49 - train: epoch 264, iter:0, loss: 0.3911, lr: 4.669406051905255e-05
2026-08-11 18:52:51 - train: epoch 264, iter:20, loss: 0.4108, lr: 4.669406051905255e-05
2026-08-11 18:53:08 - val epoch: 264, loss: 0.9618
2026-08-11 18:53:10 - train: epoch 265, iter:0, loss: 0.4111, lr: 4.476063948531553e-05
2026-08-11 18:53:12 - train: epoch 265, iter:20, loss: 0.4123, lr: 4.476063948531553e-05
2026-08-11 18:53:28 - val epoch: 265, loss: 0.9556
2026-08-11 18:53:30 - train: epoch 266, iter:0, loss: 0.3631, lr: 4.2877688883885086e-05
2026-08-11 18:53:32 - train: epoch 266, iter:20, loss: 0.3997, lr: 4.2877688883885086e-05
2026-08-11 18:53:48 - val epoch: 266, loss: 0.9621
2026-08-11 18:53:50 - train: epoch 267, iter:0, loss: 0.4358, lr: 4.1045415201513684e-05
2026-08-11 18:53:52 - train: epoch 267, iter:20, loss: 0.4045, lr: 4.1045415201513684e-05
2026-08-11 18:54:08 - val epoch: 267, loss: 0.9511
2026-08-11 18:54:10 - train: epoch 268, iter:0, loss: 0.4325, lr: 3.926401936765836e-05
2026-08-11 18:54:12 - train: epoch 268, iter:20, loss: 0.4053, lr: 3.926401936765836e-05
2026-08-11 18:54:29 - val epoch: 268, loss: 0.9712
2026-08-11 18:54:30 - train: epoch 269, iter:0, loss: 0.4020, lr: 3.753369673244687e-05
2026-08-11 18:54:33 - train: epoch 269, iter:20, loss: 0.4072, lr: 3.753369673244687e-05
2026-08-11 18:54:49 - val epoch: 269, loss: 0.9632
2026-08-11 18:54:51 - train: epoch 270, iter:0, loss: 0.3989, lr: 3.5854637045255115e-05
2026-08-11 18:54:53 - train: epoch 270, iter:20, loss: 0.4061, lr: 3.5854637045255115e-05
2026-08-11 18:55:13 - val epoch: 270, loss: 0.9571, miou: 0.778206803904973, f1_or_dsc: 0.8752714275932556, accuracy: 0.9399372516292157,                 specificity: 0.9637979680106308, sensitivity: 0.8657732429213619, confusion_matrix: [[38613117  1450380]
 [ 1730128 11159463]]
2026-08-11 18:55:15 - train: epoch 271, iter:0, loss: 0.4006, lr: 3.422702443389897e-05
2026-08-11 18:55:17 - train: epoch 271, iter:20, loss: 0.4080, lr: 3.422702443389897e-05
2026-08-11 18:55:34 - val epoch: 271, loss: 0.9589
2026-08-11 18:55:36 - train: epoch 272, iter:0, loss: 0.4438, lr: 3.265103738444294e-05
2026-08-11 18:55:38 - train: epoch 272, iter:20, loss: 0.4056, lr: 3.265103738444294e-05
2026-08-11 18:55:55 - val epoch: 272, loss: 0.9543
2026-08-11 18:55:56 - train: epoch 273, iter:0, loss: 0.4788, lr: 3.112684872162669e-05
2026-08-11 18:55:58 - train: epoch 273, iter:20, loss: 0.4048, lr: 3.112684872162669e-05
2026-08-11 18:56:15 - val epoch: 273, loss: 0.9563
2026-08-11 18:56:17 - train: epoch 274, iter:0, loss: 0.3995, lr: 2.9654625589913163e-05
2026-08-11 18:56:19 - train: epoch 274, iter:20, loss: 0.4020, lr: 2.9654625589913163e-05
2026-08-11 18:56:35 - val epoch: 274, loss: 0.9571
2026-08-11 18:56:37 - train: epoch 275, iter:0, loss: 0.4059, lr: 2.823452943515922e-05
2026-08-11 18:56:39 - train: epoch 275, iter:20, loss: 0.4007, lr: 2.823452943515922e-05
2026-08-11 18:56:56 - val epoch: 275, loss: 0.9507
2026-08-11 18:56:57 - train: epoch 276, iter:0, loss: 0.3887, lr: 2.6866715986911168e-05
2026-08-11 18:57:00 - train: epoch 276, iter:20, loss: 0.4099, lr: 2.6866715986911168e-05
2026-08-11 18:57:15 - val epoch: 276, loss: 0.9647
2026-08-11 18:57:17 - train: epoch 277, iter:0, loss: 0.3569, lr: 2.5551335241327604e-05
2026-08-11 18:57:19 - train: epoch 277, iter:20, loss: 0.4027, lr: 2.5551335241327604e-05
2026-08-11 18:57:35 - val epoch: 277, loss: 0.9483
2026-08-11 18:57:38 - train: epoch 278, iter:0, loss: 0.4254, lr: 2.4288531444730185e-05
2026-08-11 18:57:40 - train: epoch 278, iter:20, loss: 0.4119, lr: 2.4288531444730185e-05
2026-08-11 18:57:56 - val epoch: 278, loss: 0.9594
2026-08-11 18:57:58 - train: epoch 279, iter:0, loss: 0.4314, lr: 2.3078443077785645e-05
2026-08-11 18:58:00 - train: epoch 279, iter:20, loss: 0.4001, lr: 2.3078443077785645e-05
2026-08-11 18:58:16 - val epoch: 279, loss: 0.9679
2026-08-11 18:58:18 - train: epoch 280, iter:0, loss: 0.3795, lr: 2.1921202840320064e-05
2026-08-11 18:58:20 - train: epoch 280, iter:20, loss: 0.4084, lr: 2.1921202840320064e-05
2026-08-11 18:58:37 - val epoch: 280, loss: 0.9625
2026-08-11 18:58:38 - train: epoch 281, iter:0, loss: 0.3405, lr: 2.081693763676623e-05
2026-08-11 18:58:41 - train: epoch 281, iter:20, loss: 0.3985, lr: 2.081693763676623e-05
2026-08-11 18:58:57 - val epoch: 281, loss: 0.9571
2026-08-11 18:58:59 - train: epoch 282, iter:0, loss: 0.3966, lr: 1.9765768562247723e-05
2026-08-11 18:59:01 - train: epoch 282, iter:20, loss: 0.4038, lr: 1.9765768562247723e-05
2026-08-11 18:59:17 - val epoch: 282, loss: 0.9550
2026-08-11 18:59:19 - train: epoch 283, iter:0, loss: 0.3662, lr: 1.876781088929913e-05
2026-08-11 18:59:21 - train: epoch 283, iter:20, loss: 0.4024, lr: 1.876781088929913e-05
2026-08-11 18:59:38 - val epoch: 283, loss: 0.9517
2026-08-11 18:59:39 - train: epoch 284, iter:0, loss: 0.3651, lr: 1.7823174055225262e-05
2026-08-11 18:59:41 - train: epoch 284, iter:20, loss: 0.3909, lr: 1.7823174055225262e-05
2026-08-11 18:59:58 - val epoch: 284, loss: 0.9542
2026-08-11 19:00:00 - train: epoch 285, iter:0, loss: 0.4096, lr: 1.693196165010003e-05
2026-08-11 19:00:02 - train: epoch 285, iter:20, loss: 0.3949, lr: 1.693196165010003e-05
2026-08-11 19:00:18 - val epoch: 285, loss: 0.9616
2026-08-11 19:00:20 - train: epoch 286, iter:0, loss: 0.3357, lr: 1.6094271405406855e-05
2026-08-11 19:00:22 - train: epoch 286, iter:20, loss: 0.3991, lr: 1.6094271405406855e-05
2026-08-11 19:00:39 - val epoch: 286, loss: 0.9570
2026-08-11 19:00:40 - train: epoch 287, iter:0, loss: 0.3790, lr: 1.5310195183320773e-05
2026-08-11 19:00:43 - train: epoch 287, iter:20, loss: 0.4103, lr: 1.5310195183320773e-05
2026-08-11 19:00:59 - val epoch: 287, loss: 0.9613
2026-08-11 19:01:01 - train: epoch 288, iter:0, loss: 0.4157, lr: 1.4579818966635417e-05
2026-08-11 19:01:03 - train: epoch 288, iter:20, loss: 0.4002, lr: 1.4579818966635417e-05
2026-08-11 19:01:19 - val epoch: 288, loss: 0.9632
2026-08-11 19:01:21 - train: epoch 289, iter:0, loss: 0.3823, lr: 1.3903222849333505e-05
2026-08-11 19:01:23 - train: epoch 289, iter:20, loss: 0.4005, lr: 1.3903222849333505e-05
2026-08-11 19:01:40 - val epoch: 289, loss: 0.9575
2026-08-11 19:01:41 - train: epoch 290, iter:0, loss: 0.4079, lr: 1.3280481027803759e-05
2026-08-11 19:01:44 - train: epoch 290, iter:20, loss: 0.4025, lr: 1.3280481027803759e-05
2026-08-11 19:02:00 - val epoch: 290, loss: 0.9580
2026-08-11 19:02:02 - train: epoch 291, iter:0, loss: 0.4760, lr: 1.271166179270472e-05
2026-08-11 19:02:04 - train: epoch 291, iter:20, loss: 0.4100, lr: 1.271166179270472e-05
2026-08-11 19:02:20 - val epoch: 291, loss: 0.9588
2026-08-11 19:02:23 - train: epoch 292, iter:0, loss: 0.3955, lr: 1.21968275214754e-05
2026-08-11 19:02:24 - train: epoch 292, iter:20, loss: 0.4071, lr: 1.21968275214754e-05
2026-08-11 19:02:41 - val epoch: 292, loss: 0.9568
2026-08-11 19:02:43 - train: epoch 293, iter:0, loss: 0.3339, lr: 1.1736034671495336e-05
2026-08-11 19:02:45 - train: epoch 293, iter:20, loss: 0.3949, lr: 1.1736034671495336e-05
2026-08-11 19:03:01 - val epoch: 293, loss: 0.9544
2026-08-11 19:03:03 - train: epoch 294, iter:0, loss: 0.4039, lr: 1.1329333773893242e-05
2026-08-11 19:03:05 - train: epoch 294, iter:20, loss: 0.4126, lr: 1.1329333773893242e-05
2026-08-11 19:03:22 - val epoch: 294, loss: 0.9613
2026-08-11 19:03:23 - train: epoch 295, iter:0, loss: 0.4400, lr: 1.0976769428005577e-05
2026-08-11 19:03:26 - train: epoch 295, iter:20, loss: 0.4098, lr: 1.0976769428005577e-05
2026-08-11 19:03:42 - val epoch: 295, loss: 0.9588
2026-08-11 19:03:44 - train: epoch 296, iter:0, loss: 0.3587, lr: 1.0678380296485951e-05
2026-08-11 19:03:46 - train: epoch 296, iter:20, loss: 0.4041, lr: 1.0678380296485951e-05
2026-08-11 19:04:02 - val epoch: 296, loss: 0.9579
2026-08-11 19:04:04 - train: epoch 297, iter:0, loss: 0.4398, lr: 1.04341991010651e-05
2026-08-11 19:04:06 - train: epoch 297, iter:20, loss: 0.3964, lr: 1.04341991010651e-05
2026-08-11 19:04:23 - val epoch: 297, loss: 0.9583
2026-08-11 19:04:25 - train: epoch 298, iter:0, loss: 0.3581, lr: 1.0244252618962858e-05
2026-08-11 19:04:27 - train: epoch 298, iter:20, loss: 0.3971, lr: 1.0244252618962858e-05
2026-08-11 19:04:43 - val epoch: 298, loss: 0.9578
2026-08-11 19:04:45 - train: epoch 299, iter:0, loss: 0.4374, lr: 1.0108561679951479e-05
2026-08-11 19:04:47 - train: epoch 299, iter:20, loss: 0.4048, lr: 1.0108561679951479e-05
2026-08-11 19:05:04 - val epoch: 299, loss: 0.9559
2026-08-11 19:05:06 - train: epoch 300, iter:0, loss: 0.4515, lr: 1.002714116407149e-05
2026-08-11 19:05:08 - train: epoch 300, iter:20, loss: 0.4073, lr: 1.002714116407149e-05
2026-08-11 19:05:28 - val epoch: 300, loss: 0.9631, miou: 0.7795361749868854, f1_or_dsc: 0.8761116362162521, accuracy: 0.9407695543647993,                 specificity: 0.9666295231292465, sensitivity: 0.8603914585032217, confusion_matrix: [[38726559  1336938]
 [ 1799497 11090094]]
2026-08-11 19:05:49 - test of best model, loss: 0.7935,miou: 0.7954650677393648, f1_or_dsc: 0.8860824774952814, accuracy: 0.944019600896552,                 specificity: 0.9599770584180407, sensitivity: 0.8944205444532725, confusion_matrix: [[38460038  1603459]
 [ 1360876 11528715]]
