2026-08-11 13:32:25 - #----------Config info----------#
2026-08-11 13:32:25 - network: ege_wave_unet,
2026-08-11 13:32:25 - model_config: {'num_classes': 1, 'input_channels': 3, 'c_list': [8, 16, 24, 32, 48, 64], 'bridge': True, 'gt_ds': True},
2026-08-11 13:32:25 - datasets: isic18,
2026-08-11 13:32:25 - data_path: ./data/isic2018/,
2026-08-11 13:32:25 - criterion: GT_BceDiceLoss(
  (bcedice): BceDiceLoss(
    (bce): BCELoss(
      (bceloss): BCELoss()
    )
    (dice): DiceLoss()
  )
),
2026-08-11 13:32:25 - num_classes: 1,
2026-08-11 13:32:25 - input_size_h: 256,
2026-08-11 13:32:25 - input_size_w: 256,
2026-08-11 13:32:25 - input_channels: 3,
2026-08-11 13:32:25 - distributed: False,
2026-08-11 13:32:25 - local_rank: -1,
2026-08-11 13:32:25 - num_workers: 8,
2026-08-11 13:32:25 - seed: 42,
2026-08-11 13:32:25 - world_size: None,
2026-08-11 13:32:25 - rank: None,
2026-08-11 13:32:25 - amp: False,
2026-08-11 13:32:25 - gpu_id: 0,
2026-08-11 13:32:25 - batch_size: 64,
2026-08-11 13:32:25 - epochs: 300,
2026-08-11 13:32:25 - gradient_accumulation_steps: 1,
2026-08-11 13:32:25 - work_dir: results/ege_wave_unet_isic18_Tuesday_11_August_2026_13h_32m_25s/,
2026-08-11 13:32:25 - print_interval: 20,
2026-08-11 13:32:25 - val_interval: 30,
2026-08-11 13:32:25 - save_interval: 100,
2026-08-11 13:32:25 - threshold: 0.5,
2026-08-11 13:32:25 - lambda_edge: 0.2,
2026-08-11 13:32:25 - edge_warmup_epochs: 20,
2026-08-11 13:32:25 - lambda_router: 0.2,
2026-08-11 13:32:25 - lambda_aux: 0.2,
2026-08-11 13:32:25 - token_size: 8,
2026-08-11 13:32:25 - halting_schedule: {'warmup_epochs': 20, 'transition_end_epoch': 40, 'warmup_keep_ratio': 1.0, 'transition_keep_ratio': 0.4, 'final_min_keep_ratio': 0.15, 'threshold': 0.5},
2026-08-11 13:32:25 - train_transformer: Compose(
    <utils.myNormalize object at 0x7f4d8e3dc130>
    <utils.myToTensor object at 0x7f4d8e3dc190>
    <utils.myRandomHorizontalFlip object at 0x7f4d8e3dc1c0>
    <utils.myRandomVerticalFlip object at 0x7f4d8e3dc220>
    <utils.myRandomRotation object at 0x7f4d8e3dc280>
    <utils.myResize object at 0x7f4d8e3dc2e0>
),
2026-08-11 13:32:25 - test_transformer: Compose(
    <utils.myNormalize object at 0x7f4d8e3dff10>
    <utils.myToTensor object at 0x7f4d8e3dfeb0>
    <utils.myResize object at 0x7f4d8e3dfe80>
),
2026-08-11 13:32:25 - opt: AdamW,
2026-08-11 13:32:25 - lr: 0.001,
2026-08-11 13:32:25 - betas: (0.9, 0.999),
2026-08-11 13:32:25 - eps: 1e-08,
2026-08-11 13:32:25 - weight_decay: 0.01,
2026-08-11 13:32:25 - amsgrad: False,
2026-08-11 13:32:25 - sch: CosineAnnealingLR,
2026-08-11 13:32:25 - T_max: 300,
2026-08-11 13:32:25 - eta_min: 1e-05,
2026-08-11 13:32:25 - last_epoch: -1,
2026-08-11 13:32:30 - train: epoch 1, iter:0, loss: 5.4996, lr: 0.001
2026-08-11 13:32:32 - train: epoch 1, iter:20, loss: 3.0490, lr: 0.001
2026-08-11 13:32:47 - val epoch: 1, loss: 1.7981
2026-08-11 13:32:49 - train: epoch 2, iter:0, loss: 1.8580, lr: 0.0009999728588359286
2026-08-11 13:32:51 - train: epoch 2, iter:20, loss: 1.6395, lr: 0.0009999728588359286
2026-08-11 13:33:09 - val epoch: 2, loss: 1.5370
2026-08-11 13:33:11 - train: epoch 3, iter:0, loss: 1.3630, lr: 0.0009998914383200486
2026-08-11 13:33:13 - train: epoch 3, iter:20, loss: 1.4234, lr: 0.0009998914383200486
2026-08-11 13:33:28 - val epoch: 3, loss: 1.3488
2026-08-11 13:33:30 - train: epoch 4, iter:0, loss: 1.4612, lr: 0.0009997557473810372
2026-08-11 13:33:32 - train: epoch 4, iter:20, loss: 1.2888, lr: 0.0009997557473810372
2026-08-11 13:33:51 - val epoch: 4, loss: 1.2354
2026-08-11 13:33:53 - train: epoch 5, iter:0, loss: 1.2468, lr: 0.000999565800898935
2026-08-11 13:33:55 - train: epoch 5, iter:20, loss: 1.2458, lr: 0.000999565800898935
2026-08-11 13:34:10 - val epoch: 5, loss: 1.2042
2026-08-11 13:34:12 - train: epoch 6, iter:0, loss: 1.3668, lr: 0.0009993216197035143
2026-08-11 13:34:14 - train: epoch 6, iter:20, loss: 1.1886, lr: 0.0009993216197035143
2026-08-11 13:34:33 - val epoch: 6, loss: 1.2337
2026-08-11 13:34:35 - train: epoch 7, iter:0, loss: 1.1096, lr: 0.0009990232305719946
2026-08-11 13:34:37 - train: epoch 7, iter:20, loss: 1.0846, lr: 0.0009990232305719946
2026-08-11 13:34:52 - val epoch: 7, loss: 1.1269
2026-08-11 13:34:54 - train: epoch 8, iter:0, loss: 1.0830, lr: 0.0009986706662261067
2026-08-11 13:34:56 - train: epoch 8, iter:20, loss: 1.0291, lr: 0.0009986706662261067
2026-08-11 13:35:15 - val epoch: 8, loss: 1.1414
2026-08-11 13:35:17 - train: epoch 9, iter:0, loss: 1.0052, lr: 0.0009982639653285047
2026-08-11 13:35:19 - train: epoch 9, iter:20, loss: 1.0260, lr: 0.0009982639653285047
2026-08-11 13:35:34 - val epoch: 9, loss: 1.0770
2026-08-11 13:35:36 - train: epoch 10, iter:0, loss: 0.9942, lr: 0.0009978031724785245
2026-08-11 13:35:38 - train: epoch 10, iter:20, loss: 1.0478, lr: 0.0009978031724785245
2026-08-11 13:35:57 - val epoch: 10, loss: 1.0822
2026-08-11 13:35:59 - train: epoch 11, iter:0, loss: 1.0890, lr: 0.0009972883382072953
2026-08-11 13:36:01 - train: epoch 11, iter:20, loss: 0.9792, lr: 0.0009972883382072953
2026-08-11 13:36:16 - val epoch: 11, loss: 1.0929
2026-08-11 13:36:18 - train: epoch 12, iter:0, loss: 0.9476, lr: 0.0009967195189721962
2026-08-11 13:36:20 - train: epoch 12, iter:20, loss: 0.9510, lr: 0.0009967195189721962
2026-08-11 13:36:39 - val epoch: 12, loss: 1.0486
2026-08-11 13:36:41 - train: epoch 13, iter:0, loss: 1.0294, lr: 0.0009960967771506667
2026-08-11 13:36:43 - train: epoch 13, iter:20, loss: 0.9693, lr: 0.0009960967771506667
2026-08-11 13:36:59 - val epoch: 13, loss: 1.0365
2026-08-11 13:37:00 - train: epoch 14, iter:0, loss: 0.8891, lr: 0.0009954201810333646
2026-08-11 13:37:02 - train: epoch 14, iter:20, loss: 0.9159, lr: 0.0009954201810333646
2026-08-11 13:37:21 - val epoch: 14, loss: 1.0034
2026-08-11 13:37:23 - train: epoch 15, iter:0, loss: 0.8482, lr: 0.0009946898048166792
2026-08-11 13:37:25 - train: epoch 15, iter:20, loss: 0.8771, lr: 0.0009946898048166792
2026-08-11 13:37:41 - val epoch: 15, loss: 1.0210
2026-08-11 13:37:43 - train: epoch 16, iter:0, loss: 0.9674, lr: 0.000993905728594593
2026-08-11 13:37:46 - train: epoch 16, iter:20, loss: 0.9077, lr: 0.000993905728594593
2026-08-11 13:38:14 - val epoch: 16, loss: 1.0149
2026-08-11 13:38:16 - train: epoch 17, iter:0, loss: 0.8424, lr: 0.0009930680383498998
2026-08-11 13:38:18 - train: epoch 17, iter:20, loss: 0.9289, lr: 0.0009930680383498998
2026-08-11 13:38:46 - val epoch: 17, loss: 0.9802
2026-08-11 13:38:49 - train: epoch 18, iter:0, loss: 0.7267, lr: 0.0009921768259447744
2026-08-11 13:38:52 - train: epoch 18, iter:20, loss: 0.8454, lr: 0.0009921768259447744
2026-08-11 13:39:18 - val epoch: 18, loss: 0.9850
2026-08-11 13:39:21 - train: epoch 19, iter:0, loss: 0.7548, lr: 0.0009912321891107007
2026-08-11 13:39:24 - train: epoch 19, iter:20, loss: 0.8726, lr: 0.0009912321891107007
2026-08-11 13:39:49 - val epoch: 19, loss: 0.9913
2026-08-11 13:39:50 - train: epoch 20, iter:0, loss: 0.9255, lr: 0.0009902342314377522
2026-08-11 13:39:53 - train: epoch 20, iter:20, loss: 0.8604, lr: 0.0009902342314377522
2026-08-11 13:40:23 - val epoch: 20, loss: 1.0464
2026-08-11 13:40:43 - train: epoch 21, iter:0, loss: 0.9189, lr: 0.0009891830623632338
2026-08-11 13:40:48 - train: epoch 21, iter:20, loss: 0.8684, lr: 0.0009891830623632338
2026-08-11 13:41:13 - val epoch: 21, loss: 1.0107
2026-08-11 13:41:15 - train: epoch 22, iter:0, loss: 0.9247, lr: 0.00098807879715968
2026-08-11 13:41:17 - train: epoch 22, iter:20, loss: 0.8273, lr: 0.00098807879715968
2026-08-11 13:42:11 - val epoch: 22, loss: 0.9954
2026-08-11 13:42:13 - train: epoch 23, iter:0, loss: 0.7095, lr: 0.0009869215569222143
2026-08-11 13:42:15 - train: epoch 23, iter:20, loss: 0.8663, lr: 0.0009869215569222143
2026-08-11 13:42:32 - val epoch: 23, loss: 0.9620
2026-08-11 13:42:34 - train: epoch 24, iter:0, loss: 0.7916, lr: 0.0009857114685552697
2026-08-11 13:42:36 - train: epoch 24, iter:20, loss: 0.8654, lr: 0.0009857114685552697
2026-08-11 13:42:51 - val epoch: 24, loss: 0.9484
2026-08-11 13:42:53 - train: epoch 25, iter:0, loss: 0.7098, lr: 0.0009844486647586721
2026-08-11 13:42:55 - train: epoch 25, iter:20, loss: 0.8601, lr: 0.0009844486647586721
2026-08-11 13:43:13 - val epoch: 25, loss: 0.9687
2026-08-11 13:43:14 - train: epoch 26, iter:0, loss: 0.7825, lr: 0.0009831332840130884
2026-08-11 13:43:16 - train: epoch 26, iter:20, loss: 0.7801, lr: 0.0009831332840130884
2026-08-11 13:43:32 - val epoch: 26, loss: 0.9390
2026-08-11 13:43:33 - train: epoch 27, iter:0, loss: 0.7117, lr: 0.0009817654705648405
2026-08-11 13:43:35 - train: epoch 27, iter:20, loss: 0.8155, lr: 0.0009817654705648405
2026-08-11 13:43:54 - val epoch: 27, loss: 0.9183
2026-08-11 13:43:56 - train: epoch 28, iter:0, loss: 0.7477, lr: 0.0009803453744100864
2026-08-11 13:43:58 - train: epoch 28, iter:20, loss: 0.8104, lr: 0.0009803453744100864
2026-08-11 13:44:13 - val epoch: 28, loss: 1.0371
2026-08-11 13:44:15 - train: epoch 29, iter:0, loss: 0.7243, lr: 0.0009788731512783728
2026-08-11 13:44:17 - train: epoch 29, iter:20, loss: 0.8447, lr: 0.0009788731512783728
2026-08-11 13:44:36 - val epoch: 29, loss: 0.9089
2026-08-11 13:44:38 - train: epoch 30, iter:0, loss: 0.9662, lr: 0.0009773489626155566
2026-08-11 13:44:40 - train: epoch 30, iter:20, loss: 0.8462, lr: 0.0009773489626155566
2026-08-11 13:44:59 - val epoch: 30, loss: 0.9288, miou: 0.7725809708869674, f1_or_dsc: 0.8717017541944861, accuracy: 0.9367327737336112,                 specificity: 0.9540283765044275, sensitivity: 0.8829744869329058, confusion_matrix: [[38221713  1841784]
 [ 1508411 11381180]]
2026-08-11 13:45:01 - train: epoch 31, iter:0, loss: 0.9910, lr: 0.0009757729755661006
2026-08-11 13:45:03 - train: epoch 31, iter:20, loss: 0.7806, lr: 0.0009757729755661006
2026-08-11 13:45:20 - val epoch: 31, loss: 0.9306
2026-08-11 13:45:22 - train: epoch 32, iter:0, loss: 0.7487, lr: 0.0009741453629547445
2026-08-11 13:45:24 - train: epoch 32, iter:20, loss: 0.8130, lr: 0.0009741453629547445
2026-08-11 13:45:39 - val epoch: 32, loss: 0.9535
2026-08-11 13:45:41 - train: epoch 33, iter:0, loss: 0.8241, lr: 0.0009724663032675527
2026-08-11 13:45:43 - train: epoch 33, iter:20, loss: 0.7883, lr: 0.0009724663032675527
2026-08-11 13:46:01 - val epoch: 33, loss: 1.0504
2026-08-11 13:46:03 - train: epoch 34, iter:0, loss: 0.8143, lr: 0.0009707359806323412
2026-08-11 13:46:05 - train: epoch 34, iter:20, loss: 0.7843, lr: 0.0009707359806323412
2026-08-11 13:46:21 - val epoch: 34, loss: 0.8825
2026-08-11 13:46:22 - train: epoch 35, iter:0, loss: 0.7147, lr: 0.0009689545847984858
2026-08-11 13:46:24 - train: epoch 35, iter:20, loss: 0.8293, lr: 0.0009689545847984858
2026-08-11 13:46:43 - val epoch: 35, loss: 0.9313
2026-08-11 13:46:44 - train: epoch 36, iter:0, loss: 0.8077, lr: 0.0009671223111161144
2026-08-11 13:46:46 - train: epoch 36, iter:20, loss: 0.7532, lr: 0.0009671223111161144
2026-08-11 13:47:01 - val epoch: 36, loss: 0.8987
2026-08-11 13:47:03 - train: epoch 37, iter:0, loss: 0.8101, lr: 0.000965239360514684
2026-08-11 13:47:05 - train: epoch 37, iter:20, loss: 0.7386, lr: 0.000965239360514684
2026-08-11 13:47:23 - val epoch: 37, loss: 0.9076
2026-08-11 13:47:25 - train: epoch 38, iter:0, loss: 0.8013, lr: 0.000963305939480947
2026-08-11 13:47:27 - train: epoch 38, iter:20, loss: 0.8002, lr: 0.000963305939480947
2026-08-11 13:47:42 - val epoch: 38, loss: 0.9402
2026-08-11 13:47:44 - train: epoch 39, iter:0, loss: 0.6341, lr: 0.0009613222600363074
2026-08-11 13:47:46 - train: epoch 39, iter:20, loss: 0.7689, lr: 0.0009613222600363074
2026-08-11 13:48:04 - val epoch: 39, loss: 0.9163
2026-08-11 13:48:06 - train: epoch 40, iter:0, loss: 0.6017, lr: 0.0009592885397135703
2026-08-11 13:48:08 - train: epoch 40, iter:20, loss: 0.7309, lr: 0.0009592885397135703
2026-08-11 13:48:23 - val epoch: 40, loss: 0.8818
2026-08-11 13:48:24 - train: epoch 41, iter:0, loss: 0.5714, lr: 0.0009572050015330871
2026-08-11 13:48:27 - train: epoch 41, iter:20, loss: 0.7542, lr: 0.0009572050015330871
2026-08-11 13:48:45 - val epoch: 41, loss: 1.0140
2026-08-11 13:48:47 - train: epoch 42, iter:0, loss: 0.7693, lr: 0.0009550718739782986
2026-08-11 13:48:49 - train: epoch 42, iter:20, loss: 0.7707, lr: 0.0009550718739782986
2026-08-11 13:49:04 - val epoch: 42, loss: 0.9714
2026-08-11 13:49:06 - train: epoch 43, iter:0, loss: 0.6249, lr: 0.0009528893909706794
2026-08-11 13:49:08 - train: epoch 43, iter:20, loss: 0.7368, lr: 0.0009528893909706794
2026-08-11 13:49:27 - val epoch: 43, loss: 0.9172
2026-08-11 13:49:29 - train: epoch 44, iter:0, loss: 0.6162, lr: 0.0009506577918440856
2026-08-11 13:49:31 - train: epoch 44, iter:20, loss: 0.6777, lr: 0.0009506577918440856
2026-08-11 13:49:46 - val epoch: 44, loss: 0.8741
2026-08-11 13:49:47 - train: epoch 45, iter:0, loss: 0.5634, lr: 0.000948377321318509
2026-08-11 13:49:50 - train: epoch 45, iter:20, loss: 0.7329, lr: 0.000948377321318509
2026-08-11 13:50:08 - val epoch: 45, loss: 0.8993
2026-08-11 13:50:09 - train: epoch 46, iter:0, loss: 0.8973, lr: 0.0009460482294732416
2026-08-11 13:50:11 - train: epoch 46, iter:20, loss: 0.7042, lr: 0.0009460482294732416
2026-08-11 13:50:27 - val epoch: 46, loss: 0.9264
2026-08-11 13:50:28 - train: epoch 47, iter:0, loss: 0.7905, lr: 0.0009436707717194508
2026-08-11 13:50:30 - train: epoch 47, iter:20, loss: 0.7034, lr: 0.0009436707717194508
2026-08-11 13:50:48 - val epoch: 47, loss: 0.9341
2026-08-11 13:50:50 - train: epoch 48, iter:0, loss: 0.7093, lr: 0.0009412452087721706
2026-08-11 13:50:52 - train: epoch 48, iter:20, loss: 0.7746, lr: 0.0009412452087721706
2026-08-11 13:51:08 - val epoch: 48, loss: 0.9490
2026-08-11 13:51:10 - train: epoch 49, iter:0, loss: 0.6103, lr: 0.000938771806621712
2026-08-11 13:51:12 - train: epoch 49, iter:20, loss: 0.7326, lr: 0.000938771806621712
2026-08-11 13:51:29 - val epoch: 49, loss: 0.9369
2026-08-11 13:51:31 - train: epoch 50, iter:0, loss: 0.6818, lr: 0.0009362508365044934
2026-08-11 13:51:33 - train: epoch 50, iter:20, loss: 0.6638, lr: 0.0009362508365044934
2026-08-11 13:51:49 - val epoch: 50, loss: 0.8773
2026-08-11 13:51:50 - train: epoch 51, iter:0, loss: 0.7628, lr: 0.0009336825748732968
2026-08-11 13:51:52 - train: epoch 51, iter:20, loss: 0.6847, lr: 0.0009336825748732968
2026-08-11 13:52:10 - val epoch: 51, loss: 0.9126
2026-08-11 13:52:12 - train: epoch 52, iter:0, loss: 0.5813, lr: 0.0009310673033669517
2026-08-11 13:52:14 - train: epoch 52, iter:20, loss: 0.7276, lr: 0.0009310673033669517
2026-08-11 13:52:29 - val epoch: 52, loss: 0.8845
2026-08-11 13:52:31 - train: epoch 53, iter:0, loss: 0.7931, lr: 0.0009284053087794505
2026-08-11 13:52:33 - train: epoch 53, iter:20, loss: 0.7120, lr: 0.0009284053087794505
2026-08-11 13:52:51 - val epoch: 53, loss: 0.8802
2026-08-11 13:52:53 - train: epoch 54, iter:0, loss: 0.9183, lr: 0.0009256968830284974
2026-08-11 13:52:55 - train: epoch 54, iter:20, loss: 0.6705, lr: 0.0009256968830284974
2026-08-11 13:53:10 - val epoch: 54, loss: 0.9069
2026-08-11 13:53:12 - train: epoch 55, iter:0, loss: 0.6571, lr: 0.0009229423231234972
2026-08-11 13:53:14 - train: epoch 55, iter:20, loss: 0.6577, lr: 0.0009229423231234972
2026-08-11 13:53:32 - val epoch: 55, loss: 0.9623
2026-08-11 13:53:33 - train: epoch 56, iter:0, loss: 0.6272, lr: 0.0009201419311329846
2026-08-11 13:53:35 - train: epoch 56, iter:20, loss: 0.6707, lr: 0.0009201419311329846
2026-08-11 13:53:51 - val epoch: 56, loss: 0.9004
2026-08-11 13:53:53 - train: epoch 57, iter:0, loss: 0.7461, lr: 0.0009172960141514989
2026-08-11 13:53:55 - train: epoch 57, iter:20, loss: 0.6625, lr: 0.0009172960141514989
2026-08-11 13:54:14 - val epoch: 57, loss: 0.9283
2026-08-11 13:54:15 - train: epoch 58, iter:0, loss: 1.0077, lr: 0.0009144048842659077
2026-08-11 13:54:17 - train: epoch 58, iter:20, loss: 0.6626, lr: 0.0009144048842659077
2026-08-11 13:54:33 - val epoch: 58, loss: 0.8703
2026-08-11 13:54:34 - train: epoch 59, iter:0, loss: 0.5973, lr: 0.0009114688585211832
2026-08-11 13:54:36 - train: epoch 59, iter:20, loss: 0.6552, lr: 0.0009114688585211832
2026-08-11 13:54:52 - val epoch: 59, loss: 0.8830
2026-08-11 13:54:53 - train: epoch 60, iter:0, loss: 0.9060, lr: 0.0009084882588856339
2026-08-11 13:54:55 - train: epoch 60, iter:20, loss: 0.6615, lr: 0.0009084882588856339
2026-08-11 13:55:14 - val epoch: 60, loss: 0.9131, miou: 0.761446466336596, f1_or_dsc: 0.8645695238416524, accuracy: 0.9310100479881362,                 specificity: 0.9394835153805969, sensitivity: 0.9046727704548577, confusion_matrix: [[37638995  2424502]
 [ 1228729 11660862]]
2026-08-11 13:55:16 - train: epoch 61, iter:0, loss: 0.6388, lr: 0.0009054634122155986
2026-08-11 13:55:18 - train: epoch 61, iter:20, loss: 0.6729, lr: 0.0009054634122155986
2026-08-11 13:55:34 - val epoch: 61, loss: 0.9067
2026-08-11 13:55:35 - train: epoch 62, iter:0, loss: 0.7217, lr: 0.0009023946502196013
2026-08-11 13:55:37 - train: epoch 62, iter:20, loss: 0.6566, lr: 0.0009023946502196013
2026-08-11 13:55:53 - val epoch: 62, loss: 0.9703
2026-08-11 13:55:54 - train: epoch 63, iter:0, loss: 0.6392, lr: 0.0008992823094219767
2026-08-11 13:55:56 - train: epoch 63, iter:20, loss: 0.6558, lr: 0.0008992823094219767
2026-08-11 13:56:12 - val epoch: 63, loss: 0.8625
2026-08-11 13:56:14 - train: epoch 64, iter:0, loss: 0.6406, lr: 0.0008961267311259662
2026-08-11 13:56:16 - train: epoch 64, iter:20, loss: 0.6508, lr: 0.0008961267311259662
2026-08-11 13:56:31 - val epoch: 64, loss: 0.8553
2026-08-11 13:56:33 - train: epoch 65, iter:0, loss: 0.6248, lr: 0.0008929282613762903
2026-08-11 13:56:35 - train: epoch 65, iter:20, loss: 0.6401, lr: 0.0008929282613762903
2026-08-11 13:56:51 - val epoch: 65, loss: 0.8722
2026-08-11 13:56:53 - train: epoch 66, iter:0, loss: 0.6320, lr: 0.0008896872509212002
2026-08-11 13:56:55 - train: epoch 66, iter:20, loss: 0.6790, lr: 0.0008896872509212002
2026-08-11 13:57:10 - val epoch: 66, loss: 0.8893
2026-08-11 13:57:12 - train: epoch 67, iter:0, loss: 0.5479, lr: 0.0008864040551740152
2026-08-11 13:57:14 - train: epoch 67, iter:20, loss: 0.6491, lr: 0.0008864040551740152
2026-08-11 13:57:29 - val epoch: 67, loss: 0.9194
2026-08-11 13:57:31 - train: epoch 68, iter:0, loss: 0.8065, lr: 0.0008830790341741476
2026-08-11 13:57:33 - train: epoch 68, iter:20, loss: 0.7235, lr: 0.0008830790341741476
2026-08-11 13:57:48 - val epoch: 68, loss: 0.9299
2026-08-11 13:57:50 - train: epoch 69, iter:0, loss: 0.5838, lr: 0.000879712552547619
2026-08-11 13:57:52 - train: epoch 69, iter:20, loss: 0.6362, lr: 0.000879712552547619
2026-08-11 13:58:07 - val epoch: 69, loss: 0.8866
2026-08-11 13:58:09 - train: epoch 70, iter:0, loss: 0.6433, lr: 0.0008763049794670771
2026-08-11 13:58:11 - train: epoch 70, iter:20, loss: 0.6980, lr: 0.0008763049794670771
2026-08-11 13:58:26 - val epoch: 70, loss: 0.8897
2026-08-11 13:58:28 - train: epoch 71, iter:0, loss: 0.5401, lr: 0.0008728566886113098
2026-08-11 13:58:30 - train: epoch 71, iter:20, loss: 0.6687, lr: 0.0008728566886113098
2026-08-11 13:58:45 - val epoch: 71, loss: 0.8831
2026-08-11 13:58:47 - train: epoch 72, iter:0, loss: 0.6420, lr: 0.000869368058124268
2026-08-11 13:58:49 - train: epoch 72, iter:20, loss: 0.6589, lr: 0.000869368058124268
2026-08-11 13:59:05 - val epoch: 72, loss: 1.0365
2026-08-11 13:59:07 - train: epoch 73, iter:0, loss: 0.6987, lr: 0.0008658394705735983
2026-08-11 13:59:09 - train: epoch 73, iter:20, loss: 0.6515, lr: 0.0008658394705735983
2026-08-11 13:59:24 - val epoch: 73, loss: 0.8877
2026-08-11 13:59:26 - train: epoch 74, iter:0, loss: 0.6364, lr: 0.0008622713129086888
2026-08-11 13:59:28 - train: epoch 74, iter:20, loss: 0.6605, lr: 0.0008622713129086888
2026-08-11 13:59:43 - val epoch: 74, loss: 0.9473
2026-08-11 13:59:45 - train: epoch 75, iter:0, loss: 0.5593, lr: 0.0008586639764182372
2026-08-11 13:59:47 - train: epoch 75, iter:20, loss: 0.6406, lr: 0.0008586639764182372
2026-08-11 14:00:03 - val epoch: 75, loss: 0.9483
2026-08-11 14:00:04 - train: epoch 76, iter:0, loss: 0.7284, lr: 0.0008550178566873405
2026-08-11 14:00:06 - train: epoch 76, iter:20, loss: 0.6690, lr: 0.0008550178566873405
2026-08-11 14:00:21 - val epoch: 76, loss: 0.8726
2026-08-11 14:00:23 - train: epoch 77, iter:0, loss: 0.5973, lr: 0.0008513333535541156
2026-08-11 14:00:25 - train: epoch 77, iter:20, loss: 0.6117, lr: 0.0008513333535541156
2026-08-11 14:00:41 - val epoch: 77, loss: 0.9042
2026-08-11 14:00:42 - train: epoch 78, iter:0, loss: 0.5507, lr: 0.0008476108710658509
2026-08-11 14:00:44 - train: epoch 78, iter:20, loss: 0.6574, lr: 0.0008476108710658509
2026-08-11 14:01:00 - val epoch: 78, loss: 0.8717
2026-08-11 14:01:01 - train: epoch 79, iter:0, loss: 0.6106, lr: 0.0008438508174347005
2026-08-11 14:01:03 - train: epoch 79, iter:20, loss: 0.6516, lr: 0.0008438508174347005
2026-08-11 14:01:19 - val epoch: 79, loss: 0.8884
2026-08-11 14:01:20 - train: epoch 80, iter:0, loss: 0.6097, lr: 0.0008400536049929166
2026-08-11 14:01:22 - train: epoch 80, iter:20, loss: 0.6157, lr: 0.0008400536049929166
2026-08-11 14:01:37 - val epoch: 80, loss: 0.9080
2026-08-11 14:01:39 - train: epoch 81, iter:0, loss: 0.5675, lr: 0.0008362196501476343
2026-08-11 14:01:41 - train: epoch 81, iter:20, loss: 0.6158, lr: 0.0008362196501476343
2026-08-11 14:01:57 - val epoch: 81, loss: 0.8810
2026-08-11 14:01:59 - train: epoch 82, iter:0, loss: 0.6354, lr: 0.0008323493733352072
2026-08-11 14:02:01 - train: epoch 82, iter:20, loss: 0.6068, lr: 0.0008323493733352072
2026-08-11 14:02:17 - val epoch: 82, loss: 0.8660
2026-08-11 14:02:19 - train: epoch 83, iter:0, loss: 0.5906, lr: 0.0008284431989751018
2026-08-11 14:02:21 - train: epoch 83, iter:20, loss: 0.5977, lr: 0.0008284431989751018
2026-08-11 14:02:37 - val epoch: 83, loss: 0.8816
2026-08-11 14:02:39 - train: epoch 84, iter:0, loss: 0.5169, lr: 0.000824501555423355
2026-08-11 14:02:41 - train: epoch 84, iter:20, loss: 0.5906, lr: 0.000824501555423355
2026-08-11 14:02:57 - val epoch: 84, loss: 0.8531
2026-08-11 14:02:58 - train: epoch 85, iter:0, loss: 0.5523, lr: 0.0008205248749256009
2026-08-11 14:03:00 - train: epoch 85, iter:20, loss: 0.6233, lr: 0.0008205248749256009
2026-08-11 14:03:16 - val epoch: 85, loss: 0.8484
2026-08-11 14:03:18 - train: epoch 86, iter:0, loss: 0.6327, lr: 0.000816513593569669
2026-08-11 14:03:20 - train: epoch 86, iter:20, loss: 0.5912, lr: 0.000816513593569669
2026-08-11 14:03:36 - val epoch: 86, loss: 0.8667
2026-08-11 14:03:38 - train: epoch 87, iter:0, loss: 0.5647, lr: 0.0008124681512377632
2026-08-11 14:03:40 - train: epoch 87, iter:20, loss: 0.6496, lr: 0.0008124681512377632
2026-08-11 14:03:55 - val epoch: 87, loss: 0.9857
2026-08-11 14:03:57 - train: epoch 88, iter:0, loss: 0.5429, lr: 0.000808388991558223
2026-08-11 14:03:59 - train: epoch 88, iter:20, loss: 0.6000, lr: 0.000808388991558223
2026-08-11 14:04:15 - val epoch: 88, loss: 1.0385
2026-08-11 14:04:17 - train: epoch 89, iter:0, loss: 0.6241, lr: 0.0008042765618568752
2026-08-11 14:04:19 - train: epoch 89, iter:20, loss: 0.6284, lr: 0.0008042765618568752
2026-08-11 14:04:34 - val epoch: 89, loss: 0.8828
2026-08-11 14:04:36 - train: epoch 90, iter:0, loss: 0.5788, lr: 0.0008001313131079794
2026-08-11 14:04:38 - train: epoch 90, iter:20, loss: 0.5962, lr: 0.0008001313131079794
2026-08-11 14:04:58 - val epoch: 90, loss: 0.8385, miou: 0.7859172355873035, f1_or_dsc: 0.8801272756952285, accuracy: 0.9415886378524327,                 specificity: 0.9611021973443806, sensitivity: 0.8809364858822906, confusion_matrix: [[38505115  1558382]
 [ 1534680 11354911]]
2026-08-11 14:05:00 - train: epoch 91, iter:0, loss: 0.5469, lr: 0.0007959536998847737
2026-08-11 14:05:02 - train: epoch 91, iter:20, loss: 0.5831, lr: 0.0007959536998847737
2026-08-11 14:05:17 - val epoch: 91, loss: 0.8562
2026-08-11 14:05:19 - train: epoch 92, iter:0, loss: 0.4543, lr: 0.0007917441803096255
2026-08-11 14:05:21 - train: epoch 92, iter:20, loss: 0.5963, lr: 0.0007917441803096255
2026-08-11 14:05:37 - val epoch: 92, loss: 0.9221
2026-08-11 14:05:39 - train: epoch 93, iter:0, loss: 0.4967, lr: 0.0007875032160037932
2026-08-11 14:05:41 - train: epoch 93, iter:20, loss: 0.6106, lr: 0.0007875032160037932
2026-08-11 14:05:57 - val epoch: 93, loss: 0.8598
2026-08-11 14:05:59 - train: epoch 94, iter:0, loss: 0.5087, lr: 0.0007832312720368042
2026-08-11 14:06:01 - train: epoch 94, iter:20, loss: 0.6026, lr: 0.0007832312720368042
2026-08-11 14:06:16 - val epoch: 94, loss: 0.8895
2026-08-11 14:06:18 - train: epoch 95, iter:0, loss: 0.5119, lr: 0.0007789288168754548
2026-08-11 14:06:20 - train: epoch 95, iter:20, loss: 0.6242, lr: 0.0007789288168754548
2026-08-11 14:06:36 - val epoch: 95, loss: 0.8282
2026-08-11 14:06:38 - train: epoch 96, iter:0, loss: 0.5602, lr: 0.0007745963223324379
2026-08-11 14:06:40 - train: epoch 96, iter:20, loss: 0.5917, lr: 0.0007745963223324379
2026-08-11 14:06:56 - val epoch: 96, loss: 0.9100
2026-08-11 14:06:58 - train: epoch 97, iter:0, loss: 0.5262, lr: 0.0007702342635146028
2026-08-11 14:07:00 - train: epoch 97, iter:20, loss: 0.5852, lr: 0.0007702342635146028
2026-08-11 14:07:16 - val epoch: 97, loss: 0.8126
2026-08-11 14:07:18 - train: epoch 98, iter:0, loss: 0.5365, lr: 0.000765843118770855
2026-08-11 14:07:20 - train: epoch 98, iter:20, loss: 0.6011, lr: 0.000765843118770855
2026-08-11 14:07:36 - val epoch: 98, loss: 0.8317
2026-08-11 14:07:37 - train: epoch 99, iter:0, loss: 0.5670, lr: 0.0007614233696396991
2026-08-11 14:07:39 - train: epoch 99, iter:20, loss: 0.5984, lr: 0.0007614233696396991
2026-08-11 14:07:56 - val epoch: 99, loss: 0.8356
2026-08-11 14:07:57 - train: epoch 100, iter:0, loss: 0.4869, lr: 0.0007569755007964334
2026-08-11 14:07:59 - train: epoch 100, iter:20, loss: 0.6018, lr: 0.0007569755007964334
2026-08-11 14:08:15 - val epoch: 100, loss: 0.8735
2026-08-11 14:08:17 - train: epoch 101, iter:0, loss: 0.6700, lr: 0.0007524999999999996
2026-08-11 14:08:19 - train: epoch 101, iter:20, loss: 0.5907, lr: 0.0007524999999999996
2026-08-11 14:08:35 - val epoch: 101, loss: 0.8986
2026-08-11 14:08:36 - train: epoch 102, iter:0, loss: 0.5626, lr: 0.0007479973580394943
2026-08-11 14:08:38 - train: epoch 102, iter:20, loss: 0.5779, lr: 0.0007479973580394943
2026-08-11 14:08:54 - val epoch: 102, loss: 0.8578
2026-08-11 14:08:56 - train: epoch 103, iter:0, loss: 0.8536, lr: 0.0007434680686803487
2026-08-11 14:08:57 - train: epoch 103, iter:20, loss: 0.5891, lr: 0.0007434680686803487
2026-08-11 14:09:13 - val epoch: 103, loss: 0.8354
2026-08-11 14:09:14 - train: epoch 104, iter:0, loss: 0.6619, lr: 0.0007389126286101815
2026-08-11 14:09:17 - train: epoch 104, iter:20, loss: 0.5742, lr: 0.0007389126286101815
2026-08-11 14:09:33 - val epoch: 104, loss: 0.8796
2026-08-11 14:09:34 - train: epoch 105, iter:0, loss: 0.4949, lr: 0.0007343315373843313
2026-08-11 14:09:36 - train: epoch 105, iter:20, loss: 0.5818, lr: 0.0007343315373843313
2026-08-11 14:09:52 - val epoch: 105, loss: 0.8236
2026-08-11 14:09:54 - train: epoch 106, iter:0, loss: 0.5267, lr: 0.0007297252973710753
2026-08-11 14:09:56 - train: epoch 106, iter:20, loss: 0.6017, lr: 0.0007297252973710753
2026-08-11 14:10:11 - val epoch: 106, loss: 0.8682
2026-08-11 14:10:13 - train: epoch 107, iter:0, loss: 0.4677, lr: 0.0007250944136965387
2026-08-11 14:10:16 - train: epoch 107, iter:20, loss: 0.5492, lr: 0.0007250944136965387
2026-08-11 14:10:31 - val epoch: 107, loss: 0.8038
2026-08-11 14:10:33 - train: epoch 108, iter:0, loss: 0.4886, lr: 0.0007204393941893019
2026-08-11 14:10:35 - train: epoch 108, iter:20, loss: 0.5847, lr: 0.0007204393941893019
2026-08-11 14:10:51 - val epoch: 108, loss: 0.7917
2026-08-11 14:10:52 - train: epoch 109, iter:0, loss: 0.6077, lr: 0.0007157607493247106
2026-08-11 14:10:54 - train: epoch 109, iter:20, loss: 0.5895, lr: 0.0007157607493247106
2026-08-11 14:11:10 - val epoch: 109, loss: 0.8282
2026-08-11 14:11:12 - train: epoch 110, iter:0, loss: 0.4825, lr: 0.0007110589921688983
2026-08-11 14:11:14 - train: epoch 110, iter:20, loss: 0.5742, lr: 0.0007110589921688983
2026-08-11 14:11:30 - val epoch: 110, loss: 0.8112
2026-08-11 14:11:32 - train: epoch 111, iter:0, loss: 0.6819, lr: 0.0007063346383225208
2026-08-11 14:11:33 - train: epoch 111, iter:20, loss: 0.5834, lr: 0.0007063346383225208
2026-08-11 14:11:49 - val epoch: 111, loss: 0.8492
2026-08-11 14:11:51 - train: epoch 112, iter:0, loss: 0.6599, lr: 0.0007015882058642161
2026-08-11 14:11:53 - train: epoch 112, iter:20, loss: 0.6119, lr: 0.0007015882058642161
2026-08-11 14:12:09 - val epoch: 112, loss: 0.9142
2026-08-11 14:12:11 - train: epoch 113, iter:0, loss: 0.6111, lr: 0.0006968202152937907
2026-08-11 14:12:13 - train: epoch 113, iter:20, loss: 0.5649, lr: 0.0006968202152937907
2026-08-11 14:12:29 - val epoch: 113, loss: 0.7986
2026-08-11 14:12:31 - train: epoch 114, iter:0, loss: 0.5496, lr: 0.000692031189475141
2026-08-11 14:12:32 - train: epoch 114, iter:20, loss: 0.5781, lr: 0.000692031189475141
2026-08-11 14:12:48 - val epoch: 114, loss: 0.8633
2026-08-11 14:12:50 - train: epoch 115, iter:0, loss: 0.5341, lr: 0.0006872216535789155
2026-08-11 14:12:52 - train: epoch 115, iter:20, loss: 0.5696, lr: 0.0006872216535789155
2026-08-11 14:13:08 - val epoch: 115, loss: 0.8199
2026-08-11 14:13:10 - train: epoch 116, iter:0, loss: 0.5997, lr: 0.0006823921350249233
2026-08-11 14:13:12 - train: epoch 116, iter:20, loss: 0.5747, lr: 0.0006823921350249233
2026-08-11 14:13:27 - val epoch: 116, loss: 0.8541
2026-08-11 14:13:29 - train: epoch 117, iter:0, loss: 0.5767, lr: 0.0006775431634242984
2026-08-11 14:13:31 - train: epoch 117, iter:20, loss: 0.5589, lr: 0.0006775431634242984
2026-08-11 14:13:47 - val epoch: 117, loss: 0.8755
2026-08-11 14:13:49 - train: epoch 118, iter:0, loss: 0.5265, lr: 0.0006726752705214191
2026-08-11 14:13:51 - train: epoch 118, iter:20, loss: 0.5869, lr: 0.0006726752705214191
2026-08-11 14:14:06 - val epoch: 118, loss: 0.8463
2026-08-11 14:14:08 - train: epoch 119, iter:0, loss: 0.5508, lr: 0.0006677889901355985
2026-08-11 14:14:10 - train: epoch 119, iter:20, loss: 0.5505, lr: 0.0006677889901355985
2026-08-11 14:14:25 - val epoch: 119, loss: 0.8166
2026-08-11 14:14:27 - train: epoch 120, iter:0, loss: 0.6271, lr: 0.0006628848581025445
2026-08-11 14:14:29 - train: epoch 120, iter:20, loss: 0.5736, lr: 0.0006628848581025445
2026-08-11 14:14:49 - val epoch: 120, loss: 0.8227, miou: 0.7824497521281613, f1_or_dsc: 0.8779487345367835, accuracy: 0.9392899994802947,                 specificity: 0.9528847419385282, sensitivity: 0.8970347468744353, confusion_matrix: [[38175895  1887602]
 [ 1327180 11562411]]
2026-08-11 14:14:50 - train: epoch 121, iter:0, loss: 0.5423, lr: 0.0006579634122155989
2026-08-11 14:14:52 - train: epoch 121, iter:20, loss: 0.5638, lr: 0.0006579634122155989
2026-08-11 14:15:08 - val epoch: 121, loss: 0.8233
2026-08-11 14:15:10 - train: epoch 122, iter:0, loss: 0.5729, lr: 0.0006530251921667629
2026-08-11 14:15:12 - train: epoch 122, iter:20, loss: 0.5570, lr: 0.0006530251921667629
2026-08-11 14:15:27 - val epoch: 122, loss: 0.7867
2026-08-11 14:15:29 - train: epoch 123, iter:0, loss: 0.5862, lr: 0.0006480707394875134
2026-08-11 14:15:31 - train: epoch 123, iter:20, loss: 0.5670, lr: 0.0006480707394875134
2026-08-11 14:15:47 - val epoch: 123, loss: 0.8313
2026-08-11 14:15:49 - train: epoch 124, iter:0, loss: 0.7922, lr: 0.0006431005974894185
2026-08-11 14:15:51 - train: epoch 124, iter:20, loss: 0.5814, lr: 0.0006431005974894185
2026-08-11 14:16:06 - val epoch: 124, loss: 0.8505
2026-08-11 14:16:08 - train: epoch 125, iter:0, loss: 0.5641, lr: 0.0006381153112045565
2026-08-11 14:16:10 - train: epoch 125, iter:20, loss: 0.5534, lr: 0.0006381153112045565
2026-08-11 14:16:26 - val epoch: 125, loss: 0.8346
2026-08-11 14:16:27 - train: epoch 126, iter:0, loss: 0.4401, lr: 0.0006331154273257479
2026-08-11 14:16:29 - train: epoch 126, iter:20, loss: 0.5571, lr: 0.0006331154273257479
2026-08-11 14:16:45 - val epoch: 126, loss: 0.8268
2026-08-11 14:16:47 - train: epoch 127, iter:0, loss: 0.5033, lr: 0.000628101494146603
2026-08-11 14:16:48 - train: epoch 127, iter:20, loss: 0.5572, lr: 0.000628101494146603
2026-08-11 14:17:04 - val epoch: 127, loss: 0.8915
2026-08-11 14:17:06 - train: epoch 128, iter:0, loss: 0.5792, lr: 0.0006230740615013976
2026-08-11 14:17:08 - train: epoch 128, iter:20, loss: 0.5515, lr: 0.0006230740615013976
2026-08-11 14:17:24 - val epoch: 128, loss: 0.8828
2026-08-11 14:17:25 - train: epoch 129, iter:0, loss: 0.4864, lr: 0.0006180336807047746
2026-08-11 14:17:27 - train: epoch 129, iter:20, loss: 0.5383, lr: 0.0006180336807047746
2026-08-11 14:17:43 - val epoch: 129, loss: 0.8228
2026-08-11 14:17:45 - train: epoch 130, iter:0, loss: 0.5254, lr: 0.0006129809044912887
2026-08-11 14:17:47 - train: epoch 130, iter:20, loss: 0.5471, lr: 0.0006129809044912887
2026-08-11 14:18:02 - val epoch: 130, loss: 0.8433
2026-08-11 14:18:04 - train: epoch 131, iter:0, loss: 0.4892, lr: 0.0006079162869547909
2026-08-11 14:18:06 - train: epoch 131, iter:20, loss: 0.5353, lr: 0.0006079162869547909
2026-08-11 14:18:22 - val epoch: 131, loss: 0.8212
2026-08-11 14:18:24 - train: epoch 132, iter:0, loss: 0.4603, lr: 0.0006028403834876673
2026-08-11 14:18:25 - train: epoch 132, iter:20, loss: 0.5434, lr: 0.0006028403834876673
2026-08-11 14:18:41 - val epoch: 132, loss: 0.8300
2026-08-11 14:18:43 - train: epoch 133, iter:0, loss: 0.4870, lr: 0.0005977537507199337
2026-08-11 14:18:45 - train: epoch 133, iter:20, loss: 0.5456, lr: 0.0005977537507199337
2026-08-11 14:19:00 - val epoch: 133, loss: 0.8573
2026-08-11 14:19:02 - train: epoch 134, iter:0, loss: 0.4917, lr: 0.0005926569464581937
2026-08-11 14:19:04 - train: epoch 134, iter:20, loss: 0.5289, lr: 0.0005926569464581937
2026-08-11 14:19:19 - val epoch: 134, loss: 0.8236
2026-08-11 14:19:20 - train: epoch 135, iter:0, loss: 0.5376, lr: 0.0005875505296244705
2026-08-11 14:19:23 - train: epoch 135, iter:20, loss: 0.5259, lr: 0.0005875505296244705
2026-08-11 14:19:39 - val epoch: 135, loss: 0.8163
2026-08-11 14:19:40 - train: epoch 136, iter:0, loss: 0.5030, lr: 0.0005824350601949142
2026-08-11 14:19:42 - train: epoch 136, iter:20, loss: 0.5549, lr: 0.0005824350601949142
2026-08-11 14:19:57 - val epoch: 136, loss: 0.8349
2026-08-11 14:19:59 - train: epoch 137, iter:0, loss: 0.6335, lr: 0.0005773110991383937
2026-08-11 14:20:01 - train: epoch 137, iter:20, loss: 0.5475, lr: 0.0005773110991383937
2026-08-11 14:20:17 - val epoch: 137, loss: 0.9132
2026-08-11 14:20:18 - train: epoch 138, iter:0, loss: 0.5810, lr: 0.0005721792083549806
2026-08-11 14:20:20 - train: epoch 138, iter:20, loss: 0.5525, lr: 0.0005721792083549806
2026-08-11 14:20:36 - val epoch: 138, loss: 0.8263
2026-08-11 14:20:38 - train: epoch 139, iter:0, loss: 0.6230, lr: 0.0005670399506143306
2026-08-11 14:20:40 - train: epoch 139, iter:20, loss: 0.5355, lr: 0.0005670399506143306
2026-08-11 14:20:55 - val epoch: 139, loss: 0.8226
2026-08-11 14:20:57 - train: epoch 140, iter:0, loss: 0.4219, lr: 0.000561893889493969
2026-08-11 14:20:59 - train: epoch 140, iter:20, loss: 0.5237, lr: 0.000561893889493969
2026-08-11 14:21:15 - val epoch: 140, loss: 0.8244
2026-08-11 14:21:16 - train: epoch 141, iter:0, loss: 0.5608, lr: 0.0005567415893174885
2026-08-11 14:21:18 - train: epoch 141, iter:20, loss: 0.5382, lr: 0.0005567415893174885
2026-08-11 14:21:34 - val epoch: 141, loss: 0.8237
2026-08-11 14:21:36 - train: epoch 142, iter:0, loss: 0.5640, lr: 0.0005515836150926646
2026-08-11 14:21:38 - train: epoch 142, iter:20, loss: 0.5508, lr: 0.0005515836150926646
2026-08-11 14:21:54 - val epoch: 142, loss: 0.8333
2026-08-11 14:21:55 - train: epoch 143, iter:0, loss: 0.5374, lr: 0.0005464205324494961
2026-08-11 14:21:57 - train: epoch 143, iter:20, loss: 0.5215, lr: 0.0005464205324494961
2026-08-11 14:22:13 - val epoch: 143, loss: 0.8291
2026-08-11 14:22:15 - train: epoch 144, iter:0, loss: 0.5111, lr: 0.0005412529075781776
2026-08-11 14:22:17 - train: epoch 144, iter:20, loss: 0.5301, lr: 0.0005412529075781776
2026-08-11 14:22:32 - val epoch: 144, loss: 0.8177
2026-08-11 14:22:34 - train: epoch 145, iter:0, loss: 0.7275, lr: 0.0005360813071670101
2026-08-11 14:22:36 - train: epoch 145, iter:20, loss: 0.5382, lr: 0.0005360813071670101
2026-08-11 14:22:51 - val epoch: 145, loss: 0.8147
2026-08-11 14:22:53 - train: epoch 146, iter:0, loss: 0.5573, lr: 0.0005309062983402573
2026-08-11 14:22:55 - train: epoch 146, iter:20, loss: 0.5194, lr: 0.0005309062983402573
2026-08-11 14:23:10 - val epoch: 146, loss: 0.8219
2026-08-11 14:23:12 - train: epoch 147, iter:0, loss: 0.5600, lr: 0.0005257284485959538
2026-08-11 14:23:14 - train: epoch 147, iter:20, loss: 0.5206, lr: 0.0005257284485959538
2026-08-11 14:23:29 - val epoch: 147, loss: 0.8095
2026-08-11 14:23:31 - train: epoch 148, iter:0, loss: 0.5676, lr: 0.0005205483257436734
2026-08-11 14:23:33 - train: epoch 148, iter:20, loss: 0.5554, lr: 0.0005205483257436734
2026-08-11 14:23:48 - val epoch: 148, loss: 0.8401
2026-08-11 14:23:50 - train: epoch 149, iter:0, loss: 0.5957, lr: 0.0005153664978422616
2026-08-11 14:23:52 - train: epoch 149, iter:20, loss: 0.5160, lr: 0.0005153664978422616
2026-08-11 14:24:08 - val epoch: 149, loss: 0.8074
2026-08-11 14:24:09 - train: epoch 150, iter:0, loss: 0.5570, lr: 0.0005101835331375416
2026-08-11 14:24:11 - train: epoch 150, iter:20, loss: 0.5438, lr: 0.0005101835331375416
2026-08-11 14:24:30 - val epoch: 150, loss: 0.8133, miou: 0.7953642988204159, f1_or_dsc: 0.8860199563319638, accuracy: 0.9454340793118619,                 specificity: 0.9692912228805189, sensitivity: 0.871281175640096, confusion_matrix: [[38833196  1230301]
 [ 1659133 11230458]]
2026-08-11 14:24:32 - train: epoch 151, iter:0, loss: 0.5072, lr: 0.0005049999999999999
2026-08-11 14:24:34 - train: epoch 151, iter:20, loss: 0.5172, lr: 0.0005049999999999999
2026-08-11 14:24:50 - val epoch: 151, loss: 0.7909
2026-08-11 14:24:52 - train: epoch 152, iter:0, loss: 0.5403, lr: 0.0004998164668624582
2026-08-11 14:24:54 - train: epoch 152, iter:20, loss: 0.5336, lr: 0.0004998164668624582
2026-08-11 14:25:09 - val epoch: 152, loss: 0.8206
2026-08-11 14:25:11 - train: epoch 153, iter:0, loss: 0.4764, lr: 0.0004946335021577383
2026-08-11 14:25:13 - train: epoch 153, iter:20, loss: 0.5211, lr: 0.0004946335021577383
2026-08-11 14:25:29 - val epoch: 153, loss: 0.8180
2026-08-11 14:25:30 - train: epoch 154, iter:0, loss: 0.5623, lr: 0.0004894516742563263
2026-08-11 14:25:32 - train: epoch 154, iter:20, loss: 0.5152, lr: 0.0004894516742563263
2026-08-11 14:25:47 - val epoch: 154, loss: 0.8292
2026-08-11 14:25:49 - train: epoch 155, iter:0, loss: 0.6627, lr: 0.000484271551404046
2026-08-11 14:25:51 - train: epoch 155, iter:20, loss: 0.5394, lr: 0.000484271551404046
2026-08-11 14:26:07 - val epoch: 155, loss: 0.8192
2026-08-11 14:26:08 - train: epoch 156, iter:0, loss: 0.5620, lr: 0.0004790937016597426
2026-08-11 14:26:10 - train: epoch 156, iter:20, loss: 0.5327, lr: 0.0004790937016597426
2026-08-11 14:26:26 - val epoch: 156, loss: 0.8093
2026-08-11 14:26:27 - train: epoch 157, iter:0, loss: 0.4645, lr: 0.0004739186928329898
2026-08-11 14:26:29 - train: epoch 157, iter:20, loss: 0.5213, lr: 0.0004739186928329898
2026-08-11 14:26:45 - val epoch: 157, loss: 0.8080
2026-08-11 14:26:46 - train: epoch 158, iter:0, loss: 0.4937, lr: 0.0004687470924218222
2026-08-11 14:26:48 - train: epoch 158, iter:20, loss: 0.5344, lr: 0.0004687470924218222
2026-08-11 14:27:04 - val epoch: 158, loss: 0.8258
2026-08-11 14:27:05 - train: epoch 159, iter:0, loss: 0.4914, lr: 0.00046357946755050356
2026-08-11 14:27:07 - train: epoch 159, iter:20, loss: 0.5306, lr: 0.00046357946755050356
2026-08-11 14:27:22 - val epoch: 159, loss: 0.8185
2026-08-11 14:27:24 - train: epoch 160, iter:0, loss: 0.4396, lr: 0.00045841638490733513
2026-08-11 14:27:26 - train: epoch 160, iter:20, loss: 0.5289, lr: 0.00045841638490733513
2026-08-11 14:27:42 - val epoch: 160, loss: 0.8960
2026-08-11 14:27:43 - train: epoch 161, iter:0, loss: 0.6303, lr: 0.00045325841068251133
2026-08-11 14:27:45 - train: epoch 161, iter:20, loss: 0.5421, lr: 0.00045325841068251133
2026-08-11 14:28:01 - val epoch: 161, loss: 0.8307
2026-08-11 14:28:02 - train: epoch 162, iter:0, loss: 0.5207, lr: 0.0004481061105060308
2026-08-11 14:28:04 - train: epoch 162, iter:20, loss: 0.5369, lr: 0.0004481061105060308
2026-08-11 14:28:20 - val epoch: 162, loss: 0.8211
2026-08-11 14:28:21 - train: epoch 163, iter:0, loss: 0.4759, lr: 0.0004429600493856691
2026-08-11 14:28:23 - train: epoch 163, iter:20, loss: 0.5094, lr: 0.0004429600493856691
2026-08-11 14:28:39 - val epoch: 163, loss: 0.8108
2026-08-11 14:28:41 - train: epoch 164, iter:0, loss: 0.5013, lr: 0.000437820791645019
2026-08-11 14:28:43 - train: epoch 164, iter:20, loss: 0.5292, lr: 0.000437820791645019
2026-08-11 14:28:58 - val epoch: 164, loss: 0.8314
2026-08-11 14:29:00 - train: epoch 165, iter:0, loss: 0.5006, lr: 0.00043268890086160604
2026-08-11 14:29:02 - train: epoch 165, iter:20, loss: 0.5146, lr: 0.00043268890086160604
2026-08-11 14:29:18 - val epoch: 165, loss: 0.8186
2026-08-11 14:29:20 - train: epoch 166, iter:0, loss: 0.4252, lr: 0.0004275649398050855
2026-08-11 14:29:22 - train: epoch 166, iter:20, loss: 0.5063, lr: 0.0004275649398050855
2026-08-11 14:29:37 - val epoch: 166, loss: 0.7983
2026-08-11 14:29:39 - train: epoch 167, iter:0, loss: 0.7290, lr: 0.0004224494703755289
2026-08-11 14:29:40 - train: epoch 167, iter:20, loss: 0.5236, lr: 0.0004224494703755289
2026-08-11 14:29:56 - val epoch: 167, loss: 0.8064
2026-08-11 14:29:57 - train: epoch 168, iter:0, loss: 0.5132, lr: 0.00041734305354180595
2026-08-11 14:30:00 - train: epoch 168, iter:20, loss: 0.5136, lr: 0.00041734305354180595
2026-08-11 14:30:16 - val epoch: 168, loss: 0.8113
2026-08-11 14:30:17 - train: epoch 169, iter:0, loss: 0.5452, lr: 0.000412246249280066
2026-08-11 14:30:19 - train: epoch 169, iter:20, loss: 0.5337, lr: 0.000412246249280066
2026-08-11 14:30:36 - val epoch: 169, loss: 0.8235
2026-08-11 14:30:37 - train: epoch 170, iter:0, loss: 0.4709, lr: 0.0004071596165123322
2026-08-11 14:30:39 - train: epoch 170, iter:20, loss: 0.5065, lr: 0.0004071596165123322
2026-08-11 14:30:55 - val epoch: 170, loss: 0.7995
2026-08-11 14:30:57 - train: epoch 171, iter:0, loss: 0.5221, lr: 0.0004020837130452088
2026-08-11 14:30:59 - train: epoch 171, iter:20, loss: 0.5209, lr: 0.0004020837130452088
2026-08-11 14:31:14 - val epoch: 171, loss: 0.8568
2026-08-11 14:31:16 - train: epoch 172, iter:0, loss: 0.3906, lr: 0.00039701909550871116
2026-08-11 14:31:18 - train: epoch 172, iter:20, loss: 0.5069, lr: 0.00039701909550871116
2026-08-11 14:31:33 - val epoch: 172, loss: 0.8559
2026-08-11 14:31:35 - train: epoch 173, iter:0, loss: 0.4830, lr: 0.0003919663192952252
2026-08-11 14:31:37 - train: epoch 173, iter:20, loss: 0.5230, lr: 0.0003919663192952252
2026-08-11 14:31:52 - val epoch: 173, loss: 0.8000
2026-08-11 14:31:54 - train: epoch 174, iter:0, loss: 0.4384, lr: 0.0003869259384986023
2026-08-11 14:31:56 - train: epoch 174, iter:20, loss: 0.5059, lr: 0.0003869259384986023
2026-08-11 14:32:12 - val epoch: 174, loss: 0.8715
2026-08-11 14:32:13 - train: epoch 175, iter:0, loss: 0.4898, lr: 0.0003818985058533967
2026-08-11 14:32:16 - train: epoch 175, iter:20, loss: 0.4954, lr: 0.0003818985058533967
2026-08-11 14:32:31 - val epoch: 175, loss: 0.8020
2026-08-11 14:32:33 - train: epoch 176, iter:0, loss: 0.4127, lr: 0.00037688457267425206
2026-08-11 14:32:35 - train: epoch 176, iter:20, loss: 0.5222, lr: 0.00037688457267425206
2026-08-11 14:32:50 - val epoch: 176, loss: 0.8171
2026-08-11 14:32:51 - train: epoch 177, iter:0, loss: 0.5946, lr: 0.0003718846887954434
2026-08-11 14:32:53 - train: epoch 177, iter:20, loss: 0.5097, lr: 0.0003718846887954434
2026-08-11 14:33:09 - val epoch: 177, loss: 0.8234
2026-08-11 14:33:10 - train: epoch 178, iter:0, loss: 0.4749, lr: 0.0003668994025105812
2026-08-11 14:33:12 - train: epoch 178, iter:20, loss: 0.4980, lr: 0.0003668994025105812
2026-08-11 14:33:28 - val epoch: 178, loss: 0.8318
2026-08-11 14:33:30 - train: epoch 179, iter:0, loss: 0.4437, lr: 0.0003619292605124862
2026-08-11 14:33:32 - train: epoch 179, iter:20, loss: 0.5013, lr: 0.0003619292605124862
2026-08-11 14:33:47 - val epoch: 179, loss: 0.8393
2026-08-11 14:33:49 - train: epoch 180, iter:0, loss: 0.5848, lr: 0.00035697480783323686
2026-08-11 14:33:51 - train: epoch 180, iter:20, loss: 0.4963, lr: 0.00035697480783323686
2026-08-11 14:34:10 - val epoch: 180, loss: 0.8189, miou: 0.7883156512675247, f1_or_dsc: 0.8816292031093965, accuracy: 0.941383172970007,                 specificity: 0.9557333449948215, sensitivity: 0.896779890067885, confusion_matrix: [[38290020  1773477]
 [ 1330465 11559126]]
2026-08-11 14:34:12 - train: epoch 181, iter:0, loss: 0.3817, lr: 0.00035203658778440076
2026-08-11 14:34:14 - train: epoch 181, iter:20, loss: 0.4879, lr: 0.00035203658778440076
2026-08-11 14:34:29 - val epoch: 181, loss: 0.8067
2026-08-11 14:34:31 - train: epoch 182, iter:0, loss: 0.5198, lr: 0.00034711514189745505
2026-08-11 14:34:33 - train: epoch 182, iter:20, loss: 0.4971, lr: 0.00034711514189745505
2026-08-11 14:34:49 - val epoch: 182, loss: 0.8159
2026-08-11 14:34:50 - train: epoch 183, iter:0, loss: 0.4627, lr: 0.00034221100986440094
2026-08-11 14:34:52 - train: epoch 183, iter:20, loss: 0.4941, lr: 0.00034221100986440094
2026-08-11 14:35:08 - val epoch: 183, loss: 0.8026
2026-08-11 14:35:10 - train: epoch 184, iter:0, loss: 0.4516, lr: 0.0003373247294785804
2026-08-11 14:35:11 - train: epoch 184, iter:20, loss: 0.5031, lr: 0.0003373247294785804
2026-08-11 14:35:27 - val epoch: 184, loss: 0.8293
2026-08-11 14:35:28 - train: epoch 185, iter:0, loss: 0.5025, lr: 0.0003324568365757012
2026-08-11 14:35:31 - train: epoch 185, iter:20, loss: 0.5067, lr: 0.0003324568365757012
2026-08-11 14:35:46 - val epoch: 185, loss: 0.8028
2026-08-11 14:35:48 - train: epoch 186, iter:0, loss: 0.4203, lr: 0.0003276078649750761
2026-08-11 14:35:50 - train: epoch 186, iter:20, loss: 0.4854, lr: 0.0003276078649750761
2026-08-11 14:36:06 - val epoch: 186, loss: 0.8228
2026-08-11 14:36:07 - train: epoch 187, iter:0, loss: 0.4856, lr: 0.00032277834642108417
2026-08-11 14:36:09 - train: epoch 187, iter:20, loss: 0.4951, lr: 0.00032277834642108417
2026-08-11 14:36:25 - val epoch: 187, loss: 0.8175
2026-08-11 14:36:26 - train: epoch 188, iter:0, loss: 0.4568, lr: 0.00031796881052485835
2026-08-11 14:36:28 - train: epoch 188, iter:20, loss: 0.4730, lr: 0.00031796881052485835
2026-08-11 14:36:44 - val epoch: 188, loss: 0.8049
2026-08-11 14:36:46 - train: epoch 189, iter:0, loss: 0.6182, lr: 0.00031317978470620867
2026-08-11 14:36:48 - train: epoch 189, iter:20, loss: 0.4985, lr: 0.00031317978470620867
2026-08-11 14:37:04 - val epoch: 189, loss: 0.8085
2026-08-11 14:37:05 - train: epoch 190, iter:0, loss: 0.5752, lr: 0.00030841179413578315
2026-08-11 14:37:07 - train: epoch 190, iter:20, loss: 0.4912, lr: 0.00030841179413578315
2026-08-11 14:37:23 - val epoch: 190, loss: 0.8454
2026-08-11 14:37:24 - train: epoch 191, iter:0, loss: 0.4982, lr: 0.0003036653616774785
2026-08-11 14:37:26 - train: epoch 191, iter:20, loss: 0.5093, lr: 0.0003036653616774785
2026-08-11 14:37:41 - val epoch: 191, loss: 0.8662
2026-08-11 14:37:43 - train: epoch 192, iter:0, loss: 0.5368, lr: 0.0002989410078311011
2026-08-11 14:37:45 - train: epoch 192, iter:20, loss: 0.5039, lr: 0.0002989410078311011
2026-08-11 14:38:01 - val epoch: 192, loss: 0.7939
2026-08-11 14:38:02 - train: epoch 193, iter:0, loss: 0.5170, lr: 0.00029423925067528865
2026-08-11 14:38:04 - train: epoch 193, iter:20, loss: 0.4898, lr: 0.00029423925067528865
2026-08-11 14:38:20 - val epoch: 193, loss: 0.8137
2026-08-11 14:38:21 - train: epoch 194, iter:0, loss: 0.4292, lr: 0.0002895606058106975
2026-08-11 14:38:24 - train: epoch 194, iter:20, loss: 0.4968, lr: 0.0002895606058106975
2026-08-11 14:38:40 - val epoch: 194, loss: 0.8044
2026-08-11 14:38:41 - train: epoch 195, iter:0, loss: 0.5112, lr: 0.0002849055863034606
2026-08-11 14:38:43 - train: epoch 195, iter:20, loss: 0.4976, lr: 0.0002849055863034606
2026-08-11 14:38:59 - val epoch: 195, loss: 0.8290
2026-08-11 14:39:01 - train: epoch 196, iter:0, loss: 0.4503, lr: 0.00028027470262892396
2026-08-11 14:39:03 - train: epoch 196, iter:20, loss: 0.4735, lr: 0.00028027470262892396
2026-08-11 14:39:18 - val epoch: 196, loss: 0.8222
2026-08-11 14:39:20 - train: epoch 197, iter:0, loss: 0.4956, lr: 0.0002756684626156682
2026-08-11 14:39:22 - train: epoch 197, iter:20, loss: 0.4838, lr: 0.0002756684626156682
2026-08-11 14:39:38 - val epoch: 197, loss: 0.8237
2026-08-11 14:39:40 - train: epoch 198, iter:0, loss: 0.5910, lr: 0.000271087371389818
2026-08-11 14:39:42 - train: epoch 198, iter:20, loss: 0.5128, lr: 0.000271087371389818
2026-08-11 14:39:57 - val epoch: 198, loss: 0.8001
2026-08-11 14:39:59 - train: epoch 199, iter:0, loss: 0.5062, lr: 0.0002665319313196505
2026-08-11 14:40:01 - train: epoch 199, iter:20, loss: 0.4990, lr: 0.0002665319313196505
2026-08-11 14:40:16 - val epoch: 199, loss: 0.8213
2026-08-11 14:40:18 - train: epoch 200, iter:0, loss: 0.4754, lr: 0.00026200264196050494
2026-08-11 14:40:20 - train: epoch 200, iter:20, loss: 0.5130, lr: 0.00026200264196050494
2026-08-11 14:40:36 - val epoch: 200, loss: 0.8199
2026-08-11 14:40:37 - train: epoch 201, iter:0, loss: 0.5723, lr: 0.00025749999999999954
2026-08-11 14:40:39 - train: epoch 201, iter:20, loss: 0.4907, lr: 0.00025749999999999954
2026-08-11 14:40:54 - val epoch: 201, loss: 0.8130
2026-08-11 14:40:56 - train: epoch 202, iter:0, loss: 0.4627, lr: 0.0002530244992035658
2026-08-11 14:40:58 - train: epoch 202, iter:20, loss: 0.4811, lr: 0.0002530244992035658
2026-08-11 14:41:14 - val epoch: 202, loss: 0.8074
2026-08-11 14:41:15 - train: epoch 203, iter:0, loss: 0.5109, lr: 0.0002485766303603003
2026-08-11 14:41:17 - train: epoch 203, iter:20, loss: 0.4830, lr: 0.0002485766303603003
2026-08-11 14:41:34 - val epoch: 203, loss: 0.8108
2026-08-11 14:41:35 - train: epoch 204, iter:0, loss: 0.5148, lr: 0.0002441568812291443
2026-08-11 14:41:37 - train: epoch 204, iter:20, loss: 0.4889, lr: 0.0002441568812291443
2026-08-11 14:41:53 - val epoch: 204, loss: 0.8094
2026-08-11 14:41:55 - train: epoch 205, iter:0, loss: 0.4419, lr: 0.00023976573648539645
2026-08-11 14:41:57 - train: epoch 205, iter:20, loss: 0.4885, lr: 0.00023976573648539645
2026-08-11 14:42:12 - val epoch: 205, loss: 0.8088
2026-08-11 14:42:14 - train: epoch 206, iter:0, loss: 0.6071, lr: 0.00023540367766756144
2026-08-11 14:42:16 - train: epoch 206, iter:20, loss: 0.4924, lr: 0.00023540367766756144
2026-08-11 14:42:31 - val epoch: 206, loss: 0.8021
2026-08-11 14:42:33 - train: epoch 207, iter:0, loss: 0.4678, lr: 0.0002310711831245444
2026-08-11 14:42:35 - train: epoch 207, iter:20, loss: 0.4814, lr: 0.0002310711831245444
2026-08-11 14:42:50 - val epoch: 207, loss: 0.8265
2026-08-11 14:42:52 - train: epoch 208, iter:0, loss: 0.5270, lr: 0.00022676872796319514
2026-08-11 14:42:54 - train: epoch 208, iter:20, loss: 0.4867, lr: 0.00022676872796319514
2026-08-11 14:43:09 - val epoch: 208, loss: 0.8852
2026-08-11 14:43:11 - train: epoch 209, iter:0, loss: 0.4896, lr: 0.00022249678399620604
2026-08-11 14:43:13 - train: epoch 209, iter:20, loss: 0.4969, lr: 0.00022249678399620604
2026-08-11 14:43:28 - val epoch: 209, loss: 0.8273
2026-08-11 14:43:30 - train: epoch 210, iter:0, loss: 0.4967, lr: 0.0002182558196903736
2026-08-11 14:43:32 - train: epoch 210, iter:20, loss: 0.4875, lr: 0.0002182558196903736
2026-08-11 14:43:52 - val epoch: 210, loss: 0.8159, miou: 0.7885505726950914, f1_or_dsc: 0.881776098180839, accuracy: 0.9409219156397451,                 specificity: 0.9524434923890942, sensitivity: 0.9051104879898827, confusion_matrix: [[38158217  1905280]
 [ 1223087 11666504]]
2026-08-11 14:43:53 - train: epoch 211, iter:0, loss: 0.5123, lr: 0.00021404630011522552
2026-08-11 14:43:55 - train: epoch 211, iter:20, loss: 0.4821, lr: 0.00021404630011522552
2026-08-11 14:44:11 - val epoch: 211, loss: 0.8296
2026-08-11 14:44:13 - train: epoch 212, iter:0, loss: 0.4601, lr: 0.0002098686868920198
2026-08-11 14:44:14 - train: epoch 212, iter:20, loss: 0.4819, lr: 0.0002098686868920198
2026-08-11 14:44:30 - val epoch: 212, loss: 0.8164
2026-08-11 14:44:32 - train: epoch 213, iter:0, loss: 0.4257, lr: 0.00020572343814312415
2026-08-11 14:44:34 - train: epoch 213, iter:20, loss: 0.4644, lr: 0.00020572343814312415
2026-08-11 14:44:49 - val epoch: 213, loss: 0.8196
2026-08-11 14:44:51 - train: epoch 214, iter:0, loss: 0.4915, lr: 0.00020161100844177644
2026-08-11 14:44:53 - train: epoch 214, iter:20, loss: 0.4771, lr: 0.00020161100844177644
2026-08-11 14:45:09 - val epoch: 214, loss: 0.8242
2026-08-11 14:45:10 - train: epoch 215, iter:0, loss: 0.4370, lr: 0.0001975318487622361
2026-08-11 14:45:12 - train: epoch 215, iter:20, loss: 0.4841, lr: 0.0001975318487622361
2026-08-11 14:45:28 - val epoch: 215, loss: 0.8101
2026-08-11 14:45:30 - train: epoch 216, iter:0, loss: 0.3508, lr: 0.00019348640643033024
2026-08-11 14:45:32 - train: epoch 216, iter:20, loss: 0.4927, lr: 0.00019348640643033024
2026-08-11 14:45:47 - val epoch: 216, loss: 0.8072
2026-08-11 14:45:49 - train: epoch 217, iter:0, loss: 0.4680, lr: 0.00018947512507439828
2026-08-11 14:45:51 - train: epoch 217, iter:20, loss: 0.4891, lr: 0.00018947512507439828
2026-08-11 14:46:06 - val epoch: 217, loss: 0.8126
2026-08-11 14:46:08 - train: epoch 218, iter:0, loss: 0.5163, lr: 0.00018549844457664425
2026-08-11 14:46:10 - train: epoch 218, iter:20, loss: 0.4880, lr: 0.00018549844457664425
2026-08-11 14:46:25 - val epoch: 218, loss: 0.8243
2026-08-11 14:46:27 - train: epoch 219, iter:0, loss: 0.4591, lr: 0.00018155680102489765
2026-08-11 14:46:29 - train: epoch 219, iter:20, loss: 0.4639, lr: 0.00018155680102489765
2026-08-11 14:46:48 - val epoch: 219, loss: 0.8208
2026-08-11 14:46:50 - train: epoch 220, iter:0, loss: 0.5544, lr: 0.00017765062666479195
2026-08-11 14:46:52 - train: epoch 220, iter:20, loss: 0.4804, lr: 0.00017765062666479195
2026-08-11 14:47:10 - val epoch: 220, loss: 0.8414
2026-08-11 14:47:12 - train: epoch 221, iter:0, loss: 0.4678, lr: 0.00017378034985236489
2026-08-11 14:47:14 - train: epoch 221, iter:20, loss: 0.4824, lr: 0.00017378034985236489
2026-08-11 14:47:32 - val epoch: 221, loss: 0.8334
2026-08-11 14:47:34 - train: epoch 222, iter:0, loss: 0.4866, lr: 0.0001699463950070827
2026-08-11 14:47:36 - train: epoch 222, iter:20, loss: 0.4838, lr: 0.0001699463950070827
2026-08-11 14:47:52 - val epoch: 222, loss: 0.8117
2026-08-11 14:47:55 - train: epoch 223, iter:0, loss: 0.4690, lr: 0.0001661491825652988
2026-08-11 14:47:57 - train: epoch 223, iter:20, loss: 0.4834, lr: 0.0001661491825652988
2026-08-11 14:48:13 - val epoch: 223, loss: 0.8220
2026-08-11 14:48:14 - train: epoch 224, iter:0, loss: 0.4539, lr: 0.0001623891289341484
2026-08-11 14:48:17 - train: epoch 224, iter:20, loss: 0.4662, lr: 0.0001623891289341484
2026-08-11 14:48:33 - val epoch: 224, loss: 0.8247
2026-08-11 14:48:34 - train: epoch 225, iter:0, loss: 0.4684, lr: 0.0001586666464458838
2026-08-11 14:48:37 - train: epoch 225, iter:20, loss: 0.4776, lr: 0.0001586666464458838
2026-08-11 14:48:53 - val epoch: 225, loss: 0.8473
2026-08-11 14:48:55 - train: epoch 226, iter:0, loss: 0.4200, lr: 0.00015498214331265874
2026-08-11 14:48:57 - train: epoch 226, iter:20, loss: 0.4817, lr: 0.00015498214331265874
2026-08-11 14:49:12 - val epoch: 226, loss: 0.8268
2026-08-11 14:49:14 - train: epoch 227, iter:0, loss: 0.4382, lr: 0.00015133602358176218
2026-08-11 14:49:16 - train: epoch 227, iter:20, loss: 0.4669, lr: 0.00015133602358176218
2026-08-11 14:49:32 - val epoch: 227, loss: 0.8269
2026-08-11 14:49:34 - train: epoch 228, iter:0, loss: 0.5740, lr: 0.00014772868709131046
2026-08-11 14:49:36 - train: epoch 228, iter:20, loss: 0.4854, lr: 0.00014772868709131046
2026-08-11 14:49:52 - val epoch: 228, loss: 0.8176
2026-08-11 14:49:54 - train: epoch 229, iter:0, loss: 0.4454, lr: 0.00014416052942640113
2026-08-11 14:49:56 - train: epoch 229, iter:20, loss: 0.4712, lr: 0.00014416052942640113
2026-08-11 14:50:11 - val epoch: 229, loss: 0.8219
2026-08-11 14:50:13 - train: epoch 230, iter:0, loss: 0.4706, lr: 0.0001406319418757314
2026-08-11 14:50:15 - train: epoch 230, iter:20, loss: 0.4636, lr: 0.0001406319418757314
2026-08-11 14:50:31 - val epoch: 230, loss: 0.8213
2026-08-11 14:50:32 - train: epoch 231, iter:0, loss: 0.4436, lr: 0.00013714331138868954
2026-08-11 14:50:35 - train: epoch 231, iter:20, loss: 0.4707, lr: 0.00013714331138868954
2026-08-11 14:50:50 - val epoch: 231, loss: 0.8193
2026-08-11 14:50:52 - train: epoch 232, iter:0, loss: 0.4801, lr: 0.00013369502053292226
2026-08-11 14:50:54 - train: epoch 232, iter:20, loss: 0.4842, lr: 0.00013369502053292226
2026-08-11 14:51:10 - val epoch: 232, loss: 0.8202
2026-08-11 14:51:13 - train: epoch 233, iter:0, loss: 0.4104, lr: 0.0001302874474523804
2026-08-11 14:51:15 - train: epoch 233, iter:20, loss: 0.4697, lr: 0.0001302874474523804
2026-08-11 14:51:31 - val epoch: 233, loss: 0.8377
2026-08-11 14:51:32 - train: epoch 234, iter:0, loss: 0.4064, lr: 0.00012692096582585187
2026-08-11 14:51:34 - train: epoch 234, iter:20, loss: 0.4646, lr: 0.00012692096582585187
2026-08-11 14:51:50 - val epoch: 234, loss: 0.8233
2026-08-11 14:51:52 - train: epoch 235, iter:0, loss: 0.4240, lr: 0.00012359594482598416
2026-08-11 14:51:54 - train: epoch 235, iter:20, loss: 0.4577, lr: 0.00012359594482598416
2026-08-11 14:52:10 - val epoch: 235, loss: 0.8283
2026-08-11 14:52:13 - train: epoch 236, iter:0, loss: 0.3924, lr: 0.00012031274907879919
2026-08-11 14:52:14 - train: epoch 236, iter:20, loss: 0.4630, lr: 0.00012031274907879919
2026-08-11 14:52:30 - val epoch: 236, loss: 0.8393
2026-08-11 14:52:32 - train: epoch 237, iter:0, loss: 0.6042, lr: 0.00011707173862370913
2026-08-11 14:52:34 - train: epoch 237, iter:20, loss: 0.4755, lr: 0.00011707173862370913
2026-08-11 14:52:50 - val epoch: 237, loss: 0.8283
2026-08-11 14:52:51 - train: epoch 238, iter:0, loss: 0.4765, lr: 0.00011387326887403316
2026-08-11 14:52:54 - train: epoch 238, iter:20, loss: 0.4679, lr: 0.00011387326887403316
2026-08-11 14:53:09 - val epoch: 238, loss: 0.8324
2026-08-11 14:53:12 - train: epoch 239, iter:0, loss: 0.4426, lr: 0.00011071769057802265
2026-08-11 14:53:14 - train: epoch 239, iter:20, loss: 0.4729, lr: 0.00011071769057802265
2026-08-11 14:53:29 - val epoch: 239, loss: 0.8150
2026-08-11 14:53:31 - train: epoch 240, iter:0, loss: 0.4401, lr: 0.0001076053497803982
2026-08-11 14:53:33 - train: epoch 240, iter:20, loss: 0.4696, lr: 0.0001076053497803982
2026-08-11 14:53:53 - val epoch: 240, loss: 0.8265, miou: 0.7932212213535912, f1_or_dsc: 0.8846886395364403, accuracy: 0.9438934892711073,                 specificity: 0.9630964815677473, sensitivity: 0.8842066439501455, confusion_matrix: [[38585013  1478484]
 [ 1492529 11397062]]
2026-08-11 14:53:55 - train: epoch 241, iter:0, loss: 0.5476, lr: 0.00010453658778440088
2026-08-11 14:53:57 - train: epoch 241, iter:20, loss: 0.4767, lr: 0.00010453658778440088
2026-08-11 14:54:13 - val epoch: 241, loss: 0.8409
2026-08-11 14:54:15 - train: epoch 242, iter:0, loss: 0.4359, lr: 0.00010151174111436543
2026-08-11 14:54:17 - train: epoch 242, iter:20, loss: 0.4707, lr: 0.00010151174111436543
2026-08-11 14:54:33 - val epoch: 242, loss: 0.8287
2026-08-11 14:54:35 - train: epoch 243, iter:0, loss: 0.5628, lr: 9.853114147881633e-05
2026-08-11 14:54:37 - train: epoch 243, iter:20, loss: 0.4698, lr: 9.853114147881633e-05
2026-08-11 14:54:53 - val epoch: 243, loss: 0.8278
2026-08-11 14:54:55 - train: epoch 244, iter:0, loss: 0.4414, lr: 9.559511573409167e-05
2026-08-11 14:54:57 - train: epoch 244, iter:20, loss: 0.4694, lr: 9.559511573409167e-05
2026-08-11 14:55:13 - val epoch: 244, loss: 0.8226
2026-08-11 14:55:14 - train: epoch 245, iter:0, loss: 0.4110, lr: 9.270398584850061e-05
2026-08-11 14:55:17 - train: epoch 245, iter:20, loss: 0.4611, lr: 9.270398584850061e-05
2026-08-11 14:55:32 - val epoch: 245, loss: 0.8191
2026-08-11 14:55:34 - train: epoch 246, iter:0, loss: 0.4416, lr: 8.985806886701499e-05
2026-08-11 14:55:36 - train: epoch 246, iter:20, loss: 0.4626, lr: 8.985806886701499e-05
2026-08-11 14:55:52 - val epoch: 246, loss: 0.8069
2026-08-11 14:55:54 - train: epoch 247, iter:0, loss: 0.5099, lr: 8.705767687650239e-05
2026-08-11 14:55:56 - train: epoch 247, iter:20, loss: 0.4553, lr: 8.705767687650239e-05
2026-08-11 14:56:12 - val epoch: 247, loss: 0.8213
2026-08-11 14:56:14 - train: epoch 248, iter:0, loss: 0.5898, lr: 8.430311697150229e-05
2026-08-11 14:56:16 - train: epoch 248, iter:20, loss: 0.4661, lr: 8.430311697150229e-05
2026-08-11 14:56:32 - val epoch: 248, loss: 0.8286
2026-08-11 14:56:34 - train: epoch 249, iter:0, loss: 0.5100, lr: 8.159469122054909e-05
2026-08-11 14:56:36 - train: epoch 249, iter:20, loss: 0.4733, lr: 8.159469122054909e-05
2026-08-11 14:56:52 - val epoch: 249, loss: 0.8166
2026-08-11 14:56:54 - train: epoch 250, iter:0, loss: 0.4153, lr: 7.893269663304782e-05
2026-08-11 14:56:56 - train: epoch 250, iter:20, loss: 0.4639, lr: 7.893269663304782e-05
2026-08-11 14:57:12 - val epoch: 250, loss: 0.8154
2026-08-11 14:57:14 - train: epoch 251, iter:0, loss: 0.3899, lr: 7.631742512670282e-05
2026-08-11 14:57:16 - train: epoch 251, iter:20, loss: 0.4726, lr: 7.631742512670282e-05
2026-08-11 14:57:31 - val epoch: 251, loss: 0.8201
2026-08-11 14:57:33 - train: epoch 252, iter:0, loss: 0.4386, lr: 7.374916349550603e-05
2026-08-11 14:57:35 - train: epoch 252, iter:20, loss: 0.4658, lr: 7.374916349550603e-05
2026-08-11 14:57:51 - val epoch: 252, loss: 0.8304
2026-08-11 14:57:53 - train: epoch 253, iter:0, loss: 0.5045, lr: 7.122819337828741e-05
2026-08-11 14:57:55 - train: epoch 253, iter:20, loss: 0.4575, lr: 7.122819337828741e-05
2026-08-11 14:58:11 - val epoch: 253, loss: 0.8201
2026-08-11 14:58:13 - train: epoch 254, iter:0, loss: 0.5585, lr: 6.875479122782878e-05
2026-08-11 14:58:15 - train: epoch 254, iter:20, loss: 0.4783, lr: 6.875479122782878e-05
2026-08-11 14:58:31 - val epoch: 254, loss: 0.8308
2026-08-11 14:58:32 - train: epoch 255, iter:0, loss: 0.4338, lr: 6.632922828054862e-05
2026-08-11 14:58:35 - train: epoch 255, iter:20, loss: 0.4515, lr: 6.632922828054862e-05
2026-08-11 14:58:50 - val epoch: 255, loss: 0.8256
2026-08-11 14:58:51 - train: epoch 256, iter:0, loss: 0.4252, lr: 6.395177052675786e-05
2026-08-11 14:58:53 - train: epoch 256, iter:20, loss: 0.4557, lr: 6.395177052675786e-05
2026-08-11 14:59:09 - val epoch: 256, loss: 0.8242
2026-08-11 14:59:11 - train: epoch 257, iter:0, loss: 0.4611, lr: 6.162267868149065e-05
2026-08-11 14:59:13 - train: epoch 257, iter:20, loss: 0.4765, lr: 6.162267868149065e-05
2026-08-11 14:59:29 - val epoch: 257, loss: 0.8353
2026-08-11 14:59:31 - train: epoch 258, iter:0, loss: 0.4846, lr: 5.934220815591413e-05
2026-08-11 14:59:33 - train: epoch 258, iter:20, loss: 0.4619, lr: 5.934220815591413e-05
2026-08-11 14:59:48 - val epoch: 258, loss: 0.8196
2026-08-11 14:59:50 - train: epoch 259, iter:0, loss: 0.4129, lr: 5.711060902932035e-05
2026-08-11 14:59:52 - train: epoch 259, iter:20, loss: 0.4484, lr: 5.711060902932035e-05
2026-08-11 15:00:09 - val epoch: 259, loss: 0.8249
2026-08-11 15:00:11 - train: epoch 260, iter:0, loss: 0.4588, lr: 5.492812602170101e-05
2026-08-11 15:00:13 - train: epoch 260, iter:20, loss: 0.4566, lr: 5.492812602170101e-05
2026-08-11 15:00:28 - val epoch: 260, loss: 0.8200
2026-08-11 15:00:30 - train: epoch 261, iter:0, loss: 0.4176, lr: 5.279499846691256e-05
2026-08-11 15:00:32 - train: epoch 261, iter:20, loss: 0.4696, lr: 5.279499846691256e-05
2026-08-11 15:00:47 - val epoch: 261, loss: 0.8178
2026-08-11 15:00:49 - train: epoch 262, iter:0, loss: 0.4355, lr: 5.071146028642938e-05
2026-08-11 15:00:51 - train: epoch 262, iter:20, loss: 0.4551, lr: 5.071146028642938e-05
2026-08-11 15:01:07 - val epoch: 262, loss: 0.8210
2026-08-11 15:01:09 - train: epoch 263, iter:0, loss: 0.5021, lr: 4.867773996369213e-05
2026-08-11 15:01:11 - train: epoch 263, iter:20, loss: 0.4773, lr: 4.867773996369213e-05
2026-08-11 15:01:27 - val epoch: 263, loss: 0.8296
2026-08-11 15:01:29 - train: epoch 264, iter:0, loss: 0.4322, lr: 4.669406051905255e-05
2026-08-11 15:01:31 - train: epoch 264, iter:20, loss: 0.4694, lr: 4.669406051905255e-05
2026-08-11 15:01:46 - val epoch: 264, loss: 0.8381
2026-08-11 15:01:48 - train: epoch 265, iter:0, loss: 0.4411, lr: 4.476063948531553e-05
2026-08-11 15:01:50 - train: epoch 265, iter:20, loss: 0.4529, lr: 4.476063948531553e-05
2026-08-11 15:02:06 - val epoch: 265, loss: 0.8229
2026-08-11 15:02:09 - train: epoch 266, iter:0, loss: 0.4585, lr: 4.2877688883885086e-05
2026-08-11 15:02:11 - train: epoch 266, iter:20, loss: 0.4615, lr: 4.2877688883885086e-05
2026-08-11 15:02:26 - val epoch: 266, loss: 0.8160
2026-08-11 15:02:28 - train: epoch 267, iter:0, loss: 0.3800, lr: 4.1045415201513684e-05
2026-08-11 15:02:30 - train: epoch 267, iter:20, loss: 0.4490, lr: 4.1045415201513684e-05
2026-08-11 15:02:46 - val epoch: 267, loss: 0.8186
2026-08-11 15:02:47 - train: epoch 268, iter:0, loss: 0.4243, lr: 3.926401936765836e-05
2026-08-11 15:02:50 - train: epoch 268, iter:20, loss: 0.4649, lr: 3.926401936765836e-05
2026-08-11 15:03:05 - val epoch: 268, loss: 0.8180
2026-08-11 15:03:06 - train: epoch 269, iter:0, loss: 0.5193, lr: 3.753369673244687e-05
2026-08-11 15:03:09 - train: epoch 269, iter:20, loss: 0.4522, lr: 3.753369673244687e-05
2026-08-11 15:03:25 - val epoch: 269, loss: 0.8147
2026-08-11 15:03:26 - train: epoch 270, iter:0, loss: 0.4332, lr: 3.5854637045255115e-05
2026-08-11 15:03:29 - train: epoch 270, iter:20, loss: 0.4592, lr: 3.5854637045255115e-05
2026-08-11 15:03:48 - val epoch: 270, loss: 0.8224, miou: 0.7936006551859908, f1_or_dsc: 0.884924582170937, accuracy: 0.9440973489591391,                 specificity: 0.9637426558145935, sensitivity: 0.8830356991156663, confusion_matrix: [[38610901  1452596]
 [ 1507622 11381969]]
2026-08-11 15:03:50 - train: epoch 271, iter:0, loss: 0.3894, lr: 3.422702443389897e-05
2026-08-11 15:03:52 - train: epoch 271, iter:20, loss: 0.4530, lr: 3.422702443389897e-05
2026-08-11 15:04:08 - val epoch: 271, loss: 0.8214
2026-08-11 15:04:10 - train: epoch 272, iter:0, loss: 0.4064, lr: 3.265103738444294e-05
2026-08-11 15:04:12 - train: epoch 272, iter:20, loss: 0.4624, lr: 3.265103738444294e-05
2026-08-11 15:04:28 - val epoch: 272, loss: 0.8247
2026-08-11 15:04:30 - train: epoch 273, iter:0, loss: 0.3983, lr: 3.112684872162669e-05
2026-08-11 15:04:32 - train: epoch 273, iter:20, loss: 0.4602, lr: 3.112684872162669e-05
2026-08-11 15:04:47 - val epoch: 273, loss: 0.8267
2026-08-11 15:04:50 - train: epoch 274, iter:0, loss: 0.4711, lr: 2.9654625589913163e-05
2026-08-11 15:04:52 - train: epoch 274, iter:20, loss: 0.4582, lr: 2.9654625589913163e-05
2026-08-11 15:05:07 - val epoch: 274, loss: 0.8205
2026-08-11 15:05:09 - train: epoch 275, iter:0, loss: 0.6824, lr: 2.823452943515922e-05
2026-08-11 15:05:11 - train: epoch 275, iter:20, loss: 0.4669, lr: 2.823452943515922e-05
2026-08-11 15:05:27 - val epoch: 275, loss: 0.8307
2026-08-11 15:05:29 - train: epoch 276, iter:0, loss: 0.3821, lr: 2.6866715986911168e-05
2026-08-11 15:05:31 - train: epoch 276, iter:20, loss: 0.4713, lr: 2.6866715986911168e-05
2026-08-11 15:05:47 - val epoch: 276, loss: 0.8257
2026-08-11 15:05:48 - train: epoch 277, iter:0, loss: 0.3804, lr: 2.5551335241327604e-05
2026-08-11 15:05:50 - train: epoch 277, iter:20, loss: 0.4611, lr: 2.5551335241327604e-05
2026-08-11 15:06:06 - val epoch: 277, loss: 0.8247
2026-08-11 15:06:07 - train: epoch 278, iter:0, loss: 0.5413, lr: 2.4288531444730185e-05
2026-08-11 15:06:10 - train: epoch 278, iter:20, loss: 0.4499, lr: 2.4288531444730185e-05
2026-08-11 15:06:25 - val epoch: 278, loss: 0.8221
2026-08-11 15:06:27 - train: epoch 279, iter:0, loss: 0.4306, lr: 2.3078443077785645e-05
2026-08-11 15:06:29 - train: epoch 279, iter:20, loss: 0.4646, lr: 2.3078443077785645e-05
2026-08-11 15:06:44 - val epoch: 279, loss: 0.8278
2026-08-11 15:06:46 - train: epoch 280, iter:0, loss: 0.4707, lr: 2.1921202840320064e-05
2026-08-11 15:06:48 - train: epoch 280, iter:20, loss: 0.4548, lr: 2.1921202840320064e-05
2026-08-11 15:07:04 - val epoch: 280, loss: 0.8223
2026-08-11 15:07:06 - train: epoch 281, iter:0, loss: 0.4914, lr: 2.081693763676623e-05
2026-08-11 15:07:08 - train: epoch 281, iter:20, loss: 0.4615, lr: 2.081693763676623e-05
2026-08-11 15:07:23 - val epoch: 281, loss: 0.8260
2026-08-11 15:07:25 - train: epoch 282, iter:0, loss: 0.4686, lr: 1.9765768562247723e-05
2026-08-11 15:07:27 - train: epoch 282, iter:20, loss: 0.4579, lr: 1.9765768562247723e-05
2026-08-11 15:07:42 - val epoch: 282, loss: 0.8224
2026-08-11 15:07:44 - train: epoch 283, iter:0, loss: 0.4347, lr: 1.876781088929913e-05
2026-08-11 15:07:46 - train: epoch 283, iter:20, loss: 0.4643, lr: 1.876781088929913e-05
2026-08-11 15:08:01 - val epoch: 283, loss: 0.8253
2026-08-11 15:08:03 - train: epoch 284, iter:0, loss: 0.4695, lr: 1.7823174055225262e-05
2026-08-11 15:08:05 - train: epoch 284, iter:20, loss: 0.4624, lr: 1.7823174055225262e-05
2026-08-11 15:08:20 - val epoch: 284, loss: 0.8255
2026-08-11 15:08:22 - train: epoch 285, iter:0, loss: 0.5370, lr: 1.693196165010003e-05
2026-08-11 15:08:24 - train: epoch 285, iter:20, loss: 0.4583, lr: 1.693196165010003e-05
2026-08-11 15:08:40 - val epoch: 285, loss: 0.8233
2026-08-11 15:08:42 - train: epoch 286, iter:0, loss: 0.4450, lr: 1.6094271405406855e-05
2026-08-11 15:08:44 - train: epoch 286, iter:20, loss: 0.4535, lr: 1.6094271405406855e-05
2026-08-11 15:08:59 - val epoch: 286, loss: 0.8254
2026-08-11 15:09:02 - train: epoch 287, iter:0, loss: 0.5208, lr: 1.5310195183320773e-05
2026-08-11 15:09:03 - train: epoch 287, iter:20, loss: 0.4683, lr: 1.5310195183320773e-05
2026-08-11 15:09:19 - val epoch: 287, loss: 0.8207
2026-08-11 15:09:20 - train: epoch 288, iter:0, loss: 0.5376, lr: 1.4579818966635417e-05
2026-08-11 15:09:22 - train: epoch 288, iter:20, loss: 0.4672, lr: 1.4579818966635417e-05
2026-08-11 15:09:38 - val epoch: 288, loss: 0.8206
2026-08-11 15:09:39 - train: epoch 289, iter:0, loss: 0.4975, lr: 1.3903222849333505e-05
2026-08-11 15:09:42 - train: epoch 289, iter:20, loss: 0.4623, lr: 1.3903222849333505e-05
2026-08-11 15:09:57 - val epoch: 289, loss: 0.8236
2026-08-11 15:09:59 - train: epoch 290, iter:0, loss: 0.4603, lr: 1.3280481027803759e-05
2026-08-11 15:10:01 - train: epoch 290, iter:20, loss: 0.4515, lr: 1.3280481027803759e-05
2026-08-11 15:10:16 - val epoch: 290, loss: 0.8216
2026-08-11 15:10:18 - train: epoch 291, iter:0, loss: 0.5172, lr: 1.271166179270472e-05
2026-08-11 15:10:20 - train: epoch 291, iter:20, loss: 0.4527, lr: 1.271166179270472e-05
2026-08-11 15:10:35 - val epoch: 291, loss: 0.8297
2026-08-11 15:10:37 - train: epoch 292, iter:0, loss: 0.4771, lr: 1.21968275214754e-05
2026-08-11 15:10:39 - train: epoch 292, iter:20, loss: 0.4491, lr: 1.21968275214754e-05
2026-08-11 15:10:55 - val epoch: 292, loss: 0.8219
2026-08-11 15:10:57 - train: epoch 293, iter:0, loss: 0.4949, lr: 1.1736034671495336e-05
2026-08-11 15:10:59 - train: epoch 293, iter:20, loss: 0.4743, lr: 1.1736034671495336e-05
2026-08-11 15:11:14 - val epoch: 293, loss: 0.8184
2026-08-11 15:11:16 - train: epoch 294, iter:0, loss: 0.4329, lr: 1.1329333773893242e-05
2026-08-11 15:11:18 - train: epoch 294, iter:20, loss: 0.4742, lr: 1.1329333773893242e-05
2026-08-11 15:11:33 - val epoch: 294, loss: 0.8201
2026-08-11 15:11:35 - train: epoch 295, iter:0, loss: 0.5623, lr: 1.0976769428005577e-05
2026-08-11 15:11:37 - train: epoch 295, iter:20, loss: 0.4595, lr: 1.0976769428005577e-05
2026-08-11 15:11:52 - val epoch: 295, loss: 0.8210
2026-08-11 15:11:54 - train: epoch 296, iter:0, loss: 0.4265, lr: 1.0678380296485951e-05
2026-08-11 15:11:56 - train: epoch 296, iter:20, loss: 0.4446, lr: 1.0678380296485951e-05
2026-08-11 15:12:12 - val epoch: 296, loss: 0.8246
2026-08-11 15:12:13 - train: epoch 297, iter:0, loss: 0.4711, lr: 1.04341991010651e-05
2026-08-11 15:12:16 - train: epoch 297, iter:20, loss: 0.4688, lr: 1.04341991010651e-05
2026-08-11 15:12:31 - val epoch: 297, loss: 0.8238
2026-08-11 15:12:33 - train: epoch 298, iter:0, loss: 0.5477, lr: 1.0244252618962858e-05
2026-08-11 15:12:35 - train: epoch 298, iter:20, loss: 0.4689, lr: 1.0244252618962858e-05
2026-08-11 15:12:50 - val epoch: 298, loss: 0.8239
2026-08-11 15:12:52 - train: epoch 299, iter:0, loss: 0.4101, lr: 1.0108561679951479e-05
2026-08-11 15:12:54 - train: epoch 299, iter:20, loss: 0.4610, lr: 1.0108561679951479e-05
2026-08-11 15:13:09 - val epoch: 299, loss: 0.8255
2026-08-11 15:13:11 - train: epoch 300, iter:0, loss: 0.4878, lr: 1.002714116407149e-05
2026-08-11 15:13:13 - train: epoch 300, iter:20, loss: 0.4452, lr: 1.002714116407149e-05
2026-08-11 15:13:33 - val epoch: 300, loss: 0.8243, miou: 0.7930283875558812, f1_or_dsc: 0.884568691783934, accuracy: 0.9437673021071028,                 specificity: 0.9626247803580401, sensitivity: 0.8851543854261938, confusion_matrix: [[38566115  1497382]
 [ 1480313 11409278]]
2026-08-11 15:13:53 - test of best model, loss: 0.7867,miou: 0.7957565655769554, f1_or_dsc: 0.8862632951825385, accuracy: 0.9439651375949973,                 specificity: 0.9591083124870502, sensitivity: 0.8968970388587194, confusion_matrix: [[38425233  1638264]
 [ 1328955 11560636]]
