2026-09-28 14:29:57 - #----------Config info----------#
2026-09-28 14:29:57 - network: ege_wave_unet,
2026-09-28 14:29:57 - wave_mode: full,
2026-09-28 14:29:57 - fusion_type: scalar,
2026-09-28 14:29:57 - seed: 43,
2026-09-28 14:29:57 - work_dir: results/stability_wave_v1_seed43_v1_20260914/,
2026-09-28 14:29:57 - epochs: 300,
2026-09-28 14:29:57 - val_interval: 10,
2026-09-28 14:29:57 - save_interval: 10,
2026-09-28 14:29:57 - num_workers: 0,
2026-09-28 14:29:57 - batch_size: 64,
2026-09-28 14:29:57 - gradient_accumulation_steps: 1,
2026-09-28 14:29:58 - resuming model from results/stability_wave_v1_seed43_v1_20260914/checkpoints/latest.pth. resume_epoch: 89, min_loss: 0.8144, min_epoch: 83, loss: 0.8315
2026-09-28 14:30:00 - train: epoch 90, iter:0, loss: 0.6259, lr: 0.0008001313131079794
2026-09-28 14:31:12 - #----------Config info----------#
2026-09-28 14:31:12 - network: ege_wave_unet,
2026-09-28 14:31:12 - wave_mode: full,
2026-09-28 14:31:12 - fusion_type: scalar,
2026-09-28 14:31:12 - seed: 43,
2026-09-28 14:31:12 - work_dir: results/stability_wave_v1_seed43_v1_20260914/,
2026-09-28 14:31:12 - epochs: 300,
2026-09-28 14:31:12 - val_interval: 10,
2026-09-28 14:31:12 - save_interval: 10,
2026-09-28 14:31:12 - num_workers: 0,
2026-09-28 14:31:12 - batch_size: 64,
2026-09-28 14:31:12 - gradient_accumulation_steps: 1,
2026-09-28 14:31:12 - resuming model from results/stability_wave_v1_seed43_v1_20260914/checkpoints/latest.pth. resume_epoch: 89, min_loss: 0.8144, min_epoch: 83, loss: 0.8315
2026-09-28 14:31:14 - train: epoch 90, iter:0, loss: 0.6259, lr: 0.0008001313131079794
2026-09-28 14:31:27 - train: epoch 90, iter:20, loss: 0.5940, lr: 0.0008001313131079794
2026-09-28 14:31:51 - val epoch: 90, loss: 0.8524, miou: 0.7748028790596742, f1_or_dsc: 0.8731142913968903, accuracy: 0.9384600950939821,                 specificity: 0.9605384672236674, sensitivity: 0.8698359785038952, confusion_matrix: [[38482530  1580967]
 [ 1677761 11211830]]
2026-09-28 14:31:51 - wave mode=full, epoch 90, alpha: 0.1244
2026-09-28 14:31:52 - train: epoch 91, iter:0, loss: 0.7462, lr: 0.0007959536998847737
2026-09-28 14:32:04 - train: epoch 91, iter:20, loss: 0.6030, lr: 0.0007959536998847737
2026-09-28 14:32:26 - val epoch: 91, loss: 0.8967
2026-09-28 14:32:26 - wave mode=full, epoch 91, alpha: 0.1245
2026-09-28 14:32:27 - train: epoch 92, iter:0, loss: 0.5636, lr: 0.0007917441803096255
2026-09-28 14:32:39 - train: epoch 92, iter:20, loss: 0.6345, lr: 0.0007917441803096255
2026-09-28 14:33:01 - val epoch: 92, loss: 0.8321
2026-09-28 14:33:01 - wave mode=full, epoch 92, alpha: 0.1249
2026-09-28 14:33:02 - train: epoch 93, iter:0, loss: 0.6042, lr: 0.0007875032160037932
2026-09-28 14:33:14 - train: epoch 93, iter:20, loss: 0.5847, lr: 0.0007875032160037932
2026-09-28 14:33:36 - val epoch: 93, loss: 0.8295
2026-09-28 14:33:36 - wave mode=full, epoch 93, alpha: 0.1253
2026-09-28 14:33:37 - train: epoch 94, iter:0, loss: 0.6031, lr: 0.0007832312720368042
2026-09-28 14:33:49 - train: epoch 94, iter:20, loss: 0.6101, lr: 0.0007832312720368042
2026-09-28 14:34:12 - val epoch: 94, loss: 0.8604
2026-09-28 14:34:12 - wave mode=full, epoch 94, alpha: 0.1254
2026-09-28 14:34:12 - train: epoch 95, iter:0, loss: 0.5891, lr: 0.0007789288168754548
2026-09-28 14:34:24 - train: epoch 95, iter:20, loss: 0.6320, lr: 0.0007789288168754548
2026-09-28 14:34:47 - val epoch: 95, loss: 0.8864
2026-09-28 14:34:47 - wave mode=full, epoch 95, alpha: 0.1253
2026-09-28 14:34:47 - train: epoch 96, iter:0, loss: 0.6743, lr: 0.0007745963223324379
2026-09-28 14:34:59 - train: epoch 96, iter:20, loss: 0.6038, lr: 0.0007745963223324379
2026-09-28 14:35:22 - val epoch: 96, loss: 0.8736
2026-09-28 14:35:22 - wave mode=full, epoch 96, alpha: 0.1253
2026-09-28 14:35:22 - train: epoch 97, iter:0, loss: 0.7818, lr: 0.0007702342635146028
2026-09-28 14:35:35 - train: epoch 97, iter:20, loss: 0.6382, lr: 0.0007702342635146028
2026-09-28 14:35:57 - val epoch: 97, loss: 0.8116
2026-09-28 14:35:57 - wave mode=full, epoch 97, alpha: 0.1259
2026-09-28 14:35:58 - train: epoch 98, iter:0, loss: 0.5754, lr: 0.000765843118770855
2026-09-28 14:36:10 - train: epoch 98, iter:20, loss: 0.5917, lr: 0.000765843118770855
2026-09-28 14:36:33 - val epoch: 98, loss: 0.8348
2026-09-28 14:36:33 - wave mode=full, epoch 98, alpha: 0.1261
2026-09-28 14:36:34 - train: epoch 99, iter:0, loss: 0.7231, lr: 0.0007614233696396991
2026-09-28 14:36:46 - train: epoch 99, iter:20, loss: 0.6068, lr: 0.0007614233696396991
2026-09-28 14:37:08 - val epoch: 99, loss: 0.8571
2026-09-28 14:37:08 - wave mode=full, epoch 99, alpha: 0.1262
2026-09-28 14:37:09 - train: epoch 100, iter:0, loss: 0.5820, lr: 0.0007569755007964334
2026-09-28 14:37:21 - train: epoch 100, iter:20, loss: 0.5712, lr: 0.0007569755007964334
2026-09-28 14:37:44 - val epoch: 100, loss: 0.7944, miou: 0.791728719954261, f1_or_dsc: 0.8837595905416665, accuracy: 0.9441198972192141,                 specificity: 0.9671033210106447, sensitivity: 0.872682694121171, confusion_matrix: [[38745541  1317956]
 [ 1641068 11248523]]
2026-09-28 14:37:44 - wave mode=full, epoch 100, alpha: 0.1262
2026-09-28 14:37:44 - train: epoch 101, iter:0, loss: 0.6187, lr: 0.0007524999999999996
2026-09-28 14:37:57 - train: epoch 101, iter:20, loss: 0.5839, lr: 0.0007524999999999996
2026-09-28 14:38:19 - val epoch: 101, loss: 0.8331
2026-09-28 14:38:19 - wave mode=full, epoch 101, alpha: 0.1267
2026-09-28 14:38:19 - train: epoch 102, iter:0, loss: 0.5169, lr: 0.0007479973580394943
2026-09-28 14:38:32 - train: epoch 102, iter:20, loss: 0.5916, lr: 0.0007479973580394943
2026-09-28 14:38:55 - val epoch: 102, loss: 0.8292
2026-09-28 14:38:55 - wave mode=full, epoch 102, alpha: 0.1265
2026-09-28 14:38:55 - train: epoch 103, iter:0, loss: 0.4790, lr: 0.0007434680686803487
2026-09-28 14:39:08 - train: epoch 103, iter:20, loss: 0.6069, lr: 0.0007434680686803487
2026-09-28 14:39:30 - val epoch: 103, loss: 0.8225
2026-09-28 14:39:30 - wave mode=full, epoch 103, alpha: 0.1268
2026-09-28 14:39:31 - train: epoch 104, iter:0, loss: 0.7840, lr: 0.0007389126286101815
2026-09-28 14:39:43 - train: epoch 104, iter:20, loss: 0.5949, lr: 0.0007389126286101815
2026-09-28 14:40:05 - val epoch: 104, loss: 0.8243
2026-09-28 14:40:05 - wave mode=full, epoch 104, alpha: 0.1270
2026-09-28 14:40:06 - train: epoch 105, iter:0, loss: 0.5656, lr: 0.0007343315373843313
2026-09-28 14:40:18 - train: epoch 105, iter:20, loss: 0.5752, lr: 0.0007343315373843313
2026-09-28 14:40:41 - val epoch: 105, loss: 0.8116
2026-09-28 14:40:41 - wave mode=full, epoch 105, alpha: 0.1273
2026-09-28 14:40:42 - train: epoch 106, iter:0, loss: 0.6964, lr: 0.0007297252973710753
2026-09-28 14:40:54 - train: epoch 106, iter:20, loss: 0.5925, lr: 0.0007297252973710753
2026-09-29 04:26:46 - #----------Config info----------#
2026-09-29 04:26:46 - network: ege_wave_unet,
2026-09-29 04:26:46 - wave_mode: full,
2026-09-29 04:26:46 - fusion_type: scalar,
2026-09-29 04:26:46 - seed: 43,
2026-09-29 04:26:46 - work_dir: results/stability_wave_v1_seed43_v1_20260914/,
2026-09-29 04:26:46 - epochs: 300,
2026-09-29 04:26:46 - val_interval: 10,
2026-09-29 04:26:46 - save_interval: 10,
2026-09-29 04:26:46 - num_workers: 0,
2026-09-29 04:26:46 - batch_size: 64,
2026-09-29 04:26:46 - gradient_accumulation_steps: 1,
2026-09-29 04:27:11 - resuming model from results/stability_wave_v1_seed43_v1_20260914/checkpoints/latest.pth. resume_epoch: 105, min_loss: 0.7944, min_epoch: 100, loss: 0.8116
2026-09-29 04:27:14 - train: epoch 106, iter:0, loss: 0.7004, lr: 0.0007297252973710753
2026-09-29 04:27:29 - train: epoch 106, iter:20, loss: 0.5780, lr: 0.0007297252973710753
2026-09-29 04:28:48 - val epoch: 106, loss: 0.8020
2026-09-29 04:28:48 - wave mode=full, epoch 106, alpha: 0.1273
2026-09-29 04:28:49 - train: epoch 107, iter:0, loss: 0.6087, lr: 0.0007250944136965387
2026-09-29 04:29:01 - train: epoch 107, iter:20, loss: 0.5860, lr: 0.0007250944136965387
2026-09-29 04:29:24 - val epoch: 107, loss: 0.8336
2026-09-29 04:29:24 - wave mode=full, epoch 107, alpha: 0.1275
2026-09-29 04:29:25 - train: epoch 108, iter:0, loss: 0.5206, lr: 0.0007204393941893019
2026-09-29 04:29:36 - train: epoch 108, iter:20, loss: 0.5878, lr: 0.0007204393941893019
2026-09-29 04:29:58 - val epoch: 108, loss: 0.8302
2026-09-29 04:29:58 - wave mode=full, epoch 108, alpha: 0.1278
2026-09-29 04:29:59 - train: epoch 109, iter:0, loss: 0.6309, lr: 0.0007157607493247106
2026-09-29 04:30:11 - train: epoch 109, iter:20, loss: 0.5784, lr: 0.0007157607493247106
2026-09-29 04:30:36 - val epoch: 109, loss: 0.8292
2026-09-29 04:30:36 - wave mode=full, epoch 109, alpha: 0.1278
2026-09-29 04:30:37 - train: epoch 110, iter:0, loss: 0.6863, lr: 0.0007110589921688983
2026-09-29 04:30:49 - train: epoch 110, iter:20, loss: 0.5914, lr: 0.0007110589921688983
2026-09-29 04:31:12 - val epoch: 110, loss: 0.7951, miou: 0.7936740284203733, f1_or_dsc: 0.8849701961948288, accuracy: 0.9427089880008509,                 specificity: 0.9547214762605472, sensitivity: 0.9053717065188492, confusion_matrix: [[38249481  1814016]
 [ 1219720 11669871]]
2026-09-29 04:31:12 - wave mode=full, epoch 110, alpha: 0.1276
2026-09-29 04:31:13 - train: epoch 111, iter:0, loss: 0.5752, lr: 0.0007063346383225208
2026-09-29 04:31:25 - train: epoch 111, iter:20, loss: 0.5879, lr: 0.0007063346383225208
2026-09-29 04:31:48 - val epoch: 111, loss: 0.8303
2026-09-29 04:31:48 - wave mode=full, epoch 111, alpha: 0.1281
2026-09-29 04:31:49 - train: epoch 112, iter:0, loss: 0.6255, lr: 0.0007015882058642161
2026-09-29 04:32:01 - train: epoch 112, iter:20, loss: 0.5634, lr: 0.0007015882058642161
2026-09-29 04:32:23 - val epoch: 112, loss: 0.7972
2026-09-29 04:32:23 - wave mode=full, epoch 112, alpha: 0.1282
2026-09-29 04:32:24 - train: epoch 113, iter:0, loss: 0.6748, lr: 0.0006968202152937907
2026-09-29 04:32:36 - train: epoch 113, iter:20, loss: 0.6119, lr: 0.0006968202152937907
2026-09-29 04:32:59 - val epoch: 113, loss: 0.7979
2026-09-29 04:32:59 - wave mode=full, epoch 113, alpha: 0.1283
2026-09-29 04:32:59 - train: epoch 114, iter:0, loss: 0.5216, lr: 0.000692031189475141
2026-09-29 04:33:11 - train: epoch 114, iter:20, loss: 0.5764, lr: 0.000692031189475141
2026-09-29 04:33:34 - val epoch: 114, loss: 0.8272
2026-09-29 04:33:34 - wave mode=full, epoch 114, alpha: 0.1286
2026-09-29 04:33:34 - train: epoch 115, iter:0, loss: 0.6409, lr: 0.0006872216535789155
2026-09-29 04:33:46 - train: epoch 115, iter:20, loss: 0.5862, lr: 0.0006872216535789155
2026-09-29 04:34:08 - val epoch: 115, loss: 0.8276
2026-09-29 04:34:08 - wave mode=full, epoch 115, alpha: 0.1285
2026-09-29 04:34:09 - train: epoch 116, iter:0, loss: 0.5590, lr: 0.0006823921350249233
2026-09-29 04:34:20 - train: epoch 116, iter:20, loss: 0.5474, lr: 0.0006823921350249233
2026-09-29 04:34:43 - val epoch: 116, loss: 0.7907
2026-09-29 04:34:43 - wave mode=full, epoch 116, alpha: 0.1288
2026-09-29 04:34:43 - train: epoch 117, iter:0, loss: 0.6275, lr: 0.0006775431634242984
2026-09-29 04:34:55 - train: epoch 117, iter:20, loss: 0.5927, lr: 0.0006775431634242984
2026-09-29 04:35:19 - val epoch: 117, loss: 0.7942
2026-09-29 04:35:19 - wave mode=full, epoch 117, alpha: 0.1291
2026-09-29 04:35:20 - train: epoch 118, iter:0, loss: 0.4576, lr: 0.0006726752705214191
2026-09-29 04:35:32 - train: epoch 118, iter:20, loss: 0.5577, lr: 0.0006726752705214191
2026-09-29 04:35:54 - val epoch: 118, loss: 0.8150
2026-09-29 04:35:54 - wave mode=full, epoch 118, alpha: 0.1294
2026-09-29 04:35:55 - train: epoch 119, iter:0, loss: 0.4817, lr: 0.0006677889901355985
2026-09-29 04:36:07 - train: epoch 119, iter:20, loss: 0.5730, lr: 0.0006677889901355985
2026-09-29 04:36:29 - val epoch: 119, loss: 0.7939
2026-09-29 04:36:29 - wave mode=full, epoch 119, alpha: 0.1295
2026-09-29 04:36:30 - train: epoch 120, iter:0, loss: 0.5627, lr: 0.0006628848581025445
2026-09-29 04:36:42 - train: epoch 120, iter:20, loss: 0.5689, lr: 0.0006628848581025445
2026-09-29 04:37:04 - val epoch: 120, loss: 0.8287, miou: 0.7862489412722314, f1_or_dsc: 0.8803352355940224, accuracy: 0.9394781471479057,                 specificity: 0.9474923519532007, sensitivity: 0.9145683520912339, confusion_matrix: [[37959857  2103640]
 [ 1101179 11788412]]
2026-09-29 04:37:04 - wave mode=full, epoch 120, alpha: 0.1295
2026-09-29 04:37:05 - train: epoch 121, iter:0, loss: 0.5814, lr: 0.0006579634122155989
2026-09-29 04:37:16 - train: epoch 121, iter:20, loss: 0.5489, lr: 0.0006579634122155989
2026-09-29 04:37:39 - val epoch: 121, loss: 0.8028
2026-09-29 04:37:39 - wave mode=full, epoch 121, alpha: 0.1298
2026-09-29 04:37:39 - train: epoch 122, iter:0, loss: 0.6587, lr: 0.0006530251921667629
2026-09-29 04:37:51 - train: epoch 122, iter:20, loss: 0.5440, lr: 0.0006530251921667629
2026-09-29 04:38:37 - val epoch: 122, loss: 0.8158
2026-09-29 04:38:37 - wave mode=full, epoch 122, alpha: 0.1299
2026-09-29 04:38:38 - train: epoch 123, iter:0, loss: 0.5650, lr: 0.0006480707394875134
2026-09-29 04:38:49 - train: epoch 123, iter:20, loss: 0.5651, lr: 0.0006480707394875134
2026-09-29 04:39:12 - val epoch: 123, loss: 0.8213
2026-09-29 04:39:12 - wave mode=full, epoch 123, alpha: 0.1297
2026-09-29 04:39:13 - train: epoch 124, iter:0, loss: 0.4442, lr: 0.0006431005974894185
2026-09-29 04:39:24 - train: epoch 124, iter:20, loss: 0.5763, lr: 0.0006431005974894185
2026-09-29 04:39:48 - val epoch: 124, loss: 0.8176
2026-09-29 04:39:48 - wave mode=full, epoch 124, alpha: 0.1300
2026-09-29 04:39:49 - train: epoch 125, iter:0, loss: 0.5108, lr: 0.0006381153112045565
2026-09-29 04:40:00 - train: epoch 125, iter:20, loss: 0.5947, lr: 0.0006381153112045565
2026-09-29 04:40:25 - val epoch: 125, loss: 0.8030
2026-09-29 04:40:25 - wave mode=full, epoch 125, alpha: 0.1301
2026-09-29 04:40:25 - train: epoch 126, iter:0, loss: 0.6117, lr: 0.0006331154273257479
2026-09-29 04:40:37 - train: epoch 126, iter:20, loss: 0.5833, lr: 0.0006331154273257479
2026-09-29 04:41:00 - val epoch: 126, loss: 0.8078
2026-09-29 04:41:00 - wave mode=full, epoch 126, alpha: 0.1301
2026-09-29 04:41:00 - train: epoch 127, iter:0, loss: 0.4601, lr: 0.000628101494146603
2026-09-29 04:41:12 - train: epoch 127, iter:20, loss: 0.5426, lr: 0.000628101494146603
2026-09-29 04:41:58 - val epoch: 127, loss: 0.7957
2026-09-29 04:41:58 - wave mode=full, epoch 127, alpha: 0.1302
2026-09-29 04:41:59 - train: epoch 128, iter:0, loss: 0.5402, lr: 0.0006230740615013976
2026-09-29 04:42:11 - train: epoch 128, iter:20, loss: 0.5646, lr: 0.0006230740615013976
2026-09-29 04:42:35 - val epoch: 128, loss: 0.7971
2026-09-29 04:42:35 - wave mode=full, epoch 128, alpha: 0.1306
2026-09-29 04:42:36 - train: epoch 129, iter:0, loss: 0.5500, lr: 0.0006180336807047746
2026-09-29 04:42:47 - train: epoch 129, iter:20, loss: 0.5516, lr: 0.0006180336807047746
2026-09-29 04:43:12 - val epoch: 129, loss: 0.8137
2026-09-29 04:43:12 - wave mode=full, epoch 129, alpha: 0.1305
2026-09-29 04:43:13 - train: epoch 130, iter:0, loss: 0.5516, lr: 0.0006129809044912887
2026-09-29 04:43:24 - train: epoch 130, iter:20, loss: 0.5958, lr: 0.0006129809044912887
2026-09-29 04:43:49 - val epoch: 130, loss: 0.7981, miou: 0.789087230714382, f1_or_dsc: 0.8821115227559918, accuracy: 0.9416262749398109,                 specificity: 0.9559178770640017, sensitivity: 0.897205039322039, confusion_matrix: [[38297413  1766084]
 [ 1324985 11564606]]
2026-09-29 04:43:49 - wave mode=full, epoch 130, alpha: 0.1307
2026-09-29 04:43:50 - train: epoch 131, iter:0, loss: 0.5456, lr: 0.0006079162869547909
2026-09-29 04:44:01 - train: epoch 131, iter:20, loss: 0.5538, lr: 0.0006079162869547909
2026-09-29 04:44:51 - val epoch: 131, loss: 0.8301
2026-09-29 04:44:51 - wave mode=full, epoch 131, alpha: 0.1311
2026-09-29 04:44:51 - train: epoch 132, iter:0, loss: 0.5073, lr: 0.0006028403834876673
2026-09-29 04:45:02 - train: epoch 132, iter:20, loss: 0.5687, lr: 0.0006028403834876673
2026-09-29 04:45:28 - val epoch: 132, loss: 0.8812
2026-09-29 04:45:28 - wave mode=full, epoch 132, alpha: 0.1311
2026-09-29 04:45:28 - train: epoch 133, iter:0, loss: 0.6194, lr: 0.0005977537507199337
2026-09-29 04:45:39 - train: epoch 133, iter:20, loss: 0.5551, lr: 0.0005977537507199337
2026-09-29 04:46:04 - val epoch: 133, loss: 0.8435
2026-09-29 04:46:04 - wave mode=full, epoch 133, alpha: 0.1313
2026-09-29 04:46:05 - train: epoch 134, iter:0, loss: 0.5749, lr: 0.0005926569464581937
2026-09-29 04:46:16 - train: epoch 134, iter:20, loss: 0.5806, lr: 0.0005926569464581937
2026-09-29 04:46:41 - val epoch: 134, loss: 0.7907
2026-09-29 04:46:41 - wave mode=full, epoch 134, alpha: 0.1314
2026-09-29 04:46:42 - train: epoch 135, iter:0, loss: 0.6575, lr: 0.0005875505296244705
2026-09-29 04:46:53 - train: epoch 135, iter:20, loss: 0.5345, lr: 0.0005875505296244705
2026-09-29 04:47:42 - val epoch: 135, loss: 0.8034
2026-09-29 04:47:42 - wave mode=full, epoch 135, alpha: 0.1315
2026-09-29 04:47:42 - train: epoch 136, iter:0, loss: 0.6110, lr: 0.0005824350601949142
2026-09-29 04:47:54 - train: epoch 136, iter:20, loss: 0.5474, lr: 0.0005824350601949142
2026-09-29 04:48:19 - val epoch: 136, loss: 0.8377
2026-09-29 04:48:19 - wave mode=full, epoch 136, alpha: 0.1316
2026-09-29 04:48:20 - train: epoch 137, iter:0, loss: 0.5463, lr: 0.0005773110991383937
2026-09-29 04:48:31 - train: epoch 137, iter:20, loss: 0.5630, lr: 0.0005773110991383937
2026-09-29 04:48:57 - val epoch: 137, loss: 0.7979
2026-09-29 04:48:57 - wave mode=full, epoch 137, alpha: 0.1315
2026-09-29 04:48:58 - train: epoch 138, iter:0, loss: 0.4918, lr: 0.0005721792083549806
2026-09-29 04:49:09 - train: epoch 138, iter:20, loss: 0.5652, lr: 0.0005721792083549806
2026-09-29 04:49:33 - val epoch: 138, loss: 0.9058
2026-09-29 04:49:33 - wave mode=full, epoch 138, alpha: 0.1317
2026-09-29 04:49:34 - train: epoch 139, iter:0, loss: 0.5841, lr: 0.0005670399506143306
2026-09-29 04:49:45 - train: epoch 139, iter:20, loss: 0.5680, lr: 0.0005670399506143306
2026-09-29 04:50:10 - val epoch: 139, loss: 0.7951
2026-09-29 04:50:10 - wave mode=full, epoch 139, alpha: 0.1319
2026-09-29 04:50:11 - train: epoch 140, iter:0, loss: 0.4971, lr: 0.000561893889493969
2026-09-29 04:50:22 - train: epoch 140, iter:20, loss: 0.5401, lr: 0.000561893889493969
2026-09-29 04:50:44 - val epoch: 140, loss: 0.8151, miou: 0.7846472627017496, f1_or_dsc: 0.8793303630364292, accuracy: 0.9401023789207534,                 specificity: 0.9541069517720832, sensitivity: 0.8965732892533208, confusion_matrix: [[38224861  1838636]
 [ 1333128 11556463]]
2026-09-29 04:50:44 - wave mode=full, epoch 140, alpha: 0.1319
2026-09-29 04:50:45 - train: epoch 141, iter:0, loss: 0.6123, lr: 0.0005567415893174885
2026-09-29 04:50:56 - train: epoch 141, iter:20, loss: 0.5359, lr: 0.0005567415893174885
2026-09-29 04:51:18 - val epoch: 141, loss: 0.8013
2026-09-29 04:51:18 - wave mode=full, epoch 141, alpha: 0.1320
2026-09-29 04:51:19 - train: epoch 142, iter:0, loss: 0.5065, lr: 0.0005515836150926646
2026-09-29 04:51:30 - train: epoch 142, iter:20, loss: 0.5544, lr: 0.0005515836150926646
2026-09-29 04:51:52 - val epoch: 142, loss: 0.7823
2026-09-29 04:51:52 - wave mode=full, epoch 142, alpha: 0.1321
2026-09-29 04:51:53 - train: epoch 143, iter:0, loss: 0.5858, lr: 0.0005464205324494961
2026-09-29 04:52:05 - train: epoch 143, iter:20, loss: 0.5623, lr: 0.0005464205324494961
2026-09-29 04:52:53 - val epoch: 143, loss: 0.8394
2026-09-29 04:52:53 - wave mode=full, epoch 143, alpha: 0.1324
2026-09-29 04:52:54 - train: epoch 144, iter:0, loss: 0.5377, lr: 0.0005412529075781776
2026-09-29 04:53:05 - train: epoch 144, iter:20, loss: 0.5523, lr: 0.0005412529075781776
2026-09-29 04:53:30 - val epoch: 144, loss: 0.8077
2026-09-29 04:53:30 - wave mode=full, epoch 144, alpha: 0.1325
2026-09-29 04:53:31 - train: epoch 145, iter:0, loss: 0.4988, lr: 0.0005360813071670101
2026-09-29 04:53:43 - train: epoch 145, iter:20, loss: 0.5492, lr: 0.0005360813071670101
2026-09-29 04:54:07 - val epoch: 145, loss: 0.8027
2026-09-29 04:54:07 - wave mode=full, epoch 145, alpha: 0.1327
2026-09-29 04:54:08 - train: epoch 146, iter:0, loss: 0.3863, lr: 0.0005309062983402573
2026-09-29 04:54:20 - train: epoch 146, iter:20, loss: 0.5437, lr: 0.0005309062983402573
2026-09-29 04:54:42 - val epoch: 146, loss: 0.8211
2026-09-29 04:54:42 - wave mode=full, epoch 146, alpha: 0.1327
2026-09-29 04:54:43 - train: epoch 147, iter:0, loss: 0.5879, lr: 0.0005257284485959538
2026-09-29 04:54:54 - train: epoch 147, iter:20, loss: 0.5435, lr: 0.0005257284485959538
2026-09-29 04:55:16 - val epoch: 147, loss: 0.7975
2026-09-29 04:55:16 - wave mode=full, epoch 147, alpha: 0.1328
2026-09-29 04:55:16 - train: epoch 148, iter:0, loss: 0.5582, lr: 0.0005205483257436734
2026-09-29 04:55:28 - train: epoch 148, iter:20, loss: 0.5463, lr: 0.0005205483257436734
2026-09-29 04:55:50 - val epoch: 148, loss: 0.8003
2026-09-29 04:55:50 - wave mode=full, epoch 148, alpha: 0.1329
2026-09-29 04:55:50 - train: epoch 149, iter:0, loss: 0.5152, lr: 0.0005153664978422616
2026-09-29 04:56:02 - train: epoch 149, iter:20, loss: 0.5564, lr: 0.0005153664978422616
2026-09-29 04:56:24 - val epoch: 149, loss: 0.7958
2026-09-29 04:56:24 - wave mode=full, epoch 149, alpha: 0.1329
2026-09-29 04:56:25 - train: epoch 150, iter:0, loss: 0.5514, lr: 0.0005101835331375416
2026-09-29 04:56:36 - train: epoch 150, iter:20, loss: 0.5428, lr: 0.0005101835331375416
2026-09-29 04:57:00 - val epoch: 150, loss: 0.7898, miou: 0.7946892637676514, f1_or_dsc: 0.8856009558995561, accuracy: 0.9437843171676786,                 specificity: 0.9598293179449612, sensitivity: 0.8939131582995923, confusion_matrix: [[38454119  1609378]
 [ 1367416 11522175]]
2026-09-29 04:57:00 - wave mode=full, epoch 150, alpha: 0.1331
2026-09-29 04:57:01 - train: epoch 151, iter:0, loss: 0.4801, lr: 0.0005049999999999999
2026-09-29 04:57:12 - train: epoch 151, iter:20, loss: 0.5368, lr: 0.0005049999999999999
2026-09-29 04:57:35 - val epoch: 151, loss: 0.8411
2026-09-29 04:57:35 - wave mode=full, epoch 151, alpha: 0.1330
2026-09-29 04:57:35 - train: epoch 152, iter:0, loss: 0.7775, lr: 0.0004998164668624582
2026-09-29 04:57:47 - train: epoch 152, iter:20, loss: 0.5481, lr: 0.0004998164668624582
2026-09-29 04:58:08 - val epoch: 152, loss: 0.7950
2026-09-29 04:58:08 - wave mode=full, epoch 152, alpha: 0.1331
2026-09-29 04:58:09 - train: epoch 153, iter:0, loss: 0.6089, lr: 0.0004946335021577383
2026-09-29 04:58:21 - train: epoch 153, iter:20, loss: 0.5467, lr: 0.0004946335021577383
2026-09-29 04:59:15 - val epoch: 153, loss: 0.8009
2026-09-29 04:59:15 - wave mode=full, epoch 153, alpha: 0.1331
2026-09-29 04:59:16 - train: epoch 154, iter:0, loss: 0.5816, lr: 0.0004894516742563263
2026-09-29 04:59:27 - train: epoch 154, iter:20, loss: 0.5259, lr: 0.0004894516742563263
2026-09-29 04:59:49 - val epoch: 154, loss: 0.8062
2026-09-29 04:59:49 - wave mode=full, epoch 154, alpha: 0.1332
2026-09-29 04:59:50 - train: epoch 155, iter:0, loss: 0.4972, lr: 0.000484271551404046
2026-09-29 05:00:01 - train: epoch 155, iter:20, loss: 0.5516, lr: 0.000484271551404046
2026-09-29 05:00:24 - val epoch: 155, loss: 0.7910
2026-09-29 05:00:24 - wave mode=full, epoch 155, alpha: 0.1333
2026-09-29 05:00:25 - train: epoch 156, iter:0, loss: 0.4277, lr: 0.0004790937016597426
2026-09-29 05:00:36 - train: epoch 156, iter:20, loss: 0.5237, lr: 0.0004790937016597426
2026-09-29 05:00:59 - val epoch: 156, loss: 0.7913
2026-09-29 05:00:59 - wave mode=full, epoch 156, alpha: 0.1335
2026-09-29 05:00:59 - train: epoch 157, iter:0, loss: 0.5483, lr: 0.0004739186928329898
2026-09-29 05:01:11 - train: epoch 157, iter:20, loss: 0.5214, lr: 0.0004739186928329898
2026-09-29 05:01:33 - val epoch: 157, loss: 0.7965
2026-09-29 05:01:33 - wave mode=full, epoch 157, alpha: 0.1338
2026-09-29 05:01:34 - train: epoch 158, iter:0, loss: 0.5926, lr: 0.0004687470924218222
2026-09-29 05:01:45 - train: epoch 158, iter:20, loss: 0.5389, lr: 0.0004687470924218222
2026-09-29 05:02:07 - val epoch: 158, loss: 0.8161
2026-09-29 05:02:07 - wave mode=full, epoch 158, alpha: 0.1338
2026-09-29 05:02:08 - train: epoch 159, iter:0, loss: 0.5968, lr: 0.00046357946755050356
2026-09-29 05:02:20 - train: epoch 159, iter:20, loss: 0.5378, lr: 0.00046357946755050356
2026-09-29 05:02:42 - val epoch: 159, loss: 0.7831
2026-09-29 05:02:42 - wave mode=full, epoch 159, alpha: 0.1341
2026-09-29 05:02:43 - train: epoch 160, iter:0, loss: 0.4637, lr: 0.00045841638490733513
2026-09-29 05:02:54 - train: epoch 160, iter:20, loss: 0.5275, lr: 0.00045841638490733513
2026-09-29 05:03:17 - val epoch: 160, loss: 0.7843, miou: 0.7975353377337558, f1_or_dsc: 0.88736540638945, accuracy: 0.9444305873153234,                 specificity: 0.9589610213007617, sensitivity: 0.8992670132046858, confusion_matrix: [[38419332  1644165]
 [ 1298407 11591184]]
2026-09-29 05:03:17 - wave mode=full, epoch 160, alpha: 0.1341
2026-09-29 05:03:17 - train: epoch 161, iter:0, loss: 0.6880, lr: 0.00045325841068251133
2026-09-29 05:03:29 - train: epoch 161, iter:20, loss: 0.5320, lr: 0.00045325841068251133
2026-09-29 05:03:50 - val epoch: 161, loss: 0.7998
2026-09-29 05:03:50 - wave mode=full, epoch 161, alpha: 0.1342
2026-09-29 05:03:51 - train: epoch 162, iter:0, loss: 0.4117, lr: 0.0004481061105060308
2026-09-29 05:04:02 - train: epoch 162, iter:20, loss: 0.5328, lr: 0.0004481061105060308
2026-09-29 05:04:23 - val epoch: 162, loss: 0.8038
2026-09-29 05:04:23 - wave mode=full, epoch 162, alpha: 0.1343
2026-09-29 05:04:24 - train: epoch 163, iter:0, loss: 0.4814, lr: 0.0004429600493856691
2026-09-29 05:04:35 - train: epoch 163, iter:20, loss: 0.5378, lr: 0.0004429600493856691
2026-09-29 05:04:57 - val epoch: 163, loss: 0.8175
2026-09-29 05:04:57 - wave mode=full, epoch 163, alpha: 0.1344
2026-09-29 05:04:57 - train: epoch 164, iter:0, loss: 0.4292, lr: 0.000437820791645019
2026-09-29 05:05:09 - train: epoch 164, iter:20, loss: 0.5388, lr: 0.000437820791645019
2026-09-29 05:05:31 - val epoch: 164, loss: 0.7887
2026-09-29 05:05:31 - wave mode=full, epoch 164, alpha: 0.1343
2026-09-29 05:05:31 - train: epoch 165, iter:0, loss: 0.4892, lr: 0.00043268890086160604
2026-09-29 05:05:43 - train: epoch 165, iter:20, loss: 0.5242, lr: 0.00043268890086160604
2026-09-29 05:06:04 - val epoch: 165, loss: 0.8076
2026-09-29 05:06:04 - wave mode=full, epoch 165, alpha: 0.1344
2026-09-29 05:06:05 - train: epoch 166, iter:0, loss: 0.4316, lr: 0.0004275649398050855
2026-09-29 05:06:16 - train: epoch 166, iter:20, loss: 0.5307, lr: 0.0004275649398050855
2026-09-29 05:06:39 - val epoch: 166, loss: 0.7901
2026-09-29 05:06:39 - wave mode=full, epoch 166, alpha: 0.1345
2026-09-29 05:06:40 - train: epoch 167, iter:0, loss: 0.4488, lr: 0.0004224494703755289
2026-09-29 05:06:52 - train: epoch 167, iter:20, loss: 0.5307, lr: 0.0004224494703755289
2026-09-29 05:07:16 - val epoch: 167, loss: 0.8261
2026-09-29 05:07:16 - wave mode=full, epoch 167, alpha: 0.1345
2026-09-29 05:07:16 - train: epoch 168, iter:0, loss: 0.5586, lr: 0.00041734305354180595
2026-09-29 05:07:28 - train: epoch 168, iter:20, loss: 0.5376, lr: 0.00041734305354180595
2026-09-29 05:07:53 - val epoch: 168, loss: 0.7847
2026-09-29 05:07:53 - wave mode=full, epoch 168, alpha: 0.1346
2026-09-29 05:07:54 - train: epoch 169, iter:0, loss: 0.5037, lr: 0.000412246249280066
2026-09-29 05:08:05 - train: epoch 169, iter:20, loss: 0.5246, lr: 0.000412246249280066
2026-09-29 05:08:29 - val epoch: 169, loss: 0.8006
2026-09-29 05:08:29 - wave mode=full, epoch 169, alpha: 0.1347
2026-09-29 05:08:30 - train: epoch 170, iter:0, loss: 0.5544, lr: 0.0004071596165123322
2026-09-29 05:08:42 - train: epoch 170, iter:20, loss: 0.5290, lr: 0.0004071596165123322
2026-09-29 05:09:04 - val epoch: 170, loss: 0.8035, miou: 0.7955025119794972, f1_or_dsc: 0.8861057076466858, accuracy: 0.9456052685728168,                 specificity: 0.9701594696039639, sensitivity: 0.8692857670968769, confusion_matrix: [[38867981  1195516]
 [ 1684853 11204738]]
2026-09-29 05:09:04 - wave mode=full, epoch 170, alpha: 0.1348
2026-09-29 05:09:04 - train: epoch 171, iter:0, loss: 0.6464, lr: 0.0004020837130452088
2026-09-29 05:09:16 - train: epoch 171, iter:20, loss: 0.5353, lr: 0.0004020837130452088
2026-09-29 05:09:38 - val epoch: 171, loss: 0.7991
2026-09-29 05:09:38 - wave mode=full, epoch 171, alpha: 0.1349
2026-09-29 05:09:39 - train: epoch 172, iter:0, loss: 0.3553, lr: 0.00039701909550871116
2026-09-29 05:09:50 - train: epoch 172, iter:20, loss: 0.5208, lr: 0.00039701909550871116
2026-09-29 05:10:12 - val epoch: 172, loss: 0.7766
2026-09-29 05:10:12 - wave mode=full, epoch 172, alpha: 0.1348
2026-09-29 05:10:13 - train: epoch 173, iter:0, loss: 0.6766, lr: 0.0003919663192952252
2026-09-29 05:10:25 - train: epoch 173, iter:20, loss: 0.5106, lr: 0.0003919663192952252
2026-09-29 05:10:48 - val epoch: 173, loss: 0.7921
2026-09-29 05:10:48 - wave mode=full, epoch 173, alpha: 0.1348
2026-09-29 05:10:48 - train: epoch 174, iter:0, loss: 0.4305, lr: 0.0003869259384986023
2026-09-29 05:11:00 - train: epoch 174, iter:20, loss: 0.5115, lr: 0.0003869259384986023
2026-09-29 05:11:47 - val epoch: 174, loss: 0.7980
2026-09-29 05:11:47 - wave mode=full, epoch 174, alpha: 0.1349
2026-09-29 05:11:48 - train: epoch 175, iter:0, loss: 0.5365, lr: 0.0003818985058533967
2026-09-29 05:12:00 - train: epoch 175, iter:20, loss: 0.5274, lr: 0.0003818985058533967
2026-09-29 05:12:22 - val epoch: 175, loss: 0.8015
2026-09-29 05:12:22 - wave mode=full, epoch 175, alpha: 0.1350
2026-09-29 05:12:23 - train: epoch 176, iter:0, loss: 0.5939, lr: 0.00037688457267425206
2026-09-29 05:12:35 - train: epoch 176, iter:20, loss: 0.5349, lr: 0.00037688457267425206
2026-09-29 05:12:57 - val epoch: 176, loss: 0.7958
2026-09-29 05:12:57 - wave mode=full, epoch 176, alpha: 0.1350
2026-09-29 05:12:58 - train: epoch 177, iter:0, loss: 0.5287, lr: 0.0003718846887954434
2026-09-29 05:13:10 - train: epoch 177, iter:20, loss: 0.5235, lr: 0.0003718846887954434
2026-09-29 05:13:32 - val epoch: 177, loss: 0.7894
2026-09-29 05:13:32 - wave mode=full, epoch 177, alpha: 0.1350
2026-09-29 05:13:33 - train: epoch 178, iter:0, loss: 0.5245, lr: 0.0003668994025105812
2026-09-29 05:13:44 - train: epoch 178, iter:20, loss: 0.5186, lr: 0.0003668994025105812
2026-09-29 05:14:32 - val epoch: 178, loss: 0.7893
2026-09-29 05:14:32 - wave mode=full, epoch 178, alpha: 0.1352
2026-09-29 05:14:32 - train: epoch 179, iter:0, loss: 0.5248, lr: 0.0003619292605124862
2026-09-29 05:14:44 - train: epoch 179, iter:20, loss: 0.5278, lr: 0.0003619292605124862
2026-09-29 05:15:06 - val epoch: 179, loss: 0.8033
2026-09-29 05:15:06 - wave mode=full, epoch 179, alpha: 0.1354
2026-09-29 05:15:07 - train: epoch 180, iter:0, loss: 0.4425, lr: 0.00035697480783323686
2026-09-29 05:15:19 - train: epoch 180, iter:20, loss: 0.5248, lr: 0.00035697480783323686
2026-09-29 05:15:41 - val epoch: 180, loss: 0.8230, miou: 0.7869820300203683, f1_or_dsc: 0.8807945651377347, accuracy: 0.938993775018371,                 specificity: 0.9431990172999626, sensitivity: 0.9259230180383535, confusion_matrix: [[37787851  2275646]
 [  954822 11934769]]
2026-09-29 05:15:41 - wave mode=full, epoch 180, alpha: 0.1354
2026-09-29 05:15:42 - train: epoch 181, iter:0, loss: 0.5844, lr: 0.00035203658778440076
2026-09-29 05:15:53 - train: epoch 181, iter:20, loss: 0.5144, lr: 0.00035203658778440076
2026-09-29 05:16:15 - val epoch: 181, loss: 0.7692
2026-09-29 05:16:15 - wave mode=full, epoch 181, alpha: 0.1355
2026-09-29 05:16:16 - train: epoch 182, iter:0, loss: 0.4909, lr: 0.00034711514189745505
2026-09-29 05:16:27 - train: epoch 182, iter:20, loss: 0.5140, lr: 0.00034711514189745505
2026-09-29 05:16:50 - val epoch: 182, loss: 0.7896
2026-09-29 05:16:50 - wave mode=full, epoch 182, alpha: 0.1357
2026-09-29 05:16:51 - train: epoch 183, iter:0, loss: 0.5282, lr: 0.00034221100986440094
2026-09-29 05:17:03 - train: epoch 183, iter:20, loss: 0.5056, lr: 0.00034221100986440094
2026-09-29 05:17:25 - val epoch: 183, loss: 0.8021
2026-09-29 05:17:25 - wave mode=full, epoch 183, alpha: 0.1359
2026-09-29 05:17:26 - train: epoch 184, iter:0, loss: 0.5516, lr: 0.0003373247294785804
2026-09-29 05:17:37 - train: epoch 184, iter:20, loss: 0.5352, lr: 0.0003373247294785804
2026-09-29 05:17:59 - val epoch: 184, loss: 0.7935
2026-09-29 05:17:59 - wave mode=full, epoch 184, alpha: 0.1360
2026-09-29 05:18:00 - train: epoch 185, iter:0, loss: 0.4327, lr: 0.0003324568365757012
2026-09-29 05:18:12 - train: epoch 185, iter:20, loss: 0.5085, lr: 0.0003324568365757012
2026-09-29 05:18:34 - val epoch: 185, loss: 0.7844
2026-09-29 05:18:34 - wave mode=full, epoch 185, alpha: 0.1359
2026-09-29 05:18:34 - train: epoch 186, iter:0, loss: 0.4661, lr: 0.0003276078649750761
2026-09-29 05:18:46 - train: epoch 186, iter:20, loss: 0.5146, lr: 0.0003276078649750761
2026-09-29 05:19:08 - val epoch: 186, loss: 0.7791
2026-09-29 05:19:08 - wave mode=full, epoch 186, alpha: 0.1359
2026-09-29 05:19:09 - train: epoch 187, iter:0, loss: 0.5257, lr: 0.00032277834642108417
2026-09-29 05:19:20 - train: epoch 187, iter:20, loss: 0.5362, lr: 0.00032277834642108417
2026-09-29 05:19:42 - val epoch: 187, loss: 0.8011
2026-09-29 05:19:42 - wave mode=full, epoch 187, alpha: 0.1361
2026-09-29 05:19:43 - train: epoch 188, iter:0, loss: 0.4412, lr: 0.00031796881052485835
2026-09-29 05:19:55 - train: epoch 188, iter:20, loss: 0.5139, lr: 0.00031796881052485835
2026-09-29 05:20:17 - val epoch: 188, loss: 0.7991
2026-09-29 05:20:17 - wave mode=full, epoch 188, alpha: 0.1361
2026-09-29 05:20:18 - train: epoch 189, iter:0, loss: 0.4834, lr: 0.00031317978470620867
2026-09-29 05:20:30 - train: epoch 189, iter:20, loss: 0.5116, lr: 0.00031317978470620867
2026-09-29 05:20:53 - val epoch: 189, loss: 0.7967
2026-09-29 05:20:53 - wave mode=full, epoch 189, alpha: 0.1361
2026-09-29 05:20:53 - train: epoch 190, iter:0, loss: 0.5672, lr: 0.00030841179413578315
2026-09-29 05:21:05 - train: epoch 190, iter:20, loss: 0.5129, lr: 0.00030841179413578315
2026-09-29 05:21:27 - val epoch: 190, loss: 0.7816, miou: 0.8010348677490634, f1_or_dsc: 0.8895273290851923, accuracy: 0.9463957796002379,                 specificity: 0.9656352265005723, sensitivity: 0.8865956258813797, confusion_matrix: [[38686724  1376773]
 [ 1461736 11427855]]
2026-09-29 05:21:27 - wave mode=full, epoch 190, alpha: 0.1361
2026-09-29 05:21:28 - train: epoch 191, iter:0, loss: 0.5436, lr: 0.0003036653616774785
2026-09-29 05:21:39 - train: epoch 191, iter:20, loss: 0.5245, lr: 0.0003036653616774785
2026-09-29 05:22:02 - val epoch: 191, loss: 0.7805
2026-09-29 05:22:02 - wave mode=full, epoch 191, alpha: 0.1362
2026-09-29 05:22:02 - train: epoch 192, iter:0, loss: 0.5116, lr: 0.0002989410078311011
2026-09-29 05:22:14 - train: epoch 192, iter:20, loss: 0.5127, lr: 0.0002989410078311011
2026-09-29 05:22:37 - val epoch: 192, loss: 0.7916
2026-09-29 05:22:37 - wave mode=full, epoch 192, alpha: 0.1363
2026-09-29 05:22:38 - train: epoch 193, iter:0, loss: 0.5007, lr: 0.00029423925067528865
2026-09-29 05:22:49 - train: epoch 193, iter:20, loss: 0.5288, lr: 0.00029423925067528865
2026-09-29 05:23:12 - val epoch: 193, loss: 0.7840
2026-09-29 05:23:12 - wave mode=full, epoch 193, alpha: 0.1364
2026-09-29 05:23:12 - train: epoch 194, iter:0, loss: 0.4980, lr: 0.0002895606058106975
2026-09-29 05:23:24 - train: epoch 194, iter:20, loss: 0.4965, lr: 0.0002895606058106975
2026-09-29 05:24:11 - val epoch: 194, loss: 0.7926
2026-09-29 05:24:11 - wave mode=full, epoch 194, alpha: 0.1363
2026-09-29 05:24:12 - train: epoch 195, iter:0, loss: 0.4386, lr: 0.0002849055863034606
2026-09-29 05:24:23 - train: epoch 195, iter:20, loss: 0.5163, lr: 0.0002849055863034606
2026-09-29 05:24:46 - val epoch: 195, loss: 0.7885
2026-09-29 05:24:46 - wave mode=full, epoch 195, alpha: 0.1364
2026-09-29 05:24:47 - train: epoch 196, iter:0, loss: 0.5251, lr: 0.00028027470262892396
2026-09-29 05:24:58 - train: epoch 196, iter:20, loss: 0.5076, lr: 0.00028027470262892396
2026-09-29 05:25:21 - val epoch: 196, loss: 0.7761
2026-09-29 05:25:21 - wave mode=full, epoch 196, alpha: 0.1363
2026-09-29 05:25:22 - train: epoch 197, iter:0, loss: 0.4057, lr: 0.0002756684626156682
2026-09-29 05:25:34 - train: epoch 197, iter:20, loss: 0.5138, lr: 0.0002756684626156682
2026-09-29 05:25:56 - val epoch: 197, loss: 0.7764
2026-09-29 05:25:56 - wave mode=full, epoch 197, alpha: 0.1365
2026-09-29 05:25:57 - train: epoch 198, iter:0, loss: 0.4943, lr: 0.000271087371389818
2026-09-29 05:26:09 - train: epoch 198, iter:20, loss: 0.5086, lr: 0.000271087371389818
2026-09-29 05:26:31 - val epoch: 198, loss: 0.7766
2026-09-29 05:26:31 - wave mode=full, epoch 198, alpha: 0.1365
2026-09-29 05:26:32 - train: epoch 199, iter:0, loss: 0.5127, lr: 0.0002665319313196505
2026-09-29 05:26:44 - train: epoch 199, iter:20, loss: 0.4971, lr: 0.0002665319313196505
2026-09-29 05:27:07 - val epoch: 199, loss: 0.7951
2026-09-29 05:27:07 - wave mode=full, epoch 199, alpha: 0.1365
2026-09-29 05:27:07 - train: epoch 200, iter:0, loss: 0.4817, lr: 0.00026200264196050494
2026-09-29 05:27:19 - train: epoch 200, iter:20, loss: 0.5181, lr: 0.00026200264196050494
2026-09-29 05:27:42 - val epoch: 200, loss: 0.7918, miou: 0.7942841471878886, f1_or_dsc: 0.8853493449549105, accuracy: 0.9430816574852066,                 specificity: 0.9560274031994761, sensitivity: 0.9028436200962466, confusion_matrix: [[38301801  1761696]
 [ 1252306 11637285]]
2026-09-29 05:27:42 - wave mode=full, epoch 200, alpha: 0.1366
2026-09-29 05:27:43 - train: epoch 201, iter:0, loss: 0.5621, lr: 0.00025749999999999954
2026-09-29 05:27:54 - train: epoch 201, iter:20, loss: 0.5116, lr: 0.00025749999999999954
2026-09-29 05:28:16 - val epoch: 201, loss: 0.7915
2026-09-29 05:28:16 - wave mode=full, epoch 201, alpha: 0.1367
2026-09-29 05:28:17 - train: epoch 202, iter:0, loss: 0.3992, lr: 0.0002530244992035658
2026-09-29 05:28:29 - train: epoch 202, iter:20, loss: 0.5009, lr: 0.0002530244992035658
2026-09-29 05:28:51 - val epoch: 202, loss: 0.7793
2026-09-29 05:28:51 - wave mode=full, epoch 202, alpha: 0.1367
2026-09-29 05:28:51 - train: epoch 203, iter:0, loss: 0.4172, lr: 0.0002485766303603003
2026-09-29 05:29:03 - train: epoch 203, iter:20, loss: 0.5082, lr: 0.0002485766303603003
2026-09-29 05:29:25 - val epoch: 203, loss: 0.7797
2026-09-29 05:29:25 - wave mode=full, epoch 203, alpha: 0.1368
2026-09-29 05:29:25 - train: epoch 204, iter:0, loss: 0.4709, lr: 0.0002441568812291443
2026-09-29 05:29:37 - train: epoch 204, iter:20, loss: 0.5105, lr: 0.0002441568812291443
2026-09-29 05:29:59 - val epoch: 204, loss: 0.8043
2026-09-29 05:29:59 - wave mode=full, epoch 204, alpha: 0.1370
2026-09-29 05:30:00 - train: epoch 205, iter:0, loss: 0.4922, lr: 0.00023976573648539645
2026-09-29 05:30:11 - train: epoch 205, iter:20, loss: 0.5022, lr: 0.00023976573648539645
2026-09-29 05:30:34 - val epoch: 205, loss: 0.8139
2026-09-29 05:30:34 - wave mode=full, epoch 205, alpha: 0.1371
2026-09-29 05:30:34 - train: epoch 206, iter:0, loss: 0.4672, lr: 0.00023540367766756144
2026-09-29 05:30:46 - train: epoch 206, iter:20, loss: 0.5115, lr: 0.00023540367766756144
2026-09-29 05:31:09 - val epoch: 206, loss: 0.7957
2026-09-29 05:31:09 - wave mode=full, epoch 206, alpha: 0.1371
2026-09-29 05:31:10 - train: epoch 207, iter:0, loss: 0.4331, lr: 0.0002310711831245444
2026-09-29 05:31:22 - train: epoch 207, iter:20, loss: 0.5024, lr: 0.0002310711831245444
2026-09-29 05:31:45 - val epoch: 207, loss: 0.7835
2026-09-29 05:31:45 - wave mode=full, epoch 207, alpha: 0.1371
2026-09-29 05:31:46 - train: epoch 208, iter:0, loss: 0.5102, lr: 0.00022676872796319514
2026-09-29 05:31:58 - train: epoch 208, iter:20, loss: 0.5100, lr: 0.00022676872796319514
2026-09-29 05:32:21 - val epoch: 208, loss: 0.7819
2026-09-29 05:32:21 - wave mode=full, epoch 208, alpha: 0.1371
2026-09-29 05:32:21 - train: epoch 209, iter:0, loss: 0.4734, lr: 0.00022249678399620604
2026-09-29 05:32:33 - train: epoch 209, iter:20, loss: 0.4841, lr: 0.00022249678399620604
2026-09-29 05:32:56 - val epoch: 209, loss: 0.8042
2026-09-29 05:32:56 - wave mode=full, epoch 209, alpha: 0.1371
2026-09-29 05:32:57 - train: epoch 210, iter:0, loss: 0.4212, lr: 0.0002182558196903736
2026-09-29 05:33:09 - train: epoch 210, iter:20, loss: 0.5017, lr: 0.0002182558196903736
2026-09-29 05:33:31 - val epoch: 210, loss: 0.7789, miou: 0.8028693968572439, f1_or_dsc: 0.8906573024721627, accuracy: 0.947252858983408,                 specificity: 0.9680679397507411, sensitivity: 0.8825553114912645, confusion_matrix: [[38784187  1279310]
 [ 1513814 11375777]]
2026-09-29 05:33:31 - wave mode=full, epoch 210, alpha: 0.1372
2026-09-29 05:33:31 - train: epoch 211, iter:0, loss: 0.4242, lr: 0.00021404630011522552
2026-09-29 05:33:43 - train: epoch 211, iter:20, loss: 0.4937, lr: 0.00021404630011522552
2026-09-29 05:34:05 - val epoch: 211, loss: 0.7995
2026-09-29 05:34:05 - wave mode=full, epoch 211, alpha: 0.1372
2026-09-29 05:34:06 - train: epoch 212, iter:0, loss: 0.4487, lr: 0.0002098686868920198
2026-09-29 05:34:18 - train: epoch 212, iter:20, loss: 0.4918, lr: 0.0002098686868920198
2026-09-29 05:34:40 - val epoch: 212, loss: 0.7782
2026-09-29 05:34:40 - wave mode=full, epoch 212, alpha: 0.1372
2026-09-29 05:34:41 - train: epoch 213, iter:0, loss: 0.4888, lr: 0.00020572343814312415
2026-09-29 05:34:53 - train: epoch 213, iter:20, loss: 0.5171, lr: 0.00020572343814312415
2026-09-29 05:35:15 - val epoch: 213, loss: 0.7823
2026-09-29 05:35:15 - wave mode=full, epoch 213, alpha: 0.1372
2026-09-29 05:35:16 - train: epoch 214, iter:0, loss: 0.5324, lr: 0.00020161100844177644
2026-09-29 05:35:28 - train: epoch 214, iter:20, loss: 0.5049, lr: 0.00020161100844177644
2026-09-29 05:35:50 - val epoch: 214, loss: 0.8109
2026-09-29 05:35:50 - wave mode=full, epoch 214, alpha: 0.1374
2026-09-29 05:35:51 - train: epoch 215, iter:0, loss: 0.5631, lr: 0.0001975318487622361
2026-09-29 05:36:03 - train: epoch 215, iter:20, loss: 0.5095, lr: 0.0001975318487622361
2026-09-29 05:36:49 - val epoch: 215, loss: 0.8010
2026-09-29 05:36:49 - wave mode=full, epoch 215, alpha: 0.1374
2026-09-29 05:36:50 - train: epoch 216, iter:0, loss: 0.3984, lr: 0.00019348640643033024
2026-09-29 05:37:02 - train: epoch 216, iter:20, loss: 0.5063, lr: 0.00019348640643033024
2026-09-29 05:37:25 - val epoch: 216, loss: 0.7925
2026-09-29 05:37:25 - wave mode=full, epoch 216, alpha: 0.1373
2026-09-29 05:37:26 - train: epoch 217, iter:0, loss: 0.4849, lr: 0.00018947512507439828
2026-09-29 05:37:37 - train: epoch 217, iter:20, loss: 0.4886, lr: 0.00018947512507439828
2026-09-29 05:38:00 - val epoch: 217, loss: 0.7863
2026-09-29 05:38:00 - wave mode=full, epoch 217, alpha: 0.1374
2026-09-29 05:38:01 - train: epoch 218, iter:0, loss: 0.4565, lr: 0.00018549844457664425
2026-09-29 05:38:13 - train: epoch 218, iter:20, loss: 0.5062, lr: 0.00018549844457664425
2026-09-29 05:38:35 - val epoch: 218, loss: 0.7781
2026-09-29 05:38:35 - wave mode=full, epoch 218, alpha: 0.1373
2026-09-29 05:38:36 - train: epoch 219, iter:0, loss: 0.4182, lr: 0.00018155680102489765
2026-09-29 05:38:47 - train: epoch 219, iter:20, loss: 0.4997, lr: 0.00018155680102489765
2026-09-29 05:39:09 - val epoch: 219, loss: 0.7917
2026-09-29 05:39:09 - wave mode=full, epoch 219, alpha: 0.1373
2026-09-29 05:39:10 - train: epoch 220, iter:0, loss: 0.5500, lr: 0.00017765062666479195
2026-09-29 05:39:22 - train: epoch 220, iter:20, loss: 0.4889, lr: 0.00017765062666479195
2026-09-29 05:40:10 - val epoch: 220, loss: 0.7988, miou: 0.7925906295877319, f1_or_dsc: 0.8842962988934239, accuracy: 0.9424161250048345,                 specificity: 0.9547722456679206, sensitivity: 0.9040107634136724, confusion_matrix: [[38251515  1811982]
 [ 1237262 11652329]]
2026-09-29 05:40:10 - wave mode=full, epoch 220, alpha: 0.1375
2026-09-29 05:40:11 - train: epoch 221, iter:0, loss: 0.3994, lr: 0.00017378034985236489
2026-09-29 05:40:23 - train: epoch 221, iter:20, loss: 0.4676, lr: 0.00017378034985236489
2026-09-29 05:40:46 - val epoch: 221, loss: 0.7832
2026-09-29 05:40:46 - wave mode=full, epoch 221, alpha: 0.1374
2026-09-29 05:40:47 - train: epoch 222, iter:0, loss: 0.4774, lr: 0.0001699463950070827
2026-09-29 05:40:58 - train: epoch 222, iter:20, loss: 0.4937, lr: 0.0001699463950070827
2026-09-29 05:41:42 - #----------Config info----------#
2026-09-29 05:41:42 - network: ege_wave_unet,
2026-09-29 05:41:42 - wave_mode: full,
2026-09-29 05:41:42 - fusion_type: scalar,
2026-09-29 05:41:42 - seed: 43,
2026-09-29 05:41:42 - work_dir: results/stability_wave_v1_seed43_v1_20260914/,
2026-09-29 05:41:42 - epochs: 300,
2026-09-29 05:41:42 - val_interval: 10,
2026-09-29 05:41:42 - save_interval: 10,
2026-09-29 05:41:42 - num_workers: 0,
2026-09-29 05:41:42 - batch_size: 64,
2026-09-29 05:41:42 - gradient_accumulation_steps: 1,
2026-09-29 05:41:43 - resuming model from results/stability_wave_v1_seed43_v1_20260914/checkpoints/latest.pth. resume_epoch: 221, min_loss: 0.7692, min_epoch: 181, loss: 0.7832
2026-09-29 05:41:44 - train: epoch 222, iter:0, loss: 0.5596, lr: 0.0001699463950070827
2026-09-29 05:41:56 - train: epoch 222, iter:20, loss: 0.4901, lr: 0.0001699463950070827
2026-09-29 05:42:22 - val epoch: 222, loss: 0.7872
2026-09-29 05:42:22 - wave mode=full, epoch 222, alpha: 0.1376
2026-09-29 05:42:22 - train: epoch 223, iter:0, loss: 0.5544, lr: 0.0001661491825652988
2026-09-29 05:42:34 - train: epoch 223, iter:20, loss: 0.4899, lr: 0.0001661491825652988
2026-09-29 05:42:57 - val epoch: 223, loss: 0.7916
2026-09-29 05:42:57 - wave mode=full, epoch 223, alpha: 0.1377
2026-09-29 05:42:58 - train: epoch 224, iter:0, loss: 0.4578, lr: 0.0001623891289341484
2026-09-29 05:43:10 - train: epoch 224, iter:20, loss: 0.5064, lr: 0.0001623891289341484
2026-09-29 05:43:33 - val epoch: 224, loss: 0.7804
2026-09-29 05:43:33 - wave mode=full, epoch 224, alpha: 0.1377
2026-09-29 05:43:33 - train: epoch 225, iter:0, loss: 0.5267, lr: 0.0001586666464458838
2026-09-29 05:43:45 - train: epoch 225, iter:20, loss: 0.5006, lr: 0.0001586666464458838
2026-09-29 05:44:34 - val epoch: 225, loss: 0.7949
2026-09-29 05:44:34 - wave mode=full, epoch 225, alpha: 0.1377
2026-09-29 05:44:35 - train: epoch 226, iter:0, loss: 0.5428, lr: 0.00015498214331265874
2026-09-29 05:44:46 - train: epoch 226, iter:20, loss: 0.4958, lr: 0.00015498214331265874
2026-09-29 05:45:57 - val epoch: 226, loss: 0.7917
2026-09-29 05:45:57 - wave mode=full, epoch 226, alpha: 0.1377
2026-09-29 05:45:58 - train: epoch 227, iter:0, loss: 0.4911, lr: 0.00015133602358176218
2026-09-29 05:46:11 - train: epoch 227, iter:20, loss: 0.5081, lr: 0.00015133602358176218
2026-09-29 05:46:35 - val epoch: 227, loss: 0.7931
2026-09-29 05:46:35 - wave mode=full, epoch 227, alpha: 0.1377
2026-09-29 05:46:36 - train: epoch 228, iter:0, loss: 0.4899, lr: 0.00014772868709131046
2026-09-29 05:46:48 - train: epoch 228, iter:20, loss: 0.4894, lr: 0.00014772868709131046
2026-09-29 05:47:11 - val epoch: 228, loss: 0.7871
2026-09-29 05:47:11 - wave mode=full, epoch 228, alpha: 0.1377
2026-09-29 05:47:12 - train: epoch 229, iter:0, loss: 0.5584, lr: 0.00014416052942640113
2026-09-29 05:47:24 - train: epoch 229, iter:20, loss: 0.5105, lr: 0.00014416052942640113
2026-09-29 05:47:46 - val epoch: 229, loss: 0.7838
2026-09-29 05:47:46 - wave mode=full, epoch 229, alpha: 0.1378
2026-09-29 05:47:47 - train: epoch 230, iter:0, loss: 0.4867, lr: 0.0001406319418757314
2026-09-29 05:47:59 - train: epoch 230, iter:20, loss: 0.4921, lr: 0.0001406319418757314
2026-09-29 05:48:22 - val epoch: 230, loss: 0.7927, miou: 0.7975977774120327, f1_or_dsc: 0.8874040538260112, accuracy: 0.9449363935111773,                 specificity: 0.9621521306539966, sensitivity: 0.8914263454907142, confusion_matrix: [[38547179  1516318]
 [ 1399470 11490121]]
2026-09-29 05:48:22 - wave mode=full, epoch 230, alpha: 0.1378
2026-09-29 05:48:23 - train: epoch 231, iter:0, loss: 0.5719, lr: 0.00013714331138868954
2026-09-29 05:48:34 - train: epoch 231, iter:20, loss: 0.4936, lr: 0.00013714331138868954
2026-09-29 05:48:58 - val epoch: 231, loss: 0.7882
2026-09-29 05:48:58 - wave mode=full, epoch 231, alpha: 0.1379
2026-09-29 05:48:59 - train: epoch 232, iter:0, loss: 0.4983, lr: 0.00013369502053292226
2026-09-29 05:49:10 - train: epoch 232, iter:20, loss: 0.4818, lr: 0.00013369502053292226
2026-09-29 05:50:00 - val epoch: 232, loss: 0.7830
2026-09-29 05:50:00 - wave mode=full, epoch 232, alpha: 0.1379
2026-09-29 05:50:01 - train: epoch 233, iter:0, loss: 0.4946, lr: 0.0001302874474523804
2026-09-29 05:50:13 - train: epoch 233, iter:20, loss: 0.4851, lr: 0.0001302874474523804
2026-09-29 05:50:37 - val epoch: 233, loss: 0.7939
2026-09-29 05:50:37 - wave mode=full, epoch 233, alpha: 0.1379
2026-09-29 05:50:38 - train: epoch 234, iter:0, loss: 0.4267, lr: 0.00012692096582585187
2026-09-29 05:50:50 - train: epoch 234, iter:20, loss: 0.4875, lr: 0.00012692096582585187
2026-09-29 05:51:14 - val epoch: 234, loss: 0.8001
2026-09-29 05:51:14 - wave mode=full, epoch 234, alpha: 0.1380
2026-09-29 05:51:14 - train: epoch 235, iter:0, loss: 0.5049, lr: 0.00012359594482598416
2026-09-29 05:51:26 - train: epoch 235, iter:20, loss: 0.4899, lr: 0.00012359594482598416
2026-09-29 05:51:49 - val epoch: 235, loss: 0.7890
2026-09-29 05:51:49 - wave mode=full, epoch 235, alpha: 0.1380
2026-09-29 05:51:50 - train: epoch 236, iter:0, loss: 0.5092, lr: 0.00012031274907879919
2026-09-29 05:52:02 - train: epoch 236, iter:20, loss: 0.4956, lr: 0.00012031274907879919
2026-09-29 05:52:25 - val epoch: 236, loss: 0.8009
2026-09-29 05:52:25 - wave mode=full, epoch 236, alpha: 0.1380
2026-09-29 05:52:26 - train: epoch 237, iter:0, loss: 0.5027, lr: 0.00011707173862370913
2026-09-29 05:52:39 - train: epoch 237, iter:20, loss: 0.4927, lr: 0.00011707173862370913
2026-09-29 05:53:02 - val epoch: 237, loss: 0.7869
2026-09-29 05:53:02 - wave mode=full, epoch 237, alpha: 0.1380
2026-09-29 05:53:03 - train: epoch 238, iter:0, loss: 0.5407, lr: 0.00011387326887403316
2026-09-29 05:53:15 - train: epoch 238, iter:20, loss: 0.4998, lr: 0.00011387326887403316
2026-09-29 05:53:37 - val epoch: 238, loss: 0.7982
2026-09-29 05:53:37 - wave mode=full, epoch 238, alpha: 0.1381
2026-09-29 05:53:38 - train: epoch 239, iter:0, loss: 0.4713, lr: 0.00011071769057802265
2026-09-29 05:53:50 - train: epoch 239, iter:20, loss: 0.4898, lr: 0.00011071769057802265
2026-09-29 05:54:12 - val epoch: 239, loss: 0.7947
2026-09-29 05:54:12 - wave mode=full, epoch 239, alpha: 0.1381
2026-09-29 05:54:13 - train: epoch 240, iter:0, loss: 0.3952, lr: 0.0001076053497803982
2026-09-29 05:54:25 - train: epoch 240, iter:20, loss: 0.4964, lr: 0.0001076053497803982
2026-09-29 05:54:48 - val epoch: 240, loss: 0.7866, miou: 0.7976634639456072, f1_or_dsc: 0.8874447080265547, accuracy: 0.9443654164229289,                 specificity: 0.9583055867539472, sensitivity: 0.9010365030201501, confusion_matrix: [[38393073  1670424]
 [ 1275599 11613992]]
2026-09-29 05:54:48 - wave mode=full, epoch 240, alpha: 0.1381
2026-09-29 05:54:48 - train: epoch 241, iter:0, loss: 0.4681, lr: 0.00010453658778440088
2026-09-29 05:55:00 - train: epoch 241, iter:20, loss: 0.4919, lr: 0.00010453658778440088
2026-09-29 05:55:23 - val epoch: 241, loss: 0.7913
2026-09-29 05:55:23 - wave mode=full, epoch 241, alpha: 0.1381
2026-09-29 05:55:23 - train: epoch 242, iter:0, loss: 0.5253, lr: 0.00010151174111436543
2026-09-29 05:55:35 - train: epoch 242, iter:20, loss: 0.4990, lr: 0.00010151174111436543
2026-09-29 05:56:24 - val epoch: 242, loss: 0.7922
2026-09-29 05:56:24 - wave mode=full, epoch 242, alpha: 0.1381
2026-09-29 05:56:25 - train: epoch 243, iter:0, loss: 0.3984, lr: 9.853114147881633e-05
2026-09-29 05:57:02 - train: epoch 243, iter:20, loss: 0.4851, lr: 9.853114147881633e-05
2026-09-29 05:57:25 - val epoch: 243, loss: 0.7929
2026-09-29 05:57:25 - wave mode=full, epoch 243, alpha: 0.1381
2026-09-29 05:57:26 - train: epoch 244, iter:0, loss: 0.4727, lr: 9.559511573409167e-05
2026-09-29 05:57:37 - train: epoch 244, iter:20, loss: 0.4906, lr: 9.559511573409167e-05
2026-09-29 05:58:00 - val epoch: 244, loss: 0.7943
2026-09-29 05:58:00 - wave mode=full, epoch 244, alpha: 0.1381
2026-09-29 05:58:00 - train: epoch 245, iter:0, loss: 0.5164, lr: 9.270398584850061e-05
2026-09-29 05:58:12 - train: epoch 245, iter:20, loss: 0.4894, lr: 9.270398584850061e-05
2026-09-29 05:58:35 - val epoch: 245, loss: 0.7899
2026-09-29 05:58:35 - wave mode=full, epoch 245, alpha: 0.1381
2026-09-29 05:58:36 - train: epoch 246, iter:0, loss: 0.4753, lr: 8.985806886701499e-05
2026-09-29 05:58:47 - train: epoch 246, iter:20, loss: 0.4908, lr: 8.985806886701499e-05
2026-09-29 05:59:09 - val epoch: 246, loss: 0.7921
2026-09-29 05:59:09 - wave mode=full, epoch 246, alpha: 0.1381
2026-09-29 05:59:10 - train: epoch 247, iter:0, loss: 0.4899, lr: 8.705767687650239e-05
2026-09-29 05:59:21 - train: epoch 247, iter:20, loss: 0.4860, lr: 8.705767687650239e-05
2026-09-29 05:59:44 - val epoch: 247, loss: 0.7975
2026-09-29 05:59:44 - wave mode=full, epoch 247, alpha: 0.1382
2026-09-29 05:59:44 - train: epoch 248, iter:0, loss: 0.4639, lr: 8.430311697150229e-05
2026-09-29 05:59:56 - train: epoch 248, iter:20, loss: 0.4858, lr: 8.430311697150229e-05
2026-09-29 06:00:19 - val epoch: 248, loss: 0.7944
2026-09-29 06:00:19 - wave mode=full, epoch 248, alpha: 0.1382
2026-09-29 06:00:19 - train: epoch 249, iter:0, loss: 0.4941, lr: 8.159469122054909e-05
2026-09-29 06:00:31 - train: epoch 249, iter:20, loss: 0.4847, lr: 8.159469122054909e-05
2026-09-29 06:01:59 - val epoch: 249, loss: 0.8004
2026-09-29 06:01:59 - wave mode=full, epoch 249, alpha: 0.1382
2026-09-29 06:02:00 - train: epoch 250, iter:0, loss: 0.4968, lr: 7.893269663304782e-05
2026-09-29 06:02:12 - train: epoch 250, iter:20, loss: 0.4915, lr: 7.893269663304782e-05
2026-09-29 06:02:38 - val epoch: 250, loss: 0.7906, miou: 0.7994115418391914, f1_or_dsc: 0.8885255243190306, accuracy: 0.9455899531298345,                 specificity: 0.9632072307617081, sensitivity: 0.8908318347727248, confusion_matrix: [[38589450  1474047]
 [ 1407133 11482458]]
2026-09-29 06:02:38 - wave mode=full, epoch 250, alpha: 0.1383
2026-09-29 06:02:39 - train: epoch 251, iter:0, loss: 0.5028, lr: 7.631742512670282e-05
2026-09-29 06:02:50 - train: epoch 251, iter:20, loss: 0.4789, lr: 7.631742512670282e-05
2026-09-29 06:03:14 - val epoch: 251, loss: 0.8010
2026-09-29 06:03:14 - wave mode=full, epoch 251, alpha: 0.1383
2026-09-29 06:03:15 - train: epoch 252, iter:0, loss: 0.5570, lr: 7.374916349550603e-05
2026-09-29 06:03:26 - train: epoch 252, iter:20, loss: 0.4918, lr: 7.374916349550603e-05
2026-09-29 06:03:49 - val epoch: 252, loss: 0.7932
2026-09-29 06:03:49 - wave mode=full, epoch 252, alpha: 0.1383
2026-09-29 06:03:50 - train: epoch 253, iter:0, loss: 0.4798, lr: 7.122819337828741e-05
2026-09-29 06:04:01 - train: epoch 253, iter:20, loss: 0.4787, lr: 7.122819337828741e-05
2026-09-29 06:04:24 - val epoch: 253, loss: 0.7983
2026-09-29 06:04:24 - wave mode=full, epoch 253, alpha: 0.1384
2026-09-29 06:04:24 - train: epoch 254, iter:0, loss: 0.4918, lr: 6.875479122782878e-05
2026-09-29 06:04:36 - train: epoch 254, iter:20, loss: 0.4992, lr: 6.875479122782878e-05
2026-09-29 06:04:58 - val epoch: 254, loss: 0.7968
2026-09-29 06:04:58 - wave mode=full, epoch 254, alpha: 0.1384
2026-09-29 06:04:59 - train: epoch 255, iter:0, loss: 0.4396, lr: 6.632922828054862e-05
2026-09-29 06:05:11 - train: epoch 255, iter:20, loss: 0.4897, lr: 6.632922828054862e-05
2026-09-29 06:05:34 - val epoch: 255, loss: 0.7953
2026-09-29 06:05:34 - wave mode=full, epoch 255, alpha: 0.1384
2026-09-29 06:05:34 - train: epoch 256, iter:0, loss: 0.4894, lr: 6.395177052675786e-05
2026-09-29 06:05:49 - train: epoch 256, iter:20, loss: 0.4829, lr: 6.395177052675786e-05
2026-09-29 06:06:12 - val epoch: 256, loss: 0.7913
2026-09-29 06:06:12 - wave mode=full, epoch 256, alpha: 0.1384
2026-09-29 06:06:13 - train: epoch 257, iter:0, loss: 0.4893, lr: 6.162267868149065e-05
2026-09-29 06:06:50 - train: epoch 257, iter:20, loss: 0.4793, lr: 6.162267868149065e-05
2026-09-29 06:07:39 - val epoch: 257, loss: 0.7956
2026-09-29 06:07:39 - wave mode=full, epoch 257, alpha: 0.1384
2026-09-29 06:07:40 - train: epoch 258, iter:0, loss: 0.4650, lr: 5.934220815591413e-05
2026-09-29 06:07:52 - train: epoch 258, iter:20, loss: 0.4911, lr: 5.934220815591413e-05
2026-09-29 06:08:15 - val epoch: 258, loss: 0.7948
2026-09-29 06:08:15 - wave mode=full, epoch 258, alpha: 0.1384
2026-09-29 06:08:15 - train: epoch 259, iter:0, loss: 0.5365, lr: 5.711060902932035e-05
2026-09-29 06:08:27 - train: epoch 259, iter:20, loss: 0.4915, lr: 5.711060902932035e-05
2026-09-29 06:08:49 - val epoch: 259, loss: 0.7880
2026-09-29 06:08:49 - wave mode=full, epoch 259, alpha: 0.1384
2026-09-29 06:08:50 - train: epoch 260, iter:0, loss: 0.4980, lr: 5.492812602170101e-05
2026-09-29 06:09:01 - train: epoch 260, iter:20, loss: 0.4841, lr: 5.492812602170101e-05
2026-09-29 06:09:23 - val epoch: 260, loss: 0.7985, miou: 0.796441766194082, f1_or_dsc: 0.886688097751605, accuracy: 0.9441236363779201,                 specificity: 0.9589168414329883, sensitivity: 0.8981433157964438, confusion_matrix: [[38417562  1645935]
 [ 1312891 11576700]]
2026-09-29 06:09:23 - wave mode=full, epoch 260, alpha: 0.1385
2026-09-29 06:09:24 - train: epoch 261, iter:0, loss: 0.4888, lr: 5.279499846691256e-05
2026-09-29 06:09:35 - train: epoch 261, iter:20, loss: 0.4963, lr: 5.279499846691256e-05
2026-09-29 06:09:58 - val epoch: 261, loss: 0.7939
2026-09-29 06:09:58 - wave mode=full, epoch 261, alpha: 0.1385
2026-09-29 06:09:59 - train: epoch 262, iter:0, loss: 0.3507, lr: 5.071146028642938e-05
2026-09-29 06:10:10 - train: epoch 262, iter:20, loss: 0.4777, lr: 5.071146028642938e-05
2026-09-29 06:10:33 - val epoch: 262, loss: 0.7943
2026-09-29 06:10:33 - wave mode=full, epoch 262, alpha: 0.1385
2026-09-29 06:10:33 - train: epoch 263, iter:0, loss: 0.5215, lr: 4.867773996369213e-05
2026-09-29 06:11:12 - train: epoch 263, iter:20, loss: 0.4875, lr: 4.867773996369213e-05
2026-09-29 06:11:36 - val epoch: 263, loss: 0.7941
2026-09-29 06:11:36 - wave mode=full, epoch 263, alpha: 0.1385
2026-09-29 06:11:37 - train: epoch 264, iter:0, loss: 0.4849, lr: 4.669406051905255e-05
2026-09-29 06:11:49 - train: epoch 264, iter:20, loss: 0.4798, lr: 4.669406051905255e-05
2026-09-29 06:12:12 - val epoch: 264, loss: 0.7975
2026-09-29 06:12:12 - wave mode=full, epoch 264, alpha: 0.1385
2026-09-29 06:12:13 - train: epoch 265, iter:0, loss: 0.4973, lr: 4.476063948531553e-05
2026-09-29 06:12:24 - train: epoch 265, iter:20, loss: 0.4976, lr: 4.476063948531553e-05
2026-09-29 06:13:24 - val epoch: 265, loss: 0.7918
2026-09-29 06:13:24 - wave mode=full, epoch 265, alpha: 0.1385
2026-09-29 06:13:25 - train: epoch 266, iter:0, loss: 0.5379, lr: 4.2877688883885086e-05
2026-09-29 06:13:37 - train: epoch 266, iter:20, loss: 0.4802, lr: 4.2877688883885086e-05
2026-09-29 06:14:02 - val epoch: 266, loss: 0.7911
2026-09-29 06:14:02 - wave mode=full, epoch 266, alpha: 0.1385
2026-09-29 06:14:03 - train: epoch 267, iter:0, loss: 0.4343, lr: 4.1045415201513684e-05
2026-09-29 06:14:14 - train: epoch 267, iter:20, loss: 0.4839, lr: 4.1045415201513684e-05
2026-09-29 06:14:39 - val epoch: 267, loss: 0.7919
2026-09-29 06:14:39 - wave mode=full, epoch 267, alpha: 0.1385
2026-09-29 06:14:39 - train: epoch 268, iter:0, loss: 0.5612, lr: 3.926401936765836e-05
2026-09-29 06:14:50 - train: epoch 268, iter:20, loss: 0.4889, lr: 3.926401936765836e-05
2026-09-29 06:15:15 - val epoch: 268, loss: 0.7950
2026-09-29 06:15:15 - wave mode=full, epoch 268, alpha: 0.1385
2026-09-29 06:15:16 - train: epoch 269, iter:0, loss: 0.5731, lr: 3.753369673244687e-05
2026-09-29 06:15:27 - train: epoch 269, iter:20, loss: 0.4944, lr: 3.753369673244687e-05
2026-09-29 06:15:51 - val epoch: 269, loss: 0.8011
2026-09-29 06:15:51 - wave mode=full, epoch 269, alpha: 0.1386
2026-09-29 06:15:51 - train: epoch 270, iter:0, loss: 0.5605, lr: 3.5854637045255115e-05
2026-09-29 06:16:03 - train: epoch 270, iter:20, loss: 0.4774, lr: 3.5854637045255115e-05
2026-09-29 06:16:26 - val epoch: 270, loss: 0.7958, miou: 0.796623404648932, f1_or_dsc: 0.8868006534787358, accuracy: 0.9440083267665146,                 specificity: 0.9578434204083582, sensitivity: 0.9010060133017409, confusion_matrix: [[38374557  1688940]
 [ 1275992 11613599]]
2026-09-29 06:16:26 - wave mode=full, epoch 270, alpha: 0.1385
2026-09-29 06:16:26 - train: epoch 271, iter:0, loss: 0.4670, lr: 3.422702443389897e-05
2026-09-29 06:16:38 - train: epoch 271, iter:20, loss: 0.4949, lr: 3.422702443389897e-05
2026-09-29 06:17:04 - val epoch: 271, loss: 0.7912
2026-09-29 06:17:04 - wave mode=full, epoch 271, alpha: 0.1385
2026-09-29 06:17:04 - train: epoch 272, iter:0, loss: 0.3764, lr: 3.265103738444294e-05
2026-09-29 06:17:16 - train: epoch 272, iter:20, loss: 0.4785, lr: 3.265103738444294e-05
2026-09-29 06:17:41 - val epoch: 272, loss: 0.7963
2026-09-29 06:17:41 - wave mode=full, epoch 272, alpha: 0.1385
2026-09-29 06:17:42 - train: epoch 273, iter:0, loss: 0.4836, lr: 3.112684872162669e-05
2026-09-29 06:17:53 - train: epoch 273, iter:20, loss: 0.4750, lr: 3.112684872162669e-05
2026-09-29 06:18:18 - val epoch: 273, loss: 0.7936
2026-09-29 06:18:18 - wave mode=full, epoch 273, alpha: 0.1385
2026-09-29 06:18:19 - train: epoch 274, iter:0, loss: 0.4602, lr: 2.9654625589913163e-05
2026-09-29 06:18:30 - train: epoch 274, iter:20, loss: 0.4824, lr: 2.9654625589913163e-05
2026-09-29 06:18:55 - val epoch: 274, loss: 0.7902
2026-09-29 06:18:55 - wave mode=full, epoch 274, alpha: 0.1385
2026-09-29 06:18:55 - train: epoch 275, iter:0, loss: 0.5621, lr: 2.823452943515922e-05
2026-09-29 06:19:10 - train: epoch 275, iter:20, loss: 0.4952, lr: 2.823452943515922e-05
2026-09-29 06:19:35 - val epoch: 275, loss: 0.7935
2026-09-29 06:19:35 - wave mode=full, epoch 275, alpha: 0.1386
2026-09-29 06:19:35 - train: epoch 276, iter:0, loss: 0.4576, lr: 2.6866715986911168e-05
2026-09-29 06:19:46 - train: epoch 276, iter:20, loss: 0.4658, lr: 2.6866715986911168e-05
2026-09-29 06:20:11 - val epoch: 276, loss: 0.7916
2026-09-29 06:20:11 - wave mode=full, epoch 276, alpha: 0.1385
2026-09-29 06:20:12 - train: epoch 277, iter:0, loss: 0.6215, lr: 2.5551335241327604e-05
2026-09-29 06:20:24 - train: epoch 277, iter:20, loss: 0.4856, lr: 2.5551335241327604e-05
2026-09-29 06:20:46 - val epoch: 277, loss: 0.7975
2026-09-29 06:20:46 - wave mode=full, epoch 277, alpha: 0.1386
2026-09-29 06:20:47 - train: epoch 278, iter:0, loss: 0.4175, lr: 2.4288531444730185e-05
2026-09-29 06:20:59 - train: epoch 278, iter:20, loss: 0.4790, lr: 2.4288531444730185e-05
2026-09-29 06:21:21 - val epoch: 278, loss: 0.7932
2026-09-29 06:21:21 - wave mode=full, epoch 278, alpha: 0.1385
2026-09-29 06:21:22 - train: epoch 279, iter:0, loss: 0.4531, lr: 2.3078443077785645e-05
2026-09-29 06:21:34 - train: epoch 279, iter:20, loss: 0.4776, lr: 2.3078443077785645e-05
2026-09-29 06:21:57 - val epoch: 279, loss: 0.7971
2026-09-29 06:21:57 - wave mode=full, epoch 279, alpha: 0.1385
2026-09-29 06:21:57 - train: epoch 280, iter:0, loss: 0.4381, lr: 2.1921202840320064e-05
2026-09-29 06:22:09 - train: epoch 280, iter:20, loss: 0.4888, lr: 2.1921202840320064e-05
2026-09-29 06:22:57 - val epoch: 280, loss: 0.7945, miou: 0.797636119427566, f1_or_dsc: 0.887427784530234, accuracy: 0.9444952105531598,                 specificity: 0.9592024380697471, sensitivity: 0.8987821258254044, confusion_matrix: [[38429004  1634493]
 [ 1304657 11584934]]
2026-09-29 06:22:57 - wave mode=full, epoch 280, alpha: 0.1385
2026-09-29 06:22:58 - train: epoch 281, iter:0, loss: 0.4405, lr: 2.081693763676623e-05
2026-09-29 06:23:36 - train: epoch 281, iter:20, loss: 0.4868, lr: 2.081693763676623e-05
2026-09-29 06:23:59 - val epoch: 281, loss: 0.7968
2026-09-29 06:23:59 - wave mode=full, epoch 281, alpha: 0.1386
2026-09-29 06:24:00 - train: epoch 282, iter:0, loss: 0.4051, lr: 1.9765768562247723e-05
2026-09-29 06:24:11 - train: epoch 282, iter:20, loss: 0.4866, lr: 1.9765768562247723e-05
2026-09-29 06:24:34 - val epoch: 282, loss: 0.7953
2026-09-29 06:24:34 - wave mode=full, epoch 282, alpha: 0.1386
2026-09-29 06:24:35 - train: epoch 283, iter:0, loss: 0.4364, lr: 1.876781088929913e-05
2026-09-29 06:24:46 - train: epoch 283, iter:20, loss: 0.4780, lr: 1.876781088929913e-05
2026-09-29 06:25:08 - val epoch: 283, loss: 0.7978
2026-09-29 06:25:08 - wave mode=full, epoch 283, alpha: 0.1386
2026-09-29 06:25:09 - train: epoch 284, iter:0, loss: 0.5146, lr: 1.7823174055225262e-05
2026-09-29 06:25:20 - train: epoch 284, iter:20, loss: 0.4858, lr: 1.7823174055225262e-05
2026-09-29 06:25:45 - val epoch: 284, loss: 0.7996
2026-09-29 06:25:45 - wave mode=full, epoch 284, alpha: 0.1386
2026-09-29 06:25:46 - train: epoch 285, iter:0, loss: 0.5146, lr: 1.693196165010003e-05
2026-09-29 06:26:22 - train: epoch 285, iter:20, loss: 0.4744, lr: 1.693196165010003e-05
2026-09-29 06:26:45 - val epoch: 285, loss: 0.7950
2026-09-29 06:26:45 - wave mode=full, epoch 285, alpha: 0.1386
2026-09-29 06:26:46 - train: epoch 286, iter:0, loss: 0.5041, lr: 1.6094271405406855e-05
2026-09-29 06:26:58 - train: epoch 286, iter:20, loss: 0.4778, lr: 1.6094271405406855e-05
2026-09-29 06:27:21 - val epoch: 286, loss: 0.7933
2026-09-29 06:27:21 - wave mode=full, epoch 286, alpha: 0.1386
2026-09-29 06:27:22 - train: epoch 287, iter:0, loss: 0.5892, lr: 1.5310195183320773e-05
2026-09-29 06:27:33 - train: epoch 287, iter:20, loss: 0.4978, lr: 1.5310195183320773e-05
2026-09-29 06:27:56 - val epoch: 287, loss: 0.7908
2026-09-29 06:27:56 - wave mode=full, epoch 287, alpha: 0.1386
2026-09-29 06:27:57 - train: epoch 288, iter:0, loss: 0.3397, lr: 1.4579818966635417e-05
2026-09-29 06:28:08 - train: epoch 288, iter:20, loss: 0.4594, lr: 1.4579818966635417e-05
2026-09-29 06:28:34 - val epoch: 288, loss: 0.7917
2026-09-29 06:28:34 - wave mode=full, epoch 288, alpha: 0.1386
2026-09-29 06:28:35 - train: epoch 289, iter:0, loss: 0.5389, lr: 1.3903222849333505e-05
2026-09-29 06:28:46 - train: epoch 289, iter:20, loss: 0.4739, lr: 1.3903222849333505e-05
2026-09-29 06:29:10 - val epoch: 289, loss: 0.7911
2026-09-29 06:29:10 - wave mode=full, epoch 289, alpha: 0.1386
2026-09-29 06:29:11 - train: epoch 290, iter:0, loss: 0.4151, lr: 1.3280481027803759e-05
2026-09-29 06:29:22 - train: epoch 290, iter:20, loss: 0.4773, lr: 1.3280481027803759e-05
2026-09-29 06:29:47 - val epoch: 290, loss: 0.7924, miou: 0.7980851610810418, f1_or_dsc: 0.8877056308069616, accuracy: 0.9447053588262879,                 specificity: 0.9597718341961012, sensitivity: 0.8978756579630804, confusion_matrix: [[38451816  1611681]
 [ 1316341 11573250]]
2026-09-29 06:29:47 - wave mode=full, epoch 290, alpha: 0.1386
2026-09-29 06:29:47 - train: epoch 291, iter:0, loss: 0.5085, lr: 1.271166179270472e-05
2026-09-29 06:30:02 - train: epoch 291, iter:20, loss: 0.4890, lr: 1.271166179270472e-05
2026-09-29 06:30:27 - val epoch: 291, loss: 0.7931
2026-09-29 06:30:27 - wave mode=full, epoch 291, alpha: 0.1386
2026-09-29 06:30:27 - train: epoch 292, iter:0, loss: 0.5720, lr: 1.21968275214754e-05
2026-09-29 06:30:39 - train: epoch 292, iter:20, loss: 0.4943, lr: 1.21968275214754e-05
2026-09-29 06:31:04 - val epoch: 292, loss: 0.7912
2026-09-29 06:31:04 - wave mode=full, epoch 292, alpha: 0.1386
2026-09-29 06:31:05 - train: epoch 293, iter:0, loss: 0.4562, lr: 1.1736034671495336e-05
2026-09-29 06:31:16 - train: epoch 293, iter:20, loss: 0.4846, lr: 1.1736034671495336e-05
2026-09-29 06:31:44 - val epoch: 293, loss: 0.7923
2026-09-29 06:31:44 - wave mode=full, epoch 293, alpha: 0.1386
2026-09-29 06:31:45 - train: epoch 294, iter:0, loss: 0.5197, lr: 1.1329333773893242e-05
2026-09-29 06:31:56 - train: epoch 294, iter:20, loss: 0.4741, lr: 1.1329333773893242e-05
2026-09-29 06:32:25 - val epoch: 294, loss: 0.7929
2026-09-29 06:32:25 - wave mode=full, epoch 294, alpha: 0.1386
2026-09-29 06:32:26 - train: epoch 295, iter:0, loss: 0.5089, lr: 1.0976769428005577e-05
2026-09-29 06:32:37 - train: epoch 295, iter:20, loss: 0.4924, lr: 1.0976769428005577e-05
2026-09-29 06:33:06 - val epoch: 295, loss: 0.7927
2026-09-29 06:33:06 - wave mode=full, epoch 295, alpha: 0.1386
2026-09-29 06:33:07 - train: epoch 296, iter:0, loss: 0.4527, lr: 1.0678380296485951e-05
2026-09-29 06:33:19 - train: epoch 296, iter:20, loss: 0.4816, lr: 1.0678380296485951e-05
2026-09-29 06:33:41 - val epoch: 296, loss: 0.7934
2026-09-29 06:33:41 - wave mode=full, epoch 296, alpha: 0.1386
2026-09-29 06:33:42 - train: epoch 297, iter:0, loss: 0.4749, lr: 1.04341991010651e-05
2026-09-29 06:33:53 - train: epoch 297, iter:20, loss: 0.4717, lr: 1.04341991010651e-05
2026-09-29 06:34:15 - val epoch: 297, loss: 0.7945
2026-09-29 06:34:15 - wave mode=full, epoch 297, alpha: 0.1386
2026-09-29 06:34:16 - train: epoch 298, iter:0, loss: 0.4441, lr: 1.0244252618962858e-05
2026-09-29 06:34:31 - train: epoch 298, iter:20, loss: 0.4746, lr: 1.0244252618962858e-05
2026-09-29 06:34:54 - val epoch: 298, loss: 0.7922
2026-09-29 06:34:54 - wave mode=full, epoch 298, alpha: 0.1386
2026-09-29 06:34:55 - train: epoch 299, iter:0, loss: 0.4528, lr: 1.0108561679951479e-05
2026-09-29 06:35:06 - train: epoch 299, iter:20, loss: 0.4701, lr: 1.0108561679951479e-05
2026-09-29 07:11:12 - #----------Config info----------#
2026-09-29 07:11:12 - network: ege_wave_unet,
2026-09-29 07:11:12 - wave_mode: full,
2026-09-29 07:11:12 - fusion_type: scalar,
2026-09-29 07:11:12 - seed: 43,
2026-09-29 07:11:12 - work_dir: results/stability_wave_v1_seed43_v1_20260914/,
2026-09-29 07:11:12 - epochs: 300,
2026-09-29 07:11:12 - val_interval: 10,
2026-09-29 07:11:12 - save_interval: 10,
2026-09-29 07:11:12 - num_workers: 0,
2026-09-29 07:11:12 - batch_size: 64,
2026-09-29 07:11:12 - gradient_accumulation_steps: 1,
2026-09-29 07:11:14 - resuming model from results/stability_wave_v1_seed43_v1_20260914/checkpoints/latest.pth. resume_epoch: 298, min_loss: 0.7692, min_epoch: 181, loss: 0.7922
2026-09-29 07:11:17 - train: epoch 299, iter:0, loss: 0.5218, lr: 1.0108561679951479e-05
2026-09-29 07:12:26 - train: epoch 299, iter:20, loss: 0.4768, lr: 1.0108561679951479e-05
2026-09-29 07:13:08 - val epoch: 299, loss: 0.7925
2026-09-29 07:13:08 - wave mode=full, epoch 299, alpha: 0.1386
2026-09-29 07:13:09 - train: epoch 300, iter:0, loss: 0.4711, lr: 1.002714116407149e-05
2026-09-29 07:13:23 - train: epoch 300, iter:20, loss: 0.4816, lr: 1.002714116407149e-05
2026-09-29 07:14:19 - val epoch: 300, loss: 0.7907, miou: 0.7992220726012409, f1_or_dsc: 0.8884084791665084, accuracy: 0.9453215079732461,                 specificity: 0.9617783739647091, sensitivity: 0.8941701874016018, confusion_matrix: [[38532205  1531292]
 [ 1364103 11525488]]
2026-09-29 07:14:19 - wave mode=full, epoch 300, alpha: 0.1386
2026-09-29 07:14:59 - evaluation split=V_dev, loss: 0.7692,miou: 0.8026710120737802, f1_or_dsc: 0.8905352187922444, accuracy: 0.9471600220935179,                 specificity: 0.9678016624459916, sensitivity: 0.8830015630441649, confusion_matrix: [[38773519  1289978]
 [ 1508062 11381529]]
