2026-09-29 07:14:59 - #----------Config info----------#
2026-09-29 07:14:59 - seed: 43,
2026-09-29 07:14:59 - work_dir: results/stability_dual_difflr_seed43_v1_20260914/,
2026-09-29 07:14:59 - epochs: 300,
2026-09-29 07:14:59 - val_interval: 10,
2026-09-29 07:14:59 - save_interval: 10,
2026-09-29 07:14:59 - num_workers: 0,
2026-09-29 07:14:59 - batch_size: 64,
2026-09-29 07:14:59 - gradient_accumulation_steps: 1,
2026-09-29 07:15:01 - [diff-lr] group1 81,146 lr=0.001; group2 5,259,408 lr=0.0001
2026-09-29 07:15:02 - train: epoch 1, iter:0, loss: 11.6523, lr: 0.001
2026-09-29 07:15:17 - train: epoch 1, iter:20, loss: 3.5340, lr: 0.001
2026-09-29 07:16:24 - val epoch: 1, loss: 2.1316
2026-09-29 07:16:24 - train gamma: g2=0.100 g3=0.100 g4=0.098 g5=0.100
2026-09-29 07:16:25 - train: epoch 2, iter:0, loss: 2.0188, lr: 0.0009999728588359286
2026-09-29 07:16:40 - train: epoch 2, iter:20, loss: 1.7015, lr: 0.0009999728588359286
2026-09-29 07:17:37 - val epoch: 2, loss: 1.4397
2026-09-29 07:17:37 - train gamma: g2=0.100 g3=0.100 g4=0.097 g5=0.100
2026-09-29 07:17:38 - train: epoch 3, iter:0, loss: 1.6384, lr: 0.0009998914383200486
2026-09-29 07:17:54 - train: epoch 3, iter:20, loss: 1.4448, lr: 0.0009998914383200486
2026-09-29 07:18:29 - val epoch: 3, loss: 1.5794
2026-09-29 07:18:29 - train gamma: g2=0.100 g3=0.100 g4=0.097 g5=0.099
2026-09-29 07:18:30 - train: epoch 4, iter:0, loss: 1.3881, lr: 0.0009997557473810372
2026-09-29 07:18:45 - train: epoch 4, iter:20, loss: 1.3019, lr: 0.0009997557473810372
2026-09-29 07:19:18 - val epoch: 4, loss: 1.2453
2026-09-29 07:19:18 - train gamma: g2=0.100 g3=0.100 g4=0.096 g5=0.099
2026-09-29 07:19:19 - train: epoch 5, iter:0, loss: 1.3792, lr: 0.000999565800898935
2026-09-29 07:19:39 - train: epoch 5, iter:20, loss: 1.1989, lr: 0.000999565800898935
2026-09-29 07:20:12 - val epoch: 5, loss: 1.1579
2026-09-29 07:20:12 - train gamma: g2=0.100 g3=0.100 g4=0.096 g5=0.099
2026-09-29 07:20:13 - train: epoch 6, iter:0, loss: 1.0564, lr: 0.0009993216197035143
2026-09-29 07:20:28 - train: epoch 6, iter:20, loss: 1.1638, lr: 0.0009993216197035143
2026-09-29 07:21:15 - val epoch: 6, loss: 1.1584
2026-09-29 07:21:15 - train gamma: g2=0.100 g3=0.100 g4=0.096 g5=0.099
2026-09-29 07:21:16 - train: epoch 7, iter:0, loss: 1.1426, lr: 0.0009990232305719946
2026-09-29 07:21:32 - train: epoch 7, iter:20, loss: 1.0517, lr: 0.0009990232305719946
2026-09-29 07:22:04 - val epoch: 7, loss: 1.1270
2026-09-29 07:22:04 - train gamma: g2=0.100 g3=0.100 g4=0.096 g5=0.099
2026-09-29 07:22:05 - train: epoch 8, iter:0, loss: 1.1974, lr: 0.0009986706662261067
2026-09-29 07:22:26 - train: epoch 8, iter:20, loss: 1.0526, lr: 0.0009986706662261067
2026-09-29 07:22:57 - val epoch: 8, loss: 1.0778
2026-09-29 07:22:57 - train gamma: g2=0.100 g3=0.100 g4=0.096 g5=0.098
2026-09-29 07:22:58 - train: epoch 9, iter:0, loss: 1.0005, lr: 0.0009982639653285047
2026-09-29 07:23:14 - train: epoch 9, iter:20, loss: 0.9503, lr: 0.0009982639653285047
2026-09-29 07:23:44 - val epoch: 9, loss: 1.0680
2026-09-29 07:23:44 - train gamma: g2=0.100 g3=0.100 g4=0.096 g5=0.098
2026-09-29 07:23:49 - train: epoch 10, iter:0, loss: 1.2093, lr: 0.0009978031724785245
2026-09-29 07:24:05 - train: epoch 10, iter:20, loss: 0.9782, lr: 0.0009978031724785245
2026-09-29 07:24:37 - val epoch: 10, loss: 1.1838, miou: 0.7062049250525797, f1_or_dsc: 0.8278078613925192, accuracy: 0.9065487927729541,                 specificity: 0.9013095636658977, sensitivity: 0.9228333932395527, confusion_matrix: [[36109613  3953884]
 [  994646 11894945]]
2026-09-29 07:24:37 - train gamma: g2=0.100 g3=0.100 g4=0.096 g5=0.098
2026-09-29 07:24:39 - train: epoch 11, iter:0, loss: 1.0538, lr: 0.0009972883382072953
2026-09-29 07:24:54 - train: epoch 11, iter:20, loss: 0.9824, lr: 0.0009972883382072953
2026-09-29 07:25:47 - val epoch: 11, loss: 1.1887
2026-09-29 07:25:47 - train gamma: g2=0.100 g3=0.100 g4=0.096 g5=0.098
2026-09-29 07:25:48 - train: epoch 12, iter:0, loss: 1.0955, lr: 0.0009967195189721962
2026-09-29 07:26:09 - train: epoch 12, iter:20, loss: 0.9790, lr: 0.0009967195189721962
2026-09-29 07:27:05 - val epoch: 12, loss: 1.0214
2026-09-29 07:27:05 - train gamma: g2=0.100 g3=0.100 g4=0.096 g5=0.098
2026-09-29 07:27:07 - train: epoch 13, iter:0, loss: 0.7909, lr: 0.0009960967771506667
2026-09-29 07:27:29 - train: epoch 13, iter:20, loss: 0.9578, lr: 0.0009960967771506667
2026-09-29 07:28:10 - val epoch: 13, loss: 1.1373
2026-09-29 07:28:10 - train gamma: g2=0.100 g3=0.100 g4=0.096 g5=0.098
2026-09-29 07:28:11 - train: epoch 14, iter:0, loss: 0.9801, lr: 0.0009954201810333646
2026-09-29 07:29:04 - train: epoch 14, iter:20, loss: 0.9056, lr: 0.0009954201810333646
2026-09-29 07:29:35 - val epoch: 14, loss: 0.9821
2026-09-29 07:29:35 - train gamma: g2=0.100 g3=0.100 g4=0.096 g5=0.098
2026-09-29 07:29:37 - train: epoch 15, iter:0, loss: 0.9183, lr: 0.0009946898048166792
2026-09-29 07:29:51 - train: epoch 15, iter:20, loss: 0.8739, lr: 0.0009946898048166792
2026-09-29 07:30:28 - val epoch: 15, loss: 0.9267
2026-09-29 07:30:28 - train gamma: g2=0.100 g3=0.100 g4=0.096 g5=0.097
2026-09-29 07:30:29 - train: epoch 16, iter:0, loss: 0.8584, lr: 0.000993905728594593
2026-09-29 07:30:43 - train: epoch 16, iter:20, loss: 0.8239, lr: 0.000993905728594593
2026-09-29 07:31:14 - val epoch: 16, loss: 1.1367
2026-09-29 07:31:14 - train gamma: g2=0.100 g3=0.100 g4=0.096 g5=0.097
2026-09-29 07:31:15 - train: epoch 17, iter:0, loss: 1.0149, lr: 0.0009930680383498998
2026-09-29 07:31:57 - train: epoch 17, iter:20, loss: 0.8486, lr: 0.0009930680383498998
2026-09-29 07:33:29 - val epoch: 17, loss: 1.0325
2026-09-29 07:33:29 - train gamma: g2=0.100 g3=0.100 g4=0.096 g5=0.097
2026-09-29 07:33:30 - train: epoch 18, iter:0, loss: 0.9981, lr: 0.0009921768259447744
2026-09-29 07:34:24 - train: epoch 18, iter:20, loss: 0.8810, lr: 0.0009921768259447744
2026-09-29 07:34:55 - val epoch: 18, loss: 0.9533
2026-09-29 07:34:55 - train gamma: g2=0.100 g3=0.100 g4=0.096 g5=0.097
2026-09-29 07:34:56 - train: epoch 19, iter:0, loss: 0.7235, lr: 0.0009912321891107007
2026-09-29 07:35:11 - train: epoch 19, iter:20, loss: 0.8697, lr: 0.0009912321891107007
2026-09-29 07:35:51 - val epoch: 19, loss: 1.0528
2026-09-29 07:35:51 - train gamma: g2=0.100 g3=0.100 g4=0.096 g5=0.097
2026-09-29 07:35:52 - train: epoch 20, iter:0, loss: 0.7589, lr: 0.0009902342314377522
2026-09-29 07:36:35 - train: epoch 20, iter:20, loss: 0.9717, lr: 0.0009902342314377522
2026-09-29 07:37:12 - val epoch: 20, loss: 1.0109, miou: 0.7574087819314288, f1_or_dsc: 0.8619608479468513, accuracy: 0.9347108142210705,                 specificity: 0.9660087835068416, sensitivity: 0.8374302954996787, confusion_matrix: [[38701690  1361807]
 [ 2095457 10794134]]
2026-09-29 07:37:12 - train gamma: g2=0.099 g3=0.100 g4=0.096 g5=0.096
2026-09-29 07:37:13 - train: epoch 21, iter:0, loss: 0.7852, lr: 0.0009891830623632338
2026-09-29 07:37:51 - train: epoch 21, iter:20, loss: 0.8197, lr: 0.0009891830623632338
2026-09-29 07:38:57 - val epoch: 21, loss: 1.0216
2026-09-29 07:38:57 - train gamma: g2=0.099 g3=0.101 g4=0.096 g5=0.096
2026-09-29 07:38:58 - train: epoch 22, iter:0, loss: 0.6793, lr: 0.00098807879715968
2026-09-29 07:39:13 - train: epoch 22, iter:20, loss: 0.7786, lr: 0.00098807879715968
2026-09-29 07:39:49 - val epoch: 22, loss: 0.8977
2026-09-29 07:39:49 - train gamma: g2=0.099 g3=0.100 g4=0.096 g5=0.096
2026-09-29 07:39:50 - train: epoch 23, iter:0, loss: 0.7550, lr: 0.0009869215569222143
2026-09-29 07:40:05 - train: epoch 23, iter:20, loss: 0.8085, lr: 0.0009869215569222143
2026-09-29 07:40:33 - val epoch: 23, loss: 1.1513
2026-09-29 07:40:33 - train gamma: g2=0.099 g3=0.100 g4=0.096 g5=0.095
2026-09-29 07:40:34 - train: epoch 24, iter:0, loss: 0.8585, lr: 0.0009857114685552697
2026-09-29 07:40:56 - train: epoch 24, iter:20, loss: 0.7884, lr: 0.0009857114685552697
2026-09-29 07:41:28 - val epoch: 24, loss: 0.9140
2026-09-29 07:41:28 - train gamma: g2=0.100 g3=0.100 g4=0.096 g5=0.095
2026-09-29 07:41:30 - train: epoch 25, iter:0, loss: 0.6009, lr: 0.0009844486647586721
2026-09-29 07:41:45 - train: epoch 25, iter:20, loss: 0.7649, lr: 0.0009844486647586721
2026-09-29 07:42:30 - val epoch: 25, loss: 1.0274
2026-09-29 07:42:30 - train gamma: g2=0.100 g3=0.100 g4=0.096 g5=0.095
2026-09-29 07:42:31 - train: epoch 26, iter:0, loss: 0.7155, lr: 0.0009831332840130884
2026-09-29 07:42:47 - train: epoch 26, iter:20, loss: 0.7482, lr: 0.0009831332840130884
2026-09-29 07:43:19 - val epoch: 26, loss: 0.8896
2026-09-29 07:43:19 - train gamma: g2=0.100 g3=0.100 g4=0.096 g5=0.095
2026-09-29 07:43:20 - train: epoch 27, iter:0, loss: 0.5665, lr: 0.0009817654705648405
2026-09-29 07:43:35 - train: epoch 27, iter:20, loss: 0.7667, lr: 0.0009817654705648405
2026-09-29 07:44:12 - val epoch: 27, loss: 0.8608
2026-09-29 07:44:12 - train gamma: g2=0.100 g3=0.100 g4=0.096 g5=0.095
2026-09-29 07:44:13 - train: epoch 28, iter:0, loss: 0.7261, lr: 0.0009803453744100864
2026-09-29 07:44:29 - train: epoch 28, iter:20, loss: 0.7316, lr: 0.0009803453744100864
2026-09-29 07:45:29 - val epoch: 28, loss: 0.9029
2026-09-29 07:45:29 - train gamma: g2=0.100 g3=0.101 g4=0.096 g5=0.095
2026-09-29 07:45:30 - train: epoch 29, iter:0, loss: 0.8279, lr: 0.0009788731512783728
2026-09-29 07:45:51 - train: epoch 29, iter:20, loss: 0.7318, lr: 0.0009788731512783728
2026-09-29 07:46:22 - val epoch: 29, loss: 0.8693
2026-09-29 07:46:22 - train gamma: g2=0.100 g3=0.101 g4=0.096 g5=0.095
2026-09-29 07:46:23 - train: epoch 30, iter:0, loss: 0.7745, lr: 0.0009773489626155566
2026-09-29 07:46:38 - train: epoch 30, iter:20, loss: 0.7033, lr: 0.0009773489626155566
2026-09-29 07:47:14 - val epoch: 30, loss: 0.9482, miou: 0.7530693054206903, f1_or_dsc: 0.8591437920818237, accuracy: 0.935178284597869,                 specificity: 0.9747622879750113, sensitivity: 0.8121430695512372, confusion_matrix: [[39052386  1011111]
 [ 2421399 10468192]]
2026-09-29 07:47:14 - train gamma: g2=0.100 g3=0.101 g4=0.097 g5=0.094
2026-09-29 07:47:15 - train: epoch 31, iter:0, loss: 0.8051, lr: 0.0009757729755661006
2026-09-29 07:47:59 - train: epoch 31, iter:20, loss: 0.7065, lr: 0.0009757729755661006
2026-09-29 07:48:33 - val epoch: 31, loss: 0.9547
2026-09-29 07:48:33 - train gamma: g2=0.100 g3=0.101 g4=0.097 g5=0.094
2026-09-29 07:48:34 - train: epoch 32, iter:0, loss: 0.6892, lr: 0.0009741453629547445
2026-09-29 07:48:50 - train: epoch 32, iter:20, loss: 0.7174, lr: 0.0009741453629547445
2026-09-29 07:49:22 - val epoch: 32, loss: 0.9562
2026-09-29 07:49:22 - train gamma: g2=0.100 g3=0.101 g4=0.097 g5=0.094
2026-09-29 07:49:23 - train: epoch 33, iter:0, loss: 0.6560, lr: 0.0009724663032675527
2026-09-29 07:49:38 - train: epoch 33, iter:20, loss: 0.7131, lr: 0.0009724663032675527
2026-09-29 07:50:45 - val epoch: 33, loss: 0.9092
2026-09-29 07:50:45 - train gamma: g2=0.100 g3=0.101 g4=0.096 g5=0.094
2026-09-29 07:50:46 - train: epoch 34, iter:0, loss: 0.7043, lr: 0.0009707359806323412
2026-09-29 07:51:02 - train: epoch 34, iter:20, loss: 0.7500, lr: 0.0009707359806323412
2026-09-29 07:51:34 - val epoch: 34, loss: 0.9314
2026-09-29 07:51:34 - train gamma: g2=0.100 g3=0.101 g4=0.097 g5=0.094
2026-09-29 07:51:35 - train: epoch 35, iter:0, loss: 0.6878, lr: 0.0009689545847984858
2026-09-29 07:51:51 - train: epoch 35, iter:20, loss: 0.7235, lr: 0.0009689545847984858
2026-09-29 07:52:25 - val epoch: 35, loss: 0.8984
2026-09-29 07:52:25 - train gamma: g2=0.100 g3=0.101 g4=0.097 g5=0.094
2026-09-29 07:52:26 - train: epoch 36, iter:0, loss: 0.7200, lr: 0.0009671223111161144
2026-09-29 07:52:40 - train: epoch 36, iter:20, loss: 0.6671, lr: 0.0009671223111161144
2026-09-29 07:53:09 - val epoch: 36, loss: 0.9140
2026-09-29 07:53:09 - train gamma: g2=0.100 g3=0.101 g4=0.097 g5=0.093
2026-09-29 07:53:10 - train: epoch 37, iter:0, loss: 0.5935, lr: 0.000965239360514684
2026-09-29 07:53:25 - train: epoch 37, iter:20, loss: 0.7010, lr: 0.000965239360514684
2026-09-29 07:53:56 - val epoch: 37, loss: 1.1221
2026-09-29 07:53:56 - train gamma: g2=0.100 g3=0.101 g4=0.097 g5=0.093
2026-09-29 07:53:57 - train: epoch 38, iter:0, loss: 0.7501, lr: 0.000963305939480947
2026-09-29 07:54:13 - train: epoch 38, iter:20, loss: 0.6930, lr: 0.000963305939480947
2026-09-29 07:54:45 - val epoch: 38, loss: 0.8702
2026-09-29 07:54:45 - train gamma: g2=0.100 g3=0.101 g4=0.097 g5=0.093
2026-09-29 07:54:46 - train: epoch 39, iter:0, loss: 0.6644, lr: 0.0009613222600363074
2026-09-29 07:55:01 - train: epoch 39, iter:20, loss: 0.6804, lr: 0.0009613222600363074
2026-09-29 07:55:32 - val epoch: 39, loss: 0.8676
2026-09-29 07:55:32 - train gamma: g2=0.100 g3=0.101 g4=0.097 g5=0.093
2026-09-29 07:55:33 - train: epoch 40, iter:0, loss: 0.7255, lr: 0.0009592885397135703
2026-09-29 07:55:48 - train: epoch 40, iter:20, loss: 0.7001, lr: 0.0009592885397135703
2026-09-29 07:56:19 - val epoch: 40, loss: 0.8710, miou: 0.7665243381498337, f1_or_dsc: 0.8678333172048472, accuracy: 0.9335596821095684,                 specificity: 0.9456037749275856, sensitivity: 0.896124167167135, confusion_matrix: [[37884194  2179303]
 [ 1338917 11550674]]
2026-09-29 07:56:19 - train gamma: g2=0.100 g3=0.101 g4=0.097 g5=0.093
2026-09-29 07:56:20 - train: epoch 41, iter:0, loss: 0.5040, lr: 0.0009572050015330871
2026-09-29 07:56:35 - train: epoch 41, iter:20, loss: 0.6804, lr: 0.0009572050015330871
2026-09-29 07:57:07 - val epoch: 41, loss: 0.8706
2026-09-29 07:57:07 - train gamma: g2=0.100 g3=0.101 g4=0.097 g5=0.092
2026-09-29 07:57:07 - train: epoch 42, iter:0, loss: 0.8081, lr: 0.0009550718739782986
2026-09-29 07:57:22 - train: epoch 42, iter:20, loss: 0.6908, lr: 0.0009550718739782986
2026-09-29 07:57:53 - val epoch: 42, loss: 0.8627
2026-09-29 07:57:53 - train gamma: g2=0.100 g3=0.101 g4=0.097 g5=0.092
2026-09-29 07:57:54 - train: epoch 43, iter:0, loss: 0.5708, lr: 0.0009528893909706794
2026-09-29 07:58:09 - train: epoch 43, iter:20, loss: 0.6836, lr: 0.0009528893909706794
2026-09-29 07:58:41 - val epoch: 43, loss: 0.8708
2026-09-29 07:58:41 - train gamma: g2=0.100 g3=0.101 g4=0.097 g5=0.092
2026-09-29 07:58:42 - train: epoch 44, iter:0, loss: 0.5890, lr: 0.0009506577918440856
2026-09-29 07:58:58 - train: epoch 44, iter:20, loss: 0.6956, lr: 0.0009506577918440856
2026-09-29 07:59:30 - val epoch: 44, loss: 0.8632
2026-09-29 07:59:30 - train gamma: g2=0.100 g3=0.101 g4=0.097 g5=0.092
2026-09-29 07:59:31 - train: epoch 45, iter:0, loss: 0.6573, lr: 0.000948377321318509
2026-09-29 07:59:46 - train: epoch 45, iter:20, loss: 0.6530, lr: 0.000948377321318509
2026-09-29 08:00:20 - val epoch: 45, loss: 0.8559
2026-09-29 08:00:20 - train gamma: g2=0.100 g3=0.101 g4=0.097 g5=0.092
2026-09-29 08:00:21 - train: epoch 46, iter:0, loss: 0.6029, lr: 0.0009460482294732416
2026-09-29 08:01:06 - train: epoch 46, iter:20, loss: 0.6537, lr: 0.0009460482294732416
2026-09-29 08:01:38 - val epoch: 46, loss: 0.9041
2026-09-29 08:01:38 - train gamma: g2=0.100 g3=0.101 g4=0.098 g5=0.091
2026-09-29 08:01:39 - train: epoch 47, iter:0, loss: 0.7374, lr: 0.0009436707717194508
2026-09-29 08:01:55 - train: epoch 47, iter:20, loss: 0.6981, lr: 0.0009436707717194508
2026-09-29 08:02:27 - val epoch: 47, loss: 0.9533
2026-09-29 08:02:27 - train gamma: g2=0.100 g3=0.101 g4=0.098 g5=0.091
2026-09-29 08:02:28 - train: epoch 48, iter:0, loss: 0.8565, lr: 0.0009412452087721706
2026-09-29 08:02:44 - train: epoch 48, iter:20, loss: 0.6775, lr: 0.0009412452087721706
2026-09-29 08:03:17 - val epoch: 48, loss: 0.8793
2026-09-29 08:03:17 - train gamma: g2=0.100 g3=0.101 g4=0.098 g5=0.091
2026-09-29 08:03:18 - train: epoch 49, iter:0, loss: 0.7432, lr: 0.000938771806621712
2026-09-29 08:03:34 - train: epoch 49, iter:20, loss: 0.6423, lr: 0.000938771806621712
2026-09-29 08:04:07 - val epoch: 49, loss: 0.8957
2026-09-29 08:04:07 - train gamma: g2=0.100 g3=0.101 g4=0.098 g5=0.091
2026-09-29 08:04:08 - train: epoch 50, iter:0, loss: 0.5859, lr: 0.0009362508365044934
2026-09-29 08:04:24 - train: epoch 50, iter:20, loss: 0.6779, lr: 0.0009362508365044934
2026-09-29 08:05:00 - val epoch: 50, loss: 0.8852, miou: 0.7759040763009345, f1_or_dsc: 0.8738130472869687, accuracy: 0.941752820911974,                 specificity: 0.9781842558576451, sensitivity: 0.828516436246891, confusion_matrix: [[39189482   874015]
 [ 2210353 10679238]]
2026-09-29 08:05:00 - train gamma: g2=0.100 g3=0.101 g4=0.098 g5=0.091
2026-09-29 08:05:01 - train: epoch 51, iter:0, loss: 0.4558, lr: 0.0009336825748732968
2026-09-29 08:05:48 - train: epoch 51, iter:20, loss: 0.6579, lr: 0.0009336825748732968
2026-09-29 08:06:21 - val epoch: 51, loss: 0.8583
2026-09-29 08:06:21 - train gamma: g2=0.100 g3=0.101 g4=0.098 g5=0.091
2026-09-29 08:06:23 - train: epoch 52, iter:0, loss: 0.7021, lr: 0.0009310673033669517
2026-09-29 08:06:38 - train: epoch 52, iter:20, loss: 0.6244, lr: 0.0009310673033669517
2026-09-29 08:07:37 - val epoch: 52, loss: 0.8098
2026-09-29 08:07:37 - train gamma: g2=0.100 g3=0.101 g4=0.098 g5=0.091
2026-09-29 08:07:38 - train: epoch 53, iter:0, loss: 0.7133, lr: 0.0009284053087794505
2026-09-29 08:07:53 - train: epoch 53, iter:20, loss: 0.6701, lr: 0.0009284053087794505
2026-09-29 08:08:24 - val epoch: 53, loss: 0.8546
2026-09-29 08:08:24 - train gamma: g2=0.100 g3=0.102 g4=0.098 g5=0.090
2026-09-29 08:08:25 - train: epoch 54, iter:0, loss: 0.7092, lr: 0.0009256968830284974
2026-09-29 08:08:38 - train: epoch 54, iter:20, loss: 0.6598, lr: 0.0009256968830284974
2026-09-29 08:09:14 - val epoch: 54, loss: 0.8602
2026-09-29 08:09:14 - train gamma: g2=0.100 g3=0.102 g4=0.098 g5=0.090
2026-09-29 08:09:15 - train: epoch 55, iter:0, loss: 0.5006, lr: 0.0009229423231234972
2026-09-29 08:09:30 - train: epoch 55, iter:20, loss: 0.6237, lr: 0.0009229423231234972
2026-09-29 08:10:33 - val epoch: 55, loss: 0.8118
2026-09-29 08:10:33 - train gamma: g2=0.100 g3=0.101 g4=0.098 g5=0.090
2026-09-29 08:10:34 - train: epoch 56, iter:0, loss: 0.8674, lr: 0.0009201419311329846
2026-09-29 08:10:49 - train: epoch 56, iter:20, loss: 0.6459, lr: 0.0009201419311329846
2026-09-29 08:11:25 - val epoch: 56, loss: 0.9097
2026-09-29 08:11:25 - train gamma: g2=0.100 g3=0.102 g4=0.098 g5=0.090
2026-09-29 08:11:26 - train: epoch 57, iter:0, loss: 0.5022, lr: 0.0009172960141514989
2026-09-29 08:11:41 - train: epoch 57, iter:20, loss: 0.6300, lr: 0.0009172960141514989
2026-09-29 08:12:14 - val epoch: 57, loss: 0.9206
2026-09-29 08:12:14 - train gamma: g2=0.100 g3=0.101 g4=0.098 g5=0.090
2026-09-29 08:12:15 - train: epoch 58, iter:0, loss: 0.5717, lr: 0.0009144048842659077
2026-09-29 08:12:31 - train: epoch 58, iter:20, loss: 0.6286, lr: 0.0009144048842659077
2026-09-29 08:13:04 - val epoch: 58, loss: 0.8531
2026-09-29 08:13:04 - train gamma: g2=0.100 g3=0.102 g4=0.098 g5=0.090
2026-09-29 08:13:06 - train: epoch 59, iter:0, loss: 0.5277, lr: 0.0009114688585211832
2026-09-29 08:13:50 - train: epoch 59, iter:20, loss: 0.6431, lr: 0.0009114688585211832
2026-09-29 08:14:23 - val epoch: 59, loss: 0.8092
2026-09-29 08:14:23 - train gamma: g2=0.100 g3=0.102 g4=0.098 g5=0.089
2026-09-29 08:14:24 - train: epoch 60, iter:0, loss: 0.5206, lr: 0.0009084882588856339
2026-09-29 08:14:42 - train: epoch 60, iter:20, loss: 0.6196, lr: 0.0009084882588856339
2026-09-29 08:15:14 - val epoch: 60, loss: 0.8834, miou: 0.7695494611768228, f1_or_dsc: 0.8697688061966247, accuracy: 0.9374535437857751,                 specificity: 0.9629992858586458, sensitivity: 0.8580521290396258, confusion_matrix: [[38581119  1482378]
 [ 1829650 11059941]]
2026-09-29 08:15:14 - train gamma: g2=0.100 g3=0.102 g4=0.098 g5=0.089
2026-09-29 08:15:15 - train: epoch 61, iter:0, loss: 0.5286, lr: 0.0009054634122155986
2026-09-29 08:15:30 - train: epoch 61, iter:20, loss: 0.6411, lr: 0.0009054634122155986
2026-09-29 08:16:02 - val epoch: 61, loss: 0.8275
2026-09-29 08:16:02 - train gamma: g2=0.100 g3=0.102 g4=0.098 g5=0.089
2026-09-29 08:16:03 - train: epoch 62, iter:0, loss: 0.5967, lr: 0.0009023946502196013
2026-09-29 08:16:17 - train: epoch 62, iter:20, loss: 0.6222, lr: 0.0009023946502196013
2026-09-29 08:16:48 - val epoch: 62, loss: 0.8617
2026-09-29 08:16:48 - train gamma: g2=0.100 g3=0.102 g4=0.098 g5=0.089
2026-09-29 08:16:49 - train: epoch 63, iter:0, loss: 0.6646, lr: 0.0008992823094219767
2026-09-29 08:17:04 - train: epoch 63, iter:20, loss: 0.6298, lr: 0.0008992823094219767
2026-09-29 08:17:36 - val epoch: 63, loss: 0.7958
2026-09-29 08:17:36 - train gamma: g2=0.100 g3=0.102 g4=0.098 g5=0.089
2026-09-29 08:17:37 - train: epoch 64, iter:0, loss: 0.5027, lr: 0.0008961267311259662
2026-09-29 08:18:46 - train: epoch 64, iter:20, loss: 0.6147, lr: 0.0008961267311259662
2026-09-29 08:19:48 - val epoch: 64, loss: 0.8477
2026-09-29 08:19:48 - train gamma: g2=0.100 g3=0.102 g4=0.099 g5=0.089
2026-09-29 08:19:49 - train: epoch 65, iter:0, loss: 0.6187, lr: 0.0008929282613762903
2026-09-29 08:20:33 - train: epoch 65, iter:20, loss: 0.6082, lr: 0.0008929282613762903
2026-09-29 08:21:33 - val epoch: 65, loss: 0.8095
2026-09-29 08:21:33 - train gamma: g2=0.100 g3=0.102 g4=0.099 g5=0.089
2026-09-29 08:21:35 - train: epoch 66, iter:0, loss: 0.7672, lr: 0.0008896872509212002
2026-09-29 08:21:52 - train: epoch 66, iter:20, loss: 0.6118, lr: 0.0008896872509212002
2026-09-29 08:22:25 - val epoch: 66, loss: 0.7926
2026-09-29 08:22:25 - train gamma: g2=0.100 g3=0.102 g4=0.099 g5=0.089
2026-09-29 08:22:26 - train: epoch 67, iter:0, loss: 0.4063, lr: 0.0008864040551740152
2026-09-29 08:22:42 - train: epoch 67, iter:20, loss: 0.5938, lr: 0.0008864040551740152
2026-09-29 08:23:16 - val epoch: 67, loss: 0.8242
2026-09-29 08:23:16 - train gamma: g2=0.100 g3=0.102 g4=0.099 g5=0.089
2026-09-29 08:23:17 - train: epoch 68, iter:0, loss: 0.9876, lr: 0.0008830790341741476
2026-09-29 08:23:32 - train: epoch 68, iter:20, loss: 0.6023, lr: 0.0008830790341741476
2026-09-29 08:24:46 - val epoch: 68, loss: 0.8397
2026-09-29 08:24:46 - train gamma: g2=0.100 g3=0.102 g4=0.099 g5=0.089
2026-09-29 08:24:47 - train: epoch 69, iter:0, loss: 0.5222, lr: 0.000879712552547619
2026-09-29 08:25:29 - train: epoch 69, iter:20, loss: 0.6119, lr: 0.000879712552547619
2026-09-29 08:26:31 - val epoch: 69, loss: 0.9127
2026-09-29 08:26:31 - train gamma: g2=0.100 g3=0.102 g4=0.099 g5=0.089
2026-09-29 08:26:32 - train: epoch 70, iter:0, loss: 0.5909, lr: 0.0008763049794670771
2026-09-29 08:26:48 - train: epoch 70, iter:20, loss: 0.6482, lr: 0.0008763049794670771
2026-09-29 08:27:21 - val epoch: 70, loss: 0.8210, miou: 0.7840480011682046, f1_or_dsc: 0.8789539302247535, accuracy: 0.9436416625976562,                 specificity: 0.9767891954114739, sensitivity: 0.8406123204374755, confusion_matrix: [[39133591   929906]
 [ 2054442 10835149]]
2026-09-29 08:27:21 - train gamma: g2=0.100 g3=0.102 g4=0.099 g5=0.088
2026-09-29 08:27:22 - train: epoch 71, iter:0, loss: 0.6291, lr: 0.0008728566886113098
2026-09-29 08:27:39 - train: epoch 71, iter:20, loss: 0.6347, lr: 0.0008728566886113098
2026-09-29 08:28:12 - val epoch: 71, loss: 0.8759
2026-09-29 08:28:12 - train gamma: g2=0.100 g3=0.102 g4=0.099 g5=0.088
2026-09-29 08:28:13 - train: epoch 72, iter:0, loss: 0.6667, lr: 0.000869368058124268
2026-09-29 08:28:28 - train: epoch 72, iter:20, loss: 0.6045, lr: 0.000869368058124268
2026-09-29 08:28:57 - val epoch: 72, loss: 0.8610
2026-09-29 08:28:57 - train gamma: g2=0.100 g3=0.103 g4=0.099 g5=0.088
2026-09-29 08:28:58 - train: epoch 73, iter:0, loss: 0.5606, lr: 0.0008658394705735983
2026-09-29 08:29:14 - train: epoch 73, iter:20, loss: 0.5828, lr: 0.0008658394705735983
2026-09-29 08:29:46 - val epoch: 73, loss: 0.8275
2026-09-29 08:29:46 - train gamma: g2=0.100 g3=0.103 g4=0.099 g5=0.088
2026-09-29 08:29:47 - train: epoch 74, iter:0, loss: 0.6533, lr: 0.0008622713129086888
2026-09-29 08:30:02 - train: epoch 74, iter:20, loss: 0.6175, lr: 0.0008622713129086888
2026-09-29 08:30:36 - val epoch: 74, loss: 0.8125
2026-09-29 08:30:36 - train gamma: g2=0.100 g3=0.102 g4=0.099 g5=0.088
2026-09-29 08:30:37 - train: epoch 75, iter:0, loss: 0.5572, lr: 0.0008586639764182372
2026-09-29 08:30:52 - train: epoch 75, iter:20, loss: 0.5860, lr: 0.0008586639764182372
2026-09-29 08:31:24 - val epoch: 75, loss: 0.8036
2026-09-29 08:31:24 - train gamma: g2=0.100 g3=0.103 g4=0.099 g5=0.088
2026-09-29 08:31:26 - train: epoch 76, iter:0, loss: 0.6655, lr: 0.0008550178566873405
2026-09-29 08:31:41 - train: epoch 76, iter:20, loss: 0.5794, lr: 0.0008550178566873405
2026-09-29 08:32:18 - val epoch: 76, loss: 0.8248
2026-09-29 08:32:18 - train gamma: g2=0.101 g3=0.103 g4=0.099 g5=0.088
2026-09-29 08:32:19 - train: epoch 77, iter:0, loss: 0.5215, lr: 0.0008513333535541156
2026-09-29 08:32:35 - train: epoch 77, iter:20, loss: 0.5770, lr: 0.0008513333535541156
2026-09-29 08:33:35 - val epoch: 77, loss: 0.8408
2026-09-29 08:33:35 - train gamma: g2=0.101 g3=0.103 g4=0.099 g5=0.088
2026-09-29 08:33:36 - train: epoch 78, iter:0, loss: 0.5816, lr: 0.0008476108710658509
2026-09-29 08:33:52 - train: epoch 78, iter:20, loss: 0.5781, lr: 0.0008476108710658509
2026-09-29 08:34:26 - val epoch: 78, loss: 0.9143
2026-09-29 08:34:26 - train gamma: g2=0.101 g3=0.103 g4=0.099 g5=0.088
2026-09-29 08:34:27 - train: epoch 79, iter:0, loss: 0.5868, lr: 0.0008438508174347005
2026-09-29 08:34:42 - train: epoch 79, iter:20, loss: 0.5902, lr: 0.0008438508174347005
2026-09-29 08:35:45 - val epoch: 79, loss: 0.9961
2026-09-29 08:35:45 - train gamma: g2=0.101 g3=0.103 g4=0.099 g5=0.088
2026-09-29 08:35:46 - train: epoch 80, iter:0, loss: 0.5103, lr: 0.0008400536049929166
2026-09-29 08:36:02 - train: epoch 80, iter:20, loss: 0.5724, lr: 0.0008400536049929166
2026-09-29 08:37:53 - val epoch: 80, loss: 0.7970, miou: 0.7907835134042551, f1_or_dsc: 0.8831704195232246, accuracy: 0.9428741719463084,                 specificity: 0.9608355705943493, sensitivity: 0.8870464547711405, confusion_matrix: [[38494433  1569064]
 [ 1455925 11433666]]
2026-09-29 08:37:53 - train gamma: g2=0.101 g3=0.103 g4=0.099 g5=0.088
2026-09-29 08:38:21 - train: epoch 81, iter:0, loss: 0.5639, lr: 0.0008362196501476343
2026-09-29 08:38:36 - train: epoch 81, iter:20, loss: 0.5972, lr: 0.0008362196501476343
2026-09-29 08:39:09 - val epoch: 81, loss: 0.8104
2026-09-29 08:39:09 - train gamma: g2=0.101 g3=0.103 g4=0.099 g5=0.088
2026-09-29 08:39:10 - train: epoch 82, iter:0, loss: 0.5386, lr: 0.0008323493733352072
2026-09-29 08:39:52 - train: epoch 82, iter:20, loss: 0.6055, lr: 0.0008323493733352072
2026-09-29 08:40:26 - val epoch: 82, loss: 0.8311
2026-09-29 08:40:26 - train gamma: g2=0.101 g3=0.103 g4=0.100 g5=0.088
2026-09-29 08:40:27 - train: epoch 83, iter:0, loss: 0.5297, lr: 0.0008284431989751018
2026-09-29 08:40:43 - train: epoch 83, iter:20, loss: 0.5591, lr: 0.0008284431989751018
2026-09-29 08:41:50 - val epoch: 83, loss: 0.8150
2026-09-29 08:41:50 - train gamma: g2=0.101 g3=0.103 g4=0.100 g5=0.088
2026-09-29 08:41:52 - train: epoch 84, iter:0, loss: 0.5785, lr: 0.000824501555423355
2026-09-29 08:42:08 - train: epoch 84, iter:20, loss: 0.5745, lr: 0.000824501555423355
2026-09-29 08:42:41 - val epoch: 84, loss: 0.7899
2026-09-29 08:42:41 - train gamma: g2=0.101 g3=0.103 g4=0.100 g5=0.088
2026-09-29 08:42:42 - train: epoch 85, iter:0, loss: 0.6089, lr: 0.0008205248749256009
2026-09-29 08:42:58 - train: epoch 85, iter:20, loss: 0.5731, lr: 0.0008205248749256009
2026-09-29 08:44:30 - val epoch: 85, loss: 0.8137
2026-09-29 08:44:30 - train gamma: g2=0.101 g3=0.103 g4=0.100 g5=0.088
2026-09-29 08:44:32 - train: epoch 86, iter:0, loss: 0.5842, lr: 0.000816513593569669
2026-09-29 08:44:48 - train: epoch 86, iter:20, loss: 0.5754, lr: 0.000816513593569669
2026-09-29 08:45:21 - val epoch: 86, loss: 0.8111
2026-09-29 08:45:21 - train gamma: g2=0.101 g3=0.104 g4=0.099 g5=0.088
2026-09-29 08:45:22 - train: epoch 87, iter:0, loss: 0.5576, lr: 0.0008124681512377632
2026-09-29 08:45:38 - train: epoch 87, iter:20, loss: 0.5736, lr: 0.0008124681512377632
2026-09-29 08:47:07 - val epoch: 87, loss: 0.8007
2026-09-29 08:47:07 - train gamma: g2=0.101 g3=0.104 g4=0.100 g5=0.087
2026-09-29 08:47:08 - train: epoch 88, iter:0, loss: 0.6209, lr: 0.000808388991558223
2026-09-29 08:47:24 - train: epoch 88, iter:20, loss: 0.6199, lr: 0.000808388991558223
2026-09-29 08:47:57 - val epoch: 88, loss: 0.8649
2026-09-29 08:47:57 - train gamma: g2=0.101 g3=0.104 g4=0.100 g5=0.088
2026-09-29 08:47:58 - train: epoch 89, iter:0, loss: 0.5546, lr: 0.0008042765618568752
2026-09-29 08:48:14 - train: epoch 89, iter:20, loss: 0.5615, lr: 0.0008042765618568752
2026-09-29 08:49:18 - val epoch: 89, loss: 0.8137
2026-09-29 08:49:18 - train gamma: g2=0.101 g3=0.103 g4=0.100 g5=0.087
2026-09-29 08:49:19 - train: epoch 90, iter:0, loss: 0.4653, lr: 0.0008001313131079794
2026-09-29 08:50:06 - train: epoch 90, iter:20, loss: 0.5604, lr: 0.0008001313131079794
2026-09-29 08:50:39 - val epoch: 90, loss: 0.7993, miou: 0.791416812944154, f1_or_dsc: 0.8835652397874707, accuracy: 0.9426806610409576,                 specificity: 0.9585136065381412, sensitivity: 0.8934686135502671, confusion_matrix: [[38401407  1662090]
 [ 1373146 11516445]]
2026-09-29 08:50:39 - train gamma: g2=0.101 g3=0.103 g4=0.100 g5=0.087
2026-09-29 08:50:41 - train: epoch 91, iter:0, loss: 0.6128, lr: 0.0007959536998847737
2026-09-29 08:50:56 - train: epoch 91, iter:20, loss: 0.5879, lr: 0.0007959536998847737
2026-09-29 08:51:28 - val epoch: 91, loss: 0.8559
2026-09-29 08:51:28 - train gamma: g2=0.101 g3=0.104 g4=0.100 g5=0.087
2026-09-29 08:51:29 - train: epoch 92, iter:0, loss: 0.4583, lr: 0.0007917441803096255
2026-09-29 08:51:44 - train: epoch 92, iter:20, loss: 0.5706, lr: 0.0007917441803096255
2026-09-29 08:52:16 - val epoch: 92, loss: 0.8378
2026-09-29 08:52:16 - train gamma: g2=0.101 g3=0.104 g4=0.100 g5=0.087
2026-09-29 08:52:17 - train: epoch 93, iter:0, loss: 0.7053, lr: 0.0007875032160037932
2026-09-29 08:52:32 - train: epoch 93, iter:20, loss: 0.5906, lr: 0.0007875032160037932
2026-09-29 08:53:04 - val epoch: 93, loss: 0.8541
2026-09-29 08:53:04 - train gamma: g2=0.101 g3=0.104 g4=0.100 g5=0.087
2026-09-29 08:53:05 - train: epoch 94, iter:0, loss: 0.5029, lr: 0.0007832312720368042
2026-09-29 08:53:21 - train: epoch 94, iter:20, loss: 0.5522, lr: 0.0007832312720368042
2026-09-29 08:53:52 - val epoch: 94, loss: 0.7913
2026-09-29 08:53:52 - train gamma: g2=0.101 g3=0.104 g4=0.100 g5=0.087
2026-09-29 08:53:53 - train: epoch 95, iter:0, loss: 0.5115, lr: 0.0007789288168754548
2026-09-29 08:54:08 - train: epoch 95, iter:20, loss: 0.5597, lr: 0.0007789288168754548
2026-09-29 08:54:39 - val epoch: 95, loss: 0.8704
2026-09-29 08:54:39 - train gamma: g2=0.101 g3=0.104 g4=0.100 g5=0.088
2026-09-29 08:54:40 - train: epoch 96, iter:0, loss: 0.5164, lr: 0.0007745963223324379
2026-09-29 08:54:55 - train: epoch 96, iter:20, loss: 0.5616, lr: 0.0007745963223324379
2026-09-29 08:55:26 - val epoch: 96, loss: 0.8019
2026-09-29 08:55:26 - train gamma: g2=0.101 g3=0.104 g4=0.100 g5=0.088
2026-09-29 08:55:27 - train: epoch 97, iter:0, loss: 0.4253, lr: 0.0007702342635146028
2026-09-29 08:55:42 - train: epoch 97, iter:20, loss: 0.5707, lr: 0.0007702342635146028
2026-09-29 08:56:13 - val epoch: 97, loss: 0.8058
2026-09-29 08:56:13 - train gamma: g2=0.101 g3=0.104 g4=0.100 g5=0.087
2026-09-29 08:56:14 - train: epoch 98, iter:0, loss: 0.4572, lr: 0.000765843118770855
2026-09-29 08:56:28 - train: epoch 98, iter:20, loss: 0.5716, lr: 0.000765843118770855
2026-09-29 08:57:00 - val epoch: 98, loss: 0.8310
2026-09-29 08:57:00 - train gamma: g2=0.101 g3=0.104 g4=0.100 g5=0.087
2026-09-29 08:57:02 - train: epoch 99, iter:0, loss: 0.4958, lr: 0.0007614233696396991
2026-09-29 08:57:17 - train: epoch 99, iter:20, loss: 0.5508, lr: 0.0007614233696396991
2026-09-29 08:58:28 - val epoch: 99, loss: 0.8307
2026-09-29 08:58:28 - train gamma: g2=0.101 g3=0.104 g4=0.101 g5=0.087
2026-09-29 08:58:29 - train: epoch 100, iter:0, loss: 0.5530, lr: 0.0007569755007964334
2026-09-29 08:58:44 - train: epoch 100, iter:20, loss: 0.5376, lr: 0.0007569755007964334
2026-09-29 08:59:16 - val epoch: 100, loss: 0.9382, miou: 0.7597373839383076, f1_or_dsc: 0.8634667773415243, accuracy: 0.9381607168971902,                 specificity: 0.9815397292952235, sensitivity: 0.8033298341273979, confusion_matrix: [[39323914   739583]
 [ 2534998 10354593]]
2026-09-29 08:59:16 - train gamma: g2=0.101 g3=0.104 g4=0.100 g5=0.087
2026-09-29 08:59:17 - train: epoch 101, iter:0, loss: 0.5117, lr: 0.0007524999999999996
2026-09-29 08:59:32 - train: epoch 101, iter:20, loss: 0.5545, lr: 0.0007524999999999996
2026-09-29 09:00:03 - val epoch: 101, loss: 0.7981
2026-09-29 09:00:03 - train gamma: g2=0.101 g3=0.105 g4=0.100 g5=0.087
2026-09-29 09:00:04 - train: epoch 102, iter:0, loss: 0.4900, lr: 0.0007479973580394943
2026-09-29 09:00:20 - train: epoch 102, iter:20, loss: 0.5398, lr: 0.0007479973580394943
2026-09-29 09:01:29 - val epoch: 102, loss: 0.8272
2026-09-29 09:01:29 - train gamma: g2=0.101 g3=0.105 g4=0.100 g5=0.087
2026-09-29 09:01:31 - train: epoch 103, iter:0, loss: 0.4782, lr: 0.0007434680686803487
2026-09-29 09:01:46 - train: epoch 103, iter:20, loss: 0.5308, lr: 0.0007434680686803487
2026-09-29 09:02:49 - val epoch: 103, loss: 0.8346
2026-09-29 09:02:49 - train gamma: g2=0.101 g3=0.104 g4=0.100 g5=0.087
2026-09-29 09:02:50 - train: epoch 104, iter:0, loss: 0.5463, lr: 0.0007389126286101815
2026-09-29 09:03:06 - train: epoch 104, iter:20, loss: 0.5363, lr: 0.0007389126286101815
2026-09-29 09:03:38 - val epoch: 104, loss: 0.8152
2026-09-29 09:03:38 - train gamma: g2=0.101 g3=0.104 g4=0.100 g5=0.087
2026-09-29 09:03:39 - train: epoch 105, iter:0, loss: 0.4700, lr: 0.0007343315373843313
2026-09-29 09:03:55 - train: epoch 105, iter:20, loss: 0.5533, lr: 0.0007343315373843313
2026-09-29 09:04:28 - val epoch: 105, loss: 0.8472
2026-09-29 09:04:28 - train gamma: g2=0.101 g3=0.105 g4=0.100 g5=0.087
2026-09-29 09:04:57 - train: epoch 106, iter:0, loss: 0.4413, lr: 0.0007297252973710753
2026-09-29 09:05:13 - train: epoch 106, iter:20, loss: 0.5213, lr: 0.0007297252973710753
2026-09-29 09:06:18 - val epoch: 106, loss: 0.8414
2026-09-29 09:06:18 - train gamma: g2=0.101 g3=0.105 g4=0.101 g5=0.087
2026-09-29 09:06:19 - train: epoch 107, iter:0, loss: 0.5162, lr: 0.0007250944136965387
2026-09-29 09:06:34 - train: epoch 107, iter:20, loss: 0.5205, lr: 0.0007250944136965387
2026-09-29 09:07:11 - val epoch: 107, loss: 0.8107
2026-09-29 09:07:11 - train gamma: g2=0.101 g3=0.105 g4=0.101 g5=0.087
2026-09-29 09:07:12 - train: epoch 108, iter:0, loss: 0.5035, lr: 0.0007204393941893019
2026-09-29 09:07:27 - train: epoch 108, iter:20, loss: 0.5422, lr: 0.0007204393941893019
2026-09-29 09:07:58 - val epoch: 108, loss: 0.7927
2026-09-29 09:07:58 - train gamma: g2=0.101 g3=0.104 g4=0.101 g5=0.087
2026-09-29 09:08:00 - train: epoch 109, iter:0, loss: 0.5691, lr: 0.0007157607493247106
2026-09-29 09:08:44 - train: epoch 109, iter:20, loss: 0.5315, lr: 0.0007157607493247106
2026-09-29 09:09:50 - val epoch: 109, loss: 0.8863
2026-09-29 09:09:50 - train gamma: g2=0.101 g3=0.104 g4=0.101 g5=0.087
2026-09-29 09:09:51 - train: epoch 110, iter:0, loss: 0.6269, lr: 0.0007110589921688983
2026-09-29 09:10:07 - train: epoch 110, iter:20, loss: 0.5387, lr: 0.0007110589921688983
2026-09-29 09:11:35 - val epoch: 110, loss: 0.8201, miou: 0.785859166112556, f1_or_dsc: 0.8800908616139177, accuracy: 0.9423447599505433,                 specificity: 0.9658669586431758, sensitivity: 0.8692329337680303, confusion_matrix: [[38696008  1367489]
 [ 1685534 11204057]]
2026-09-29 09:11:35 - train gamma: g2=0.101 g3=0.104 g4=0.101 g5=0.087
2026-09-29 09:11:36 - train: epoch 111, iter:0, loss: 0.4048, lr: 0.0007063346383225208
2026-09-29 09:12:32 - train: epoch 111, iter:20, loss: 0.5390, lr: 0.0007063346383225208
2026-09-29 09:13:11 - val epoch: 111, loss: 0.8139
2026-09-29 09:13:11 - train gamma: g2=0.101 g3=0.105 g4=0.101 g5=0.087
2026-09-29 09:13:12 - train: epoch 112, iter:0, loss: 0.5297, lr: 0.0007015882058642161
2026-09-29 09:13:29 - train: epoch 112, iter:20, loss: 0.5144, lr: 0.0007015882058642161
2026-09-29 09:14:32 - val epoch: 112, loss: 0.8376
2026-09-29 09:14:32 - train gamma: g2=0.101 g3=0.105 g4=0.101 g5=0.088
2026-09-29 09:14:33 - train: epoch 113, iter:0, loss: 0.4321, lr: 0.0006968202152937907
2026-09-29 09:14:50 - train: epoch 113, iter:20, loss: 0.5471, lr: 0.0006968202152937907
2026-09-29 09:15:22 - val epoch: 113, loss: 0.7770
2026-09-29 09:15:22 - train gamma: g2=0.101 g3=0.105 g4=0.101 g5=0.088
2026-09-29 09:15:23 - train: epoch 114, iter:0, loss: 0.4759, lr: 0.000692031189475141
2026-09-29 09:15:39 - train: epoch 114, iter:20, loss: 0.5324, lr: 0.000692031189475141
2026-09-29 09:16:12 - val epoch: 114, loss: 0.7844
2026-09-29 09:16:12 - train gamma: g2=0.101 g3=0.105 g4=0.101 g5=0.088
2026-09-29 09:16:13 - train: epoch 115, iter:0, loss: 0.5026, lr: 0.0006872216535789155
2026-09-29 09:16:28 - train: epoch 115, iter:20, loss: 0.5211, lr: 0.0006872216535789155
2026-09-29 09:17:32 - val epoch: 115, loss: 0.8867
2026-09-29 09:17:32 - train gamma: g2=0.101 g3=0.105 g4=0.101 g5=0.088
2026-09-29 09:17:33 - train: epoch 116, iter:0, loss: 0.4269, lr: 0.0006823921350249233
2026-09-29 09:17:49 - train: epoch 116, iter:20, loss: 0.4836, lr: 0.0006823921350249233
2026-09-29 09:18:27 - val epoch: 116, loss: 0.7934
2026-09-29 09:18:27 - train gamma: g2=0.101 g3=0.105 g4=0.101 g5=0.088
2026-09-29 09:18:29 - train: epoch 117, iter:0, loss: 0.4592, lr: 0.0006775431634242984
2026-09-29 09:18:44 - train: epoch 117, iter:20, loss: 0.5292, lr: 0.0006775431634242984
2026-09-29 09:19:23 - val epoch: 117, loss: 0.7927
2026-09-29 09:19:23 - train gamma: g2=0.101 g3=0.105 g4=0.101 g5=0.088
2026-09-29 09:19:24 - train: epoch 118, iter:0, loss: 0.4422, lr: 0.0006726752705214191
2026-09-29 09:19:40 - train: epoch 118, iter:20, loss: 0.5239, lr: 0.0006726752705214191
2026-09-29 09:20:17 - val epoch: 118, loss: 0.8212
2026-09-29 09:20:17 - train gamma: g2=0.101 g3=0.105 g4=0.101 g5=0.088
2026-09-29 09:20:18 - train: epoch 119, iter:0, loss: 0.4545, lr: 0.0006677889901355985
2026-09-29 09:20:34 - train: epoch 119, iter:20, loss: 0.5381, lr: 0.0006677889901355985
2026-09-29 09:21:10 - val epoch: 119, loss: 0.8202
2026-09-29 09:21:10 - train gamma: g2=0.102 g3=0.105 g4=0.101 g5=0.088
2026-09-29 09:21:12 - train: epoch 120, iter:0, loss: 0.5408, lr: 0.0006628848581025445
2026-09-29 09:21:27 - train: epoch 120, iter:20, loss: 0.5209, lr: 0.0006628848581025445
2026-09-29 09:22:04 - val epoch: 120, loss: 0.7760, miou: 0.7947187831284809, f1_or_dsc: 0.885619285427168, accuracy: 0.944957185499739,                 specificity: 0.9673289378608163, sensitivity: 0.8754211828753915, confusion_matrix: [[38754580  1308917]
 [ 1605770 11283821]]
2026-09-29 09:22:04 - train gamma: g2=0.101 g3=0.105 g4=0.101 g5=0.088
2026-09-29 09:22:05 - train: epoch 121, iter:0, loss: 0.4933, lr: 0.0006579634122155989
2026-09-29 09:22:21 - train: epoch 121, iter:20, loss: 0.5095, lr: 0.0006579634122155989
2026-09-29 09:22:58 - val epoch: 121, loss: 0.8202
2026-09-29 09:22:58 - train gamma: g2=0.101 g3=0.105 g4=0.101 g5=0.088
2026-09-29 09:22:59 - train: epoch 122, iter:0, loss: 0.5454, lr: 0.0006530251921667629
2026-09-29 09:23:14 - train: epoch 122, iter:20, loss: 0.5135, lr: 0.0006530251921667629
2026-09-29 09:23:51 - val epoch: 122, loss: 0.8175
2026-09-29 09:23:51 - train gamma: g2=0.101 g3=0.105 g4=0.101 g5=0.088
2026-09-29 09:23:52 - train: epoch 123, iter:0, loss: 0.5121, lr: 0.0006480707394875134
2026-09-29 09:24:06 - train: epoch 123, iter:20, loss: 0.5222, lr: 0.0006480707394875134
2026-09-29 09:24:41 - val epoch: 123, loss: 0.8041
2026-09-29 09:24:41 - train gamma: g2=0.102 g3=0.105 g4=0.101 g5=0.088
2026-09-29 09:24:42 - train: epoch 124, iter:0, loss: 0.6196, lr: 0.0006431005974894185
2026-09-29 09:26:11 - train: epoch 124, iter:20, loss: 0.5035, lr: 0.0006431005974894185
2026-09-29 09:27:14 - val epoch: 124, loss: 0.8144
2026-09-29 09:27:14 - train gamma: g2=0.102 g3=0.105 g4=0.101 g5=0.088
2026-09-29 09:27:15 - train: epoch 125, iter:0, loss: 0.4306, lr: 0.0006381153112045565
2026-09-29 09:27:31 - train: epoch 125, iter:20, loss: 0.4993, lr: 0.0006381153112045565
2026-09-29 09:28:03 - val epoch: 125, loss: 0.8829
2026-09-29 09:28:03 - train gamma: g2=0.102 g3=0.105 g4=0.101 g5=0.088
2026-09-29 09:28:05 - train: epoch 126, iter:0, loss: 0.4640, lr: 0.0006331154273257479
2026-09-29 09:28:20 - train: epoch 126, iter:20, loss: 0.5304, lr: 0.0006331154273257479
2026-09-29 09:31:10 - val epoch: 126, loss: 0.8452
2026-09-29 09:31:10 - train gamma: g2=0.102 g3=0.105 g4=0.102 g5=0.088
2026-09-29 09:31:11 - train: epoch 127, iter:0, loss: 0.4677, lr: 0.000628101494146603
2026-09-29 09:31:27 - train: epoch 127, iter:20, loss: 0.5123, lr: 0.000628101494146603
2026-09-29 09:32:28 - val epoch: 127, loss: 0.8297
2026-09-29 09:32:28 - train gamma: g2=0.102 g3=0.105 g4=0.102 g5=0.088
2026-09-29 09:32:29 - train: epoch 128, iter:0, loss: 0.4344, lr: 0.0006230740615013976
2026-09-29 09:32:45 - train: epoch 128, iter:20, loss: 0.5205, lr: 0.0006230740615013976
2026-09-29 09:33:23 - val epoch: 128, loss: 0.9759
2026-09-29 09:33:23 - train gamma: g2=0.102 g3=0.105 g4=0.102 g5=0.089
2026-09-29 09:33:24 - train: epoch 129, iter:0, loss: 0.5920, lr: 0.0006180336807047746
2026-09-29 09:34:09 - train: epoch 129, iter:20, loss: 0.5015, lr: 0.0006180336807047746
2026-09-29 09:34:42 - val epoch: 129, loss: 0.8355
2026-09-29 09:34:42 - train gamma: g2=0.102 g3=0.105 g4=0.102 g5=0.089
2026-09-29 09:34:43 - train: epoch 130, iter:0, loss: 0.5642, lr: 0.0006129809044912887
2026-09-29 09:34:59 - train: epoch 130, iter:20, loss: 0.5135, lr: 0.0006129809044912887
2026-09-29 09:35:32 - val epoch: 130, loss: 0.8301, miou: 0.7810692396996142, f1_or_dsc: 0.8770790290346547, accuracy: 0.9400677822604038,                 specificity: 0.9599061959069624, sensitivity: 0.8784059168363061, confusion_matrix: [[38457199  1606298]
 [ 1567298 11322293]]
2026-09-29 09:35:32 - train gamma: g2=0.102 g3=0.106 g4=0.102 g5=0.088
2026-09-29 09:35:33 - train: epoch 131, iter:0, loss: 0.4305, lr: 0.0006079162869547909
2026-09-29 09:35:49 - train: epoch 131, iter:20, loss: 0.5000, lr: 0.0006079162869547909
2026-09-29 09:36:48 - val epoch: 131, loss: 0.8236
2026-09-29 09:36:48 - train gamma: g2=0.102 g3=0.106 g4=0.102 g5=0.089
2026-09-29 09:36:50 - train: epoch 132, iter:0, loss: 0.4459, lr: 0.0006028403834876673
2026-09-29 09:37:06 - train: epoch 132, iter:20, loss: 0.5093, lr: 0.0006028403834876673
2026-09-29 09:37:39 - val epoch: 132, loss: 0.7971
2026-09-29 09:37:39 - train gamma: g2=0.102 g3=0.106 g4=0.102 g5=0.089
2026-09-29 09:37:40 - train: epoch 133, iter:0, loss: 0.4173, lr: 0.0005977537507199337
2026-09-29 09:37:56 - train: epoch 133, iter:20, loss: 0.4879, lr: 0.0005977537507199337
2026-09-29 09:38:30 - val epoch: 133, loss: 0.7891
2026-09-29 09:38:30 - train gamma: g2=0.102 g3=0.106 g4=0.102 g5=0.089
2026-09-29 09:38:31 - train: epoch 134, iter:0, loss: 0.4686, lr: 0.0005926569464581937
2026-09-29 09:38:46 - train: epoch 134, iter:20, loss: 0.4924, lr: 0.0005926569464581937
2026-09-29 09:39:23 - val epoch: 134, loss: 0.8423
2026-09-29 09:39:23 - train gamma: g2=0.102 g3=0.106 g4=0.102 g5=0.089
2026-09-29 09:39:24 - train: epoch 135, iter:0, loss: 0.5413, lr: 0.0005875505296244705
2026-09-29 09:39:39 - train: epoch 135, iter:20, loss: 0.5001, lr: 0.0005875505296244705
2026-09-29 09:40:38 - val epoch: 135, loss: 0.8113
2026-09-29 09:40:38 - train gamma: g2=0.102 g3=0.106 g4=0.102 g5=0.089
2026-09-29 09:40:40 - train: epoch 136, iter:0, loss: 0.5278, lr: 0.0005824350601949142
2026-09-29 09:40:55 - train: epoch 136, iter:20, loss: 0.4947, lr: 0.0005824350601949142
2026-09-29 09:41:28 - val epoch: 136, loss: 0.7944
2026-09-29 09:41:28 - train gamma: g2=0.102 g3=0.106 g4=0.102 g5=0.089
2026-09-29 09:41:30 - train: epoch 137, iter:0, loss: 0.6341, lr: 0.0005773110991383937
2026-09-29 09:41:45 - train: epoch 137, iter:20, loss: 0.4974, lr: 0.0005773110991383937
2026-09-29 09:42:18 - val epoch: 137, loss: 0.8233
2026-09-29 09:42:18 - train gamma: g2=0.102 g3=0.106 g4=0.102 g5=0.089
2026-09-29 09:42:19 - train: epoch 138, iter:0, loss: 0.3794, lr: 0.0005721792083549806
2026-09-29 09:42:35 - train: epoch 138, iter:20, loss: 0.5059, lr: 0.0005721792083549806
2026-09-29 09:43:06 - val epoch: 138, loss: 0.7906
2026-09-29 09:43:06 - train gamma: g2=0.102 g3=0.106 g4=0.102 g5=0.089
2026-09-29 09:43:08 - train: epoch 139, iter:0, loss: 0.4125, lr: 0.0005670399506143306
2026-09-29 09:43:51 - train: epoch 139, iter:20, loss: 0.4794, lr: 0.0005670399506143306
2026-09-29 09:44:23 - val epoch: 139, loss: 0.7964
2026-09-29 09:44:23 - train gamma: g2=0.102 g3=0.106 g4=0.102 g5=0.089
2026-09-29 09:44:24 - train: epoch 140, iter:0, loss: 0.4874, lr: 0.000561893889493969
2026-09-29 09:44:39 - train: epoch 140, iter:20, loss: 0.4867, lr: 0.000561893889493969
2026-09-29 09:45:09 - val epoch: 140, loss: 0.8455, miou: 0.7833467344049376, f1_or_dsc: 0.8785131004446229, accuracy: 0.9388168070575978,                 specificity: 0.9484708736234383, sensitivity: 0.9088099847388486, confusion_matrix: [[37999060  2064437]
 [ 1175402 11714189]]
2026-09-29 09:45:09 - train gamma: g2=0.102 g3=0.106 g4=0.102 g5=0.090
2026-09-29 09:45:10 - train: epoch 141, iter:0, loss: 0.4578, lr: 0.0005567415893174885
2026-09-29 09:45:25 - train: epoch 141, iter:20, loss: 0.5019, lr: 0.0005567415893174885
2026-09-29 09:45:59 - val epoch: 141, loss: 0.8202
2026-09-29 09:45:59 - train gamma: g2=0.102 g3=0.106 g4=0.102 g5=0.090
2026-09-29 09:46:00 - train: epoch 142, iter:0, loss: 0.4302, lr: 0.0005515836150926646
2026-09-29 09:46:15 - train: epoch 142, iter:20, loss: 0.4903, lr: 0.0005515836150926646
2026-09-29 09:46:48 - val epoch: 142, loss: 0.8182
2026-09-29 09:46:48 - train gamma: g2=0.102 g3=0.106 g4=0.103 g5=0.090
2026-09-29 09:46:49 - train: epoch 143, iter:0, loss: 0.4499, lr: 0.0005464205324494961
2026-09-29 09:47:05 - train: epoch 143, iter:20, loss: 0.4792, lr: 0.0005464205324494961
2026-09-29 09:47:38 - val epoch: 143, loss: 0.8613
2026-09-29 09:47:38 - train gamma: g2=0.102 g3=0.107 g4=0.102 g5=0.090
2026-09-29 09:47:39 - train: epoch 144, iter:0, loss: 0.4762, lr: 0.0005412529075781776
2026-09-29 09:48:42 - train: epoch 144, iter:20, loss: 0.4958, lr: 0.0005412529075781776
2026-09-29 09:49:13 - val epoch: 144, loss: 0.8442
2026-09-29 09:49:13 - train gamma: g2=0.102 g3=0.107 g4=0.103 g5=0.090
2026-09-29 09:49:14 - train: epoch 145, iter:0, loss: 0.4974, lr: 0.0005360813071670101
2026-09-29 09:49:30 - train: epoch 145, iter:20, loss: 0.4705, lr: 0.0005360813071670101
2026-09-29 09:50:02 - val epoch: 145, loss: 0.8179
2026-09-29 09:50:02 - train gamma: g2=0.102 g3=0.106 g4=0.103 g5=0.090
2026-09-29 09:50:03 - train: epoch 146, iter:0, loss: 0.4152, lr: 0.0005309062983402573
2026-09-29 09:50:18 - train: epoch 146, iter:20, loss: 0.4800, lr: 0.0005309062983402573
2026-09-29 09:50:48 - val epoch: 146, loss: 0.8398
2026-09-29 09:50:48 - train gamma: g2=0.102 g3=0.106 g4=0.103 g5=0.090
2026-09-29 09:50:49 - train: epoch 147, iter:0, loss: 0.5880, lr: 0.0005257284485959538
2026-09-29 09:51:06 - train: epoch 147, iter:20, loss: 0.4883, lr: 0.0005257284485959538
2026-09-29 09:52:16 - val epoch: 147, loss: 0.8746
2026-09-29 09:52:16 - train gamma: g2=0.102 g3=0.106 g4=0.103 g5=0.090
2026-09-29 09:52:17 - train: epoch 148, iter:0, loss: 0.4178, lr: 0.0005205483257436734
2026-09-29 09:52:33 - train: epoch 148, iter:20, loss: 0.4906, lr: 0.0005205483257436734
2026-09-29 09:53:08 - val epoch: 148, loss: 0.8695
2026-09-29 09:53:08 - train gamma: g2=0.102 g3=0.106 g4=0.103 g5=0.091
2026-09-29 09:53:09 - train: epoch 149, iter:0, loss: 0.5106, lr: 0.0005153664978422616
2026-09-29 09:53:24 - train: epoch 149, iter:20, loss: 0.4667, lr: 0.0005153664978422616
2026-09-29 09:53:58 - val epoch: 149, loss: 0.9078
2026-09-29 09:53:58 - train gamma: g2=0.102 g3=0.107 g4=0.103 g5=0.091
2026-09-29 09:54:00 - train: epoch 150, iter:0, loss: 0.6488, lr: 0.0005101835331375416
2026-09-29 09:54:15 - train: epoch 150, iter:20, loss: 0.4834, lr: 0.0005101835331375416
2026-09-29 09:54:50 - val epoch: 150, loss: 0.8376, miou: 0.7842195334394921, f1_or_dsc: 0.8790617059636482, accuracy: 0.9394433805257967,                 specificity: 0.9507990777739647, sensitivity: 0.9041475404456201, confusion_matrix: [[38092336  1971161]
 [ 1235499 11654092]]
2026-09-29 09:54:50 - train gamma: g2=0.102 g3=0.107 g4=0.103 g5=0.091
2026-09-29 09:54:51 - train: epoch 151, iter:0, loss: 0.5008, lr: 0.0005049999999999999
2026-09-29 09:55:06 - train: epoch 151, iter:20, loss: 0.4665, lr: 0.0005049999999999999
2026-09-29 09:55:41 - val epoch: 151, loss: 0.8217
2026-09-29 09:55:41 - train gamma: g2=0.102 g3=0.107 g4=0.103 g5=0.091
2026-09-29 09:55:42 - train: epoch 152, iter:0, loss: 0.4526, lr: 0.0004998164668624582
2026-09-29 09:55:58 - train: epoch 152, iter:20, loss: 0.4795, lr: 0.0004998164668624582
2026-09-29 09:56:30 - val epoch: 152, loss: 0.8510
2026-09-29 09:56:30 - train gamma: g2=0.102 g3=0.107 g4=0.103 g5=0.091
2026-09-29 09:56:31 - train: epoch 153, iter:0, loss: 0.4094, lr: 0.0004946335021577383
2026-09-29 09:56:47 - train: epoch 153, iter:20, loss: 0.4641, lr: 0.0004946335021577383
2026-09-29 09:57:18 - val epoch: 153, loss: 0.8868
2026-09-29 09:57:18 - train gamma: g2=0.102 g3=0.106 g4=0.103 g5=0.091
2026-09-29 09:57:19 - train: epoch 154, iter:0, loss: 0.4582, lr: 0.0004894516742563263
2026-09-29 09:57:35 - train: epoch 154, iter:20, loss: 0.4589, lr: 0.0004894516742563263
2026-09-29 09:58:08 - val epoch: 154, loss: 0.8812
2026-09-29 09:58:08 - train gamma: g2=0.102 g3=0.106 g4=0.103 g5=0.091
2026-09-29 09:58:09 - train: epoch 155, iter:0, loss: 0.4503, lr: 0.000484271551404046
2026-09-29 09:58:24 - train: epoch 155, iter:20, loss: 0.4812, lr: 0.000484271551404046
2026-09-29 09:58:57 - val epoch: 155, loss: 0.8291
2026-09-29 09:58:57 - train gamma: g2=0.102 g3=0.107 g4=0.103 g5=0.091
2026-09-29 09:58:58 - train: epoch 156, iter:0, loss: 0.4917, lr: 0.0004790937016597426
2026-09-29 09:59:41 - train: epoch 156, iter:20, loss: 0.4753, lr: 0.0004790937016597426
2026-09-29 10:00:14 - val epoch: 156, loss: 0.8266
2026-09-29 10:00:14 - train gamma: g2=0.102 g3=0.107 g4=0.103 g5=0.092
2026-09-29 10:00:15 - train: epoch 157, iter:0, loss: 0.4835, lr: 0.0004739186928329898
2026-09-29 10:00:31 - train: epoch 157, iter:20, loss: 0.4784, lr: 0.0004739186928329898
2026-09-29 10:01:04 - val epoch: 157, loss: 0.8131
2026-09-29 10:01:04 - train gamma: g2=0.102 g3=0.107 g4=0.103 g5=0.092
2026-09-29 10:01:05 - train: epoch 158, iter:0, loss: 0.4620, lr: 0.0004687470924218222
2026-09-29 10:01:21 - train: epoch 158, iter:20, loss: 0.4550, lr: 0.0004687470924218222
2026-09-29 10:02:20 - val epoch: 158, loss: 0.8591
2026-09-29 10:02:20 - train gamma: g2=0.102 g3=0.107 g4=0.103 g5=0.092
2026-09-29 10:02:21 - train: epoch 159, iter:0, loss: 0.3978, lr: 0.00046357946755050356
2026-09-29 10:02:38 - train: epoch 159, iter:20, loss: 0.4598, lr: 0.00046357946755050356
2026-09-29 10:03:12 - val epoch: 159, loss: 0.8324
2026-09-29 10:03:12 - train gamma: g2=0.102 g3=0.107 g4=0.103 g5=0.092
2026-09-29 10:03:14 - train: epoch 160, iter:0, loss: 0.4533, lr: 0.00045841638490733513
2026-09-29 10:03:31 - train: epoch 160, iter:20, loss: 0.4616, lr: 0.00045841638490733513
2026-09-29 10:04:05 - val epoch: 160, loss: 0.9838, miou: 0.7654027611839984, f1_or_dsc: 0.8671140410709085, accuracy: 0.9387307308688022,                 specificity: 0.976535847582152, sensitivity: 0.8212246610462659, confusion_matrix: [[39123441   940056]
 [ 2304341 10585250]]
2026-09-29 10:04:05 - train gamma: g2=0.102 g3=0.107 g4=0.103 g5=0.092
2026-09-29 10:04:07 - train: epoch 161, iter:0, loss: 0.3896, lr: 0.00045325841068251133
2026-09-29 10:04:23 - train: epoch 161, iter:20, loss: 0.4693, lr: 0.00045325841068251133
2026-09-29 10:05:34 - val epoch: 161, loss: 0.8419
2026-09-29 10:05:34 - train gamma: g2=0.102 g3=0.107 g4=0.103 g5=0.092
2026-09-29 10:05:36 - train: epoch 162, iter:0, loss: 0.4575, lr: 0.0004481061105060308
2026-09-29 10:05:55 - train: epoch 162, iter:20, loss: 0.4647, lr: 0.0004481061105060308
2026-09-29 10:06:29 - val epoch: 162, loss: 0.8500
2026-09-29 10:06:29 - train gamma: g2=0.103 g3=0.107 g4=0.103 g5=0.092
2026-09-29 10:06:31 - train: epoch 163, iter:0, loss: 0.5153, lr: 0.0004429600493856691
2026-09-29 10:07:13 - train: epoch 163, iter:20, loss: 0.4645, lr: 0.0004429600493856691
2026-09-29 10:07:48 - val epoch: 163, loss: 0.8516
2026-09-29 10:07:48 - train gamma: g2=0.103 g3=0.107 g4=0.103 g5=0.092
2026-09-29 10:07:50 - train: epoch 164, iter:0, loss: 0.4102, lr: 0.000437820791645019
2026-09-29 10:08:06 - train: epoch 164, iter:20, loss: 0.4501, lr: 0.000437820791645019
2026-09-29 10:08:40 - val epoch: 164, loss: 0.8298
2026-09-29 10:08:40 - train gamma: g2=0.103 g3=0.107 g4=0.103 g5=0.092
2026-09-29 10:08:42 - train: epoch 165, iter:0, loss: 0.3916, lr: 0.00043268890086160604
2026-09-29 10:08:59 - train: epoch 165, iter:20, loss: 0.4750, lr: 0.00043268890086160604
2026-09-29 10:09:36 - val epoch: 165, loss: 0.8589
2026-09-29 10:09:36 - train gamma: g2=0.102 g3=0.107 g4=0.104 g5=0.093
2026-09-29 10:09:37 - train: epoch 166, iter:0, loss: 0.4313, lr: 0.0004275649398050855
2026-09-29 10:09:52 - train: epoch 166, iter:20, loss: 0.4776, lr: 0.0004275649398050855
2026-09-29 10:10:26 - val epoch: 166, loss: 0.8465
2026-09-29 10:10:26 - train gamma: g2=0.103 g3=0.107 g4=0.104 g5=0.092
2026-09-29 10:10:28 - train: epoch 167, iter:0, loss: 0.4058, lr: 0.0004224494703755289
2026-09-29 10:10:42 - train: epoch 167, iter:20, loss: 0.4686, lr: 0.0004224494703755289
2026-09-29 10:11:17 - val epoch: 167, loss: 0.8431
2026-09-29 10:11:17 - train gamma: g2=0.103 g3=0.107 g4=0.103 g5=0.092
2026-09-29 10:11:18 - train: epoch 168, iter:0, loss: 0.4595, lr: 0.00041734305354180595
2026-09-29 10:11:32 - train: epoch 168, iter:20, loss: 0.4753, lr: 0.00041734305354180595
2026-09-29 10:12:08 - val epoch: 168, loss: 0.8342
2026-09-29 10:12:08 - train gamma: g2=0.103 g3=0.107 g4=0.103 g5=0.093
2026-09-29 10:12:09 - train: epoch 169, iter:0, loss: 0.4922, lr: 0.000412246249280066
2026-09-29 10:12:25 - train: epoch 169, iter:20, loss: 0.4526, lr: 0.000412246249280066
2026-09-29 10:13:00 - val epoch: 169, loss: 0.8262
2026-09-29 10:13:00 - train gamma: g2=0.103 g3=0.107 g4=0.103 g5=0.093
2026-09-29 10:13:01 - train: epoch 170, iter:0, loss: 0.4838, lr: 0.0004071596165123322
2026-09-29 10:13:17 - train: epoch 170, iter:20, loss: 0.4664, lr: 0.0004071596165123322
2026-09-29 10:13:53 - val epoch: 170, loss: 0.8405, miou: 0.7872100556103862, f1_or_dsc: 0.8809373617154701, accuracy: 0.9412265248817973,                 specificity: 0.956661945910513, sensitivity: 0.8932500651106773, confusion_matrix: [[38327223  1736274]
 [ 1375963 11513628]]
2026-09-29 10:13:53 - train gamma: g2=0.103 g3=0.107 g4=0.104 g5=0.093
2026-09-29 10:13:54 - train: epoch 171, iter:0, loss: 0.4687, lr: 0.0004020837130452088
2026-09-29 10:14:10 - train: epoch 171, iter:20, loss: 0.4473, lr: 0.0004020837130452088
2026-09-29 10:14:44 - val epoch: 171, loss: 0.8448
2026-09-29 10:14:44 - train gamma: g2=0.103 g3=0.107 g4=0.104 g5=0.093
2026-09-29 10:14:46 - train: epoch 172, iter:0, loss: 0.4123, lr: 0.00039701909550871116
2026-09-29 10:15:01 - train: epoch 172, iter:20, loss: 0.4669, lr: 0.00039701909550871116
2026-09-29 10:16:01 - val epoch: 172, loss: 0.8537
2026-09-29 10:16:01 - train gamma: g2=0.103 g3=0.107 g4=0.104 g5=0.093
2026-09-29 10:16:02 - train: epoch 173, iter:0, loss: 0.4298, lr: 0.0003919663192952252
2026-09-29 10:16:19 - train: epoch 173, iter:20, loss: 0.4516, lr: 0.0003919663192952252
2026-09-29 10:16:53 - val epoch: 173, loss: 0.8261
2026-09-29 10:16:53 - train gamma: g2=0.103 g3=0.107 g4=0.104 g5=0.093
2026-09-29 10:16:54 - train: epoch 174, iter:0, loss: 0.3938, lr: 0.0003869259384986023
2026-09-29 10:17:10 - train: epoch 174, iter:20, loss: 0.4524, lr: 0.0003869259384986023
2026-09-29 10:17:43 - val epoch: 174, loss: 0.8325
2026-09-29 10:17:43 - train gamma: g2=0.103 g3=0.107 g4=0.104 g5=0.093
2026-09-29 10:17:44 - train: epoch 175, iter:0, loss: 0.3856, lr: 0.0003818985058533967
2026-09-29 10:18:01 - train: epoch 175, iter:20, loss: 0.4479, lr: 0.0003818985058533967
2026-09-29 10:19:07 - val epoch: 175, loss: 0.8692
2026-09-29 10:19:07 - train gamma: g2=0.103 g3=0.107 g4=0.104 g5=0.094
2026-09-29 10:19:08 - train: epoch 176, iter:0, loss: 0.4679, lr: 0.00037688457267425206
2026-09-29 10:19:23 - train: epoch 176, iter:20, loss: 0.4512, lr: 0.00037688457267425206
2026-09-29 10:19:55 - val epoch: 176, loss: 0.9027
2026-09-29 10:19:55 - train gamma: g2=0.103 g3=0.107 g4=0.104 g5=0.094
2026-09-29 10:19:56 - train: epoch 177, iter:0, loss: 0.6457, lr: 0.0003718846887954434
2026-09-29 10:20:13 - train: epoch 177, iter:20, loss: 0.4558, lr: 0.0003718846887954434
2026-09-29 10:20:47 - val epoch: 177, loss: 0.8393
2026-09-29 10:20:47 - train gamma: g2=0.103 g3=0.107 g4=0.104 g5=0.094
2026-09-29 10:20:48 - train: epoch 178, iter:0, loss: 0.4711, lr: 0.0003668994025105812
2026-09-29 10:21:03 - train: epoch 178, iter:20, loss: 0.4362, lr: 0.0003668994025105812
2026-09-29 10:21:37 - val epoch: 178, loss: 0.8262
2026-09-29 10:21:37 - train gamma: g2=0.103 g3=0.107 g4=0.104 g5=0.094
2026-09-29 10:21:38 - train: epoch 179, iter:0, loss: 0.3306, lr: 0.0003619292605124862
2026-09-29 10:21:56 - train: epoch 179, iter:20, loss: 0.4568, lr: 0.0003619292605124862
2026-09-29 10:22:58 - val epoch: 179, loss: 0.8485
2026-09-29 10:22:58 - train gamma: g2=0.103 g3=0.108 g4=0.104 g5=0.094
2026-09-29 10:22:59 - train: epoch 180, iter:0, loss: 0.4944, lr: 0.00035697480783323686
2026-09-29 10:23:16 - train: epoch 180, iter:20, loss: 0.4495, lr: 0.00035697480783323686
2026-09-29 10:23:50 - val epoch: 180, loss: 0.8569, miou: 0.7814080098566973, f1_or_dsc: 0.8772925747870153, accuracy: 0.9404828288767597,                 specificity: 0.961855052243692, sensitivity: 0.8740535677198756, confusion_matrix: [[38535277  1528220]
 [ 1623398 11266193]]
2026-09-29 10:23:50 - train gamma: g2=0.103 g3=0.108 g4=0.104 g5=0.094
2026-09-29 10:23:51 - train: epoch 181, iter:0, loss: 0.4444, lr: 0.00035203658778440076
2026-09-29 10:24:07 - train: epoch 181, iter:20, loss: 0.4463, lr: 0.00035203658778440076
2026-09-29 10:25:10 - val epoch: 181, loss: 0.8661
2026-09-29 10:25:10 - train gamma: g2=0.103 g3=0.108 g4=0.104 g5=0.094
2026-09-29 10:25:11 - train: epoch 182, iter:0, loss: 0.4179, lr: 0.00034711514189745505
2026-09-29 10:25:28 - train: epoch 182, iter:20, loss: 0.4345, lr: 0.00034711514189745505
2026-09-29 10:26:31 - val epoch: 182, loss: 0.8547
2026-09-29 10:26:31 - train gamma: g2=0.103 g3=0.107 g4=0.104 g5=0.094
2026-09-29 10:26:32 - train: epoch 183, iter:0, loss: 0.4095, lr: 0.00034221100986440094
2026-09-29 10:26:49 - train: epoch 183, iter:20, loss: 0.4437, lr: 0.00034221100986440094
2026-09-29 10:27:24 - val epoch: 183, loss: 0.8863
2026-09-29 10:27:24 - train gamma: g2=0.103 g3=0.108 g4=0.104 g5=0.094
2026-09-29 10:27:25 - train: epoch 184, iter:0, loss: 0.4330, lr: 0.0003373247294785804
2026-09-29 10:27:42 - train: epoch 184, iter:20, loss: 0.4356, lr: 0.0003373247294785804
2026-09-29 10:28:15 - val epoch: 184, loss: 0.8642
2026-09-29 10:28:15 - train gamma: g2=0.103 g3=0.107 g4=0.104 g5=0.094
2026-09-29 10:28:16 - train: epoch 185, iter:0, loss: 0.5021, lr: 0.0003324568365757012
2026-09-29 10:28:31 - train: epoch 185, iter:20, loss: 0.4451, lr: 0.0003324568365757012
2026-09-29 10:29:03 - val epoch: 185, loss: 0.9139
2026-09-29 10:29:03 - train gamma: g2=0.103 g3=0.107 g4=0.104 g5=0.094
2026-09-29 10:29:04 - train: epoch 186, iter:0, loss: 0.4307, lr: 0.0003276078649750761
2026-09-29 10:29:19 - train: epoch 186, iter:20, loss: 0.4468, lr: 0.0003276078649750761
2026-09-29 10:29:51 - val epoch: 186, loss: 0.8548
2026-09-29 10:29:51 - train gamma: g2=0.103 g3=0.107 g4=0.104 g5=0.095
2026-09-29 10:29:53 - train: epoch 187, iter:0, loss: 0.4719, lr: 0.00032277834642108417
2026-09-29 10:30:09 - train: epoch 187, iter:20, loss: 0.4375, lr: 0.00032277834642108417
2026-09-29 10:30:42 - val epoch: 187, loss: 0.9041
2026-09-29 10:30:42 - train gamma: g2=0.103 g3=0.107 g4=0.104 g5=0.095
2026-09-29 10:30:43 - train: epoch 188, iter:0, loss: 0.4418, lr: 0.00031796881052485835
2026-09-29 10:31:25 - train: epoch 188, iter:20, loss: 0.4325, lr: 0.00031796881052485835
2026-09-29 10:32:06 - val epoch: 188, loss: 0.8606
2026-09-29 10:32:06 - train gamma: g2=0.103 g3=0.107 g4=0.104 g5=0.095
2026-09-29 10:32:08 - train: epoch 189, iter:0, loss: 0.3595, lr: 0.00031317978470620867
2026-09-29 10:32:23 - train: epoch 189, iter:20, loss: 0.4325, lr: 0.00031317978470620867
2026-09-29 10:33:21 - val epoch: 189, loss: 0.8234
2026-09-29 10:33:21 - train gamma: g2=0.103 g3=0.107 g4=0.105 g5=0.095
2026-09-29 10:33:23 - train: epoch 190, iter:0, loss: 0.4331, lr: 0.00030841179413578315
2026-09-29 10:33:38 - train: epoch 190, iter:20, loss: 0.4467, lr: 0.00030841179413578315
2026-09-29 10:34:09 - val epoch: 190, loss: 0.8456, miou: 0.7865804293827029, f1_or_dsc: 0.8805429819406241, accuracy: 0.9421868088221786,                 specificity: 0.9636860955996926, sensitivity: 0.8753626084799743, confusion_matrix: [[38608635  1454862]
 [ 1606525 11283066]]
2026-09-29 10:34:09 - train gamma: g2=0.103 g3=0.107 g4=0.105 g5=0.095
2026-09-29 10:34:11 - train: epoch 191, iter:0, loss: 0.3554, lr: 0.0003036653616774785
2026-09-29 10:34:26 - train: epoch 191, iter:20, loss: 0.4442, lr: 0.0003036653616774785
2026-09-29 10:34:57 - val epoch: 191, loss: 0.9069
2026-09-29 10:34:57 - train gamma: g2=0.103 g3=0.107 g4=0.105 g5=0.095
2026-09-29 10:34:59 - train: epoch 192, iter:0, loss: 0.3801, lr: 0.0002989410078311011
2026-09-29 10:36:08 - train: epoch 192, iter:20, loss: 0.4454, lr: 0.0002989410078311011
2026-09-29 10:36:43 - val epoch: 192, loss: 0.8477
2026-09-29 10:36:43 - train gamma: g2=0.103 g3=0.107 g4=0.105 g5=0.095
2026-09-29 10:36:44 - train: epoch 193, iter:0, loss: 0.3722, lr: 0.00029423925067528865
2026-09-29 10:37:52 - train: epoch 193, iter:20, loss: 0.4215, lr: 0.00029423925067528865
2026-09-29 10:38:25 - val epoch: 193, loss: 0.8463
2026-09-29 10:38:25 - train gamma: g2=0.103 g3=0.107 g4=0.105 g5=0.096
2026-09-29 10:38:27 - train: epoch 194, iter:0, loss: 0.4857, lr: 0.0002895606058106975
2026-09-29 10:38:42 - train: epoch 194, iter:20, loss: 0.4138, lr: 0.0002895606058106975
2026-09-29 10:39:15 - val epoch: 194, loss: 0.8413
2026-09-29 10:39:15 - train gamma: g2=0.103 g3=0.107 g4=0.105 g5=0.096
2026-09-29 10:39:16 - train: epoch 195, iter:0, loss: 0.4593, lr: 0.0002849055863034606
2026-09-29 10:39:31 - train: epoch 195, iter:20, loss: 0.4290, lr: 0.0002849055863034606
2026-09-29 10:40:03 - val epoch: 195, loss: 0.8858
2026-09-29 10:40:03 - train gamma: g2=0.103 g3=0.108 g4=0.105 g5=0.096
2026-09-29 10:40:04 - train: epoch 196, iter:0, loss: 0.4923, lr: 0.00028027470262892396
2026-09-29 10:40:20 - train: epoch 196, iter:20, loss: 0.4343, lr: 0.00028027470262892396
2026-09-29 10:40:53 - val epoch: 196, loss: 0.8549
2026-09-29 10:40:53 - train gamma: g2=0.103 g3=0.108 g4=0.105 g5=0.096
2026-09-29 10:40:54 - train: epoch 197, iter:0, loss: 0.4498, lr: 0.0002756684626156682
2026-09-29 10:41:10 - train: epoch 197, iter:20, loss: 0.4409, lr: 0.0002756684626156682
2026-09-29 10:41:41 - val epoch: 197, loss: 0.8920
2026-09-29 10:41:41 - train gamma: g2=0.103 g3=0.108 g4=0.105 g5=0.096
2026-09-29 10:41:42 - train: epoch 198, iter:0, loss: 0.3815, lr: 0.000271087371389818
2026-09-29 10:42:24 - train: epoch 198, iter:20, loss: 0.4264, lr: 0.000271087371389818
2026-09-29 10:42:57 - val epoch: 198, loss: 0.8490
2026-09-29 10:42:57 - train gamma: g2=0.103 g3=0.108 g4=0.105 g5=0.096
2026-09-29 10:42:58 - train: epoch 199, iter:0, loss: 0.3960, lr: 0.0002665319313196505
2026-09-29 10:43:14 - train: epoch 199, iter:20, loss: 0.4173, lr: 0.0002665319313196505
2026-09-29 10:44:01 - val epoch: 199, loss: 0.8370
2026-09-29 10:44:14 - train gamma: g2=0.103 g3=0.108 g4=0.105 g5=0.096
2026-09-29 10:44:15 - train: epoch 200, iter:0, loss: 0.3893, lr: 0.00026200264196050494
2026-09-29 10:44:31 - train: epoch 200, iter:20, loss: 0.4306, lr: 0.00026200264196050494
2026-09-29 10:45:03 - val epoch: 200, loss: 0.8206, miou: 0.792171394267563, f1_or_dsc: 0.8840353068924115, accuracy: 0.9424344997594852,                 specificity: 0.9556293351027245, sensitivity: 0.9014222406281162, confusion_matrix: [[38285853  1777644]
 [ 1270627 11618964]]
2026-09-29 10:45:03 - train gamma: g2=0.103 g3=0.108 g4=0.105 g5=0.096
2026-09-29 10:45:05 - train: epoch 201, iter:0, loss: 0.3866, lr: 0.00025749999999999954
2026-09-29 10:45:46 - train: epoch 201, iter:20, loss: 0.4246, lr: 0.00025749999999999954
2026-09-29 10:46:20 - val epoch: 201, loss: 0.8494
2026-09-29 10:46:20 - train gamma: g2=0.103 g3=0.108 g4=0.105 g5=0.096
2026-09-29 10:46:21 - train: epoch 202, iter:0, loss: 0.4507, lr: 0.0002530244992035658
2026-09-29 10:46:37 - train: epoch 202, iter:20, loss: 0.4216, lr: 0.0002530244992035658
2026-09-29 10:47:11 - val epoch: 202, loss: 0.8539
2026-09-29 10:47:11 - train gamma: g2=0.103 g3=0.108 g4=0.105 g5=0.096
2026-09-29 10:47:12 - train: epoch 203, iter:0, loss: 0.4381, lr: 0.0002485766303603003
2026-09-29 10:47:28 - train: epoch 203, iter:20, loss: 0.4247, lr: 0.0002485766303603003
2026-09-29 10:48:28 - val epoch: 203, loss: 0.8547
2026-09-29 10:48:28 - train gamma: g2=0.103 g3=0.108 g4=0.105 g5=0.096
2026-09-29 10:48:29 - train: epoch 204, iter:0, loss: 0.3968, lr: 0.0002441568812291443
2026-09-29 10:48:44 - train: epoch 204, iter:20, loss: 0.4218, lr: 0.0002441568812291443
2026-09-29 10:49:43 - val epoch: 204, loss: 0.8638
2026-09-29 10:49:43 - train gamma: g2=0.103 g3=0.108 g4=0.105 g5=0.096
2026-09-29 10:49:45 - train: epoch 205, iter:0, loss: 0.4143, lr: 0.00023976573648539645
2026-09-29 10:50:00 - train: epoch 205, iter:20, loss: 0.4155, lr: 0.00023976573648539645
2026-09-29 10:50:31 - val epoch: 205, loss: 0.8702
2026-09-29 10:50:31 - train gamma: g2=0.103 g3=0.108 g4=0.105 g5=0.097
2026-09-29 10:50:33 - train: epoch 206, iter:0, loss: 0.4392, lr: 0.00023540367766756144
2026-09-29 10:50:48 - train: epoch 206, iter:20, loss: 0.4278, lr: 0.00023540367766756144
2026-09-29 10:51:46 - val epoch: 206, loss: 0.8802
2026-09-29 10:51:46 - train gamma: g2=0.103 g3=0.108 g4=0.105 g5=0.097
2026-09-29 10:51:47 - train: epoch 207, iter:0, loss: 0.3606, lr: 0.0002310711831245444
2026-09-29 10:52:04 - train: epoch 207, iter:20, loss: 0.4153, lr: 0.0002310711831245444
2026-09-29 10:52:37 - val epoch: 207, loss: 0.8825
2026-09-29 10:52:37 - train gamma: g2=0.103 g3=0.108 g4=0.105 g5=0.097
2026-09-29 10:52:38 - train: epoch 208, iter:0, loss: 0.4288, lr: 0.00022676872796319514
2026-09-29 10:53:21 - train: epoch 208, iter:20, loss: 0.4215, lr: 0.00022676872796319514
2026-09-29 10:54:21 - val epoch: 208, loss: 0.8886
2026-09-29 10:54:21 - train gamma: g2=0.103 g3=0.108 g4=0.105 g5=0.097
2026-09-29 10:54:22 - train: epoch 209, iter:0, loss: 0.4913, lr: 0.00022249678399620604
2026-09-29 10:54:37 - train: epoch 209, iter:20, loss: 0.4229, lr: 0.00022249678399620604
2026-09-29 10:55:36 - val epoch: 209, loss: 0.8733
2026-09-29 10:55:36 - train gamma: g2=0.103 g3=0.108 g4=0.105 g5=0.097
2026-09-29 10:55:37 - train: epoch 210, iter:0, loss: 0.4137, lr: 0.0002182558196903736
2026-09-29 10:55:53 - train: epoch 210, iter:20, loss: 0.4104, lr: 0.0002182558196903736
2026-09-29 10:56:25 - val epoch: 210, loss: 0.8837, miou: 0.7849527444853035, f1_or_dsc: 0.8795221575590193, accuracy: 0.9424758948902092,                 specificity: 0.9681728981371746, sensitivity: 0.862604329338301, confusion_matrix: [[38788392  1275105]
 [ 1770974 11118617]]
2026-09-29 10:56:25 - train gamma: g2=0.103 g3=0.108 g4=0.105 g5=0.097
2026-09-29 10:56:26 - train: epoch 211, iter:0, loss: 0.4074, lr: 0.00021404630011522552
2026-09-29 10:56:41 - train: epoch 211, iter:20, loss: 0.4248, lr: 0.00021404630011522552
2026-09-29 10:57:15 - val epoch: 211, loss: 0.8686
2026-09-29 10:57:15 - train gamma: g2=0.103 g3=0.108 g4=0.105 g5=0.097
2026-09-29 10:57:16 - train: epoch 212, iter:0, loss: 0.3965, lr: 0.0002098686868920198
2026-09-29 10:57:31 - train: epoch 212, iter:20, loss: 0.4353, lr: 0.0002098686868920198
2026-09-29 10:58:15 - val epoch: 212, loss: 0.8562
2026-09-29 10:58:15 - train gamma: g2=0.103 g3=0.108 g4=0.105 g5=0.097
2026-09-29 10:58:16 - train: epoch 213, iter:0, loss: 0.3878, lr: 0.00020572343814312415
2026-09-29 10:58:32 - train: epoch 213, iter:20, loss: 0.4301, lr: 0.00020572343814312415
2026-09-29 10:59:30 - val epoch: 213, loss: 0.8609
2026-09-29 10:59:30 - train gamma: g2=0.103 g3=0.108 g4=0.105 g5=0.097
2026-09-29 10:59:31 - train: epoch 214, iter:0, loss: 0.4349, lr: 0.00020161100844177644
2026-09-29 10:59:47 - train: epoch 214, iter:20, loss: 0.4198, lr: 0.00020161100844177644
2026-09-29 11:00:18 - val epoch: 214, loss: 0.8633
2026-09-29 11:00:18 - train gamma: g2=0.103 g3=0.108 g4=0.105 g5=0.097
2026-09-29 11:00:19 - train: epoch 215, iter:0, loss: 0.5269, lr: 0.0001975318487622361
2026-09-29 11:00:34 - train: epoch 215, iter:20, loss: 0.4202, lr: 0.0001975318487622361
2026-09-29 11:01:06 - val epoch: 215, loss: 0.8522
2026-09-29 11:01:06 - train gamma: g2=0.103 g3=0.108 g4=0.105 g5=0.098
2026-09-29 11:01:07 - train: epoch 216, iter:0, loss: 0.4450, lr: 0.00019348640643033024
2026-09-29 11:01:22 - train: epoch 216, iter:20, loss: 0.4196, lr: 0.00019348640643033024
2026-09-29 11:01:53 - val epoch: 216, loss: 0.8635
2026-09-29 11:01:53 - train gamma: g2=0.103 g3=0.108 g4=0.105 g5=0.098
2026-09-29 11:01:55 - train: epoch 217, iter:0, loss: 0.3700, lr: 0.00018947512507439828
2026-09-29 11:02:10 - train: epoch 217, iter:20, loss: 0.4066, lr: 0.00018947512507439828
2026-09-29 11:02:42 - val epoch: 217, loss: 0.8884
2026-09-29 11:02:42 - train gamma: g2=0.103 g3=0.108 g4=0.105 g5=0.098
2026-09-29 11:02:43 - train: epoch 218, iter:0, loss: 0.3897, lr: 0.00018549844457664425
2026-09-29 11:02:59 - train: epoch 218, iter:20, loss: 0.4216, lr: 0.00018549844457664425
2026-09-29 11:03:57 - val epoch: 218, loss: 0.8591
2026-09-29 11:03:57 - train gamma: g2=0.103 g3=0.108 g4=0.105 g5=0.098
2026-09-29 11:03:58 - train: epoch 219, iter:0, loss: 0.3462, lr: 0.00018155680102489765
2026-09-29 11:04:13 - train: epoch 219, iter:20, loss: 0.4130, lr: 0.00018155680102489765
2026-09-29 11:04:49 - val epoch: 219, loss: 0.8852
2026-09-29 11:04:49 - train gamma: g2=0.103 g3=0.108 g4=0.105 g5=0.098
2026-09-29 11:04:50 - train: epoch 220, iter:0, loss: 0.3567, lr: 0.00017765062666479195
2026-09-29 11:05:04 - train: epoch 220, iter:20, loss: 0.4032, lr: 0.00017765062666479195
2026-09-29 11:06:24 - val epoch: 220, loss: 0.9007, miou: 0.7823982550972185, f1_or_dsc: 0.8779163162438617, accuracy: 0.9417492894843074,                 specificity: 0.9679099405626024, sensitivity: 0.8604366112159804, confusion_matrix: [[38777857  1285640]
 [ 1798915 11090676]]
2026-09-29 11:06:24 - train gamma: g2=0.103 g3=0.108 g4=0.105 g5=0.098
2026-09-29 11:06:26 - train: epoch 221, iter:0, loss: 0.4477, lr: 0.00017378034985236489
2026-09-29 11:07:08 - train: epoch 221, iter:20, loss: 0.4169, lr: 0.00017378034985236489
2026-09-29 11:08:07 - val epoch: 221, loss: 0.8543
2026-09-29 11:08:07 - train gamma: g2=0.103 g3=0.108 g4=0.105 g5=0.098
2026-09-29 11:08:08 - train: epoch 222, iter:0, loss: 0.4020, lr: 0.0001699463950070827
2026-09-29 11:08:24 - train: epoch 222, iter:20, loss: 0.4125, lr: 0.0001699463950070827
2026-09-29 11:08:56 - val epoch: 222, loss: 0.8559
2026-09-29 11:08:56 - train gamma: g2=0.103 g3=0.108 g4=0.105 g5=0.098
2026-09-29 11:08:57 - train: epoch 223, iter:0, loss: 0.4136, lr: 0.0001661491825652988
2026-09-29 11:09:12 - train: epoch 223, iter:20, loss: 0.4100, lr: 0.0001661491825652988
2026-09-29 11:09:47 - val epoch: 223, loss: 0.8763
2026-09-29 11:09:47 - train gamma: g2=0.103 g3=0.108 g4=0.105 g5=0.098
2026-09-29 11:09:48 - train: epoch 224, iter:0, loss: 0.4161, lr: 0.0001623891289341484
2026-09-29 11:10:03 - train: epoch 224, iter:20, loss: 0.4083, lr: 0.0001623891289341484
2026-09-29 11:10:35 - val epoch: 224, loss: 0.9030
2026-09-29 11:10:35 - train gamma: g2=0.103 g3=0.108 g4=0.105 g5=0.098
2026-09-29 11:10:37 - train: epoch 225, iter:0, loss: 0.4002, lr: 0.0001586666464458838
2026-09-29 11:13:58 - #----------Config info----------#
2026-09-29 11:13:58 - seed: 43,
2026-09-29 11:13:58 - work_dir: results/stability_dual_difflr_seed43_v1_20260914/,
2026-09-29 11:13:58 - epochs: 300,
2026-09-29 11:13:58 - val_interval: 10,
2026-09-29 11:13:58 - save_interval: 10,
2026-09-29 11:13:58 - num_workers: 4,
2026-09-29 11:13:58 - batch_size: 64,
2026-09-29 11:13:58 - gradient_accumulation_steps: 1,
2026-09-29 11:13:58 - [diff-lr] group1 81,146 lr=0.001; group2 5,259,408 lr=0.0001
2026-09-29 11:13:58 - resuming model from results/stability_dual_difflr_seed43_v1_20260914/checkpoints/latest.pth. resume_epoch: 224, min_loss: 0.7760, min_epoch: 120, loss: 0.9030
2026-09-29 11:14:00 - train: epoch 225, iter:0, loss: 0.4797, lr: 0.0001586666464458838
2026-09-29 11:14:03 - train: epoch 225, iter:20, loss: 0.4072, lr: 0.0001586666464458838
2026-09-29 11:14:25 - val epoch: 225, loss: 0.9171
2026-09-29 11:14:25 - train gamma: g2=0.103 g3=0.108 g4=0.106 g5=0.098
2026-09-29 11:14:27 - train: epoch 226, iter:0, loss: 0.4285, lr: 0.00015498214331265874
2026-09-29 11:14:30 - train: epoch 226, iter:20, loss: 0.4117, lr: 0.00015498214331265874
2026-09-29 11:14:52 - val epoch: 226, loss: 0.8773
2026-09-29 11:14:52 - train gamma: g2=0.103 g3=0.108 g4=0.106 g5=0.098
2026-09-29 11:14:54 - train: epoch 227, iter:0, loss: 0.3888, lr: 0.00015133602358176218
2026-09-29 11:14:57 - train: epoch 227, iter:20, loss: 0.4224, lr: 0.00015133602358176218
2026-09-29 11:15:17 - val epoch: 227, loss: 0.8821
2026-09-29 11:15:17 - train gamma: g2=0.103 g3=0.108 g4=0.106 g5=0.098
2026-09-29 11:15:19 - train: epoch 228, iter:0, loss: 0.4699, lr: 0.00014772868709131046
2026-09-29 11:15:22 - train: epoch 228, iter:20, loss: 0.4097, lr: 0.00014772868709131046
2026-09-29 11:15:43 - val epoch: 228, loss: 0.8715
2026-09-29 11:15:43 - train gamma: g2=0.103 g3=0.108 g4=0.106 g5=0.098
2026-09-29 11:15:45 - train: epoch 229, iter:0, loss: 0.4298, lr: 0.00014416052942640113
2026-09-29 11:15:48 - train: epoch 229, iter:20, loss: 0.4120, lr: 0.00014416052942640113
2026-09-29 11:16:12 - val epoch: 229, loss: 0.8714
2026-09-29 11:16:12 - train gamma: g2=0.103 g3=0.108 g4=0.106 g5=0.098
2026-09-29 11:16:13 - train: epoch 230, iter:0, loss: 0.4508, lr: 0.0001406319418757314
2026-09-29 11:16:17 - train: epoch 230, iter:20, loss: 0.4170, lr: 0.0001406319418757314
2026-09-29 11:16:38 - val epoch: 230, loss: 0.8855, miou: 0.785908568243213, f1_or_dsc: 0.8801218407460873, accuracy: 0.9425715455914488,                 specificity: 0.9671849414443278, sensitivity: 0.866068054447965, confusion_matrix: [[38748811  1314686]
 [ 1726328 11163263]]
2026-09-29 11:16:38 - train gamma: g2=0.103 g3=0.108 g4=0.106 g5=0.098
2026-09-29 11:16:39 - train: epoch 231, iter:0, loss: 0.4102, lr: 0.00013714331138868954
2026-09-29 11:16:42 - train: epoch 231, iter:20, loss: 0.4069, lr: 0.00013714331138868954
2026-09-29 11:17:04 - val epoch: 231, loss: 0.8702
2026-09-29 11:17:04 - train gamma: g2=0.104 g3=0.108 g4=0.106 g5=0.099
2026-09-29 11:17:05 - train: epoch 232, iter:0, loss: 0.4254, lr: 0.00013369502053292226
2026-09-29 11:17:08 - train: epoch 232, iter:20, loss: 0.4166, lr: 0.00013369502053292226
2026-09-29 11:17:29 - val epoch: 232, loss: 0.8674
2026-09-29 11:17:29 - train gamma: g2=0.103 g3=0.109 g4=0.106 g5=0.099
2026-09-29 11:17:31 - train: epoch 233, iter:0, loss: 0.3926, lr: 0.0001302874474523804
2026-09-29 11:17:34 - train: epoch 233, iter:20, loss: 0.4084, lr: 0.0001302874474523804
2026-09-29 11:17:57 - val epoch: 233, loss: 0.8763
2026-09-29 11:17:57 - train gamma: g2=0.103 g3=0.109 g4=0.106 g5=0.099
2026-09-29 11:17:59 - train: epoch 234, iter:0, loss: 0.4855, lr: 0.00012692096582585187
2026-09-29 11:18:02 - train: epoch 234, iter:20, loss: 0.4118, lr: 0.00012692096582585187
2026-09-29 11:18:23 - val epoch: 234, loss: 0.9069
2026-09-29 11:18:23 - train gamma: g2=0.103 g3=0.109 g4=0.106 g5=0.099
2026-09-29 11:18:25 - train: epoch 235, iter:0, loss: 0.4285, lr: 0.00012359594482598416
2026-09-29 11:18:28 - train: epoch 235, iter:20, loss: 0.3972, lr: 0.00012359594482598416
2026-09-29 11:18:49 - val epoch: 235, loss: 0.8742
2026-09-29 11:18:49 - train gamma: g2=0.104 g3=0.109 g4=0.106 g5=0.099
2026-09-29 11:18:50 - train: epoch 236, iter:0, loss: 0.4384, lr: 0.00012031274907879919
2026-09-29 11:18:53 - train: epoch 236, iter:20, loss: 0.4041, lr: 0.00012031274907879919
2026-09-29 11:19:14 - val epoch: 236, loss: 0.8932
2026-09-29 11:19:14 - train gamma: g2=0.104 g3=0.109 g4=0.106 g5=0.099
2026-09-29 11:19:15 - train: epoch 237, iter:0, loss: 0.3539, lr: 0.00011707173862370913
2026-09-29 11:19:18 - train: epoch 237, iter:20, loss: 0.4055, lr: 0.00011707173862370913
2026-09-29 11:19:40 - val epoch: 237, loss: 0.8721
2026-09-29 11:19:40 - train gamma: g2=0.104 g3=0.109 g4=0.106 g5=0.099
2026-09-29 11:19:41 - train: epoch 238, iter:0, loss: 0.4005, lr: 0.00011387326887403316
2026-09-29 11:20:10 - train: epoch 238, iter:20, loss: 0.4089, lr: 0.00011387326887403316
2026-09-29 11:20:32 - val epoch: 238, loss: 0.8757
2026-09-29 11:20:53 - train gamma: g2=0.104 g3=0.109 g4=0.106 g5=0.099
2026-09-29 11:20:54 - train: epoch 239, iter:0, loss: 0.3981, lr: 0.00011071769057802265
2026-09-29 11:20:57 - train: epoch 239, iter:20, loss: 0.4083, lr: 0.00011071769057802265
2026-09-29 11:21:20 - val epoch: 239, loss: 0.8889
2026-09-29 11:21:20 - train gamma: g2=0.104 g3=0.109 g4=0.106 g5=0.099
2026-09-29 11:21:21 - train: epoch 240, iter:0, loss: 0.4001, lr: 0.0001076053497803982
2026-09-29 11:21:24 - train: epoch 240, iter:20, loss: 0.4018, lr: 0.0001076053497803982
2026-09-29 11:21:49 - val epoch: 240, loss: 0.8924, miou: 0.7818966366452103, f1_or_dsc: 0.8776004405253188, accuracy: 0.9404183567160427,                 specificity: 0.9606581023119375, sensitivity: 0.8775090691395872, confusion_matrix: [[38487323  1576174]
 [ 1578858 11310733]]
2026-09-29 11:21:49 - train gamma: g2=0.104 g3=0.109 g4=0.106 g5=0.099
2026-09-29 11:21:50 - train: epoch 241, iter:0, loss: 0.5718, lr: 0.00010453658778440088
2026-09-29 11:21:53 - train: epoch 241, iter:20, loss: 0.4034, lr: 0.00010453658778440088
2026-09-29 11:22:33 - val epoch: 241, loss: 0.8826
2026-09-29 11:22:33 - train gamma: g2=0.104 g3=0.109 g4=0.106 g5=0.099
2026-09-29 11:22:34 - train: epoch 242, iter:0, loss: 0.4554, lr: 0.00010151174111436543
2026-09-29 11:22:37 - train: epoch 242, iter:20, loss: 0.4098, lr: 0.00010151174111436543
2026-09-29 11:23:02 - val epoch: 242, loss: 0.8917
2026-09-29 11:23:02 - train gamma: g2=0.104 g3=0.109 g4=0.106 g5=0.099
2026-09-29 11:23:04 - train: epoch 243, iter:0, loss: 0.3845, lr: 9.853114147881633e-05
2026-09-29 11:23:08 - train: epoch 243, iter:20, loss: 0.4099, lr: 9.853114147881633e-05
2026-09-29 11:23:29 - val epoch: 243, loss: 0.8856
2026-09-29 11:23:29 - train gamma: g2=0.104 g3=0.109 g4=0.106 g5=0.099
2026-09-29 11:23:31 - train: epoch 244, iter:0, loss: 0.4014, lr: 9.559511573409167e-05
2026-09-29 11:23:34 - train: epoch 244, iter:20, loss: 0.4038, lr: 9.559511573409167e-05
2026-09-29 11:24:13 - val epoch: 244, loss: 0.8864
2026-09-29 11:24:13 - train gamma: g2=0.104 g3=0.109 g4=0.106 g5=0.099
2026-09-29 11:24:14 - train: epoch 245, iter:0, loss: 0.4220, lr: 9.270398584850061e-05
2026-09-29 11:24:18 - train: epoch 245, iter:20, loss: 0.4095, lr: 9.270398584850061e-05
2026-09-29 11:24:58 - val epoch: 245, loss: 0.8820
2026-09-29 11:24:58 - train gamma: g2=0.104 g3=0.109 g4=0.106 g5=0.099
2026-09-29 11:25:00 - train: epoch 246, iter:0, loss: 0.3201, lr: 8.985806886701499e-05
2026-09-29 11:25:03 - train: epoch 246, iter:20, loss: 0.3983, lr: 8.985806886701499e-05
2026-09-29 11:25:27 - val epoch: 246, loss: 0.8950
2026-09-29 11:25:27 - train gamma: g2=0.104 g3=0.109 g4=0.106 g5=0.099
2026-09-29 11:25:29 - train: epoch 247, iter:0, loss: 0.3938, lr: 8.705767687650239e-05
2026-09-29 11:25:32 - train: epoch 247, iter:20, loss: 0.4073, lr: 8.705767687650239e-05
2026-09-29 11:25:57 - val epoch: 247, loss: 0.8884
2026-09-29 11:25:57 - train gamma: g2=0.104 g3=0.109 g4=0.106 g5=0.100
2026-09-29 11:25:58 - train: epoch 248, iter:0, loss: 0.4264, lr: 8.430311697150229e-05
2026-09-29 11:26:01 - train: epoch 248, iter:20, loss: 0.3991, lr: 8.430311697150229e-05
2026-09-29 11:26:26 - val epoch: 248, loss: 0.8653
2026-09-29 11:26:26 - train gamma: g2=0.104 g3=0.109 g4=0.106 g5=0.100
2026-09-29 11:26:28 - train: epoch 249, iter:0, loss: 0.4096, lr: 8.159469122054909e-05
2026-09-29 11:26:31 - train: epoch 249, iter:20, loss: 0.4088, lr: 8.159469122054909e-05
2026-09-29 11:26:55 - val epoch: 249, loss: 0.8793
2026-09-29 11:26:59 - train gamma: g2=0.104 g3=0.109 g4=0.106 g5=0.100
2026-09-29 11:27:00 - train: epoch 250, iter:0, loss: 0.3760, lr: 7.893269663304782e-05
2026-09-29 11:27:03 - train: epoch 250, iter:20, loss: 0.4020, lr: 7.893269663304782e-05
2026-09-29 11:27:28 - val epoch: 250, loss: 0.8943, miou: 0.7847583593713026, f1_or_dsc: 0.8794001218716698, accuracy: 0.9421993482230914,                 specificity: 0.9667940120154763, sensitivity: 0.8657540801721327, confusion_matrix: [[38733149  1330348]
 [ 1730375 11159216]]
2026-09-29 11:27:28 - train gamma: g2=0.104 g3=0.109 g4=0.106 g5=0.100
2026-09-29 11:27:29 - train: epoch 251, iter:0, loss: 0.3832, lr: 7.631742512670282e-05
2026-09-29 11:27:32 - train: epoch 251, iter:20, loss: 0.3978, lr: 7.631742512670282e-05
2026-09-29 11:27:57 - val epoch: 251, loss: 0.9153
2026-09-29 11:27:57 - train gamma: g2=0.104 g3=0.109 g4=0.106 g5=0.100
2026-09-29 11:27:59 - train: epoch 252, iter:0, loss: 0.4565, lr: 7.374916349550603e-05
2026-09-29 11:28:02 - train: epoch 252, iter:20, loss: 0.3980, lr: 7.374916349550603e-05
2026-09-29 11:28:49 - val epoch: 252, loss: 0.9292
2026-09-29 11:28:49 - train gamma: g2=0.104 g3=0.109 g4=0.106 g5=0.100
2026-09-29 11:28:51 - train: epoch 253, iter:0, loss: 0.4076, lr: 7.122819337828741e-05
2026-09-29 11:28:54 - train: epoch 253, iter:20, loss: 0.3999, lr: 7.122819337828741e-05
2026-09-29 11:29:16 - val epoch: 253, loss: 0.8810
2026-09-29 11:29:16 - train gamma: g2=0.104 g3=0.109 g4=0.106 g5=0.100
2026-09-29 11:29:17 - train: epoch 254, iter:0, loss: 0.4247, lr: 6.875479122782878e-05
2026-09-29 11:29:20 - train: epoch 254, iter:20, loss: 0.3951, lr: 6.875479122782878e-05
2026-09-29 11:29:41 - val epoch: 254, loss: 0.9017
2026-09-29 11:29:41 - train gamma: g2=0.104 g3=0.109 g4=0.106 g5=0.100
2026-09-29 11:29:42 - train: epoch 255, iter:0, loss: 0.4287, lr: 6.632922828054862e-05
2026-09-29 11:29:45 - train: epoch 255, iter:20, loss: 0.3900, lr: 6.632922828054862e-05
2026-09-29 11:30:06 - val epoch: 255, loss: 0.8844
2026-09-29 11:30:06 - train gamma: g2=0.104 g3=0.109 g4=0.106 g5=0.100
2026-09-29 11:30:08 - train: epoch 256, iter:0, loss: 0.3943, lr: 6.395177052675786e-05
2026-09-29 11:30:11 - train: epoch 256, iter:20, loss: 0.3944, lr: 6.395177052675786e-05
2026-09-29 11:30:32 - val epoch: 256, loss: 0.8951
2026-09-29 11:30:42 - train gamma: g2=0.104 g3=0.109 g4=0.106 g5=0.100
2026-09-29 11:30:53 - train: epoch 257, iter:0, loss: 0.4110, lr: 6.162267868149065e-05
2026-09-29 11:30:56 - train: epoch 257, iter:20, loss: 0.4030, lr: 6.162267868149065e-05
2026-09-29 11:31:18 - val epoch: 257, loss: 0.9114
2026-09-29 11:31:18 - train gamma: g2=0.104 g3=0.109 g4=0.106 g5=0.100
2026-09-29 11:31:19 - train: epoch 258, iter:0, loss: 0.3845, lr: 5.934220815591413e-05
2026-09-29 11:31:22 - train: epoch 258, iter:20, loss: 0.3956, lr: 5.934220815591413e-05
2026-09-29 11:31:43 - val epoch: 258, loss: 0.9137
2026-09-29 11:31:43 - train gamma: g2=0.104 g3=0.109 g4=0.106 g5=0.100
2026-09-29 11:31:45 - train: epoch 259, iter:0, loss: 0.4113, lr: 5.711060902932035e-05
2026-09-29 11:31:48 - train: epoch 259, iter:20, loss: 0.3886, lr: 5.711060902932035e-05
2026-09-29 11:32:12 - val epoch: 259, loss: 0.9041
2026-09-29 11:32:12 - train gamma: g2=0.104 g3=0.109 g4=0.106 g5=0.100
2026-09-29 11:32:13 - train: epoch 260, iter:0, loss: 0.4622, lr: 5.492812602170101e-05
2026-09-29 11:32:16 - train: epoch 260, iter:20, loss: 0.3926, lr: 5.492812602170101e-05
2026-09-29 11:33:15 - #----------Config info----------#
2026-09-29 11:33:15 - seed: 43,
2026-09-29 11:33:15 - work_dir: results/stability_dual_difflr_seed43_v1_20260914/,
2026-09-29 11:33:15 - epochs: 300,
2026-09-29 11:33:15 - val_interval: 10,
2026-09-29 11:33:15 - save_interval: 10,
2026-09-29 11:33:15 - num_workers: 4,
2026-09-29 11:33:15 - batch_size: 64,
2026-09-29 11:33:15 - val_batch_size: 8,
2026-09-29 11:33:15 - gradient_accumulation_steps: 1,
2026-09-29 11:33:15 - [diff-lr] group1 81,146 lr=0.001; group2 5,259,408 lr=0.0001
2026-09-29 11:33:16 - resuming model from results/stability_dual_difflr_seed43_v1_20260914/checkpoints/latest.pth. resume_epoch: 259, min_loss: 0.7760, min_epoch: 120, loss: 0.9041
2026-09-29 11:33:18 - train: epoch 260, iter:0, loss: 0.4366, lr: 5.492812602170101e-05
2026-09-29 11:33:21 - train: epoch 260, iter:20, loss: 0.3845, lr: 5.492812602170101e-05
2026-09-29 11:33:26 - val epoch: 260, loss: 0.9198, miou: 0.7832281087871692, f1_or_dsc: 0.8784384958129309, accuracy: 0.9422054668464283,                 specificity: 0.9693369003709287, sensitivity: 0.8578753972876253, confusion_matrix: [[38835026  1228471]
 [ 1831928 11057663]]
2026-09-29 11:33:26 - train gamma: g2=0.104 g3=0.109 g4=0.106 g5=0.100
2026-09-29 11:33:27 - train: epoch 261, iter:0, loss: 0.4109, lr: 5.279499846691256e-05
2026-09-29 11:33:30 - train: epoch 261, iter:20, loss: 0.3898, lr: 5.279499846691256e-05
2026-09-29 11:33:35 - val epoch: 261, loss: 0.9054
2026-09-29 11:33:35 - train gamma: g2=0.104 g3=0.109 g4=0.106 g5=0.100
2026-09-29 11:33:36 - train: epoch 262, iter:0, loss: 0.3633, lr: 5.071146028642938e-05
2026-09-29 11:33:39 - train: epoch 262, iter:20, loss: 0.3932, lr: 5.071146028642938e-05
2026-09-29 11:33:44 - val epoch: 262, loss: 0.8940
2026-09-29 11:33:44 - train gamma: g2=0.104 g3=0.109 g4=0.106 g5=0.100
2026-09-29 11:33:45 - train: epoch 263, iter:0, loss: 0.4452, lr: 4.867773996369213e-05
2026-09-29 11:33:48 - train: epoch 263, iter:20, loss: 0.3898, lr: 4.867773996369213e-05
2026-09-29 11:33:53 - val epoch: 263, loss: 0.9152
2026-09-29 11:33:53 - train gamma: g2=0.104 g3=0.109 g4=0.106 g5=0.100
2026-09-29 11:33:54 - train: epoch 264, iter:0, loss: 0.4094, lr: 4.669406051905255e-05
2026-09-29 11:33:57 - train: epoch 264, iter:20, loss: 0.3971, lr: 4.669406051905255e-05
2026-09-29 11:34:02 - val epoch: 264, loss: 0.9066
2026-09-29 11:34:02 - train gamma: g2=0.104 g3=0.109 g4=0.106 g5=0.100
2026-09-29 11:34:03 - train: epoch 265, iter:0, loss: 0.4532, lr: 4.476063948531553e-05
2026-09-29 11:34:07 - train: epoch 265, iter:20, loss: 0.3993, lr: 4.476063948531553e-05
2026-09-29 11:34:12 - val epoch: 265, loss: 0.9101
2026-09-29 11:34:12 - train gamma: g2=0.104 g3=0.109 g4=0.106 g5=0.100
2026-09-29 11:34:13 - train: epoch 266, iter:0, loss: 0.4024, lr: 4.2877688883885086e-05
2026-09-29 11:34:16 - train: epoch 266, iter:20, loss: 0.3869, lr: 4.2877688883885086e-05
2026-09-29 11:34:21 - val epoch: 266, loss: 0.8961
2026-09-29 11:34:21 - train gamma: g2=0.104 g3=0.109 g4=0.106 g5=0.100
2026-09-29 11:34:22 - train: epoch 267, iter:0, loss: 0.4175, lr: 4.1045415201513684e-05
2026-09-29 11:34:25 - train: epoch 267, iter:20, loss: 0.3993, lr: 4.1045415201513684e-05
2026-09-29 11:34:30 - val epoch: 267, loss: 0.8873
2026-09-29 11:34:30 - train gamma: g2=0.104 g3=0.109 g4=0.106 g5=0.100
2026-09-29 11:34:32 - train: epoch 268, iter:0, loss: 0.3731, lr: 3.926401936765836e-05
2026-09-29 11:34:35 - train: epoch 268, iter:20, loss: 0.3914, lr: 3.926401936765836e-05
2026-09-29 11:34:39 - val epoch: 268, loss: 0.8951
2026-09-29 11:34:39 - train gamma: g2=0.104 g3=0.109 g4=0.106 g5=0.100
2026-09-29 11:34:40 - train: epoch 269, iter:0, loss: 0.5039, lr: 3.753369673244687e-05
2026-09-29 11:34:44 - train: epoch 269, iter:20, loss: 0.3957, lr: 3.753369673244687e-05
2026-09-29 11:34:48 - val epoch: 269, loss: 0.8915
2026-09-29 11:34:48 - train gamma: g2=0.104 g3=0.109 g4=0.106 g5=0.100
2026-09-29 11:34:50 - train: epoch 270, iter:0, loss: 0.3976, lr: 3.5854637045255115e-05
2026-09-29 11:34:53 - train: epoch 270, iter:20, loss: 0.3839, lr: 3.5854637045255115e-05
2026-09-29 11:34:58 - val epoch: 270, loss: 0.8779, miou: 0.7867483481228329, f1_or_dsc: 0.8806481885928645, accuracy: 0.9418258289299389,                 specificity: 0.9611668197611407, sensitivity: 0.881710055811701, confusion_matrix: [[38507704  1555793]
 [ 1524709 11364882]]
2026-09-29 11:34:58 - train gamma: g2=0.104 g3=0.109 g4=0.106 g5=0.100
2026-09-29 11:34:59 - train: epoch 271, iter:0, loss: 0.4274, lr: 3.422702443389897e-05
2026-09-29 11:35:02 - train: epoch 271, iter:20, loss: 0.3871, lr: 3.422702443389897e-05
2026-09-29 11:35:08 - val epoch: 271, loss: 0.9091
2026-09-29 11:35:08 - train gamma: g2=0.104 g3=0.109 g4=0.106 g5=0.100
2026-09-29 11:35:09 - train: epoch 272, iter:0, loss: 0.3560, lr: 3.265103738444294e-05
2026-09-29 11:35:12 - train: epoch 272, iter:20, loss: 0.3931, lr: 3.265103738444294e-05
2026-09-29 11:35:17 - val epoch: 272, loss: 0.8989
2026-09-29 11:35:17 - train gamma: g2=0.104 g3=0.109 g4=0.106 g5=0.100
2026-09-29 11:35:19 - train: epoch 273, iter:0, loss: 0.3973, lr: 3.112684872162669e-05
2026-09-29 11:35:22 - train: epoch 273, iter:20, loss: 0.4018, lr: 3.112684872162669e-05
2026-09-29 11:35:27 - val epoch: 273, loss: 0.9006
2026-09-29 11:35:27 - train gamma: g2=0.104 g3=0.109 g4=0.106 g5=0.100
2026-09-29 11:35:28 - train: epoch 274, iter:0, loss: 0.4006, lr: 2.9654625589913163e-05
2026-09-29 11:35:31 - train: epoch 274, iter:20, loss: 0.3934, lr: 2.9654625589913163e-05
2026-09-29 11:35:36 - val epoch: 274, loss: 0.9016
2026-09-29 11:35:36 - train gamma: g2=0.104 g3=0.109 g4=0.106 g5=0.100
2026-09-29 11:35:37 - train: epoch 275, iter:0, loss: 0.3909, lr: 2.823452943515922e-05
2026-09-29 11:35:40 - train: epoch 275, iter:20, loss: 0.3838, lr: 2.823452943515922e-05
2026-09-29 11:35:45 - val epoch: 275, loss: 0.8894
2026-09-29 11:35:45 - train gamma: g2=0.104 g3=0.109 g4=0.106 g5=0.100
2026-09-29 11:35:46 - train: epoch 276, iter:0, loss: 0.5018, lr: 2.6866715986911168e-05
2026-09-29 11:35:49 - train: epoch 276, iter:20, loss: 0.3892, lr: 2.6866715986911168e-05
2026-09-29 11:35:54 - val epoch: 276, loss: 0.8921
2026-09-29 11:35:54 - train gamma: g2=0.104 g3=0.109 g4=0.106 g5=0.100
2026-09-29 11:35:56 - train: epoch 277, iter:0, loss: 0.4365, lr: 2.5551335241327604e-05
2026-09-29 11:35:59 - train: epoch 277, iter:20, loss: 0.3951, lr: 2.5551335241327604e-05
2026-09-29 11:36:04 - val epoch: 277, loss: 0.9135
2026-09-29 11:36:04 - train gamma: g2=0.104 g3=0.109 g4=0.106 g5=0.100
2026-09-29 11:36:05 - train: epoch 278, iter:0, loss: 0.3811, lr: 2.4288531444730185e-05
2026-09-29 11:36:08 - train: epoch 278, iter:20, loss: 0.3934, lr: 2.4288531444730185e-05
2026-09-29 11:36:13 - val epoch: 278, loss: 0.9109
2026-09-29 11:36:13 - train gamma: g2=0.104 g3=0.109 g4=0.106 g5=0.100
2026-09-29 11:36:14 - train: epoch 279, iter:0, loss: 0.3718, lr: 2.3078443077785645e-05
2026-09-29 11:36:17 - train: epoch 279, iter:20, loss: 0.3869, lr: 2.3078443077785645e-05
2026-09-29 11:36:22 - val epoch: 279, loss: 0.9047
2026-09-29 11:36:22 - train gamma: g2=0.104 g3=0.109 g4=0.106 g5=0.100
2026-09-29 11:36:23 - train: epoch 280, iter:0, loss: 0.3995, lr: 2.1921202840320064e-05
2026-09-29 11:36:26 - train: epoch 280, iter:20, loss: 0.3901, lr: 2.1921202840320064e-05
2026-09-29 11:36:31 - val epoch: 280, loss: 0.8982, miou: 0.7859985158348708, f1_or_dsc: 0.8801782407612508, accuracy: 0.9420279134618174,                 specificity: 0.9636783079619834, sensitivity: 0.8747340392724641, confusion_matrix: [[38608323  1455174]
 [ 1614627 11274964]]
2026-09-29 11:36:31 - train gamma: g2=0.104 g3=0.109 g4=0.106 g5=0.100
2026-09-29 11:36:33 - train: epoch 281, iter:0, loss: 0.3250, lr: 2.081693763676623e-05
2026-09-29 11:36:36 - train: epoch 281, iter:20, loss: 0.3889, lr: 2.081693763676623e-05
2026-09-29 11:36:41 - val epoch: 281, loss: 0.8870
2026-09-29 11:36:41 - train gamma: g2=0.104 g3=0.109 g4=0.106 g5=0.101
2026-09-29 11:36:42 - train: epoch 282, iter:0, loss: 0.4045, lr: 1.9765768562247723e-05
2026-09-29 11:36:45 - train: epoch 282, iter:20, loss: 0.3880, lr: 1.9765768562247723e-05
2026-09-29 11:36:50 - val epoch: 282, loss: 0.9047
2026-09-29 11:36:50 - train gamma: g2=0.104 g3=0.109 g4=0.106 g5=0.101
2026-09-29 11:36:51 - train: epoch 283, iter:0, loss: 0.4280, lr: 1.876781088929913e-05
2026-09-29 11:36:54 - train: epoch 283, iter:20, loss: 0.3882, lr: 1.876781088929913e-05
2026-09-29 11:36:59 - val epoch: 283, loss: 0.9078
2026-09-29 11:36:59 - train gamma: g2=0.104 g3=0.109 g4=0.106 g5=0.101
2026-09-29 11:37:00 - train: epoch 284, iter:0, loss: 0.3939, lr: 1.7823174055225262e-05
2026-09-29 11:37:03 - train: epoch 284, iter:20, loss: 0.3847, lr: 1.7823174055225262e-05
2026-09-29 11:37:08 - val epoch: 284, loss: 0.9038
2026-09-29 11:37:08 - train gamma: g2=0.104 g3=0.109 g4=0.106 g5=0.101
2026-09-29 11:37:09 - train: epoch 285, iter:0, loss: 0.3626, lr: 1.693196165010003e-05
2026-09-29 11:37:12 - train: epoch 285, iter:20, loss: 0.3843, lr: 1.693196165010003e-05
2026-09-29 11:37:17 - val epoch: 285, loss: 0.9057
2026-09-29 11:37:17 - train gamma: g2=0.104 g3=0.109 g4=0.106 g5=0.101
2026-09-29 11:37:18 - train: epoch 286, iter:0, loss: 0.3692, lr: 1.6094271405406855e-05
2026-09-29 11:37:21 - train: epoch 286, iter:20, loss: 0.3797, lr: 1.6094271405406855e-05
2026-09-29 11:37:26 - val epoch: 286, loss: 0.9146
2026-09-29 11:37:26 - train gamma: g2=0.104 g3=0.109 g4=0.106 g5=0.101
2026-09-29 11:37:27 - train: epoch 287, iter:0, loss: 0.3760, lr: 1.5310195183320773e-05
2026-09-29 11:37:30 - train: epoch 287, iter:20, loss: 0.3834, lr: 1.5310195183320773e-05
2026-09-29 11:37:35 - val epoch: 287, loss: 0.9204
2026-09-29 11:37:35 - train gamma: g2=0.104 g3=0.109 g4=0.106 g5=0.101
2026-09-29 11:37:36 - train: epoch 288, iter:0, loss: 0.4134, lr: 1.4579818966635417e-05
2026-09-29 11:37:39 - train: epoch 288, iter:20, loss: 0.3877, lr: 1.4579818966635417e-05
2026-09-29 11:37:44 - val epoch: 288, loss: 0.9076
2026-09-29 11:37:44 - train gamma: g2=0.104 g3=0.109 g4=0.106 g5=0.101
2026-09-29 11:37:45 - train: epoch 289, iter:0, loss: 0.4171, lr: 1.3903222849333505e-05
2026-09-29 11:37:48 - train: epoch 289, iter:20, loss: 0.3818, lr: 1.3903222849333505e-05
2026-09-29 11:37:53 - val epoch: 289, loss: 0.9106
2026-09-29 11:37:53 - train gamma: g2=0.104 g3=0.109 g4=0.106 g5=0.101
2026-09-29 11:37:54 - train: epoch 290, iter:0, loss: 0.4267, lr: 1.3280481027803759e-05
2026-09-29 11:37:57 - train: epoch 290, iter:20, loss: 0.3802, lr: 1.3280481027803759e-05
2026-09-29 11:38:02 - val epoch: 290, loss: 0.8975, miou: 0.7847856639924333, f1_or_dsc: 0.8794172654176591, accuracy: 0.9414236427533744,                 specificity: 0.9619850209281531, sensitivity: 0.8775146550421965, confusion_matrix: [[38540484  1523013]
 [ 1578786 11310805]]
2026-09-29 11:38:02 - train gamma: g2=0.104 g3=0.109 g4=0.106 g5=0.101
2026-09-29 11:38:03 - train: epoch 291, iter:0, loss: 0.3877, lr: 1.271166179270472e-05
2026-09-29 11:38:06 - train: epoch 291, iter:20, loss: 0.3889, lr: 1.271166179270472e-05
2026-09-29 11:38:11 - val epoch: 291, loss: 0.8989
2026-09-29 11:38:11 - train gamma: g2=0.104 g3=0.109 g4=0.106 g5=0.101
2026-09-29 11:38:12 - train: epoch 292, iter:0, loss: 0.3938, lr: 1.21968275214754e-05
2026-09-29 11:38:15 - train: epoch 292, iter:20, loss: 0.3852, lr: 1.21968275214754e-05
2026-09-29 11:38:20 - val epoch: 292, loss: 0.9027
2026-09-29 11:38:20 - train gamma: g2=0.104 g3=0.109 g4=0.106 g5=0.101
2026-09-29 11:38:21 - train: epoch 293, iter:0, loss: 0.3770, lr: 1.1736034671495336e-05
2026-09-29 11:38:24 - train: epoch 293, iter:20, loss: 0.3862, lr: 1.1736034671495336e-05
2026-09-29 11:38:28 - val epoch: 293, loss: 0.9168
2026-09-29 11:38:28 - train gamma: g2=0.104 g3=0.109 g4=0.106 g5=0.101
2026-09-29 11:38:30 - train: epoch 294, iter:0, loss: 0.4194, lr: 1.1329333773893242e-05
2026-09-29 11:38:33 - train: epoch 294, iter:20, loss: 0.3830, lr: 1.1329333773893242e-05
2026-09-29 11:38:38 - val epoch: 294, loss: 0.9129
2026-09-29 11:38:38 - train gamma: g2=0.104 g3=0.109 g4=0.106 g5=0.101
2026-09-29 11:38:39 - train: epoch 295, iter:0, loss: 0.3953, lr: 1.0976769428005577e-05
2026-09-29 11:38:42 - train: epoch 295, iter:20, loss: 0.3827, lr: 1.0976769428005577e-05
2026-09-29 11:38:47 - val epoch: 295, loss: 0.9024
2026-09-29 11:38:47 - train gamma: g2=0.104 g3=0.109 g4=0.106 g5=0.101
2026-09-29 11:38:48 - train: epoch 296, iter:0, loss: 0.3510, lr: 1.0678380296485951e-05
2026-09-29 11:38:51 - train: epoch 296, iter:20, loss: 0.3970, lr: 1.0678380296485951e-05
2026-09-29 11:38:56 - val epoch: 296, loss: 0.9176
2026-09-29 11:38:56 - train gamma: g2=0.104 g3=0.109 g4=0.106 g5=0.101
2026-09-29 11:38:57 - train: epoch 297, iter:0, loss: 0.4278, lr: 1.04341991010651e-05
2026-09-29 11:39:00 - train: epoch 297, iter:20, loss: 0.3955, lr: 1.04341991010651e-05
2026-09-29 11:39:05 - val epoch: 297, loss: 0.9178
2026-09-29 11:39:05 - train gamma: g2=0.104 g3=0.109 g4=0.106 g5=0.101
2026-09-29 11:39:06 - train: epoch 298, iter:0, loss: 0.4219, lr: 1.0244252618962858e-05
2026-09-29 11:39:09 - train: epoch 298, iter:20, loss: 0.3904, lr: 1.0244252618962858e-05
2026-09-29 11:39:14 - val epoch: 298, loss: 0.9170
2026-09-29 11:39:14 - train gamma: g2=0.104 g3=0.109 g4=0.106 g5=0.101
2026-09-29 11:39:15 - train: epoch 299, iter:0, loss: 0.3818, lr: 1.0108561679951479e-05
2026-09-29 11:39:18 - train: epoch 299, iter:20, loss: 0.3846, lr: 1.0108561679951479e-05
2026-09-29 11:39:23 - val epoch: 299, loss: 0.8968
2026-09-29 11:39:23 - train gamma: g2=0.104 g3=0.109 g4=0.106 g5=0.101
2026-09-29 11:39:24 - train: epoch 300, iter:0, loss: 0.3120, lr: 1.002714116407149e-05
2026-09-29 11:39:27 - train: epoch 300, iter:20, loss: 0.3866, lr: 1.002714116407149e-05
2026-09-29 11:39:32 - val epoch: 300, loss: 0.9156, miou: 0.782466449062086, f1_or_dsc: 0.8779592451502367, accuracy: 0.9411041901843382,                 specificity: 0.9638794137216729, sensitivity: 0.870314116250857, confusion_matrix: [[38616380  1447117]
 [ 1671598 11217993]]
2026-09-29 11:39:32 - train gamma: g2=0.104 g3=0.109 g4=0.106 g5=0.101
2026-09-29 11:40:09 - evaluation split=V_dev, loss: 0.7760,miou: 0.7947187831284809, f1_or_dsc: 0.885619285427168, accuracy: 0.944957185499739,                 specificity: 0.9673289378608163, sensitivity: 0.8754211828753915, confusion_matrix: [[38754580  1308917]
 [ 1605770 11283821]]
