audited ISIC2018 train 100 / 2594
audited ISIC2018 train 200 / 2594
audited ISIC2018 train 300 / 2594
audited ISIC2018 train 400 / 2594
audited ISIC2018 train 500 / 2594
audited ISIC2018 train 600 / 2594
audited ISIC2018 train 700 / 2594
audited ISIC2018 train 800 / 2594
audited ISIC2018 train 900 / 2594
audited ISIC2018 train 1000 / 2594
audited ISIC2018 train 1100 / 2594
audited ISIC2018 train 1200 / 2594
audited ISIC2018 train 1300 / 2594
audited ISIC2018 train 1400 / 2594
audited ISIC2018 train 1500 / 2594
audited ISIC2018 train 1600 / 2594
audited ISIC2018 train 1700 / 2594
audited ISIC2018 train 1800 / 2594
audited ISIC2018 train 1900 / 2594
audited ISIC2018 train 2000 / 2594
audited ISIC2018 train 2100 / 2594
audited ISIC2018 train 2200 / 2594
audited ISIC2018 train 2300 / 2594
audited ISIC2018 train 2400 / 2594
audited ISIC2018 train 2500 / 2594
audited ISIC2018 val 100 / 100
audited ISIC2018 test 100 / 1000
audited ISIC2018 test 200 / 1000
audited ISIC2018 test 300 / 1000
audited ISIC2018 test 400 / 1000
audited ISIC2018 test 500 / 1000
audited ISIC2018 test 600 / 1000
audited ISIC2018 test 700 / 1000
audited ISIC2018 test 800 / 1000
audited ISIC2018 test 900 / 1000
audited ISIC2018 test 1000 / 1000
ISIC2018 COMPLETE {'split_counts': {'train': {'expected': 2594, 'images': 2594, 'masks': 2594, 'unmatched_images': [], 'unmatched_masks': [], 'decoded_pairs': 2594, 'complete': True}, 'val': {'expected': 100, 'images': 100, 'masks': 100, 'unmatched_images': [], 'unmatched_masks': [], 'decoded_pairs': 100, 'complete': True}, 'test': {'expected': 1000, 'images': 1000, 'masks': 1000, 'unmatched_images': [], 'unmatched_masks': [], 'decoded_pairs': 1000, 'complete': True}}, 'all_files_passed': True, 'audit_errors': [], 'protocol': 'Single-reference official Task1; independent initialization/training; no model scoring performed', 'manifest': '/home/featurize/work/RSI_Implementation_20261003/data_manifests/external_isic2018_manifest.csv'}
OVERLAP {'ISIC2017_ISIC2018': {'image_id': {'ISIC2017:test | ISIC2018:train': 529, 'ISIC2017:train | ISIC2018:train': 1800, 'ISIC2017:val | ISIC2018:train': 121}, 'rgb_sha256': {'ISIC2017:test | ISIC2018:train': 532, 'ISIC2017:test | ISIC2017:train': 2, 'ISIC2017:train | ISIC2018:train': 1802, 'ISIC2017:test | ISIC2017:val': 1, 'ISIC2017:val | ISIC2018:train': 121, 'ISIC2017:train | ISIC2017:val': 1}, 'rgb_pixel_sha256': {'ISIC2017:test | ISIC2018:train': 532, 'ISIC2017:test | ISIC2017:train': 2, 'ISIC2017:train | ISIC2018:train': 1802, 'ISIC2017:test | ISIC2017:val': 1, 'ISIC2017:val | ISIC2018:train': 121, 'ISIC2017:train | ISIC2017:val': 1}, 'mask_sha256': {'ISIC2017:test | ISIC2018:train': 529, 'ISIC2017:train | ISIC2018:train': 725, 'ISIC2017:val | ISIC2018:train': 111}, 'mask_pixel_sha256': {'ISIC2017:test | ISIC2018:train': 529, 'ISIC2017:train | ISIC2018:train': 725, 'ISIC2017:val | ISIC2018:train': 111}}, 'all_acquired_protocols': {'image_id': {'ISIC2017:test | ISIC2018:train': 529, 'IMA:train | ISIC2017:test': 238, 'IMA:train | ISIC2018:train': 654, 'IMA:val | ISIC2017:test': 35, 'IMA:val | ISIC2018:train': 100, 'IMA:test | ISIC2017:test': 80, 'IMA:test | ISIC2018:train': 214, 'ISIC2017:train | ISIC2018:train': 1800, 'IMA:train | ISIC2017:train': 399, 'IMA:val | ISIC2017:train': 62, 'IMA:test | ISIC2017:train': 123, 'ISIC2017:val | ISIC2018:train': 121, 'IMA:train | ISIC2017:val': 16, 'IMA:test | ISIC2017:val': 2, 'IMA:val | ISIC2017:val': 3, 'IMA:train | ISIC2018:test': 190, 'IMA:test | ISIC2018:test': 57, 'IMA:val | ISIC2018:test': 27, 'IMA:test | ISIC2018:val': 7, 'IMA:train | ISIC2018:val': 10, 'IMA:val | ISIC2018:val': 4}, 'rgb_sha256': {'ISIC2017:test | ISIC2018:train': 532, 'ISIC2017:test | ISIC2017:train': 2, 'ISIC2017:train | ISIC2018:train': 1802, 'ISIC2017:test | ISIC2017:val': 1, 'ISIC2017:val | ISIC2018:train': 121, 'ISIC2017:train | ISIC2017:val': 1}, 'rgb_pixel_sha256': {'ISIC2017:test | ISIC2018:train': 532, 'ISIC2017:test | ISIC2017:train': 2, 'ISIC2017:train | ISIC2018:train': 1802, 'ISIC2017:test | ISIC2017:val': 1, 'ISIC2017:val | ISIC2018:train': 121, 'IMA:test | ISIC2017:train': 2, 'IMA:test | ISIC2018:train': 2, 'IMA:train | ISIC2017:train': 5, 'IMA:train | ISIC2018:train': 6, 'IMA:val | ISIC2017:train': 3, 'IMA:val | ISIC2018:train': 3, 'ISIC2017:train | ISIC2017:val': 1, 'IMA:train | ISIC2018:test': 5, 'IMA:test | ISIC2018:test': 4, 'IMA:val | ISIC2018:test': 1, 'IMA:train | ISIC2018:val': 1, 'IMA:val | ISIC2018:val': 1}, 'mask_sha256': {'ISIC2017:test | ISIC2018:train': 529, 'ISIC2017:train | ISIC2018:train': 725, 'ISIC2017:val | ISIC2018:train': 111}, 'mask_pixel_sha256': {'ISIC2017:test | ISIC2018:train': 529, 'ISIC2017:train | ISIC2018:train': 725, 'ISIC2017:val | ISIC2018:train': 111}}, 'PH2': 'included in comparisons if acquired and fully decoded; otherwise unresolved', 'IMA': {'state': 'completed_for_audited_images', 'manifest': '/home/featurize/work/RSI_Implementation_20261003/data_manifests/final_references.csv', 'unique_images': 2145, 'manifest_sha256': '3d99874f14ae5f316eec36e21141043d75bd4fd17ccfb31e3174198dee269596', 'patient_lesion_scope': 'P1/PH2 patient metadata not provided by Task1 archives; image overlap only, no complete patient independence claim'}, 'note': 'Mask-hash match alone is not evidence of duplicate RGB. ID, file-RGB and decoded-RGB matches are reported separately.'}
