{"run": "RSI-0.3", "epoch": 1, "budget": 40, "val_dice": 0.8582710698047012, "best_dice": 0.8582710698047012, "best_epoch": 1, "seconds": 44.062266041997646}
{"run": "RSI-0.3", "epoch": 2, "budget": 40, "val_dice": 0.857739974255648, "best_dice": 0.8582710698047012, "best_epoch": 1, "seconds": 28.075007876999734}
{"run": "RSI-0.3", "epoch": 3, "budget": 40, "val_dice": 0.8580253554072403, "best_dice": 0.8582710698047012, "best_epoch": 1, "seconds": 26.51407477400062}
{"run": "RSI-0.3", "epoch": 4, "budget": 40, "val_dice": 0.858274462638349, "best_dice": 0.858274462638349, "best_epoch": 4, "seconds": 26.67188959000123}
{"run": "RSI-0.3", "epoch": 5, "budget": 40, "val_dice": 0.8578204641507619, "best_dice": 0.858274462638349, "best_epoch": 4, "seconds": 26.749422092001623}
{"run": "RSI-0.3", "epoch": 6, "budget": 40, "val_dice": 0.857904593291317, "best_dice": 0.858274462638349, "best_epoch": 4, "seconds": 38.124288783998054}
{"run": "RSI-0.3", "epoch": 7, "budget": 40, "val_dice": 0.8584882671218835, "best_dice": 0.8584882671218835, "best_epoch": 7, "seconds": 54.256247519999306}
{"run": "RSI-0.3", "epoch": 8, "budget": 40, "val_dice": 0.8580383916407825, "best_dice": 0.8584882671218835, "best_epoch": 7, "seconds": 38.66324893500132}
{"run": "RSI-0.3", "epoch": 9, "budget": 40, "val_dice": 0.8581404397671287, "best_dice": 0.8584882671218835, "best_epoch": 7, "seconds": 37.63052676799998}
{"run": "RSI-0.3", "epoch": 10, "budget": 40, "val_dice": 0.8582115317157902, "best_dice": 0.8584882671218835, "best_epoch": 7, "seconds": 35.8234854930015}
{"run": "RSI-0.3", "epoch": 11, "budget": 40, "val_dice": 0.8583639057646609, "best_dice": 0.8584882671218835, "best_epoch": 7, "seconds": 30.141034143998695}
{"run": "RSI-0.3", "epoch": 12, "budget": 40, "val_dice": 0.858086917657259, "best_dice": 0.8584882671218835, "best_epoch": 7, "seconds": 26.696460514998762}
{"run": "RSI-0.3", "epoch": 13, "budget": 40, "val_dice": 0.8582477692723005, "best_dice": 0.8584882671218835, "best_epoch": 7, "seconds": 27.914600879998034}
{"run": "RSI-0.3", "epoch": 14, "budget": 40, "val_dice": 0.8580057175105472, "best_dice": 0.8584882671218835, "best_epoch": 7, "seconds": 25.442456351000146}
{"run": "RSI-0.3", "epoch": 15, "budget": 40, "val_dice": 0.8582955305384433, "best_dice": 0.8584882671218835, "best_epoch": 7, "seconds": 25.996822426997824}
{"run": "RSI-0.3", "epoch": 16, "budget": 40, "val_dice": 0.858067347065047, "best_dice": 0.8584882671218835, "best_epoch": 7, "seconds": 26.40246769499936}
{"run": "RSI-0.3", "epoch": 17, "budget": 40, "val_dice": 0.8582716110598053, "best_dice": 0.8584882671218835, "best_epoch": 7, "seconds": 28.206883380000363}
{"run": "RSI-0.3", "epoch": 18, "budget": 40, "val_dice": 0.8579267936713952, "best_dice": 0.8584882671218835, "best_epoch": 7, "seconds": 43.13067938899985}
{"run": "RSI-0.3", "epoch": 19, "budget": 40, "val_dice": 0.8575831598839452, "best_dice": 0.8584882671218835, "best_epoch": 7, "seconds": 28.801466773998982}
{"run": "RSI-0.3", "epoch": 20, "budget": 40, "val_dice": 0.8581759750788338, "best_dice": 0.8584882671218835, "best_epoch": 7, "seconds": 30.872831197000778}
{"run": "RSI-0.3", "epoch": 21, "budget": 40, "val_dice": 0.8583247787731723, "best_dice": 0.8584882671218835, "best_epoch": 7, "seconds": 30.151000458001363}
{"run": "RSI-0.3", "epoch": 22, "budget": 40, "val_dice": 0.8583935661091441, "best_dice": 0.8584882671218835, "best_epoch": 7, "seconds": 30.883808967999357}
{"run": "RSI-0.3", "epoch": 23, "budget": 40, "val_dice": 0.8583539084988536, "best_dice": 0.8584882671218835, "best_epoch": 7, "seconds": 26.572638108998945}
{"run": "RSI-0.3", "epoch": 24, "budget": 40, "val_dice": 0.8581335171585243, "best_dice": 0.8584882671218835, "best_epoch": 7, "seconds": 28.68099071600227}
{"run": "RSI-0.3", "epoch": 25, "budget": 40, "val_dice": 0.8582681113121072, "best_dice": 0.8584882671218835, "best_epoch": 7, "seconds": 27.115661362997344}
{"run": "RSI-0.3", "epoch": 26, "budget": 40, "val_dice": 0.8580123220772374, "best_dice": 0.8584882671218835, "best_epoch": 7, "seconds": 40.14680334899822}
{"run": "RSI-0.3", "epoch": 27, "budget": 40, "val_dice": 0.8580957429696218, "best_dice": 0.8584882671218835, "best_epoch": 7, "seconds": 28.6473317960008}
{"run": "RSI-0.3", "epoch": 28, "budget": 40, "val_dice": 0.858299819324879, "best_dice": 0.8584882671218835, "best_epoch": 7, "seconds": 31.86399228099981}
{"run": "RSI-0.3", "epoch": 29, "budget": 40, "val_dice": 0.8583767560034381, "best_dice": 0.8584882671218835, "best_epoch": 7, "seconds": 31.466264308000973}
{"run": "RSI-0.3", "epoch": 30, "budget": 40, "val_dice": 0.8582477837912521, "best_dice": 0.8584882671218835, "best_epoch": 7, "seconds": 27.617100393999863}
{"run": "RSI-0.3", "epoch": 31, "budget": 40, "val_dice": 0.8584002341867576, "best_dice": 0.8584882671218835, "best_epoch": 7, "seconds": 31.94625103400176}
{"run": "RSI-0.3", "epoch": 32, "budget": 40, "val_dice": 0.8583424711352328, "best_dice": 0.8584882671218835, "best_epoch": 7, "seconds": 29.64756045499962}
{"run": "RSI-0.3", "epoch": 33, "budget": 40, "val_dice": 0.8583391663335218, "best_dice": 0.8584882671218835, "best_epoch": 7, "seconds": 32.01393352800005}
{"run": "RSI-0.3", "epoch": 34, "budget": 40, "val_dice": 0.8583329621021906, "best_dice": 0.8584882671218835, "best_epoch": 7, "seconds": 27.59521395699994}
{"run": "RSI-0.3", "epoch": 35, "budget": 40, "val_dice": 0.8582715957580662, "best_dice": 0.8584882671218835, "best_epoch": 7, "seconds": 28.12833491499987}
{"run": "RSI-0.3", "epoch": 36, "budget": 40, "val_dice": 0.8583372147654879, "best_dice": 0.8584882671218835, "best_epoch": 7, "seconds": 27.24965448600051}
{"run": "RSI-0.3", "epoch": 37, "budget": 40, "val_dice": 0.8582977488852309, "best_dice": 0.8584882671218835, "best_epoch": 7, "seconds": 26.43759115099965}
{"run": "RSI-0.3", "epoch": 38, "budget": 40, "val_dice": 0.8582901670602155, "best_dice": 0.8584882671218835, "best_epoch": 7, "seconds": 29.098483556001156}
{"run": "RSI-0.3", "epoch": 39, "budget": 40, "val_dice": 0.858296994153916, "best_dice": 0.8584882671218835, "best_epoch": 7, "seconds": 28.00547996900059}
{"run": "RSI-0.3", "epoch": 40, "budget": 40, "val_dice": 0.8582972181968752, "best_dice": 0.8584882671218835, "best_epoch": 7, "seconds": 29.335502327998256}
{"run": "MeanHinge-0.3", "epoch": 1, "budget": 40, "val_dice": 0.8581564298378448, "best_dice": 0.8581564298378448, "best_epoch": 1, "seconds": 40.13450661800016}
{"run": "MeanHinge-0.3", "epoch": 2, "budget": 40, "val_dice": 0.857353085865938, "best_dice": 0.8581564298378448, "best_epoch": 1, "seconds": 27.38629062000109}
{"run": "MeanHinge-0.3", "epoch": 3, "budget": 40, "val_dice": 0.8579365886770113, "best_dice": 0.8581564298378448, "best_epoch": 1, "seconds": 32.29604536500119}
{"run": "MeanHinge-0.3", "epoch": 4, "budget": 40, "val_dice": 0.8581389539023833, "best_dice": 0.8581564298378448, "best_epoch": 1, "seconds": 27.17132610200133}
{"run": "MeanHinge-0.3", "epoch": 5, "budget": 40, "val_dice": 0.8573870102649361, "best_dice": 0.8581564298378448, "best_epoch": 1, "seconds": 30.87222158000077}
{"run": "MeanHinge-0.3", "epoch": 6, "budget": 40, "val_dice": 0.8577418983402025, "best_dice": 0.8581564298378448, "best_epoch": 1, "seconds": 27.905741965001653}
{"run": "MeanHinge-0.3", "epoch": 7, "budget": 40, "val_dice": 0.8583505660391136, "best_dice": 0.8583505660391136, "best_epoch": 7, "seconds": 26.794587538002816}
{"run": "MeanHinge-0.3", "epoch": 8, "budget": 40, "val_dice": 0.8579041365769147, "best_dice": 0.8583505660391136, "best_epoch": 7, "seconds": 27.420973960000993}
{"run": "MeanHinge-0.3", "epoch": 9, "budget": 40, "val_dice": 0.8579841103441924, "best_dice": 0.8583505660391136, "best_epoch": 7, "seconds": 27.16628284699982}
{"run": "MeanHinge-0.3", "epoch": 10, "budget": 40, "val_dice": 0.8580065393878189, "best_dice": 0.8583505660391136, "best_epoch": 7, "seconds": 30.687736577001488}
{"run": "MeanHinge-0.3", "epoch": 11, "budget": 40, "val_dice": 0.8580551379296014, "best_dice": 0.8583505660391136, "best_epoch": 7, "seconds": 30.475009320001845}
{"run": "MeanHinge-0.3", "epoch": 12, "budget": 40, "val_dice": 0.8577476694805368, "best_dice": 0.8583505660391136, "best_epoch": 7, "seconds": 45.61725946900333}
{"run": "MeanHinge-0.3", "epoch": 13, "budget": 40, "val_dice": 0.8581568823080243, "best_dice": 0.8583505660391136, "best_epoch": 7, "seconds": 27.313951336000173}
{"run": "MeanHinge-0.3", "epoch": 14, "budget": 40, "val_dice": 0.857955868766609, "best_dice": 0.8583505660391136, "best_epoch": 7, "seconds": 26.573622764000902}
{"run": "MeanHinge-0.3", "epoch": 15, "budget": 40, "val_dice": 0.858269787816059, "best_dice": 0.8583505660391136, "best_epoch": 7, "seconds": 26.705419523001183}
{"run": "MeanHinge-0.3", "epoch": 16, "budget": 40, "val_dice": 0.8579597953122435, "best_dice": 0.8583505660391136, "best_epoch": 7, "seconds": 27.16901855800097}
{"run": "MeanHinge-0.3", "epoch": 17, "budget": 40, "val_dice": 0.8579904158623548, "best_dice": 0.8583505660391136, "best_epoch": 7, "seconds": 28.635130727001524}
{"run": "MeanHinge-0.3", "epoch": 18, "budget": 40, "val_dice": 0.857700538173923, "best_dice": 0.8583505660391136, "best_epoch": 7, "seconds": 27.04630433499915}
{"run": "MeanHinge-0.3", "epoch": 19, "budget": 40, "val_dice": 0.8572881270370591, "best_dice": 0.8583505660391136, "best_epoch": 7, "seconds": 28.000736622998375}
{"run": "MeanHinge-0.3", "epoch": 20, "budget": 40, "val_dice": 0.8581397625265776, "best_dice": 0.8583505660391136, "best_epoch": 7, "seconds": 27.4107108850003}
{"run": "MeanHinge-0.3", "epoch": 21, "budget": 40, "val_dice": 0.8582285730827475, "best_dice": 0.8583505660391136, "best_epoch": 7, "seconds": 29.780028469998797}
{"run": "MeanHinge-0.3", "epoch": 22, "budget": 40, "val_dice": 0.8583249718722857, "best_dice": 0.8583505660391136, "best_epoch": 7, "seconds": 27.210357495001517}
{"run": "MeanHinge-0.3", "epoch": 23, "budget": 40, "val_dice": 0.8581891354636694, "best_dice": 0.8583505660391136, "best_epoch": 7, "seconds": 27.75084674699974}
{"run": "MeanHinge-0.3", "epoch": 24, "budget": 40, "val_dice": 0.8580315881284168, "best_dice": 0.8583505660391136, "best_epoch": 7, "seconds": 27.35183254599906}
{"run": "MeanHinge-0.3", "epoch": 25, "budget": 40, "val_dice": 0.8580983341167742, "best_dice": 0.8583505660391136, "best_epoch": 7, "seconds": 36.17914537700199}
{"run": "MeanHinge-0.3", "epoch": 26, "budget": 40, "val_dice": 0.8578255347538553, "best_dice": 0.8583505660391136, "best_epoch": 7, "seconds": 46.17392611799994}
{"run": "MeanHinge-0.3", "epoch": 27, "budget": 40, "val_dice": 0.8579624054359587, "best_dice": 0.8583505660391136, "best_epoch": 7, "seconds": 26.133871279000005}
{"run": "MeanHinge-0.3", "epoch": 28, "budget": 40, "val_dice": 0.8581632114925007, "best_dice": 0.8583505660391136, "best_epoch": 7, "seconds": 27.813459655999964}
{"run": "MeanHinge-0.3", "epoch": 29, "budget": 40, "val_dice": 0.8582290124625086, "best_dice": 0.8583505660391136, "best_epoch": 7, "seconds": 28.37173254100003}
{"run": "MeanHinge-0.3", "epoch": 30, "budget": 40, "val_dice": 0.8580772202895572, "best_dice": 0.8583505660391136, "best_epoch": 7, "seconds": 28.326185374000033}
{"run": "MeanHinge-0.3", "epoch": 31, "budget": 40, "val_dice": 0.8582173777333423, "best_dice": 0.8583505660391136, "best_epoch": 7, "seconds": 28.21938091300001}
{"run": "MeanHinge-0.3", "epoch": 32, "budget": 40, "val_dice": 0.8581714798467611, "best_dice": 0.8583505660391136, "best_epoch": 7, "seconds": 27.89846878900005}
{"run": "MeanHinge-0.3", "epoch": 33, "budget": 40, "val_dice": 0.8581911553780686, "best_dice": 0.8583505660391136, "best_epoch": 7, "seconds": 28.316077532999998}
{"run": "MeanHinge-0.3", "epoch": 34, "budget": 40, "val_dice": 0.8581942363765852, "best_dice": 0.8583505660391136, "best_epoch": 7, "seconds": 27.79563595700006}
{"run": "MeanHinge-0.3", "epoch": 35, "budget": 40, "val_dice": 0.8581246971750185, "best_dice": 0.8583505660391136, "best_epoch": 7, "seconds": 27.891904468000007}
{"run": "MeanHinge-0.3", "epoch": 36, "budget": 40, "val_dice": 0.8581823133969396, "best_dice": 0.8583505660391136, "best_epoch": 7, "seconds": 28.77249658599999}
{"run": "MeanHinge-0.3", "epoch": 37, "budget": 40, "val_dice": 0.8581472158354932, "best_dice": 0.8583505660391136, "best_epoch": 7, "seconds": 29.027130586}
{"run": "MeanHinge-0.3", "epoch": 38, "budget": 40, "val_dice": 0.8581428878744457, "best_dice": 0.8583505660391136, "best_epoch": 7, "seconds": 29.07106205499997}
{"run": "MeanHinge-0.3", "epoch": 39, "budget": 40, "val_dice": 0.8581483277193195, "best_dice": 0.8583505660391136, "best_epoch": 7, "seconds": 36.849317133}
{"run": "MeanHinge-0.3", "epoch": 40, "budget": 40, "val_dice": 0.8581463244323467, "best_dice": 0.8583505660391136, "best_epoch": 7, "seconds": 28.87257273900002}
{"run": "AbsHard-0.3", "epoch": 1, "budget": 40, "val_dice": 0.8580575591695866, "best_dice": 0.8580575591695866, "best_epoch": 1, "seconds": 41.58597865399997}
{"run": "AbsHard-0.3", "epoch": 2, "budget": 40, "val_dice": 0.8572661471126961, "best_dice": 0.8580575591695866, "best_epoch": 1, "seconds": 27.564638471999842}
{"run": "AbsHard-0.3", "epoch": 3, "budget": 40, "val_dice": 0.8578782329878882, "best_dice": 0.8580575591695866, "best_epoch": 1, "seconds": 26.955677756999876}
{"run": "AbsHard-0.3", "epoch": 4, "budget": 40, "val_dice": 0.8580925395062754, "best_dice": 0.8580925395062754, "best_epoch": 4, "seconds": 23.005904659999942}
{"run": "AbsHard-0.3", "epoch": 5, "budget": 40, "val_dice": 0.8572937753045609, "best_dice": 0.8580925395062754, "best_epoch": 4, "seconds": 23.658200691000047}
{"run": "AbsHard-0.3", "epoch": 6, "budget": 40, "val_dice": 0.8576446288021304, "best_dice": 0.8580925395062754, "best_epoch": 4, "seconds": 23.78364823600009}
{"run": "AbsHard-0.3", "epoch": 7, "budget": 40, "val_dice": 0.8581586938731988, "best_dice": 0.8581586938731988, "best_epoch": 7, "seconds": 23.990998665999996}
{"run": "AbsHard-0.3", "epoch": 8, "budget": 40, "val_dice": 0.8577892291554892, "best_dice": 0.8581586938731988, "best_epoch": 7, "seconds": 40.87342045599985}
{"run": "AbsHard-0.3", "epoch": 9, "budget": 40, "val_dice": 0.8578994121007014, "best_dice": 0.8581586938731988, "best_epoch": 7, "seconds": 24.26990647699995}
{"run": "AbsHard-0.3", "epoch": 10, "budget": 40, "val_dice": 0.8581016557286262, "best_dice": 0.8581586938731988, "best_epoch": 7, "seconds": 24.16963113199995}
{"run": "AbsHard-0.3", "epoch": 11, "budget": 40, "val_dice": 0.8581629776939197, "best_dice": 0.8581629776939197, "best_epoch": 11, "seconds": 37.12538593599993}
{"run": "AbsHard-0.3", "epoch": 12, "budget": 40, "val_dice": 0.8577434395441268, "best_dice": 0.8581629776939197, "best_epoch": 11, "seconds": 23.724584953999965}
{"run": "AbsHard-0.3", "epoch": 13, "budget": 40, "val_dice": 0.8580550841374786, "best_dice": 0.8581629776939197, "best_epoch": 11, "seconds": 23.722331477999887}
{"run": "AbsHard-0.3", "epoch": 14, "budget": 40, "val_dice": 0.8579622692804446, "best_dice": 0.8581629776939197, "best_epoch": 11, "seconds": 23.342709300000024}
{"run": "AbsHard-0.3", "epoch": 15, "budget": 40, "val_dice": 0.8582183435384786, "best_dice": 0.8582183435384786, "best_epoch": 15, "seconds": 24.554705215000013}
{"run": "AbsHard-0.3", "epoch": 16, "budget": 40, "val_dice": 0.857957129894483, "best_dice": 0.8582183435384786, "best_epoch": 15, "seconds": 23.49491669400004}
{"run": "AbsHard-0.3", "epoch": 17, "budget": 40, "val_dice": 0.8578585074201012, "best_dice": 0.8582183435384786, "best_epoch": 15, "seconds": 24.81484285900001}
{"run": "AbsHard-0.3", "epoch": 18, "budget": 40, "val_dice": 0.857645263400534, "best_dice": 0.8582183435384786, "best_epoch": 15, "seconds": 29.73450433300013}
{"run": "AbsHard-0.3", "epoch": 19, "budget": 40, "val_dice": 0.8574410756301676, "best_dice": 0.8582183435384786, "best_epoch": 15, "seconds": 24.62974857900008}
{"run": "AbsHard-0.3", "epoch": 20, "budget": 40, "val_dice": 0.858047158958435, "best_dice": 0.8582183435384786, "best_epoch": 15, "seconds": 23.60629930999994}
{"run": "AbsHard-0.3", "epoch": 21, "budget": 40, "val_dice": 0.8579966297531987, "best_dice": 0.8582183435384786, "best_epoch": 15, "seconds": 24.034377693999886}
{"run": "AbsHard-0.3", "epoch": 22, "budget": 40, "val_dice": 0.8581347063528244, "best_dice": 0.8582183435384786, "best_epoch": 15, "seconds": 20.86579829099992}
{"run": "AbsHard-0.3", "epoch": 23, "budget": 40, "val_dice": 0.8580325652671212, "best_dice": 0.8582183435384786, "best_epoch": 15, "seconds": 23.84241384300003}
{"run": "AbsHard-0.3", "epoch": 24, "budget": 40, "val_dice": 0.8578900313723781, "best_dice": 0.8582183435384786, "best_epoch": 15, "seconds": 24.41753919200005}
{"run": "AbsHard-0.3", "epoch": 25, "budget": 40, "val_dice": 0.8579625682069029, "best_dice": 0.8582183435384786, "best_epoch": 15, "seconds": 26.667338374999872}
{"run": "AbsHard-0.3", "epoch": 26, "budget": 40, "val_dice": 0.8576813164018862, "best_dice": 0.8582183435384786, "best_epoch": 15, "seconds": 41.330089284999985}
{"run": "AbsHard-0.3", "epoch": 27, "budget": 40, "val_dice": 0.8578473322707826, "best_dice": 0.8582183435384786, "best_epoch": 15, "seconds": 30.35133205300008}
{"run": "AbsHard-0.3", "epoch": 28, "budget": 40, "val_dice": 0.8580106693598483, "best_dice": 0.8582183435384786, "best_epoch": 15, "seconds": 23.82543874099997}
{"run": "AbsHard-0.3", "epoch": 29, "budget": 40, "val_dice": 0.8581270486418306, "best_dice": 0.8582183435384786, "best_epoch": 15, "seconds": 23.656586081000114}
{"run": "AbsHard-0.3", "epoch": 30, "budget": 40, "val_dice": 0.8579392320789357, "best_dice": 0.8582183435384786, "best_epoch": 15, "seconds": 24.12990437800022}
{"run": "AbsHard-0.3", "epoch": 31, "budget": 40, "val_dice": 0.8580959243036953, "best_dice": 0.8582183435384786, "best_epoch": 15, "seconds": 28.975009584999952}
{"run": "AbsHard-0.3", "epoch": 32, "budget": 40, "val_dice": 0.8580564484859597, "best_dice": 0.8582183435384786, "best_epoch": 15, "seconds": 21.411680662000208}
{"run": "AbsHard-0.3", "epoch": 33, "budget": 40, "val_dice": 0.8580744622319486, "best_dice": 0.8582183435384786, "best_epoch": 15, "seconds": 23.7889885699999}
{"run": "AbsHard-0.3", "epoch": 34, "budget": 40, "val_dice": 0.8580513039403608, "best_dice": 0.8582183435384786, "best_epoch": 15, "seconds": 23.809607725999967}
{"run": "AbsHard-0.3", "epoch": 35, "budget": 40, "val_dice": 0.8580015663825102, "best_dice": 0.8582183435384786, "best_epoch": 15, "seconds": 23.709765243999982}
{"run": "AbsHard-0.3", "epoch": 36, "budget": 40, "val_dice": 0.858049773133108, "best_dice": 0.8582183435384786, "best_epoch": 15, "seconds": 24.37466912900004}
{"run": "AbsHard-0.3", "epoch": 37, "budget": 40, "val_dice": 0.8580183408108275, "best_dice": 0.8582183435384786, "best_epoch": 15, "seconds": 55.419130976999895}
{"run": "AbsHard-0.3", "epoch": 38, "budget": 40, "val_dice": 0.8580143141743302, "best_dice": 0.8582183435384786, "best_epoch": 15, "seconds": 23.896937542999922}
{"run": "AbsHard-0.3", "epoch": 39, "budget": 40, "val_dice": 0.8580186358151735, "best_dice": 0.8582183435384786, "best_epoch": 15, "seconds": 23.567715491999934}
{"run": "AbsHard-0.3", "epoch": 40, "budget": 40, "val_dice": 0.8580170459950704, "best_dice": 0.8582183435384786, "best_epoch": 15, "seconds": 23.48587468200003}
{"run": "RSI-3", "epoch": 1, "budget": 40, "val_dice": 0.8580102222798561, "best_dice": 0.8580102222798561, "best_epoch": 1, "seconds": 37.98345101099994}
{"run": "RSI-3", "epoch": 2, "budget": 40, "val_dice": 0.8578666109241178, "best_dice": 0.8580102222798561, "best_epoch": 1, "seconds": 27.01194284200028}
{"run": "RSI-3", "epoch": 3, "budget": 40, "val_dice": 0.8575531868985451, "best_dice": 0.8580102222798561, "best_epoch": 1, "seconds": 27.206171182000162}
{"run": "RSI-3", "epoch": 4, "budget": 40, "val_dice": 0.8576494998330867, "best_dice": 0.8580102222798561, "best_epoch": 1, "seconds": 26.617257449000135}
{"run": "RSI-3", "epoch": 5, "budget": 40, "val_dice": 0.8573220389242416, "best_dice": 0.8580102222798561, "best_epoch": 1, "seconds": 26.74179881100008}
{"run": "RSI-3", "epoch": 6, "budget": 40, "val_dice": 0.8573314697491128, "best_dice": 0.8580102222798561, "best_epoch": 1, "seconds": 26.6826823399997}
{"run": "RSI-3", "epoch": 7, "budget": 40, "val_dice": 0.8575598368585182, "best_dice": 0.8580102222798561, "best_epoch": 1, "seconds": 27.10885485100016}
{"run": "RSI-3", "epoch": 8, "budget": 40, "val_dice": 0.8572580192925234, "best_dice": 0.8580102222798561, "best_epoch": 1, "seconds": 33.41513688299983}
{"run": "RSI-3", "epoch": 9, "budget": 40, "val_dice": 0.8571965409455501, "best_dice": 0.8580102222798561, "best_epoch": 1, "seconds": 26.510448308999912}
{"run": "RSI-3", "epoch": 10, "budget": 40, "val_dice": 0.8573416979336523, "best_dice": 0.8580102222798561, "best_epoch": 1, "seconds": 27.19995814899994}
{"run": "RSI-3", "epoch": 11, "budget": 40, "val_dice": 0.8575879420315498, "best_dice": 0.8580102222798561, "best_epoch": 1, "seconds": 27.343018593000124}
{"run": "RSI-3", "epoch": 12, "budget": 40, "val_dice": 0.8572254148727734, "best_dice": 0.8580102222798561, "best_epoch": 1, "seconds": 52.0101076750002}
{"run": "RSI-3", "epoch": 13, "budget": 40, "val_dice": 0.8574550619155551, "best_dice": 0.8580102222798561, "best_epoch": 1, "seconds": 27.47416038099982}
{"run": "RSI-3", "epoch": 14, "budget": 40, "val_dice": 0.8570650400974399, "best_dice": 0.8580102222798561, "best_epoch": 1, "seconds": 27.321367505000126}
{"run": "RSI-3", "epoch": 15, "budget": 40, "val_dice": 0.8573537320549646, "best_dice": 0.8580102222798561, "best_epoch": 1, "seconds": 26.84857646699993}
{"run": "RSI-3", "epoch": 16, "budget": 40, "val_dice": 0.8572908943626195, "best_dice": 0.8580102222798561, "best_epoch": 1, "seconds": 27.18997691200002}
{"run": "RSI-3", "epoch": 17, "budget": 40, "val_dice": 0.8577133151147108, "best_dice": 0.8580102222798561, "best_epoch": 1, "seconds": 26.55441432400039}
{"run": "RSI-3", "epoch": 18, "budget": 40, "val_dice": 0.8574380281020654, "best_dice": 0.8580102222798561, "best_epoch": 1, "seconds": 27.439010670999778}
{"run": "RSI-3", "epoch": 19, "budget": 40, "val_dice": 0.8571447248687959, "best_dice": 0.8580102222798561, "best_epoch": 1, "seconds": 26.996457427000223}
{"run": "RSI-3", "epoch": 20, "budget": 40, "val_dice": 0.8575162370624435, "best_dice": 0.8580102222798561, "best_epoch": 1, "seconds": 25.932004828000117}
{"run": "RSI-3", "epoch": 21, "budget": 40, "val_dice": 0.8574330993367348, "best_dice": 0.8580102222798561, "best_epoch": 1, "seconds": 27.2443808109997}
{"run": "RSI-3", "epoch": 22, "budget": 40, "val_dice": 0.8575810657758626, "best_dice": 0.8580102222798561, "best_epoch": 1, "seconds": 23.60026638699992}
{"run": "RSI-3", "epoch": 23, "budget": 40, "val_dice": 0.8575166819656681, "best_dice": 0.8580102222798561, "best_epoch": 1, "seconds": 27.43711486600023}
{"run": "RSI-3", "epoch": 24, "budget": 40, "val_dice": 0.857312122275368, "best_dice": 0.8580102222798561, "best_epoch": 1, "seconds": 26.968213795000338}
{"run": "RSI-3", "epoch": 25, "budget": 40, "val_dice": 0.8573958618014191, "best_dice": 0.8580102222798561, "best_epoch": 1, "seconds": 26.944685517999915}
{"run": "RSI-3", "epoch": 26, "budget": 40, "val_dice": 0.8573768393126251, "best_dice": 0.8580102222798561, "best_epoch": 1, "seconds": 43.99027610799976}
{"run": "RSI-3", "epoch": 27, "budget": 40, "val_dice": 0.8573844936663596, "best_dice": 0.8580102222798561, "best_epoch": 1, "seconds": 23.21471648700026}
{"run": "RSI-3", "epoch": 28, "budget": 40, "val_dice": 0.8575525222169095, "best_dice": 0.8580102222798561, "best_epoch": 1, "seconds": 26.637359492000087}
{"run": "RSI-3", "epoch": 29, "budget": 40, "val_dice": 0.8574466010871308, "best_dice": 0.8580102222798561, "best_epoch": 1, "seconds": 27.070969112000057}
{"run": "RSI-3", "epoch": 30, "budget": 40, "val_dice": 0.8574311540677463, "best_dice": 0.8580102222798561, "best_epoch": 1, "seconds": 24.416605195000102}
{"run": "RSI-3", "epoch": 31, "budget": 40, "val_dice": 0.8574069035955906, "best_dice": 0.8580102222798561, "best_epoch": 1, "seconds": 27.59778502500012}
{"run": "RSI-3", "epoch": 32, "budget": 40, "val_dice": 0.8575016410270255, "best_dice": 0.8580102222798561, "best_epoch": 1, "seconds": 34.14153607700018}
{"run": "RSI-3", "epoch": 33, "budget": 40, "val_dice": 0.8574192104261333, "best_dice": 0.8580102222798561, "best_epoch": 1, "seconds": 45.858566255999904}
{"run": "RSI-3", "epoch": 34, "budget": 40, "val_dice": 0.8573879973169121, "best_dice": 0.8580102222798561, "best_epoch": 1, "seconds": 26.791595018999942}
{"run": "RSI-3", "epoch": 35, "budget": 40, "val_dice": 0.8574185533036223, "best_dice": 0.8580102222798561, "best_epoch": 1, "seconds": 27.627893542000038}
{"run": "RSI-3", "epoch": 36, "budget": 40, "val_dice": 0.8574226435695487, "best_dice": 0.8580102222798561, "best_epoch": 1, "seconds": 27.809633465999923}
{"run": "RSI-3", "epoch": 37, "budget": 40, "val_dice": 0.8574100886959102, "best_dice": 0.8580102222798561, "best_epoch": 1, "seconds": 27.082255149000048}
{"run": "RSI-3", "epoch": 38, "budget": 40, "val_dice": 0.8574250305436865, "best_dice": 0.8580102222798561, "best_epoch": 1, "seconds": 43.65269978699962}
{"run": "RSI-3", "epoch": 39, "budget": 40, "val_dice": 0.8574435443374153, "best_dice": 0.8580102222798561, "best_epoch": 1, "seconds": 59.41270209800041}
{"run": "RSI-3", "epoch": 40, "budget": 40, "val_dice": 0.8574444509182021, "best_dice": 0.8580102222798561, "best_epoch": 1, "seconds": 74.73402907599984}
{"run": "MeanHinge-3", "epoch": 1, "budget": 40, "val_dice": 0.858459084344441, "best_dice": 0.858459084344441, "best_epoch": 1, "seconds": 41.60870190900005}
{"run": "MeanHinge-3", "epoch": 2, "budget": 40, "val_dice": 0.8578859194500378, "best_dice": 0.858459084344441, "best_epoch": 1, "seconds": 26.945929780999904}
{"run": "MeanHinge-3", "epoch": 3, "budget": 40, "val_dice": 0.8579844077118112, "best_dice": 0.858459084344441, "best_epoch": 1, "seconds": 35.52685876500027}
{"run": "MeanHinge-3", "epoch": 4, "budget": 40, "val_dice": 0.8582214173041031, "best_dice": 0.858459084344441, "best_epoch": 1, "seconds": 27.02484029499965}
{"run": "MeanHinge-3", "epoch": 5, "budget": 40, "val_dice": 0.8574068689383454, "best_dice": 0.858459084344441, "best_epoch": 1, "seconds": 26.491478478999852}
{"run": "MeanHinge-3", "epoch": 6, "budget": 40, "val_dice": 0.8578717915425361, "best_dice": 0.858459084344441, "best_epoch": 1, "seconds": 26.710209726000357}
{"run": "MeanHinge-3", "epoch": 7, "budget": 40, "val_dice": 0.8584369963971017, "best_dice": 0.858459084344441, "best_epoch": 1, "seconds": 34.337859926999954}
{"run": "MeanHinge-3", "epoch": 8, "budget": 40, "val_dice": 0.8578527226472392, "best_dice": 0.858459084344441, "best_epoch": 1, "seconds": 23.18222536500025}
{"run": "MeanHinge-3", "epoch": 9, "budget": 40, "val_dice": 0.8583424342472342, "best_dice": 0.858459084344441, "best_epoch": 1, "seconds": 34.17186501000015}
{"run": "MeanHinge-3", "epoch": 10, "budget": 40, "val_dice": 0.85777254835013, "best_dice": 0.858459084344441, "best_epoch": 1, "seconds": 27.174690560000272}
{"run": "MeanHinge-3", "epoch": 11, "budget": 40, "val_dice": 0.8582868381486449, "best_dice": 0.858459084344441, "best_epoch": 1, "seconds": 26.806411394000406}
{"run": "MeanHinge-3", "epoch": 12, "budget": 40, "val_dice": 0.8581735904436373, "best_dice": 0.858459084344441, "best_epoch": 1, "seconds": 27.477149186000133}
{"run": "MeanHinge-3", "epoch": 13, "budget": 40, "val_dice": 0.8584121603377697, "best_dice": 0.858459084344441, "best_epoch": 1, "seconds": 24.240312898999946}
{"run": "MeanHinge-3", "epoch": 14, "budget": 40, "val_dice": 0.8579366583836558, "best_dice": 0.858459084344441, "best_epoch": 1, "seconds": 23.665579927999715}
{"run": "MeanHinge-3", "epoch": 15, "budget": 40, "val_dice": 0.8586199376315766, "best_dice": 0.8586199376315766, "best_epoch": 15, "seconds": 26.297286384000017}
{"run": "MeanHinge-3", "epoch": 16, "budget": 40, "val_dice": 0.8580061710970751, "best_dice": 0.8586199376315766, "best_epoch": 15, "seconds": 28.451277611000023}
{"run": "MeanHinge-3", "epoch": 17, "budget": 40, "val_dice": 0.8582635489702158, "best_dice": 0.8586199376315766, "best_epoch": 15, "seconds": 26.923717275999934}
{"run": "MeanHinge-3", "epoch": 18, "budget": 40, "val_dice": 0.8580191115439726, "best_dice": 0.8586199376315766, "best_epoch": 15, "seconds": 29.339103157999944}
{"run": "MeanHinge-3", "epoch": 19, "budget": 40, "val_dice": 0.8574492337446309, "best_dice": 0.8586199376315766, "best_epoch": 15, "seconds": 33.8075070609998}
{"run": "MeanHinge-3", "epoch": 20, "budget": 40, "val_dice": 0.8583329964348011, "best_dice": 0.8586199376315766, "best_epoch": 15, "seconds": 26.74370361800038}
{"run": "MeanHinge-3", "epoch": 21, "budget": 40, "val_dice": 0.8585004324468185, "best_dice": 0.8586199376315766, "best_epoch": 15, "seconds": 24.070021861999976}
{"run": "MeanHinge-3", "epoch": 22, "budget": 40, "val_dice": 0.8584374093996784, "best_dice": 0.8586199376315766, "best_epoch": 15, "seconds": 23.75675462900017}
{"run": "MeanHinge-3", "epoch": 23, "budget": 40, "val_dice": 0.8585212874135966, "best_dice": 0.8586199376315766, "best_epoch": 15, "seconds": 26.928159139999934}
{"run": "MeanHinge-3", "epoch": 24, "budget": 40, "val_dice": 0.858289441174891, "best_dice": 0.8586199376315766, "best_epoch": 15, "seconds": 27.415334876000088}
{"run": "MeanHinge-3", "epoch": 25, "budget": 40, "val_dice": 0.8581754564735682, "best_dice": 0.8586199376315766, "best_epoch": 15, "seconds": 26.20612423800003}
{"run": "MeanHinge-3", "epoch": 26, "budget": 40, "val_dice": 0.858247685780984, "best_dice": 0.8586199376315766, "best_epoch": 15, "seconds": 26.87124508900024}
{"run": "MeanHinge-3", "epoch": 27, "budget": 40, "val_dice": 0.8581757893344141, "best_dice": 0.8586199376315766, "best_epoch": 15, "seconds": 27.141606050999144}
{"run": "MeanHinge-3", "epoch": 28, "budget": 40, "val_dice": 0.8583933194210968, "best_dice": 0.8586199376315766, "best_epoch": 15, "seconds": 26.73890669499997}
{"run": "MeanHinge-3", "epoch": 29, "budget": 40, "val_dice": 0.8583893801796427, "best_dice": 0.8586199376315766, "best_epoch": 15, "seconds": 27.001530872999865}
{"run": "MeanHinge-3", "epoch": 30, "budget": 40, "val_dice": 0.8582710459016862, "best_dice": 0.8586199376315766, "best_epoch": 15, "seconds": 26.78116631099965}
{"run": "MeanHinge-3", "epoch": 31, "budget": 40, "val_dice": 0.8584153738840187, "best_dice": 0.8586199376315766, "best_epoch": 15, "seconds": 26.7332373549998}
{"run": "MeanHinge-3", "epoch": 32, "budget": 40, "val_dice": 0.8583844653928399, "best_dice": 0.8586199376315766, "best_epoch": 15, "seconds": 46.3960786180005}
{"run": "MeanHinge-3", "epoch": 33, "budget": 40, "val_dice": 0.8584158751729486, "best_dice": 0.8586199376315766, "best_epoch": 15, "seconds": 27.138738052999543}
{"run": "MeanHinge-3", "epoch": 34, "budget": 40, "val_dice": 0.8584371570383402, "best_dice": 0.8586199376315766, "best_epoch": 15, "seconds": 26.7463192969999}
{"run": "MeanHinge-3", "epoch": 35, "budget": 40, "val_dice": 0.8583490539749216, "best_dice": 0.8586199376315766, "best_epoch": 15, "seconds": 27.216626612000255}
{"run": "MeanHinge-3", "epoch": 36, "budget": 40, "val_dice": 0.8584179656640166, "best_dice": 0.8586199376315766, "best_epoch": 15, "seconds": 31.85981054400054}
{"run": "MeanHinge-3", "epoch": 37, "budget": 40, "val_dice": 0.8584020237338701, "best_dice": 0.8586199376315766, "best_epoch": 15, "seconds": 26.839949044000605}
{"run": "MeanHinge-3", "epoch": 38, "budget": 40, "val_dice": 0.8583779861607743, "best_dice": 0.8586199376315766, "best_epoch": 15, "seconds": 30.413960871999734}
{"run": "MeanHinge-3", "epoch": 39, "budget": 40, "val_dice": 0.8583905400626003, "best_dice": 0.8586199376315766, "best_epoch": 15, "seconds": 27.471221818999766}
{"run": "MeanHinge-3", "epoch": 40, "budget": 40, "val_dice": 0.858390327095425, "best_dice": 0.8586199376315766, "best_epoch": 15, "seconds": 26.85073630900024}
{"run": "AbsHard-3", "epoch": 1, "budget": 40, "val_dice": 0.8580365651184109, "best_dice": 0.8580365651184109, "best_epoch": 1, "seconds": 42.61109680299978}
{"run": "AbsHard-3", "epoch": 2, "budget": 40, "val_dice": 0.8576608551552847, "best_dice": 0.8580365651184109, "best_epoch": 1, "seconds": 28.589021704000515}
{"run": "AbsHard-3", "epoch": 3, "budget": 40, "val_dice": 0.8577527012093458, "best_dice": 0.8580365651184109, "best_epoch": 1, "seconds": 28.766003603000172}
{"run": "AbsHard-3", "epoch": 4, "budget": 40, "val_dice": 0.8580174686120617, "best_dice": 0.8580365651184109, "best_epoch": 1, "seconds": 24.616658805000043}
{"run": "AbsHard-3", "epoch": 5, "budget": 40, "val_dice": 0.8573730900759594, "best_dice": 0.8580365651184109, "best_epoch": 1, "seconds": 28.296101099000225}
{"run": "AbsHard-3", "epoch": 6, "budget": 40, "val_dice": 0.8578561061835726, "best_dice": 0.8580365651184109, "best_epoch": 1, "seconds": 28.143214263999653}
{"run": "AbsHard-3", "epoch": 7, "budget": 40, "val_dice": 0.857750918777572, "best_dice": 0.8580365651184109, "best_epoch": 1, "seconds": 25.55438204300026}
{"run": "AbsHard-3", "epoch": 8, "budget": 40, "val_dice": 0.8574756268153446, "best_dice": 0.8580365651184109, "best_epoch": 1, "seconds": 28.124450827000146}
{"run": "AbsHard-3", "epoch": 9, "budget": 40, "val_dice": 0.8576144091118316, "best_dice": 0.8580365651184109, "best_epoch": 1, "seconds": 60.19164886599992}
{"run": "AbsHard-3", "epoch": 10, "budget": 40, "val_dice": 0.858065187416703, "best_dice": 0.858065187416703, "best_epoch": 10, "seconds": 27.778617533000215}
{"run": "AbsHard-3", "epoch": 11, "budget": 40, "val_dice": 0.8581067332797172, "best_dice": 0.8581067332797172, "best_epoch": 11, "seconds": 27.948319658999935}
{"run": "AbsHard-3", "epoch": 12, "budget": 40, "val_dice": 0.8574774820794936, "best_dice": 0.8581067332797172, "best_epoch": 11, "seconds": 28.043771335999736}
{"run": "AbsHard-3", "epoch": 13, "budget": 40, "val_dice": 0.857866101745896, "best_dice": 0.8581067332797172, "best_epoch": 11, "seconds": 28.2802556179995}
{"run": "AbsHard-3", "epoch": 14, "budget": 40, "val_dice": 0.8579038495433197, "best_dice": 0.8581067332797172, "best_epoch": 11, "seconds": 25.395197670000016}
{"run": "AbsHard-3", "epoch": 15, "budget": 40, "val_dice": 0.8579655705940491, "best_dice": 0.8581067332797172, "best_epoch": 11, "seconds": 24.96809883700007}
{"run": "AbsHard-3", "epoch": 16, "budget": 40, "val_dice": 0.8576479768838191, "best_dice": 0.8581067332797172, "best_epoch": 11, "seconds": 28.719471501000044}
{"run": "AbsHard-3", "epoch": 17, "budget": 40, "val_dice": 0.8575376263098077, "best_dice": 0.8581067332797172, "best_epoch": 11, "seconds": 28.93372116699993}
{"run": "AbsHard-3", "epoch": 18, "budget": 40, "val_dice": 0.8574208457911129, "best_dice": 0.8581067332797172, "best_epoch": 11, "seconds": 28.48338003199933}
{"run": "AbsHard-3", "epoch": 19, "budget": 40, "val_dice": 0.8578572555103151, "best_dice": 0.8581067332797172, "best_epoch": 11, "seconds": 28.188822428000094}
{"run": "AbsHard-3", "epoch": 20, "budget": 40, "val_dice": 0.8577434459918879, "best_dice": 0.8581067332797172, "best_epoch": 11, "seconds": 27.832200251999893}
{"run": "AbsHard-3", "epoch": 21, "budget": 40, "val_dice": 0.8575964738318991, "best_dice": 0.8581067332797172, "best_epoch": 11, "seconds": 28.432283420999738}
{"run": "AbsHard-3", "epoch": 22, "budget": 40, "val_dice": 0.8575815475763072, "best_dice": 0.8581067332797172, "best_epoch": 11, "seconds": 24.979387940999914}
{"run": "AbsHard-3", "epoch": 23, "budget": 40, "val_dice": 0.8577295090860553, "best_dice": 0.8581067332797172, "best_epoch": 11, "seconds": 28.393992748000528}
{"run": "AbsHard-3", "epoch": 24, "budget": 40, "val_dice": 0.8577350083695796, "best_dice": 0.8581067332797172, "best_epoch": 11, "seconds": 25.164992422999603}
{"run": "AbsHard-3", "epoch": 25, "budget": 40, "val_dice": 0.857674549007455, "best_dice": 0.8581067332797172, "best_epoch": 11, "seconds": 28.300507003999883}
{"run": "AbsHard-3", "epoch": 26, "budget": 40, "val_dice": 0.8575997048751486, "best_dice": 0.8581067332797172, "best_epoch": 11, "seconds": 25.05262377100007}
{"run": "AbsHard-3", "epoch": 27, "budget": 40, "val_dice": 0.8577108021380186, "best_dice": 0.8581067332797172, "best_epoch": 11, "seconds": 24.36168381599964}
{"run": "AbsHard-3", "epoch": 28, "budget": 40, "val_dice": 0.8575887624413557, "best_dice": 0.8581067332797172, "best_epoch": 11, "seconds": 28.51081950400021}
{"run": "AbsHard-3", "epoch": 29, "budget": 40, "val_dice": 0.8576981012029121, "best_dice": 0.8581067332797172, "best_epoch": 11, "seconds": 28.639998683000158}
{"run": "AbsHard-3", "epoch": 30, "budget": 40, "val_dice": 0.8576041960341872, "best_dice": 0.8581067332797172, "best_epoch": 11, "seconds": 28.806286596000064}
{"run": "AbsHard-3", "epoch": 31, "budget": 40, "val_dice": 0.8577208970342839, "best_dice": 0.8581067332797172, "best_epoch": 11, "seconds": 28.768677430000025}
{"run": "AbsHard-3", "epoch": 32, "budget": 40, "val_dice": 0.857776916704045, "best_dice": 0.8581067332797172, "best_epoch": 11, "seconds": 29.251320089999354}
{"run": "AbsHard-3", "epoch": 33, "budget": 40, "val_dice": 0.8577790026441935, "best_dice": 0.8581067332797172, "best_epoch": 11, "seconds": 28.73664834400006}
{"run": "AbsHard-3", "epoch": 34, "budget": 40, "val_dice": 0.8576184641441431, "best_dice": 0.8581067332797172, "best_epoch": 11, "seconds": 28.400888300000588}
{"run": "AbsHard-3", "epoch": 35, "budget": 40, "val_dice": 0.8576854525741262, "best_dice": 0.8581067332797172, "best_epoch": 11, "seconds": 28.54860065699995}
{"run": "AbsHard-3", "epoch": 36, "budget": 40, "val_dice": 0.8576770148649551, "best_dice": 0.8581067332797172, "best_epoch": 11, "seconds": 27.966375608999442}
{"run": "AbsHard-3", "epoch": 37, "budget": 40, "val_dice": 0.8576579834826222, "best_dice": 0.8581067332797172, "best_epoch": 11, "seconds": 25.155341063999913}
{"run": "AbsHard-3", "epoch": 38, "budget": 40, "val_dice": 0.8576514600356536, "best_dice": 0.8581067332797172, "best_epoch": 11, "seconds": 28.439324066000154}
{"run": "AbsHard-3", "epoch": 39, "budget": 40, "val_dice": 0.8576529427599757, "best_dice": 0.8581067332797172, "best_epoch": 11, "seconds": 28.740610593999918}
{"run": "AbsHard-3", "epoch": 40, "budget": 40, "val_dice": 0.857651948463216, "best_dice": 0.8581067332797172, "best_epoch": 11, "seconds": 24.420826730000044}
{"status": "complete", "active": "symmetric_registered_weight_grid_complete", "completed": 6}
