2026-08-30 19:12:12 - #----------Config info----------#
2026-08-30 19:12:12 - network: ege_dual,
2026-08-30 19:12:12 - scale_aug_p: 0.5,
2026-08-30 19:12:12 - scale_aug_range: (0.5, 2.0),
2026-08-30 19:12:12 - train_transformer: Compose(
    <utils.myNormalize object at 0x7f7bf2f66650>
    <utils.myToTensor object at 0x7f7c229650c0>
    <utils.myRandomHorizontalFlip object at 0x7f7c229650f0>
    <utils.myRandomVerticalFlip object at 0x7f7bf29d4190>
    <utils.myRandomRotation object at 0x7f7bf29d43a0>
    <utils.myRandomScaleCrop object at 0x7f7bf29d4760>
    <utils.myResize object at 0x7f7bf29d47c0>
),
2026-08-30 19:12:12 - work_dir: results/ege_dual_difflr_scaug_isic18_Sunday_30_August_2026_19h_12m_12s/,
2026-08-30 19:12:13 - [diff-lr] group1 81,146 lr=0.001; group2 5,259,408 lr=0.0001
2026-08-30 19:12:17 - train: epoch 1, iter:0, loss: 11.0620, lr: 0.001
2026-08-30 19:12:23 - train: epoch 1, iter:20, loss: 3.3688, lr: 0.001
2026-08-30 19:12:43 - val epoch: 1, loss: 1.6566
2026-08-30 19:12:43 - train gamma: g2=0.100 g3=0.100 g4=0.100 g5=0.100
2026-08-30 19:12:45 - train: epoch 2, iter:0, loss: 1.8466, lr: 0.0009999728588359286
2026-08-30 19:12:50 - train: epoch 2, iter:20, loss: 1.6529, lr: 0.0009999728588359286
2026-08-30 19:13:10 - val epoch: 2, loss: 1.3292
2026-08-30 19:13:10 - train gamma: g2=0.099 g3=0.100 g4=0.099 g5=0.100
2026-08-30 19:13:13 - train: epoch 3, iter:0, loss: 1.4459, lr: 0.0009998914383200486
2026-08-30 19:13:18 - train: epoch 3, iter:20, loss: 1.5222, lr: 0.0009998914383200486
2026-08-30 19:13:39 - val epoch: 3, loss: 1.3288
2026-08-30 19:13:39 - train gamma: g2=0.099 g3=0.100 g4=0.098 g5=0.099
2026-08-30 19:13:41 - train: epoch 4, iter:0, loss: 1.3911, lr: 0.0009997557473810372
2026-08-30 19:13:46 - train: epoch 4, iter:20, loss: 1.4001, lr: 0.0009997557473810372
2026-08-30 19:14:06 - val epoch: 4, loss: 1.1909
2026-08-30 19:14:06 - train gamma: g2=0.099 g3=0.100 g4=0.098 g5=0.099
2026-08-30 19:14:08 - train: epoch 5, iter:0, loss: 1.3785, lr: 0.000999565800898935
2026-08-30 19:14:14 - train: epoch 5, iter:20, loss: 1.2825, lr: 0.000999565800898935
2026-08-30 19:14:34 - val epoch: 5, loss: 1.1281
2026-08-30 19:14:34 - train gamma: g2=0.099 g3=0.100 g4=0.097 g5=0.099
2026-08-30 19:14:36 - train: epoch 6, iter:0, loss: 1.2276, lr: 0.0009993216197035143
2026-08-30 19:14:42 - train: epoch 6, iter:20, loss: 1.2186, lr: 0.0009993216197035143
2026-08-30 19:15:02 - val epoch: 6, loss: 1.1283
2026-08-30 19:15:02 - train gamma: g2=0.099 g3=0.100 g4=0.097 g5=0.099
2026-08-30 19:15:04 - train: epoch 7, iter:0, loss: 1.0279, lr: 0.0009990232305719946
2026-08-30 19:15:10 - train: epoch 7, iter:20, loss: 1.1925, lr: 0.0009990232305719946
2026-08-30 19:15:30 - val epoch: 7, loss: 1.0971
2026-08-30 19:15:30 - train gamma: g2=0.099 g3=0.100 g4=0.096 g5=0.098
2026-08-30 19:15:32 - train: epoch 8, iter:0, loss: 1.1558, lr: 0.0009986706662261067
2026-08-30 19:15:38 - train: epoch 8, iter:20, loss: 1.1695, lr: 0.0009986706662261067
2026-08-30 19:15:58 - val epoch: 8, loss: 1.2279
2026-08-30 19:15:58 - train gamma: g2=0.099 g3=0.100 g4=0.096 g5=0.098
2026-08-30 19:16:00 - train: epoch 9, iter:0, loss: 1.1541, lr: 0.0009982639653285047
2026-08-30 19:16:05 - train: epoch 9, iter:20, loss: 1.0955, lr: 0.0009982639653285047
2026-08-30 19:16:25 - val epoch: 9, loss: 1.1083
2026-08-30 19:16:25 - train gamma: g2=0.099 g3=0.100 g4=0.096 g5=0.098
2026-08-30 19:16:27 - train: epoch 10, iter:0, loss: 0.9843, lr: 0.0009978031724785245
2026-08-30 19:16:33 - train: epoch 10, iter:20, loss: 1.0848, lr: 0.0009978031724785245
2026-08-30 19:16:53 - val epoch: 10, loss: 1.0154
2026-08-30 19:16:53 - train gamma: g2=0.099 g3=0.100 g4=0.095 g5=0.098
2026-08-30 19:16:55 - train: epoch 11, iter:0, loss: 0.9821, lr: 0.0009972883382072953
2026-08-30 19:17:00 - train: epoch 11, iter:20, loss: 1.0254, lr: 0.0009972883382072953
2026-08-30 19:17:20 - val epoch: 11, loss: 1.1461
2026-08-30 19:17:20 - train gamma: g2=0.099 g3=0.100 g4=0.095 g5=0.098
2026-08-30 19:17:23 - train: epoch 12, iter:0, loss: 0.9448, lr: 0.0009967195189721962
2026-08-30 19:17:28 - train: epoch 12, iter:20, loss: 1.0365, lr: 0.0009967195189721962
2026-08-30 19:17:48 - val epoch: 12, loss: 1.0814
2026-08-30 19:17:48 - train gamma: g2=0.099 g3=0.100 g4=0.095 g5=0.098
2026-08-30 19:17:50 - train: epoch 13, iter:0, loss: 1.1373, lr: 0.0009960967771506667
2026-08-30 19:17:56 - train: epoch 13, iter:20, loss: 0.9744, lr: 0.0009960967771506667
2026-08-30 19:18:16 - val epoch: 13, loss: 1.0534
2026-08-30 19:18:16 - train gamma: g2=0.099 g3=0.100 g4=0.094 g5=0.098
2026-08-30 19:18:18 - train: epoch 14, iter:0, loss: 1.1172, lr: 0.0009954201810333646
2026-08-30 19:18:23 - train: epoch 14, iter:20, loss: 0.9780, lr: 0.0009954201810333646
2026-08-30 19:18:43 - val epoch: 14, loss: 1.0141
2026-08-30 19:18:43 - train gamma: g2=0.099 g3=0.100 g4=0.094 g5=0.097
2026-08-30 19:18:46 - train: epoch 15, iter:0, loss: 1.3528, lr: 0.0009946898048166792
2026-08-30 19:18:51 - train: epoch 15, iter:20, loss: 1.0254, lr: 0.0009946898048166792
2026-08-30 19:19:11 - val epoch: 15, loss: 1.0001
2026-08-30 19:19:11 - train gamma: g2=0.099 g3=0.100 g4=0.094 g5=0.097
2026-08-30 19:19:13 - train: epoch 16, iter:0, loss: 0.8350, lr: 0.000993905728594593
2026-08-30 19:19:19 - train: epoch 16, iter:20, loss: 0.9136, lr: 0.000993905728594593
2026-08-30 19:19:39 - val epoch: 16, loss: 1.0522
2026-08-30 19:19:39 - train gamma: g2=0.099 g3=0.100 g4=0.094 g5=0.097
2026-08-30 19:19:41 - train: epoch 17, iter:0, loss: 0.8748, lr: 0.0009930680383498998
2026-08-30 19:19:46 - train: epoch 17, iter:20, loss: 0.9641, lr: 0.0009930680383498998
2026-08-30 19:20:07 - val epoch: 17, loss: 0.9387
2026-08-30 19:20:07 - train gamma: g2=0.099 g3=0.100 g4=0.093 g5=0.097
2026-08-30 19:20:09 - train: epoch 18, iter:0, loss: 0.6715, lr: 0.0009921768259447744
2026-08-30 19:20:14 - train: epoch 18, iter:20, loss: 0.9823, lr: 0.0009921768259447744
2026-08-30 19:20:35 - val epoch: 18, loss: 1.1947
2026-08-30 19:20:35 - train gamma: g2=0.099 g3=0.100 g4=0.093 g5=0.096
2026-08-30 19:20:37 - train: epoch 19, iter:0, loss: 0.9900, lr: 0.0009912321891107007
2026-08-30 19:20:42 - train: epoch 19, iter:20, loss: 0.9162, lr: 0.0009912321891107007
2026-08-30 19:21:02 - val epoch: 19, loss: 1.0018
2026-08-30 19:21:02 - train gamma: g2=0.099 g3=0.100 g4=0.093 g5=0.096
2026-08-30 19:21:04 - train: epoch 20, iter:0, loss: 0.8759, lr: 0.0009902342314377522
2026-08-30 19:21:09 - train: epoch 20, iter:20, loss: 0.8962, lr: 0.0009902342314377522
2026-08-30 19:21:29 - val epoch: 20, loss: 0.9765
2026-08-30 19:21:29 - train gamma: g2=0.099 g3=0.099 g4=0.093 g5=0.096
2026-08-30 19:21:32 - train: epoch 21, iter:0, loss: 0.9738, lr: 0.0009891830623632338
2026-08-30 19:21:37 - train: epoch 21, iter:20, loss: 0.8787, lr: 0.0009891830623632338
2026-08-30 19:21:57 - val epoch: 21, loss: 1.0094
2026-08-30 19:21:57 - train gamma: g2=0.099 g3=0.100 g4=0.093 g5=0.096
2026-08-30 19:21:59 - train: epoch 22, iter:0, loss: 0.9111, lr: 0.00098807879715968
2026-08-30 19:22:05 - train: epoch 22, iter:20, loss: 0.9335, lr: 0.00098807879715968
2026-08-30 19:22:25 - val epoch: 22, loss: 0.9418
2026-08-30 19:22:25 - train gamma: g2=0.099 g3=0.100 g4=0.092 g5=0.096
2026-08-30 19:22:27 - train: epoch 23, iter:0, loss: 0.7529, lr: 0.0009869215569222143
2026-08-30 19:22:32 - train: epoch 23, iter:20, loss: 0.8794, lr: 0.0009869215569222143
2026-08-30 19:22:52 - val epoch: 23, loss: 1.1059
2026-08-30 19:22:52 - train gamma: g2=0.099 g3=0.099 g4=0.093 g5=0.096
2026-08-30 19:22:54 - train: epoch 24, iter:0, loss: 1.0104, lr: 0.0009857114685552697
2026-08-30 19:23:00 - train: epoch 24, iter:20, loss: 0.9092, lr: 0.0009857114685552697
2026-08-30 19:23:20 - val epoch: 24, loss: 1.1801
2026-08-30 19:23:20 - train gamma: g2=0.099 g3=0.100 g4=0.092 g5=0.096
2026-08-30 19:23:22 - train: epoch 25, iter:0, loss: 0.9733, lr: 0.0009844486647586721
2026-08-30 19:23:27 - train: epoch 25, iter:20, loss: 0.8488, lr: 0.0009844486647586721
2026-08-30 19:23:47 - val epoch: 25, loss: 0.9908
2026-08-30 19:23:47 - train gamma: g2=0.099 g3=0.099 g4=0.092 g5=0.095
2026-08-30 19:23:49 - train: epoch 26, iter:0, loss: 0.7877, lr: 0.0009831332840130884
2026-08-30 19:23:54 - train: epoch 26, iter:20, loss: 0.8924, lr: 0.0009831332840130884
2026-08-30 19:24:14 - val epoch: 26, loss: 0.9566
2026-08-30 19:24:14 - train gamma: g2=0.099 g3=0.099 g4=0.092 g5=0.095
2026-08-30 19:24:16 - train: epoch 27, iter:0, loss: 0.8056, lr: 0.0009817654705648405
2026-08-30 19:24:22 - train: epoch 27, iter:20, loss: 0.8301, lr: 0.0009817654705648405
2026-08-30 19:24:42 - val epoch: 27, loss: 1.0909
2026-08-30 19:24:42 - train gamma: g2=0.098 g3=0.099 g4=0.092 g5=0.095
2026-08-30 19:24:44 - train: epoch 28, iter:0, loss: 0.9223, lr: 0.0009803453744100864
2026-08-30 19:24:50 - train: epoch 28, iter:20, loss: 0.8104, lr: 0.0009803453744100864
2026-08-30 19:25:10 - val epoch: 28, loss: 1.1841
2026-08-30 19:25:10 - train gamma: g2=0.098 g3=0.099 g4=0.092 g5=0.095
2026-08-30 19:25:12 - train: epoch 29, iter:0, loss: 1.2574, lr: 0.0009788731512783728
2026-08-30 19:25:17 - train: epoch 29, iter:20, loss: 0.9605, lr: 0.0009788731512783728
2026-08-30 19:25:37 - val epoch: 29, loss: 1.1469
2026-08-30 19:25:37 - train gamma: g2=0.098 g3=0.099 g4=0.092 g5=0.095
2026-08-30 19:25:40 - train: epoch 30, iter:0, loss: 0.9745, lr: 0.0009773489626155566
2026-08-30 19:25:45 - train: epoch 30, iter:20, loss: 0.8388, lr: 0.0009773489626155566
2026-08-30 19:26:09 - val epoch: 30, loss: 0.9508, miou: 0.7571746197901235, f1_or_dsc: 0.8618091921684599, accuracy: 0.9323962938667524,                 specificity: 0.9537535877110278, sensitivity: 0.8660134367335628, confusion_matrix: [[38210704  1852793]
 [ 1727032 11162559]]
2026-08-30 19:26:09 - train gamma: g2=0.098 g3=0.099 g4=0.092 g5=0.094
2026-08-30 19:26:11 - train: epoch 31, iter:0, loss: 1.0158, lr: 0.0009757729755661006
2026-08-30 19:26:16 - train: epoch 31, iter:20, loss: 0.7693, lr: 0.0009757729755661006
2026-08-30 19:26:37 - val epoch: 31, loss: 0.9221
2026-08-30 19:26:37 - train gamma: g2=0.098 g3=0.099 g4=0.091 g5=0.094
2026-08-30 19:26:38 - train: epoch 32, iter:0, loss: 0.7523, lr: 0.0009741453629547445
2026-08-30 19:26:44 - train: epoch 32, iter:20, loss: 0.8482, lr: 0.0009741453629547445
2026-08-30 19:27:04 - val epoch: 32, loss: 0.9659
2026-08-30 19:27:04 - train gamma: g2=0.098 g3=0.099 g4=0.092 g5=0.094
2026-08-30 19:27:06 - train: epoch 33, iter:0, loss: 0.6993, lr: 0.0009724663032675527
2026-08-30 19:27:11 - train: epoch 33, iter:20, loss: 0.8609, lr: 0.0009724663032675527
2026-08-30 19:27:31 - val epoch: 33, loss: 0.9188
2026-08-30 19:27:31 - train gamma: g2=0.098 g3=0.099 g4=0.091 g5=0.094
2026-08-30 19:27:33 - train: epoch 34, iter:0, loss: 0.6946, lr: 0.0009707359806323412
2026-08-30 19:27:39 - train: epoch 34, iter:20, loss: 0.8395, lr: 0.0009707359806323412
2026-08-30 19:27:59 - val epoch: 34, loss: 0.9172
2026-08-30 19:27:59 - train gamma: g2=0.098 g3=0.099 g4=0.091 g5=0.093
2026-08-30 19:28:01 - train: epoch 35, iter:0, loss: 0.7111, lr: 0.0009689545847984858
2026-08-30 19:28:06 - train: epoch 35, iter:20, loss: 0.7942, lr: 0.0009689545847984858
2026-08-30 19:28:26 - val epoch: 35, loss: 0.9006
2026-08-30 19:28:26 - train gamma: g2=0.098 g3=0.099 g4=0.091 g5=0.093
2026-08-30 19:28:28 - train: epoch 36, iter:0, loss: 0.7745, lr: 0.0009671223111161144
2026-08-30 19:28:34 - train: epoch 36, iter:20, loss: 0.7866, lr: 0.0009671223111161144
2026-08-30 19:28:54 - val epoch: 36, loss: 1.0660
2026-08-30 19:28:54 - train gamma: g2=0.098 g3=0.100 g4=0.091 g5=0.093
2026-08-30 19:28:56 - train: epoch 37, iter:0, loss: 0.9154, lr: 0.000965239360514684
2026-08-30 19:29:02 - train: epoch 37, iter:20, loss: 0.7718, lr: 0.000965239360514684
2026-08-30 19:29:22 - val epoch: 37, loss: 0.8998
2026-08-30 19:29:22 - train gamma: g2=0.098 g3=0.100 g4=0.092 g5=0.093
2026-08-30 19:29:24 - train: epoch 38, iter:0, loss: 0.6803, lr: 0.000963305939480947
2026-08-30 19:29:29 - train: epoch 38, iter:20, loss: 0.7797, lr: 0.000963305939480947
2026-08-30 19:29:49 - val epoch: 38, loss: 0.9101
2026-08-30 19:29:49 - train gamma: g2=0.098 g3=0.100 g4=0.091 g5=0.093
2026-08-30 19:29:51 - train: epoch 39, iter:0, loss: 0.6642, lr: 0.0009613222600363074
2026-08-30 19:29:57 - train: epoch 39, iter:20, loss: 0.7506, lr: 0.0009613222600363074
2026-08-30 19:30:17 - val epoch: 39, loss: 1.0215
2026-08-30 19:30:17 - train gamma: g2=0.098 g3=0.099 g4=0.091 g5=0.093
2026-08-30 19:30:19 - train: epoch 40, iter:0, loss: 0.8602, lr: 0.0009592885397135703
2026-08-30 19:30:25 - train: epoch 40, iter:20, loss: 0.7483, lr: 0.0009592885397135703
2026-08-30 19:30:45 - val epoch: 40, loss: 0.9582
2026-08-30 19:30:45 - train gamma: g2=0.098 g3=0.100 g4=0.091 g5=0.092
2026-08-30 19:30:47 - train: epoch 41, iter:0, loss: 0.7508, lr: 0.0009572050015330871
2026-08-30 19:30:52 - train: epoch 41, iter:20, loss: 0.7802, lr: 0.0009572050015330871
2026-08-30 19:31:12 - val epoch: 41, loss: 0.8981
2026-08-30 19:31:12 - train gamma: g2=0.098 g3=0.099 g4=0.091 g5=0.092
2026-08-30 19:31:14 - train: epoch 42, iter:0, loss: 0.7161, lr: 0.0009550718739782986
2026-08-30 19:31:20 - train: epoch 42, iter:20, loss: 0.8166, lr: 0.0009550718739782986
2026-08-30 19:31:40 - val epoch: 42, loss: 0.9469
2026-08-30 19:31:40 - train gamma: g2=0.098 g3=0.100 g4=0.091 g5=0.092
2026-08-30 19:31:42 - train: epoch 43, iter:0, loss: 0.6917, lr: 0.0009528893909706794
2026-08-30 19:31:48 - train: epoch 43, iter:20, loss: 0.7575, lr: 0.0009528893909706794
2026-08-30 19:32:08 - val epoch: 43, loss: 1.0251
2026-08-30 19:32:08 - train gamma: g2=0.098 g3=0.100 g4=0.091 g5=0.092
2026-08-30 19:32:10 - train: epoch 44, iter:0, loss: 0.5575, lr: 0.0009506577918440856
2026-08-30 19:32:15 - train: epoch 44, iter:20, loss: 0.7314, lr: 0.0009506577918440856
2026-08-30 19:32:36 - val epoch: 44, loss: 0.8927
2026-08-30 19:32:36 - train gamma: g2=0.098 g3=0.100 g4=0.091 g5=0.092
2026-08-30 19:32:38 - train: epoch 45, iter:0, loss: 0.6940, lr: 0.000948377321318509
2026-08-30 19:32:43 - train: epoch 45, iter:20, loss: 0.7744, lr: 0.000948377321318509
2026-08-30 19:33:03 - val epoch: 45, loss: 0.8622
2026-08-30 19:33:03 - train gamma: g2=0.098 g3=0.100 g4=0.091 g5=0.092
2026-08-30 19:33:05 - train: epoch 46, iter:0, loss: 0.7795, lr: 0.0009460482294732416
2026-08-30 19:33:11 - train: epoch 46, iter:20, loss: 0.7587, lr: 0.0009460482294732416
2026-08-30 19:33:31 - val epoch: 46, loss: 0.9166
2026-08-30 19:33:31 - train gamma: g2=0.098 g3=0.100 g4=0.091 g5=0.092
2026-08-30 19:33:33 - train: epoch 47, iter:0, loss: 1.0298, lr: 0.0009436707717194508
2026-08-30 19:33:39 - train: epoch 47, iter:20, loss: 0.7498, lr: 0.0009436707717194508
2026-08-30 19:33:59 - val epoch: 47, loss: 0.9871
2026-08-30 19:33:59 - train gamma: g2=0.098 g3=0.100 g4=0.090 g5=0.092
2026-08-30 19:34:01 - train: epoch 48, iter:0, loss: 0.5650, lr: 0.0009412452087721706
2026-08-30 19:34:06 - train: epoch 48, iter:20, loss: 0.7288, lr: 0.0009412452087721706
2026-08-30 19:34:26 - val epoch: 48, loss: 0.9206
2026-08-30 19:34:26 - train gamma: g2=0.098 g3=0.100 g4=0.091 g5=0.092
2026-08-30 19:34:29 - train: epoch 49, iter:0, loss: 0.6899, lr: 0.000938771806621712
2026-08-30 19:34:34 - train: epoch 49, iter:20, loss: 0.6953, lr: 0.000938771806621712
2026-08-30 19:34:54 - val epoch: 49, loss: 0.9617
2026-08-30 19:34:54 - train gamma: g2=0.098 g3=0.100 g4=0.091 g5=0.092
2026-08-30 19:34:56 - train: epoch 50, iter:0, loss: 0.5452, lr: 0.0009362508365044934
2026-08-30 19:35:02 - train: epoch 50, iter:20, loss: 0.7194, lr: 0.0009362508365044934
2026-08-30 19:35:22 - val epoch: 50, loss: 0.9174
2026-08-30 19:35:22 - train gamma: g2=0.098 g3=0.100 g4=0.091 g5=0.091
2026-08-30 19:35:24 - train: epoch 51, iter:0, loss: 0.7689, lr: 0.0009336825748732968
2026-08-30 19:35:29 - train: epoch 51, iter:20, loss: 0.7633, lr: 0.0009336825748732968
2026-08-30 19:35:50 - val epoch: 51, loss: 1.1065
2026-08-30 19:35:50 - train gamma: g2=0.098 g3=0.100 g4=0.091 g5=0.091
2026-08-30 19:35:52 - train: epoch 52, iter:0, loss: 0.9450, lr: 0.0009310673033669517
2026-08-30 19:35:57 - train: epoch 52, iter:20, loss: 0.7542, lr: 0.0009310673033669517
2026-08-30 19:36:18 - val epoch: 52, loss: 1.0944
2026-08-30 19:36:18 - train gamma: g2=0.098 g3=0.100 g4=0.091 g5=0.091
2026-08-30 19:36:20 - train: epoch 53, iter:0, loss: 0.7857, lr: 0.0009284053087794505
2026-08-30 19:36:25 - train: epoch 53, iter:20, loss: 0.7580, lr: 0.0009284053087794505
2026-08-30 19:36:45 - val epoch: 53, loss: 0.9124
2026-08-30 19:36:45 - train gamma: g2=0.098 g3=0.100 g4=0.091 g5=0.091
2026-08-30 19:36:47 - train: epoch 54, iter:0, loss: 0.5708, lr: 0.0009256968830284974
2026-08-30 19:36:52 - train: epoch 54, iter:20, loss: 0.7229, lr: 0.0009256968830284974
2026-08-30 19:37:12 - val epoch: 54, loss: 0.9153
2026-08-30 19:37:12 - train gamma: g2=0.098 g3=0.100 g4=0.091 g5=0.090
2026-08-30 19:37:14 - train: epoch 55, iter:0, loss: 0.5749, lr: 0.0009229423231234972
2026-08-30 19:37:20 - train: epoch 55, iter:20, loss: 0.7004, lr: 0.0009229423231234972
2026-08-30 19:37:40 - val epoch: 55, loss: 0.8440
2026-08-30 19:37:40 - train gamma: g2=0.098 g3=0.100 g4=0.091 g5=0.090
2026-08-30 19:37:42 - train: epoch 56, iter:0, loss: 0.6400, lr: 0.0009201419311329846
2026-08-30 19:37:48 - train: epoch 56, iter:20, loss: 0.7309, lr: 0.0009201419311329846
2026-08-30 19:38:08 - val epoch: 56, loss: 0.8871
2026-08-30 19:38:08 - train gamma: g2=0.098 g3=0.100 g4=0.090 g5=0.090
2026-08-30 19:38:10 - train: epoch 57, iter:0, loss: 0.6676, lr: 0.0009172960141514989
2026-08-30 19:38:15 - train: epoch 57, iter:20, loss: 0.7060, lr: 0.0009172960141514989
2026-08-30 19:38:35 - val epoch: 57, loss: 0.9506
2026-08-30 19:38:35 - train gamma: g2=0.098 g3=0.100 g4=0.090 g5=0.090
2026-08-30 19:38:38 - train: epoch 58, iter:0, loss: 0.7870, lr: 0.0009144048842659077
2026-08-30 19:38:43 - train: epoch 58, iter:20, loss: 0.7830, lr: 0.0009144048842659077
2026-08-30 19:39:03 - val epoch: 58, loss: 0.9340
2026-08-30 19:39:03 - train gamma: g2=0.098 g3=0.100 g4=0.090 g5=0.090
2026-08-30 19:39:05 - train: epoch 59, iter:0, loss: 0.6568, lr: 0.0009114688585211832
2026-08-30 19:39:10 - train: epoch 59, iter:20, loss: 0.6900, lr: 0.0009114688585211832
2026-08-30 19:39:30 - val epoch: 59, loss: 0.9459
2026-08-30 19:39:30 - train gamma: g2=0.098 g3=0.100 g4=0.091 g5=0.090
2026-08-30 19:39:32 - train: epoch 60, iter:0, loss: 0.6235, lr: 0.0009084882588856339
2026-08-30 19:39:38 - train: epoch 60, iter:20, loss: 0.7069, lr: 0.0009084882588856339
2026-08-30 19:40:01 - val epoch: 60, loss: 0.9900, miou: 0.7430374807927104, f1_or_dsc: 0.8525777431415723, accuracy: 0.9335856862587504,                 specificity: 0.9801160892170746, sensitivity: 0.7889596341730316, confusion_matrix: [[39266878   796619]
 [ 2720224 10169367]]
2026-08-30 19:40:02 - train gamma: g2=0.098 g3=0.100 g4=0.091 g5=0.090
2026-08-30 19:40:04 - train: epoch 61, iter:0, loss: 0.5939, lr: 0.0009054634122155986
2026-08-30 19:40:09 - train: epoch 61, iter:20, loss: 0.7105, lr: 0.0009054634122155986
2026-08-30 19:40:29 - val epoch: 61, loss: 1.0206
2026-08-30 19:40:29 - train gamma: g2=0.098 g3=0.100 g4=0.090 g5=0.089
2026-08-30 19:40:31 - train: epoch 62, iter:0, loss: 0.6866, lr: 0.0009023946502196013
2026-08-30 19:40:37 - train: epoch 62, iter:20, loss: 0.7359, lr: 0.0009023946502196013
2026-08-30 19:40:57 - val epoch: 62, loss: 0.9163
2026-08-30 19:40:57 - train gamma: g2=0.098 g3=0.100 g4=0.090 g5=0.089
2026-08-30 19:40:59 - train: epoch 63, iter:0, loss: 0.5196, lr: 0.0008992823094219767
2026-08-30 19:41:04 - train: epoch 63, iter:20, loss: 0.7119, lr: 0.0008992823094219767
2026-08-30 19:41:24 - val epoch: 63, loss: 0.8560
2026-08-30 19:41:24 - train gamma: g2=0.098 g3=0.100 g4=0.090 g5=0.089
2026-08-30 19:41:26 - train: epoch 64, iter:0, loss: 0.7990, lr: 0.0008961267311259662
2026-08-30 19:41:32 - train: epoch 64, iter:20, loss: 0.6807, lr: 0.0008961267311259662
2026-08-30 19:41:52 - val epoch: 64, loss: 0.9060
2026-08-30 19:41:52 - train gamma: g2=0.098 g3=0.100 g4=0.090 g5=0.089
2026-08-30 19:41:54 - train: epoch 65, iter:0, loss: 0.6610, lr: 0.0008929282613762903
2026-08-30 19:41:59 - train: epoch 65, iter:20, loss: 0.6809, lr: 0.0008929282613762903
2026-08-30 19:42:19 - val epoch: 65, loss: 0.8890
2026-08-30 19:42:19 - train gamma: g2=0.098 g3=0.101 g4=0.090 g5=0.089
2026-08-30 19:42:21 - train: epoch 66, iter:0, loss: 0.6930, lr: 0.0008896872509212002
2026-08-30 19:42:27 - train: epoch 66, iter:20, loss: 0.7059, lr: 0.0008896872509212002
2026-08-30 19:42:47 - val epoch: 66, loss: 0.9103
2026-08-30 19:42:47 - train gamma: g2=0.098 g3=0.100 g4=0.090 g5=0.089
2026-08-30 19:42:49 - train: epoch 67, iter:0, loss: 0.6960, lr: 0.0008864040551740152
2026-08-30 19:42:54 - train: epoch 67, iter:20, loss: 0.6713, lr: 0.0008864040551740152
2026-08-30 19:43:14 - val epoch: 67, loss: 0.9788
2026-08-30 19:43:14 - train gamma: g2=0.098 g3=0.101 g4=0.090 g5=0.089
2026-08-30 19:43:16 - train: epoch 68, iter:0, loss: 0.7707, lr: 0.0008830790341741476
2026-08-30 19:43:21 - train: epoch 68, iter:20, loss: 0.7346, lr: 0.0008830790341741476
2026-08-30 19:43:41 - val epoch: 68, loss: 0.9338
2026-08-30 19:43:41 - train gamma: g2=0.098 g3=0.101 g4=0.090 g5=0.088
2026-08-30 19:43:44 - train: epoch 69, iter:0, loss: 0.7233, lr: 0.000879712552547619
2026-08-30 19:43:49 - train: epoch 69, iter:20, loss: 0.6758, lr: 0.000879712552547619
2026-08-30 19:44:09 - val epoch: 69, loss: 0.8728
2026-08-30 19:44:09 - train gamma: g2=0.098 g3=0.101 g4=0.090 g5=0.088
2026-08-30 19:44:11 - train: epoch 70, iter:0, loss: 0.6684, lr: 0.0008763049794670771
2026-08-30 19:44:17 - train: epoch 70, iter:20, loss: 0.6536, lr: 0.0008763049794670771
2026-08-30 19:44:37 - val epoch: 70, loss: 0.9191
2026-08-30 19:44:37 - train gamma: g2=0.098 g3=0.101 g4=0.090 g5=0.088
2026-08-30 19:44:39 - train: epoch 71, iter:0, loss: 0.6130, lr: 0.0008728566886113098
2026-08-30 19:44:44 - train: epoch 71, iter:20, loss: 0.6394, lr: 0.0008728566886113098
2026-08-30 19:45:04 - val epoch: 71, loss: 0.8688
2026-08-30 19:45:04 - train gamma: g2=0.098 g3=0.101 g4=0.090 g5=0.088
2026-08-30 19:45:06 - train: epoch 72, iter:0, loss: 0.8761, lr: 0.000869368058124268
2026-08-30 19:45:12 - train: epoch 72, iter:20, loss: 0.6812, lr: 0.000869368058124268
2026-08-30 19:45:32 - val epoch: 72, loss: 0.9021
2026-08-30 19:45:32 - train gamma: g2=0.098 g3=0.101 g4=0.090 g5=0.088
2026-08-30 19:45:34 - train: epoch 73, iter:0, loss: 0.6514, lr: 0.0008658394705735983
2026-08-30 19:45:39 - train: epoch 73, iter:20, loss: 0.7423, lr: 0.0008658394705735983
2026-08-30 19:46:00 - val epoch: 73, loss: 0.9177
2026-08-30 19:46:00 - train gamma: g2=0.099 g3=0.101 g4=0.090 g5=0.088
2026-08-30 19:46:02 - train: epoch 74, iter:0, loss: 0.7539, lr: 0.0008622713129086888
2026-08-30 19:46:07 - train: epoch 74, iter:20, loss: 0.7114, lr: 0.0008622713129086888
2026-08-30 19:46:28 - val epoch: 74, loss: 0.8848
2026-08-30 19:46:28 - train gamma: g2=0.098 g3=0.101 g4=0.090 g5=0.088
2026-08-30 19:46:30 - train: epoch 75, iter:0, loss: 0.6633, lr: 0.0008586639764182372
2026-08-30 19:46:35 - train: epoch 75, iter:20, loss: 0.6857, lr: 0.0008586639764182372
2026-08-30 19:46:55 - val epoch: 75, loss: 0.8496
2026-08-30 19:46:55 - train gamma: g2=0.098 g3=0.101 g4=0.090 g5=0.088
2026-08-30 19:46:57 - train: epoch 76, iter:0, loss: 0.8362, lr: 0.0008550178566873405
2026-08-30 19:47:03 - train: epoch 76, iter:20, loss: 0.7027, lr: 0.0008550178566873405
2026-08-30 19:47:23 - val epoch: 76, loss: 0.8872
2026-08-30 19:47:23 - train gamma: g2=0.098 g3=0.101 g4=0.090 g5=0.088
2026-08-30 19:47:25 - train: epoch 77, iter:0, loss: 0.6891, lr: 0.0008513333535541156
2026-08-30 19:47:30 - train: epoch 77, iter:20, loss: 0.6870, lr: 0.0008513333535541156
2026-08-30 19:47:50 - val epoch: 77, loss: 0.9308
2026-08-30 19:47:50 - train gamma: g2=0.098 g3=0.101 g4=0.090 g5=0.088
2026-08-30 19:47:52 - train: epoch 78, iter:0, loss: 0.6278, lr: 0.0008476108710658509
2026-08-30 19:47:58 - train: epoch 78, iter:20, loss: 0.6508, lr: 0.0008476108710658509
2026-08-30 19:48:18 - val epoch: 78, loss: 0.9467
2026-08-30 19:48:18 - train gamma: g2=0.098 g3=0.101 g4=0.090 g5=0.088
2026-08-30 19:48:20 - train: epoch 79, iter:0, loss: 0.5350, lr: 0.0008438508174347005
2026-08-30 19:48:25 - train: epoch 79, iter:20, loss: 0.6696, lr: 0.0008438508174347005
2026-08-30 19:48:46 - val epoch: 79, loss: 0.8879
2026-08-30 19:48:46 - train gamma: g2=0.098 g3=0.101 g4=0.090 g5=0.088
2026-08-30 19:48:48 - train: epoch 80, iter:0, loss: 0.4914, lr: 0.0008400536049929166
2026-08-30 19:48:53 - train: epoch 80, iter:20, loss: 0.6584, lr: 0.0008400536049929166
2026-08-30 19:49:13 - val epoch: 80, loss: 0.8271
2026-08-30 19:49:13 - train gamma: g2=0.098 g3=0.101 g4=0.090 g5=0.088
2026-08-30 19:49:16 - train: epoch 81, iter:0, loss: 0.6619, lr: 0.0008362196501476343
2026-08-30 19:49:21 - train: epoch 81, iter:20, loss: 0.6660, lr: 0.0008362196501476343
2026-08-30 19:49:41 - val epoch: 81, loss: 0.9139
2026-08-30 19:49:41 - train gamma: g2=0.098 g3=0.101 g4=0.089 g5=0.088
2026-08-30 19:49:43 - train: epoch 82, iter:0, loss: 0.6696, lr: 0.0008323493733352072
2026-08-30 19:49:48 - train: epoch 82, iter:20, loss: 0.6642, lr: 0.0008323493733352072
2026-08-30 19:50:09 - val epoch: 82, loss: 0.8949
2026-08-30 19:50:09 - train gamma: g2=0.098 g3=0.101 g4=0.089 g5=0.088
2026-08-30 19:50:11 - train: epoch 83, iter:0, loss: 0.5981, lr: 0.0008284431989751018
2026-08-30 19:50:17 - train: epoch 83, iter:20, loss: 0.6465, lr: 0.0008284431989751018
2026-08-30 19:50:37 - val epoch: 83, loss: 0.8868
2026-08-30 19:50:37 - train gamma: g2=0.098 g3=0.101 g4=0.089 g5=0.088
2026-08-30 19:50:39 - train: epoch 84, iter:0, loss: 0.7377, lr: 0.000824501555423355
2026-08-30 19:50:44 - train: epoch 84, iter:20, loss: 0.6479, lr: 0.000824501555423355
2026-08-30 19:51:04 - val epoch: 84, loss: 0.8934
2026-08-30 19:51:04 - train gamma: g2=0.099 g3=0.101 g4=0.089 g5=0.088
2026-08-30 19:51:06 - train: epoch 85, iter:0, loss: 0.7227, lr: 0.0008205248749256009
2026-08-30 19:51:12 - train: epoch 85, iter:20, loss: 0.6609, lr: 0.0008205248749256009
2026-08-30 19:51:32 - val epoch: 85, loss: 0.8679
2026-08-30 19:51:32 - train gamma: g2=0.098 g3=0.101 g4=0.089 g5=0.088
2026-08-30 19:51:34 - train: epoch 86, iter:0, loss: 0.4913, lr: 0.000816513593569669
2026-08-30 19:51:39 - train: epoch 86, iter:20, loss: 0.6631, lr: 0.000816513593569669
2026-08-30 19:51:59 - val epoch: 86, loss: 1.0337
2026-08-30 19:51:59 - train gamma: g2=0.098 g3=0.101 g4=0.089 g5=0.088
2026-08-30 19:52:01 - train: epoch 87, iter:0, loss: 0.9397, lr: 0.0008124681512377632
2026-08-30 19:52:07 - train: epoch 87, iter:20, loss: 0.6698, lr: 0.0008124681512377632
2026-08-30 19:52:27 - val epoch: 87, loss: 0.8320
2026-08-30 19:52:27 - train gamma: g2=0.099 g3=0.101 g4=0.089 g5=0.088
2026-08-30 19:52:29 - train: epoch 88, iter:0, loss: 0.8021, lr: 0.000808388991558223
2026-08-30 19:52:34 - train: epoch 88, iter:20, loss: 0.6692, lr: 0.000808388991558223
2026-08-30 19:52:54 - val epoch: 88, loss: 0.9282
2026-08-30 19:52:54 - train gamma: g2=0.099 g3=0.101 g4=0.089 g5=0.088
2026-08-30 19:52:56 - train: epoch 89, iter:0, loss: 0.5852, lr: 0.0008042765618568752
2026-08-30 19:53:02 - train: epoch 89, iter:20, loss: 0.6559, lr: 0.0008042765618568752
2026-08-30 19:53:22 - val epoch: 89, loss: 0.9617
2026-08-30 19:53:22 - train gamma: g2=0.099 g3=0.101 g4=0.089 g5=0.088
2026-08-30 19:53:24 - train: epoch 90, iter:0, loss: 0.6272, lr: 0.0008001313131079794
2026-08-30 19:53:29 - train: epoch 90, iter:20, loss: 0.6410, lr: 0.0008001313131079794
2026-08-30 19:53:53 - val epoch: 90, loss: 0.8538, miou: 0.778874561472026, f1_or_dsc: 0.8756936305025399, accuracy: 0.9402833315405515,                 specificity: 0.9647857000600821, sensitivity: 0.8641249361597276, confusion_matrix: [[38652689  1410808]
 [ 1751374 11138217]]
2026-08-30 19:53:53 - train gamma: g2=0.099 g3=0.101 g4=0.089 g5=0.088
2026-08-30 19:53:55 - train: epoch 91, iter:0, loss: 0.6780, lr: 0.0007959536998847737
2026-08-30 19:54:01 - train: epoch 91, iter:20, loss: 0.6572, lr: 0.0007959536998847737
2026-08-30 19:54:21 - val epoch: 91, loss: 0.9319
2026-08-30 19:54:21 - train gamma: g2=0.099 g3=0.101 g4=0.089 g5=0.088
2026-08-30 19:54:22 - train: epoch 92, iter:0, loss: 0.4361, lr: 0.0007917441803096255
2026-08-30 19:54:28 - train: epoch 92, iter:20, loss: 0.6267, lr: 0.0007917441803096255
2026-08-30 19:54:48 - val epoch: 92, loss: 0.9613
2026-08-30 19:54:48 - train gamma: g2=0.099 g3=0.101 g4=0.089 g5=0.088
2026-08-30 19:54:50 - train: epoch 93, iter:0, loss: 0.6114, lr: 0.0007875032160037932
2026-08-30 19:54:55 - train: epoch 93, iter:20, loss: 0.6270, lr: 0.0007875032160037932
2026-08-30 19:55:15 - val epoch: 93, loss: 0.9316
2026-08-30 19:55:15 - train gamma: g2=0.099 g3=0.101 g4=0.089 g5=0.088
2026-08-30 19:55:17 - train: epoch 94, iter:0, loss: 0.6459, lr: 0.0007832312720368042
2026-08-30 19:55:23 - train: epoch 94, iter:20, loss: 0.6028, lr: 0.0007832312720368042
2026-08-30 19:55:43 - val epoch: 94, loss: 0.8471
2026-08-30 19:55:43 - train gamma: g2=0.099 g3=0.101 g4=0.089 g5=0.088
2026-08-30 19:55:45 - train: epoch 95, iter:0, loss: 0.5056, lr: 0.0007789288168754548
2026-08-30 19:55:50 - train: epoch 95, iter:20, loss: 0.6384, lr: 0.0007789288168754548
2026-08-30 19:56:10 - val epoch: 95, loss: 0.9576
2026-08-30 19:56:10 - train gamma: g2=0.099 g3=0.101 g4=0.089 g5=0.088
2026-08-30 19:56:12 - train: epoch 96, iter:0, loss: 0.6037, lr: 0.0007745963223324379
2026-08-30 19:56:18 - train: epoch 96, iter:20, loss: 0.6412, lr: 0.0007745963223324379
2026-08-30 19:56:38 - val epoch: 96, loss: 0.8744
2026-08-30 19:56:38 - train gamma: g2=0.099 g3=0.101 g4=0.089 g5=0.088
2026-08-30 19:56:40 - train: epoch 97, iter:0, loss: 0.5906, lr: 0.0007702342635146028
2026-08-30 19:56:45 - train: epoch 97, iter:20, loss: 0.6148, lr: 0.0007702342635146028
2026-08-30 19:57:05 - val epoch: 97, loss: 0.8566
2026-08-30 19:57:05 - train gamma: g2=0.099 g3=0.101 g4=0.089 g5=0.088
2026-08-30 19:57:08 - train: epoch 98, iter:0, loss: 0.5701, lr: 0.000765843118770855
2026-08-30 19:57:13 - train: epoch 98, iter:20, loss: 0.6133, lr: 0.000765843118770855
2026-08-30 19:57:33 - val epoch: 98, loss: 0.8236
2026-08-30 19:57:33 - train gamma: g2=0.099 g3=0.102 g4=0.089 g5=0.088
2026-08-30 19:57:36 - train: epoch 99, iter:0, loss: 0.5556, lr: 0.0007614233696396991
2026-08-30 19:57:41 - train: epoch 99, iter:20, loss: 0.6207, lr: 0.0007614233696396991
2026-08-30 19:58:01 - val epoch: 99, loss: 0.8335
2026-08-30 19:58:01 - train gamma: g2=0.099 g3=0.101 g4=0.089 g5=0.088
2026-08-30 19:58:03 - train: epoch 100, iter:0, loss: 0.5758, lr: 0.0007569755007964334
2026-08-30 19:58:09 - train: epoch 100, iter:20, loss: 0.6372, lr: 0.0007569755007964334
2026-08-30 19:58:29 - val epoch: 100, loss: 0.8489
2026-08-30 19:58:29 - train gamma: g2=0.099 g3=0.101 g4=0.089 g5=0.088
2026-08-30 19:58:31 - train: epoch 101, iter:0, loss: 0.5664, lr: 0.0007524999999999996
2026-08-30 19:58:36 - train: epoch 101, iter:20, loss: 0.6112, lr: 0.0007524999999999996
2026-08-30 19:58:56 - val epoch: 101, loss: 0.9273
2026-08-30 19:58:56 - train gamma: g2=0.099 g3=0.102 g4=0.089 g5=0.087
2026-08-30 19:58:58 - train: epoch 102, iter:0, loss: 0.7916, lr: 0.0007479973580394943
2026-08-30 19:59:04 - train: epoch 102, iter:20, loss: 0.6248, lr: 0.0007479973580394943
2026-08-30 19:59:24 - val epoch: 102, loss: 0.9045
2026-08-30 19:59:24 - train gamma: g2=0.099 g3=0.102 g4=0.089 g5=0.087
2026-08-30 19:59:26 - train: epoch 103, iter:0, loss: 0.5984, lr: 0.0007434680686803487
2026-08-30 19:59:31 - train: epoch 103, iter:20, loss: 0.6419, lr: 0.0007434680686803487
2026-08-30 19:59:51 - val epoch: 103, loss: 0.8197
2026-08-30 19:59:51 - train gamma: g2=0.099 g3=0.102 g4=0.089 g5=0.087
2026-08-30 19:59:53 - train: epoch 104, iter:0, loss: 0.6837, lr: 0.0007389126286101815
2026-08-30 19:59:59 - train: epoch 104, iter:20, loss: 0.6379, lr: 0.0007389126286101815
2026-08-30 20:00:19 - val epoch: 104, loss: 0.8441
2026-08-30 20:00:19 - train gamma: g2=0.099 g3=0.102 g4=0.089 g5=0.088
2026-08-30 20:00:21 - train: epoch 105, iter:0, loss: 0.6141, lr: 0.0007343315373843313
2026-08-30 20:00:27 - train: epoch 105, iter:20, loss: 0.6330, lr: 0.0007343315373843313
2026-08-30 20:00:47 - val epoch: 105, loss: 0.8400
2026-08-30 20:00:47 - train gamma: g2=0.099 g3=0.102 g4=0.089 g5=0.088
2026-08-30 20:00:49 - train: epoch 106, iter:0, loss: 0.7285, lr: 0.0007297252973710753
2026-08-30 20:00:54 - train: epoch 106, iter:20, loss: 0.5997, lr: 0.0007297252973710753
2026-08-30 20:01:14 - val epoch: 106, loss: 0.8836
2026-08-30 20:01:14 - train gamma: g2=0.099 g3=0.102 g4=0.089 g5=0.088
2026-08-30 20:01:16 - train: epoch 107, iter:0, loss: 0.4958, lr: 0.0007250944136965387
2026-08-30 20:01:22 - train: epoch 107, iter:20, loss: 0.6398, lr: 0.0007250944136965387
2026-08-30 20:01:42 - val epoch: 107, loss: 0.9152
2026-08-30 20:01:42 - train gamma: g2=0.099 g3=0.102 g4=0.089 g5=0.088
2026-08-30 20:01:45 - train: epoch 108, iter:0, loss: 0.5070, lr: 0.0007204393941893019
2026-08-30 20:01:50 - train: epoch 108, iter:20, loss: 0.6203, lr: 0.0007204393941893019
2026-08-30 20:02:10 - val epoch: 108, loss: 0.8584
2026-08-30 20:02:10 - train gamma: g2=0.099 g3=0.102 g4=0.089 g5=0.088
2026-08-30 20:02:12 - train: epoch 109, iter:0, loss: 0.6316, lr: 0.0007157607493247106
2026-08-30 20:02:17 - train: epoch 109, iter:20, loss: 0.6178, lr: 0.0007157607493247106
2026-08-30 20:02:38 - val epoch: 109, loss: 0.8742
2026-08-30 20:02:38 - train gamma: g2=0.099 g3=0.102 g4=0.089 g5=0.088
2026-08-30 20:02:39 - train: epoch 110, iter:0, loss: 0.5296, lr: 0.0007110589921688983
2026-08-30 20:02:45 - train: epoch 110, iter:20, loss: 0.6163, lr: 0.0007110589921688983
2026-08-30 20:03:05 - val epoch: 110, loss: 0.8145
2026-08-30 20:03:05 - train gamma: g2=0.099 g3=0.102 g4=0.089 g5=0.088
2026-08-30 20:03:07 - train: epoch 111, iter:0, loss: 0.4488, lr: 0.0007063346383225208
2026-08-30 20:03:12 - train: epoch 111, iter:20, loss: 0.5956, lr: 0.0007063346383225208
2026-08-30 20:03:33 - val epoch: 111, loss: 0.8597
2026-08-30 20:03:33 - train gamma: g2=0.099 g3=0.102 g4=0.090 g5=0.087
2026-08-30 20:03:35 - train: epoch 112, iter:0, loss: 0.6248, lr: 0.0007015882058642161
2026-08-30 20:03:40 - train: epoch 112, iter:20, loss: 0.5766, lr: 0.0007015882058642161
2026-08-30 20:04:01 - val epoch: 112, loss: 0.8084
2026-08-30 20:04:01 - train gamma: g2=0.099 g3=0.102 g4=0.089 g5=0.087
2026-08-30 20:04:02 - train: epoch 113, iter:0, loss: 0.6769, lr: 0.0006968202152937907
2026-08-30 20:04:08 - train: epoch 113, iter:20, loss: 0.5875, lr: 0.0006968202152937907
2026-08-30 20:04:28 - val epoch: 113, loss: 0.8479
2026-08-30 20:04:28 - train gamma: g2=0.099 g3=0.102 g4=0.089 g5=0.087
2026-08-30 20:04:30 - train: epoch 114, iter:0, loss: 0.6290, lr: 0.000692031189475141
2026-08-30 20:04:36 - train: epoch 114, iter:20, loss: 0.6263, lr: 0.000692031189475141
2026-08-30 20:04:56 - val epoch: 114, loss: 0.8675
2026-08-30 20:04:56 - train gamma: g2=0.099 g3=0.102 g4=0.089 g5=0.088
2026-08-30 20:04:58 - train: epoch 115, iter:0, loss: 0.5432, lr: 0.0006872216535789155
2026-08-30 20:05:04 - train: epoch 115, iter:20, loss: 0.5763, lr: 0.0006872216535789155
2026-08-30 20:05:24 - val epoch: 115, loss: 0.8618
2026-08-30 20:05:24 - train gamma: g2=0.099 g3=0.102 g4=0.089 g5=0.088
2026-08-30 20:05:26 - train: epoch 116, iter:0, loss: 0.5877, lr: 0.0006823921350249233
2026-08-30 20:05:31 - train: epoch 116, iter:20, loss: 0.6341, lr: 0.0006823921350249233
2026-08-30 20:05:51 - val epoch: 116, loss: 0.9564
2026-08-30 20:05:51 - train gamma: g2=0.099 g3=0.102 g4=0.089 g5=0.087
2026-08-30 20:05:53 - train: epoch 117, iter:0, loss: 0.6517, lr: 0.0006775431634242984
2026-08-30 20:05:59 - train: epoch 117, iter:20, loss: 0.5748, lr: 0.0006775431634242984
2026-08-30 20:06:19 - val epoch: 117, loss: 0.8531
2026-08-30 20:06:19 - train gamma: g2=0.100 g3=0.102 g4=0.089 g5=0.087
2026-08-30 20:06:21 - train: epoch 118, iter:0, loss: 0.8003, lr: 0.0006726752705214191
2026-08-30 20:06:26 - train: epoch 118, iter:20, loss: 0.6376, lr: 0.0006726752705214191
2026-08-30 20:06:46 - val epoch: 118, loss: 0.8364
2026-08-30 20:06:46 - train gamma: g2=0.100 g3=0.102 g4=0.089 g5=0.087
2026-08-30 20:06:48 - train: epoch 119, iter:0, loss: 0.5857, lr: 0.0006677889901355985
2026-08-30 20:06:54 - train: epoch 119, iter:20, loss: 0.6283, lr: 0.0006677889901355985
2026-08-30 20:07:14 - val epoch: 119, loss: 0.9128
2026-08-30 20:07:14 - train gamma: g2=0.099 g3=0.102 g4=0.089 g5=0.087
2026-08-30 20:07:16 - train: epoch 120, iter:0, loss: 0.5672, lr: 0.0006628848581025445
2026-08-30 20:07:22 - train: epoch 120, iter:20, loss: 0.6220, lr: 0.0006628848581025445
2026-08-30 20:07:45 - val epoch: 120, loss: 0.7954, miou: 0.7965759423170492, f1_or_dsc: 0.8867712447375901, accuracy: 0.943761145714486,                 specificity: 0.9563222850965806, sensitivity: 0.9047185438234618, confusion_matrix: [[38313615  1749882]
 [ 1228139 11661452]]
2026-08-30 20:07:45 - train gamma: g2=0.100 g3=0.102 g4=0.089 g5=0.088
2026-08-30 20:07:47 - train: epoch 121, iter:0, loss: 0.7830, lr: 0.0006579634122155989
2026-08-30 20:07:53 - train: epoch 121, iter:20, loss: 0.5903, lr: 0.0006579634122155989
2026-08-30 20:08:13 - val epoch: 121, loss: 0.8439
2026-08-30 20:08:13 - train gamma: g2=0.100 g3=0.102 g4=0.089 g5=0.087
2026-08-30 20:08:15 - train: epoch 122, iter:0, loss: 0.5209, lr: 0.0006530251921667629
2026-08-30 20:08:20 - train: epoch 122, iter:20, loss: 0.5883, lr: 0.0006530251921667629
2026-08-30 20:08:40 - val epoch: 122, loss: 0.8525
2026-08-30 20:08:40 - train gamma: g2=0.100 g3=0.102 g4=0.089 g5=0.088
2026-08-30 20:08:43 - train: epoch 123, iter:0, loss: 0.5427, lr: 0.0006480707394875134
2026-08-30 20:08:48 - train: epoch 123, iter:20, loss: 0.6001, lr: 0.0006480707394875134
2026-08-30 20:09:08 - val epoch: 123, loss: 0.8725
2026-08-30 20:09:08 - train gamma: g2=0.100 g3=0.102 g4=0.089 g5=0.088
2026-08-30 20:09:10 - train: epoch 124, iter:0, loss: 0.5585, lr: 0.0006431005974894185
2026-08-30 20:09:15 - train: epoch 124, iter:20, loss: 0.5744, lr: 0.0006431005974894185
2026-08-30 20:09:36 - val epoch: 124, loss: 0.8688
2026-08-30 20:09:36 - train gamma: g2=0.100 g3=0.102 g4=0.089 g5=0.088
2026-08-30 20:09:37 - train: epoch 125, iter:0, loss: 0.7071, lr: 0.0006381153112045565
2026-08-30 20:09:43 - train: epoch 125, iter:20, loss: 0.6034, lr: 0.0006381153112045565
2026-08-30 20:10:03 - val epoch: 125, loss: 0.8649
2026-08-30 20:10:03 - train gamma: g2=0.100 g3=0.102 g4=0.089 g5=0.087
2026-08-30 20:10:05 - train: epoch 126, iter:0, loss: 0.7673, lr: 0.0006331154273257479
2026-08-30 20:10:10 - train: epoch 126, iter:20, loss: 0.6052, lr: 0.0006331154273257479
2026-08-30 20:10:31 - val epoch: 126, loss: 0.8329
2026-08-30 20:10:31 - train gamma: g2=0.100 g3=0.102 g4=0.089 g5=0.088
2026-08-30 20:10:33 - train: epoch 127, iter:0, loss: 0.4427, lr: 0.000628101494146603
2026-08-30 20:10:38 - train: epoch 127, iter:20, loss: 0.6171, lr: 0.000628101494146603
2026-08-30 20:10:58 - val epoch: 127, loss: 0.9523
2026-08-30 20:10:58 - train gamma: g2=0.100 g3=0.102 g4=0.090 g5=0.088
2026-08-30 20:11:00 - train: epoch 128, iter:0, loss: 0.5290, lr: 0.0006230740615013976
2026-08-30 20:11:06 - train: epoch 128, iter:20, loss: 0.6387, lr: 0.0006230740615013976
2026-08-30 20:11:26 - val epoch: 128, loss: 0.9907
2026-08-30 20:11:26 - train gamma: g2=0.100 g3=0.102 g4=0.090 g5=0.088
2026-08-30 20:11:28 - train: epoch 129, iter:0, loss: 0.7069, lr: 0.0006180336807047746
2026-08-30 20:11:33 - train: epoch 129, iter:20, loss: 0.5714, lr: 0.0006180336807047746
2026-08-30 20:11:53 - val epoch: 129, loss: 0.8393
2026-08-30 20:11:53 - train gamma: g2=0.100 g3=0.102 g4=0.090 g5=0.088
2026-08-30 20:11:55 - train: epoch 130, iter:0, loss: 0.8629, lr: 0.0006129809044912887
2026-08-30 20:12:01 - train: epoch 130, iter:20, loss: 0.5909, lr: 0.0006129809044912887
2026-08-30 20:12:21 - val epoch: 130, loss: 0.9511
2026-08-30 20:12:21 - train gamma: g2=0.100 g3=0.102 g4=0.090 g5=0.088
2026-08-30 20:12:23 - train: epoch 131, iter:0, loss: 0.6199, lr: 0.0006079162869547909
2026-08-30 20:12:29 - train: epoch 131, iter:20, loss: 0.6025, lr: 0.0006079162869547909
2026-08-30 20:12:49 - val epoch: 131, loss: 0.8918
2026-08-30 20:12:49 - train gamma: g2=0.100 g3=0.103 g4=0.090 g5=0.088
2026-08-30 20:12:51 - train: epoch 132, iter:0, loss: 0.6658, lr: 0.0006028403834876673
2026-08-30 20:12:56 - train: epoch 132, iter:20, loss: 0.5848, lr: 0.0006028403834876673
2026-08-30 20:13:16 - val epoch: 132, loss: 0.9046
2026-08-30 20:13:16 - train gamma: g2=0.100 g3=0.103 g4=0.090 g5=0.087
2026-08-30 20:13:18 - train: epoch 133, iter:0, loss: 0.5799, lr: 0.0005977537507199337
2026-08-30 20:13:24 - train: epoch 133, iter:20, loss: 0.5767, lr: 0.0005977537507199337
2026-08-30 20:13:44 - val epoch: 133, loss: 0.8159
2026-08-30 20:13:44 - train gamma: g2=0.100 g3=0.102 g4=0.090 g5=0.088
2026-08-30 20:13:46 - train: epoch 134, iter:0, loss: 0.5589, lr: 0.0005926569464581937
2026-08-30 20:13:51 - train: epoch 134, iter:20, loss: 0.5823, lr: 0.0005926569464581937
2026-08-30 20:14:11 - val epoch: 134, loss: 0.8984
2026-08-30 20:14:11 - train gamma: g2=0.100 g3=0.103 g4=0.090 g5=0.088
2026-08-30 20:14:13 - train: epoch 135, iter:0, loss: 0.6709, lr: 0.0005875505296244705
2026-08-30 20:14:19 - train: epoch 135, iter:20, loss: 0.5710, lr: 0.0005875505296244705
2026-08-30 20:14:39 - val epoch: 135, loss: 0.8354
2026-08-30 20:14:39 - train gamma: g2=0.100 g3=0.103 g4=0.090 g5=0.088
2026-08-30 20:14:40 - train: epoch 136, iter:0, loss: 0.5231, lr: 0.0005824350601949142
2026-08-30 20:14:46 - train: epoch 136, iter:20, loss: 0.5965, lr: 0.0005824350601949142
2026-08-30 20:15:06 - val epoch: 136, loss: 0.8501
2026-08-30 20:15:06 - train gamma: g2=0.100 g3=0.103 g4=0.090 g5=0.088
2026-08-30 20:15:08 - train: epoch 137, iter:0, loss: 0.5885, lr: 0.0005773110991383937
2026-08-30 20:15:13 - train: epoch 137, iter:20, loss: 0.5695, lr: 0.0005773110991383937
2026-08-30 20:15:33 - val epoch: 137, loss: 0.8510
2026-08-30 20:15:33 - train gamma: g2=0.100 g3=0.103 g4=0.090 g5=0.088
2026-08-30 20:15:35 - train: epoch 138, iter:0, loss: 0.4964, lr: 0.0005721792083549806
2026-08-30 20:15:41 - train: epoch 138, iter:20, loss: 0.5752, lr: 0.0005721792083549806
2026-08-30 20:16:01 - val epoch: 138, loss: 0.9526
2026-08-30 20:16:01 - train gamma: g2=0.100 g3=0.103 g4=0.090 g5=0.088
2026-08-30 20:16:03 - train: epoch 139, iter:0, loss: 0.8640, lr: 0.0005670399506143306
2026-08-30 20:16:09 - train: epoch 139, iter:20, loss: 0.5862, lr: 0.0005670399506143306
2026-08-30 20:16:28 - val epoch: 139, loss: 0.8028
2026-08-30 20:16:28 - train gamma: g2=0.100 g3=0.103 g4=0.091 g5=0.088
2026-08-30 20:16:30 - train: epoch 140, iter:0, loss: 0.4860, lr: 0.000561893889493969
2026-08-30 20:16:36 - train: epoch 140, iter:20, loss: 0.5549, lr: 0.000561893889493969
2026-08-30 20:16:56 - val epoch: 140, loss: 0.8511
2026-08-30 20:16:56 - train gamma: g2=0.100 g3=0.103 g4=0.090 g5=0.088
2026-08-30 20:16:58 - train: epoch 141, iter:0, loss: 0.5835, lr: 0.0005567415893174885
2026-08-30 20:17:03 - train: epoch 141, iter:20, loss: 0.5608, lr: 0.0005567415893174885
2026-08-30 20:17:23 - val epoch: 141, loss: 0.8376
2026-08-30 20:17:23 - train gamma: g2=0.100 g3=0.103 g4=0.090 g5=0.088
2026-08-30 20:17:25 - train: epoch 142, iter:0, loss: 1.1153, lr: 0.0005515836150926646
2026-08-30 20:17:31 - train: epoch 142, iter:20, loss: 0.5593, lr: 0.0005515836150926646
2026-08-30 20:17:51 - val epoch: 142, loss: 0.8061
2026-08-30 20:17:51 - train gamma: g2=0.100 g3=0.103 g4=0.090 g5=0.088
2026-08-30 20:17:53 - train: epoch 143, iter:0, loss: 0.5908, lr: 0.0005464205324494961
2026-08-30 20:17:58 - train: epoch 143, iter:20, loss: 0.6161, lr: 0.0005464205324494961
2026-08-30 20:18:18 - val epoch: 143, loss: 0.8373
2026-08-30 20:18:18 - train gamma: g2=0.100 g3=0.103 g4=0.090 g5=0.088
2026-08-30 20:18:20 - train: epoch 144, iter:0, loss: 0.6621, lr: 0.0005412529075781776
2026-08-30 20:18:26 - train: epoch 144, iter:20, loss: 0.5706, lr: 0.0005412529075781776
2026-08-30 20:18:46 - val epoch: 144, loss: 0.8247
2026-08-30 20:18:46 - train gamma: g2=0.100 g3=0.103 g4=0.091 g5=0.088
2026-08-30 20:18:48 - train: epoch 145, iter:0, loss: 0.5042, lr: 0.0005360813071670101
2026-08-30 20:18:53 - train: epoch 145, iter:20, loss: 0.5579, lr: 0.0005360813071670101
2026-08-30 20:19:13 - val epoch: 145, loss: 0.8176
2026-08-30 20:19:13 - train gamma: g2=0.100 g3=0.103 g4=0.091 g5=0.088
2026-08-30 20:19:15 - train: epoch 146, iter:0, loss: 0.5324, lr: 0.0005309062983402573
2026-08-30 20:19:20 - train: epoch 146, iter:20, loss: 0.5476, lr: 0.0005309062983402573
2026-08-30 20:19:40 - val epoch: 146, loss: 0.7979
2026-08-30 20:19:40 - train gamma: g2=0.100 g3=0.103 g4=0.090 g5=0.088
2026-08-30 20:19:43 - train: epoch 147, iter:0, loss: 0.6093, lr: 0.0005257284485959538
2026-08-30 20:19:48 - train: epoch 147, iter:20, loss: 0.5606, lr: 0.0005257284485959538
2026-08-30 20:20:08 - val epoch: 147, loss: 0.8839
2026-08-30 20:20:08 - train gamma: g2=0.100 g3=0.103 g4=0.090 g5=0.088
2026-08-30 20:20:10 - train: epoch 148, iter:0, loss: 0.7085, lr: 0.0005205483257436734
2026-08-30 20:20:16 - train: epoch 148, iter:20, loss: 0.5889, lr: 0.0005205483257436734
2026-08-30 20:20:36 - val epoch: 148, loss: 0.8526
2026-08-30 20:20:36 - train gamma: g2=0.100 g3=0.103 g4=0.090 g5=0.088
2026-08-30 20:20:38 - train: epoch 149, iter:0, loss: 0.6484, lr: 0.0005153664978422616
2026-08-30 20:20:44 - train: epoch 149, iter:20, loss: 0.5648, lr: 0.0005153664978422616
2026-08-30 20:21:04 - val epoch: 149, loss: 0.8343
2026-08-30 20:21:04 - train gamma: g2=0.100 g3=0.103 g4=0.091 g5=0.088
2026-08-30 20:21:06 - train: epoch 150, iter:0, loss: 0.6107, lr: 0.0005101835331375416
2026-08-30 20:21:11 - train: epoch 150, iter:20, loss: 0.5570, lr: 0.0005101835331375416
2026-08-30 20:21:35 - val epoch: 150, loss: 0.8876, miou: 0.7685122818845761, f1_or_dsc: 0.8691059595759526, accuracy: 0.9396469947135094,                 specificity: 0.9771305535310609, sensitivity: 0.8231403928953215, confusion_matrix: [[39147267   916230]
 [ 2279648 10609943]]
2026-08-30 20:21:35 - train gamma: g2=0.100 g3=0.103 g4=0.091 g5=0.088
2026-08-30 20:21:37 - train: epoch 151, iter:0, loss: 0.4354, lr: 0.0005049999999999999
2026-08-30 20:21:42 - train: epoch 151, iter:20, loss: 0.5766, lr: 0.0005049999999999999
2026-08-30 20:22:03 - val epoch: 151, loss: 0.8550
2026-08-30 20:22:03 - train gamma: g2=0.100 g3=0.103 g4=0.091 g5=0.088
2026-08-30 20:22:04 - train: epoch 152, iter:0, loss: 0.5987, lr: 0.0004998164668624582
2026-08-30 20:22:10 - train: epoch 152, iter:20, loss: 0.5971, lr: 0.0004998164668624582
2026-08-30 20:22:30 - val epoch: 152, loss: 0.8122
2026-08-30 20:22:30 - train gamma: g2=0.100 g3=0.103 g4=0.091 g5=0.088
2026-08-30 20:22:32 - train: epoch 153, iter:0, loss: 0.7429, lr: 0.0004946335021577383
2026-08-30 20:22:38 - train: epoch 153, iter:20, loss: 0.5730, lr: 0.0004946335021577383
2026-08-30 20:22:58 - val epoch: 153, loss: 0.8995
2026-08-30 20:22:58 - train gamma: g2=0.100 g3=0.104 g4=0.091 g5=0.088
2026-08-30 20:23:00 - train: epoch 154, iter:0, loss: 0.5662, lr: 0.0004894516742563263
2026-08-30 20:23:05 - train: epoch 154, iter:20, loss: 0.5689, lr: 0.0004894516742563263
2026-08-30 20:23:25 - val epoch: 154, loss: 0.9025
2026-08-30 20:23:25 - train gamma: g2=0.100 g3=0.104 g4=0.091 g5=0.088
2026-08-30 20:23:27 - train: epoch 155, iter:0, loss: 0.6345, lr: 0.000484271551404046
2026-08-30 20:23:33 - train: epoch 155, iter:20, loss: 0.5694, lr: 0.000484271551404046
2026-08-30 20:23:53 - val epoch: 155, loss: 0.8537
2026-08-30 20:23:53 - train gamma: g2=0.101 g3=0.104 g4=0.091 g5=0.088
2026-08-30 20:23:55 - train: epoch 156, iter:0, loss: 0.4683, lr: 0.0004790937016597426
2026-08-30 20:24:01 - train: epoch 156, iter:20, loss: 0.5535, lr: 0.0004790937016597426
2026-08-30 20:24:21 - val epoch: 156, loss: 0.8693
2026-08-30 20:24:21 - train gamma: g2=0.100 g3=0.104 g4=0.091 g5=0.088
2026-08-30 20:24:23 - train: epoch 157, iter:0, loss: 0.5331, lr: 0.0004739186928329898
2026-08-30 20:24:29 - train: epoch 157, iter:20, loss: 0.5537, lr: 0.0004739186928329898
2026-08-30 20:24:49 - val epoch: 157, loss: 0.8293
2026-08-30 20:24:49 - train gamma: g2=0.101 g3=0.104 g4=0.090 g5=0.088
2026-08-30 20:24:51 - train: epoch 158, iter:0, loss: 0.5197, lr: 0.0004687470924218222
2026-08-30 20:24:56 - train: epoch 158, iter:20, loss: 0.5582, lr: 0.0004687470924218222
2026-08-30 20:25:16 - val epoch: 158, loss: 0.8042
2026-08-30 20:25:16 - train gamma: g2=0.101 g3=0.104 g4=0.090 g5=0.088
2026-08-30 20:25:18 - train: epoch 159, iter:0, loss: 0.5210, lr: 0.00046357946755050356
2026-08-30 20:25:24 - train: epoch 159, iter:20, loss: 0.5709, lr: 0.00046357946755050356
2026-08-30 20:25:44 - val epoch: 159, loss: 0.8725
2026-08-30 20:25:44 - train gamma: g2=0.101 g3=0.104 g4=0.090 g5=0.088
2026-08-30 20:25:47 - train: epoch 160, iter:0, loss: 0.4879, lr: 0.00045841638490733513
2026-08-30 20:25:52 - train: epoch 160, iter:20, loss: 0.5616, lr: 0.00045841638490733513
2026-08-30 20:26:12 - val epoch: 160, loss: 0.9024
2026-08-30 20:26:12 - train gamma: g2=0.101 g3=0.104 g4=0.090 g5=0.088
2026-08-30 20:26:14 - train: epoch 161, iter:0, loss: 0.6411, lr: 0.00045325841068251133
2026-08-30 20:26:19 - train: epoch 161, iter:20, loss: 0.5761, lr: 0.00045325841068251133
2026-08-30 20:26:40 - val epoch: 161, loss: 0.8778
2026-08-30 20:26:40 - train gamma: g2=0.101 g3=0.104 g4=0.090 g5=0.088
2026-08-30 20:26:42 - train: epoch 162, iter:0, loss: 0.4559, lr: 0.0004481061105060308
2026-08-30 20:26:47 - train: epoch 162, iter:20, loss: 0.5344, lr: 0.0004481061105060308
2026-08-30 20:27:07 - val epoch: 162, loss: 0.8774
2026-08-30 20:27:07 - train gamma: g2=0.101 g3=0.104 g4=0.091 g5=0.088
2026-08-30 20:27:09 - train: epoch 163, iter:0, loss: 0.5486, lr: 0.0004429600493856691
2026-08-30 20:27:15 - train: epoch 163, iter:20, loss: 0.5841, lr: 0.0004429600493856691
2026-08-30 20:27:35 - val epoch: 163, loss: 0.7863
2026-08-30 20:27:35 - train gamma: g2=0.101 g3=0.104 g4=0.090 g5=0.088
2026-08-30 20:27:37 - train: epoch 164, iter:0, loss: 0.5639, lr: 0.000437820791645019
2026-08-30 20:27:42 - train: epoch 164, iter:20, loss: 0.5637, lr: 0.000437820791645019
2026-08-30 20:28:03 - val epoch: 164, loss: 0.7870
2026-08-30 20:28:03 - train gamma: g2=0.101 g3=0.104 g4=0.090 g5=0.088
2026-08-30 20:28:04 - train: epoch 165, iter:0, loss: 0.4799, lr: 0.00043268890086160604
2026-08-30 20:28:10 - train: epoch 165, iter:20, loss: 0.5650, lr: 0.00043268890086160604
2026-08-30 20:28:30 - val epoch: 165, loss: 0.8175
2026-08-30 20:28:30 - train gamma: g2=0.101 g3=0.104 g4=0.090 g5=0.088
2026-08-30 20:28:32 - train: epoch 166, iter:0, loss: 0.5478, lr: 0.0004275649398050855
2026-08-30 20:28:38 - train: epoch 166, iter:20, loss: 0.5392, lr: 0.0004275649398050855
2026-08-30 20:28:58 - val epoch: 166, loss: 0.8114
2026-08-30 20:28:58 - train gamma: g2=0.101 g3=0.104 g4=0.090 g5=0.088
2026-08-30 20:29:00 - train: epoch 167, iter:0, loss: 0.5195, lr: 0.0004224494703755289
2026-08-30 20:29:05 - train: epoch 167, iter:20, loss: 0.5668, lr: 0.0004224494703755289
2026-08-30 20:29:25 - val epoch: 167, loss: 0.8179
2026-08-30 20:29:25 - train gamma: g2=0.101 g3=0.103 g4=0.091 g5=0.088
2026-08-30 20:29:28 - train: epoch 168, iter:0, loss: 0.5242, lr: 0.00041734305354180595
2026-08-30 20:29:33 - train: epoch 168, iter:20, loss: 0.5464, lr: 0.00041734305354180595
2026-08-30 20:29:53 - val epoch: 168, loss: 0.8017
2026-08-30 20:29:53 - train gamma: g2=0.101 g3=0.104 g4=0.091 g5=0.088
2026-08-30 20:29:55 - train: epoch 169, iter:0, loss: 0.5893, lr: 0.000412246249280066
2026-08-30 20:30:01 - train: epoch 169, iter:20, loss: 0.5421, lr: 0.000412246249280066
2026-08-30 20:30:21 - val epoch: 169, loss: 0.8296
2026-08-30 20:30:21 - train gamma: g2=0.101 g3=0.104 g4=0.091 g5=0.088
2026-08-30 20:30:23 - train: epoch 170, iter:0, loss: 0.5153, lr: 0.0004071596165123322
2026-08-30 20:30:28 - train: epoch 170, iter:20, loss: 0.5342, lr: 0.0004071596165123322
2026-08-30 20:30:49 - val epoch: 170, loss: 0.8882
2026-08-30 20:30:49 - train gamma: g2=0.101 g3=0.104 g4=0.091 g5=0.088
2026-08-30 20:30:51 - train: epoch 171, iter:0, loss: 0.5887, lr: 0.0004020837130452088
2026-08-30 20:30:56 - train: epoch 171, iter:20, loss: 0.5431, lr: 0.0004020837130452088
2026-08-30 20:31:16 - val epoch: 171, loss: 0.8393
2026-08-30 20:31:16 - train gamma: g2=0.101 g3=0.104 g4=0.091 g5=0.088
2026-08-30 20:31:18 - train: epoch 172, iter:0, loss: 0.4690, lr: 0.00039701909550871116
2026-08-30 20:31:23 - train: epoch 172, iter:20, loss: 0.5283, lr: 0.00039701909550871116
2026-08-30 20:31:44 - val epoch: 172, loss: 0.8112
2026-08-30 20:31:44 - train gamma: g2=0.101 g3=0.104 g4=0.091 g5=0.088
2026-08-30 20:31:45 - train: epoch 173, iter:0, loss: 0.5258, lr: 0.0003919663192952252
2026-08-30 20:31:51 - train: epoch 173, iter:20, loss: 0.5617, lr: 0.0003919663192952252
2026-08-30 20:32:11 - val epoch: 173, loss: 0.8950
2026-08-30 20:32:11 - train gamma: g2=0.101 g3=0.104 g4=0.091 g5=0.088
2026-08-30 20:32:14 - train: epoch 174, iter:0, loss: 0.5492, lr: 0.0003869259384986023
2026-08-30 20:32:19 - train: epoch 174, iter:20, loss: 0.5516, lr: 0.0003869259384986023
2026-08-30 20:32:39 - val epoch: 174, loss: 0.8072
2026-08-30 20:32:39 - train gamma: g2=0.101 g3=0.104 g4=0.091 g5=0.089
2026-08-30 20:32:41 - train: epoch 175, iter:0, loss: 0.7271, lr: 0.0003818985058533967
2026-08-30 20:32:47 - train: epoch 175, iter:20, loss: 0.5518, lr: 0.0003818985058533967
2026-08-30 20:33:07 - val epoch: 175, loss: 0.8628
2026-08-30 20:33:07 - train gamma: g2=0.101 g3=0.104 g4=0.091 g5=0.089
2026-08-30 20:33:09 - train: epoch 176, iter:0, loss: 0.5896, lr: 0.00037688457267425206
2026-08-30 20:33:15 - train: epoch 176, iter:20, loss: 0.5311, lr: 0.00037688457267425206
2026-08-30 20:33:35 - val epoch: 176, loss: 0.8127
2026-08-30 20:33:35 - train gamma: g2=0.101 g3=0.104 g4=0.091 g5=0.089
2026-08-30 20:33:36 - train: epoch 177, iter:0, loss: 0.5631, lr: 0.0003718846887954434
2026-08-30 20:33:42 - train: epoch 177, iter:20, loss: 0.5482, lr: 0.0003718846887954434
2026-08-30 20:34:02 - val epoch: 177, loss: 0.8541
2026-08-30 20:34:02 - train gamma: g2=0.101 g3=0.104 g4=0.091 g5=0.089
2026-08-30 20:34:04 - train: epoch 178, iter:0, loss: 0.3985, lr: 0.0003668994025105812
2026-08-30 20:34:09 - train: epoch 178, iter:20, loss: 0.5387, lr: 0.0003668994025105812
2026-08-30 20:34:29 - val epoch: 178, loss: 0.8723
2026-08-30 20:34:29 - train gamma: g2=0.101 g3=0.104 g4=0.091 g5=0.089
2026-08-30 20:34:32 - train: epoch 179, iter:0, loss: 0.4772, lr: 0.0003619292605124862
2026-08-30 20:34:37 - train: epoch 179, iter:20, loss: 0.5247, lr: 0.0003619292605124862
2026-08-30 20:34:57 - val epoch: 179, loss: 0.8173
2026-08-30 20:34:57 - train gamma: g2=0.101 g3=0.104 g4=0.091 g5=0.089
2026-08-30 20:34:59 - train: epoch 180, iter:0, loss: 0.6307, lr: 0.00035697480783323686
2026-08-30 20:35:05 - train: epoch 180, iter:20, loss: 0.5430, lr: 0.00035697480783323686
2026-08-30 20:35:29 - val epoch: 180, loss: 0.8274, miou: 0.7820281352389878, f1_or_dsc: 0.8776832641131225, accuracy: 0.9417680608163966,                 specificity: 0.9686245561639315, sensitivity: 0.8582925555977687, confusion_matrix: [[38806487  1257010]
 [ 1826551 11063040]]
2026-08-30 20:35:29 - train gamma: g2=0.101 g3=0.104 g4=0.091 g5=0.089
2026-08-30 20:35:31 - train: epoch 181, iter:0, loss: 0.5097, lr: 0.00035203658778440076
2026-08-30 20:35:37 - train: epoch 181, iter:20, loss: 0.5213, lr: 0.00035203658778440076
2026-08-30 20:35:57 - val epoch: 181, loss: 0.8210
2026-08-30 20:35:57 - train gamma: g2=0.101 g3=0.104 g4=0.091 g5=0.089
2026-08-30 20:35:59 - train: epoch 182, iter:0, loss: 0.4750, lr: 0.00034711514189745505
2026-08-30 20:36:04 - train: epoch 182, iter:20, loss: 0.5169, lr: 0.00034711514189745505
2026-08-30 20:36:24 - val epoch: 182, loss: 0.8344
2026-08-30 20:36:24 - train gamma: g2=0.101 g3=0.104 g4=0.091 g5=0.089
2026-08-30 20:36:26 - train: epoch 183, iter:0, loss: 0.5209, lr: 0.00034221100986440094
2026-08-30 20:36:31 - train: epoch 183, iter:20, loss: 0.5395, lr: 0.00034221100986440094
2026-08-30 20:36:52 - val epoch: 183, loss: 0.8145
2026-08-30 20:36:52 - train gamma: g2=0.101 g3=0.104 g4=0.091 g5=0.089
2026-08-30 20:36:54 - train: epoch 184, iter:0, loss: 0.5169, lr: 0.0003373247294785804
2026-08-30 20:37:00 - train: epoch 184, iter:20, loss: 0.5477, lr: 0.0003373247294785804
2026-08-30 20:37:20 - val epoch: 184, loss: 0.8187
2026-08-30 20:37:20 - train gamma: g2=0.101 g3=0.104 g4=0.091 g5=0.089
2026-08-30 20:37:22 - train: epoch 185, iter:0, loss: 0.6689, lr: 0.0003324568365757012
2026-08-30 20:37:28 - train: epoch 185, iter:20, loss: 0.5337, lr: 0.0003324568365757012
2026-08-30 20:37:48 - val epoch: 185, loss: 0.8456
2026-08-30 20:37:48 - train gamma: g2=0.101 g3=0.104 g4=0.091 g5=0.089
2026-08-30 20:37:50 - train: epoch 186, iter:0, loss: 0.4398, lr: 0.0003276078649750761
2026-08-30 20:37:56 - train: epoch 186, iter:20, loss: 0.5183, lr: 0.0003276078649750761
2026-08-30 20:38:16 - val epoch: 186, loss: 0.8109
2026-08-30 20:38:16 - train gamma: g2=0.101 g3=0.104 g4=0.091 g5=0.089
2026-08-30 20:38:17 - train: epoch 187, iter:0, loss: 0.5376, lr: 0.00032277834642108417
2026-08-30 20:38:23 - train: epoch 187, iter:20, loss: 0.5326, lr: 0.00032277834642108417
2026-08-30 20:38:43 - val epoch: 187, loss: 0.8035
2026-08-30 20:38:43 - train gamma: g2=0.101 g3=0.104 g4=0.092 g5=0.089
2026-08-30 20:38:45 - train: epoch 188, iter:0, loss: 0.4612, lr: 0.00031796881052485835
2026-08-30 20:38:51 - train: epoch 188, iter:20, loss: 0.5098, lr: 0.00031796881052485835
2026-08-30 20:39:11 - val epoch: 188, loss: 0.9024
2026-08-30 20:39:11 - train gamma: g2=0.101 g3=0.104 g4=0.091 g5=0.090
2026-08-30 20:39:12 - train: epoch 189, iter:0, loss: 0.6648, lr: 0.00031317978470620867
2026-08-30 20:39:18 - train: epoch 189, iter:20, loss: 0.5413, lr: 0.00031317978470620867
2026-08-30 20:39:39 - val epoch: 189, loss: 0.8323
2026-08-30 20:39:39 - train gamma: g2=0.101 g3=0.104 g4=0.092 g5=0.090
2026-08-30 20:39:41 - train: epoch 190, iter:0, loss: 0.4555, lr: 0.00030841179413578315
2026-08-30 20:39:46 - train: epoch 190, iter:20, loss: 0.5220, lr: 0.00030841179413578315
2026-08-30 20:40:06 - val epoch: 190, loss: 0.8816
2026-08-30 20:40:06 - train gamma: g2=0.101 g3=0.104 g4=0.092 g5=0.090
2026-08-30 20:40:08 - train: epoch 191, iter:0, loss: 0.5120, lr: 0.0003036653616774785
2026-08-30 20:40:13 - train: epoch 191, iter:20, loss: 0.5188, lr: 0.0003036653616774785
2026-08-30 20:40:33 - val epoch: 191, loss: 0.8781
2026-08-30 20:40:33 - train gamma: g2=0.101 g3=0.104 g4=0.092 g5=0.090
2026-08-30 20:40:35 - train: epoch 192, iter:0, loss: 0.5048, lr: 0.0002989410078311011
2026-08-30 20:40:41 - train: epoch 192, iter:20, loss: 0.5245, lr: 0.0002989410078311011
2026-08-30 20:41:01 - val epoch: 192, loss: 0.8131
2026-08-30 20:41:01 - train gamma: g2=0.101 g3=0.104 g4=0.092 g5=0.090
2026-08-30 20:41:03 - train: epoch 193, iter:0, loss: 0.4726, lr: 0.00029423925067528865
2026-08-30 20:41:09 - train: epoch 193, iter:20, loss: 0.5128, lr: 0.00029423925067528865
2026-08-30 20:41:29 - val epoch: 193, loss: 0.8670
2026-08-30 20:41:29 - train gamma: g2=0.101 g3=0.104 g4=0.092 g5=0.090
2026-08-30 20:41:31 - train: epoch 194, iter:0, loss: 0.5295, lr: 0.0002895606058106975
2026-08-30 20:41:36 - train: epoch 194, iter:20, loss: 0.5451, lr: 0.0002895606058106975
2026-08-30 20:41:57 - val epoch: 194, loss: 0.8422
2026-08-30 20:41:57 - train gamma: g2=0.101 g3=0.104 g4=0.092 g5=0.090
2026-08-30 20:41:59 - train: epoch 195, iter:0, loss: 0.5406, lr: 0.0002849055863034606
2026-08-30 20:42:04 - train: epoch 195, iter:20, loss: 0.5211, lr: 0.0002849055863034606
2026-08-30 20:42:24 - val epoch: 195, loss: 0.8396
2026-08-30 20:42:24 - train gamma: g2=0.101 g3=0.104 g4=0.092 g5=0.090
2026-08-30 20:42:27 - train: epoch 196, iter:0, loss: 0.6172, lr: 0.00028027470262892396
2026-08-30 20:42:32 - train: epoch 196, iter:20, loss: 0.4987, lr: 0.00028027470262892396
2026-08-30 20:42:52 - val epoch: 196, loss: 0.8369
2026-08-30 20:42:52 - train gamma: g2=0.101 g3=0.104 g4=0.092 g5=0.090
2026-08-30 20:42:54 - train: epoch 197, iter:0, loss: 0.5587, lr: 0.0002756684626156682
2026-08-30 20:42:59 - train: epoch 197, iter:20, loss: 0.5264, lr: 0.0002756684626156682
2026-08-30 20:43:19 - val epoch: 197, loss: 0.9121
2026-08-30 20:43:19 - train gamma: g2=0.101 g3=0.104 g4=0.092 g5=0.090
2026-08-30 20:43:22 - train: epoch 198, iter:0, loss: 0.4984, lr: 0.000271087371389818
2026-08-30 20:43:27 - train: epoch 198, iter:20, loss: 0.5153, lr: 0.000271087371389818
2026-08-30 20:43:47 - val epoch: 198, loss: 0.8001
2026-08-30 20:43:47 - train gamma: g2=0.101 g3=0.104 g4=0.092 g5=0.090
2026-08-30 20:43:49 - train: epoch 199, iter:0, loss: 0.4233, lr: 0.0002665319313196505
2026-08-30 20:43:54 - train: epoch 199, iter:20, loss: 0.5060, lr: 0.0002665319313196505
2026-08-30 20:44:14 - val epoch: 199, loss: 0.8217
2026-08-30 20:44:14 - train gamma: g2=0.101 g3=0.104 g4=0.092 g5=0.090
2026-08-30 20:44:17 - train: epoch 200, iter:0, loss: 0.4363, lr: 0.00026200264196050494
2026-08-30 20:44:22 - train: epoch 200, iter:20, loss: 0.5300, lr: 0.00026200264196050494
2026-08-30 20:44:42 - val epoch: 200, loss: 0.7925
2026-08-30 20:44:42 - train gamma: g2=0.101 g3=0.104 g4=0.092 g5=0.090
2026-08-30 20:44:44 - train: epoch 201, iter:0, loss: 0.4873, lr: 0.00025749999999999954
2026-08-30 20:44:50 - train: epoch 201, iter:20, loss: 0.5226, lr: 0.00025749999999999954
2026-08-30 20:45:10 - val epoch: 201, loss: 0.8193
2026-08-30 20:45:10 - train gamma: g2=0.101 g3=0.105 g4=0.092 g5=0.090
2026-08-30 20:45:12 - train: epoch 202, iter:0, loss: 0.5407, lr: 0.0002530244992035658
2026-08-30 20:45:17 - train: epoch 202, iter:20, loss: 0.5065, lr: 0.0002530244992035658
2026-08-30 20:45:37 - val epoch: 202, loss: 0.8163
2026-08-30 20:45:37 - train gamma: g2=0.101 g3=0.105 g4=0.092 g5=0.090
2026-08-30 20:45:39 - train: epoch 203, iter:0, loss: 0.5753, lr: 0.0002485766303603003
2026-08-30 20:45:45 - train: epoch 203, iter:20, loss: 0.5228, lr: 0.0002485766303603003
2026-08-30 20:46:05 - val epoch: 203, loss: 0.8376
2026-08-30 20:46:05 - train gamma: g2=0.101 g3=0.104 g4=0.092 g5=0.090
2026-08-30 20:46:07 - train: epoch 204, iter:0, loss: 0.5714, lr: 0.0002441568812291443
2026-08-30 20:46:13 - train: epoch 204, iter:20, loss: 0.5156, lr: 0.0002441568812291443
2026-08-30 20:46:33 - val epoch: 204, loss: 0.8364
2026-08-30 20:46:33 - train gamma: g2=0.101 g3=0.104 g4=0.092 g5=0.091
2026-08-30 20:46:35 - train: epoch 205, iter:0, loss: 0.6170, lr: 0.00023976573648539645
2026-08-30 20:46:41 - train: epoch 205, iter:20, loss: 0.5129, lr: 0.00023976573648539645
2026-08-30 20:47:01 - val epoch: 205, loss: 0.8164
2026-08-30 20:47:01 - train gamma: g2=0.101 g3=0.104 g4=0.092 g5=0.091
2026-08-30 20:47:03 - train: epoch 206, iter:0, loss: 0.4842, lr: 0.00023540367766756144
2026-08-30 20:47:08 - train: epoch 206, iter:20, loss: 0.5091, lr: 0.00023540367766756144
2026-08-30 20:47:29 - val epoch: 206, loss: 0.8199
2026-08-30 20:47:29 - train gamma: g2=0.101 g3=0.105 g4=0.092 g5=0.091
2026-08-30 20:47:31 - train: epoch 207, iter:0, loss: 0.5806, lr: 0.0002310711831245444
2026-08-30 20:47:36 - train: epoch 207, iter:20, loss: 0.5372, lr: 0.0002310711831245444
2026-08-30 20:47:57 - val epoch: 207, loss: 0.8152
2026-08-30 20:47:57 - train gamma: g2=0.101 g3=0.105 g4=0.092 g5=0.091
2026-08-30 20:47:59 - train: epoch 208, iter:0, loss: 0.4394, lr: 0.00022676872796319514
2026-08-30 20:48:04 - train: epoch 208, iter:20, loss: 0.5111, lr: 0.00022676872796319514
2026-08-30 20:48:25 - val epoch: 208, loss: 0.8215
2026-08-30 20:48:25 - train gamma: g2=0.101 g3=0.105 g4=0.092 g5=0.091
2026-08-30 20:48:26 - train: epoch 209, iter:0, loss: 0.7744, lr: 0.00022249678399620604
2026-08-30 20:48:32 - train: epoch 209, iter:20, loss: 0.5108, lr: 0.00022249678399620604
2026-08-30 20:48:52 - val epoch: 209, loss: 0.8072
2026-08-30 20:48:52 - train gamma: g2=0.101 g3=0.105 g4=0.092 g5=0.091
2026-08-30 20:48:54 - train: epoch 210, iter:0, loss: 0.5260, lr: 0.0002182558196903736
2026-08-30 20:48:59 - train: epoch 210, iter:20, loss: 0.5234, lr: 0.0002182558196903736
2026-08-30 20:49:23 - val epoch: 210, loss: 0.8213, miou: 0.7858904299925366, f1_or_dsc: 0.8801104667947863, accuracy: 0.9423519361137164,                 specificity: 0.965859295807353, sensitivity: 0.8692862325887609, confusion_matrix: [[38695701  1367796]
 [ 1684847 11204744]]
2026-08-30 20:49:23 - train gamma: g2=0.102 g3=0.105 g4=0.092 g5=0.091
2026-08-30 20:49:25 - train: epoch 211, iter:0, loss: 0.6314, lr: 0.00021404630011522552
2026-08-30 20:49:31 - train: epoch 211, iter:20, loss: 0.5153, lr: 0.00021404630011522552
2026-08-30 20:49:51 - val epoch: 211, loss: 0.8343
2026-08-30 20:49:51 - train gamma: g2=0.102 g3=0.105 g4=0.092 g5=0.091
2026-08-30 20:49:53 - train: epoch 212, iter:0, loss: 0.5177, lr: 0.0002098686868920198
2026-08-30 20:49:59 - train: epoch 212, iter:20, loss: 0.5072, lr: 0.0002098686868920198
2026-08-30 20:50:19 - val epoch: 212, loss: 0.8032
2026-08-30 20:50:19 - train gamma: g2=0.102 g3=0.105 g4=0.092 g5=0.091
2026-08-30 20:50:20 - train: epoch 213, iter:0, loss: 0.5967, lr: 0.00020572343814312415
2026-08-30 20:50:26 - train: epoch 213, iter:20, loss: 0.5303, lr: 0.00020572343814312415
2026-08-30 20:50:46 - val epoch: 213, loss: 0.8153
2026-08-30 20:50:46 - train gamma: g2=0.102 g3=0.105 g4=0.092 g5=0.091
2026-08-30 20:50:48 - train: epoch 214, iter:0, loss: 0.4760, lr: 0.00020161100844177644
2026-08-30 20:50:54 - train: epoch 214, iter:20, loss: 0.5413, lr: 0.00020161100844177644
2026-08-30 20:51:14 - val epoch: 214, loss: 0.8154
2026-08-30 20:51:14 - train gamma: g2=0.102 g3=0.105 g4=0.092 g5=0.091
2026-08-30 20:51:16 - train: epoch 215, iter:0, loss: 0.4730, lr: 0.0001975318487622361
2026-08-30 20:51:21 - train: epoch 215, iter:20, loss: 0.5101, lr: 0.0001975318487622361
2026-08-30 20:51:42 - val epoch: 215, loss: 0.8136
2026-08-30 20:51:42 - train gamma: g2=0.102 g3=0.105 g4=0.092 g5=0.091
2026-08-30 20:51:44 - train: epoch 216, iter:0, loss: 0.4347, lr: 0.00019348640643033024
2026-08-30 20:51:50 - train: epoch 216, iter:20, loss: 0.5274, lr: 0.00019348640643033024
2026-08-30 20:52:10 - val epoch: 216, loss: 0.8007
2026-08-30 20:52:10 - train gamma: g2=0.102 g3=0.105 g4=0.092 g5=0.091
2026-08-30 20:52:12 - train: epoch 217, iter:0, loss: 0.4951, lr: 0.00018947512507439828
2026-08-30 20:52:17 - train: epoch 217, iter:20, loss: 0.5074, lr: 0.00018947512507439828
2026-08-30 20:52:38 - val epoch: 217, loss: 0.8146
2026-08-30 20:52:38 - train gamma: g2=0.102 g3=0.105 g4=0.092 g5=0.091
2026-08-30 20:52:40 - train: epoch 218, iter:0, loss: 0.5100, lr: 0.00018549844457664425
2026-08-30 20:52:45 - train: epoch 218, iter:20, loss: 0.4868, lr: 0.00018549844457664425
2026-08-30 20:53:06 - val epoch: 218, loss: 0.8442
2026-08-30 20:53:06 - train gamma: g2=0.102 g3=0.105 g4=0.092 g5=0.091
2026-08-30 20:53:08 - train: epoch 219, iter:0, loss: 0.6060, lr: 0.00018155680102489765
2026-08-30 20:53:13 - train: epoch 219, iter:20, loss: 0.5148, lr: 0.00018155680102489765
2026-08-30 20:53:33 - val epoch: 219, loss: 0.8352
2026-08-30 20:53:33 - train gamma: g2=0.102 g3=0.105 g4=0.092 g5=0.091
2026-08-30 20:53:35 - train: epoch 220, iter:0, loss: 0.4603, lr: 0.00017765062666479195
2026-08-30 20:53:40 - train: epoch 220, iter:20, loss: 0.5102, lr: 0.00017765062666479195
2026-08-30 20:54:01 - val epoch: 220, loss: 0.8409
2026-08-30 20:54:01 - train gamma: g2=0.102 g3=0.105 g4=0.092 g5=0.091
2026-08-30 20:54:03 - train: epoch 221, iter:0, loss: 0.4873, lr: 0.00017378034985236489
2026-08-30 20:54:08 - train: epoch 221, iter:20, loss: 0.5122, lr: 0.00017378034985236489
2026-08-30 20:54:28 - val epoch: 221, loss: 0.8144
2026-08-30 20:54:28 - train gamma: g2=0.102 g3=0.105 g4=0.092 g5=0.091
2026-08-30 20:54:30 - train: epoch 222, iter:0, loss: 0.4639, lr: 0.0001699463950070827
2026-08-30 20:54:36 - train: epoch 222, iter:20, loss: 0.5046, lr: 0.0001699463950070827
2026-08-30 20:54:56 - val epoch: 222, loss: 0.8334
2026-08-30 20:54:56 - train gamma: g2=0.102 g3=0.105 g4=0.092 g5=0.091
2026-08-30 20:54:58 - train: epoch 223, iter:0, loss: 0.4828, lr: 0.0001661491825652988
2026-08-30 20:55:04 - train: epoch 223, iter:20, loss: 0.5002, lr: 0.0001661491825652988
2026-08-30 20:55:24 - val epoch: 223, loss: 0.8114
2026-08-30 20:55:24 - train gamma: g2=0.102 g3=0.105 g4=0.092 g5=0.091
2026-08-30 20:55:26 - train: epoch 224, iter:0, loss: 0.5154, lr: 0.0001623891289341484
2026-08-30 20:55:31 - train: epoch 224, iter:20, loss: 0.4847, lr: 0.0001623891289341484
2026-08-30 20:55:51 - val epoch: 224, loss: 0.8850
2026-08-30 20:55:51 - train gamma: g2=0.102 g3=0.105 g4=0.092 g5=0.091
2026-08-30 20:55:54 - train: epoch 225, iter:0, loss: 0.4797, lr: 0.0001586666464458838
2026-08-30 20:55:59 - train: epoch 225, iter:20, loss: 0.5039, lr: 0.0001586666464458838
2026-08-30 20:56:19 - val epoch: 225, loss: 0.8184
2026-08-30 20:56:19 - train gamma: g2=0.102 g3=0.105 g4=0.092 g5=0.091
2026-08-30 20:56:22 - train: epoch 226, iter:0, loss: 0.4438, lr: 0.00015498214331265874
2026-08-30 20:56:27 - train: epoch 226, iter:20, loss: 0.5112, lr: 0.00015498214331265874
2026-08-30 20:56:47 - val epoch: 226, loss: 0.8222
2026-08-30 20:56:47 - train gamma: g2=0.102 g3=0.105 g4=0.092 g5=0.092
2026-08-30 20:56:49 - train: epoch 227, iter:0, loss: 0.3790, lr: 0.00015133602358176218
2026-08-30 20:56:55 - train: epoch 227, iter:20, loss: 0.5015, lr: 0.00015133602358176218
2026-08-30 20:57:15 - val epoch: 227, loss: 0.8271
2026-08-30 20:57:15 - train gamma: g2=0.102 g3=0.105 g4=0.092 g5=0.092
2026-08-30 20:57:17 - train: epoch 228, iter:0, loss: 0.4945, lr: 0.00014772868709131046
2026-08-30 20:57:23 - train: epoch 228, iter:20, loss: 0.5251, lr: 0.00014772868709131046
2026-08-30 20:57:43 - val epoch: 228, loss: 0.7969
2026-08-30 20:57:43 - train gamma: g2=0.102 g3=0.105 g4=0.092 g5=0.092
2026-08-30 20:57:45 - train: epoch 229, iter:0, loss: 0.5904, lr: 0.00014416052942640113
2026-08-30 20:57:50 - train: epoch 229, iter:20, loss: 0.4962, lr: 0.00014416052942640113
2026-08-30 20:58:10 - val epoch: 229, loss: 0.8022
2026-08-30 20:58:10 - train gamma: g2=0.102 g3=0.105 g4=0.092 g5=0.092
2026-08-30 20:58:13 - train: epoch 230, iter:0, loss: 0.5240, lr: 0.0001406319418757314
2026-08-30 20:58:18 - train: epoch 230, iter:20, loss: 0.5040, lr: 0.0001406319418757314
2026-08-30 20:58:38 - val epoch: 230, loss: 0.8724
2026-08-30 20:58:38 - train gamma: g2=0.102 g3=0.105 g4=0.092 g5=0.092
2026-08-30 20:58:40 - train: epoch 231, iter:0, loss: 0.5265, lr: 0.00013714331138868954
2026-08-30 20:58:46 - train: epoch 231, iter:20, loss: 0.4937, lr: 0.00013714331138868954
2026-08-30 20:59:06 - val epoch: 231, loss: 0.8336
2026-08-30 20:59:06 - train gamma: g2=0.102 g3=0.105 g4=0.093 g5=0.092
2026-08-30 20:59:08 - train: epoch 232, iter:0, loss: 0.4877, lr: 0.00013369502053292226
2026-08-30 20:59:14 - train: epoch 232, iter:20, loss: 0.4863, lr: 0.00013369502053292226
2026-08-30 20:59:34 - val epoch: 232, loss: 0.8085
2026-08-30 20:59:34 - train gamma: g2=0.102 g3=0.105 g4=0.093 g5=0.092
2026-08-30 20:59:36 - train: epoch 233, iter:0, loss: 0.5781, lr: 0.0001302874474523804
2026-08-30 20:59:42 - train: epoch 233, iter:20, loss: 0.4976, lr: 0.0001302874474523804
2026-08-30 21:00:02 - val epoch: 233, loss: 0.8355
2026-08-30 21:00:02 - train gamma: g2=0.102 g3=0.105 g4=0.093 g5=0.092
2026-08-30 21:00:04 - train: epoch 234, iter:0, loss: 0.4845, lr: 0.00012692096582585187
2026-08-30 21:00:10 - train: epoch 234, iter:20, loss: 0.5088, lr: 0.00012692096582585187
2026-08-30 21:00:30 - val epoch: 234, loss: 0.8032
2026-08-30 21:00:30 - train gamma: g2=0.102 g3=0.105 g4=0.093 g5=0.092
2026-08-30 21:00:32 - train: epoch 235, iter:0, loss: 0.5632, lr: 0.00012359594482598416
2026-08-30 21:00:37 - train: epoch 235, iter:20, loss: 0.4971, lr: 0.00012359594482598416
2026-08-30 21:00:58 - val epoch: 235, loss: 0.8218
2026-08-30 21:00:58 - train gamma: g2=0.102 g3=0.105 g4=0.093 g5=0.092
2026-08-30 21:01:00 - train: epoch 236, iter:0, loss: 0.4428, lr: 0.00012031274907879919
2026-08-30 21:01:05 - train: epoch 236, iter:20, loss: 0.4998, lr: 0.00012031274907879919
2026-08-30 21:01:25 - val epoch: 236, loss: 0.8130
2026-08-30 21:01:25 - train gamma: g2=0.102 g3=0.105 g4=0.093 g5=0.092
2026-08-30 21:01:27 - train: epoch 237, iter:0, loss: 0.5197, lr: 0.00011707173862370913
2026-08-30 21:01:33 - train: epoch 237, iter:20, loss: 0.5093, lr: 0.00011707173862370913
2026-08-30 21:01:53 - val epoch: 237, loss: 0.8429
2026-08-30 21:01:53 - train gamma: g2=0.102 g3=0.105 g4=0.093 g5=0.092
2026-08-30 21:01:55 - train: epoch 238, iter:0, loss: 0.4831, lr: 0.00011387326887403316
2026-08-30 21:02:01 - train: epoch 238, iter:20, loss: 0.4905, lr: 0.00011387326887403316
2026-08-30 21:02:21 - val epoch: 238, loss: 0.8050
2026-08-30 21:02:21 - train gamma: g2=0.102 g3=0.105 g4=0.093 g5=0.092
2026-08-30 21:02:24 - train: epoch 239, iter:0, loss: 0.5477, lr: 0.00011071769057802265
2026-08-30 21:02:29 - train: epoch 239, iter:20, loss: 0.4985, lr: 0.00011071769057802265
2026-08-30 21:02:49 - val epoch: 239, loss: 0.8209
2026-08-30 21:02:49 - train gamma: g2=0.102 g3=0.105 g4=0.093 g5=0.092
2026-08-30 21:02:52 - train: epoch 240, iter:0, loss: 0.4454, lr: 0.0001076053497803982
2026-08-30 21:02:57 - train: epoch 240, iter:20, loss: 0.4896, lr: 0.0001076053497803982
2026-08-30 21:03:21 - val epoch: 240, loss: 0.8321, miou: 0.7867400651381753, f1_or_dsc: 0.8806429994923003, accuracy: 0.9425596860375735,                 specificity: 0.9657290775191192, sensitivity: 0.8705444571515109, confusion_matrix: [[38690484  1373013]
 [ 1668629 11220962]]
2026-08-30 21:03:21 - train gamma: g2=0.102 g3=0.105 g4=0.093 g5=0.092
2026-08-30 21:03:23 - train: epoch 241, iter:0, loss: 0.5162, lr: 0.00010453658778440088
2026-08-30 21:03:29 - train: epoch 241, iter:20, loss: 0.5146, lr: 0.00010453658778440088
2026-08-30 21:03:49 - val epoch: 241, loss: 0.8124
2026-08-30 21:03:49 - train gamma: g2=0.102 g3=0.105 g4=0.093 g5=0.092
2026-08-30 21:03:52 - train: epoch 242, iter:0, loss: 0.4098, lr: 0.00010151174111436543
2026-08-30 21:03:57 - train: epoch 242, iter:20, loss: 0.4781, lr: 0.00010151174111436543
2026-08-30 21:04:18 - val epoch: 242, loss: 0.8354
2026-08-30 21:04:18 - train gamma: g2=0.102 g3=0.105 g4=0.093 g5=0.092
2026-08-30 21:04:20 - train: epoch 243, iter:0, loss: 0.5067, lr: 9.853114147881633e-05
2026-08-30 21:04:25 - train: epoch 243, iter:20, loss: 0.4921, lr: 9.853114147881633e-05
2026-08-30 21:04:45 - val epoch: 243, loss: 0.8285
2026-08-30 21:04:45 - train gamma: g2=0.102 g3=0.105 g4=0.093 g5=0.092
2026-08-30 21:04:47 - train: epoch 244, iter:0, loss: 0.4373, lr: 9.559511573409167e-05
2026-08-30 21:04:53 - train: epoch 244, iter:20, loss: 0.4750, lr: 9.559511573409167e-05
2026-08-30 21:05:13 - val epoch: 244, loss: 0.8167
2026-08-30 21:05:13 - train gamma: g2=0.102 g3=0.105 g4=0.093 g5=0.092
2026-08-30 21:05:15 - train: epoch 245, iter:0, loss: 0.4657, lr: 9.270398584850061e-05
2026-08-30 21:05:20 - train: epoch 245, iter:20, loss: 0.4741, lr: 9.270398584850061e-05
2026-08-30 21:05:40 - val epoch: 245, loss: 0.8441
2026-08-30 21:05:40 - train gamma: g2=0.102 g3=0.105 g4=0.093 g5=0.092
2026-08-30 21:05:43 - train: epoch 246, iter:0, loss: 0.4749, lr: 8.985806886701499e-05
2026-08-30 21:05:48 - train: epoch 246, iter:20, loss: 0.4849, lr: 8.985806886701499e-05
2026-08-30 21:06:09 - val epoch: 246, loss: 0.8051
2026-08-30 21:06:09 - train gamma: g2=0.102 g3=0.105 g4=0.093 g5=0.093
2026-08-30 21:06:11 - train: epoch 247, iter:0, loss: 0.5725, lr: 8.705767687650239e-05
2026-08-30 21:06:17 - train: epoch 247, iter:20, loss: 0.4983, lr: 8.705767687650239e-05
2026-08-30 21:06:37 - val epoch: 247, loss: 0.8102
2026-08-30 21:06:37 - train gamma: g2=0.102 g3=0.105 g4=0.093 g5=0.093
2026-08-30 21:06:40 - train: epoch 248, iter:0, loss: 0.3940, lr: 8.430311697150229e-05
2026-08-30 21:06:45 - train: epoch 248, iter:20, loss: 0.5095, lr: 8.430311697150229e-05
2026-08-30 21:07:05 - val epoch: 248, loss: 0.8415
2026-08-30 21:07:05 - train gamma: g2=0.102 g3=0.105 g4=0.093 g5=0.093
2026-08-30 21:07:07 - train: epoch 249, iter:0, loss: 0.4448, lr: 8.159469122054909e-05
2026-08-30 21:07:12 - train: epoch 249, iter:20, loss: 0.5107, lr: 8.159469122054909e-05
2026-08-30 21:07:33 - val epoch: 249, loss: 0.8140
2026-08-30 21:07:33 - train gamma: g2=0.102 g3=0.105 g4=0.093 g5=0.093
2026-08-30 21:07:35 - train: epoch 250, iter:0, loss: 0.4812, lr: 7.893269663304782e-05
2026-08-30 21:07:40 - train: epoch 250, iter:20, loss: 0.4743, lr: 7.893269663304782e-05
2026-08-30 21:08:00 - val epoch: 250, loss: 0.8408
2026-08-30 21:08:00 - train gamma: g2=0.102 g3=0.105 g4=0.093 g5=0.093
2026-08-30 21:08:02 - train: epoch 251, iter:0, loss: 0.3966, lr: 7.631742512670282e-05
2026-08-30 21:08:08 - train: epoch 251, iter:20, loss: 0.4919, lr: 7.631742512670282e-05
2026-08-30 21:08:28 - val epoch: 251, loss: 0.8084
2026-08-30 21:08:28 - train gamma: g2=0.102 g3=0.105 g4=0.093 g5=0.093
2026-08-30 21:08:30 - train: epoch 252, iter:0, loss: 0.4655, lr: 7.374916349550603e-05
2026-08-30 21:08:36 - train: epoch 252, iter:20, loss: 0.5072, lr: 7.374916349550603e-05
2026-08-30 21:08:56 - val epoch: 252, loss: 0.8071
2026-08-30 21:08:56 - train gamma: g2=0.102 g3=0.105 g4=0.093 g5=0.093
2026-08-30 21:08:58 - train: epoch 253, iter:0, loss: 0.5793, lr: 7.122819337828741e-05
2026-08-30 21:09:03 - train: epoch 253, iter:20, loss: 0.4981, lr: 7.122819337828741e-05
2026-08-30 21:09:24 - val epoch: 253, loss: 0.7933
2026-08-30 21:09:24 - train gamma: g2=0.102 g3=0.105 g4=0.093 g5=0.093
2026-08-30 21:09:26 - train: epoch 254, iter:0, loss: 0.5658, lr: 6.875479122782878e-05
2026-08-30 21:09:31 - train: epoch 254, iter:20, loss: 0.4921, lr: 6.875479122782878e-05
2026-08-30 21:09:52 - val epoch: 254, loss: 0.8297
2026-08-30 21:09:52 - train gamma: g2=0.102 g3=0.105 g4=0.093 g5=0.093
2026-08-30 21:09:54 - train: epoch 255, iter:0, loss: 0.4930, lr: 6.632922828054862e-05
2026-08-30 21:10:00 - train: epoch 255, iter:20, loss: 0.4739, lr: 6.632922828054862e-05
2026-08-30 21:10:20 - val epoch: 255, loss: 0.8234
2026-08-30 21:10:20 - train gamma: g2=0.102 g3=0.105 g4=0.093 g5=0.093
2026-08-30 21:10:22 - train: epoch 256, iter:0, loss: 0.7401, lr: 6.395177052675786e-05
2026-08-30 21:10:28 - train: epoch 256, iter:20, loss: 0.4932, lr: 6.395177052675786e-05
2026-08-30 21:10:48 - val epoch: 256, loss: 0.8226
2026-08-30 21:10:48 - train gamma: g2=0.102 g3=0.105 g4=0.093 g5=0.093
2026-08-30 21:10:50 - train: epoch 257, iter:0, loss: 0.4797, lr: 6.162267868149065e-05
2026-08-30 21:10:55 - train: epoch 257, iter:20, loss: 0.4881, lr: 6.162267868149065e-05
2026-08-30 21:11:16 - val epoch: 257, loss: 0.8224
2026-08-30 21:11:16 - train gamma: g2=0.102 g3=0.105 g4=0.093 g5=0.093
2026-08-30 21:11:18 - train: epoch 258, iter:0, loss: 0.4087, lr: 5.934220815591413e-05
2026-08-30 21:11:24 - train: epoch 258, iter:20, loss: 0.4788, lr: 5.934220815591413e-05
2026-08-30 21:11:44 - val epoch: 258, loss: 0.8196
2026-08-30 21:11:44 - train gamma: g2=0.102 g3=0.105 g4=0.093 g5=0.093
2026-08-30 21:11:46 - train: epoch 259, iter:0, loss: 0.5013, lr: 5.711060902932035e-05
2026-08-30 21:11:51 - train: epoch 259, iter:20, loss: 0.4787, lr: 5.711060902932035e-05
2026-08-30 21:12:12 - val epoch: 259, loss: 0.8280
2026-08-30 21:12:12 - train gamma: g2=0.102 g3=0.105 g4=0.093 g5=0.093
2026-08-30 21:12:14 - train: epoch 260, iter:0, loss: 0.4400, lr: 5.492812602170101e-05
2026-08-30 21:12:20 - train: epoch 260, iter:20, loss: 0.4824, lr: 5.492812602170101e-05
2026-08-30 21:12:40 - val epoch: 260, loss: 0.8113
2026-08-30 21:12:40 - train gamma: g2=0.102 g3=0.105 g4=0.093 g5=0.093
2026-08-30 21:12:42 - train: epoch 261, iter:0, loss: 0.5638, lr: 5.279499846691256e-05
2026-08-30 21:12:48 - train: epoch 261, iter:20, loss: 0.4974, lr: 5.279499846691256e-05
2026-08-30 21:13:08 - val epoch: 261, loss: 0.8210
2026-08-30 21:13:08 - train gamma: g2=0.102 g3=0.105 g4=0.093 g5=0.093
2026-08-30 21:13:10 - train: epoch 262, iter:0, loss: 0.3798, lr: 5.071146028642938e-05
2026-08-30 21:13:15 - train: epoch 262, iter:20, loss: 0.4878, lr: 5.071146028642938e-05
2026-08-30 21:13:36 - val epoch: 262, loss: 0.8316
2026-08-30 21:13:36 - train gamma: g2=0.102 g3=0.105 g4=0.093 g5=0.093
2026-08-30 21:13:38 - train: epoch 263, iter:0, loss: 0.4987, lr: 4.867773996369213e-05
2026-08-30 21:13:43 - train: epoch 263, iter:20, loss: 0.4865, lr: 4.867773996369213e-05
2026-08-30 21:14:04 - val epoch: 263, loss: 0.8181
2026-08-30 21:14:04 - train gamma: g2=0.102 g3=0.105 g4=0.093 g5=0.093
2026-08-30 21:14:06 - train: epoch 264, iter:0, loss: 0.4804, lr: 4.669406051905255e-05
2026-08-30 21:14:12 - train: epoch 264, iter:20, loss: 0.4689, lr: 4.669406051905255e-05
2026-08-30 21:14:32 - val epoch: 264, loss: 0.8175
2026-08-30 21:14:32 - train gamma: g2=0.102 g3=0.105 g4=0.093 g5=0.093
2026-08-30 21:14:34 - train: epoch 265, iter:0, loss: 0.6395, lr: 4.476063948531553e-05
2026-08-30 21:14:39 - train: epoch 265, iter:20, loss: 0.4775, lr: 4.476063948531553e-05
2026-08-30 21:15:00 - val epoch: 265, loss: 0.8435
2026-08-30 21:15:00 - train gamma: g2=0.102 g3=0.105 g4=0.093 g5=0.093
2026-08-30 21:15:01 - train: epoch 266, iter:0, loss: 0.5008, lr: 4.2877688883885086e-05
2026-08-30 21:15:07 - train: epoch 266, iter:20, loss: 0.4900, lr: 4.2877688883885086e-05
2026-08-30 21:15:27 - val epoch: 266, loss: 0.8253
2026-08-30 21:15:27 - train gamma: g2=0.102 g3=0.105 g4=0.093 g5=0.093
2026-08-30 21:15:29 - train: epoch 267, iter:0, loss: 0.6282, lr: 4.1045415201513684e-05
2026-08-30 21:15:35 - train: epoch 267, iter:20, loss: 0.5351, lr: 4.1045415201513684e-05
2026-08-30 21:15:55 - val epoch: 267, loss: 0.8052
2026-08-30 21:15:55 - train gamma: g2=0.102 g3=0.105 g4=0.093 g5=0.093
2026-08-30 21:15:57 - train: epoch 268, iter:0, loss: 0.4521, lr: 3.926401936765836e-05
2026-08-30 21:16:02 - train: epoch 268, iter:20, loss: 0.4886, lr: 3.926401936765836e-05
2026-08-30 21:16:23 - val epoch: 268, loss: 0.8333
2026-08-30 21:16:23 - train gamma: g2=0.102 g3=0.105 g4=0.093 g5=0.093
2026-08-30 21:16:25 - train: epoch 269, iter:0, loss: 0.4820, lr: 3.753369673244687e-05
2026-08-30 21:16:30 - train: epoch 269, iter:20, loss: 0.4767, lr: 3.753369673244687e-05
2026-08-30 21:16:50 - val epoch: 269, loss: 0.8284
2026-08-30 21:16:50 - train gamma: g2=0.102 g3=0.105 g4=0.093 g5=0.093
2026-08-30 21:16:53 - train: epoch 270, iter:0, loss: 0.4874, lr: 3.5854637045255115e-05
2026-08-30 21:16:58 - train: epoch 270, iter:20, loss: 0.5088, lr: 3.5854637045255115e-05
2026-08-30 21:17:23 - val epoch: 270, loss: 0.8265, miou: 0.7875664381865769, f1_or_dsc: 0.8811604663886342, accuracy: 0.9426913308625174,                 specificity: 0.9651633006474697, sensitivity: 0.8728438318950539, confusion_matrix: [[38667817  1395680]
 [ 1638991 11250600]]
2026-08-30 21:17:23 - train gamma: g2=0.102 g3=0.105 g4=0.093 g5=0.093
2026-08-30 21:17:25 - train: epoch 271, iter:0, loss: 0.5092, lr: 3.422702443389897e-05
2026-08-30 21:17:30 - train: epoch 271, iter:20, loss: 0.4760, lr: 3.422702443389897e-05
2026-08-30 21:17:50 - val epoch: 271, loss: 0.8098
2026-08-30 21:17:50 - train gamma: g2=0.102 g3=0.105 g4=0.093 g5=0.093
2026-08-30 21:17:53 - train: epoch 272, iter:0, loss: 0.5985, lr: 3.265103738444294e-05
2026-08-30 21:17:58 - train: epoch 272, iter:20, loss: 0.4977, lr: 3.265103738444294e-05
2026-08-30 21:18:19 - val epoch: 272, loss: 0.8264
2026-08-30 21:18:19 - train gamma: g2=0.102 g3=0.105 g4=0.093 g5=0.093
2026-08-30 21:18:20 - train: epoch 273, iter:0, loss: 0.4725, lr: 3.112684872162669e-05
2026-08-30 21:18:26 - train: epoch 273, iter:20, loss: 0.4970, lr: 3.112684872162669e-05
2026-08-30 21:18:46 - val epoch: 273, loss: 0.8190
2026-08-30 21:18:46 - train gamma: g2=0.102 g3=0.105 g4=0.093 g5=0.093
2026-08-30 21:18:48 - train: epoch 274, iter:0, loss: 0.5168, lr: 2.9654625589913163e-05
2026-08-30 21:18:53 - train: epoch 274, iter:20, loss: 0.4711, lr: 2.9654625589913163e-05
2026-08-30 21:19:13 - val epoch: 274, loss: 0.8207
2026-08-30 21:19:13 - train gamma: g2=0.102 g3=0.105 g4=0.093 g5=0.093
2026-08-30 21:19:15 - train: epoch 275, iter:0, loss: 0.4649, lr: 2.823452943515922e-05
2026-08-30 21:19:21 - train: epoch 275, iter:20, loss: 0.5012, lr: 2.823452943515922e-05
2026-08-30 21:19:41 - val epoch: 275, loss: 0.8156
2026-08-30 21:19:41 - train gamma: g2=0.102 g3=0.105 g4=0.093 g5=0.093
2026-08-30 21:19:43 - train: epoch 276, iter:0, loss: 0.4889, lr: 2.6866715986911168e-05
2026-08-30 21:19:48 - train: epoch 276, iter:20, loss: 0.4843, lr: 2.6866715986911168e-05
2026-08-30 21:20:09 - val epoch: 276, loss: 0.8262
2026-08-30 21:20:09 - train gamma: g2=0.102 g3=0.105 g4=0.093 g5=0.093
2026-08-30 21:20:11 - train: epoch 277, iter:0, loss: 0.3332, lr: 2.5551335241327604e-05
2026-08-30 21:20:17 - train: epoch 277, iter:20, loss: 0.4780, lr: 2.5551335241327604e-05
2026-08-30 21:20:37 - val epoch: 277, loss: 0.8130
2026-08-30 21:20:37 - train gamma: g2=0.102 g3=0.105 g4=0.093 g5=0.093
2026-08-30 21:20:39 - train: epoch 278, iter:0, loss: 0.4569, lr: 2.4288531444730185e-05
2026-08-30 21:20:45 - train: epoch 278, iter:20, loss: 0.4725, lr: 2.4288531444730185e-05
2026-08-30 21:21:05 - val epoch: 278, loss: 0.8158
2026-08-30 21:21:05 - train gamma: g2=0.102 g3=0.105 g4=0.093 g5=0.093
2026-08-30 21:21:07 - train: epoch 279, iter:0, loss: 0.4631, lr: 2.3078443077785645e-05
2026-08-30 21:21:12 - train: epoch 279, iter:20, loss: 0.4790, lr: 2.3078443077785645e-05
2026-08-30 21:21:33 - val epoch: 279, loss: 0.8269
2026-08-30 21:21:33 - train gamma: g2=0.102 g3=0.105 g4=0.093 g5=0.093
2026-08-30 21:21:35 - train: epoch 280, iter:0, loss: 0.5305, lr: 2.1921202840320064e-05
2026-08-30 21:21:41 - train: epoch 280, iter:20, loss: 0.4893, lr: 2.1921202840320064e-05
2026-08-30 21:22:01 - val epoch: 280, loss: 0.8216
2026-08-30 21:22:01 - train gamma: g2=0.102 g3=0.105 g4=0.093 g5=0.093
2026-08-30 21:22:04 - train: epoch 281, iter:0, loss: 0.5352, lr: 2.081693763676623e-05
2026-08-30 21:22:09 - train: epoch 281, iter:20, loss: 0.5007, lr: 2.081693763676623e-05
2026-08-30 21:22:29 - val epoch: 281, loss: 0.8222
2026-08-30 21:22:29 - train gamma: g2=0.102 g3=0.105 g4=0.093 g5=0.093
2026-08-30 21:22:32 - train: epoch 282, iter:0, loss: 0.4740, lr: 1.9765768562247723e-05
2026-08-30 21:22:37 - train: epoch 282, iter:20, loss: 0.4809, lr: 1.9765768562247723e-05
2026-08-30 21:22:57 - val epoch: 282, loss: 0.8222
2026-08-30 21:22:57 - train gamma: g2=0.102 g3=0.105 g4=0.093 g5=0.093
2026-08-30 21:22:59 - train: epoch 283, iter:0, loss: 0.4284, lr: 1.876781088929913e-05
2026-08-30 21:23:05 - train: epoch 283, iter:20, loss: 0.4898, lr: 1.876781088929913e-05
2026-08-30 21:23:25 - val epoch: 283, loss: 0.8214
2026-08-30 21:23:25 - train gamma: g2=0.102 g3=0.105 g4=0.093 g5=0.093
2026-08-30 21:23:28 - train: epoch 284, iter:0, loss: 0.4853, lr: 1.7823174055225262e-05
2026-08-30 21:23:33 - train: epoch 284, iter:20, loss: 0.4677, lr: 1.7823174055225262e-05
2026-08-30 21:23:54 - val epoch: 284, loss: 0.8396
2026-08-30 21:23:54 - train gamma: g2=0.102 g3=0.105 g4=0.093 g5=0.093
2026-08-30 21:23:56 - train: epoch 285, iter:0, loss: 0.4464, lr: 1.693196165010003e-05
2026-08-30 21:24:02 - train: epoch 285, iter:20, loss: 0.5121, lr: 1.693196165010003e-05
2026-08-30 21:24:22 - val epoch: 285, loss: 0.8263
2026-08-30 21:24:22 - train gamma: g2=0.102 g3=0.105 g4=0.093 g5=0.093
2026-08-30 21:24:24 - train: epoch 286, iter:0, loss: 0.4475, lr: 1.6094271405406855e-05
2026-08-30 21:24:30 - train: epoch 286, iter:20, loss: 0.4791, lr: 1.6094271405406855e-05
2026-08-30 21:24:50 - val epoch: 286, loss: 0.8386
2026-08-30 21:24:50 - train gamma: g2=0.102 g3=0.105 g4=0.093 g5=0.093
2026-08-30 21:24:52 - train: epoch 287, iter:0, loss: 0.4963, lr: 1.5310195183320773e-05
2026-08-30 21:24:58 - train: epoch 287, iter:20, loss: 0.4740, lr: 1.5310195183320773e-05
2026-08-30 21:25:18 - val epoch: 287, loss: 0.8254
2026-08-30 21:25:18 - train gamma: g2=0.102 g3=0.105 g4=0.093 g5=0.093
2026-08-30 21:25:20 - train: epoch 288, iter:0, loss: 0.4254, lr: 1.4579818966635417e-05
2026-08-30 21:25:25 - train: epoch 288, iter:20, loss: 0.4837, lr: 1.4579818966635417e-05
2026-08-30 21:25:46 - val epoch: 288, loss: 0.8274
2026-08-30 21:25:46 - train gamma: g2=0.102 g3=0.105 g4=0.093 g5=0.093
2026-08-30 21:25:48 - train: epoch 289, iter:0, loss: 0.4677, lr: 1.3903222849333505e-05
2026-08-30 21:25:54 - train: epoch 289, iter:20, loss: 0.4933, lr: 1.3903222849333505e-05
2026-08-30 21:26:14 - val epoch: 289, loss: 0.8277
2026-08-30 21:26:14 - train gamma: g2=0.102 g3=0.105 g4=0.093 g5=0.093
2026-08-30 21:26:16 - train: epoch 290, iter:0, loss: 0.5091, lr: 1.3280481027803759e-05
2026-08-30 21:26:22 - train: epoch 290, iter:20, loss: 0.4814, lr: 1.3280481027803759e-05
2026-08-30 21:26:42 - val epoch: 290, loss: 0.8276
2026-08-30 21:26:42 - train gamma: g2=0.102 g3=0.105 g4=0.093 g5=0.093
2026-08-30 21:26:44 - train: epoch 291, iter:0, loss: 0.4707, lr: 1.271166179270472e-05
2026-08-30 21:26:50 - train: epoch 291, iter:20, loss: 0.4896, lr: 1.271166179270472e-05
2026-08-30 21:27:10 - val epoch: 291, loss: 0.8124
2026-08-30 21:27:10 - train gamma: g2=0.102 g3=0.105 g4=0.093 g5=0.093
2026-08-30 21:27:12 - train: epoch 292, iter:0, loss: 0.5261, lr: 1.21968275214754e-05
2026-08-30 21:27:17 - train: epoch 292, iter:20, loss: 0.4763, lr: 1.21968275214754e-05
2026-08-30 21:27:38 - val epoch: 292, loss: 0.8159
2026-08-30 21:27:38 - train gamma: g2=0.102 g3=0.105 g4=0.093 g5=0.093
2026-08-30 21:27:40 - train: epoch 293, iter:0, loss: 0.5622, lr: 1.1736034671495336e-05
2026-08-30 21:27:45 - train: epoch 293, iter:20, loss: 0.4855, lr: 1.1736034671495336e-05
2026-08-30 21:28:06 - val epoch: 293, loss: 0.8164
2026-08-30 21:28:06 - train gamma: g2=0.102 g3=0.105 g4=0.093 g5=0.093
2026-08-30 21:28:08 - train: epoch 294, iter:0, loss: 0.4477, lr: 1.1329333773893242e-05
2026-08-30 21:28:13 - train: epoch 294, iter:20, loss: 0.5001, lr: 1.1329333773893242e-05
2026-08-30 21:28:33 - val epoch: 294, loss: 0.8324
2026-08-30 21:28:33 - train gamma: g2=0.102 g3=0.105 g4=0.093 g5=0.093
2026-08-30 21:28:36 - train: epoch 295, iter:0, loss: 0.5166, lr: 1.0976769428005577e-05
2026-08-30 21:28:41 - train: epoch 295, iter:20, loss: 0.4795, lr: 1.0976769428005577e-05
2026-08-30 21:29:01 - val epoch: 295, loss: 0.8279
2026-08-30 21:29:01 - train gamma: g2=0.102 g3=0.105 g4=0.093 g5=0.093
2026-08-30 21:29:03 - train: epoch 296, iter:0, loss: 0.5168, lr: 1.0678380296485951e-05
2026-08-30 21:29:09 - train: epoch 296, iter:20, loss: 0.4624, lr: 1.0678380296485951e-05
2026-08-30 21:29:30 - val epoch: 296, loss: 0.8138
2026-08-30 21:29:30 - train gamma: g2=0.102 g3=0.105 g4=0.093 g5=0.093
2026-08-30 21:29:32 - train: epoch 297, iter:0, loss: 0.4204, lr: 1.04341991010651e-05
2026-08-30 21:29:37 - train: epoch 297, iter:20, loss: 0.4745, lr: 1.04341991010651e-05
2026-08-30 21:29:57 - val epoch: 297, loss: 0.8289
2026-08-30 21:29:57 - train gamma: g2=0.102 g3=0.105 g4=0.093 g5=0.093
2026-08-30 21:30:00 - train: epoch 298, iter:0, loss: 0.4752, lr: 1.0244252618962858e-05
2026-08-30 21:30:05 - train: epoch 298, iter:20, loss: 0.4616, lr: 1.0244252618962858e-05
2026-08-30 21:30:26 - val epoch: 298, loss: 0.8260
2026-08-30 21:30:26 - train gamma: g2=0.102 g3=0.105 g4=0.093 g5=0.093
2026-08-30 21:30:28 - train: epoch 299, iter:0, loss: 0.4269, lr: 1.0108561679951479e-05
2026-08-30 21:30:33 - train: epoch 299, iter:20, loss: 0.4933, lr: 1.0108561679951479e-05
2026-08-30 21:30:53 - val epoch: 299, loss: 0.8225
2026-08-30 21:30:54 - train gamma: g2=0.102 g3=0.105 g4=0.093 g5=0.093
2026-08-30 21:30:55 - train: epoch 300, iter:0, loss: 0.4870, lr: 1.002714116407149e-05
2026-08-30 21:31:01 - train: epoch 300, iter:20, loss: 0.4921, lr: 1.002714116407149e-05
2026-08-30 21:31:25 - val epoch: 300, loss: 0.8392, miou: 0.7835529566236014, f1_or_dsc: 0.8786427716807753, accuracy: 0.9413678008731049,                 specificity: 0.9636928349015564, sensitivity: 0.87197700842486, confusion_matrix: [[38608905  1454592]
 [ 1650164 11239427]]
2026-08-30 21:31:26 - train gamma: g2=0.102 g3=0.105 g4=0.093 g5=0.093
2026-08-30 21:31:49 - test of best model, loss: 0.7863,miou: 0.7953807850643642, f1_or_dsc: 0.8860301855529215, accuracy: 0.9438079040829498,                 specificity: 0.958758617601454, sensitivity: 0.8973380148369331, confusion_matrix: [[38411223  1652274]
 [ 1323271 11566320]]
