2026-08-29 22:21:57 - PTU ISIC18 | dual=True | depths=[2, 2, 4, 2] | params: 15,524,261 | batch 64 | Cosine 300ep | seed 42
2026-08-29 22:22:02 - train: epoch 1, iter:0, loss: 7.1885, lr: 0.0001
2026-08-29 22:22:11 - train: epoch 1, iter:20, loss: 1.7423, lr: 0.0001
2026-08-29 22:22:26 - val epoch: 1, loss: 0.7923
2026-08-29 22:22:28 - train: epoch 2, iter:0, loss: 0.8838, lr: 9.999753262144806e-05
2026-08-29 22:22:37 - train: epoch 2, iter:20, loss: 0.7055, lr: 9.999753262144806e-05
2026-08-29 22:22:53 - val epoch: 2, loss: 0.5687
2026-08-29 22:22:56 - train: epoch 3, iter:0, loss: 0.5672, lr: 9.999013075636806e-05
2026-08-29 22:23:05 - train: epoch 3, iter:20, loss: 0.6336, lr: 9.999013075636806e-05
2026-08-29 22:23:21 - val epoch: 3, loss: 0.7445
2026-08-29 22:23:24 - train: epoch 4, iter:0, loss: 0.6979, lr: 9.997779521645793e-05
2026-08-29 22:23:33 - train: epoch 4, iter:20, loss: 0.4952, lr: 9.997779521645793e-05
2026-08-29 22:23:49 - val epoch: 4, loss: 0.5145
2026-08-29 22:23:52 - train: epoch 5, iter:0, loss: 0.4583, lr: 9.996052735444864e-05
2026-08-29 22:24:01 - train: epoch 5, iter:20, loss: 0.4755, lr: 9.996052735444864e-05
2026-08-29 22:24:16 - val epoch: 5, loss: 0.4393
2026-08-29 22:24:19 - train: epoch 6, iter:0, loss: 0.4079, lr: 9.993832906395583e-05
2026-08-29 22:24:28 - train: epoch 6, iter:20, loss: 0.4312, lr: 9.993832906395583e-05
2026-08-29 22:24:44 - val epoch: 6, loss: 0.4217
2026-08-29 22:24:47 - train: epoch 7, iter:0, loss: 0.3967, lr: 9.991120277927223e-05
2026-08-29 22:24:57 - train: epoch 7, iter:20, loss: 0.4510, lr: 9.991120277927223e-05
2026-08-29 22:25:17 - val epoch: 7, loss: 0.5217
2026-08-29 22:25:20 - train: epoch 8, iter:0, loss: 0.3871, lr: 9.987915147510061e-05
2026-08-29 22:25:29 - train: epoch 8, iter:20, loss: 0.3887, lr: 9.987915147510061e-05
2026-08-29 22:25:44 - val epoch: 8, loss: 0.4479
2026-08-29 22:25:47 - train: epoch 9, iter:0, loss: 0.3225, lr: 9.98421786662277e-05
2026-08-29 22:25:57 - train: epoch 9, iter:20, loss: 0.3787, lr: 9.98421786662277e-05
2026-08-29 22:26:16 - val epoch: 9, loss: 0.4058
2026-08-29 22:26:19 - train: epoch 10, iter:0, loss: 0.3927, lr: 9.98002884071386e-05
2026-08-29 22:26:28 - train: epoch 10, iter:20, loss: 0.3905, lr: 9.98002884071386e-05
2026-08-29 22:26:49 - val epoch: 10, loss: 0.5101
2026-08-29 22:26:51 - train: epoch 11, iter:0, loss: 0.4660, lr: 9.97534852915723e-05
2026-08-29 22:27:01 - train: epoch 11, iter:20, loss: 0.3922, lr: 9.97534852915723e-05
2026-08-29 22:27:16 - val epoch: 11, loss: 0.3795
2026-08-29 22:27:18 - train: epoch 12, iter:0, loss: 0.3078, lr: 9.970177445201784e-05
2026-08-29 22:27:28 - train: epoch 12, iter:20, loss: 0.3358, lr: 9.970177445201784e-05
2026-08-29 22:27:44 - val epoch: 12, loss: 0.3870
2026-08-29 22:27:47 - train: epoch 13, iter:0, loss: 0.3827, lr: 9.964516155915151e-05
2026-08-29 22:27:56 - train: epoch 13, iter:20, loss: 0.3702, lr: 9.964516155915151e-05
2026-08-29 22:28:13 - val epoch: 13, loss: 0.4182
2026-08-29 22:28:16 - train: epoch 14, iter:0, loss: 0.3303, lr: 9.958365282121496e-05
2026-08-29 22:28:25 - train: epoch 14, iter:20, loss: 0.3437, lr: 9.958365282121496e-05
2026-08-29 22:28:41 - val epoch: 14, loss: 0.4116
2026-08-29 22:28:44 - train: epoch 15, iter:0, loss: 0.3611, lr: 9.951725498333447e-05
2026-08-29 22:28:53 - train: epoch 15, iter:20, loss: 0.3297, lr: 9.951725498333447e-05
2026-08-29 22:29:12 - val epoch: 15, loss: 0.3547
2026-08-29 22:29:14 - train: epoch 16, iter:0, loss: 0.2879, lr: 9.944597532678119e-05
2026-08-29 22:29:24 - train: epoch 16, iter:20, loss: 0.3097, lr: 9.944597532678119e-05
2026-08-29 22:29:40 - val epoch: 16, loss: 0.3970
2026-08-29 22:29:42 - train: epoch 17, iter:0, loss: 0.3047, lr: 9.936982166817271e-05
2026-08-29 22:29:52 - train: epoch 17, iter:20, loss: 0.3251, lr: 9.936982166817271e-05
2026-08-29 22:30:08 - val epoch: 17, loss: 0.3297
2026-08-29 22:30:10 - train: epoch 18, iter:0, loss: 0.3336, lr: 9.928880235861587e-05
2026-08-29 22:30:19 - train: epoch 18, iter:20, loss: 0.3284, lr: 9.928880235861587e-05
2026-08-29 22:30:36 - val epoch: 18, loss: 0.4274
2026-08-29 22:30:38 - train: epoch 19, iter:0, loss: 0.3671, lr: 9.920292628279099e-05
2026-08-29 22:30:47 - train: epoch 19, iter:20, loss: 0.3062, lr: 9.920292628279099e-05
2026-08-29 22:31:06 - val epoch: 19, loss: 0.3549
2026-08-29 22:31:08 - train: epoch 20, iter:0, loss: 0.3827, lr: 9.911220285797748e-05
2026-08-29 22:31:17 - train: epoch 20, iter:20, loss: 0.3188, lr: 9.911220285797748e-05
2026-08-29 22:31:32 - val epoch: 20, loss: 0.3611
2026-08-29 22:31:34 - train: epoch 21, iter:0, loss: 0.2430, lr: 9.901664203302125e-05
2026-08-29 22:31:44 - train: epoch 21, iter:20, loss: 0.3350, lr: 9.901664203302125e-05
2026-08-29 22:31:59 - val epoch: 21, loss: 0.3459
2026-08-29 22:32:02 - train: epoch 22, iter:0, loss: 0.3861, lr: 9.891625428724362e-05
2026-08-29 22:32:11 - train: epoch 22, iter:20, loss: 0.2858, lr: 9.891625428724362e-05
2026-08-29 22:32:29 - val epoch: 22, loss: 0.3507
2026-08-29 22:32:31 - train: epoch 23, iter:0, loss: 0.2601, lr: 9.88110506292922e-05
2026-08-29 22:32:41 - train: epoch 23, iter:20, loss: 0.2810, lr: 9.88110506292922e-05
2026-08-29 22:32:56 - val epoch: 23, loss: 0.3409
2026-08-29 22:32:58 - train: epoch 24, iter:0, loss: 0.2816, lr: 9.87010425959336e-05
2026-08-29 22:33:07 - train: epoch 24, iter:20, loss: 0.3439, lr: 9.87010425959336e-05
2026-08-29 22:33:26 - val epoch: 24, loss: 0.3655
2026-08-29 22:33:28 - train: epoch 25, iter:0, loss: 0.2946, lr: 9.858624225078838e-05
2026-08-29 22:33:38 - train: epoch 25, iter:20, loss: 0.2720, lr: 9.858624225078838e-05
2026-08-29 22:33:56 - val epoch: 25, loss: 0.3666
2026-08-29 22:33:59 - train: epoch 26, iter:0, loss: 0.2792, lr: 9.846666218300805e-05
2026-08-29 22:34:08 - train: epoch 26, iter:20, loss: 0.2803, lr: 9.846666218300805e-05
2026-08-29 22:34:23 - val epoch: 26, loss: 0.3524
2026-08-29 22:34:25 - train: epoch 27, iter:0, loss: 0.3148, lr: 9.83423155058946e-05
2026-08-29 22:34:35 - train: epoch 27, iter:20, loss: 0.2864, lr: 9.83423155058946e-05
2026-08-29 22:34:55 - val epoch: 27, loss: 0.3430
2026-08-29 22:34:57 - train: epoch 28, iter:0, loss: 0.2282, lr: 9.821321585546243e-05
2026-08-29 22:35:07 - train: epoch 28, iter:20, loss: 0.2817, lr: 9.821321585546243e-05
2026-08-29 22:35:22 - val epoch: 28, loss: 0.3963
2026-08-29 22:35:25 - train: epoch 29, iter:0, loss: 0.3326, lr: 9.8079377388943e-05
2026-08-29 22:35:34 - train: epoch 29, iter:20, loss: 0.2939, lr: 9.8079377388943e-05
2026-08-29 22:35:54 - val epoch: 29, loss: 0.3840
2026-08-29 22:35:57 - train: epoch 30, iter:0, loss: 0.2006, lr: 9.794081478323245e-05
2026-08-29 22:36:06 - train: epoch 30, iter:20, loss: 0.2873, lr: 9.794081478323245e-05
2026-08-29 22:36:25 - val epoch: 30, loss: 0.3314, miou: 0.7706568033818114, f1_or_dsc: 0.870475635831765, accuracy: 0.9390738270070293, specificity: 0.9706050872194207, sensitivity: 0.8410681921559807
2026-08-29 22:36:27 - train: epoch 31, iter:0, loss: 0.2364, lr: 9.779754323328191e-05
2026-08-29 22:36:37 - train: epoch 31, iter:20, loss: 0.2723, lr: 9.779754323328191e-05
2026-08-29 22:36:56 - val epoch: 31, loss: 0.4096
2026-08-29 22:36:58 - train: epoch 32, iter:0, loss: 0.2768, lr: 9.764957845043135e-05
2026-08-29 22:37:08 - train: epoch 32, iter:20, loss: 0.2862, lr: 9.764957845043135e-05
2026-08-29 22:37:23 - val epoch: 32, loss: 0.3215
2026-08-29 22:37:26 - train: epoch 33, iter:0, loss: 0.2336, lr: 9.749693666068665e-05
2026-08-29 22:37:35 - train: epoch 33, iter:20, loss: 0.2566, lr: 9.749693666068665e-05
2026-08-29 22:37:54 - val epoch: 33, loss: 0.3567
2026-08-29 22:37:56 - train: epoch 34, iter:0, loss: 0.2182, lr: 9.733963460294014e-05
2026-08-29 22:38:05 - train: epoch 34, iter:20, loss: 0.2717, lr: 9.733963460294014e-05
2026-08-29 22:38:21 - val epoch: 34, loss: 0.3652
2026-08-29 22:38:24 - train: epoch 35, iter:0, loss: 0.1643, lr: 9.71776895271351e-05
2026-08-29 22:38:34 - train: epoch 35, iter:20, loss: 0.2481, lr: 9.71776895271351e-05
2026-08-29 22:38:58 - val epoch: 35, loss: 0.4107
2026-08-29 22:39:01 - train: epoch 36, iter:0, loss: 0.2932, lr: 9.701111919237405e-05
2026-08-29 22:39:10 - train: epoch 36, iter:20, loss: 0.2867, lr: 9.701111919237405e-05
2026-08-29 22:39:32 - val epoch: 36, loss: 0.4001
2026-08-29 22:39:35 - train: epoch 37, iter:0, loss: 0.2952, lr: 9.68399418649713e-05
2026-08-29 22:39:45 - train: epoch 37, iter:20, loss: 0.2620, lr: 9.68399418649713e-05
2026-08-29 22:40:06 - val epoch: 37, loss: 0.3718
2026-08-29 22:40:08 - train: epoch 38, iter:0, loss: 0.2250, lr: 9.666417631644976e-05
2026-08-29 22:40:18 - train: epoch 38, iter:20, loss: 0.2560, lr: 9.666417631644976e-05
2026-08-29 22:40:41 - val epoch: 38, loss: 0.3890
2026-08-29 22:40:44 - train: epoch 39, iter:0, loss: 0.2879, lr: 9.648384182148252e-05
2026-08-29 22:40:54 - train: epoch 39, iter:20, loss: 0.2548, lr: 9.648384182148252e-05
2026-08-29 22:41:21 - val epoch: 39, loss: 0.3288
2026-08-29 22:41:25 - train: epoch 40, iter:0, loss: 0.3291, lr: 9.629895815577914e-05
2026-08-29 22:41:34 - train: epoch 40, iter:20, loss: 0.2741, lr: 9.629895815577914e-05
2026-08-29 22:41:54 - val epoch: 40, loss: 0.3550
2026-08-29 22:41:56 - train: epoch 41, iter:0, loss: 0.1958, lr: 9.610954559391703e-05
2026-08-29 22:42:05 - train: epoch 41, iter:20, loss: 0.2390, lr: 9.610954559391703e-05
2026-08-29 22:42:24 - val epoch: 41, loss: 0.3547
2026-08-29 22:42:27 - train: epoch 42, iter:0, loss: 0.2341, lr: 9.591562490711808e-05
2026-08-29 22:42:36 - train: epoch 42, iter:20, loss: 0.2580, lr: 9.591562490711808e-05
2026-08-29 22:42:56 - val epoch: 42, loss: 0.3530
2026-08-29 22:42:59 - train: epoch 43, iter:0, loss: 0.2861, lr: 9.571721736097088e-05
2026-08-29 22:43:09 - train: epoch 43, iter:20, loss: 0.2552, lr: 9.571721736097088e-05
2026-08-29 22:43:25 - val epoch: 43, loss: 0.3652
2026-08-29 22:43:27 - train: epoch 44, iter:0, loss: 0.2550, lr: 9.55143447130987e-05
2026-08-29 22:43:37 - train: epoch 44, iter:20, loss: 0.2500, lr: 9.55143447130987e-05
2026-08-29 22:43:54 - val epoch: 44, loss: 0.3210
2026-08-29 22:43:57 - train: epoch 45, iter:0, loss: 0.2344, lr: 9.530702921077357e-05
2026-08-29 22:44:06 - train: epoch 45, iter:20, loss: 0.2375, lr: 9.530702921077357e-05
2026-08-29 22:44:26 - val epoch: 45, loss: 0.3199
2026-08-29 22:44:30 - train: epoch 46, iter:0, loss: 0.2340, lr: 9.509529358847654e-05
2026-08-29 22:44:39 - train: epoch 46, iter:20, loss: 0.2401, lr: 9.509529358847654e-05
2026-08-29 22:44:55 - val epoch: 46, loss: 0.3102
2026-08-29 22:44:58 - train: epoch 47, iter:0, loss: 0.1830, lr: 9.487916106540465e-05
2026-08-29 22:45:07 - train: epoch 47, iter:20, loss: 0.2427, lr: 9.487916106540465e-05
2026-08-29 22:45:27 - val epoch: 47, loss: 0.3226
2026-08-29 22:45:30 - train: epoch 48, iter:0, loss: 0.2553, lr: 9.465865534292464e-05
2026-08-29 22:45:39 - train: epoch 48, iter:20, loss: 0.2544, lr: 9.465865534292464e-05
2026-08-29 22:45:55 - val epoch: 48, loss: 0.3621
2026-08-29 22:45:57 - train: epoch 49, iter:0, loss: 0.2553, lr: 9.443380060197386e-05
2026-08-29 22:46:06 - train: epoch 49, iter:20, loss: 0.2443, lr: 9.443380060197386e-05
2026-08-29 22:46:25 - val epoch: 49, loss: 0.3236
2026-08-29 22:46:28 - train: epoch 50, iter:0, loss: 0.1861, lr: 9.420462150040853e-05
2026-08-29 22:46:38 - train: epoch 50, iter:20, loss: 0.2316, lr: 9.420462150040853e-05
2026-08-29 22:46:53 - val epoch: 50, loss: 0.3189
2026-08-29 22:46:56 - train: epoch 51, iter:0, loss: 0.2115, lr: 9.397114317029975e-05
2026-08-29 22:47:06 - train: epoch 51, iter:20, loss: 0.2403, lr: 9.397114317029975e-05
2026-08-29 22:47:23 - val epoch: 51, loss: 0.3421
2026-08-29 22:47:26 - train: epoch 52, iter:0, loss: 0.1590, lr: 9.373339121517747e-05
2026-08-29 22:47:35 - train: epoch 52, iter:20, loss: 0.2234, lr: 9.373339121517747e-05
2026-08-29 22:47:51 - val epoch: 52, loss: 0.3282
2026-08-29 22:47:54 - train: epoch 53, iter:0, loss: 0.2358, lr: 9.349139170722281e-05
2026-08-29 22:48:03 - train: epoch 53, iter:20, loss: 0.2306, lr: 9.349139170722281e-05
2026-08-29 22:48:19 - val epoch: 53, loss: 0.3421
2026-08-29 22:48:22 - train: epoch 54, iter:0, loss: 0.2135, lr: 9.32451711844089e-05
2026-08-29 22:48:32 - train: epoch 54, iter:20, loss: 0.2305, lr: 9.32451711844089e-05
2026-08-29 22:48:49 - val epoch: 54, loss: 0.3602
2026-08-29 22:48:52 - train: epoch 55, iter:0, loss: 0.2854, lr: 9.29947566475907e-05
2026-08-29 22:49:01 - train: epoch 55, iter:20, loss: 0.2418, lr: 9.29947566475907e-05
2026-08-29 22:49:17 - val epoch: 55, loss: 0.3205
2026-08-29 22:49:20 - train: epoch 56, iter:0, loss: 0.2936, lr: 9.274017555754411e-05
2026-08-29 22:49:29 - train: epoch 56, iter:20, loss: 0.2278, lr: 9.274017555754411e-05
2026-08-29 22:49:48 - val epoch: 56, loss: 0.3265
2026-08-29 22:49:50 - train: epoch 57, iter:0, loss: 0.1670, lr: 9.248145583195451e-05
2026-08-29 22:50:00 - train: epoch 57, iter:20, loss: 0.2206, lr: 9.248145583195451e-05
2026-08-29 22:50:15 - val epoch: 57, loss: 0.3595
2026-08-29 22:50:17 - train: epoch 58, iter:0, loss: 0.2024, lr: 9.22186258423553e-05
2026-08-29 22:50:27 - train: epoch 58, iter:20, loss: 0.2274, lr: 9.22186258423553e-05
2026-08-29 22:50:46 - val epoch: 58, loss: 0.3160
2026-08-29 22:50:49 - train: epoch 59, iter:0, loss: 0.2316, lr: 9.195171441101671e-05
2026-08-29 22:50:58 - train: epoch 59, iter:20, loss: 0.2240, lr: 9.195171441101671e-05
2026-08-29 22:51:14 - val epoch: 59, loss: 0.3294
2026-08-29 22:51:17 - train: epoch 60, iter:0, loss: 0.2035, lr: 9.168075080778497e-05
2026-08-29 22:51:26 - train: epoch 60, iter:20, loss: 0.2263, lr: 9.168075080778497e-05
2026-08-29 22:51:51 - val epoch: 60, loss: 0.3296, miou: 0.7708757051905831, f1_or_dsc: 0.8706152588022781, accuracy: 0.939726971163608, specificity: 0.9740373637378684, sensitivity: 0.8330832219579349
2026-08-29 22:51:53 - train: epoch 61, iter:0, loss: 0.2474, lr: 9.140576474687266e-05
2026-08-29 23:32:07 - PTU ISIC18 | dual=True | depths=[2, 2, 4, 2] | params: 15,524,261 | batch 64 | Cosine 300ep | seed 42
2026-08-29 23:32:07 - resumed from results/ptu_isic18_dual_d4_Saturday_29_August_2026_22h_21m_56s/checkpoints/latest.pth: epoch 60, min_loss 0.3102@ep46, continue from 61
2026-08-29 23:32:11 - train: epoch 61, iter:0, loss: 0.2306, lr: 9.140576474687266e-05
2026-08-29 23:32:21 - train: epoch 61, iter:20, loss: 0.2227, lr: 9.140576474687266e-05
2026-08-29 23:32:36 - val epoch: 61, loss: 0.3901
2026-08-29 23:32:38 - train: epoch 62, iter:0, loss: 0.2302, lr: 9.112678638360019e-05
2026-08-29 23:32:47 - train: epoch 62, iter:20, loss: 0.2423, lr: 9.112678638360019e-05
2026-08-29 23:33:02 - val epoch: 62, loss: 0.3407
2026-08-29 23:33:05 - train: epoch 63, iter:0, loss: 0.2318, lr: 9.084384631108886e-05
2026-08-29 23:33:14 - train: epoch 63, iter:20, loss: 0.2163, lr: 9.084384631108886e-05
2026-08-29 23:33:29 - val epoch: 63, loss: 0.3203
2026-08-29 23:33:32 - train: epoch 64, iter:0, loss: 0.3102, lr: 9.055697555690608e-05
2026-08-29 23:33:41 - train: epoch 64, iter:20, loss: 0.2346, lr: 9.055697555690608e-05
2026-08-29 23:33:56 - val epoch: 64, loss: 0.3623
2026-08-29 23:33:59 - train: epoch 65, iter:0, loss: 0.2407, lr: 9.026620557966282e-05
2026-08-29 23:34:08 - train: epoch 65, iter:20, loss: 0.2128, lr: 9.026620557966282e-05
2026-08-29 23:34:23 - val epoch: 65, loss: 0.3288
2026-08-29 23:34:25 - train: epoch 66, iter:0, loss: 0.2043, lr: 8.997156826556372e-05
2026-08-29 23:34:35 - train: epoch 66, iter:20, loss: 0.2247, lr: 8.997156826556372e-05
2026-08-29 23:34:50 - val epoch: 66, loss: 0.3518
2026-08-29 23:34:52 - train: epoch 67, iter:0, loss: 0.2490, lr: 8.967309592491055e-05
2026-08-29 23:35:01 - train: epoch 67, iter:20, loss: 0.2278, lr: 8.967309592491055e-05
2026-08-29 23:35:16 - val epoch: 67, loss: 0.3536
2026-08-29 23:35:18 - train: epoch 68, iter:0, loss: 0.1774, lr: 8.937082128855894e-05
2026-08-29 23:35:28 - train: epoch 68, iter:20, loss: 0.2030, lr: 8.937082128855894e-05
2026-08-29 23:35:43 - val epoch: 68, loss: 0.3266
2026-08-29 23:35:45 - train: epoch 69, iter:0, loss: 0.2144, lr: 8.906477750432907e-05
2026-08-29 23:35:55 - train: epoch 69, iter:20, loss: 0.2147, lr: 8.906477750432907e-05
2026-08-29 23:36:10 - val epoch: 69, loss: 0.3244
2026-08-29 23:36:12 - train: epoch 70, iter:0, loss: 0.1793, lr: 8.875499813337071e-05
2026-08-29 23:36:22 - train: epoch 70, iter:20, loss: 0.2023, lr: 8.875499813337071e-05
2026-08-29 23:36:36 - val epoch: 70, loss: 0.3593
2026-08-29 23:36:39 - train: epoch 71, iter:0, loss: 0.2570, lr: 8.844151714648278e-05
2026-08-29 23:36:48 - train: epoch 71, iter:20, loss: 0.2089, lr: 8.844151714648278e-05
2026-08-29 23:37:03 - val epoch: 71, loss: 0.3146
2026-08-29 23:37:06 - train: epoch 72, iter:0, loss: 0.2311, lr: 8.812436892038808e-05
2026-08-29 23:37:15 - train: epoch 72, iter:20, loss: 0.2050, lr: 8.812436892038808e-05
2026-08-29 23:37:30 - val epoch: 72, loss: 0.3648
2026-08-29 23:37:32 - train: epoch 73, iter:0, loss: 0.1994, lr: 8.780358823396356e-05
2026-08-29 23:37:41 - train: epoch 73, iter:20, loss: 0.2038, lr: 8.780358823396356e-05
2026-08-29 23:37:56 - val epoch: 73, loss: 0.3276
2026-08-29 23:37:59 - train: epoch 74, iter:0, loss: 0.2260, lr: 8.747921026442633e-05
2026-08-29 23:38:08 - train: epoch 74, iter:20, loss: 0.2041, lr: 8.747921026442633e-05
2026-08-29 23:38:23 - val epoch: 74, loss: 0.3035
2026-08-29 23:38:25 - train: epoch 75, iter:0, loss: 0.1776, lr: 8.715127058347619e-05
2026-08-29 23:38:35 - train: epoch 75, iter:20, loss: 0.1925, lr: 8.715127058347619e-05
2026-08-29 23:38:49 - val epoch: 75, loss: 0.3133
2026-08-29 23:38:52 - train: epoch 76, iter:0, loss: 0.2016, lr: 8.681980515339468e-05
2026-08-29 23:39:01 - train: epoch 76, iter:20, loss: 0.2047, lr: 8.681980515339468e-05
2026-08-29 23:39:16 - val epoch: 76, loss: 0.3705
2026-08-29 23:39:18 - train: epoch 77, iter:0, loss: 0.1899, lr: 8.648485032310149e-05
2026-08-29 23:39:28 - train: epoch 77, iter:20, loss: 0.2102, lr: 8.648485032310149e-05
2026-08-29 23:39:43 - val epoch: 77, loss: 0.3054
2026-08-29 23:39:45 - train: epoch 78, iter:0, loss: 0.1969, lr: 8.614644282416834e-05
2026-08-29 23:39:55 - train: epoch 78, iter:20, loss: 0.1942, lr: 8.614644282416834e-05
2026-08-29 23:40:10 - val epoch: 78, loss: 0.3845
2026-08-29 23:40:12 - train: epoch 79, iter:0, loss: 0.1581, lr: 8.580461976679102e-05
2026-08-29 23:40:22 - train: epoch 79, iter:20, loss: 0.2140, lr: 8.580461976679102e-05
2026-08-29 23:40:37 - val epoch: 79, loss: 0.3088
2026-08-29 23:40:39 - train: epoch 80, iter:0, loss: 0.2798, lr: 8.545941863571975e-05
2026-08-29 23:40:48 - train: epoch 80, iter:20, loss: 0.1904, lr: 8.545941863571975e-05
2026-08-29 23:41:03 - val epoch: 80, loss: 0.3792
2026-08-29 23:41:06 - train: epoch 81, iter:0, loss: 0.2221, lr: 8.511087728614864e-05
2026-08-29 23:41:15 - train: epoch 81, iter:20, loss: 0.2105, lr: 8.511087728614864e-05
2026-08-29 23:41:30 - val epoch: 81, loss: 0.4453
2026-08-29 23:41:33 - train: epoch 82, iter:0, loss: 0.3239, lr: 8.475903393956435e-05
2026-08-29 23:41:42 - train: epoch 82, iter:20, loss: 0.1994, lr: 8.475903393956435e-05
2026-08-29 23:41:57 - val epoch: 82, loss: 0.3534
2026-08-29 23:41:59 - train: epoch 83, iter:0, loss: 0.1606, lr: 8.440392717955477e-05
2026-08-29 23:42:08 - train: epoch 83, iter:20, loss: 0.1928, lr: 8.440392717955477e-05
2026-08-29 23:42:23 - val epoch: 83, loss: 0.3135
2026-08-29 23:42:26 - train: epoch 84, iter:0, loss: 0.2187, lr: 8.40455959475778e-05
2026-08-29 23:42:35 - train: epoch 84, iter:20, loss: 0.1969, lr: 8.40455959475778e-05
2026-08-29 23:42:50 - val epoch: 84, loss: 0.3173
2026-08-29 23:42:53 - train: epoch 85, iter:0, loss: 0.1850, lr: 8.368407953869106e-05
2026-08-29 23:43:02 - train: epoch 85, iter:20, loss: 0.1946, lr: 8.368407953869106e-05
2026-08-29 23:43:17 - val epoch: 85, loss: 0.3196
2026-08-29 23:43:20 - train: epoch 86, iter:0, loss: 0.1856, lr: 8.331941759724271e-05
2026-08-29 23:43:29 - train: epoch 86, iter:20, loss: 0.1890, lr: 8.331941759724271e-05
2026-08-29 23:43:44 - val epoch: 86, loss: 0.3393
2026-08-29 23:43:46 - train: epoch 87, iter:0, loss: 0.1854, lr: 8.2951650112524e-05
2026-08-29 23:43:56 - train: epoch 87, iter:20, loss: 0.1845, lr: 8.2951650112524e-05
2026-08-29 23:44:11 - val epoch: 87, loss: 0.3193
2026-08-29 23:44:13 - train: epoch 88, iter:0, loss: 0.1608, lr: 8.258081741438397e-05
2026-08-29 23:44:22 - train: epoch 88, iter:20, loss: 0.1781, lr: 8.258081741438397e-05
2026-08-29 23:44:37 - val epoch: 88, loss: 0.3237
2026-08-29 23:44:39 - train: epoch 89, iter:0, loss: 0.1591, lr: 8.22069601688069e-05
2026-08-29 23:44:49 - train: epoch 89, iter:20, loss: 0.1795, lr: 8.22069601688069e-05
2026-08-29 23:45:04 - val epoch: 89, loss: 0.2996
2026-08-29 23:45:06 - train: epoch 90, iter:0, loss: 0.1275, lr: 8.183011937345273e-05
2026-08-29 23:45:16 - train: epoch 90, iter:20, loss: 0.1860, lr: 8.183011937345273e-05
2026-08-29 23:45:34 - val epoch: 90, loss: 0.3205, miou: 0.7890654116575744, f1_or_dsc: 0.8820978892286593, accuracy: 0.9414177507457167, specificity: 0.9546490911664551, sensitivity: 0.9002920263334966
2026-08-29 23:45:37 - train: epoch 91, iter:0, loss: 0.1764, lr: 8.145033635316131e-05
2026-08-29 23:45:46 - train: epoch 91, iter:20, loss: 0.1739, lr: 8.145033635316131e-05
2026-08-29 23:46:02 - val epoch: 91, loss: 0.3773
2026-08-29 23:46:04 - train: epoch 92, iter:0, loss: 0.1723, lr: 8.106765275542056e-05
2026-08-29 23:46:14 - train: epoch 92, iter:20, loss: 0.1904, lr: 8.106765275542056e-05
2026-08-29 23:46:29 - val epoch: 92, loss: 0.3175
2026-08-29 23:46:31 - train: epoch 93, iter:0, loss: 0.1839, lr: 8.068211054579945e-05
2026-08-29 23:46:41 - train: epoch 93, iter:20, loss: 0.1736, lr: 8.068211054579945e-05
2026-08-29 23:46:56 - val epoch: 93, loss: 0.3220
2026-08-29 23:46:58 - train: epoch 94, iter:0, loss: 0.1389, lr: 8.02937520033459e-05
2026-08-29 23:47:08 - train: epoch 94, iter:20, loss: 0.1743, lr: 8.02937520033459e-05
2026-08-29 23:47:23 - val epoch: 94, loss: 0.3136
2026-08-29 23:47:26 - train: epoch 95, iter:0, loss: 0.1284, lr: 7.99026197159505e-05
2026-08-29 23:47:35 - train: epoch 95, iter:20, loss: 0.1662, lr: 7.99026197159505e-05
2026-08-29 23:47:51 - val epoch: 95, loss: 0.3326
2026-08-29 23:47:54 - train: epoch 96, iter:0, loss: 0.1810, lr: 7.950875657567623e-05
2026-08-29 23:48:03 - train: epoch 96, iter:20, loss: 0.1690, lr: 7.950875657567623e-05
2026-08-29 23:48:18 - val epoch: 96, loss: 0.3192
2026-08-29 23:48:21 - train: epoch 97, iter:0, loss: 0.1574, lr: 7.911220577405486e-05
2026-08-29 23:48:30 - train: epoch 97, iter:20, loss: 0.1760, lr: 7.911220577405486e-05
2026-08-29 23:48:45 - val epoch: 97, loss: 0.3359
2026-08-29 23:48:48 - train: epoch 98, iter:0, loss: 0.1598, lr: 7.871301079735051e-05
2026-08-29 23:48:57 - train: epoch 98, iter:20, loss: 0.1696, lr: 7.871301079735051e-05
2026-08-29 23:49:12 - val epoch: 98, loss: 0.3031
2026-08-29 23:49:15 - train: epoch 99, iter:0, loss: 0.1794, lr: 7.831121542179088e-05
2026-08-29 23:49:24 - train: epoch 99, iter:20, loss: 0.1658, lr: 7.831121542179088e-05
2026-08-29 23:49:40 - val epoch: 99, loss: 0.3652
2026-08-29 23:49:42 - train: epoch 100, iter:0, loss: 0.1807, lr: 7.790686370876673e-05
2026-08-29 23:49:51 - train: epoch 100, iter:20, loss: 0.1739, lr: 7.790686370876673e-05
2026-08-29 23:50:06 - val epoch: 100, loss: 0.3610
2026-08-29 23:50:09 - train: epoch 101, iter:0, loss: 0.1516, lr: 7.750000000000003e-05
2026-08-29 23:50:18 - train: epoch 101, iter:20, loss: 0.1727, lr: 7.750000000000003e-05
2026-08-29 23:50:33 - val epoch: 101, loss: 0.3310
2026-08-29 23:50:36 - train: epoch 102, iter:0, loss: 0.1538, lr: 7.709066891268137e-05
2026-08-29 23:50:45 - train: epoch 102, iter:20, loss: 0.1702, lr: 7.709066891268137e-05
2026-08-29 23:51:00 - val epoch: 102, loss: 0.3065
2026-08-29 23:51:03 - train: epoch 103, iter:0, loss: 0.1741, lr: 7.667891533457722e-05
2026-08-29 23:51:12 - train: epoch 103, iter:20, loss: 0.1744, lr: 7.667891533457722e-05
2026-08-29 23:51:28 - val epoch: 103, loss: 0.3449
2026-08-29 23:51:30 - train: epoch 104, iter:0, loss: 0.1708, lr: 7.626478441910747e-05
2026-08-29 23:51:40 - train: epoch 104, iter:20, loss: 0.1656, lr: 7.626478441910747e-05
2026-08-29 23:51:55 - val epoch: 104, loss: 0.3075
2026-08-29 23:51:58 - train: epoch 105, iter:0, loss: 0.1669, lr: 7.584832158039382e-05
2026-08-29 23:52:07 - train: epoch 105, iter:20, loss: 0.1626, lr: 7.584832158039382e-05
2026-08-29 23:52:22 - val epoch: 105, loss: 0.3463
2026-08-29 23:52:25 - train: epoch 106, iter:0, loss: 0.1854, lr: 7.542957248827964e-05
2026-08-29 23:52:34 - train: epoch 106, iter:20, loss: 0.1576, lr: 7.542957248827964e-05
2026-08-29 23:52:49 - val epoch: 106, loss: 0.3289
2026-08-29 23:52:51 - train: epoch 107, iter:0, loss: 0.1306, lr: 7.500858306332177e-05
2026-08-29 23:53:01 - train: epoch 107, iter:20, loss: 0.1632, lr: 7.500858306332177e-05
2026-08-29 23:53:16 - val epoch: 107, loss: 0.3166
2026-08-29 23:53:18 - train: epoch 108, iter:0, loss: 0.1552, lr: 7.458539947175478e-05
2026-08-29 23:53:27 - train: epoch 108, iter:20, loss: 0.1647, lr: 7.458539947175478e-05
2026-08-29 23:53:43 - val epoch: 108, loss: 0.3163
2026-08-29 23:53:45 - train: epoch 109, iter:0, loss: 0.1489, lr: 7.41600681204283e-05
2026-08-29 23:53:55 - train: epoch 109, iter:20, loss: 0.1661, lr: 7.41600681204283e-05
2026-08-29 23:54:10 - val epoch: 109, loss: 0.3282
2026-08-29 23:54:12 - train: epoch 110, iter:0, loss: 0.1413, lr: 7.373263565171809e-05
2026-08-29 23:54:22 - train: epoch 110, iter:20, loss: 0.1570, lr: 7.373263565171809e-05
2026-08-29 23:54:37 - val epoch: 110, loss: 0.3608
2026-08-29 23:54:40 - train: epoch 111, iter:0, loss: 0.1366, lr: 7.330314893841104e-05
2026-08-29 23:54:49 - train: epoch 111, iter:20, loss: 0.1555, lr: 7.330314893841104e-05
2026-08-29 23:55:04 - val epoch: 111, loss: 0.3747
2026-08-29 23:55:07 - train: epoch 112, iter:0, loss: 0.1247, lr: 7.287165507856516e-05
2026-08-29 23:55:16 - train: epoch 112, iter:20, loss: 0.1564, lr: 7.287165507856516e-05
2026-08-29 23:55:32 - val epoch: 112, loss: 0.3646
2026-08-29 23:55:34 - train: epoch 113, iter:0, loss: 0.1563, lr: 7.243820139034467e-05
2026-08-29 23:55:43 - train: epoch 113, iter:20, loss: 0.1576, lr: 7.243820139034467e-05
2026-08-29 23:55:59 - val epoch: 113, loss: 0.3409
2026-08-29 23:56:02 - train: epoch 114, iter:0, loss: 0.1351, lr: 7.200283540683105e-05
2026-08-29 23:56:11 - train: epoch 114, iter:20, loss: 0.1559, lr: 7.200283540683105e-05
2026-08-29 23:56:26 - val epoch: 114, loss: 0.3546
2026-08-29 23:56:29 - train: epoch 115, iter:0, loss: 0.1420, lr: 7.156560487081054e-05
2026-08-29 23:56:38 - train: epoch 115, iter:20, loss: 0.1531, lr: 7.156560487081054e-05
2026-08-29 23:56:54 - val epoch: 115, loss: 0.3403
2026-08-29 23:56:56 - train: epoch 116, iter:0, loss: 0.1688, lr: 7.112655772953852e-05
2026-08-29 23:57:06 - train: epoch 116, iter:20, loss: 0.1592, lr: 7.112655772953852e-05
2026-08-29 23:57:21 - val epoch: 116, loss: 0.3758
2026-08-29 23:57:23 - train: epoch 117, iter:0, loss: 0.1213, lr: 7.06857421294817e-05
2026-08-29 23:57:33 - train: epoch 117, iter:20, loss: 0.1564, lr: 7.06857421294817e-05
2026-08-29 23:57:48 - val epoch: 117, loss: 0.3356
2026-08-29 23:57:50 - train: epoch 118, iter:0, loss: 0.1469, lr: 7.024320641103815e-05
2026-08-29 23:58:00 - train: epoch 118, iter:20, loss: 0.1558, lr: 7.024320641103815e-05
2026-08-29 23:58:15 - val epoch: 118, loss: 0.3486
2026-08-29 23:58:18 - train: epoch 119, iter:0, loss: 0.1837, lr: 6.979899910323627e-05
2026-08-29 23:58:27 - train: epoch 119, iter:20, loss: 0.1516, lr: 6.979899910323627e-05
2026-08-29 23:58:43 - val epoch: 119, loss: 0.3443
2026-08-29 23:58:46 - train: epoch 120, iter:0, loss: 0.1355, lr: 6.935316891841318e-05
2026-08-29 23:58:55 - train: epoch 120, iter:20, loss: 0.1482, lr: 6.935316891841318e-05
2026-08-29 23:59:15 - val epoch: 120, loss: 0.3539, miou: 0.7780853597579233, f1_or_dsc: 0.8751946080517252, accuracy: 0.9389891482815884, specificity: 0.9583469211387113, sensitivity: 0.8788212131789132
2026-08-29 23:59:17 - train: epoch 121, iter:0, loss: 0.1479, lr: 6.890576474687267e-05
2026-08-29 23:59:26 - train: epoch 121, iter:20, loss: 0.1505, lr: 6.890576474687267e-05
2026-08-29 23:59:42 - val epoch: 121, loss: 0.3358
2026-08-29 23:59:44 - train: epoch 122, iter:0, loss: 0.1261, lr: 6.845683565152394e-05
2026-08-29 23:59:54 - train: epoch 122, iter:20, loss: 0.1510, lr: 6.845683565152394e-05
2026-08-30 00:00:09 - val epoch: 122, loss: 0.3330
2026-08-30 00:00:12 - train: epoch 123, iter:0, loss: 0.1543, lr: 6.800643086250126e-05
2026-08-30 00:00:21 - train: epoch 123, iter:20, loss: 0.1458, lr: 6.800643086250126e-05
2026-08-30 00:00:36 - val epoch: 123, loss: 0.3613
2026-08-30 00:00:39 - train: epoch 124, iter:0, loss: 0.1445, lr: 6.755459977176537e-05
2026-08-30 00:00:48 - train: epoch 124, iter:20, loss: 0.1468, lr: 6.755459977176537e-05
2026-08-30 00:01:03 - val epoch: 124, loss: 0.3269
2026-08-30 00:01:06 - train: epoch 125, iter:0, loss: 0.1591, lr: 6.710139192768701e-05
2026-08-30 00:01:15 - train: epoch 125, iter:20, loss: 0.1420, lr: 6.710139192768701e-05
2026-08-30 00:01:31 - val epoch: 125, loss: 0.3125
2026-08-30 00:01:33 - train: epoch 126, iter:0, loss: 0.1563, lr: 6.66468570296135e-05
2026-08-30 00:01:43 - train: epoch 126, iter:20, loss: 0.1395, lr: 6.66468570296135e-05
2026-08-30 00:01:58 - val epoch: 126, loss: 0.3606
2026-08-30 00:02:01 - train: epoch 127, iter:0, loss: 0.1330, lr: 6.619104492241852e-05
2026-08-30 00:02:10 - train: epoch 127, iter:20, loss: 0.1399, lr: 6.619104492241852e-05
2026-08-30 00:02:26 - val epoch: 127, loss: 0.3594
2026-08-30 00:02:28 - train: epoch 128, iter:0, loss: 0.1362, lr: 6.57340055910362e-05
2026-08-30 00:02:37 - train: epoch 128, iter:20, loss: 0.1394, lr: 6.57340055910362e-05
2026-08-30 00:02:53 - val epoch: 128, loss: 0.3600
2026-08-30 00:02:55 - train: epoch 129, iter:0, loss: 0.1400, lr: 6.527578915497956e-05
2026-08-30 00:03:05 - train: epoch 129, iter:20, loss: 0.1352, lr: 6.527578915497956e-05
2026-08-30 00:03:20 - val epoch: 129, loss: 0.3591
2026-08-30 00:03:23 - train: epoch 130, iter:0, loss: 0.1271, lr: 6.481644586284449e-05
2026-08-30 00:03:32 - train: epoch 130, iter:20, loss: 0.1366, lr: 6.481644586284449e-05
2026-08-30 00:03:47 - val epoch: 130, loss: 0.3771
2026-08-30 00:03:50 - train: epoch 131, iter:0, loss: 0.1425, lr: 6.435602608679923e-05
2026-08-30 00:03:59 - train: epoch 131, iter:20, loss: 0.1324, lr: 6.435602608679923e-05
2026-08-30 00:04:15 - val epoch: 131, loss: 0.3746
2026-08-30 00:04:17 - train: epoch 132, iter:0, loss: 0.1402, lr: 6.389458031706073e-05
2026-08-30 00:04:27 - train: epoch 132, iter:20, loss: 0.1402, lr: 6.389458031706073e-05
2026-08-30 00:04:42 - val epoch: 132, loss: 0.3796
2026-08-30 00:04:44 - train: epoch 133, iter:0, loss: 0.1432, lr: 6.343215915635769e-05
2026-08-30 00:04:54 - train: epoch 133, iter:20, loss: 0.1381, lr: 6.343215915635769e-05
2026-08-30 00:05:09 - val epoch: 133, loss: 0.3422
2026-08-30 00:05:11 - train: epoch 134, iter:0, loss: 0.1314, lr: 6.296881331438133e-05
2026-08-30 00:05:21 - train: epoch 134, iter:20, loss: 0.1399, lr: 6.296881331438133e-05
2026-08-30 00:05:36 - val epoch: 134, loss: 0.3441
2026-08-30 00:05:38 - train: epoch 135, iter:0, loss: 0.1173, lr: 6.250459360222469e-05
2026-08-30 00:05:48 - train: epoch 135, iter:20, loss: 0.1324, lr: 6.250459360222469e-05
2026-08-30 00:06:03 - val epoch: 135, loss: 0.3447
2026-08-30 00:06:06 - train: epoch 136, iter:0, loss: 0.1164, lr: 6.203955092681049e-05
2026-08-30 00:06:15 - train: epoch 136, iter:20, loss: 0.1309, lr: 6.203955092681049e-05
2026-08-30 00:06:30 - val epoch: 136, loss: 0.3517
2026-08-30 00:06:33 - train: epoch 137, iter:0, loss: 0.1362, lr: 6.157373628530863e-05
2026-08-30 00:06:42 - train: epoch 137, iter:20, loss: 0.1291, lr: 6.157373628530863e-05
2026-08-30 00:06:58 - val epoch: 137, loss: 0.3594
2026-08-30 00:07:00 - train: epoch 138, iter:0, loss: 0.1211, lr: 6.11072007595438e-05
2026-08-30 00:07:09 - train: epoch 138, iter:20, loss: 0.1316, lr: 6.11072007595438e-05
2026-08-30 00:07:25 - val epoch: 138, loss: 0.3341
2026-08-30 00:07:28 - train: epoch 139, iter:0, loss: 0.1338, lr: 6.06399955103938e-05
2026-08-30 00:07:37 - train: epoch 139, iter:20, loss: 0.1317, lr: 6.06399955103938e-05
2026-08-30 00:07:52 - val epoch: 139, loss: 0.3392
2026-08-30 00:07:55 - train: epoch 140, iter:0, loss: 0.1099, lr: 6.017217177217911e-05
2026-08-30 00:08:04 - train: epoch 140, iter:20, loss: 0.1274, lr: 6.017217177217911e-05
2026-08-30 00:08:19 - val epoch: 140, loss: 0.3354
2026-08-30 00:08:22 - train: epoch 141, iter:0, loss: 0.1258, lr: 5.970378084704452e-05
2026-08-30 00:08:32 - train: epoch 141, iter:20, loss: 0.1282, lr: 5.970378084704452e-05
2026-08-30 00:08:47 - val epoch: 141, loss: 0.3524
2026-08-30 00:08:49 - train: epoch 142, iter:0, loss: 0.1326, lr: 5.923487409933326e-05
2026-08-30 00:08:58 - train: epoch 142, iter:20, loss: 0.1246, lr: 5.923487409933326e-05
2026-08-30 00:09:13 - val epoch: 142, loss: 0.3783
2026-08-30 00:09:16 - train: epoch 143, iter:0, loss: 0.1432, lr: 5.8765502949954305e-05
2026-08-30 00:09:26 - train: epoch 143, iter:20, loss: 0.1234, lr: 5.8765502949954305e-05
2026-08-30 00:09:41 - val epoch: 143, loss: 0.3507
2026-08-30 00:09:44 - train: epoch 144, iter:0, loss: 0.1108, lr: 5.8295718870743535e-05
2026-08-30 00:09:54 - train: epoch 144, iter:20, loss: 0.1285, lr: 5.8295718870743535e-05
2026-08-30 00:10:09 - val epoch: 144, loss: 0.3542
2026-08-30 00:10:11 - train: epoch 145, iter:0, loss: 0.1227, lr: 5.782557337881921e-05
2026-08-30 00:10:21 - train: epoch 145, iter:20, loss: 0.1281, lr: 5.782557337881921e-05
2026-08-30 00:10:36 - val epoch: 145, loss: 0.3404
2026-08-30 00:10:39 - train: epoch 146, iter:0, loss: 0.1324, lr: 5.7355118030932584e-05
2026-08-30 00:10:48 - train: epoch 146, iter:20, loss: 0.1242, lr: 5.7355118030932584e-05
2026-08-30 00:11:03 - val epoch: 146, loss: 0.3448
2026-08-30 00:11:06 - train: epoch 147, iter:0, loss: 0.1444, lr: 5.68844044178141e-05
2026-08-30 00:11:15 - train: epoch 147, iter:20, loss: 0.1264, lr: 5.68844044178141e-05
2026-08-30 00:11:30 - val epoch: 147, loss: 0.3866
2026-08-30 00:11:33 - train: epoch 148, iter:0, loss: 0.1066, lr: 5.641348415851587e-05
2026-08-30 00:11:42 - train: epoch 148, iter:20, loss: 0.1286, lr: 5.641348415851587e-05
2026-08-30 00:11:57 - val epoch: 148, loss: 0.3506
2026-08-30 00:12:00 - train: epoch 149, iter:0, loss: 0.1212, lr: 5.594240889475117e-05
2026-08-30 00:12:10 - train: epoch 149, iter:20, loss: 0.1225, lr: 5.594240889475117e-05
2026-08-30 00:12:25 - val epoch: 149, loss: 0.3596
2026-08-30 00:12:28 - train: epoch 150, iter:0, loss: 0.1068, lr: 5.547123028523116e-05
2026-08-30 00:12:37 - train: epoch 150, iter:20, loss: 0.1208, lr: 5.547123028523116e-05
2026-08-30 00:12:57 - val epoch: 150, loss: 0.3620, miou: 0.7833252841275212, f1_or_dsc: 0.8784996109229253, accuracy: 0.940785549654819, specificity: 0.9605172758633626, sensitivity: 0.8794552907070519
2026-08-30 00:12:59 - train: epoch 151, iter:0, loss: 0.1207, lr: 5.5000000000000104e-05
2026-08-30 00:13:09 - train: epoch 151, iter:20, loss: 0.1235, lr: 5.5000000000000104e-05
2026-08-30 00:13:24 - val epoch: 151, loss: 0.3386
2026-08-30 00:13:26 - train: epoch 152, iter:0, loss: 0.1332, lr: 5.4528769714769045e-05
2026-08-30 00:13:36 - train: epoch 152, iter:20, loss: 0.1211, lr: 5.4528769714769045e-05
2026-08-30 00:13:51 - val epoch: 152, loss: 0.3555
2026-08-30 00:13:54 - train: epoch 153, iter:0, loss: 0.1164, lr: 5.405759110524905e-05
2026-08-30 00:14:03 - train: epoch 153, iter:20, loss: 0.1186, lr: 5.405759110524905e-05
2026-08-30 00:14:18 - val epoch: 153, loss: 0.3425
2026-08-30 00:14:21 - train: epoch 154, iter:0, loss: 0.1155, lr: 5.3586515841484326e-05
2026-08-30 00:14:31 - train: epoch 154, iter:20, loss: 0.1187, lr: 5.3586515841484326e-05
2026-08-30 00:14:46 - val epoch: 154, loss: 0.3480
2026-08-30 00:14:49 - train: epoch 155, iter:0, loss: 0.1082, lr: 5.311559558218611e-05
2026-08-30 00:14:58 - train: epoch 155, iter:20, loss: 0.1170, lr: 5.311559558218611e-05
2026-08-30 00:15:14 - val epoch: 155, loss: 0.3642
2026-08-30 00:15:17 - train: epoch 156, iter:0, loss: 0.1299, lr: 5.264488196906762e-05
2026-08-30 00:15:26 - train: epoch 156, iter:20, loss: 0.1194, lr: 5.264488196906762e-05
2026-08-30 00:15:41 - val epoch: 156, loss: 0.3478
2026-08-30 00:15:44 - train: epoch 157, iter:0, loss: 0.1325, lr: 5.2174426621181e-05
2026-08-30 00:15:53 - train: epoch 157, iter:20, loss: 0.1131, lr: 5.2174426621181e-05
2026-08-30 00:16:08 - val epoch: 157, loss: 0.3687
2026-08-30 00:16:11 - train: epoch 158, iter:0, loss: 0.1084, lr: 5.170428112925667e-05
2026-08-30 00:16:21 - train: epoch 158, iter:20, loss: 0.1132, lr: 5.170428112925667e-05
2026-08-30 00:16:36 - val epoch: 158, loss: 0.3663
2026-08-30 00:16:39 - train: epoch 159, iter:0, loss: 0.0993, lr: 5.123449705004589e-05
2026-08-30 00:16:48 - train: epoch 159, iter:20, loss: 0.1140, lr: 5.123449705004589e-05
2026-08-30 00:17:03 - val epoch: 159, loss: 0.3476
2026-08-30 00:17:06 - train: epoch 160, iter:0, loss: 0.1200, lr: 5.076512590066694e-05
2026-08-30 00:17:15 - train: epoch 160, iter:20, loss: 0.1154, lr: 5.076512590066694e-05
2026-08-30 00:17:31 - val epoch: 160, loss: 0.3830
2026-08-30 00:17:34 - train: epoch 161, iter:0, loss: 0.0998, lr: 5.0296219152955685e-05
2026-08-30 00:17:43 - train: epoch 161, iter:20, loss: 0.1128, lr: 5.0296219152955685e-05
2026-08-30 00:17:58 - val epoch: 161, loss: 0.3668
2026-08-30 00:18:01 - train: epoch 162, iter:0, loss: 0.1141, lr: 4.982782822782109e-05
2026-08-30 00:18:10 - train: epoch 162, iter:20, loss: 0.1153, lr: 4.982782822782109e-05
2026-08-30 00:18:25 - val epoch: 162, loss: 0.3694
2026-08-30 00:18:28 - train: epoch 163, iter:0, loss: 0.1116, lr: 4.9360004489606395e-05
2026-08-30 00:18:37 - train: epoch 163, iter:20, loss: 0.1143, lr: 4.9360004489606395e-05
2026-08-30 00:18:52 - val epoch: 163, loss: 0.3654
2026-08-30 00:18:55 - train: epoch 164, iter:0, loss: 0.1067, lr: 4.889279924045639e-05
2026-08-30 00:19:05 - train: epoch 164, iter:20, loss: 0.1093, lr: 4.889279924045639e-05
2026-08-30 00:19:20 - val epoch: 164, loss: 0.3743
2026-08-30 00:19:22 - train: epoch 165, iter:0, loss: 0.1062, lr: 4.842626371469157e-05
2026-08-30 00:19:32 - train: epoch 165, iter:20, loss: 0.1106, lr: 4.842626371469157e-05
2026-08-30 00:19:47 - val epoch: 165, loss: 0.3741
2026-08-30 00:19:50 - train: epoch 166, iter:0, loss: 0.0965, lr: 4.79604490731897e-05
2026-08-30 00:19:59 - train: epoch 166, iter:20, loss: 0.1116, lr: 4.79604490731897e-05
2026-08-30 00:20:14 - val epoch: 166, loss: 0.3703
2026-08-30 00:20:16 - train: epoch 167, iter:0, loss: 0.1018, lr: 4.749540639777547e-05
2026-08-30 00:20:26 - train: epoch 167, iter:20, loss: 0.1101, lr: 4.749540639777547e-05
2026-08-30 00:20:41 - val epoch: 167, loss: 0.3673
2026-08-30 00:20:44 - train: epoch 168, iter:0, loss: 0.1169, lr: 4.703118668561883e-05
2026-08-30 00:20:53 - train: epoch 168, iter:20, loss: 0.1099, lr: 4.703118668561883e-05
2026-08-30 00:21:08 - val epoch: 168, loss: 0.3702
2026-08-30 00:21:11 - train: epoch 169, iter:0, loss: 0.1256, lr: 4.656784084364247e-05
2026-08-30 00:21:20 - train: epoch 169, iter:20, loss: 0.1077, lr: 4.656784084364247e-05
2026-08-30 00:21:36 - val epoch: 169, loss: 0.3786
2026-08-30 00:21:39 - train: epoch 170, iter:0, loss: 0.1035, lr: 4.61054196829394e-05
2026-08-30 00:21:48 - train: epoch 170, iter:20, loss: 0.1083, lr: 4.61054196829394e-05
2026-08-30 00:22:03 - val epoch: 170, loss: 0.4092
2026-08-30 00:22:06 - train: epoch 171, iter:0, loss: 0.1080, lr: 4.564397391320091e-05
2026-08-30 00:22:15 - train: epoch 171, iter:20, loss: 0.1086, lr: 4.564397391320091e-05
2026-08-30 00:22:30 - val epoch: 171, loss: 0.3935
2026-08-30 00:22:33 - train: epoch 172, iter:0, loss: 0.0956, lr: 4.518355413715567e-05
2026-08-30 00:22:42 - train: epoch 172, iter:20, loss: 0.1077, lr: 4.518355413715567e-05
2026-08-30 00:22:57 - val epoch: 172, loss: 0.3624
2026-08-30 00:23:00 - train: epoch 173, iter:0, loss: 0.1214, lr: 4.472421084502058e-05
2026-08-30 00:23:09 - train: epoch 173, iter:20, loss: 0.1064, lr: 4.472421084502058e-05
2026-08-30 00:23:25 - val epoch: 173, loss: 0.3793
2026-08-30 00:23:27 - train: epoch 174, iter:0, loss: 0.1107, lr: 4.426599440896395e-05
2026-08-30 00:23:36 - train: epoch 174, iter:20, loss: 0.1062, lr: 4.426599440896395e-05
2026-08-30 00:23:52 - val epoch: 174, loss: 0.3761
2026-08-30 00:23:54 - train: epoch 175, iter:0, loss: 0.0985, lr: 4.380895507758162e-05
2026-08-30 00:24:03 - train: epoch 175, iter:20, loss: 0.1032, lr: 4.380895507758162e-05
2026-08-30 00:24:19 - val epoch: 175, loss: 0.3850
2026-08-30 00:24:22 - train: epoch 176, iter:0, loss: 0.1003, lr: 4.335314297038665e-05
2026-08-30 00:24:31 - train: epoch 176, iter:20, loss: 0.1043, lr: 4.335314297038665e-05
2026-08-30 00:24:47 - val epoch: 176, loss: 0.3981
2026-08-30 00:24:49 - train: epoch 177, iter:0, loss: 0.0786, lr: 4.289860807231313e-05
2026-08-30 00:24:58 - train: epoch 177, iter:20, loss: 0.1015, lr: 4.289860807231313e-05
2026-08-30 00:25:14 - val epoch: 177, loss: 0.3809
2026-08-30 00:25:16 - train: epoch 178, iter:0, loss: 0.0976, lr: 4.2445400228234754e-05
2026-08-30 00:25:26 - train: epoch 178, iter:20, loss: 0.1069, lr: 4.2445400228234754e-05
2026-08-30 00:25:41 - val epoch: 178, loss: 0.3877
2026-08-30 00:25:43 - train: epoch 179, iter:0, loss: 0.0940, lr: 4.1993569137498844e-05
2026-08-30 00:25:52 - train: epoch 179, iter:20, loss: 0.1040, lr: 4.1993569137498844e-05
2026-08-30 00:26:08 - val epoch: 179, loss: 0.3748
2026-08-30 00:26:10 - train: epoch 180, iter:0, loss: 0.0964, lr: 4.154316434847618e-05
2026-08-30 00:26:20 - train: epoch 180, iter:20, loss: 0.1066, lr: 4.154316434847618e-05
2026-08-30 00:26:39 - val epoch: 180, loss: 0.3791, miou: 0.7834596623314666, f1_or_dsc: 0.8785841125302176, accuracy: 0.9408387288008586, specificity: 0.9606177164215096, sensitivity: 0.8793615716743844
2026-08-30 00:26:41 - train: epoch 181, iter:0, loss: 0.1132, lr: 4.109423525312744e-05
2026-08-30 00:26:51 - train: epoch 181, iter:20, loss: 0.1029, lr: 4.109423525312744e-05
2026-08-30 00:27:06 - val epoch: 181, loss: 0.3805
2026-08-30 00:27:09 - train: epoch 182, iter:0, loss: 0.1017, lr: 4.064683108158692e-05
2026-08-30 00:27:18 - train: epoch 182, iter:20, loss: 0.1021, lr: 4.064683108158692e-05
2026-08-30 00:27:33 - val epoch: 182, loss: 0.4182
2026-08-30 00:27:36 - train: epoch 183, iter:0, loss: 0.1080, lr: 4.020100089676382e-05
2026-08-30 00:27:45 - train: epoch 183, iter:20, loss: 0.1001, lr: 4.020100089676382e-05
2026-08-30 00:28:01 - val epoch: 183, loss: 0.3922
2026-08-30 00:28:03 - train: epoch 184, iter:0, loss: 0.1079, lr: 3.975679358896196e-05
2026-08-30 00:28:12 - train: epoch 184, iter:20, loss: 0.0997, lr: 3.975679358896196e-05
2026-08-30 00:28:27 - val epoch: 184, loss: 0.3796
2026-08-30 00:28:30 - train: epoch 185, iter:0, loss: 0.1021, lr: 3.931425787051839e-05
2026-08-30 00:28:39 - train: epoch 185, iter:20, loss: 0.0990, lr: 3.931425787051839e-05
2026-08-30 00:28:54 - val epoch: 185, loss: 0.4012
2026-08-30 00:28:57 - train: epoch 186, iter:0, loss: 0.0995, lr: 3.8873442270461565e-05
2026-08-30 00:29:07 - train: epoch 186, iter:20, loss: 0.1004, lr: 3.8873442270461565e-05
2026-08-30 00:29:22 - val epoch: 186, loss: 0.4040
2026-08-30 00:29:25 - train: epoch 187, iter:0, loss: 0.1018, lr: 3.843439512918957e-05
2026-08-30 00:29:34 - train: epoch 187, iter:20, loss: 0.1014, lr: 3.843439512918957e-05
2026-08-30 00:29:49 - val epoch: 187, loss: 0.3980
2026-08-30 00:29:52 - train: epoch 188, iter:0, loss: 0.0990, lr: 3.7997164593169046e-05
2026-08-30 00:30:01 - train: epoch 188, iter:20, loss: 0.1002, lr: 3.7997164593169046e-05
2026-08-30 00:30:16 - val epoch: 188, loss: 0.3994
2026-08-30 00:30:20 - train: epoch 189, iter:0, loss: 0.0941, lr: 3.756179860965544e-05
2026-08-30 00:30:29 - train: epoch 189, iter:20, loss: 0.0998, lr: 3.756179860965544e-05
2026-08-30 00:30:44 - val epoch: 189, loss: 0.4128
2026-08-30 00:30:47 - train: epoch 190, iter:0, loss: 0.1136, lr: 3.7128344921434934e-05
2026-08-30 00:30:56 - train: epoch 190, iter:20, loss: 0.1004, lr: 3.7128344921434934e-05
2026-08-30 00:31:12 - val epoch: 190, loss: 0.3943
2026-08-30 00:31:14 - train: epoch 191, iter:0, loss: 0.0888, lr: 3.669685106158906e-05
2026-08-30 00:31:23 - train: epoch 191, iter:20, loss: 0.0985, lr: 3.669685106158906e-05
2026-08-30 00:31:39 - val epoch: 191, loss: 0.4033
2026-08-30 00:31:41 - train: epoch 192, iter:0, loss: 0.1002, lr: 3.6267364348282024e-05
2026-08-30 00:31:50 - train: epoch 192, iter:20, loss: 0.0982, lr: 3.6267364348282024e-05
2026-08-30 00:32:06 - val epoch: 192, loss: 0.4133
2026-08-30 00:32:08 - train: epoch 193, iter:0, loss: 0.0880, lr: 3.58399318795718e-05
2026-08-30 00:32:18 - train: epoch 193, iter:20, loss: 0.0989, lr: 3.58399318795718e-05
2026-08-30 00:32:33 - val epoch: 193, loss: 0.3966
2026-08-30 00:32:36 - train: epoch 194, iter:0, loss: 0.0861, lr: 3.541460052824533e-05
2026-08-30 00:32:46 - train: epoch 194, iter:20, loss: 0.0990, lr: 3.541460052824533e-05
2026-08-30 00:33:01 - val epoch: 194, loss: 0.4041
2026-08-30 00:33:03 - train: epoch 195, iter:0, loss: 0.0924, lr: 3.499141693667834e-05
2026-08-30 00:33:13 - train: epoch 195, iter:20, loss: 0.0977, lr: 3.499141693667834e-05
2026-08-30 00:33:28 - val epoch: 195, loss: 0.4029
2026-08-30 00:33:31 - train: epoch 196, iter:0, loss: 0.1106, lr: 3.4570427511720465e-05
2026-08-30 00:33:41 - train: epoch 196, iter:20, loss: 0.0985, lr: 3.4570427511720465e-05
2026-08-30 00:33:56 - val epoch: 196, loss: 0.4059
2026-08-30 00:33:58 - train: epoch 197, iter:0, loss: 0.0966, lr: 3.4151678419606305e-05
2026-08-30 00:34:08 - train: epoch 197, iter:20, loss: 0.0944, lr: 3.4151678419606305e-05
2026-08-30 00:34:23 - val epoch: 197, loss: 0.4055
2026-08-30 00:34:26 - train: epoch 198, iter:0, loss: 0.0826, lr: 3.373521558089265e-05
2026-08-30 00:34:35 - train: epoch 198, iter:20, loss: 0.0941, lr: 3.373521558089265e-05
2026-08-30 00:34:50 - val epoch: 198, loss: 0.3992
2026-08-30 00:34:53 - train: epoch 199, iter:0, loss: 0.0871, lr: 3.332108466542288e-05
2026-08-30 00:35:02 - train: epoch 199, iter:20, loss: 0.0936, lr: 3.332108466542288e-05
2026-08-30 00:35:18 - val epoch: 199, loss: 0.3822
2026-08-30 00:35:20 - train: epoch 200, iter:0, loss: 0.0883, lr: 3.290933108731874e-05
2026-08-30 00:35:29 - train: epoch 200, iter:20, loss: 0.0943, lr: 3.290933108731874e-05
2026-08-30 00:35:45 - val epoch: 200, loss: 0.4207
2026-08-30 00:35:47 - train: epoch 201, iter:0, loss: 0.1021, lr: 3.2500000000000065e-05
2026-08-30 00:35:57 - train: epoch 201, iter:20, loss: 0.0926, lr: 3.2500000000000065e-05
2026-08-30 00:36:12 - val epoch: 201, loss: 0.4092
2026-08-30 00:36:15 - train: epoch 202, iter:0, loss: 0.0898, lr: 3.2093136291233364e-05
2026-08-30 00:36:25 - train: epoch 202, iter:20, loss: 0.0953, lr: 3.2093136291233364e-05
2026-08-30 00:36:40 - val epoch: 202, loss: 0.4014
2026-08-30 00:36:42 - train: epoch 203, iter:0, loss: 0.0947, lr: 3.1688784578209223e-05
2026-08-30 00:36:52 - train: epoch 203, iter:20, loss: 0.0952, lr: 3.1688784578209223e-05
2026-08-30 00:37:07 - val epoch: 203, loss: 0.4112
2026-08-30 00:37:10 - train: epoch 204, iter:0, loss: 0.0939, lr: 3.128698920264959e-05
2026-08-30 00:37:19 - train: epoch 204, iter:20, loss: 0.0937, lr: 3.128698920264959e-05
2026-08-30 00:37:34 - val epoch: 204, loss: 0.3982
2026-08-30 00:37:37 - train: epoch 205, iter:0, loss: 0.0801, lr: 3.088779422594524e-05
2026-08-30 00:37:46 - train: epoch 205, iter:20, loss: 0.0906, lr: 3.088779422594524e-05
2026-08-30 00:38:01 - val epoch: 205, loss: 0.4128
2026-08-30 00:38:04 - train: epoch 206, iter:0, loss: 0.0931, lr: 3.0491243424323874e-05
2026-08-30 00:38:13 - train: epoch 206, iter:20, loss: 0.0928, lr: 3.0491243424323874e-05
2026-08-30 00:38:28 - val epoch: 206, loss: 0.4000
2026-08-30 00:38:31 - train: epoch 207, iter:0, loss: 0.0955, lr: 3.0097380284049598e-05
2026-08-30 00:38:40 - train: epoch 207, iter:20, loss: 0.0928, lr: 3.0097380284049598e-05
2026-08-30 00:38:55 - val epoch: 207, loss: 0.3926
2026-08-30 00:38:58 - train: epoch 208, iter:0, loss: 0.0852, lr: 2.9706247996654208e-05
2026-08-30 00:39:08 - train: epoch 208, iter:20, loss: 0.0930, lr: 2.9706247996654208e-05
2026-08-30 00:39:23 - val epoch: 208, loss: 0.4122
2026-08-30 00:39:25 - train: epoch 209, iter:0, loss: 0.0826, lr: 2.931788945420065e-05
2026-08-30 00:39:35 - train: epoch 209, iter:20, loss: 0.0914, lr: 2.931788945420065e-05
2026-08-30 00:39:50 - val epoch: 209, loss: 0.4137
2026-08-30 00:39:53 - train: epoch 210, iter:0, loss: 0.0855, lr: 2.893234724457952e-05
2026-08-30 00:40:02 - train: epoch 210, iter:20, loss: 0.0915, lr: 2.893234724457952e-05
2026-08-30 00:40:22 - val epoch: 210, loss: 0.4280, miou: 0.7759915341339676, f1_or_dsc: 0.8738685058117316, accuracy: 0.9395173705450379, specificity: 0.9648601818258651, sensitivity: 0.8607467063927785
2026-08-30 00:40:24 - train: epoch 211, iter:0, loss: 0.0815, lr: 2.8549663646838785e-05
2026-08-30 00:40:34 - train: epoch 211, iter:20, loss: 0.0882, lr: 2.8549663646838785e-05
2026-08-30 00:40:49 - val epoch: 211, loss: 0.4037
2026-08-30 00:40:51 - train: epoch 212, iter:0, loss: 0.0956, lr: 2.8169880626547352e-05
2026-08-30 00:41:01 - train: epoch 212, iter:20, loss: 0.0911, lr: 2.8169880626547352e-05
2026-08-30 00:41:16 - val epoch: 212, loss: 0.3894
2026-08-30 00:41:19 - train: epoch 213, iter:0, loss: 0.0882, lr: 2.7793039831193204e-05
2026-08-30 00:41:28 - train: epoch 213, iter:20, loss: 0.0903, lr: 2.7793039831193204e-05
2026-08-30 00:41:44 - val epoch: 213, loss: 0.4060
2026-08-30 00:41:46 - train: epoch 214, iter:0, loss: 0.0865, lr: 2.7419182585616138e-05
2026-08-30 00:41:55 - train: epoch 214, iter:20, loss: 0.0892, lr: 2.7419182585616138e-05
2026-08-30 00:42:10 - val epoch: 214, loss: 0.4050
2026-08-30 00:42:13 - train: epoch 215, iter:0, loss: 0.1081, lr: 2.7048349887476105e-05
2026-08-30 00:42:22 - train: epoch 215, iter:20, loss: 0.0929, lr: 2.7048349887476105e-05
2026-08-30 00:42:37 - val epoch: 215, loss: 0.4430
2026-08-30 00:42:40 - train: epoch 216, iter:0, loss: 0.0888, lr: 2.668058240275739e-05
2026-08-30 00:42:49 - train: epoch 216, iter:20, loss: 0.0895, lr: 2.668058240275739e-05
2026-08-30 00:43:05 - val epoch: 216, loss: 0.4082
2026-08-30 00:43:07 - train: epoch 217, iter:0, loss: 0.0822, lr: 2.631592046130903e-05
2026-08-30 00:43:17 - train: epoch 217, iter:20, loss: 0.0883, lr: 2.631592046130903e-05
2026-08-30 00:43:32 - val epoch: 217, loss: 0.3918
2026-08-30 00:43:35 - train: epoch 218, iter:0, loss: 0.0923, lr: 2.59544040524223e-05
2026-08-30 00:43:44 - train: epoch 218, iter:20, loss: 0.0875, lr: 2.59544040524223e-05
2026-08-30 00:43:59 - val epoch: 218, loss: 0.3894
2026-08-30 00:44:02 - train: epoch 219, iter:0, loss: 0.0889, lr: 2.5596072820445336e-05
2026-08-30 00:44:11 - train: epoch 219, iter:20, loss: 0.0893, lr: 2.5596072820445336e-05
2026-08-30 00:44:27 - val epoch: 219, loss: 0.4005
2026-08-30 00:44:29 - train: epoch 220, iter:0, loss: 0.0843, lr: 2.5240966060435724e-05
2026-08-30 00:44:39 - train: epoch 220, iter:20, loss: 0.0884, lr: 2.5240966060435724e-05
2026-08-30 00:44:54 - val epoch: 220, loss: 0.4127
2026-08-30 00:44:57 - train: epoch 221, iter:0, loss: 0.0902, lr: 2.4889122713851445e-05
2026-08-30 00:45:06 - train: epoch 221, iter:20, loss: 0.0896, lr: 2.4889122713851445e-05
2026-08-30 00:45:21 - val epoch: 221, loss: 0.4251
2026-08-30 00:45:24 - train: epoch 222, iter:0, loss: 0.0940, lr: 2.4540581364280337e-05
2026-08-30 00:45:33 - train: epoch 222, iter:20, loss: 0.0874, lr: 2.4540581364280337e-05
2026-08-30 00:45:48 - val epoch: 222, loss: 0.4155
2026-08-30 00:45:51 - train: epoch 223, iter:0, loss: 0.0909, lr: 2.419538023320907e-05
2026-08-30 00:46:01 - train: epoch 223, iter:20, loss: 0.0865, lr: 2.419538023320907e-05
2026-08-30 00:46:16 - val epoch: 223, loss: 0.4299
2026-08-30 00:46:19 - train: epoch 224, iter:0, loss: 0.0939, lr: 2.3853557175831762e-05
2026-08-30 00:46:28 - train: epoch 224, iter:20, loss: 0.0882, lr: 2.3853557175831762e-05
2026-08-30 00:46:43 - val epoch: 224, loss: 0.4115
2026-08-30 00:46:46 - train: epoch 225, iter:0, loss: 0.0740, lr: 2.351514967689861e-05
2026-08-30 00:46:55 - train: epoch 225, iter:20, loss: 0.0863, lr: 2.351514967689861e-05
2026-08-30 00:47:10 - val epoch: 225, loss: 0.4223
2026-08-30 00:47:13 - train: epoch 226, iter:0, loss: 0.0882, lr: 2.318019484660542e-05
2026-08-30 00:47:22 - train: epoch 226, iter:20, loss: 0.0861, lr: 2.318019484660542e-05
2026-08-30 00:47:37 - val epoch: 226, loss: 0.4138
2026-08-30 00:47:40 - train: epoch 227, iter:0, loss: 0.0899, lr: 2.2848729416523915e-05
2026-08-30 00:47:49 - train: epoch 227, iter:20, loss: 0.0868, lr: 2.2848729416523915e-05
2026-08-30 00:48:04 - val epoch: 227, loss: 0.4294
2026-08-30 00:48:06 - train: epoch 228, iter:0, loss: 0.1029, lr: 2.2520789735573758e-05
2026-08-30 00:48:16 - train: epoch 228, iter:20, loss: 0.0872, lr: 2.2520789735573758e-05
2026-08-30 00:48:31 - val epoch: 228, loss: 0.4063
2026-08-30 00:48:34 - train: epoch 229, iter:0, loss: 0.0881, lr: 2.2196411766036546e-05
2026-08-30 00:48:43 - train: epoch 229, iter:20, loss: 0.0868, lr: 2.2196411766036546e-05
2026-08-30 00:48:58 - val epoch: 229, loss: 0.4288
2026-08-30 00:49:01 - train: epoch 230, iter:0, loss: 0.0958, lr: 2.1875631079612026e-05
2026-08-30 00:49:10 - train: epoch 230, iter:20, loss: 0.0840, lr: 2.1875631079612026e-05
2026-08-30 00:49:26 - val epoch: 230, loss: 0.4119
2026-08-30 00:49:28 - train: epoch 231, iter:0, loss: 0.0898, lr: 2.1558482853517307e-05
2026-08-30 00:49:37 - train: epoch 231, iter:20, loss: 0.0858, lr: 2.1558482853517307e-05
2026-08-30 00:49:53 - val epoch: 231, loss: 0.4001
2026-08-30 00:49:55 - train: epoch 232, iter:0, loss: 0.0824, lr: 2.124500186662937e-05
2026-08-30 00:50:05 - train: epoch 232, iter:20, loss: 0.0841, lr: 2.124500186662937e-05
2026-08-30 00:50:20 - val epoch: 232, loss: 0.4102
2026-08-30 00:50:23 - train: epoch 233, iter:0, loss: 0.0941, lr: 2.093522249567102e-05
2026-08-30 00:50:32 - train: epoch 233, iter:20, loss: 0.0849, lr: 2.093522249567102e-05
2026-08-30 00:50:47 - val epoch: 233, loss: 0.4084
2026-08-30 00:50:49 - train: epoch 234, iter:0, loss: 0.0820, lr: 2.062917871144115e-05
2026-08-30 00:50:59 - train: epoch 234, iter:20, loss: 0.0854, lr: 2.062917871144115e-05
2026-08-30 00:51:14 - val epoch: 234, loss: 0.4173
2026-08-30 00:51:17 - train: epoch 235, iter:0, loss: 0.0757, lr: 2.0326904075089536e-05
2026-08-30 00:51:26 - train: epoch 235, iter:20, loss: 0.0844, lr: 2.0326904075089536e-05
2026-08-30 00:51:41 - val epoch: 235, loss: 0.4119
2026-08-30 00:51:44 - train: epoch 236, iter:0, loss: 0.0812, lr: 2.0028431734436354e-05
2026-08-30 00:51:53 - train: epoch 236, iter:20, loss: 0.0835, lr: 2.0028431734436354e-05
2026-08-30 00:52:08 - val epoch: 236, loss: 0.4224
2026-08-30 00:52:11 - train: epoch 237, iter:0, loss: 0.0858, lr: 1.9733794420337255e-05
2026-08-30 00:52:20 - train: epoch 237, iter:20, loss: 0.0849, lr: 1.9733794420337255e-05
2026-08-30 00:52:36 - val epoch: 237, loss: 0.4305
2026-08-30 00:52:39 - train: epoch 238, iter:0, loss: 0.0811, lr: 1.9443024443093982e-05
2026-08-30 00:52:48 - train: epoch 238, iter:20, loss: 0.0843, lr: 1.9443024443093982e-05
2026-08-30 00:53:03 - val epoch: 238, loss: 0.4115
2026-08-30 00:53:06 - train: epoch 239, iter:0, loss: 0.0835, lr: 1.9156153688911208e-05
2026-08-30 00:53:15 - train: epoch 239, iter:20, loss: 0.0832, lr: 1.9156153688911208e-05
2026-08-30 00:53:31 - val epoch: 239, loss: 0.4078
2026-08-30 00:53:33 - train: epoch 240, iter:0, loss: 0.0926, lr: 1.8873213616399892e-05
2026-08-30 00:53:42 - train: epoch 240, iter:20, loss: 0.0836, lr: 1.8873213616399892e-05
2026-08-30 00:54:02 - val epoch: 240, loss: 0.4112, miou: 0.7838005971121116, f1_or_dsc: 0.8787984468455134, accuracy: 0.9412604228104695, specificity: 0.9626262779806766, sensitivity: 0.8748509553173565
2026-08-30 00:54:05 - train: epoch 241, iter:0, loss: 0.0903, lr: 1.859423525312741e-05
2026-08-30 00:54:14 - train: epoch 241, iter:20, loss: 0.0845, lr: 1.859423525312741e-05
2026-08-30 00:54:30 - val epoch: 241, loss: 0.4206
2026-08-30 00:54:32 - train: epoch 242, iter:0, loss: 0.0929, lr: 1.8319249192215093e-05
2026-08-30 00:54:42 - train: epoch 242, iter:20, loss: 0.0828, lr: 1.8319249192215093e-05
2026-08-30 00:54:57 - val epoch: 242, loss: 0.4183
2026-08-30 00:55:00 - train: epoch 243, iter:0, loss: 0.0869, lr: 1.8048285588983354e-05
2026-08-30 00:55:09 - train: epoch 243, iter:20, loss: 0.0818, lr: 1.8048285588983354e-05
2026-08-30 00:55:24 - val epoch: 243, loss: 0.4093
2026-08-30 00:55:27 - train: epoch 244, iter:0, loss: 0.0908, lr: 1.7781374157644745e-05
2026-08-30 00:55:36 - train: epoch 244, iter:20, loss: 0.0814, lr: 1.7781374157644745e-05
2026-08-30 00:55:51 - val epoch: 244, loss: 0.4165
2026-08-30 00:55:54 - train: epoch 245, iter:0, loss: 0.0879, lr: 1.7518544168045555e-05
2026-08-30 00:56:04 - train: epoch 245, iter:20, loss: 0.0825, lr: 1.7518544168045555e-05
2026-08-30 00:56:19 - val epoch: 245, loss: 0.4190
2026-08-30 00:56:22 - train: epoch 246, iter:0, loss: 0.0805, lr: 1.7259824442455953e-05
2026-08-30 00:56:31 - train: epoch 246, iter:20, loss: 0.0826, lr: 1.7259824442455953e-05
2026-08-30 00:56:47 - val epoch: 246, loss: 0.4107
2026-08-30 00:56:49 - train: epoch 247, iter:0, loss: 0.0783, lr: 1.700524335240935e-05
2026-08-30 00:56:59 - train: epoch 247, iter:20, loss: 0.0802, lr: 1.700524335240935e-05
2026-08-30 00:57:14 - val epoch: 247, loss: 0.4278
2026-08-30 00:57:16 - train: epoch 248, iter:0, loss: 0.0809, lr: 1.675482881559116e-05
2026-08-30 00:57:26 - train: epoch 248, iter:20, loss: 0.0818, lr: 1.675482881559116e-05
2026-08-30 00:57:41 - val epoch: 248, loss: 0.4206
2026-08-30 00:57:44 - train: epoch 249, iter:0, loss: 0.0858, lr: 1.650860829277723e-05
2026-08-30 00:57:53 - train: epoch 249, iter:20, loss: 0.0810, lr: 1.650860829277723e-05
2026-08-30 00:58:09 - val epoch: 249, loss: 0.4316
2026-08-30 00:58:12 - train: epoch 250, iter:0, loss: 0.0916, lr: 1.6266608784822568e-05
2026-08-30 00:58:21 - train: epoch 250, iter:20, loss: 0.0811, lr: 1.6266608784822568e-05
2026-08-30 00:58:36 - val epoch: 250, loss: 0.4192
2026-08-30 00:58:39 - train: epoch 251, iter:0, loss: 0.0828, lr: 1.6028856829700293e-05
2026-08-30 00:58:48 - train: epoch 251, iter:20, loss: 0.0810, lr: 1.6028856829700293e-05
2026-08-30 00:59:04 - val epoch: 251, loss: 0.4190
2026-08-30 00:59:06 - train: epoch 252, iter:0, loss: 0.0702, lr: 1.5795378499591492e-05
2026-08-30 00:59:16 - train: epoch 252, iter:20, loss: 0.0809, lr: 1.5795378499591492e-05
2026-08-30 00:59:31 - val epoch: 252, loss: 0.4243
2026-08-30 00:59:33 - train: epoch 253, iter:0, loss: 0.0779, lr: 1.556619939802616e-05
2026-08-30 00:59:43 - train: epoch 253, iter:20, loss: 0.0810, lr: 1.556619939802616e-05
2026-08-30 00:59:58 - val epoch: 253, loss: 0.4279
2026-08-30 01:00:01 - train: epoch 254, iter:0, loss: 0.0796, lr: 1.5341344657075372e-05
2026-08-30 01:00:10 - train: epoch 254, iter:20, loss: 0.0819, lr: 1.5341344657075372e-05
2026-08-30 01:00:26 - val epoch: 254, loss: 0.4237
2026-08-30 01:00:28 - train: epoch 255, iter:0, loss: 0.0779, lr: 1.5120838934595356e-05
2026-08-30 01:00:37 - train: epoch 255, iter:20, loss: 0.0803, lr: 1.5120838934595356e-05
2026-08-30 01:00:53 - val epoch: 255, loss: 0.4238
2026-08-30 01:00:55 - train: epoch 256, iter:0, loss: 0.0824, lr: 1.4904706411523467e-05
2026-08-30 01:01:05 - train: epoch 256, iter:20, loss: 0.0785, lr: 1.4904706411523467e-05
2026-08-30 01:01:20 - val epoch: 256, loss: 0.4203
2026-08-30 01:01:23 - train: epoch 257, iter:0, loss: 0.0902, lr: 1.4692970789226446e-05
2026-08-30 01:01:32 - train: epoch 257, iter:20, loss: 0.0802, lr: 1.4692970789226446e-05
2026-08-30 01:01:47 - val epoch: 257, loss: 0.4173
2026-08-30 01:01:50 - train: epoch 258, iter:0, loss: 0.0810, lr: 1.4485655286901307e-05
2026-08-30 01:02:00 - train: epoch 258, iter:20, loss: 0.0794, lr: 1.4485655286901307e-05
2026-08-30 01:02:15 - val epoch: 258, loss: 0.4200
2026-08-30 01:02:18 - train: epoch 259, iter:0, loss: 0.0762, lr: 1.4282782639029144e-05
2026-08-30 01:02:27 - train: epoch 259, iter:20, loss: 0.0797, lr: 1.4282782639029144e-05
2026-08-30 01:02:43 - val epoch: 259, loss: 0.4203
2026-08-30 01:02:45 - train: epoch 260, iter:0, loss: 0.0799, lr: 1.4084375092881932e-05
2026-08-30 01:02:54 - train: epoch 260, iter:20, loss: 0.0795, lr: 1.4084375092881932e-05
2026-08-30 01:03:10 - val epoch: 260, loss: 0.4243
2026-08-30 01:03:12 - train: epoch 261, iter:0, loss: 0.0762, lr: 1.389045440608298e-05
2026-08-30 01:03:22 - train: epoch 261, iter:20, loss: 0.0777, lr: 1.389045440608298e-05
2026-08-30 01:03:37 - val epoch: 261, loss: 0.4157
2026-08-30 01:03:39 - train: epoch 262, iter:0, loss: 0.0804, lr: 1.3701041844220871e-05
2026-08-30 01:03:49 - train: epoch 262, iter:20, loss: 0.0783, lr: 1.3701041844220871e-05
2026-08-30 01:04:04 - val epoch: 262, loss: 0.4260
2026-08-30 01:04:06 - train: epoch 263, iter:0, loss: 0.0751, lr: 1.3516158178517484e-05
2026-08-30 01:04:16 - train: epoch 263, iter:20, loss: 0.0798, lr: 1.3516158178517484e-05
2026-08-30 01:04:31 - val epoch: 263, loss: 0.4237
2026-08-30 01:04:34 - train: epoch 264, iter:0, loss: 0.0707, lr: 1.3335823683550249e-05
2026-08-30 01:04:43 - train: epoch 264, iter:20, loss: 0.0795, lr: 1.3335823683550249e-05
2026-08-30 01:04:59 - val epoch: 264, loss: 0.4249
2026-08-30 01:05:01 - train: epoch 265, iter:0, loss: 0.0867, lr: 1.31600581350287e-05
2026-08-30 01:05:10 - train: epoch 265, iter:20, loss: 0.0797, lr: 1.31600581350287e-05
2026-08-30 01:05:26 - val epoch: 265, loss: 0.4236
2026-08-30 01:05:28 - train: epoch 266, iter:0, loss: 0.0841, lr: 1.2988880807625931e-05
2026-08-30 01:05:38 - train: epoch 266, iter:20, loss: 0.0791, lr: 1.2988880807625931e-05
2026-08-30 01:05:53 - val epoch: 266, loss: 0.4299
2026-08-30 01:05:56 - train: epoch 267, iter:0, loss: 0.0861, lr: 1.2822310472864893e-05
2026-08-30 01:06:05 - train: epoch 267, iter:20, loss: 0.0798, lr: 1.2822310472864893e-05
2026-08-30 01:06:20 - val epoch: 267, loss: 0.4196
2026-08-30 01:06:23 - train: epoch 268, iter:0, loss: 0.0788, lr: 1.2660365397059863e-05
2026-08-30 01:06:32 - train: epoch 268, iter:20, loss: 0.0789, lr: 1.2660365397059863e-05
2026-08-30 01:06:47 - val epoch: 268, loss: 0.4284
2026-08-30 01:06:50 - train: epoch 269, iter:0, loss: 0.0823, lr: 1.2503063339313363e-05
2026-08-30 01:06:59 - train: epoch 269, iter:20, loss: 0.0781, lr: 1.2503063339313363e-05
2026-08-30 01:07:15 - val epoch: 269, loss: 0.4263
2026-08-30 01:07:17 - train: epoch 270, iter:0, loss: 0.0818, lr: 1.2350421549568658e-05
2026-08-30 01:07:27 - train: epoch 270, iter:20, loss: 0.0793, lr: 1.2350421549568658e-05
2026-08-30 01:07:46 - val epoch: 270, loss: 0.4260, miou: 0.7815048189977809, f1_or_dsc: 0.8773535840755471, accuracy: 0.9402004279712639, specificity: 0.9599872921727227, sensitivity: 0.8786987888133921
2026-08-30 01:07:49 - train: epoch 271, iter:0, loss: 0.0743, lr: 1.2202456766718098e-05
2026-08-30 01:07:58 - train: epoch 271, iter:20, loss: 0.0795, lr: 1.2202456766718098e-05
2026-08-30 01:08:14 - val epoch: 271, loss: 0.4216
2026-08-30 01:08:17 - train: epoch 272, iter:0, loss: 0.0773, lr: 1.205918521676755e-05
2026-08-30 01:08:26 - train: epoch 272, iter:20, loss: 0.0784, lr: 1.205918521676755e-05
2026-08-30 01:08:41 - val epoch: 272, loss: 0.4179
2026-08-30 01:08:44 - train: epoch 273, iter:0, loss: 0.0821, lr: 1.192062261105698e-05
2026-08-30 01:08:53 - train: epoch 273, iter:20, loss: 0.0775, lr: 1.192062261105698e-05
2026-08-30 01:09:08 - val epoch: 273, loss: 0.4237
2026-08-30 01:09:11 - train: epoch 274, iter:0, loss: 0.0762, lr: 1.1786784144537568e-05
2026-08-30 01:09:20 - train: epoch 274, iter:20, loss: 0.0784, lr: 1.1786784144537568e-05
2026-08-30 01:09:36 - val epoch: 274, loss: 0.4199
2026-08-30 01:09:38 - train: epoch 275, iter:0, loss: 0.0683, lr: 1.165768449410539e-05
2026-08-30 01:09:48 - train: epoch 275, iter:20, loss: 0.0780, lr: 1.165768449410539e-05
2026-08-30 01:10:03 - val epoch: 275, loss: 0.4282
2026-08-30 01:10:06 - train: epoch 276, iter:0, loss: 0.0679, lr: 1.153333781699193e-05
2026-08-30 01:10:16 - train: epoch 276, iter:20, loss: 0.0768, lr: 1.153333781699193e-05
2026-08-30 01:10:31 - val epoch: 276, loss: 0.4258
2026-08-30 01:10:33 - train: epoch 277, iter:0, loss: 0.0828, lr: 1.1413757749211606e-05
2026-08-30 01:10:43 - train: epoch 277, iter:20, loss: 0.0774, lr: 1.1413757749211606e-05
2026-08-30 01:10:58 - val epoch: 277, loss: 0.4275
2026-08-30 01:11:01 - train: epoch 278, iter:0, loss: 0.0773, lr: 1.1298957404066385e-05
2026-08-30 01:11:10 - train: epoch 278, iter:20, loss: 0.0758, lr: 1.1298957404066385e-05
2026-08-30 01:11:25 - val epoch: 278, loss: 0.4166
2026-08-30 01:11:28 - train: epoch 279, iter:0, loss: 0.0710, lr: 1.118894937070779e-05
2026-08-30 01:11:37 - train: epoch 279, iter:20, loss: 0.0775, lr: 1.118894937070779e-05
2026-08-30 01:11:53 - val epoch: 279, loss: 0.4327
2026-08-30 01:11:55 - train: epoch 280, iter:0, loss: 0.0752, lr: 1.1083745712756373e-05
2026-08-30 01:12:05 - train: epoch 280, iter:20, loss: 0.0768, lr: 1.1083745712756373e-05
2026-08-30 01:12:20 - val epoch: 280, loss: 0.4231
2026-08-30 01:12:23 - train: epoch 281, iter:0, loss: 0.0641, lr: 1.0983357966978752e-05
2026-08-30 01:12:32 - train: epoch 281, iter:20, loss: 0.0782, lr: 1.0983357966978752e-05
2026-08-30 01:12:47 - val epoch: 281, loss: 0.4245
2026-08-30 01:12:50 - train: epoch 282, iter:0, loss: 0.0856, lr: 1.0887797142022524e-05
2026-08-30 01:13:00 - train: epoch 282, iter:20, loss: 0.0787, lr: 1.0887797142022524e-05
2026-08-30 01:13:15 - val epoch: 282, loss: 0.4293
2026-08-30 01:13:18 - train: epoch 283, iter:0, loss: 0.0785, lr: 1.0797073717209015e-05
2026-08-30 01:13:27 - train: epoch 283, iter:20, loss: 0.0782, lr: 1.0797073717209015e-05
2026-08-30 01:13:42 - val epoch: 283, loss: 0.4302
2026-08-30 01:13:45 - train: epoch 284, iter:0, loss: 0.0850, lr: 1.0711197641384117e-05
2026-08-30 01:13:54 - train: epoch 284, iter:20, loss: 0.0783, lr: 1.0711197641384117e-05
2026-08-30 01:14:10 - val epoch: 284, loss: 0.4281
2026-08-30 01:14:12 - train: epoch 285, iter:0, loss: 0.0772, lr: 1.0630178331827276e-05
2026-08-30 01:14:22 - train: epoch 285, iter:20, loss: 0.0770, lr: 1.0630178331827276e-05
2026-08-30 01:14:37 - val epoch: 285, loss: 0.4258
2026-08-30 01:14:39 - train: epoch 286, iter:0, loss: 0.0925, lr: 1.0554024673218807e-05
2026-08-30 01:14:49 - train: epoch 286, iter:20, loss: 0.0765, lr: 1.0554024673218807e-05
2026-08-30 01:15:04 - val epoch: 286, loss: 0.4282
2026-08-30 01:15:07 - train: epoch 287, iter:0, loss: 0.0729, lr: 1.0482745016665526e-05
2026-08-30 01:15:16 - train: epoch 287, iter:20, loss: 0.0774, lr: 1.0482745016665526e-05
2026-08-30 01:15:31 - val epoch: 287, loss: 0.4234
2026-08-30 01:15:34 - train: epoch 288, iter:0, loss: 0.0691, lr: 1.0416347178785039e-05
2026-08-30 01:15:43 - train: epoch 288, iter:20, loss: 0.0750, lr: 1.0416347178785039e-05
2026-08-30 01:15:59 - val epoch: 288, loss: 0.4223
2026-08-30 01:16:01 - train: epoch 289, iter:0, loss: 0.0714, lr: 1.0354838440848501e-05
2026-08-30 01:16:10 - train: epoch 289, iter:20, loss: 0.0771, lr: 1.0354838440848501e-05
2026-08-30 01:16:26 - val epoch: 289, loss: 0.4256
2026-08-30 01:16:28 - train: epoch 290, iter:0, loss: 0.0760, lr: 1.029822554798216e-05
2026-08-30 01:16:38 - train: epoch 290, iter:20, loss: 0.0760, lr: 1.029822554798216e-05
2026-08-30 01:16:53 - val epoch: 290, loss: 0.4243
2026-08-30 01:16:56 - train: epoch 291, iter:0, loss: 0.0708, lr: 1.0246514708427702e-05
2026-08-30 01:17:05 - train: epoch 291, iter:20, loss: 0.0757, lr: 1.0246514708427702e-05
2026-08-30 01:17:20 - val epoch: 291, loss: 0.4217
2026-08-30 01:17:23 - train: epoch 292, iter:0, loss: 0.0773, lr: 1.01997115928614e-05
2026-08-30 01:17:33 - train: epoch 292, iter:20, loss: 0.0767, lr: 1.01997115928614e-05
2026-08-30 01:17:48 - val epoch: 292, loss: 0.4288
2026-08-30 01:17:50 - train: epoch 293, iter:0, loss: 0.0721, lr: 1.0157821333772303e-05
2026-08-30 01:18:00 - train: epoch 293, iter:20, loss: 0.0773, lr: 1.0157821333772303e-05
2026-08-30 01:18:15 - val epoch: 293, loss: 0.4334
2026-08-30 01:18:18 - train: epoch 294, iter:0, loss: 0.0833, lr: 1.0120848524899386e-05
2026-08-30 01:18:27 - train: epoch 294, iter:20, loss: 0.0760, lr: 1.0120848524899386e-05
2026-08-30 01:18:42 - val epoch: 294, loss: 0.4295
2026-08-30 01:18:45 - train: epoch 295, iter:0, loss: 0.0845, lr: 1.0088797220727781e-05
2026-08-30 01:18:54 - train: epoch 295, iter:20, loss: 0.0769, lr: 1.0088797220727781e-05
2026-08-30 01:19:09 - val epoch: 295, loss: 0.4272
2026-08-30 01:19:12 - train: epoch 296, iter:0, loss: 0.0717, lr: 1.0061670936044179e-05
2026-08-30 01:19:21 - train: epoch 296, iter:20, loss: 0.0769, lr: 1.0061670936044179e-05
2026-08-30 01:19:37 - val epoch: 296, loss: 0.4301
2026-08-30 01:19:39 - train: epoch 297, iter:0, loss: 0.0739, lr: 1.0039472645551374e-05
2026-08-30 01:19:49 - train: epoch 297, iter:20, loss: 0.0769, lr: 1.0039472645551374e-05
2026-08-30 01:20:04 - val epoch: 297, loss: 0.4289
2026-08-30 01:20:06 - train: epoch 298, iter:0, loss: 0.0795, lr: 1.002220478354208e-05
2026-08-30 01:20:16 - train: epoch 298, iter:20, loss: 0.0762, lr: 1.002220478354208e-05
2026-08-30 01:20:31 - val epoch: 298, loss: 0.4312
2026-08-30 01:20:34 - train: epoch 299, iter:0, loss: 0.0758, lr: 1.0009869243631953e-05
2026-08-30 01:20:43 - train: epoch 299, iter:20, loss: 0.0762, lr: 1.0009869243631953e-05
2026-08-30 01:20:58 - val epoch: 299, loss: 0.4277
2026-08-30 01:21:01 - train: epoch 300, iter:0, loss: 0.0860, lr: 1.0002467378551954e-05
2026-08-30 01:21:10 - train: epoch 300, iter:20, loss: 0.0756, lr: 1.0002467378551954e-05
2026-08-30 01:21:30 - val epoch: 300, loss: 0.4311, miou: 0.7808872774847442, f1_or_dsc: 0.8769642945483208, accuracy: 0.940211022254264, specificity: 0.9610707223086392, sensitivity: 0.8753747888509418
2026-08-30 01:21:45 - test of best model, best_val_loss: 0.2996, miou: 0.7979448592496727, f1_or_dsc: 0.8876188334081336, accuracy: 0.9449713489796856, specificity: 0.9617631231741952, sensitivity: 0.8927790649059384, confusion_matrix: [[38531594  1531903]
 [ 1382034 11507557]]
