2026-08-12 12:56:52 - #----------Config info----------#
2026-08-12 12:56:52 - batch_size: 64,
2026-08-12 12:56:52 - weak_mode: baseline,
2026-08-12 12:57:12 - val epoch: 1, loss: 0.9030
2026-08-12 12:57:29 - val epoch: 2, loss: 0.6339
2026-08-12 12:57:46 - val epoch: 3, loss: 0.5538
2026-08-12 12:58:02 - val epoch: 4, loss: 0.4983
2026-08-12 12:58:19 - val epoch: 5, loss: 0.5051
2026-08-12 12:58:36 - val epoch: 6, loss: 0.4722
2026-08-12 12:58:53 - val epoch: 7, loss: 0.4674
2026-08-12 12:59:10 - val epoch: 8, loss: 0.4700
2026-08-12 12:59:27 - val epoch: 9, loss: 0.4599
2026-08-12 12:59:44 - val epoch: 10, loss: 0.5070
2026-08-12 13:00:01 - val epoch: 11, loss: 0.4521
2026-08-12 13:00:19 - val epoch: 12, loss: 0.4595
2026-08-12 13:00:37 - val epoch: 13, loss: 0.4586
2026-08-12 13:00:54 - val epoch: 14, loss: 0.4585
2026-08-12 13:01:11 - val epoch: 15, loss: 0.4726
2026-08-12 13:01:28 - val epoch: 16, loss: 0.4465
2026-08-12 13:01:45 - val epoch: 17, loss: 0.4395
2026-08-12 13:02:02 - val epoch: 18, loss: 0.5217
2026-08-12 13:02:19 - val epoch: 19, loss: 0.4440
2026-08-12 13:02:36 - val epoch: 20, loss: 0.4337
2026-08-12 13:02:53 - val epoch: 21, loss: 0.4341
2026-08-12 13:03:10 - val epoch: 22, loss: 0.4100
2026-08-12 13:03:27 - val epoch: 23, loss: 0.4756
2026-08-12 13:03:45 - val epoch: 24, loss: 0.4296
2026-08-12 13:04:01 - val epoch: 25, loss: 0.4314
2026-08-12 13:04:18 - val epoch: 26, loss: 0.4590
2026-08-12 13:04:36 - val epoch: 27, loss: 0.4286
2026-08-12 13:04:53 - val epoch: 28, loss: 0.4708
2026-08-12 13:05:10 - val epoch: 29, loss: 0.4661
2026-08-12 13:05:31 - val epoch: 30, loss: 0.4373, miou: 0.7446, dsc: 0.8536, accuracy: 0.9295, specificity: 0.9568, sensitivity: 0.8447
2026-08-12 13:05:48 - val epoch: 31, loss: 0.4281
2026-08-12 13:06:06 - val epoch: 32, loss: 0.5341
2026-08-12 13:06:23 - val epoch: 33, loss: 0.4840
2026-08-12 13:06:40 - val epoch: 34, loss: 0.3980
2026-08-12 13:06:57 - val epoch: 35, loss: 0.4611
2026-08-12 13:07:14 - val epoch: 36, loss: 0.4280
2026-08-12 13:07:31 - val epoch: 37, loss: 0.4316
2026-08-12 13:07:48 - val epoch: 38, loss: 0.4485
2026-08-12 13:08:05 - val epoch: 39, loss: 0.4315
2026-08-12 13:08:22 - val epoch: 40, loss: 0.4367
2026-08-12 13:08:40 - val epoch: 41, loss: 0.5026
2026-08-12 13:08:56 - val epoch: 42, loss: 0.4233
2026-08-12 13:09:14 - val epoch: 43, loss: 0.5550
2026-08-12 13:09:31 - val epoch: 44, loss: 0.4303
2026-08-12 13:09:49 - val epoch: 45, loss: 0.4367
2026-08-12 13:10:06 - val epoch: 46, loss: 0.4233
2026-08-12 13:10:23 - val epoch: 47, loss: 0.4598
2026-08-12 13:10:40 - val epoch: 48, loss: 0.4599
2026-08-12 13:10:57 - val epoch: 49, loss: 0.4760
2026-08-12 13:11:14 - val epoch: 50, loss: 0.4399
2026-08-12 13:11:31 - val epoch: 51, loss: 0.4545
2026-08-12 13:11:48 - val epoch: 52, loss: 0.4584
2026-08-12 13:12:05 - val epoch: 53, loss: 0.4537
2026-08-12 13:12:22 - val epoch: 54, loss: 0.4575
2026-08-12 13:12:39 - val epoch: 55, loss: 0.4340
2026-08-12 13:12:56 - val epoch: 56, loss: 0.4845
2026-08-12 13:13:13 - val epoch: 57, loss: 0.4694
2026-08-12 13:13:31 - val epoch: 58, loss: 0.4619
2026-08-12 13:13:48 - val epoch: 59, loss: 0.4928
2026-08-12 13:14:09 - val epoch: 60, loss: 0.5057, miou: 0.7317, dsc: 0.8450, accuracy: 0.9286, specificity: 0.9701, sensitivity: 0.7996
2026-08-12 13:14:26 - val epoch: 61, loss: 0.4580
2026-08-12 13:14:43 - val epoch: 62, loss: 0.4649
2026-08-12 13:15:01 - val epoch: 63, loss: 0.4650
2026-08-12 13:15:18 - val epoch: 64, loss: 0.4746
2026-08-12 13:15:36 - val epoch: 65, loss: 0.5330
2026-08-12 13:15:53 - val epoch: 66, loss: 0.5319
2026-08-12 13:16:10 - val epoch: 67, loss: 0.4630
2026-08-12 13:16:27 - val epoch: 68, loss: 0.4296
2026-08-12 13:16:44 - val epoch: 69, loss: 0.4977
2026-08-12 13:17:02 - val epoch: 70, loss: 0.4634
2026-08-12 13:17:18 - val epoch: 71, loss: 0.5177
2026-08-12 13:17:35 - val epoch: 72, loss: 0.4954
2026-08-12 13:17:53 - val epoch: 73, loss: 0.4454
2026-08-12 13:18:10 - val epoch: 74, loss: 0.4620
2026-08-12 13:18:27 - val epoch: 75, loss: 0.5006
2026-08-12 13:18:44 - val epoch: 76, loss: 0.4723
2026-08-12 13:19:01 - val epoch: 77, loss: 0.5096
2026-08-12 13:19:18 - val epoch: 78, loss: 0.4801
2026-08-12 13:19:35 - val epoch: 79, loss: 0.4864
2026-08-12 13:19:52 - val epoch: 80, loss: 0.4922
2026-08-12 13:20:09 - val epoch: 81, loss: 0.4810
2026-08-12 13:20:26 - val epoch: 82, loss: 0.4641
2026-08-12 13:20:44 - val epoch: 83, loss: 0.4903
2026-08-12 13:21:01 - val epoch: 84, loss: 0.4965
2026-08-12 13:21:18 - val epoch: 85, loss: 0.5042
2026-08-12 13:21:35 - val epoch: 86, loss: 0.5625
2026-08-12 13:21:53 - val epoch: 87, loss: 0.4744
2026-08-12 13:22:09 - val epoch: 88, loss: 0.4660
2026-08-12 13:22:27 - val epoch: 89, loss: 0.5083
2026-08-12 13:22:48 - val epoch: 90, loss: 0.5053, miou: 0.7397, dsc: 0.8504, accuracy: 0.9303, specificity: 0.9678, sensitivity: 0.8137
2026-08-12 13:23:05 - val epoch: 91, loss: 0.5043
2026-08-12 13:23:23 - val epoch: 92, loss: 0.4889
2026-08-12 13:23:40 - val epoch: 93, loss: 0.5347
2026-08-12 13:23:57 - val epoch: 94, loss: 0.5118
2026-08-12 13:24:14 - val epoch: 95, loss: 0.4987
2026-08-12 13:24:31 - val epoch: 96, loss: 0.4979
2026-08-12 13:24:48 - val epoch: 97, loss: 0.4623
2026-08-12 13:25:05 - val epoch: 98, loss: 0.4853
2026-08-12 13:25:23 - val epoch: 99, loss: 0.5424
2026-08-12 13:25:40 - val epoch: 100, loss: 0.4722
2026-08-12 13:25:58 - val epoch: 101, loss: 0.4797
2026-08-12 13:26:15 - val epoch: 102, loss: 0.5051
2026-08-12 13:26:32 - val epoch: 103, loss: 0.5371
2026-08-12 13:26:49 - val epoch: 104, loss: 0.5130
2026-08-12 13:27:07 - val epoch: 105, loss: 0.4966
2026-08-12 13:27:24 - val epoch: 106, loss: 0.5848
2026-08-12 13:27:41 - val epoch: 107, loss: 0.5464
2026-08-12 13:27:58 - val epoch: 108, loss: 0.5268
2026-08-12 13:28:15 - val epoch: 109, loss: 0.5381
2026-08-12 13:28:32 - val epoch: 110, loss: 0.5184
2026-08-12 13:28:49 - val epoch: 111, loss: 0.5621
2026-08-12 13:29:07 - val epoch: 112, loss: 0.5804
2026-08-12 13:29:24 - val epoch: 113, loss: 0.4933
2026-08-12 13:29:41 - val epoch: 114, loss: 0.5890
2026-08-12 13:29:58 - val epoch: 115, loss: 0.5061
2026-08-12 13:30:15 - val epoch: 116, loss: 0.5748
2026-08-12 13:30:32 - val epoch: 117, loss: 0.5789
2026-08-12 13:30:49 - val epoch: 118, loss: 0.5805
2026-08-12 13:31:06 - val epoch: 119, loss: 0.5611
2026-08-12 13:31:28 - val epoch: 120, loss: 0.5650, miou: 0.7350, dsc: 0.8472, accuracy: 0.9296, specificity: 0.9707, sensitivity: 0.8018
2026-08-12 13:31:45 - val epoch: 121, loss: 0.5189
2026-08-12 13:32:02 - val epoch: 122, loss: 0.5771
2026-08-12 13:32:19 - val epoch: 123, loss: 0.5486
2026-08-12 13:32:36 - val epoch: 124, loss: 0.5338
2026-08-12 13:32:53 - val epoch: 125, loss: 0.5557
2026-08-12 13:33:10 - val epoch: 126, loss: 0.5177
2026-08-12 13:33:27 - val epoch: 127, loss: 0.5718
2026-08-12 13:33:45 - val epoch: 128, loss: 0.6274
2026-08-12 13:34:02 - val epoch: 129, loss: 0.5183
2026-08-12 13:34:19 - val epoch: 130, loss: 0.5187
2026-08-12 13:34:36 - val epoch: 131, loss: 0.5353
2026-08-12 13:34:53 - val epoch: 132, loss: 0.5460
2026-08-12 13:35:10 - val epoch: 133, loss: 0.5417
2026-08-12 13:35:28 - val epoch: 134, loss: 0.5580
2026-08-12 13:35:45 - val epoch: 135, loss: 0.5269
2026-08-12 13:36:02 - val epoch: 136, loss: 0.5937
2026-08-12 13:36:19 - val epoch: 137, loss: 0.5503
2026-08-12 13:36:36 - val epoch: 138, loss: 0.5431
2026-08-12 13:36:53 - val epoch: 139, loss: 0.5707
2026-08-12 13:37:11 - val epoch: 140, loss: 0.5880
2026-08-12 13:37:28 - val epoch: 141, loss: 0.4968
2026-08-12 13:37:46 - val epoch: 142, loss: 0.5490
2026-08-12 13:38:03 - val epoch: 143, loss: 0.5756
2026-08-12 13:38:21 - val epoch: 144, loss: 0.5383
2026-08-12 13:38:37 - val epoch: 145, loss: 0.5640
2026-08-12 13:38:55 - val epoch: 146, loss: 0.5458
2026-08-12 13:39:12 - val epoch: 147, loss: 0.5229
2026-08-12 13:39:30 - val epoch: 148, loss: 0.6021
2026-08-12 13:39:47 - val epoch: 149, loss: 0.5468
2026-08-12 13:40:08 - val epoch: 150, loss: 0.6039, miou: 0.7214, dsc: 0.8381, accuracy: 0.9271, specificity: 0.9761, sensitivity: 0.7750
2026-08-12 13:40:25 - val epoch: 151, loss: 0.5943
2026-08-12 13:40:43 - val epoch: 152, loss: 0.5506
2026-08-12 13:41:00 - val epoch: 153, loss: 0.5599
2026-08-12 13:41:17 - val epoch: 154, loss: 0.6253
2026-08-12 13:41:35 - val epoch: 155, loss: 0.5685
2026-08-12 13:41:53 - val epoch: 156, loss: 0.6021
2026-08-12 13:42:09 - val epoch: 157, loss: 0.6084
2026-08-12 13:42:27 - val epoch: 158, loss: 0.6403
2026-08-12 13:42:44 - val epoch: 159, loss: 0.5496
2026-08-12 13:43:01 - val epoch: 160, loss: 0.6047
2026-08-12 13:43:18 - val epoch: 161, loss: 0.6475
2026-08-12 13:43:36 - val epoch: 162, loss: 0.6082
2026-08-12 13:43:53 - val epoch: 163, loss: 0.6659
2026-08-12 13:44:10 - val epoch: 164, loss: 0.6696
2026-08-12 13:44:27 - val epoch: 165, loss: 0.6477
2026-08-12 13:44:44 - val epoch: 166, loss: 0.5700
2026-08-12 13:45:01 - val epoch: 167, loss: 0.6108
2026-08-12 13:45:19 - val epoch: 168, loss: 0.5719
2026-08-12 13:45:36 - val epoch: 169, loss: 0.5442
2026-08-12 13:45:53 - val epoch: 170, loss: 0.5828
2026-08-12 13:46:11 - val epoch: 171, loss: 0.5487
2026-08-12 13:46:28 - val epoch: 172, loss: 0.6014
2026-08-12 13:46:45 - val epoch: 173, loss: 0.6310
2026-08-12 13:47:02 - val epoch: 174, loss: 0.6274
2026-08-12 13:47:19 - val epoch: 175, loss: 0.5929
2026-08-12 13:47:37 - val epoch: 176, loss: 0.6526
2026-08-12 13:47:54 - val epoch: 177, loss: 0.6414
2026-08-12 13:48:11 - val epoch: 178, loss: 0.6467
2026-08-12 13:48:28 - val epoch: 179, loss: 0.6167
2026-08-12 13:48:49 - val epoch: 180, loss: 0.6786, miou: 0.7156, dsc: 0.8342, accuracy: 0.9265, specificity: 0.9800, sensitivity: 0.7601
2026-08-12 13:49:06 - val epoch: 181, loss: 0.6628
2026-08-12 13:49:23 - val epoch: 182, loss: 0.6279
2026-08-12 13:49:40 - val epoch: 183, loss: 0.6933
2026-08-12 13:49:58 - val epoch: 184, loss: 0.6436
2026-08-12 13:50:15 - val epoch: 185, loss: 0.6724
2026-08-12 13:50:32 - val epoch: 186, loss: 0.6395
2026-08-12 13:50:50 - val epoch: 187, loss: 0.6754
2026-08-12 13:51:07 - val epoch: 188, loss: 0.6305
2026-08-12 13:51:24 - val epoch: 189, loss: 0.6311
2026-08-12 13:51:41 - val epoch: 190, loss: 0.6222
2026-08-12 13:51:58 - val epoch: 191, loss: 0.5903
2026-08-12 13:52:16 - val epoch: 192, loss: 0.6096
2026-08-12 13:52:33 - val epoch: 193, loss: 0.6317
2026-08-12 13:52:50 - val epoch: 194, loss: 0.6770
2026-08-12 13:53:07 - val epoch: 195, loss: 0.6890
2026-08-12 13:53:24 - val epoch: 196, loss: 0.6343
2026-08-12 13:53:42 - val epoch: 197, loss: 0.6367
2026-08-12 13:53:59 - val epoch: 198, loss: 0.6447
2026-08-12 13:54:16 - val epoch: 199, loss: 0.6765
2026-08-12 13:54:33 - val epoch: 200, loss: 0.6542
2026-08-12 13:54:51 - val epoch: 201, loss: 0.6539
2026-08-12 13:55:08 - val epoch: 202, loss: 0.6559
2026-08-12 13:55:25 - val epoch: 203, loss: 0.6791
2026-08-12 13:55:42 - val epoch: 204, loss: 0.6813
2026-08-12 13:55:59 - val epoch: 205, loss: 0.7031
2026-08-12 13:56:16 - val epoch: 206, loss: 0.6654
2026-08-12 13:56:33 - val epoch: 207, loss: 0.6606
2026-08-12 13:56:50 - val epoch: 208, loss: 0.6943
2026-08-12 13:57:08 - val epoch: 209, loss: 0.7494
2026-08-12 13:57:30 - val epoch: 210, loss: 0.6802, miou: 0.7213, dsc: 0.8381, accuracy: 0.9275, specificity: 0.9781, sensitivity: 0.7705
2026-08-12 13:57:47 - val epoch: 211, loss: 0.7083
2026-08-12 13:58:04 - val epoch: 212, loss: 0.6909
2026-08-12 13:58:21 - val epoch: 213, loss: 0.6966
2026-08-12 13:58:38 - val epoch: 214, loss: 0.7065
2026-08-12 13:58:56 - val epoch: 215, loss: 0.6919
2026-08-12 13:59:13 - val epoch: 216, loss: 0.7300
2026-08-12 13:59:30 - val epoch: 217, loss: 0.6719
2026-08-12 13:59:47 - val epoch: 218, loss: 0.6982
2026-08-12 14:00:05 - val epoch: 219, loss: 0.7035
2026-08-12 14:00:22 - val epoch: 220, loss: 0.7149
2026-08-12 14:00:40 - val epoch: 221, loss: 0.7704
2026-08-12 14:00:57 - val epoch: 222, loss: 0.7443
2026-08-12 14:01:14 - val epoch: 223, loss: 0.7017
2026-08-12 14:01:32 - val epoch: 224, loss: 0.7452
2026-08-12 14:01:49 - val epoch: 225, loss: 0.7333
2026-08-12 14:02:06 - val epoch: 226, loss: 0.7112
2026-08-12 14:02:23 - val epoch: 227, loss: 0.7816
2026-08-12 14:02:40 - val epoch: 228, loss: 0.7657
2026-08-12 14:02:57 - val epoch: 229, loss: 0.7303
2026-08-12 14:03:14 - val epoch: 230, loss: 0.7426
2026-08-12 14:03:31 - val epoch: 231, loss: 0.7210
2026-08-12 14:03:48 - val epoch: 232, loss: 0.7553
2026-08-12 14:04:05 - val epoch: 233, loss: 0.7297
2026-08-12 14:04:22 - val epoch: 234, loss: 0.7524
2026-08-12 14:04:39 - val epoch: 235, loss: 0.7496
2026-08-12 14:04:57 - val epoch: 236, loss: 0.7701
2026-08-12 14:05:14 - val epoch: 237, loss: 0.7438
2026-08-12 14:05:31 - val epoch: 238, loss: 0.7636
2026-08-12 14:05:49 - val epoch: 239, loss: 0.7810
2026-08-12 14:06:10 - val epoch: 240, loss: 0.7734, miou: 0.7060, dsc: 0.8277, accuracy: 0.9245, specificity: 0.9824, sensitivity: 0.7446
2026-08-12 14:06:27 - val epoch: 241, loss: 0.7695
2026-08-12 14:06:44 - val epoch: 242, loss: 0.7801
2026-08-12 14:07:02 - val epoch: 243, loss: 0.7685
2026-08-12 14:07:19 - val epoch: 244, loss: 0.7801
2026-08-12 14:07:36 - val epoch: 245, loss: 0.7888
2026-08-12 14:07:53 - val epoch: 246, loss: 0.7798
2026-08-12 14:08:10 - val epoch: 247, loss: 0.7801
2026-08-12 14:08:27 - val epoch: 248, loss: 0.7672
2026-08-12 14:08:45 - val epoch: 249, loss: 0.7817
2026-08-12 14:09:02 - val epoch: 250, loss: 0.7643
2026-08-12 14:09:19 - val epoch: 251, loss: 0.8055
2026-08-12 14:09:36 - val epoch: 252, loss: 0.7771
2026-08-12 14:09:53 - val epoch: 253, loss: 0.7522
2026-08-12 14:10:10 - val epoch: 254, loss: 0.7925
2026-08-12 14:10:27 - val epoch: 255, loss: 0.7718
2026-08-12 14:10:44 - val epoch: 256, loss: 0.7860
2026-08-12 14:11:01 - val epoch: 257, loss: 0.7730
2026-08-12 14:11:19 - val epoch: 258, loss: 0.7891
2026-08-12 14:11:36 - val epoch: 259, loss: 0.7985
2026-08-12 14:11:53 - val epoch: 260, loss: 0.7993
2026-08-12 14:12:10 - val epoch: 261, loss: 0.8096
2026-08-12 14:12:27 - val epoch: 262, loss: 0.7761
2026-08-12 14:12:44 - val epoch: 263, loss: 0.7953
2026-08-12 14:13:02 - val epoch: 264, loss: 0.8082
2026-08-12 14:13:19 - val epoch: 265, loss: 0.7820
2026-08-12 14:13:36 - val epoch: 266, loss: 0.8141
2026-08-12 14:13:53 - val epoch: 267, loss: 0.8047
2026-08-12 14:14:10 - val epoch: 268, loss: 0.7955
2026-08-12 14:14:27 - val epoch: 269, loss: 0.8012
2026-08-12 14:14:49 - val epoch: 270, loss: 0.8062, miou: 0.7019, dsc: 0.8248, accuracy: 0.9236, specificity: 0.9830, sensitivity: 0.7390
2026-08-12 14:15:06 - val epoch: 271, loss: 0.7967
2026-08-12 14:15:23 - val epoch: 272, loss: 0.8066
2026-08-12 14:15:40 - val epoch: 273, loss: 0.8050
2026-08-12 14:15:57 - val epoch: 274, loss: 0.8074
2026-08-12 14:16:14 - val epoch: 275, loss: 0.8020
2026-08-12 14:16:31 - val epoch: 276, loss: 0.8116
2026-08-12 14:16:48 - val epoch: 277, loss: 0.7961
2026-08-12 14:17:05 - val epoch: 278, loss: 0.7900
2026-08-12 14:17:22 - val epoch: 279, loss: 0.8118
2026-08-12 14:17:40 - val epoch: 280, loss: 0.8142
2026-08-12 14:17:57 - val epoch: 281, loss: 0.7919
2026-08-12 14:18:15 - val epoch: 282, loss: 0.7999
2026-08-12 14:18:32 - val epoch: 283, loss: 0.8124
2026-08-12 14:18:49 - val epoch: 284, loss: 0.8103
2026-08-12 14:19:07 - val epoch: 285, loss: 0.8045
2026-08-12 14:19:24 - val epoch: 286, loss: 0.8016
2026-08-12 14:19:42 - val epoch: 287, loss: 0.8065
2026-08-12 14:19:59 - val epoch: 288, loss: 0.8175
2026-08-12 14:20:16 - val epoch: 289, loss: 0.8040
2026-08-12 14:20:33 - val epoch: 290, loss: 0.8018
2026-08-12 14:20:50 - val epoch: 291, loss: 0.8084
2026-08-12 14:21:08 - val epoch: 292, loss: 0.8125
2026-08-12 14:21:25 - val epoch: 293, loss: 0.8110
2026-08-12 14:21:42 - val epoch: 294, loss: 0.8100
2026-08-12 14:21:59 - val epoch: 295, loss: 0.8098
2026-08-12 14:22:16 - val epoch: 296, loss: 0.8027
2026-08-12 14:22:34 - val epoch: 297, loss: 0.7930
2026-08-12 14:22:51 - val epoch: 298, loss: 0.7971
2026-08-12 14:23:08 - val epoch: 299, loss: 0.7972
2026-08-12 14:23:30 - val epoch: 300, loss: 0.8057, miou: 0.7038, dsc: 0.8261, accuracy: 0.9241, specificity: 0.9830, sensitivity: 0.7409
2026-08-12 14:23:50 - test of best model, loss: 2.5567,miou: 0.7575069086656733, f1_or_dsc: 0.8620243879903543, accuracy: 0.9338974905486154,                 specificity: 0.9614317492055174, sensitivity: 0.8483153577177119, confusion_matrix: [[38518318  1545179]
 [ 1955153 10934438]]
