downloaded ISIC-2017_Validation_Part1_GroundTruth.zip 572320
extracted ISIC-2017_Validation_Part1_GroundTruth.zip 150
downloaded ISIC-2017_Training_Part1_GroundTruth.zip 9321981
extracted ISIC-2017_Training_Part1_GroundTruth.zip 2000
downloaded ISIC-2017_Test_v2_Part1_GroundTruth.zip 19120388
downloaded ISIC2018_Task1_Training_GroundTruth.zip 27402895
extracted ISIC-2017_Test_v2_Part1_GroundTruth.zip 600
extracted ISIC2018_Task1_Training_GroundTruth.zip 2594
downloaded ISIC2018_Task1_Validation_GroundTruth.zip 759706
extracted ISIC2018_Task1_Validation_GroundTruth.zip 100
downloaded ISIC2018_Task1_Test_GroundTruth.zip 9680101
extracted ISIC2018_Task1_Test_GroundTruth.zip 1000
download failure PH2Dataset.rar SSLError(MaxRetryError("HTTPSConnectionPool(host='www.dropbox.com', port=443): Max retries exceeded with url: /s/k88qukc20ljnbuo/PH2Dataset.rar?dl=1 (Caused by SSLError(SSLEOFError(8, '[SSL: UNEXPECTED_EOF_WHILE_READING] EOF occurred in violation of protocol (_ssl.c:1006)')))"))
download failure PH2Dataset.rar SSLError(MaxRetryError("HTTPSConnectionPool(host='www.dropbox.com', port=443): Max retries exceeded with url: /s/k88qukc20ljnbuo/PH2Dataset.rar?dl=1 (Caused by SSLError(SSLEOFError(8, '[SSL: UNEXPECTED_EOF_WHILE_READING] EOF occurred in violation of protocol (_ssl.c:1006)')))"))
extracted ISIC-2017_Validation_Part1_GroundTruth.zip 150
extracted ISIC-2017_Training_Part1_GroundTruth.zip 2000
extracted ISIC-2017_Test_v2_Part1_GroundTruth.zip 600
extracted ISIC2018_Task1_Training_GroundTruth.zip 2594
extracted ISIC2018_Task1_Validation_GroundTruth.zip 100
extracted ISIC2018_Task1_Test_GroundTruth.zip 1000
download ISIC-2017_Training_Data.zip 213909504 / 6229496702 MiB/s 10.19
download ISIC-2017_Test_v2_Data.zip 201326592 / 5826753548 MiB/s 9.58
download ISIC-2017_Validation_Data.zip 213909504 / 920895119 MiB/s 10.06
download ISIC2018_Task1-2_Training_Input.zip 218103808 / 11165358566 MiB/s 10.24
download ISIC-2017_Test_v2_Data.zip 432013312 / 5826753548 MiB/s 10.26
download ISIC-2017_Training_Data.zip 461373440 / 6229496702 MiB/s 10.9
download ISIC2018_Task1-2_Training_Input.zip 465567744 / 11165358566 MiB/s 10.94
download ISIC-2017_Validation_Data.zip 461373440 / 920895119 MiB/s 10.84
download ISIC-2017_Test_v2_Data.zip 666894336 / 5826753548 MiB/s 10.53
download ISIC-2017_Validation_Data.zip 704643072 / 920895119 MiB/s 11.08
download ISIC-2017_Training_Data.zip 708837376 / 6229496702 MiB/s 11.15
download ISIC2018_Task1-2_Training_Input.zip 713031680 / 11165358566 MiB/s 11.16
downloaded ISIC-2017_Validation_Data.zip 920895119
download ISIC-2017_Test_v2_Data.zip 897581056 / 5826753548 MiB/s 10.64
download ISIC-2017_Training_Data.zip 952107008 / 6229496702 MiB/s 11.26
download ISIC2018_Task1-2_Training_Input.zip 960495616 / 11165358566 MiB/s 11.28
extracted ISIC-2017_Validation_Data.zip 150
download ISIC2018_Task1-2_Validation_Input.zip 218103808 / 239231159 MiB/s 10.33
download ISIC-2017_Training_Data.zip 1199570944 / 6229496702 MiB/s 11.35
download ISIC-2017_Test_v2_Data.zip 1132462080 / 5826753548 MiB/s 10.71
download ISIC2018_Task1-2_Training_Input.zip 1128267776 / 11165358566 MiB/s 10.63
downloaded ISIC2018_Task1-2_Validation_Input.zip 239231159
extracted ISIC2018_Task1-2_Validation_Input.zip 100
download ISIC-2017_Training_Data.zip 1442840576 / 6229496702 MiB/s 11.38
download ISIC-2017_Test_v2_Data.zip 1363148800 / 5826753548 MiB/s 10.73
download ISIC2018_Task1-2_Training_Input.zip 1375731712 / 11165358566 MiB/s 10.79
download ISIC2018_Task1-2_Test_Input.zip 213909504 / 2370457338 MiB/s 10.02
download ISIC-2017_Training_Data.zip 1572864000 / 6229496702 MiB/s 10.61
download ISIC-2017_Test_v2_Data.zip 1484783616 / 5826753548 MiB/s 10.02
download ISIC2018_Task1-2_Training_Input.zip 1509949440 / 11165358566 MiB/s 10.16
download ISIC2018_Task1-2_Test_Input.zip 457179136 / 2370457338 MiB/s 10.74
download ISIC-2017_Training_Data.zip 1723858944 / 6229496702 MiB/s 10.18
download ISIC-2017_Test_v2_Data.zip 1627389952 / 5826753548 MiB/s 9.6
download ISIC2018_Task1-2_Training_Input.zip 1665138688 / 11165358566 MiB/s 9.8
download ISIC2018_Task1-2_Test_Input.zip 696254464 / 2370457338 MiB/s 10.95
download ISIC-2017_Test_v2_Data.zip 1795162112 / 5826753548 MiB/s 9.42
download ISIC-2017_Training_Data.zip 1887436800 / 6229496702 MiB/s 9.91
download ISIC2018_Task1-2_Training_Input.zip 1845493760 / 11165358566 MiB/s 9.66
download ISIC2018_Task1-2_Test_Input.zip 914358272 / 2370457338 MiB/s 10.8
download ISIC-2017_Training_Data.zip 2067791872 / 6229496702 MiB/s 9.77
download ISIC-2017_Test_v2_Data.zip 1971322880 / 5826753548 MiB/s 9.3
download ISIC2018_Task1-2_Training_Input.zip 2025848832 / 11165358566 MiB/s 9.56
download ISIC2018_Task1-2_Test_Input.zip 1061158912 / 2370457338 MiB/s 10.03
download ISIC-2017_Test_v2_Data.zip 2197815296 / 5826753548 MiB/s 9.43
download ISIC-2017_Training_Data.zip 2311061504 / 6229496702 MiB/s 9.92
download ISIC2018_Task1-2_Training_Input.zip 2269118464 / 11165358566 MiB/s 9.72
download ISIC2018_Task1-2_Test_Input.zip 1228931072 / 2370457338 MiB/s 9.67
download ISIC-2017_Test_v2_Data.zip 2428502016 / 5826753548 MiB/s 9.56
download ISIC-2017_Training_Data.zip 2554331136 / 6229496702 MiB/s 10.05
download ISIC2018_Task1-2_Training_Input.zip 2516582400 / 11165358566 MiB/s 9.88
download ISIC2018_Task1-2_Test_Input.zip 1472200704 / 2370457338 MiB/s 9.93
download ISIC-2017_Test_v2_Data.zip 2659188736 / 5826753548 MiB/s 9.67
download ISIC-2017_Training_Data.zip 2797600768 / 6229496702 MiB/s 10.16
download ISIC2018_Task1-2_Training_Input.zip 2759852032 / 11165358566 MiB/s 10.01
download ISIC2018_Task1-2_Test_Input.zip 1715470336 / 2370457338 MiB/s 10.11
download ISIC-2017_Test_v2_Data.zip 2889875456 / 5826753548 MiB/s 9.76
download ISIC-2017_Training_Data.zip 3040870400 / 6229496702 MiB/s 10.26
download ISIC2018_Task1-2_Training_Input.zip 3007315968 / 11165358566 MiB/s 10.12
download ISIC2018_Task1-2_Test_Input.zip 1958739968 / 2370457338 MiB/s 10.25
download ISIC-2017_Test_v2_Data.zip 3091202048 / 5826753548 MiB/s 9.75
download ISIC-2017_Training_Data.zip 3254779904 / 6229496702 MiB/s 10.25
download ISIC2018_Task1-2_Training_Input.zip 3229614080 / 11165358566 MiB/s 10.15
download ISIC2018_Task1-2_Test_Input.zip 2202009600 / 2370457338 MiB/s 10.37
download ISIC-2017_Test_v2_Data.zip 3263168512 / 5826753548 MiB/s 9.64
download ISIC-2017_Training_Data.zip 3439329280 / 6229496702 MiB/s 10.16
download ISIC2018_Task1-2_Training_Input.zip 3418357760 / 11165358566 MiB/s 10.08
downloaded ISIC2018_Task1-2_Test_Input.zip 2370457338
extracted ISIC2018_Task1-2_Test_Input.zip 1000
download failure PH2Dataset.rar SSLError(MaxRetryError("HTTPSConnectionPool(host='www.dropbox.com', port=443): Max retries exceeded with url: /s/k88qukc20ljnbuo/PH2Dataset.rar?dl=1 (Caused by SSLError(SSLEOFError(8, '[SSL: UNEXPECTED_EOF_WHILE_READING] EOF occurred in violation of protocol (_ssl.c:1006)')))"))
download ISIC-2017_Test_v2_Data.zip 3493855232 / 5826753548 MiB/s 9.72
download ISIC-2017_Training_Data.zip 3682598912 / 6229496702 MiB/s 10.24
download ISIC2018_Task1-2_Training_Input.zip 3661627392 / 11165358566 MiB/s 10.16
download failure PH2Dataset.rar SSLError(MaxRetryError("HTTPSConnectionPool(host='www.dropbox.com', port=443): Max retries exceeded with url: /s/k88qukc20ljnbuo/PH2Dataset.rar?dl=1 (Caused by SSLError(SSLEOFError(8, '[SSL: UNEXPECTED_EOF_WHILE_READING] EOF occurred in violation of protocol (_ssl.c:1006)')))"))
download ISIC-2017_Test_v2_Data.zip 3674210304 / 5826753548 MiB/s 9.65
download ISIC-2017_Training_Data.zip 3875536896 / 6229496702 MiB/s 10.18
download ISIC2018_Task1-2_Training_Input.zip 3858759680 / 11165358566 MiB/s 10.12
download failure PH2Dataset.rar SSLError(MaxRetryError("HTTPSConnectionPool(host='dl.dropboxusercontent.com', port=443): Max retries exceeded with url: /s/k88qukc20ljnbuo/PH2Dataset.rar (Caused by SSLError(SSLEOFError(8, '[SSL: UNEXPECTED_EOF_WHILE_READING] EOF occurred in violation of protocol (_ssl.c:1006)')))"))
download failure PH2Dataset.rar SSLError(MaxRetryError("HTTPSConnectionPool(host='dl.dropboxusercontent.com', port=443): Max retries exceeded with url: /s/k88qukc20ljnbuo/PH2Dataset.rar (Caused by SSLError(SSLEOFError(8, '[SSL: UNEXPECTED_EOF_WHILE_READING] EOF occurred in violation of protocol (_ssl.c:1006)')))"))
download ISIC-2017_Test_v2_Data.zip 3871342592 / 5826753548 MiB/s 9.63
download ISIC-2017_Training_Data.zip 4085252096 / 6229496702 MiB/s 10.16
download ISIC2018_Task1-2_Training_Input.zip 4072669184 / 11165358566 MiB/s 10.12
download ISIC-2017_Training_Data.zip 4328521728 / 6229496702 MiB/s 10.23
download ISIC-2017_Test_v2_Data.zip 4102029312 / 5826753548 MiB/s 9.69
download ISIC2018_Task1-2_Training_Input.zip 4320133120 / 11165358566 MiB/s 10.2
download ISIC-2017_Training_Data.zip 4571791360 / 6229496702 MiB/s 10.3
download ISIC-2017_Test_v2_Data.zip 4336910336 / 5826753548 MiB/s 9.76
download ISIC2018_Task1-2_Training_Input.zip 4567597056 / 11165358566 MiB/s 10.27
download ISIC-2017_Training_Data.zip 4815060992 / 6229496702 MiB/s 10.35
download ISIC-2017_Test_v2_Data.zip 4567597056 / 5826753548 MiB/s 9.81
download ISIC2018_Task1-2_Training_Input.zip 4815060992 / 11165358566 MiB/s 10.33
download ISIC-2017_Training_Data.zip 5062524928 / 6229496702 MiB/s 10.41
download ISIC-2017_Test_v2_Data.zip 4571791360 / 5826753548 MiB/s 9.23
download ISIC2018_Task1-2_Training_Input.zip 4819255296 / 11165358566 MiB/s 9.73
download ISIC-2017_Training_Data.zip 5213519872 / 6229496702 MiB/s 10.27
download ISIC-2017_Test_v2_Data.zip 4806672384 / 5826753548 MiB/s 9.31
download ISIC2018_Task1-2_Training_Input.zip 5070913536 / 11165358566 MiB/s 9.82
download ISIC-2017_Training_Data.zip 5460983808 / 6229496702 MiB/s 10.33
download ISIC-2017_Test_v2_Data.zip 5037359104 / 5826753548 MiB/s 9.38
download ISIC2018_Task1-2_Training_Input.zip 5318377472 / 11165358566 MiB/s 9.89
download ISIC-2017_Training_Data.zip 5700059136 / 6229496702 MiB/s 10.37
download ISIC-2017_Test_v2_Data.zip 5041553408 / 5826753548 MiB/s 8.96
download ISIC2018_Task1-2_Training_Input.zip 5322571776 / 11165358566 MiB/s 9.46
download ISIC-2017_Training_Data.zip 5792333824 / 6229496702 MiB/s 10.14
download ISIC-2017_Test_v2_Data.zip 5263851520 / 5826753548 MiB/s 9.02
download ISIC2018_Task1-2_Training_Input.zip 5574230016 / 11165358566 MiB/s 9.55
download ISIC-2017_Training_Data.zip 5964300288 / 6229496702 MiB/s 10.07
download ISIC-2017_Test_v2_Data.zip 5494538240 / 5826753548 MiB/s 9.09
download ISIC2018_Task1-2_Training_Input.zip 5821693952 / 11165358566 MiB/s 9.62
download ISIC-2017_Training_Data.zip 6199181312 / 6229496702 MiB/s 10.11
downloaded ISIC-2017_Training_Data.zip 6229496702
download ISIC-2017_Test_v2_Data.zip 5725224960 / 5826753548 MiB/s 9.15
download ISIC2018_Task1-2_Training_Input.zip 6069157888 / 11165358566 MiB/s 9.69
downloaded ISIC-2017_Test_v2_Data.zip 5826753548
extracted ISIC-2017_Training_Data.zip 2000
download ISIC2018_Task1-2_Training_Input.zip 6312427520 / 11165358566 MiB/s 9.75
extracted ISIC-2017_Test_v2_Data.zip 600
