2026-08-13 17:44:29 - #----------Config info----------#
2026-08-13 17:44:29 - network: ege_hrvit_nohalting,
2026-08-13 17:44:29 - work_dir: results/ege_hrvit_nohalting_isic18_Thursday_13_August_2026_17h_44m_29s/,
2026-08-13 17:44:34 - train: epoch 1, iter:0, loss: 5.4211, lr: 0.001
2026-08-13 17:44:45 - train: epoch 1, iter:20, loss: 2.9403, lr: 0.001
2026-08-13 17:45:08 - val epoch: 1, loss: 1.7423
2026-08-13 17:45:10 - train: epoch 2, iter:0, loss: 1.8035, lr: 0.0009999728588359286
2026-08-13 17:45:21 - train: epoch 2, iter:20, loss: 1.6159, lr: 0.0009999728588359286
2026-08-13 17:45:44 - val epoch: 2, loss: 1.5731
2026-08-13 17:45:46 - train: epoch 3, iter:0, loss: 1.4601, lr: 0.0009998914383200486
2026-08-13 17:45:57 - train: epoch 3, iter:20, loss: 1.4418, lr: 0.0009998914383200486
2026-08-13 17:46:20 - val epoch: 3, loss: 1.3787
2026-08-13 17:46:22 - train: epoch 4, iter:0, loss: 1.2349, lr: 0.0009997557473810372
2026-08-13 17:46:32 - train: epoch 4, iter:20, loss: 1.2793, lr: 0.0009997557473810372
2026-08-13 17:46:55 - val epoch: 4, loss: 1.4123
2026-08-13 17:46:57 - train: epoch 5, iter:0, loss: 1.3006, lr: 0.000999565800898935
2026-08-13 17:47:08 - train: epoch 5, iter:20, loss: 1.2809, lr: 0.000999565800898935
2026-08-13 17:47:31 - val epoch: 5, loss: 1.2044
2026-08-13 17:47:33 - train: epoch 6, iter:0, loss: 1.1447, lr: 0.0009993216197035143
2026-08-13 17:47:44 - train: epoch 6, iter:20, loss: 1.1686, lr: 0.0009993216197035143
2026-08-13 17:48:07 - val epoch: 6, loss: 1.1256
2026-08-13 17:48:09 - train: epoch 7, iter:0, loss: 1.0162, lr: 0.0009990232305719946
2026-08-13 17:48:20 - train: epoch 7, iter:20, loss: 1.1130, lr: 0.0009990232305719946
2026-08-13 17:48:43 - val epoch: 7, loss: 1.0974
2026-08-13 17:48:45 - train: epoch 8, iter:0, loss: 1.0051, lr: 0.0009986706662261067
2026-08-13 17:48:56 - train: epoch 8, iter:20, loss: 1.0169, lr: 0.0009986706662261067
2026-08-13 17:49:19 - val epoch: 8, loss: 1.0527
2026-08-13 17:49:21 - train: epoch 9, iter:0, loss: 0.8460, lr: 0.0009982639653285047
2026-08-13 17:49:31 - train: epoch 9, iter:20, loss: 1.0288, lr: 0.0009982639653285047
2026-08-13 17:49:55 - val epoch: 9, loss: 1.0647
2026-08-13 17:49:57 - train: epoch 10, iter:0, loss: 0.9226, lr: 0.0009978031724785245
2026-08-13 17:50:07 - train: epoch 10, iter:20, loss: 1.0278, lr: 0.0009978031724785245
2026-08-13 17:50:30 - val epoch: 10, loss: 1.0486
2026-08-13 17:50:32 - train: epoch 11, iter:0, loss: 0.8707, lr: 0.0009972883382072953
2026-08-13 17:50:43 - train: epoch 11, iter:20, loss: 0.9483, lr: 0.0009972883382072953
2026-08-13 17:51:06 - val epoch: 11, loss: 0.9964
2026-08-13 17:51:08 - train: epoch 12, iter:0, loss: 0.9864, lr: 0.0009967195189721962
2026-08-13 17:51:18 - train: epoch 12, iter:20, loss: 0.8888, lr: 0.0009967195189721962
2026-08-13 17:51:41 - val epoch: 12, loss: 1.1158
2026-08-13 17:51:43 - train: epoch 13, iter:0, loss: 0.8382, lr: 0.0009960967771506667
2026-08-13 17:51:54 - train: epoch 13, iter:20, loss: 0.9328, lr: 0.0009960967771506667
2026-08-13 17:52:17 - val epoch: 13, loss: 1.0912
2026-08-13 17:52:20 - train: epoch 14, iter:0, loss: 0.8365, lr: 0.0009954201810333646
2026-08-13 17:52:30 - train: epoch 14, iter:20, loss: 0.9097, lr: 0.0009954201810333646
2026-08-13 17:52:53 - val epoch: 14, loss: 0.9892
2026-08-13 17:52:55 - train: epoch 15, iter:0, loss: 0.8112, lr: 0.0009946898048166792
2026-08-13 17:53:06 - train: epoch 15, iter:20, loss: 0.9066, lr: 0.0009946898048166792
2026-08-13 17:53:29 - val epoch: 15, loss: 1.0039
2026-08-13 17:53:31 - train: epoch 16, iter:0, loss: 0.7194, lr: 0.000993905728594593
2026-08-13 17:53:42 - train: epoch 16, iter:20, loss: 0.8330, lr: 0.000993905728594593
2026-08-13 17:54:05 - val epoch: 16, loss: 0.9314
2026-08-13 17:54:07 - train: epoch 17, iter:0, loss: 0.7434, lr: 0.0009930680383498998
2026-08-13 17:54:18 - train: epoch 17, iter:20, loss: 0.8146, lr: 0.0009930680383498998
2026-08-13 17:54:41 - val epoch: 17, loss: 1.0720
2026-08-13 17:54:43 - train: epoch 18, iter:0, loss: 0.7577, lr: 0.0009921768259447744
2026-08-13 17:54:53 - train: epoch 18, iter:20, loss: 0.8008, lr: 0.0009921768259447744
2026-08-13 17:55:16 - val epoch: 18, loss: 0.9635
2026-08-13 17:55:18 - train: epoch 19, iter:0, loss: 0.9662, lr: 0.0009912321891107007
2026-08-13 17:55:29 - train: epoch 19, iter:20, loss: 0.8075, lr: 0.0009912321891107007
2026-08-13 17:55:52 - val epoch: 19, loss: 0.9168
2026-08-13 17:55:54 - train: epoch 20, iter:0, loss: 0.7151, lr: 0.0009902342314377522
2026-08-13 17:56:05 - train: epoch 20, iter:20, loss: 0.7474, lr: 0.0009902342314377522
2026-08-13 17:56:28 - val epoch: 20, loss: 0.9059
2026-08-13 17:56:30 - train: epoch 21, iter:0, loss: 0.7284, lr: 0.0009891830623632338
2026-08-13 17:56:41 - train: epoch 21, iter:20, loss: 0.7573, lr: 0.0009891830623632338
2026-08-13 17:57:04 - val epoch: 21, loss: 0.9962
2026-08-13 17:57:06 - train: epoch 22, iter:0, loss: 0.8337, lr: 0.00098807879715968
2026-08-13 17:57:17 - train: epoch 22, iter:20, loss: 0.7407, lr: 0.00098807879715968
2026-08-13 17:57:40 - val epoch: 22, loss: 0.9303
2026-08-13 17:57:42 - train: epoch 23, iter:0, loss: 0.6386, lr: 0.0009869215569222143
2026-08-13 17:57:52 - train: epoch 23, iter:20, loss: 0.7207, lr: 0.0009869215569222143
2026-08-13 17:58:15 - val epoch: 23, loss: 0.9228
2026-08-13 17:58:17 - train: epoch 24, iter:0, loss: 0.6920, lr: 0.0009857114685552697
2026-08-13 17:58:27 - train: epoch 24, iter:20, loss: 0.7149, lr: 0.0009857114685552697
2026-08-13 17:58:50 - val epoch: 24, loss: 0.9307
2026-08-13 17:58:53 - train: epoch 25, iter:0, loss: 0.6248, lr: 0.0009844486647586721
2026-08-13 17:59:03 - train: epoch 25, iter:20, loss: 0.7093, lr: 0.0009844486647586721
2026-08-13 17:59:26 - val epoch: 25, loss: 0.9114
2026-08-13 17:59:28 - train: epoch 26, iter:0, loss: 0.7019, lr: 0.0009831332840130884
2026-08-13 17:59:39 - train: epoch 26, iter:20, loss: 0.7187, lr: 0.0009831332840130884
2026-08-13 18:00:02 - val epoch: 26, loss: 0.9085
2026-08-13 18:00:04 - train: epoch 27, iter:0, loss: 0.6002, lr: 0.0009817654705648405
2026-08-13 18:00:14 - train: epoch 27, iter:20, loss: 0.7055, lr: 0.0009817654705648405
2026-08-13 18:00:37 - val epoch: 27, loss: 1.0436
2026-08-13 18:00:39 - train: epoch 28, iter:0, loss: 0.7372, lr: 0.0009803453744100864
2026-08-13 18:00:50 - train: epoch 28, iter:20, loss: 0.7459, lr: 0.0009803453744100864
2026-08-13 18:01:13 - val epoch: 28, loss: 0.8732
2026-08-13 18:01:15 - train: epoch 29, iter:0, loss: 0.7093, lr: 0.0009788731512783728
2026-08-13 18:01:26 - train: epoch 29, iter:20, loss: 0.6979, lr: 0.0009788731512783728
2026-08-13 18:01:49 - val epoch: 29, loss: 0.9546
2026-08-13 18:01:51 - train: epoch 30, iter:0, loss: 0.6689, lr: 0.0009773489626155566
2026-08-13 18:02:01 - train: epoch 30, iter:20, loss: 0.6860, lr: 0.0009773489626155566
2026-08-13 18:02:28 - val epoch: 30, loss: 0.8747, miou: 0.7787820998564952, f1_or_dsc: 0.8756351887275278, accuracy: 0.938379986451404,                 specificity: 0.9535628155475294, sensitivity: 0.8911886343018952, confusion_matrix: [[38203061  1860436]
 [ 1402534 11487057]]
2026-08-13 18:02:31 - train: epoch 31, iter:0, loss: 0.5462, lr: 0.0009757729755661006
2026-08-13 18:02:41 - train: epoch 31, iter:20, loss: 0.6657, lr: 0.0009757729755661006
2026-08-13 18:03:04 - val epoch: 31, loss: 0.8772
2026-08-13 18:03:07 - train: epoch 32, iter:0, loss: 0.8766, lr: 0.0009741453629547445
2026-08-13 18:03:17 - train: epoch 32, iter:20, loss: 0.7077, lr: 0.0009741453629547445
2026-08-13 18:03:41 - val epoch: 32, loss: 0.9162
2026-08-13 18:03:43 - train: epoch 33, iter:0, loss: 1.0128, lr: 0.0009724663032675527
2026-08-13 18:03:53 - train: epoch 33, iter:20, loss: 0.6536, lr: 0.0009724663032675527
2026-08-13 18:04:16 - val epoch: 33, loss: 0.8466
2026-08-13 18:04:19 - train: epoch 34, iter:0, loss: 0.6733, lr: 0.0009707359806323412
2026-08-13 18:04:29 - train: epoch 34, iter:20, loss: 0.6565, lr: 0.0009707359806323412
2026-08-13 18:04:52 - val epoch: 34, loss: 0.8493
2026-08-13 18:04:55 - train: epoch 35, iter:0, loss: 0.5137, lr: 0.0009689545847984858
2026-08-13 18:05:05 - train: epoch 35, iter:20, loss: 0.6522, lr: 0.0009689545847984858
2026-08-13 18:05:28 - val epoch: 35, loss: 1.1134
2026-08-13 18:05:30 - train: epoch 36, iter:0, loss: 0.6333, lr: 0.0009671223111161144
2026-08-13 18:05:41 - train: epoch 36, iter:20, loss: 0.6740, lr: 0.0009671223111161144
2026-08-13 18:06:04 - val epoch: 36, loss: 0.8562
2026-08-13 18:06:06 - train: epoch 37, iter:0, loss: 0.6353, lr: 0.000965239360514684
2026-08-13 18:06:17 - train: epoch 37, iter:20, loss: 0.6353, lr: 0.000965239360514684
2026-08-13 18:06:40 - val epoch: 37, loss: 0.8924
2026-08-13 18:06:42 - train: epoch 38, iter:0, loss: 0.6191, lr: 0.000963305939480947
2026-08-13 18:06:52 - train: epoch 38, iter:20, loss: 0.6436, lr: 0.000963305939480947
2026-08-13 18:07:15 - val epoch: 38, loss: 0.8385
2026-08-13 18:07:18 - train: epoch 39, iter:0, loss: 0.7316, lr: 0.0009613222600363074
2026-08-13 18:07:28 - train: epoch 39, iter:20, loss: 0.6510, lr: 0.0009613222600363074
2026-08-13 18:07:51 - val epoch: 39, loss: 0.9150
2026-08-13 18:07:54 - train: epoch 40, iter:0, loss: 0.8538, lr: 0.0009592885397135703
2026-08-13 18:08:04 - train: epoch 40, iter:20, loss: 0.6174, lr: 0.0009592885397135703
2026-08-13 18:08:27 - val epoch: 40, loss: 0.8680
2026-08-13 18:08:30 - train: epoch 41, iter:0, loss: 0.6264, lr: 0.0009572050015330871
2026-08-13 18:08:40 - train: epoch 41, iter:20, loss: 0.6159, lr: 0.0009572050015330871
2026-08-13 18:09:04 - val epoch: 41, loss: 0.8472
2026-08-13 18:09:06 - train: epoch 42, iter:0, loss: 0.5843, lr: 0.0009550718739782986
2026-08-13 18:09:16 - train: epoch 42, iter:20, loss: 0.6108, lr: 0.0009550718739782986
2026-08-13 18:09:39 - val epoch: 42, loss: 0.8760
2026-08-13 18:09:42 - train: epoch 43, iter:0, loss: 0.6880, lr: 0.0009528893909706794
2026-08-13 18:09:52 - train: epoch 43, iter:20, loss: 0.6235, lr: 0.0009528893909706794
2026-08-13 18:10:15 - val epoch: 43, loss: 0.8661
2026-08-13 18:10:17 - train: epoch 44, iter:0, loss: 0.8933, lr: 0.0009506577918440856
2026-08-13 18:10:28 - train: epoch 44, iter:20, loss: 0.6275, lr: 0.0009506577918440856
2026-08-13 18:10:51 - val epoch: 44, loss: 0.8331
2026-08-13 18:10:53 - train: epoch 45, iter:0, loss: 0.5884, lr: 0.000948377321318509
2026-08-13 18:11:04 - train: epoch 45, iter:20, loss: 0.6356, lr: 0.000948377321318509
2026-08-13 18:11:27 - val epoch: 45, loss: 0.8370
2026-08-13 18:11:28 - train: epoch 46, iter:0, loss: 0.4358, lr: 0.0009460482294732416
2026-08-13 18:11:39 - train: epoch 46, iter:20, loss: 0.5933, lr: 0.0009460482294732416
2026-08-13 18:12:02 - val epoch: 46, loss: 0.8152
2026-08-13 18:12:04 - train: epoch 47, iter:0, loss: 0.5368, lr: 0.0009436707717194508
2026-08-13 18:12:15 - train: epoch 47, iter:20, loss: 0.5896, lr: 0.0009436707717194508
2026-08-13 18:12:38 - val epoch: 47, loss: 0.9203
2026-08-13 18:12:41 - train: epoch 48, iter:0, loss: 0.7296, lr: 0.0009412452087721706
2026-08-13 18:12:51 - train: epoch 48, iter:20, loss: 0.5892, lr: 0.0009412452087721706
2026-08-13 18:13:14 - val epoch: 48, loss: 0.9123
2026-08-13 18:13:17 - train: epoch 49, iter:0, loss: 0.5512, lr: 0.000938771806621712
2026-08-13 18:13:27 - train: epoch 49, iter:20, loss: 0.6497, lr: 0.000938771806621712
2026-08-13 18:13:50 - val epoch: 49, loss: 0.9602
2026-08-13 18:13:52 - train: epoch 50, iter:0, loss: 0.4928, lr: 0.0009362508365044934
2026-08-13 18:14:03 - train: epoch 50, iter:20, loss: 0.5937, lr: 0.0009362508365044934
2026-08-13 18:14:26 - val epoch: 50, loss: 0.8308
2026-08-13 18:14:28 - train: epoch 51, iter:0, loss: 0.5923, lr: 0.0009336825748732968
2026-08-13 18:14:38 - train: epoch 51, iter:20, loss: 0.6280, lr: 0.0009336825748732968
2026-08-13 18:15:02 - val epoch: 51, loss: 0.9095
2026-08-13 18:15:04 - train: epoch 52, iter:0, loss: 0.6165, lr: 0.0009310673033669517
2026-08-13 18:15:15 - train: epoch 52, iter:20, loss: 0.5745, lr: 0.0009310673033669517
2026-08-13 18:15:38 - val epoch: 52, loss: 0.9034
2026-08-13 18:15:40 - train: epoch 53, iter:0, loss: 0.5105, lr: 0.0009284053087794505
2026-08-13 18:15:51 - train: epoch 53, iter:20, loss: 0.6042, lr: 0.0009284053087794505
2026-08-13 18:16:14 - val epoch: 53, loss: 0.8454
2026-08-13 18:16:16 - train: epoch 54, iter:0, loss: 0.6551, lr: 0.0009256968830284974
2026-08-13 18:16:26 - train: epoch 54, iter:20, loss: 0.6219, lr: 0.0009256968830284974
2026-08-13 18:16:50 - val epoch: 54, loss: 0.8648
2026-08-13 18:16:52 - train: epoch 55, iter:0, loss: 0.4724, lr: 0.0009229423231234972
2026-08-13 18:17:02 - train: epoch 55, iter:20, loss: 0.5971, lr: 0.0009229423231234972
2026-08-13 18:17:26 - val epoch: 55, loss: 0.8974
2026-08-13 18:17:28 - train: epoch 56, iter:0, loss: 0.6584, lr: 0.0009201419311329846
2026-08-13 18:17:38 - train: epoch 56, iter:20, loss: 0.6469, lr: 0.0009201419311329846
2026-08-13 18:18:01 - val epoch: 56, loss: 0.8626
2026-08-13 18:18:04 - train: epoch 57, iter:0, loss: 0.6050, lr: 0.0009172960141514989
2026-08-13 18:18:14 - train: epoch 57, iter:20, loss: 0.5740, lr: 0.0009172960141514989
2026-08-13 18:18:37 - val epoch: 57, loss: 0.8054
2026-08-13 18:18:39 - train: epoch 58, iter:0, loss: 0.6744, lr: 0.0009144048842659077
2026-08-13 18:18:50 - train: epoch 58, iter:20, loss: 0.5705, lr: 0.0009144048842659077
2026-08-13 18:19:13 - val epoch: 58, loss: 0.9082
2026-08-13 18:19:15 - train: epoch 59, iter:0, loss: 0.5148, lr: 0.0009114688585211832
2026-08-13 18:19:25 - train: epoch 59, iter:20, loss: 0.5700, lr: 0.0009114688585211832
2026-08-13 18:19:48 - val epoch: 59, loss: 0.9738
2026-08-13 18:19:51 - train: epoch 60, iter:0, loss: 0.7120, lr: 0.0009084882588856339
2026-08-13 18:20:01 - train: epoch 60, iter:20, loss: 0.5588, lr: 0.0009084882588856339
2026-08-13 18:20:28 - val epoch: 60, loss: 0.9577, miou: 0.7555995298228209, f1_or_dsc: 0.860788029373735, accuracy: 0.9332332422237585,                 specificity: 0.9606513380496965, sensitivity: 0.8480121673371948, confusion_matrix: [[38487052  1576445]
 [ 1959061 10930530]]
2026-08-13 18:20:30 - train: epoch 61, iter:0, loss: 0.5451, lr: 0.0009054634122155986
2026-08-13 18:20:40 - train: epoch 61, iter:20, loss: 0.5550, lr: 0.0009054634122155986
2026-08-13 18:21:03 - val epoch: 61, loss: 0.8584
2026-08-13 18:21:05 - train: epoch 62, iter:0, loss: 0.5203, lr: 0.0009023946502196013
2026-08-13 18:21:16 - train: epoch 62, iter:20, loss: 0.5631, lr: 0.0009023946502196013
2026-08-13 18:21:39 - val epoch: 62, loss: 0.8941
2026-08-13 18:21:41 - train: epoch 63, iter:0, loss: 0.6504, lr: 0.0008992823094219767
2026-08-13 18:21:52 - train: epoch 63, iter:20, loss: 0.6052, lr: 0.0008992823094219767
2026-08-13 18:22:15 - val epoch: 63, loss: 0.8785
2026-08-13 18:22:17 - train: epoch 64, iter:0, loss: 0.5015, lr: 0.0008961267311259662
2026-08-13 18:22:27 - train: epoch 64, iter:20, loss: 0.5585, lr: 0.0008961267311259662
2026-08-13 18:22:50 - val epoch: 64, loss: 0.9661
2026-08-13 18:22:53 - train: epoch 65, iter:0, loss: 0.5019, lr: 0.0008929282613762903
2026-08-13 18:23:03 - train: epoch 65, iter:20, loss: 0.5299, lr: 0.0008929282613762903
2026-08-13 18:23:26 - val epoch: 65, loss: 0.8863
2026-08-13 18:23:29 - train: epoch 66, iter:0, loss: 0.5117, lr: 0.0008896872509212002
2026-08-13 18:23:39 - train: epoch 66, iter:20, loss: 0.5448, lr: 0.0008896872509212002
2026-08-13 18:24:02 - val epoch: 66, loss: 0.9641
2026-08-13 18:24:04 - train: epoch 67, iter:0, loss: 0.5523, lr: 0.0008864040551740152
2026-08-13 18:24:15 - train: epoch 67, iter:20, loss: 0.5556, lr: 0.0008864040551740152
2026-08-13 18:24:38 - val epoch: 67, loss: 0.9073
2026-08-13 18:24:40 - train: epoch 68, iter:0, loss: 0.4384, lr: 0.0008830790341741476
2026-08-13 18:24:50 - train: epoch 68, iter:20, loss: 0.5541, lr: 0.0008830790341741476
2026-08-13 18:25:14 - val epoch: 68, loss: 0.9133
2026-08-13 18:25:16 - train: epoch 69, iter:0, loss: 0.5443, lr: 0.000879712552547619
2026-08-13 18:25:26 - train: epoch 69, iter:20, loss: 0.5426, lr: 0.000879712552547619
2026-08-13 18:25:49 - val epoch: 69, loss: 0.9336
2026-08-13 18:25:51 - train: epoch 70, iter:0, loss: 0.6025, lr: 0.0008763049794670771
2026-08-13 18:26:02 - train: epoch 70, iter:20, loss: 0.5346, lr: 0.0008763049794670771
2026-08-13 18:26:25 - val epoch: 70, loss: 0.8644
2026-08-13 18:26:27 - train: epoch 71, iter:0, loss: 0.4992, lr: 0.0008728566886113098
2026-08-13 18:26:37 - train: epoch 71, iter:20, loss: 0.5245, lr: 0.0008728566886113098
2026-08-13 18:27:01 - val epoch: 71, loss: 0.8996
2026-08-13 18:27:03 - train: epoch 72, iter:0, loss: 0.4814, lr: 0.000869368058124268
2026-08-13 18:27:13 - train: epoch 72, iter:20, loss: 0.5207, lr: 0.000869368058124268
2026-08-13 18:27:36 - val epoch: 72, loss: 0.9025
2026-08-13 18:27:39 - train: epoch 73, iter:0, loss: 0.5107, lr: 0.0008658394705735983
2026-08-13 18:27:49 - train: epoch 73, iter:20, loss: 0.5371, lr: 0.0008658394705735983
2026-08-13 18:28:12 - val epoch: 73, loss: 0.9806
2026-08-13 18:28:14 - train: epoch 74, iter:0, loss: 0.5847, lr: 0.0008622713129086888
2026-08-13 18:28:24 - train: epoch 74, iter:20, loss: 0.5297, lr: 0.0008622713129086888
2026-08-13 18:28:47 - val epoch: 74, loss: 0.8330
2026-08-13 18:28:50 - train: epoch 75, iter:0, loss: 0.5312, lr: 0.0008586639764182372
2026-08-13 18:29:00 - train: epoch 75, iter:20, loss: 0.5211, lr: 0.0008586639764182372
2026-08-13 18:29:23 - val epoch: 75, loss: 0.8891
2026-08-13 18:29:25 - train: epoch 76, iter:0, loss: 0.7569, lr: 0.0008550178566873405
2026-08-13 18:29:36 - train: epoch 76, iter:20, loss: 0.5212, lr: 0.0008550178566873405
2026-08-13 18:29:59 - val epoch: 76, loss: 0.8528
2026-08-13 18:30:01 - train: epoch 77, iter:0, loss: 0.4312, lr: 0.0008513333535541156
2026-08-13 18:30:11 - train: epoch 77, iter:20, loss: 0.5115, lr: 0.0008513333535541156
2026-08-13 18:30:34 - val epoch: 77, loss: 0.8571
2026-08-13 18:30:37 - train: epoch 78, iter:0, loss: 0.4738, lr: 0.0008476108710658509
2026-08-13 18:30:47 - train: epoch 78, iter:20, loss: 0.5049, lr: 0.0008476108710658509
2026-08-13 18:31:10 - val epoch: 78, loss: 0.8534
2026-08-13 18:31:13 - train: epoch 79, iter:0, loss: 0.5493, lr: 0.0008438508174347005
2026-08-13 18:31:23 - train: epoch 79, iter:20, loss: 0.5086, lr: 0.0008438508174347005
2026-08-13 18:31:46 - val epoch: 79, loss: 0.8800
2026-08-13 18:31:49 - train: epoch 80, iter:0, loss: 0.4665, lr: 0.0008400536049929166
2026-08-13 18:31:59 - train: epoch 80, iter:20, loss: 0.5457, lr: 0.0008400536049929166
2026-08-13 18:32:22 - val epoch: 80, loss: 0.9049
2026-08-13 18:32:25 - train: epoch 81, iter:0, loss: 0.4619, lr: 0.0008362196501476343
2026-08-13 18:32:35 - train: epoch 81, iter:20, loss: 0.4926, lr: 0.0008362196501476343
2026-08-13 18:32:59 - val epoch: 81, loss: 0.8998
2026-08-13 18:33:01 - train: epoch 82, iter:0, loss: 0.5606, lr: 0.0008323493733352072
2026-08-13 18:33:11 - train: epoch 82, iter:20, loss: 0.4982, lr: 0.0008323493733352072
2026-08-13 18:33:34 - val epoch: 82, loss: 0.8979
2026-08-13 18:33:37 - train: epoch 83, iter:0, loss: 0.5914, lr: 0.0008284431989751018
2026-08-13 18:33:47 - train: epoch 83, iter:20, loss: 0.4882, lr: 0.0008284431989751018
2026-08-13 18:34:10 - val epoch: 83, loss: 0.8436
2026-08-13 18:34:13 - train: epoch 84, iter:0, loss: 0.4450, lr: 0.000824501555423355
2026-08-13 18:34:23 - train: epoch 84, iter:20, loss: 0.4967, lr: 0.000824501555423355
2026-08-13 18:34:47 - val epoch: 84, loss: 0.9291
2026-08-13 18:34:50 - train: epoch 85, iter:0, loss: 0.6378, lr: 0.0008205248749256009
2026-08-13 18:35:00 - train: epoch 85, iter:20, loss: 0.4928, lr: 0.0008205248749256009
2026-08-13 18:35:23 - val epoch: 85, loss: 0.9605
2026-08-13 18:35:25 - train: epoch 86, iter:0, loss: 0.4602, lr: 0.000816513593569669
2026-08-13 18:35:36 - train: epoch 86, iter:20, loss: 0.4773, lr: 0.000816513593569669
2026-08-13 18:35:59 - val epoch: 86, loss: 0.8284
2026-08-13 18:36:01 - train: epoch 87, iter:0, loss: 0.4452, lr: 0.0008124681512377632
2026-08-13 18:36:12 - train: epoch 87, iter:20, loss: 0.4632, lr: 0.0008124681512377632
2026-08-13 18:36:35 - val epoch: 87, loss: 1.0553
2026-08-13 18:36:37 - train: epoch 88, iter:0, loss: 0.4462, lr: 0.000808388991558223
2026-08-13 18:36:47 - train: epoch 88, iter:20, loss: 0.5167, lr: 0.000808388991558223
2026-08-13 18:37:10 - val epoch: 88, loss: 0.9147
2026-08-13 18:37:12 - train: epoch 89, iter:0, loss: 0.4997, lr: 0.0008042765618568752
2026-08-13 18:37:23 - train: epoch 89, iter:20, loss: 0.4923, lr: 0.0008042765618568752
2026-08-13 18:37:46 - val epoch: 89, loss: 0.9999
2026-08-13 18:37:48 - train: epoch 90, iter:0, loss: 0.4805, lr: 0.0008001313131079794
2026-08-13 18:37:58 - train: epoch 90, iter:20, loss: 0.4866, lr: 0.0008001313131079794
2026-08-13 18:38:25 - val epoch: 90, loss: 0.8622, miou: 0.7874662355613475, f1_or_dsc: 0.8810977459543973, accuracy: 0.9413043107136642,                 specificity: 0.9567056515311182, sensitivity: 0.8934337792409395, confusion_matrix: [[38328974  1734523]
 [ 1373595 11515996]]
2026-08-13 18:38:27 - train: epoch 91, iter:0, loss: 0.4922, lr: 0.0007959536998847737
2026-08-13 18:38:38 - train: epoch 91, iter:20, loss: 0.4650, lr: 0.0007959536998847737
2026-08-13 18:39:01 - val epoch: 91, loss: 0.9071
2026-08-13 18:39:03 - train: epoch 92, iter:0, loss: 0.6425, lr: 0.0007917441803096255
2026-08-13 18:39:13 - train: epoch 92, iter:20, loss: 0.4801, lr: 0.0007917441803096255
2026-08-13 18:39:36 - val epoch: 92, loss: 0.8495
2026-08-13 18:39:38 - train: epoch 93, iter:0, loss: 0.4539, lr: 0.0007875032160037932
2026-08-13 18:39:48 - train: epoch 93, iter:20, loss: 0.4564, lr: 0.0007875032160037932
2026-08-13 18:40:11 - val epoch: 93, loss: 0.8924
2026-08-13 18:40:14 - train: epoch 94, iter:0, loss: 0.4564, lr: 0.0007832312720368042
2026-08-13 18:40:24 - train: epoch 94, iter:20, loss: 0.4595, lr: 0.0007832312720368042
2026-08-13 18:40:47 - val epoch: 94, loss: 0.8629
2026-08-13 18:40:49 - train: epoch 95, iter:0, loss: 0.4481, lr: 0.0007789288168754548
2026-08-13 18:40:59 - train: epoch 95, iter:20, loss: 0.4639, lr: 0.0007789288168754548
2026-08-13 18:41:22 - val epoch: 95, loss: 0.8537
2026-08-13 18:41:24 - train: epoch 96, iter:0, loss: 0.4822, lr: 0.0007745963223324379
2026-08-13 18:41:35 - train: epoch 96, iter:20, loss: 0.4474, lr: 0.0007745963223324379
2026-08-13 18:41:58 - val epoch: 96, loss: 0.9223
2026-08-13 18:42:00 - train: epoch 97, iter:0, loss: 0.5720, lr: 0.0007702342635146028
2026-08-13 18:42:10 - train: epoch 97, iter:20, loss: 0.4797, lr: 0.0007702342635146028
2026-08-13 18:42:33 - val epoch: 97, loss: 0.8757
2026-08-13 18:42:35 - train: epoch 98, iter:0, loss: 0.5186, lr: 0.000765843118770855
2026-08-13 18:42:46 - train: epoch 98, iter:20, loss: 0.4418, lr: 0.000765843118770855
2026-08-13 18:43:09 - val epoch: 98, loss: 0.9117
2026-08-13 18:43:11 - train: epoch 99, iter:0, loss: 0.4493, lr: 0.0007614233696396991
2026-08-13 18:43:21 - train: epoch 99, iter:20, loss: 0.4634, lr: 0.0007614233696396991
2026-08-13 18:43:44 - val epoch: 99, loss: 0.8783
2026-08-13 18:43:46 - train: epoch 100, iter:0, loss: 0.5492, lr: 0.0007569755007964334
2026-08-13 18:43:56 - train: epoch 100, iter:20, loss: 0.4648, lr: 0.0007569755007964334
2026-08-13 18:44:19 - val epoch: 100, loss: 0.8683
2026-08-13 18:44:21 - train: epoch 101, iter:0, loss: 0.4731, lr: 0.0007524999999999996
2026-08-13 18:44:32 - train: epoch 101, iter:20, loss: 0.4536, lr: 0.0007524999999999996
2026-08-13 18:44:55 - val epoch: 101, loss: 0.9321
2026-08-13 18:44:57 - train: epoch 102, iter:0, loss: 0.3609, lr: 0.0007479973580394943
2026-08-13 18:45:07 - train: epoch 102, iter:20, loss: 0.4363, lr: 0.0007479973580394943
2026-08-13 18:45:30 - val epoch: 102, loss: 0.9982
2026-08-13 18:45:32 - train: epoch 103, iter:0, loss: 0.6234, lr: 0.0007434680686803487
2026-08-13 18:45:42 - train: epoch 103, iter:20, loss: 0.4468, lr: 0.0007434680686803487
2026-08-13 18:46:05 - val epoch: 103, loss: 0.8954
2026-08-13 18:46:07 - train: epoch 104, iter:0, loss: 0.4898, lr: 0.0007389126286101815
2026-08-13 18:46:18 - train: epoch 104, iter:20, loss: 0.4454, lr: 0.0007389126286101815
2026-08-13 18:46:41 - val epoch: 104, loss: 0.9350
2026-08-13 18:46:43 - train: epoch 105, iter:0, loss: 0.4487, lr: 0.0007343315373843313
2026-08-13 18:46:53 - train: epoch 105, iter:20, loss: 0.4507, lr: 0.0007343315373843313
2026-08-13 18:47:17 - val epoch: 105, loss: 0.9021
2026-08-13 18:47:19 - train: epoch 106, iter:0, loss: 0.4397, lr: 0.0007297252973710753
2026-08-13 18:47:29 - train: epoch 106, iter:20, loss: 0.4490, lr: 0.0007297252973710753
2026-08-13 18:47:52 - val epoch: 106, loss: 0.8862
2026-08-13 18:47:54 - train: epoch 107, iter:0, loss: 0.4171, lr: 0.0007250944136965387
2026-08-13 18:48:04 - train: epoch 107, iter:20, loss: 0.4559, lr: 0.0007250944136965387
2026-08-13 18:48:27 - val epoch: 107, loss: 0.8917
2026-08-13 18:48:30 - train: epoch 108, iter:0, loss: 0.4421, lr: 0.0007204393941893019
2026-08-13 18:48:40 - train: epoch 108, iter:20, loss: 0.4398, lr: 0.0007204393941893019
2026-08-13 18:49:03 - val epoch: 108, loss: 0.8611
2026-08-13 18:49:05 - train: epoch 109, iter:0, loss: 0.4494, lr: 0.0007157607493247106
2026-08-13 18:49:15 - train: epoch 109, iter:20, loss: 0.4391, lr: 0.0007157607493247106
2026-08-13 18:49:38 - val epoch: 109, loss: 0.8786
2026-08-13 18:49:40 - train: epoch 110, iter:0, loss: 0.4534, lr: 0.0007110589921688983
2026-08-13 18:49:51 - train: epoch 110, iter:20, loss: 0.4229, lr: 0.0007110589921688983
2026-08-13 18:50:14 - val epoch: 110, loss: 0.9616
2026-08-13 18:50:15 - train: epoch 111, iter:0, loss: 0.3833, lr: 0.0007063346383225208
2026-08-13 18:50:26 - train: epoch 111, iter:20, loss: 0.4300, lr: 0.0007063346383225208
2026-08-13 18:50:48 - val epoch: 111, loss: 0.9322
2026-08-13 18:50:51 - train: epoch 112, iter:0, loss: 0.4083, lr: 0.0007015882058642161
2026-08-13 18:51:01 - train: epoch 112, iter:20, loss: 0.4439, lr: 0.0007015882058642161
2026-08-13 18:51:24 - val epoch: 112, loss: 0.8803
2026-08-13 18:51:27 - train: epoch 113, iter:0, loss: 0.5031, lr: 0.0006968202152937907
2026-08-13 18:51:37 - train: epoch 113, iter:20, loss: 0.4413, lr: 0.0006968202152937907
2026-08-13 18:52:00 - val epoch: 113, loss: 0.9344
2026-08-13 18:52:02 - train: epoch 114, iter:0, loss: 0.3850, lr: 0.000692031189475141
2026-08-13 18:52:13 - train: epoch 114, iter:20, loss: 0.4121, lr: 0.000692031189475141
2026-08-13 18:52:35 - val epoch: 114, loss: 0.9594
2026-08-13 18:52:37 - train: epoch 115, iter:0, loss: 0.4561, lr: 0.0006872216535789155
2026-08-13 18:52:48 - train: epoch 115, iter:20, loss: 0.4194, lr: 0.0006872216535789155
2026-08-13 18:53:11 - val epoch: 115, loss: 0.9283
2026-08-13 18:53:13 - train: epoch 116, iter:0, loss: 0.4216, lr: 0.0006823921350249233
2026-08-13 18:53:23 - train: epoch 116, iter:20, loss: 0.4193, lr: 0.0006823921350249233
2026-08-13 18:53:46 - val epoch: 116, loss: 0.9925
2026-08-13 18:53:49 - train: epoch 117, iter:0, loss: 0.4395, lr: 0.0006775431634242984
2026-08-13 18:53:59 - train: epoch 117, iter:20, loss: 0.4198, lr: 0.0006775431634242984
2026-08-13 18:54:22 - val epoch: 117, loss: 0.9575
2026-08-13 18:54:24 - train: epoch 118, iter:0, loss: 0.4098, lr: 0.0006726752705214191
2026-08-13 18:54:34 - train: epoch 118, iter:20, loss: 0.4156, lr: 0.0006726752705214191
2026-08-13 18:54:57 - val epoch: 118, loss: 1.0116
2026-08-13 18:54:59 - train: epoch 119, iter:0, loss: 0.3838, lr: 0.0006677889901355985
2026-08-13 18:55:09 - train: epoch 119, iter:20, loss: 0.4073, lr: 0.0006677889901355985
2026-08-13 18:55:33 - val epoch: 119, loss: 0.9534
2026-08-13 18:55:35 - train: epoch 120, iter:0, loss: 0.4864, lr: 0.0006628848581025445
2026-08-13 18:55:45 - train: epoch 120, iter:20, loss: 0.4049, lr: 0.0006628848581025445
2026-08-13 18:56:12 - val epoch: 120, loss: 0.9691, miou: 0.7770727006938122, f1_or_dsc: 0.8745536413793585, accuracy: 0.9396898817307878,                 specificity: 0.9641522306452679, sensitivity: 0.863655875504506, confusion_matrix: [[38627310  1436187]
 [ 1757420 11132171]]
2026-08-13 18:56:14 - train: epoch 121, iter:0, loss: 0.4144, lr: 0.0006579634122155989
2026-08-13 18:56:24 - train: epoch 121, iter:20, loss: 0.4051, lr: 0.0006579634122155989
2026-08-13 18:56:47 - val epoch: 121, loss: 0.8993
2026-08-13 18:56:49 - train: epoch 122, iter:0, loss: 0.4162, lr: 0.0006530251921667629
2026-08-13 18:57:00 - train: epoch 122, iter:20, loss: 0.4051, lr: 0.0006530251921667629
2026-08-13 18:57:23 - val epoch: 122, loss: 0.9647
2026-08-13 18:57:25 - train: epoch 123, iter:0, loss: 0.3748, lr: 0.0006480707394875134
2026-08-13 18:57:35 - train: epoch 123, iter:20, loss: 0.4046, lr: 0.0006480707394875134
2026-08-13 18:57:58 - val epoch: 123, loss: 0.9434
2026-08-13 18:58:01 - train: epoch 124, iter:0, loss: 0.5139, lr: 0.0006431005974894185
2026-08-13 18:58:11 - train: epoch 124, iter:20, loss: 0.4082, lr: 0.0006431005974894185
2026-08-13 18:58:34 - val epoch: 124, loss: 0.9522
2026-08-13 18:58:36 - train: epoch 125, iter:0, loss: 0.4252, lr: 0.0006381153112045565
2026-08-13 18:58:47 - train: epoch 125, iter:20, loss: 0.4058, lr: 0.0006381153112045565
2026-08-13 18:59:10 - val epoch: 125, loss: 0.9681
2026-08-13 18:59:12 - train: epoch 126, iter:0, loss: 0.3822, lr: 0.0006331154273257479
2026-08-13 18:59:23 - train: epoch 126, iter:20, loss: 0.4017, lr: 0.0006331154273257479
2026-08-13 18:59:46 - val epoch: 126, loss: 0.9994
2026-08-13 18:59:49 - train: epoch 127, iter:0, loss: 0.3239, lr: 0.000628101494146603
2026-08-13 18:59:59 - train: epoch 127, iter:20, loss: 0.4035, lr: 0.000628101494146603
2026-08-13 19:00:22 - val epoch: 127, loss: 0.8834
2026-08-13 19:00:24 - train: epoch 128, iter:0, loss: 0.4155, lr: 0.0006230740615013976
2026-08-13 19:00:35 - train: epoch 128, iter:20, loss: 0.4082, lr: 0.0006230740615013976
2026-08-13 19:00:58 - val epoch: 128, loss: 0.9292
2026-08-13 19:01:00 - train: epoch 129, iter:0, loss: 0.4085, lr: 0.0006180336807047746
2026-08-13 19:01:10 - train: epoch 129, iter:20, loss: 0.3826, lr: 0.0006180336807047746
2026-08-13 19:01:33 - val epoch: 129, loss: 0.9120
2026-08-13 19:01:35 - train: epoch 130, iter:0, loss: 0.4077, lr: 0.0006129809044912887
2026-08-13 19:01:46 - train: epoch 130, iter:20, loss: 0.3943, lr: 0.0006129809044912887
2026-08-13 19:02:09 - val epoch: 130, loss: 0.9468
2026-08-13 19:02:11 - train: epoch 131, iter:0, loss: 0.4042, lr: 0.0006079162869547909
2026-08-13 19:02:22 - train: epoch 131, iter:20, loss: 0.3838, lr: 0.0006079162869547909
2026-08-13 19:02:45 - val epoch: 131, loss: 1.0997
2026-08-13 19:02:47 - train: epoch 132, iter:0, loss: 0.3592, lr: 0.0006028403834876673
2026-08-13 19:02:57 - train: epoch 132, iter:20, loss: 0.3806, lr: 0.0006028403834876673
2026-08-13 19:03:20 - val epoch: 132, loss: 0.9975
2026-08-13 19:03:22 - train: epoch 133, iter:0, loss: 0.3639, lr: 0.0005977537507199337
2026-08-13 19:03:32 - train: epoch 133, iter:20, loss: 0.3822, lr: 0.0005977537507199337
2026-08-13 19:03:56 - val epoch: 133, loss: 0.9852
2026-08-13 19:03:57 - train: epoch 134, iter:0, loss: 0.3648, lr: 0.0005926569464581937
2026-08-13 19:04:08 - train: epoch 134, iter:20, loss: 0.3782, lr: 0.0005926569464581937
2026-08-13 19:04:31 - val epoch: 134, loss: 1.0756
2026-08-13 19:04:33 - train: epoch 135, iter:0, loss: 0.4011, lr: 0.0005875505296244705
2026-08-13 19:04:43 - train: epoch 135, iter:20, loss: 0.3908, lr: 0.0005875505296244705
2026-08-13 19:05:06 - val epoch: 135, loss: 1.0848
2026-08-13 19:05:09 - train: epoch 136, iter:0, loss: 0.3699, lr: 0.0005824350601949142
2026-08-13 19:05:19 - train: epoch 136, iter:20, loss: 0.3675, lr: 0.0005824350601949142
2026-08-13 19:05:42 - val epoch: 136, loss: 1.0006
2026-08-13 19:05:44 - train: epoch 137, iter:0, loss: 0.4271, lr: 0.0005773110991383937
2026-08-13 19:05:54 - train: epoch 137, iter:20, loss: 0.3754, lr: 0.0005773110991383937
2026-08-13 19:06:18 - val epoch: 137, loss: 0.9375
2026-08-13 19:06:20 - train: epoch 138, iter:0, loss: 0.3781, lr: 0.0005721792083549806
2026-08-13 19:06:30 - train: epoch 138, iter:20, loss: 0.3720, lr: 0.0005721792083549806
2026-08-13 19:06:53 - val epoch: 138, loss: 0.9479
2026-08-13 19:06:55 - train: epoch 139, iter:0, loss: 0.3508, lr: 0.0005670399506143306
2026-08-13 19:07:06 - train: epoch 139, iter:20, loss: 0.3631, lr: 0.0005670399506143306
2026-08-13 19:07:29 - val epoch: 139, loss: 0.9551
2026-08-13 19:07:31 - train: epoch 140, iter:0, loss: 0.3257, lr: 0.000561893889493969
2026-08-13 19:07:41 - train: epoch 140, iter:20, loss: 0.3644, lr: 0.000561893889493969
2026-08-13 19:08:04 - val epoch: 140, loss: 1.0356
2026-08-13 19:08:07 - train: epoch 141, iter:0, loss: 0.3512, lr: 0.0005567415893174885
2026-08-13 19:08:17 - train: epoch 141, iter:20, loss: 0.3712, lr: 0.0005567415893174885
2026-08-13 19:08:40 - val epoch: 141, loss: 1.0811
2026-08-13 19:08:43 - train: epoch 142, iter:0, loss: 0.3825, lr: 0.0005515836150926646
2026-08-13 19:08:53 - train: epoch 142, iter:20, loss: 0.3646, lr: 0.0005515836150926646
2026-08-13 19:09:16 - val epoch: 142, loss: 0.9877
2026-08-13 19:09:18 - train: epoch 143, iter:0, loss: 0.3857, lr: 0.0005464205324494961
2026-08-13 19:09:29 - train: epoch 143, iter:20, loss: 0.3634, lr: 0.0005464205324494961
2026-08-13 19:09:52 - val epoch: 143, loss: 0.9576
2026-08-13 19:09:54 - train: epoch 144, iter:0, loss: 0.3738, lr: 0.0005412529075781776
2026-08-13 19:10:05 - train: epoch 144, iter:20, loss: 0.3591, lr: 0.0005412529075781776
2026-08-13 19:10:28 - val epoch: 144, loss: 1.0309
2026-08-13 19:10:30 - train: epoch 145, iter:0, loss: 0.3808, lr: 0.0005360813071670101
2026-08-13 19:10:41 - train: epoch 145, iter:20, loss: 0.3679, lr: 0.0005360813071670101
2026-08-13 19:11:04 - val epoch: 145, loss: 1.0090
2026-08-13 19:11:06 - train: epoch 146, iter:0, loss: 0.3541, lr: 0.0005309062983402573
2026-08-13 19:11:16 - train: epoch 146, iter:20, loss: 0.3506, lr: 0.0005309062983402573
2026-08-13 19:11:39 - val epoch: 146, loss: 0.9795
2026-08-13 19:11:41 - train: epoch 147, iter:0, loss: 0.3395, lr: 0.0005257284485959538
2026-08-13 19:11:51 - train: epoch 147, iter:20, loss: 0.3492, lr: 0.0005257284485959538
2026-08-13 19:12:14 - val epoch: 147, loss: 1.0302
2026-08-13 19:12:17 - train: epoch 148, iter:0, loss: 0.3347, lr: 0.0005205483257436734
2026-08-13 19:12:27 - train: epoch 148, iter:20, loss: 0.3528, lr: 0.0005205483257436734
2026-08-13 19:12:50 - val epoch: 148, loss: 1.0157
2026-08-13 19:12:52 - train: epoch 149, iter:0, loss: 0.3373, lr: 0.0005153664978422616
2026-08-13 19:13:03 - train: epoch 149, iter:20, loss: 0.3510, lr: 0.0005153664978422616
2026-08-13 19:13:26 - val epoch: 149, loss: 0.9748
2026-08-13 19:13:28 - train: epoch 150, iter:0, loss: 0.3329, lr: 0.0005101835331375416
2026-08-13 19:13:39 - train: epoch 150, iter:20, loss: 0.3489, lr: 0.0005101835331375416
2026-08-13 19:14:05 - val epoch: 150, loss: 1.0852, miou: 0.772620664106887, f1_or_dsc: 0.8717270194930988, accuracy: 0.9387518816655225,                 specificity: 0.9657010220550643, sensitivity: 0.8549884166223738, confusion_matrix: [[38689360  1374137]
 [ 1869140 11020451]]
2026-08-13 19:14:08 - train: epoch 151, iter:0, loss: 0.3806, lr: 0.0005049999999999999
2026-08-13 19:14:18 - train: epoch 151, iter:20, loss: 0.3493, lr: 0.0005049999999999999
2026-08-13 19:14:42 - val epoch: 151, loss: 1.0017
2026-08-13 19:14:44 - train: epoch 152, iter:0, loss: 0.3253, lr: 0.0004998164668624582
2026-08-13 19:14:54 - train: epoch 152, iter:20, loss: 0.3554, lr: 0.0004998164668624582
2026-08-13 19:15:17 - val epoch: 152, loss: 1.0751
2026-08-13 19:15:19 - train: epoch 153, iter:0, loss: 0.3703, lr: 0.0004946335021577383
2026-08-13 19:15:30 - train: epoch 153, iter:20, loss: 0.3392, lr: 0.0004946335021577383
2026-08-13 19:15:53 - val epoch: 153, loss: 1.0012
2026-08-13 19:15:55 - train: epoch 154, iter:0, loss: 0.3052, lr: 0.0004894516742563263
2026-08-13 19:16:05 - train: epoch 154, iter:20, loss: 0.3396, lr: 0.0004894516742563263
2026-08-13 19:16:29 - val epoch: 154, loss: 0.9934
2026-08-13 19:16:31 - train: epoch 155, iter:0, loss: 0.3545, lr: 0.000484271551404046
2026-08-13 19:16:41 - train: epoch 155, iter:20, loss: 0.3432, lr: 0.000484271551404046
2026-08-13 19:17:05 - val epoch: 155, loss: 1.0795
2026-08-13 19:17:07 - train: epoch 156, iter:0, loss: 0.3664, lr: 0.0004790937016597426
2026-08-13 19:17:17 - train: epoch 156, iter:20, loss: 0.3461, lr: 0.0004790937016597426
2026-08-13 19:17:40 - val epoch: 156, loss: 1.0509
2026-08-13 19:17:42 - train: epoch 157, iter:0, loss: 0.3316, lr: 0.0004739186928329898
2026-08-13 19:17:53 - train: epoch 157, iter:20, loss: 0.3400, lr: 0.0004739186928329898
2026-08-13 19:18:16 - val epoch: 157, loss: 0.9795
2026-08-13 19:18:18 - train: epoch 158, iter:0, loss: 0.3679, lr: 0.0004687470924218222
2026-08-13 19:18:29 - train: epoch 158, iter:20, loss: 0.3429, lr: 0.0004687470924218222
2026-08-13 19:18:52 - val epoch: 158, loss: 0.9875
2026-08-13 19:18:54 - train: epoch 159, iter:0, loss: 0.3229, lr: 0.00046357946755050356
2026-08-13 19:19:05 - train: epoch 159, iter:20, loss: 0.3292, lr: 0.00046357946755050356
2026-08-13 19:19:28 - val epoch: 159, loss: 1.0997
2026-08-13 19:19:30 - train: epoch 160, iter:0, loss: 0.3614, lr: 0.00045841638490733513
2026-08-13 19:19:40 - train: epoch 160, iter:20, loss: 0.3393, lr: 0.00045841638490733513
2026-08-13 19:20:03 - val epoch: 160, loss: 1.0743
2026-08-13 19:20:05 - train: epoch 161, iter:0, loss: 0.3765, lr: 0.00045325841068251133
2026-08-13 19:20:15 - train: epoch 161, iter:20, loss: 0.3400, lr: 0.00045325841068251133
2026-08-13 19:20:38 - val epoch: 161, loss: 1.0584
2026-08-13 19:20:41 - train: epoch 162, iter:0, loss: 0.3533, lr: 0.0004481061105060308
2026-08-13 19:20:51 - train: epoch 162, iter:20, loss: 0.3373, lr: 0.0004481061105060308
2026-08-13 19:21:14 - val epoch: 162, loss: 1.0581
2026-08-13 19:21:16 - train: epoch 163, iter:0, loss: 0.2977, lr: 0.0004429600493856691
2026-08-13 19:21:27 - train: epoch 163, iter:20, loss: 0.3304, lr: 0.0004429600493856691
2026-08-13 19:21:50 - val epoch: 163, loss: 1.0512
2026-08-13 19:21:52 - train: epoch 164, iter:0, loss: 0.2992, lr: 0.000437820791645019
2026-08-13 19:22:02 - train: epoch 164, iter:20, loss: 0.3248, lr: 0.000437820791645019
2026-08-13 19:22:25 - val epoch: 164, loss: 1.0391
2026-08-13 19:22:28 - train: epoch 165, iter:0, loss: 0.3100, lr: 0.00043268890086160604
2026-08-13 19:22:38 - train: epoch 165, iter:20, loss: 0.3303, lr: 0.00043268890086160604
2026-08-13 19:23:01 - val epoch: 165, loss: 0.9759
2026-08-13 19:23:03 - train: epoch 166, iter:0, loss: 0.2786, lr: 0.0004275649398050855
2026-08-13 19:23:13 - train: epoch 166, iter:20, loss: 0.3217, lr: 0.0004275649398050855
2026-08-13 19:23:36 - val epoch: 166, loss: 1.0738
2026-08-13 19:23:39 - train: epoch 167, iter:0, loss: 0.3185, lr: 0.0004224494703755289
2026-08-13 19:23:49 - train: epoch 167, iter:20, loss: 0.3232, lr: 0.0004224494703755289
2026-08-13 19:24:12 - val epoch: 167, loss: 1.0458
2026-08-13 19:24:15 - train: epoch 168, iter:0, loss: 0.3017, lr: 0.00041734305354180595
2026-08-13 19:24:25 - train: epoch 168, iter:20, loss: 0.3180, lr: 0.00041734305354180595
2026-08-13 19:24:48 - val epoch: 168, loss: 1.0884
2026-08-13 19:24:50 - train: epoch 169, iter:0, loss: 0.3023, lr: 0.000412246249280066
2026-08-13 19:25:00 - train: epoch 169, iter:20, loss: 0.3161, lr: 0.000412246249280066
2026-08-13 19:25:23 - val epoch: 169, loss: 1.0032
2026-08-13 19:25:26 - train: epoch 170, iter:0, loss: 0.3093, lr: 0.0004071596165123322
2026-08-13 19:25:36 - train: epoch 170, iter:20, loss: 0.3195, lr: 0.0004071596165123322
2026-08-13 19:25:59 - val epoch: 170, loss: 1.0266
2026-08-13 19:26:01 - train: epoch 171, iter:0, loss: 0.3457, lr: 0.0004020837130452088
2026-08-13 19:26:12 - train: epoch 171, iter:20, loss: 0.3188, lr: 0.0004020837130452088
2026-08-13 19:26:35 - val epoch: 171, loss: 1.0239
2026-08-13 19:26:37 - train: epoch 172, iter:0, loss: 0.2905, lr: 0.00039701909550871116
2026-08-13 19:26:47 - train: epoch 172, iter:20, loss: 0.3149, lr: 0.00039701909550871116
2026-08-13 19:27:10 - val epoch: 172, loss: 1.1010
2026-08-13 19:27:12 - train: epoch 173, iter:0, loss: 0.3244, lr: 0.0003919663192952252
2026-08-13 19:27:23 - train: epoch 173, iter:20, loss: 0.3255, lr: 0.0003919663192952252
2026-08-13 19:27:46 - val epoch: 173, loss: 1.0282
2026-08-13 19:27:48 - train: epoch 174, iter:0, loss: 0.3093, lr: 0.0003869259384986023
2026-08-13 19:27:58 - train: epoch 174, iter:20, loss: 0.3105, lr: 0.0003869259384986023
2026-08-13 19:28:21 - val epoch: 174, loss: 1.0653
2026-08-13 19:28:23 - train: epoch 175, iter:0, loss: 0.3141, lr: 0.0003818985058533967
2026-08-13 19:28:34 - train: epoch 175, iter:20, loss: 0.3142, lr: 0.0003818985058533967
2026-08-13 19:28:57 - val epoch: 175, loss: 1.0856
2026-08-13 19:28:59 - train: epoch 176, iter:0, loss: 0.3181, lr: 0.00037688457267425206
2026-08-13 19:29:09 - train: epoch 176, iter:20, loss: 0.3115, lr: 0.00037688457267425206
2026-08-13 19:29:33 - val epoch: 176, loss: 1.0523
2026-08-13 19:29:35 - train: epoch 177, iter:0, loss: 0.3249, lr: 0.0003718846887954434
2026-08-13 19:29:46 - train: epoch 177, iter:20, loss: 0.3047, lr: 0.0003718846887954434
2026-08-13 19:30:09 - val epoch: 177, loss: 1.0507
2026-08-13 19:30:11 - train: epoch 178, iter:0, loss: 0.2929, lr: 0.0003668994025105812
2026-08-13 19:30:21 - train: epoch 178, iter:20, loss: 0.3014, lr: 0.0003668994025105812
2026-08-13 19:30:44 - val epoch: 178, loss: 1.0427
2026-08-13 19:30:46 - train: epoch 179, iter:0, loss: 0.3091, lr: 0.0003619292605124862
2026-08-13 19:30:57 - train: epoch 179, iter:20, loss: 0.3047, lr: 0.0003619292605124862
2026-08-13 19:31:20 - val epoch: 179, loss: 1.0576
2026-08-13 19:31:22 - train: epoch 180, iter:0, loss: 0.3272, lr: 0.00035697480783323686
2026-08-13 19:31:32 - train: epoch 180, iter:20, loss: 0.3099, lr: 0.00035697480783323686
2026-08-13 19:31:59 - val epoch: 180, loss: 1.1021, miou: 0.7747099610173546, f1_or_dsc: 0.8730552913257457, accuracy: 0.9387610973698077,                 specificity: 0.9624533524869284, sensitivity: 0.86512070088182, confusion_matrix: [[38559247  1504250]
 [ 1738539 11151052]]
2026-08-13 19:32:01 - train: epoch 181, iter:0, loss: 0.3077, lr: 0.00035203658778440076
2026-08-13 19:32:12 - train: epoch 181, iter:20, loss: 0.3051, lr: 0.00035203658778440076
2026-08-13 19:32:35 - val epoch: 181, loss: 1.1027
2026-08-13 19:32:37 - train: epoch 182, iter:0, loss: 0.2650, lr: 0.00034711514189745505
2026-08-13 19:32:47 - train: epoch 182, iter:20, loss: 0.2983, lr: 0.00034711514189745505
2026-08-13 19:33:11 - val epoch: 182, loss: 1.0423
2026-08-13 19:33:13 - train: epoch 183, iter:0, loss: 0.3182, lr: 0.00034221100986440094
2026-08-13 19:33:23 - train: epoch 183, iter:20, loss: 0.3072, lr: 0.00034221100986440094
2026-08-13 19:33:46 - val epoch: 183, loss: 1.0685
2026-08-13 19:33:48 - train: epoch 184, iter:0, loss: 0.2785, lr: 0.0003373247294785804
2026-08-13 19:33:59 - train: epoch 184, iter:20, loss: 0.3009, lr: 0.0003373247294785804
2026-08-13 19:34:22 - val epoch: 184, loss: 1.0518
2026-08-13 19:34:24 - train: epoch 185, iter:0, loss: 0.2737, lr: 0.0003324568365757012
2026-08-13 19:34:35 - train: epoch 185, iter:20, loss: 0.2979, lr: 0.0003324568365757012
2026-08-13 19:34:58 - val epoch: 185, loss: 1.0996
2026-08-13 19:35:00 - train: epoch 186, iter:0, loss: 0.3269, lr: 0.0003276078649750761
2026-08-13 19:35:10 - train: epoch 186, iter:20, loss: 0.3016, lr: 0.0003276078649750761
2026-08-13 19:35:33 - val epoch: 186, loss: 1.0453
2026-08-13 19:35:35 - train: epoch 187, iter:0, loss: 0.3035, lr: 0.00032277834642108417
2026-08-13 19:35:46 - train: epoch 187, iter:20, loss: 0.2983, lr: 0.00032277834642108417
2026-08-13 19:36:09 - val epoch: 187, loss: 1.0536
2026-08-13 19:36:11 - train: epoch 188, iter:0, loss: 0.2510, lr: 0.00031796881052485835
2026-08-13 19:36:21 - train: epoch 188, iter:20, loss: 0.2995, lr: 0.00031796881052485835
2026-08-13 19:36:44 - val epoch: 188, loss: 1.1671
2026-08-13 19:36:46 - train: epoch 189, iter:0, loss: 0.3047, lr: 0.00031317978470620867
2026-08-13 19:36:57 - train: epoch 189, iter:20, loss: 0.2957, lr: 0.00031317978470620867
2026-08-13 19:37:20 - val epoch: 189, loss: 1.0930
2026-08-13 19:37:22 - train: epoch 190, iter:0, loss: 0.2911, lr: 0.00030841179413578315
2026-08-13 19:37:32 - train: epoch 190, iter:20, loss: 0.2950, lr: 0.00030841179413578315
2026-08-13 19:37:55 - val epoch: 190, loss: 1.0923
2026-08-13 19:37:57 - train: epoch 191, iter:0, loss: 0.2830, lr: 0.0003036653616774785
2026-08-13 19:38:08 - train: epoch 191, iter:20, loss: 0.2931, lr: 0.0003036653616774785
2026-08-13 19:38:31 - val epoch: 191, loss: 1.1431
2026-08-13 19:38:33 - train: epoch 192, iter:0, loss: 0.3324, lr: 0.0002989410078311011
2026-08-13 19:38:43 - train: epoch 192, iter:20, loss: 0.2893, lr: 0.0002989410078311011
2026-08-13 19:39:06 - val epoch: 192, loss: 1.0843
2026-08-13 19:39:08 - train: epoch 193, iter:0, loss: 0.2599, lr: 0.00029423925067528865
2026-08-13 19:39:18 - train: epoch 193, iter:20, loss: 0.2889, lr: 0.00029423925067528865
2026-08-13 19:39:42 - val epoch: 193, loss: 1.0740
2026-08-13 19:39:43 - train: epoch 194, iter:0, loss: 0.2529, lr: 0.0002895606058106975
2026-08-13 19:39:54 - train: epoch 194, iter:20, loss: 0.2832, lr: 0.0002895606058106975
2026-08-13 19:40:17 - val epoch: 194, loss: 1.1030
2026-08-13 19:40:19 - train: epoch 195, iter:0, loss: 0.3041, lr: 0.0002849055863034606
2026-08-13 19:40:29 - train: epoch 195, iter:20, loss: 0.2861, lr: 0.0002849055863034606
2026-08-13 19:40:52 - val epoch: 195, loss: 1.0810
2026-08-13 19:40:54 - train: epoch 196, iter:0, loss: 0.3147, lr: 0.00028027470262892396
2026-08-13 19:41:05 - train: epoch 196, iter:20, loss: 0.2879, lr: 0.00028027470262892396
2026-08-13 19:41:28 - val epoch: 196, loss: 1.1041
2026-08-13 19:41:30 - train: epoch 197, iter:0, loss: 0.3030, lr: 0.0002756684626156682
2026-08-13 19:41:40 - train: epoch 197, iter:20, loss: 0.2894, lr: 0.0002756684626156682
2026-08-13 19:42:03 - val epoch: 197, loss: 1.0928
2026-08-13 19:42:05 - train: epoch 198, iter:0, loss: 0.2673, lr: 0.000271087371389818
2026-08-13 19:42:16 - train: epoch 198, iter:20, loss: 0.2779, lr: 0.000271087371389818
2026-08-13 19:42:39 - val epoch: 198, loss: 1.1335
2026-08-13 19:42:41 - train: epoch 199, iter:0, loss: 0.2851, lr: 0.0002665319313196505
2026-08-13 19:42:52 - train: epoch 199, iter:20, loss: 0.2834, lr: 0.0002665319313196505
2026-08-13 19:43:15 - val epoch: 199, loss: 1.0931
2026-08-13 19:43:17 - train: epoch 200, iter:0, loss: 0.2283, lr: 0.00026200264196050494
2026-08-13 19:43:28 - train: epoch 200, iter:20, loss: 0.2857, lr: 0.00026200264196050494
2026-08-13 19:43:50 - val epoch: 200, loss: 1.0510
2026-08-13 19:43:52 - train: epoch 201, iter:0, loss: 0.3004, lr: 0.00025749999999999954
2026-08-13 19:44:03 - train: epoch 201, iter:20, loss: 0.2838, lr: 0.00025749999999999954
2026-08-13 19:44:26 - val epoch: 201, loss: 1.1089
2026-08-13 19:44:28 - train: epoch 202, iter:0, loss: 0.2637, lr: 0.0002530244992035658
2026-08-13 19:44:38 - train: epoch 202, iter:20, loss: 0.2781, lr: 0.0002530244992035658
2026-08-13 19:45:01 - val epoch: 202, loss: 1.0807
2026-08-13 19:45:04 - train: epoch 203, iter:0, loss: 0.2632, lr: 0.0002485766303603003
2026-08-13 19:45:14 - train: epoch 203, iter:20, loss: 0.2740, lr: 0.0002485766303603003
2026-08-13 19:45:37 - val epoch: 203, loss: 1.1350
2026-08-13 19:45:39 - train: epoch 204, iter:0, loss: 0.2744, lr: 0.0002441568812291443
2026-08-13 19:45:49 - train: epoch 204, iter:20, loss: 0.2823, lr: 0.0002441568812291443
2026-08-13 19:46:13 - val epoch: 204, loss: 1.0859
2026-08-13 19:46:15 - train: epoch 205, iter:0, loss: 0.2505, lr: 0.00023976573648539645
2026-08-13 19:46:25 - train: epoch 205, iter:20, loss: 0.2807, lr: 0.00023976573648539645
2026-08-13 19:46:48 - val epoch: 205, loss: 1.1024
2026-08-13 19:46:50 - train: epoch 206, iter:0, loss: 0.2683, lr: 0.00023540367766756144
2026-08-13 19:47:01 - train: epoch 206, iter:20, loss: 0.2798, lr: 0.00023540367766756144
2026-08-13 19:47:24 - val epoch: 206, loss: 1.1348
2026-08-13 19:47:26 - train: epoch 207, iter:0, loss: 0.2846, lr: 0.0002310711831245444
2026-08-13 19:47:36 - train: epoch 207, iter:20, loss: 0.2779, lr: 0.0002310711831245444
2026-08-13 19:48:00 - val epoch: 207, loss: 1.0788
2026-08-13 19:48:02 - train: epoch 208, iter:0, loss: 0.2755, lr: 0.00022676872796319514
2026-08-13 19:48:12 - train: epoch 208, iter:20, loss: 0.2778, lr: 0.00022676872796319514
2026-08-13 19:48:36 - val epoch: 208, loss: 1.0849
2026-08-13 19:48:38 - train: epoch 209, iter:0, loss: 0.2499, lr: 0.00022249678399620604
2026-08-13 19:48:48 - train: epoch 209, iter:20, loss: 0.2693, lr: 0.00022249678399620604
2026-08-13 19:49:11 - val epoch: 209, loss: 1.1068
2026-08-13 19:49:14 - train: epoch 210, iter:0, loss: 0.2676, lr: 0.0002182558196903736
2026-08-13 19:49:24 - train: epoch 210, iter:20, loss: 0.2739, lr: 0.0002182558196903736
2026-08-13 19:49:51 - val epoch: 210, loss: 1.1243, miou: 0.7727863621764844, f1_or_dsc: 0.8718324764499198, accuracy: 0.9379165007336305,                 specificity: 0.9605818733197454, sensitivity: 0.8674678661254651, confusion_matrix: [[38484269  1579228]
 [ 1708285 11181306]]
2026-08-13 19:49:53 - train: epoch 211, iter:0, loss: 0.2789, lr: 0.00021404630011522552
2026-08-13 19:50:04 - train: epoch 211, iter:20, loss: 0.2739, lr: 0.00021404630011522552
2026-08-13 19:50:27 - val epoch: 211, loss: 1.1145
2026-08-13 19:50:29 - train: epoch 212, iter:0, loss: 0.3024, lr: 0.0002098686868920198
2026-08-13 19:50:40 - train: epoch 212, iter:20, loss: 0.2750, lr: 0.0002098686868920198
2026-08-13 19:51:02 - val epoch: 212, loss: 1.1332
2026-08-13 19:51:04 - train: epoch 213, iter:0, loss: 0.2734, lr: 0.00020572343814312415
2026-08-13 19:51:15 - train: epoch 213, iter:20, loss: 0.2695, lr: 0.00020572343814312415
2026-08-13 19:51:38 - val epoch: 213, loss: 1.1145
2026-08-13 19:51:40 - train: epoch 214, iter:0, loss: 0.2771, lr: 0.00020161100844177644
2026-08-13 19:51:51 - train: epoch 214, iter:20, loss: 0.2687, lr: 0.00020161100844177644
2026-08-13 19:52:14 - val epoch: 214, loss: 1.1176
2026-08-13 19:52:16 - train: epoch 215, iter:0, loss: 0.2851, lr: 0.0001975318487622361
2026-08-13 19:52:26 - train: epoch 215, iter:20, loss: 0.2695, lr: 0.0001975318487622361
2026-08-13 19:52:50 - val epoch: 215, loss: 1.0958
2026-08-13 19:52:52 - train: epoch 216, iter:0, loss: 0.2984, lr: 0.00019348640643033024
2026-08-13 19:53:03 - train: epoch 216, iter:20, loss: 0.2684, lr: 0.00019348640643033024
2026-08-13 19:53:26 - val epoch: 216, loss: 1.0864
2026-08-13 19:53:28 - train: epoch 217, iter:0, loss: 0.2940, lr: 0.00018947512507439828
2026-08-13 19:53:38 - train: epoch 217, iter:20, loss: 0.2629, lr: 0.00018947512507439828
2026-08-13 19:54:01 - val epoch: 217, loss: 1.1213
2026-08-13 19:54:03 - train: epoch 218, iter:0, loss: 0.2649, lr: 0.00018549844457664425
2026-08-13 19:54:13 - train: epoch 218, iter:20, loss: 0.2673, lr: 0.00018549844457664425
2026-08-13 19:54:37 - val epoch: 218, loss: 1.1326
2026-08-13 19:54:39 - train: epoch 219, iter:0, loss: 0.2914, lr: 0.00018155680102489765
2026-08-13 19:54:49 - train: epoch 219, iter:20, loss: 0.2675, lr: 0.00018155680102489765
2026-08-13 19:55:12 - val epoch: 219, loss: 1.1567
2026-08-13 19:55:14 - train: epoch 220, iter:0, loss: 0.2682, lr: 0.00017765062666479195
2026-08-13 19:55:24 - train: epoch 220, iter:20, loss: 0.2651, lr: 0.00017765062666479195
2026-08-13 19:55:47 - val epoch: 220, loss: 1.1233
2026-08-13 19:55:49 - train: epoch 221, iter:0, loss: 0.2609, lr: 0.00017378034985236489
2026-08-13 19:56:00 - train: epoch 221, iter:20, loss: 0.2625, lr: 0.00017378034985236489
2026-08-13 19:56:23 - val epoch: 221, loss: 1.1231
2026-08-13 19:56:25 - train: epoch 222, iter:0, loss: 0.2869, lr: 0.0001699463950070827
2026-08-13 19:56:35 - train: epoch 222, iter:20, loss: 0.2681, lr: 0.0001699463950070827
2026-08-13 19:56:58 - val epoch: 222, loss: 1.0953
2026-08-13 19:57:00 - train: epoch 223, iter:0, loss: 0.3056, lr: 0.0001661491825652988
2026-08-13 19:57:11 - train: epoch 223, iter:20, loss: 0.2620, lr: 0.0001661491825652988
2026-08-13 19:57:34 - val epoch: 223, loss: 1.1257
2026-08-13 19:57:36 - train: epoch 224, iter:0, loss: 0.2846, lr: 0.0001623891289341484
2026-08-13 19:57:47 - train: epoch 224, iter:20, loss: 0.2594, lr: 0.0001623891289341484
2026-08-13 19:58:09 - val epoch: 224, loss: 1.1110
2026-08-13 19:58:11 - train: epoch 225, iter:0, loss: 0.2769, lr: 0.0001586666464458838
2026-08-13 19:58:22 - train: epoch 225, iter:20, loss: 0.2595, lr: 0.0001586666464458838
2026-08-13 19:58:45 - val epoch: 225, loss: 1.1330
2026-08-13 19:58:47 - train: epoch 226, iter:0, loss: 0.2383, lr: 0.00015498214331265874
2026-08-13 19:58:57 - train: epoch 226, iter:20, loss: 0.2640, lr: 0.00015498214331265874
2026-08-13 19:59:21 - val epoch: 226, loss: 1.1243
2026-08-13 19:59:23 - train: epoch 227, iter:0, loss: 0.2563, lr: 0.00015133602358176218
2026-08-13 19:59:33 - train: epoch 227, iter:20, loss: 0.2593, lr: 0.00015133602358176218
2026-08-13 19:59:56 - val epoch: 227, loss: 1.1287
2026-08-13 19:59:58 - train: epoch 228, iter:0, loss: 0.2679, lr: 0.00014772868709131046
2026-08-13 20:00:09 - train: epoch 228, iter:20, loss: 0.2593, lr: 0.00014772868709131046
2026-08-13 20:00:32 - val epoch: 228, loss: 1.0895
2026-08-13 20:00:34 - train: epoch 229, iter:0, loss: 0.2730, lr: 0.00014416052942640113
2026-08-13 20:00:45 - train: epoch 229, iter:20, loss: 0.2607, lr: 0.00014416052942640113
2026-08-13 20:01:08 - val epoch: 229, loss: 1.1244
2026-08-13 20:01:10 - train: epoch 230, iter:0, loss: 0.2852, lr: 0.0001406319418757314
2026-08-13 20:01:20 - train: epoch 230, iter:20, loss: 0.2595, lr: 0.0001406319418757314
2026-08-13 20:01:43 - val epoch: 230, loss: 1.1222
2026-08-13 20:01:45 - train: epoch 231, iter:0, loss: 0.2552, lr: 0.00013714331138868954
2026-08-13 20:01:56 - train: epoch 231, iter:20, loss: 0.2626, lr: 0.00013714331138868954
2026-08-13 20:02:19 - val epoch: 231, loss: 1.1332
2026-08-13 20:02:21 - train: epoch 232, iter:0, loss: 0.2321, lr: 0.00013369502053292226
2026-08-13 20:02:32 - train: epoch 232, iter:20, loss: 0.2598, lr: 0.00013369502053292226
2026-08-13 20:02:55 - val epoch: 232, loss: 1.1274
2026-08-13 20:02:57 - train: epoch 233, iter:0, loss: 0.2397, lr: 0.0001302874474523804
2026-08-13 20:03:07 - train: epoch 233, iter:20, loss: 0.2570, lr: 0.0001302874474523804
2026-08-13 20:03:31 - val epoch: 233, loss: 1.1599
2026-08-13 20:03:33 - train: epoch 234, iter:0, loss: 0.2431, lr: 0.00012692096582585187
2026-08-13 20:03:44 - train: epoch 234, iter:20, loss: 0.2536, lr: 0.00012692096582585187
2026-08-13 20:04:07 - val epoch: 234, loss: 1.1210
2026-08-13 20:04:09 - train: epoch 235, iter:0, loss: 0.2556, lr: 0.00012359594482598416
2026-08-13 20:04:19 - train: epoch 235, iter:20, loss: 0.2595, lr: 0.00012359594482598416
2026-08-13 20:04:43 - val epoch: 235, loss: 1.1395
2026-08-13 20:04:45 - train: epoch 236, iter:0, loss: 0.2550, lr: 0.00012031274907879919
2026-08-13 20:04:55 - train: epoch 236, iter:20, loss: 0.2565, lr: 0.00012031274907879919
2026-08-13 20:05:18 - val epoch: 236, loss: 1.1326
2026-08-13 20:05:21 - train: epoch 237, iter:0, loss: 0.2689, lr: 0.00011707173862370913
2026-08-13 20:05:31 - train: epoch 237, iter:20, loss: 0.2552, lr: 0.00011707173862370913
2026-08-13 20:05:54 - val epoch: 237, loss: 1.1357
2026-08-13 20:05:56 - train: epoch 238, iter:0, loss: 0.2308, lr: 0.00011387326887403316
2026-08-13 20:06:07 - train: epoch 238, iter:20, loss: 0.2562, lr: 0.00011387326887403316
2026-08-13 20:06:30 - val epoch: 238, loss: 1.1586
2026-08-13 20:06:32 - train: epoch 239, iter:0, loss: 0.2613, lr: 0.00011071769057802265
2026-08-13 20:06:42 - train: epoch 239, iter:20, loss: 0.2563, lr: 0.00011071769057802265
2026-08-13 20:07:05 - val epoch: 239, loss: 1.1362
2026-08-13 20:07:07 - train: epoch 240, iter:0, loss: 0.2706, lr: 0.0001076053497803982
2026-08-13 20:07:18 - train: epoch 240, iter:20, loss: 0.2542, lr: 0.0001076053497803982
2026-08-13 20:07:44 - val epoch: 240, loss: 1.1346, miou: 0.7743038719630136, f1_or_dsc: 0.8727973648689129, accuracy: 0.9376504539263131,                 specificity: 0.9565956012277211, sensitivity: 0.8787650438248972, confusion_matrix: [[38324565  1738932]
 [ 1562669 11326922]]
2026-08-13 20:07:47 - train: epoch 241, iter:0, loss: 0.2421, lr: 0.00010453658778440088
2026-08-13 20:07:57 - train: epoch 241, iter:20, loss: 0.2567, lr: 0.00010453658778440088
2026-08-13 20:08:21 - val epoch: 241, loss: 1.1600
2026-08-13 20:08:22 - train: epoch 242, iter:0, loss: 0.2172, lr: 0.00010151174111436543
2026-08-13 20:08:33 - train: epoch 242, iter:20, loss: 0.2512, lr: 0.00010151174111436543
2026-08-13 20:08:56 - val epoch: 242, loss: 1.1517
2026-08-13 20:08:58 - train: epoch 243, iter:0, loss: 0.2535, lr: 9.853114147881633e-05
2026-08-13 20:09:08 - train: epoch 243, iter:20, loss: 0.2489, lr: 9.853114147881633e-05
2026-08-13 20:09:32 - val epoch: 243, loss: 1.1603
2026-08-13 20:09:33 - train: epoch 244, iter:0, loss: 0.2742, lr: 9.559511573409167e-05
2026-08-13 20:09:44 - train: epoch 244, iter:20, loss: 0.2530, lr: 9.559511573409167e-05
2026-08-13 20:10:07 - val epoch: 244, loss: 1.1368
2026-08-13 20:10:09 - train: epoch 245, iter:0, loss: 0.2171, lr: 9.270398584850061e-05
2026-08-13 20:10:19 - train: epoch 245, iter:20, loss: 0.2518, lr: 9.270398584850061e-05
2026-08-13 20:10:42 - val epoch: 245, loss: 1.1496
2026-08-13 20:10:44 - train: epoch 246, iter:0, loss: 0.2370, lr: 8.985806886701499e-05
2026-08-13 20:10:55 - train: epoch 246, iter:20, loss: 0.2524, lr: 8.985806886701499e-05
2026-08-13 20:11:18 - val epoch: 246, loss: 1.1531
2026-08-13 20:11:20 - train: epoch 247, iter:0, loss: 0.2348, lr: 8.705767687650239e-05
2026-08-13 20:11:31 - train: epoch 247, iter:20, loss: 0.2525, lr: 8.705767687650239e-05
2026-08-13 20:11:53 - val epoch: 247, loss: 1.1437
2026-08-13 20:11:55 - train: epoch 248, iter:0, loss: 0.2576, lr: 8.430311697150229e-05
2026-08-13 20:12:06 - train: epoch 248, iter:20, loss: 0.2482, lr: 8.430311697150229e-05
2026-08-13 20:12:29 - val epoch: 248, loss: 1.1436
2026-08-13 20:12:31 - train: epoch 249, iter:0, loss: 0.2500, lr: 8.159469122054909e-05
2026-08-13 20:12:42 - train: epoch 249, iter:20, loss: 0.2502, lr: 8.159469122054909e-05
2026-08-13 20:13:05 - val epoch: 249, loss: 1.1513
2026-08-13 20:13:07 - train: epoch 250, iter:0, loss: 0.2448, lr: 7.893269663304782e-05
2026-08-13 20:13:17 - train: epoch 250, iter:20, loss: 0.2516, lr: 7.893269663304782e-05
2026-08-13 20:13:40 - val epoch: 250, loss: 1.1528
2026-08-13 20:13:42 - train: epoch 251, iter:0, loss: 0.2486, lr: 7.631742512670282e-05
2026-08-13 20:13:52 - train: epoch 251, iter:20, loss: 0.2501, lr: 7.631742512670282e-05
2026-08-13 20:14:15 - val epoch: 251, loss: 1.1569
2026-08-13 20:14:17 - train: epoch 252, iter:0, loss: 0.2674, lr: 7.374916349550603e-05
2026-08-13 20:14:28 - train: epoch 252, iter:20, loss: 0.2489, lr: 7.374916349550603e-05
2026-08-13 20:14:51 - val epoch: 252, loss: 1.1548
2026-08-13 20:14:53 - train: epoch 253, iter:0, loss: 0.2306, lr: 7.122819337828741e-05
2026-08-13 20:15:03 - train: epoch 253, iter:20, loss: 0.2482, lr: 7.122819337828741e-05
2026-08-13 20:15:27 - val epoch: 253, loss: 1.1585
2026-08-13 20:15:29 - train: epoch 254, iter:0, loss: 0.2936, lr: 6.875479122782878e-05
2026-08-13 20:15:39 - train: epoch 254, iter:20, loss: 0.2508, lr: 6.875479122782878e-05
2026-08-13 20:16:02 - val epoch: 254, loss: 1.1441
2026-08-13 20:16:04 - train: epoch 255, iter:0, loss: 0.2473, lr: 6.632922828054862e-05
2026-08-13 20:16:15 - train: epoch 255, iter:20, loss: 0.2455, lr: 6.632922828054862e-05
2026-08-13 20:16:38 - val epoch: 255, loss: 1.1555
2026-08-13 20:16:40 - train: epoch 256, iter:0, loss: 0.2276, lr: 6.395177052675786e-05
2026-08-13 20:16:51 - train: epoch 256, iter:20, loss: 0.2458, lr: 6.395177052675786e-05
2026-08-13 20:17:14 - val epoch: 256, loss: 1.1579
2026-08-13 20:17:16 - train: epoch 257, iter:0, loss: 0.2320, lr: 6.162267868149065e-05
2026-08-13 20:17:26 - train: epoch 257, iter:20, loss: 0.2469, lr: 6.162267868149065e-05
2026-08-13 20:17:49 - val epoch: 257, loss: 1.1526
2026-08-13 20:17:52 - train: epoch 258, iter:0, loss: 0.2373, lr: 5.934220815591413e-05
2026-08-13 20:18:02 - train: epoch 258, iter:20, loss: 0.2491, lr: 5.934220815591413e-05
2026-08-13 20:18:25 - val epoch: 258, loss: 1.1605
2026-08-13 20:18:27 - train: epoch 259, iter:0, loss: 0.2395, lr: 5.711060902932035e-05
2026-08-13 20:18:38 - train: epoch 259, iter:20, loss: 0.2479, lr: 5.711060902932035e-05
2026-08-13 20:19:01 - val epoch: 259, loss: 1.1578
2026-08-13 20:19:03 - train: epoch 260, iter:0, loss: 0.2156, lr: 5.492812602170101e-05
2026-08-13 20:19:13 - train: epoch 260, iter:20, loss: 0.2454, lr: 5.492812602170101e-05
2026-08-13 20:19:36 - val epoch: 260, loss: 1.1638
2026-08-13 20:19:39 - train: epoch 261, iter:0, loss: 0.2331, lr: 5.279499846691256e-05
2026-08-13 20:19:49 - train: epoch 261, iter:20, loss: 0.2462, lr: 5.279499846691256e-05
2026-08-13 20:20:12 - val epoch: 261, loss: 1.1617
2026-08-13 20:20:14 - train: epoch 262, iter:0, loss: 0.2190, lr: 5.071146028642938e-05
2026-08-13 20:20:25 - train: epoch 262, iter:20, loss: 0.2441, lr: 5.071146028642938e-05
2026-08-13 20:20:48 - val epoch: 262, loss: 1.1691
2026-08-13 20:20:50 - train: epoch 263, iter:0, loss: 0.2444, lr: 4.867773996369213e-05
2026-08-13 20:21:00 - train: epoch 263, iter:20, loss: 0.2447, lr: 4.867773996369213e-05
2026-08-13 20:21:23 - val epoch: 263, loss: 1.1649
2026-08-13 20:21:25 - train: epoch 264, iter:0, loss: 0.2268, lr: 4.669406051905255e-05
2026-08-13 20:21:36 - train: epoch 264, iter:20, loss: 0.2455, lr: 4.669406051905255e-05
2026-08-13 20:21:59 - val epoch: 264, loss: 1.1660
2026-08-13 20:22:02 - train: epoch 265, iter:0, loss: 0.2436, lr: 4.476063948531553e-05
2026-08-13 20:22:12 - train: epoch 265, iter:20, loss: 0.2487, lr: 4.476063948531553e-05
2026-08-13 20:22:35 - val epoch: 265, loss: 1.1534
2026-08-13 20:22:37 - train: epoch 266, iter:0, loss: 0.2287, lr: 4.2877688883885086e-05
2026-08-13 20:22:48 - train: epoch 266, iter:20, loss: 0.2434, lr: 4.2877688883885086e-05
2026-08-13 20:23:11 - val epoch: 266, loss: 1.1605
2026-08-13 20:23:13 - train: epoch 267, iter:0, loss: 0.2518, lr: 4.1045415201513684e-05
2026-08-13 20:23:23 - train: epoch 267, iter:20, loss: 0.2410, lr: 4.1045415201513684e-05
2026-08-13 20:23:46 - val epoch: 267, loss: 1.1611
2026-08-13 20:23:48 - train: epoch 268, iter:0, loss: 0.2339, lr: 3.926401936765836e-05
2026-08-13 20:23:59 - train: epoch 268, iter:20, loss: 0.2436, lr: 3.926401936765836e-05
2026-08-13 20:24:22 - val epoch: 268, loss: 1.1656
2026-08-13 20:24:24 - train: epoch 269, iter:0, loss: 0.2416, lr: 3.753369673244687e-05
2026-08-13 20:24:35 - train: epoch 269, iter:20, loss: 0.2397, lr: 3.753369673244687e-05
2026-08-13 20:24:58 - val epoch: 269, loss: 1.1793
2026-08-13 20:25:01 - train: epoch 270, iter:0, loss: 0.2336, lr: 3.5854637045255115e-05
2026-08-13 20:25:11 - train: epoch 270, iter:20, loss: 0.2435, lr: 3.5854637045255115e-05
2026-08-13 20:25:38 - val epoch: 270, loss: 1.1827, miou: 0.7720887782423752, f1_or_dsc: 0.8713883725488766, accuracy: 0.9374022531037284,                 specificity: 0.9587049777506941, sensitivity: 0.8711890082470422, confusion_matrix: [[38409074  1654423]
 [ 1660321 11229270]]
2026-08-13 20:25:41 - train: epoch 271, iter:0, loss: 0.2835, lr: 3.422702443389897e-05
2026-08-13 20:25:51 - train: epoch 271, iter:20, loss: 0.2445, lr: 3.422702443389897e-05
2026-08-13 20:26:15 - val epoch: 271, loss: 1.1734
2026-08-13 20:26:17 - train: epoch 272, iter:0, loss: 0.2276, lr: 3.265103738444294e-05
2026-08-13 20:26:28 - train: epoch 272, iter:20, loss: 0.2428, lr: 3.265103738444294e-05
2026-08-13 20:26:52 - val epoch: 272, loss: 1.1690
2026-08-13 20:26:54 - train: epoch 273, iter:0, loss: 0.2272, lr: 3.112684872162669e-05
2026-08-13 20:27:04 - train: epoch 273, iter:20, loss: 0.2430, lr: 3.112684872162669e-05
2026-08-13 20:27:27 - val epoch: 273, loss: 1.1658
2026-08-13 20:27:29 - train: epoch 274, iter:0, loss: 0.2488, lr: 2.9654625589913163e-05
2026-08-13 20:27:39 - train: epoch 274, iter:20, loss: 0.2460, lr: 2.9654625589913163e-05
2026-08-13 20:28:03 - val epoch: 274, loss: 1.1706
2026-08-13 20:28:05 - train: epoch 275, iter:0, loss: 0.2552, lr: 2.823452943515922e-05
2026-08-13 20:28:15 - train: epoch 275, iter:20, loss: 0.2408, lr: 2.823452943515922e-05
2026-08-13 20:28:38 - val epoch: 275, loss: 1.1668
2026-08-13 20:28:41 - train: epoch 276, iter:0, loss: 0.2387, lr: 2.6866715986911168e-05
2026-08-13 20:28:51 - train: epoch 276, iter:20, loss: 0.2439, lr: 2.6866715986911168e-05
2026-08-13 20:29:14 - val epoch: 276, loss: 1.1666
2026-08-13 20:29:16 - train: epoch 277, iter:0, loss: 0.2241, lr: 2.5551335241327604e-05
2026-08-13 20:29:26 - train: epoch 277, iter:20, loss: 0.2432, lr: 2.5551335241327604e-05
2026-08-13 20:29:49 - val epoch: 277, loss: 1.1705
2026-08-13 20:29:51 - train: epoch 278, iter:0, loss: 0.2279, lr: 2.4288531444730185e-05
2026-08-13 20:30:02 - train: epoch 278, iter:20, loss: 0.2454, lr: 2.4288531444730185e-05
2026-08-13 20:30:25 - val epoch: 278, loss: 1.1712
2026-08-13 20:30:27 - train: epoch 279, iter:0, loss: 0.2474, lr: 2.3078443077785645e-05
2026-08-13 20:30:38 - train: epoch 279, iter:20, loss: 0.2406, lr: 2.3078443077785645e-05
2026-08-13 20:31:01 - val epoch: 279, loss: 1.1717
2026-08-13 20:31:02 - train: epoch 280, iter:0, loss: 0.2171, lr: 2.1921202840320064e-05
2026-08-13 20:31:13 - train: epoch 280, iter:20, loss: 0.2421, lr: 2.1921202840320064e-05
2026-08-13 20:31:36 - val epoch: 280, loss: 1.1637
2026-08-13 20:31:38 - train: epoch 281, iter:0, loss: 0.2331, lr: 2.081693763676623e-05
2026-08-13 20:31:48 - train: epoch 281, iter:20, loss: 0.2420, lr: 2.081693763676623e-05
2026-08-13 20:32:12 - val epoch: 281, loss: 1.1655
2026-08-13 20:32:14 - train: epoch 282, iter:0, loss: 0.2375, lr: 1.9765768562247723e-05
2026-08-13 20:32:24 - train: epoch 282, iter:20, loss: 0.2456, lr: 1.9765768562247723e-05
2026-08-13 20:32:47 - val epoch: 282, loss: 1.1673
2026-08-13 20:32:49 - train: epoch 283, iter:0, loss: 0.2354, lr: 1.876781088929913e-05
2026-08-13 20:33:00 - train: epoch 283, iter:20, loss: 0.2425, lr: 1.876781088929913e-05
2026-08-13 20:33:23 - val epoch: 283, loss: 1.1733
2026-08-13 20:33:25 - train: epoch 284, iter:0, loss: 0.2758, lr: 1.7823174055225262e-05
2026-08-13 20:33:35 - train: epoch 284, iter:20, loss: 0.2432, lr: 1.7823174055225262e-05
2026-08-13 20:33:58 - val epoch: 284, loss: 1.1723
2026-08-13 20:34:00 - train: epoch 285, iter:0, loss: 0.2539, lr: 1.693196165010003e-05
2026-08-13 20:34:11 - train: epoch 285, iter:20, loss: 0.2449, lr: 1.693196165010003e-05
2026-08-13 20:34:34 - val epoch: 285, loss: 1.1725
2026-08-13 20:34:36 - train: epoch 286, iter:0, loss: 0.2435, lr: 1.6094271405406855e-05
2026-08-13 20:34:46 - train: epoch 286, iter:20, loss: 0.2384, lr: 1.6094271405406855e-05
2026-08-13 20:35:09 - val epoch: 286, loss: 1.1680
2026-08-13 20:35:11 - train: epoch 287, iter:0, loss: 0.2574, lr: 1.5310195183320773e-05
2026-08-13 20:35:21 - train: epoch 287, iter:20, loss: 0.2416, lr: 1.5310195183320773e-05
2026-08-13 20:35:44 - val epoch: 287, loss: 1.1740
2026-08-13 20:35:46 - train: epoch 288, iter:0, loss: 0.2449, lr: 1.4579818966635417e-05
2026-08-13 20:35:57 - train: epoch 288, iter:20, loss: 0.2438, lr: 1.4579818966635417e-05
2026-08-13 20:36:20 - val epoch: 288, loss: 1.1719
2026-08-13 20:36:22 - train: epoch 289, iter:0, loss: 0.2378, lr: 1.3903222849333505e-05
2026-08-13 20:36:32 - train: epoch 289, iter:20, loss: 0.2434, lr: 1.3903222849333505e-05
2026-08-13 20:36:55 - val epoch: 289, loss: 1.1717
2026-08-13 20:36:58 - train: epoch 290, iter:0, loss: 0.2236, lr: 1.3280481027803759e-05
2026-08-13 20:37:08 - train: epoch 290, iter:20, loss: 0.2435, lr: 1.3280481027803759e-05
2026-08-13 20:37:31 - val epoch: 290, loss: 1.1734
2026-08-13 20:37:34 - train: epoch 291, iter:0, loss: 0.2538, lr: 1.271166179270472e-05
2026-08-13 20:37:44 - train: epoch 291, iter:20, loss: 0.2459, lr: 1.271166179270472e-05
2026-08-13 20:38:07 - val epoch: 291, loss: 1.1705
2026-08-13 20:38:09 - train: epoch 292, iter:0, loss: 0.2380, lr: 1.21968275214754e-05
2026-08-13 20:38:19 - train: epoch 292, iter:20, loss: 0.2410, lr: 1.21968275214754e-05
2026-08-13 20:38:42 - val epoch: 292, loss: 1.1679
2026-08-13 20:38:45 - train: epoch 293, iter:0, loss: 0.2452, lr: 1.1736034671495336e-05
2026-08-13 20:38:55 - train: epoch 293, iter:20, loss: 0.2409, lr: 1.1736034671495336e-05
2026-08-13 20:39:18 - val epoch: 293, loss: 1.1699
2026-08-13 20:39:20 - train: epoch 294, iter:0, loss: 0.2181, lr: 1.1329333773893242e-05
2026-08-13 20:39:31 - train: epoch 294, iter:20, loss: 0.2406, lr: 1.1329333773893242e-05
2026-08-13 20:39:54 - val epoch: 294, loss: 1.1708
2026-08-13 20:39:56 - train: epoch 295, iter:0, loss: 0.2611, lr: 1.0976769428005577e-05
2026-08-13 20:40:06 - train: epoch 295, iter:20, loss: 0.2441, lr: 1.0976769428005577e-05
2026-08-13 20:40:29 - val epoch: 295, loss: 1.1711
2026-08-13 20:40:31 - train: epoch 296, iter:0, loss: 0.2656, lr: 1.0678380296485951e-05
2026-08-13 20:40:42 - train: epoch 296, iter:20, loss: 0.2388, lr: 1.0678380296485951e-05
2026-08-13 20:41:05 - val epoch: 296, loss: 1.1693
2026-08-13 20:41:07 - train: epoch 297, iter:0, loss: 0.2143, lr: 1.04341991010651e-05
2026-08-13 20:41:17 - train: epoch 297, iter:20, loss: 0.2428, lr: 1.04341991010651e-05
2026-08-13 20:41:40 - val epoch: 297, loss: 1.1722
2026-08-13 20:41:43 - train: epoch 298, iter:0, loss: 0.2344, lr: 1.0244252618962858e-05
2026-08-13 20:41:53 - train: epoch 298, iter:20, loss: 0.2439, lr: 1.0244252618962858e-05
2026-08-13 20:42:16 - val epoch: 298, loss: 1.1682
2026-08-13 20:42:19 - train: epoch 299, iter:0, loss: 0.2432, lr: 1.0108561679951479e-05
2026-08-13 20:42:29 - train: epoch 299, iter:20, loss: 0.2431, lr: 1.0108561679951479e-05
2026-08-13 20:42:52 - val epoch: 299, loss: 1.1763
2026-08-13 20:42:54 - train: epoch 300, iter:0, loss: 0.2665, lr: 1.002714116407149e-05
2026-08-13 20:43:05 - train: epoch 300, iter:20, loss: 0.2422, lr: 1.002714116407149e-05
2026-08-13 20:43:32 - val epoch: 300, loss: 1.1746, miou: 0.773555656301761, f1_or_dsc: 0.8723218282473169, accuracy: 0.9377923531107383,                 specificity: 0.9586303212622702, sensitivity: 0.8730236669262819, confusion_matrix: [[38406083  1657414]
 [ 1636673 11252918]]
2026-08-13 20:43:56 - test of best model, loss: 0.8054,miou: 0.794856885963429, f1_or_dsc: 0.8857050299436794, accuracy: 0.9452453084511332,                 specificity: 0.9689467197533954, sensitivity: 0.8715764526585832, confusion_matrix: [[38819394  1244103]
 [ 1655327 11234264]]
