2026-09-12 15:02:13 - #----------Config info----------#
2026-09-12 15:02:13 - network: ege_dual,
2026-09-12 15:02:13 - t_embed: 48,
2026-09-12 15:02:13 - t_depths: (2, 2, 2, 2),
2026-09-12 15:02:13 - t_head_dim: 16,
2026-09-12 15:02:13 - t_sr_ratios: (4, 2, 1, 1),
2026-09-12 15:02:13 - t_mlp_ratio: 4.0,
2026-09-12 15:02:13 - t_drop_path_rate: 0.1,
2026-09-12 15:02:13 - diff_lr: True,
2026-09-12 15:02:13 - t_lr: 0.0001,
2026-09-12 15:02:13 - opt: AdamW,
2026-09-12 15:02:13 - lr: 0.001,
2026-09-12 15:02:13 - betas: (0.9, 0.999),
2026-09-12 15:02:13 - eps: 1e-08,
2026-09-12 15:02:13 - weight_decay: 0.01,
2026-09-12 15:02:13 - amsgrad: False,
2026-09-12 15:02:13 - work_dir: /tmp/medseg_p0_smoke/,
2026-09-12 15:02:13 - epochs: 2,
2026-09-12 15:02:13 - val_interval: 1,
2026-09-12 15:02:13 - save_interval: 1,
2026-09-12 15:02:13 - batch_size: 8,
2026-09-12 15:02:13 - num_workers: 0,
2026-09-12 15:02:13 - gradient_accumulation_steps: 2,
2026-09-12 15:02:13 - data_path: ./data/isic2018/,
2026-09-12 15:02:13 - seed: 42,
2026-09-12 15:02:14 - [diff-lr] group1 81,146 lr=0.001; group2 5,259,408 lr=0.0001
2026-09-12 15:02:15 - train: epoch 1, iter:0, loss: 12.9999, lr: 0.001
2026-09-12 15:02:18 - train: epoch 1, iter:20, loss: 4.8535, lr: 0.001
2026-09-12 15:02:22 - train: epoch 1, iter:40, loss: 3.6535, lr: 0.001
2026-09-12 15:02:25 - train: epoch 1, iter:60, loss: 3.1164, lr: 0.001
2026-09-12 15:02:28 - train: epoch 1, iter:80, loss: 2.7964, lr: 0.001
2026-09-12 15:02:31 - train: epoch 1, iter:100, loss: 2.5755, lr: 0.001
2026-09-12 15:02:35 - train: epoch 1, iter:120, loss: 2.4389, lr: 0.001
2026-09-12 15:02:38 - train: epoch 1, iter:140, loss: 2.3086, lr: 0.001
2026-09-12 15:02:41 - train: epoch 1, iter:160, loss: 2.2215, lr: 0.001
2026-09-12 15:02:44 - train: epoch 1, iter:180, loss: 2.1242, lr: 0.001
2026-09-12 15:02:47 - train: epoch 1, iter:200, loss: 2.0510, lr: 0.001
2026-09-12 15:02:50 - train: epoch 1, iter:220, loss: 1.9900, lr: 0.001
2026-09-12 15:03:18 - val epoch: 1, loss: 1.4940, miou: 0.6711543540862862, f1_or_dsc: 0.8032224581112903, accuracy: 0.9158501766695835,                 specificity: 0.9835057334111398, sensitivity: 0.7055628064536725, confusion_matrix: [[39402679   660818]
 [ 3795175  9094416]]
2026-09-12 15:03:18 - train gamma: g2=0.098 g3=0.100 g4=0.097 g5=0.099
2026-09-12 15:03:18 - train: epoch 2, iter:0, loss: 1.3353, lr: 0.0009999728588359286
2026-09-12 15:03:21 - train: epoch 2, iter:20, loss: 1.4828, lr: 0.0009999728588359286
2026-09-12 15:03:25 - train: epoch 2, iter:40, loss: 1.3331, lr: 0.0009999728588359286
2026-09-12 15:03:28 - train: epoch 2, iter:60, loss: 1.2983, lr: 0.0009999728588359286
2026-09-12 15:03:31 - train: epoch 2, iter:80, loss: 1.2628, lr: 0.0009999728588359286
2026-09-12 15:03:34 - train: epoch 2, iter:100, loss: 1.2472, lr: 0.0009999728588359286
2026-09-12 15:03:37 - train: epoch 2, iter:120, loss: 1.2378, lr: 0.0009999728588359286
2026-09-12 15:03:40 - train: epoch 2, iter:140, loss: 1.2391, lr: 0.0009999728588359286
2026-09-12 15:03:43 - train: epoch 2, iter:160, loss: 1.2321, lr: 0.0009999728588359286
2026-09-12 15:03:46 - train: epoch 2, iter:180, loss: 1.2405, lr: 0.0009999728588359286
2026-09-12 15:03:49 - train: epoch 2, iter:200, loss: 1.2571, lr: 0.0009999728588359286
2026-09-12 15:03:52 - train: epoch 2, iter:220, loss: 1.2748, lr: 0.0009999728588359286
2026-09-12 15:04:18 - val epoch: 2, loss: 1.4215, miou: 0.6727008498380881, f1_or_dsc: 0.8043289389172048, accuracy: 0.9175867326188796,                 specificity: 0.9889203381322405, sensitivity: 0.6958672311635024, confusion_matrix: [[39619607   443890]
 [ 3920147  8969444]]
2026-09-12 15:04:18 - train gamma: g2=0.098 g3=0.100 g4=0.095 g5=0.097
2026-09-12 15:06:49 - evaluation split=V_dev, loss: 1.4215,miou: 0.6727008498380881, f1_or_dsc: 0.8043289389172048, accuracy: 0.9175867326188796,                 specificity: 0.9889203381322405, sensitivity: 0.6958672311635024, confusion_matrix: [[39619607   443890]
 [ 3920147  8969444]]
