/root/miniconda3/lib/python3.10/site-packages/timm/models/layers/__init__.py:49: FutureWarning: Importing from timm.models.layers is deprecated, please import via timm.layers
  warnings.warn(f"Importing from {__name__} is deprecated, please import via timm.layers", FutureWarning)
[diff-lr] transformer main: 14,185,281 lr=0.0001; CNN aux: 1,338,980 lr=0.001
resumed from results/ptu_isic18_dual_d4_Saturday_29_August_2026_22h_21m_56s/checkpoints/latest.pth: epoch 60, min_loss 0.3102@ep46, continue from 61
train: epoch 61, iter:0, loss: 0.2306, lr: 9.140576474687266e-05
train: epoch 61, iter:20, loss: 0.2227, lr: 9.140576474687266e-05
train gamma: g1=0.107 g2=0.121 g3=0.126 g4=0.141
val epoch: 61, loss: 0.3901
train: epoch 62, iter:0, loss: 0.2302, lr: 9.112678638360019e-05
train: epoch 62, iter:20, loss: 0.2423, lr: 9.112678638360019e-05
train gamma: g1=0.107 g2=0.121 g3=0.126 g4=0.141
val epoch: 62, loss: 0.3407
train: epoch 63, iter:0, loss: 0.2318, lr: 9.084384631108886e-05
train: epoch 63, iter:20, loss: 0.2163, lr: 9.084384631108886e-05
train gamma: g1=0.108 g2=0.121 g3=0.127 g4=0.142
val epoch: 63, loss: 0.3203
train: epoch 64, iter:0, loss: 0.3102, lr: 9.055697555690608e-05
train: epoch 64, iter:20, loss: 0.2346, lr: 9.055697555690608e-05
train gamma: g1=0.108 g2=0.122 g3=0.127 g4=0.142
val epoch: 64, loss: 0.3623
train: epoch 65, iter:0, loss: 0.2407, lr: 9.026620557966282e-05
train: epoch 65, iter:20, loss: 0.2128, lr: 9.026620557966282e-05
train gamma: g1=0.108 g2=0.122 g3=0.127 g4=0.142
val epoch: 65, loss: 0.3288
train: epoch 66, iter:0, loss: 0.2043, lr: 8.997156826556372e-05
train: epoch 66, iter:20, loss: 0.2247, lr: 8.997156826556372e-05
train gamma: g1=0.108 g2=0.122 g3=0.127 g4=0.143
val epoch: 66, loss: 0.3518
train: epoch 67, iter:0, loss: 0.2490, lr: 8.967309592491055e-05
train: epoch 67, iter:20, loss: 0.2278, lr: 8.967309592491055e-05
train gamma: g1=0.108 g2=0.122 g3=0.127 g4=0.144
val epoch: 67, loss: 0.3536
train: epoch 68, iter:0, loss: 0.1774, lr: 8.937082128855894e-05
train: epoch 68, iter:20, loss: 0.2030, lr: 8.937082128855894e-05
train gamma: g1=0.108 g2=0.122 g3=0.128 g4=0.144
val epoch: 68, loss: 0.3266
train: epoch 69, iter:0, loss: 0.2144, lr: 8.906477750432907e-05
train: epoch 69, iter:20, loss: 0.2147, lr: 8.906477750432907e-05
train gamma: g1=0.108 g2=0.122 g3=0.128 g4=0.144
val epoch: 69, loss: 0.3244
train: epoch 70, iter:0, loss: 0.1793, lr: 8.875499813337071e-05
train: epoch 70, iter:20, loss: 0.2023, lr: 8.875499813337071e-05
train gamma: g1=0.108 g2=0.122 g3=0.128 g4=0.145
val epoch: 70, loss: 0.3593
train: epoch 71, iter:0, loss: 0.2570, lr: 8.844151714648278e-05
train: epoch 71, iter:20, loss: 0.2089, lr: 8.844151714648278e-05
train gamma: g1=0.109 g2=0.123 g3=0.129 g4=0.145
val epoch: 71, loss: 0.3146
train: epoch 72, iter:0, loss: 0.2311, lr: 8.812436892038808e-05
train: epoch 72, iter:20, loss: 0.2050, lr: 8.812436892038808e-05
train gamma: g1=0.109 g2=0.123 g3=0.129 g4=0.146
val epoch: 72, loss: 0.3648
train: epoch 73, iter:0, loss: 0.1994, lr: 8.780358823396356e-05
train: epoch 73, iter:20, loss: 0.2038, lr: 8.780358823396356e-05
train gamma: g1=0.109 g2=0.124 g3=0.129 g4=0.146
val epoch: 73, loss: 0.3276
train: epoch 74, iter:0, loss: 0.2260, lr: 8.747921026442633e-05
train: epoch 74, iter:20, loss: 0.2041, lr: 8.747921026442633e-05
train gamma: g1=0.109 g2=0.124 g3=0.130 g4=0.147
val epoch: 74, loss: 0.3035
train: epoch 75, iter:0, loss: 0.1776, lr: 8.715127058347619e-05
train: epoch 75, iter:20, loss: 0.1925, lr: 8.715127058347619e-05
train gamma: g1=0.109 g2=0.124 g3=0.130 g4=0.147
val epoch: 75, loss: 0.3133
train: epoch 76, iter:0, loss: 0.2016, lr: 8.681980515339468e-05
train: epoch 76, iter:20, loss: 0.2047, lr: 8.681980515339468e-05
train gamma: g1=0.109 g2=0.124 g3=0.130 g4=0.148
val epoch: 76, loss: 0.3705
train: epoch 77, iter:0, loss: 0.1899, lr: 8.648485032310149e-05
train: epoch 77, iter:20, loss: 0.2102, lr: 8.648485032310149e-05
train gamma: g1=0.109 g2=0.125 g3=0.130 g4=0.148
val epoch: 77, loss: 0.3054
train: epoch 78, iter:0, loss: 0.1969, lr: 8.614644282416834e-05
train: epoch 78, iter:20, loss: 0.1942, lr: 8.614644282416834e-05
train gamma: g1=0.109 g2=0.125 g3=0.131 g4=0.148
val epoch: 78, loss: 0.3845
train: epoch 79, iter:0, loss: 0.1581, lr: 8.580461976679102e-05
train: epoch 79, iter:20, loss: 0.2140, lr: 8.580461976679102e-05
train gamma: g1=0.109 g2=0.125 g3=0.131 g4=0.148
val epoch: 79, loss: 0.3088
train: epoch 80, iter:0, loss: 0.2798, lr: 8.545941863571975e-05
train: epoch 80, iter:20, loss: 0.1904, lr: 8.545941863571975e-05
train gamma: g1=0.110 g2=0.125 g3=0.131 g4=0.149
val epoch: 80, loss: 0.3792
train: epoch 81, iter:0, loss: 0.2221, lr: 8.511087728614864e-05
train: epoch 81, iter:20, loss: 0.2105, lr: 8.511087728614864e-05
train gamma: g1=0.110 g2=0.126 g3=0.131 g4=0.149
val epoch: 81, loss: 0.4453
train: epoch 82, iter:0, loss: 0.3239, lr: 8.475903393956435e-05
train: epoch 82, iter:20, loss: 0.1994, lr: 8.475903393956435e-05
train gamma: g1=0.110 g2=0.126 g3=0.131 g4=0.150
val epoch: 82, loss: 0.3534
train: epoch 83, iter:0, loss: 0.1606, lr: 8.440392717955477e-05
train: epoch 83, iter:20, loss: 0.1928, lr: 8.440392717955477e-05
train gamma: g1=0.110 g2=0.126 g3=0.131 g4=0.150
val epoch: 83, loss: 0.3135
train: epoch 84, iter:0, loss: 0.2187, lr: 8.40455959475778e-05
train: epoch 84, iter:20, loss: 0.1969, lr: 8.40455959475778e-05
train gamma: g1=0.110 g2=0.126 g3=0.132 g4=0.151
val epoch: 84, loss: 0.3173
train: epoch 85, iter:0, loss: 0.1850, lr: 8.368407953869106e-05
train: epoch 85, iter:20, loss: 0.1946, lr: 8.368407953869106e-05
train gamma: g1=0.110 g2=0.126 g3=0.132 g4=0.151
val epoch: 85, loss: 0.3196
train: epoch 86, iter:0, loss: 0.1856, lr: 8.331941759724271e-05
train: epoch 86, iter:20, loss: 0.1890, lr: 8.331941759724271e-05
train gamma: g1=0.110 g2=0.127 g3=0.132 g4=0.151
val epoch: 86, loss: 0.3393
train: epoch 87, iter:0, loss: 0.1854, lr: 8.2951650112524e-05
train: epoch 87, iter:20, loss: 0.1845, lr: 8.2951650112524e-05
train gamma: g1=0.110 g2=0.127 g3=0.132 g4=0.151
val epoch: 87, loss: 0.3193
train: epoch 88, iter:0, loss: 0.1608, lr: 8.258081741438397e-05
train: epoch 88, iter:20, loss: 0.1781, lr: 8.258081741438397e-05
train gamma: g1=0.110 g2=0.127 g3=0.132 g4=0.152
val epoch: 88, loss: 0.3237
train: epoch 89, iter:0, loss: 0.1591, lr: 8.22069601688069e-05
train: epoch 89, iter:20, loss: 0.1795, lr: 8.22069601688069e-05
train gamma: g1=0.111 g2=0.127 g3=0.133 g4=0.152
val epoch: 89, loss: 0.2996
train: epoch 90, iter:0, loss: 0.1275, lr: 8.183011937345273e-05
train: epoch 90, iter:20, loss: 0.1860, lr: 8.183011937345273e-05
train gamma: g1=0.111 g2=0.127 g3=0.133 g4=0.152
val epoch: 90, loss: 0.3205, miou: 0.7890654116575744, f1_or_dsc: 0.8820978892286593, accuracy: 0.9414177507457167, specificity: 0.9546490911664551, sensitivity: 0.9002920263334966
train: epoch 91, iter:0, loss: 0.1764, lr: 8.145033635316131e-05
train: epoch 91, iter:20, loss: 0.1739, lr: 8.145033635316131e-05
train gamma: g1=0.111 g2=0.127 g3=0.133 g4=0.152
val epoch: 91, loss: 0.3773
train: epoch 92, iter:0, loss: 0.1723, lr: 8.106765275542056e-05
train: epoch 92, iter:20, loss: 0.1904, lr: 8.106765275542056e-05
train gamma: g1=0.111 g2=0.127 g3=0.133 g4=0.153
val epoch: 92, loss: 0.3175
train: epoch 93, iter:0, loss: 0.1839, lr: 8.068211054579945e-05
train: epoch 93, iter:20, loss: 0.1736, lr: 8.068211054579945e-05
train gamma: g1=0.111 g2=0.128 g3=0.133 g4=0.153
val epoch: 93, loss: 0.3220
train: epoch 94, iter:0, loss: 0.1389, lr: 8.02937520033459e-05
train: epoch 94, iter:20, loss: 0.1743, lr: 8.02937520033459e-05
train gamma: g1=0.111 g2=0.128 g3=0.134 g4=0.153
val epoch: 94, loss: 0.3136
train: epoch 95, iter:0, loss: 0.1284, lr: 7.99026197159505e-05
train: epoch 95, iter:20, loss: 0.1662, lr: 7.99026197159505e-05
train gamma: g1=0.112 g2=0.128 g3=0.134 g4=0.153
val epoch: 95, loss: 0.3326
train: epoch 96, iter:0, loss: 0.1810, lr: 7.950875657567623e-05
train: epoch 96, iter:20, loss: 0.1690, lr: 7.950875657567623e-05
train gamma: g1=0.112 g2=0.128 g3=0.134 g4=0.154
val epoch: 96, loss: 0.3192
train: epoch 97, iter:0, loss: 0.1574, lr: 7.911220577405486e-05
train: epoch 97, iter:20, loss: 0.1760, lr: 7.911220577405486e-05
train gamma: g1=0.112 g2=0.128 g3=0.135 g4=0.153
val epoch: 97, loss: 0.3359
train: epoch 98, iter:0, loss: 0.1598, lr: 7.871301079735051e-05
train: epoch 98, iter:20, loss: 0.1696, lr: 7.871301079735051e-05
train gamma: g1=0.112 g2=0.128 g3=0.134 g4=0.154
val epoch: 98, loss: 0.3031
train: epoch 99, iter:0, loss: 0.1794, lr: 7.831121542179088e-05
train: epoch 99, iter:20, loss: 0.1658, lr: 7.831121542179088e-05
train gamma: g1=0.112 g2=0.129 g3=0.135 g4=0.154
val epoch: 99, loss: 0.3652
train: epoch 100, iter:0, loss: 0.1807, lr: 7.790686370876673e-05
train: epoch 100, iter:20, loss: 0.1739, lr: 7.790686370876673e-05
train gamma: g1=0.112 g2=0.129 g3=0.135 g4=0.155
val epoch: 100, loss: 0.3610
train: epoch 101, iter:0, loss: 0.1516, lr: 7.750000000000003e-05
train: epoch 101, iter:20, loss: 0.1727, lr: 7.750000000000003e-05
train gamma: g1=0.112 g2=0.129 g3=0.135 g4=0.155
val epoch: 101, loss: 0.3310
train: epoch 102, iter:0, loss: 0.1538, lr: 7.709066891268137e-05
train: epoch 102, iter:20, loss: 0.1702, lr: 7.709066891268137e-05
train gamma: g1=0.112 g2=0.129 g3=0.135 g4=0.155
val epoch: 102, loss: 0.3065
train: epoch 103, iter:0, loss: 0.1741, lr: 7.667891533457722e-05
train: epoch 103, iter:20, loss: 0.1744, lr: 7.667891533457722e-05
train gamma: g1=0.112 g2=0.130 g3=0.135 g4=0.155
val epoch: 103, loss: 0.3449
train: epoch 104, iter:0, loss: 0.1708, lr: 7.626478441910747e-05
train: epoch 104, iter:20, loss: 0.1656, lr: 7.626478441910747e-05
train gamma: g1=0.112 g2=0.130 g3=0.135 g4=0.156
val epoch: 104, loss: 0.3075
train: epoch 105, iter:0, loss: 0.1669, lr: 7.584832158039382e-05
train: epoch 105, iter:20, loss: 0.1626, lr: 7.584832158039382e-05
train gamma: g1=0.112 g2=0.130 g3=0.135 g4=0.156
val epoch: 105, loss: 0.3463
train: epoch 106, iter:0, loss: 0.1854, lr: 7.542957248827964e-05
train: epoch 106, iter:20, loss: 0.1576, lr: 7.542957248827964e-05
train gamma: g1=0.112 g2=0.131 g3=0.135 g4=0.156
val epoch: 106, loss: 0.3289
train: epoch 107, iter:0, loss: 0.1306, lr: 7.500858306332177e-05
train: epoch 107, iter:20, loss: 0.1632, lr: 7.500858306332177e-05
train gamma: g1=0.112 g2=0.131 g3=0.136 g4=0.156
val epoch: 107, loss: 0.3166
train: epoch 108, iter:0, loss: 0.1552, lr: 7.458539947175478e-05
train: epoch 108, iter:20, loss: 0.1647, lr: 7.458539947175478e-05
train gamma: g1=0.113 g2=0.131 g3=0.136 g4=0.156
val epoch: 108, loss: 0.3163
train: epoch 109, iter:0, loss: 0.1489, lr: 7.41600681204283e-05
train: epoch 109, iter:20, loss: 0.1661, lr: 7.41600681204283e-05
train gamma: g1=0.113 g2=0.131 g3=0.136 g4=0.157
val epoch: 109, loss: 0.3282
train: epoch 110, iter:0, loss: 0.1413, lr: 7.373263565171809e-05
train: epoch 110, iter:20, loss: 0.1570, lr: 7.373263565171809e-05
train gamma: g1=0.113 g2=0.131 g3=0.136 g4=0.157
val epoch: 110, loss: 0.3608
train: epoch 111, iter:0, loss: 0.1366, lr: 7.330314893841104e-05
train: epoch 111, iter:20, loss: 0.1555, lr: 7.330314893841104e-05
train gamma: g1=0.113 g2=0.132 g3=0.136 g4=0.157
val epoch: 111, loss: 0.3747
train: epoch 112, iter:0, loss: 0.1247, lr: 7.287165507856516e-05
train: epoch 112, iter:20, loss: 0.1564, lr: 7.287165507856516e-05
train gamma: g1=0.113 g2=0.132 g3=0.137 g4=0.157
val epoch: 112, loss: 0.3646
train: epoch 113, iter:0, loss: 0.1563, lr: 7.243820139034467e-05
train: epoch 113, iter:20, loss: 0.1576, lr: 7.243820139034467e-05
train gamma: g1=0.113 g2=0.132 g3=0.137 g4=0.158
val epoch: 113, loss: 0.3409
train: epoch 114, iter:0, loss: 0.1351, lr: 7.200283540683105e-05
train: epoch 114, iter:20, loss: 0.1559, lr: 7.200283540683105e-05
train gamma: g1=0.113 g2=0.132 g3=0.137 g4=0.158
val epoch: 114, loss: 0.3546
train: epoch 115, iter:0, loss: 0.1420, lr: 7.156560487081054e-05
train: epoch 115, iter:20, loss: 0.1531, lr: 7.156560487081054e-05
train gamma: g1=0.113 g2=0.132 g3=0.137 g4=0.158
val epoch: 115, loss: 0.3403
train: epoch 116, iter:0, loss: 0.1688, lr: 7.112655772953852e-05
train: epoch 116, iter:20, loss: 0.1592, lr: 7.112655772953852e-05
train gamma: g1=0.113 g2=0.132 g3=0.138 g4=0.158
val epoch: 116, loss: 0.3758
train: epoch 117, iter:0, loss: 0.1213, lr: 7.06857421294817e-05
train: epoch 117, iter:20, loss: 0.1564, lr: 7.06857421294817e-05
train gamma: g1=0.114 g2=0.133 g3=0.138 g4=0.159
val epoch: 117, loss: 0.3356
train: epoch 118, iter:0, loss: 0.1469, lr: 7.024320641103815e-05
train: epoch 118, iter:20, loss: 0.1558, lr: 7.024320641103815e-05
train gamma: g1=0.113 g2=0.133 g3=0.138 g4=0.159
val epoch: 118, loss: 0.3486
train: epoch 119, iter:0, loss: 0.1837, lr: 6.979899910323627e-05
train: epoch 119, iter:20, loss: 0.1516, lr: 6.979899910323627e-05
train gamma: g1=0.114 g2=0.133 g3=0.137 g4=0.159
val epoch: 119, loss: 0.3443
train: epoch 120, iter:0, loss: 0.1355, lr: 6.935316891841318e-05
train: epoch 120, iter:20, loss: 0.1482, lr: 6.935316891841318e-05
train gamma: g1=0.114 g2=0.133 g3=0.138 g4=0.159
val epoch: 120, loss: 0.3539, miou: 0.7780853597579233, f1_or_dsc: 0.8751946080517252, accuracy: 0.9389891482815884, specificity: 0.9583469211387113, sensitivity: 0.8788212131789132
train: epoch 121, iter:0, loss: 0.1479, lr: 6.890576474687267e-05
train: epoch 121, iter:20, loss: 0.1505, lr: 6.890576474687267e-05
train gamma: g1=0.114 g2=0.133 g3=0.138 g4=0.159
val epoch: 121, loss: 0.3358
train: epoch 122, iter:0, loss: 0.1261, lr: 6.845683565152394e-05
train: epoch 122, iter:20, loss: 0.1510, lr: 6.845683565152394e-05
train gamma: g1=0.114 g2=0.133 g3=0.138 g4=0.159
val epoch: 122, loss: 0.3330
train: epoch 123, iter:0, loss: 0.1543, lr: 6.800643086250126e-05
train: epoch 123, iter:20, loss: 0.1458, lr: 6.800643086250126e-05
train gamma: g1=0.114 g2=0.134 g3=0.138 g4=0.159
val epoch: 123, loss: 0.3613
train: epoch 124, iter:0, loss: 0.1445, lr: 6.755459977176537e-05
train: epoch 124, iter:20, loss: 0.1468, lr: 6.755459977176537e-05
train gamma: g1=0.114 g2=0.134 g3=0.138 g4=0.160
val epoch: 124, loss: 0.3269
train: epoch 125, iter:0, loss: 0.1591, lr: 6.710139192768701e-05
train: epoch 125, iter:20, loss: 0.1420, lr: 6.710139192768701e-05
train gamma: g1=0.114 g2=0.134 g3=0.138 g4=0.160
val epoch: 125, loss: 0.3125
train: epoch 126, iter:0, loss: 0.1563, lr: 6.66468570296135e-05
train: epoch 126, iter:20, loss: 0.1395, lr: 6.66468570296135e-05
train gamma: g1=0.114 g2=0.134 g3=0.138 g4=0.160
val epoch: 126, loss: 0.3606
train: epoch 127, iter:0, loss: 0.1330, lr: 6.619104492241852e-05
train: epoch 127, iter:20, loss: 0.1399, lr: 6.619104492241852e-05
train gamma: g1=0.115 g2=0.134 g3=0.138 g4=0.160
val epoch: 127, loss: 0.3594
train: epoch 128, iter:0, loss: 0.1362, lr: 6.57340055910362e-05
train: epoch 128, iter:20, loss: 0.1394, lr: 6.57340055910362e-05
train gamma: g1=0.115 g2=0.135 g3=0.138 g4=0.160
val epoch: 128, loss: 0.3600
train: epoch 129, iter:0, loss: 0.1400, lr: 6.527578915497956e-05
train: epoch 129, iter:20, loss: 0.1352, lr: 6.527578915497956e-05
train gamma: g1=0.115 g2=0.135 g3=0.138 g4=0.161
val epoch: 129, loss: 0.3591
train: epoch 130, iter:0, loss: 0.1271, lr: 6.481644586284449e-05
train: epoch 130, iter:20, loss: 0.1366, lr: 6.481644586284449e-05
train gamma: g1=0.115 g2=0.135 g3=0.138 g4=0.161
val epoch: 130, loss: 0.3771
train: epoch 131, iter:0, loss: 0.1425, lr: 6.435602608679923e-05
train: epoch 131, iter:20, loss: 0.1324, lr: 6.435602608679923e-05
train gamma: g1=0.115 g2=0.135 g3=0.138 g4=0.161
val epoch: 131, loss: 0.3746
train: epoch 132, iter:0, loss: 0.1402, lr: 6.389458031706073e-05
train: epoch 132, iter:20, loss: 0.1402, lr: 6.389458031706073e-05
train gamma: g1=0.115 g2=0.135 g3=0.139 g4=0.161
val epoch: 132, loss: 0.3796
train: epoch 133, iter:0, loss: 0.1432, lr: 6.343215915635769e-05
train: epoch 133, iter:20, loss: 0.1381, lr: 6.343215915635769e-05
train gamma: g1=0.115 g2=0.135 g3=0.139 g4=0.161
val epoch: 133, loss: 0.3422
train: epoch 134, iter:0, loss: 0.1314, lr: 6.296881331438133e-05
train: epoch 134, iter:20, loss: 0.1399, lr: 6.296881331438133e-05
train gamma: g1=0.115 g2=0.136 g3=0.139 g4=0.161
val epoch: 134, loss: 0.3441
train: epoch 135, iter:0, loss: 0.1173, lr: 6.250459360222469e-05
train: epoch 135, iter:20, loss: 0.1324, lr: 6.250459360222469e-05
train gamma: g1=0.115 g2=0.136 g3=0.139 g4=0.161
val epoch: 135, loss: 0.3447
train: epoch 136, iter:0, loss: 0.1164, lr: 6.203955092681049e-05
train: epoch 136, iter:20, loss: 0.1309, lr: 6.203955092681049e-05
train gamma: g1=0.115 g2=0.136 g3=0.139 g4=0.161
val epoch: 136, loss: 0.3517
train: epoch 137, iter:0, loss: 0.1362, lr: 6.157373628530863e-05
train: epoch 137, iter:20, loss: 0.1291, lr: 6.157373628530863e-05
train gamma: g1=0.115 g2=0.136 g3=0.139 g4=0.162
val epoch: 137, loss: 0.3594
train: epoch 138, iter:0, loss: 0.1211, lr: 6.11072007595438e-05
train: epoch 138, iter:20, loss: 0.1316, lr: 6.11072007595438e-05
train gamma: g1=0.116 g2=0.136 g3=0.139 g4=0.162
val epoch: 138, loss: 0.3341
train: epoch 139, iter:0, loss: 0.1338, lr: 6.06399955103938e-05
train: epoch 139, iter:20, loss: 0.1317, lr: 6.06399955103938e-05
train gamma: g1=0.116 g2=0.136 g3=0.139 g4=0.162
val epoch: 139, loss: 0.3392
train: epoch 140, iter:0, loss: 0.1099, lr: 6.017217177217911e-05
train: epoch 140, iter:20, loss: 0.1274, lr: 6.017217177217911e-05
train gamma: g1=0.115 g2=0.136 g3=0.139 g4=0.162
val epoch: 140, loss: 0.3354
train: epoch 141, iter:0, loss: 0.1258, lr: 5.970378084704452e-05
train: epoch 141, iter:20, loss: 0.1282, lr: 5.970378084704452e-05
train gamma: g1=0.116 g2=0.137 g3=0.139 g4=0.162
val epoch: 141, loss: 0.3524
train: epoch 142, iter:0, loss: 0.1326, lr: 5.923487409933326e-05
train: epoch 142, iter:20, loss: 0.1246, lr: 5.923487409933326e-05
train gamma: g1=0.116 g2=0.137 g3=0.139 g4=0.162
val epoch: 142, loss: 0.3783
train: epoch 143, iter:0, loss: 0.1432, lr: 5.8765502949954305e-05
train: epoch 143, iter:20, loss: 0.1234, lr: 5.8765502949954305e-05
train gamma: g1=0.116 g2=0.137 g3=0.139 g4=0.162
val epoch: 143, loss: 0.3507
train: epoch 144, iter:0, loss: 0.1108, lr: 5.8295718870743535e-05
train: epoch 144, iter:20, loss: 0.1285, lr: 5.8295718870743535e-05
train gamma: g1=0.116 g2=0.137 g3=0.139 g4=0.162
val epoch: 144, loss: 0.3542
train: epoch 145, iter:0, loss: 0.1227, lr: 5.782557337881921e-05
train: epoch 145, iter:20, loss: 0.1281, lr: 5.782557337881921e-05
train gamma: g1=0.116 g2=0.137 g3=0.140 g4=0.162
val epoch: 145, loss: 0.3404
train: epoch 146, iter:0, loss: 0.1324, lr: 5.7355118030932584e-05
train: epoch 146, iter:20, loss: 0.1242, lr: 5.7355118030932584e-05
train gamma: g1=0.116 g2=0.137 g3=0.139 g4=0.163
val epoch: 146, loss: 0.3448
train: epoch 147, iter:0, loss: 0.1444, lr: 5.68844044178141e-05
train: epoch 147, iter:20, loss: 0.1264, lr: 5.68844044178141e-05
train gamma: g1=0.116 g2=0.138 g3=0.140 g4=0.163
val epoch: 147, loss: 0.3866
train: epoch 148, iter:0, loss: 0.1066, lr: 5.641348415851587e-05
train: epoch 148, iter:20, loss: 0.1286, lr: 5.641348415851587e-05
train gamma: g1=0.116 g2=0.138 g3=0.140 g4=0.163
val epoch: 148, loss: 0.3506
train: epoch 149, iter:0, loss: 0.1212, lr: 5.594240889475117e-05
train: epoch 149, iter:20, loss: 0.1225, lr: 5.594240889475117e-05
train gamma: g1=0.116 g2=0.138 g3=0.140 g4=0.163
val epoch: 149, loss: 0.3596
train: epoch 150, iter:0, loss: 0.1068, lr: 5.547123028523116e-05
train: epoch 150, iter:20, loss: 0.1208, lr: 5.547123028523116e-05
train gamma: g1=0.116 g2=0.138 g3=0.140 g4=0.163
val epoch: 150, loss: 0.3620, miou: 0.7833252841275212, f1_or_dsc: 0.8784996109229253, accuracy: 0.940785549654819, specificity: 0.9605172758633626, sensitivity: 0.8794552907070519
train: epoch 151, iter:0, loss: 0.1207, lr: 5.5000000000000104e-05
train: epoch 151, iter:20, loss: 0.1235, lr: 5.5000000000000104e-05
train gamma: g1=0.117 g2=0.138 g3=0.140 g4=0.163
val epoch: 151, loss: 0.3386
train: epoch 152, iter:0, loss: 0.1332, lr: 5.4528769714769045e-05
train: epoch 152, iter:20, loss: 0.1211, lr: 5.4528769714769045e-05
train gamma: g1=0.117 g2=0.138 g3=0.140 g4=0.164
val epoch: 152, loss: 0.3555
train: epoch 153, iter:0, loss: 0.1164, lr: 5.405759110524905e-05
train: epoch 153, iter:20, loss: 0.1186, lr: 5.405759110524905e-05
train gamma: g1=0.117 g2=0.138 g3=0.140 g4=0.164
val epoch: 153, loss: 0.3425
train: epoch 154, iter:0, loss: 0.1155, lr: 5.3586515841484326e-05
train: epoch 154, iter:20, loss: 0.1187, lr: 5.3586515841484326e-05
train gamma: g1=0.117 g2=0.138 g3=0.140 g4=0.164
val epoch: 154, loss: 0.3480
train: epoch 155, iter:0, loss: 0.1082, lr: 5.311559558218611e-05
train: epoch 155, iter:20, loss: 0.1170, lr: 5.311559558218611e-05
train gamma: g1=0.117 g2=0.138 g3=0.140 g4=0.164
val epoch: 155, loss: 0.3642
train: epoch 156, iter:0, loss: 0.1299, lr: 5.264488196906762e-05
train: epoch 156, iter:20, loss: 0.1194, lr: 5.264488196906762e-05
train gamma: g1=0.117 g2=0.139 g3=0.140 g4=0.164
val epoch: 156, loss: 0.3478
train: epoch 157, iter:0, loss: 0.1325, lr: 5.2174426621181e-05
train: epoch 157, iter:20, loss: 0.1131, lr: 5.2174426621181e-05
train gamma: g1=0.117 g2=0.139 g3=0.140 g4=0.164
val epoch: 157, loss: 0.3687
train: epoch 158, iter:0, loss: 0.1084, lr: 5.170428112925667e-05
train: epoch 158, iter:20, loss: 0.1132, lr: 5.170428112925667e-05
train gamma: g1=0.117 g2=0.139 g3=0.140 g4=0.164
val epoch: 158, loss: 0.3663
train: epoch 159, iter:0, loss: 0.0993, lr: 5.123449705004589e-05
train: epoch 159, iter:20, loss: 0.1140, lr: 5.123449705004589e-05
train gamma: g1=0.117 g2=0.139 g3=0.140 g4=0.164
val epoch: 159, loss: 0.3476
train: epoch 160, iter:0, loss: 0.1200, lr: 5.076512590066694e-05
train: epoch 160, iter:20, loss: 0.1154, lr: 5.076512590066694e-05
train gamma: g1=0.117 g2=0.139 g3=0.140 g4=0.164
val epoch: 160, loss: 0.3830
train: epoch 161, iter:0, loss: 0.0998, lr: 5.0296219152955685e-05
train: epoch 161, iter:20, loss: 0.1128, lr: 5.0296219152955685e-05
train gamma: g1=0.117 g2=0.139 g3=0.140 g4=0.165
val epoch: 161, loss: 0.3668
train: epoch 162, iter:0, loss: 0.1141, lr: 4.982782822782109e-05
train: epoch 162, iter:20, loss: 0.1153, lr: 4.982782822782109e-05
train gamma: g1=0.117 g2=0.139 g3=0.140 g4=0.165
val epoch: 162, loss: 0.3694
train: epoch 163, iter:0, loss: 0.1116, lr: 4.9360004489606395e-05
train: epoch 163, iter:20, loss: 0.1143, lr: 4.9360004489606395e-05
train gamma: g1=0.117 g2=0.139 g3=0.140 g4=0.165
val epoch: 163, loss: 0.3654
train: epoch 164, iter:0, loss: 0.1067, lr: 4.889279924045639e-05
train: epoch 164, iter:20, loss: 0.1093, lr: 4.889279924045639e-05
train gamma: g1=0.117 g2=0.139 g3=0.140 g4=0.165
val epoch: 164, loss: 0.3743
train: epoch 165, iter:0, loss: 0.1062, lr: 4.842626371469157e-05
train: epoch 165, iter:20, loss: 0.1106, lr: 4.842626371469157e-05
train gamma: g1=0.117 g2=0.139 g3=0.140 g4=0.165
val epoch: 165, loss: 0.3741
train: epoch 166, iter:0, loss: 0.0965, lr: 4.79604490731897e-05
train: epoch 166, iter:20, loss: 0.1116, lr: 4.79604490731897e-05
train gamma: g1=0.118 g2=0.139 g3=0.141 g4=0.165
val epoch: 166, loss: 0.3703
train: epoch 167, iter:0, loss: 0.1018, lr: 4.749540639777547e-05
train: epoch 167, iter:20, loss: 0.1101, lr: 4.749540639777547e-05
train gamma: g1=0.118 g2=0.139 g3=0.141 g4=0.165
val epoch: 167, loss: 0.3673
train: epoch 168, iter:0, loss: 0.1169, lr: 4.703118668561883e-05
train: epoch 168, iter:20, loss: 0.1099, lr: 4.703118668561883e-05
train gamma: g1=0.118 g2=0.140 g3=0.141 g4=0.165
val epoch: 168, loss: 0.3702
train: epoch 169, iter:0, loss: 0.1256, lr: 4.656784084364247e-05
train: epoch 169, iter:20, loss: 0.1077, lr: 4.656784084364247e-05
train gamma: g1=0.118 g2=0.140 g3=0.141 g4=0.165
val epoch: 169, loss: 0.3786
train: epoch 170, iter:0, loss: 0.1035, lr: 4.61054196829394e-05
train: epoch 170, iter:20, loss: 0.1083, lr: 4.61054196829394e-05
train gamma: g1=0.118 g2=0.140 g3=0.141 g4=0.165
val epoch: 170, loss: 0.4092
train: epoch 171, iter:0, loss: 0.1080, lr: 4.564397391320091e-05
train: epoch 171, iter:20, loss: 0.1086, lr: 4.564397391320091e-05
train gamma: g1=0.118 g2=0.140 g3=0.141 g4=0.165
val epoch: 171, loss: 0.3935
train: epoch 172, iter:0, loss: 0.0956, lr: 4.518355413715567e-05
train: epoch 172, iter:20, loss: 0.1077, lr: 4.518355413715567e-05
train gamma: g1=0.118 g2=0.140 g3=0.141 g4=0.165
val epoch: 172, loss: 0.3624
train: epoch 173, iter:0, loss: 0.1214, lr: 4.472421084502058e-05
train: epoch 173, iter:20, loss: 0.1064, lr: 4.472421084502058e-05
train gamma: g1=0.118 g2=0.140 g3=0.141 g4=0.166
val epoch: 173, loss: 0.3793
train: epoch 174, iter:0, loss: 0.1107, lr: 4.426599440896395e-05
train: epoch 174, iter:20, loss: 0.1062, lr: 4.426599440896395e-05
train gamma: g1=0.118 g2=0.140 g3=0.141 g4=0.166
val epoch: 174, loss: 0.3761
train: epoch 175, iter:0, loss: 0.0985, lr: 4.380895507758162e-05
train: epoch 175, iter:20, loss: 0.1032, lr: 4.380895507758162e-05
train gamma: g1=0.118 g2=0.140 g3=0.141 g4=0.166
val epoch: 175, loss: 0.3850
train: epoch 176, iter:0, loss: 0.1003, lr: 4.335314297038665e-05
train: epoch 176, iter:20, loss: 0.1043, lr: 4.335314297038665e-05
train gamma: g1=0.118 g2=0.140 g3=0.141 g4=0.166
val epoch: 176, loss: 0.3981
train: epoch 177, iter:0, loss: 0.0786, lr: 4.289860807231313e-05
train: epoch 177, iter:20, loss: 0.1015, lr: 4.289860807231313e-05
train gamma: g1=0.118 g2=0.140 g3=0.141 g4=0.166
val epoch: 177, loss: 0.3809
train: epoch 178, iter:0, loss: 0.0976, lr: 4.2445400228234754e-05
train: epoch 178, iter:20, loss: 0.1069, lr: 4.2445400228234754e-05
train gamma: g1=0.118 g2=0.140 g3=0.141 g4=0.166
val epoch: 178, loss: 0.3877
train: epoch 179, iter:0, loss: 0.0940, lr: 4.1993569137498844e-05
train: epoch 179, iter:20, loss: 0.1040, lr: 4.1993569137498844e-05
train gamma: g1=0.118 g2=0.140 g3=0.141 g4=0.166
val epoch: 179, loss: 0.3748
train: epoch 180, iter:0, loss: 0.0964, lr: 4.154316434847618e-05
train: epoch 180, iter:20, loss: 0.1066, lr: 4.154316434847618e-05
train gamma: g1=0.118 g2=0.140 g3=0.141 g4=0.166
val epoch: 180, loss: 0.3791, miou: 0.7834596623314666, f1_or_dsc: 0.8785841125302176, accuracy: 0.9408387288008586, specificity: 0.9606177164215096, sensitivity: 0.8793615716743844
train: epoch 181, iter:0, loss: 0.1132, lr: 4.109423525312744e-05
train: epoch 181, iter:20, loss: 0.1029, lr: 4.109423525312744e-05
train gamma: g1=0.118 g2=0.141 g3=0.141 g4=0.166
val epoch: 181, loss: 0.3805
train: epoch 182, iter:0, loss: 0.1017, lr: 4.064683108158692e-05
train: epoch 182, iter:20, loss: 0.1021, lr: 4.064683108158692e-05
train gamma: g1=0.118 g2=0.141 g3=0.141 g4=0.167
val epoch: 182, loss: 0.4182
train: epoch 183, iter:0, loss: 0.1080, lr: 4.020100089676382e-05
train: epoch 183, iter:20, loss: 0.1001, lr: 4.020100089676382e-05
train gamma: g1=0.118 g2=0.141 g3=0.141 g4=0.166
val epoch: 183, loss: 0.3922
train: epoch 184, iter:0, loss: 0.1079, lr: 3.975679358896196e-05
train: epoch 184, iter:20, loss: 0.0997, lr: 3.975679358896196e-05
train gamma: g1=0.118 g2=0.141 g3=0.141 g4=0.166
val epoch: 184, loss: 0.3796
train: epoch 185, iter:0, loss: 0.1021, lr: 3.931425787051839e-05
train: epoch 185, iter:20, loss: 0.0990, lr: 3.931425787051839e-05
train gamma: g1=0.118 g2=0.141 g3=0.141 g4=0.167
val epoch: 185, loss: 0.4012
train: epoch 186, iter:0, loss: 0.0995, lr: 3.8873442270461565e-05
train: epoch 186, iter:20, loss: 0.1004, lr: 3.8873442270461565e-05
train gamma: g1=0.118 g2=0.141 g3=0.141 g4=0.167
val epoch: 186, loss: 0.4040
train: epoch 187, iter:0, loss: 0.1018, lr: 3.843439512918957e-05
train: epoch 187, iter:20, loss: 0.1014, lr: 3.843439512918957e-05
train gamma: g1=0.118 g2=0.141 g3=0.141 g4=0.167
val epoch: 187, loss: 0.3980
train: epoch 188, iter:0, loss: 0.0990, lr: 3.7997164593169046e-05
train: epoch 188, iter:20, loss: 0.1002, lr: 3.7997164593169046e-05
train gamma: g1=0.119 g2=0.141 g3=0.141 g4=0.167
val epoch: 188, loss: 0.3994
train: epoch 189, iter:0, loss: 0.0941, lr: 3.756179860965544e-05
train: epoch 189, iter:20, loss: 0.0998, lr: 3.756179860965544e-05
train gamma: g1=0.118 g2=0.141 g3=0.141 g4=0.167
val epoch: 189, loss: 0.4128
train: epoch 190, iter:0, loss: 0.1136, lr: 3.7128344921434934e-05
train: epoch 190, iter:20, loss: 0.1004, lr: 3.7128344921434934e-05
train gamma: g1=0.118 g2=0.141 g3=0.141 g4=0.167
val epoch: 190, loss: 0.3943
train: epoch 191, iter:0, loss: 0.0888, lr: 3.669685106158906e-05
train: epoch 191, iter:20, loss: 0.0985, lr: 3.669685106158906e-05
train gamma: g1=0.118 g2=0.141 g3=0.141 g4=0.167
val epoch: 191, loss: 0.4033
train: epoch 192, iter:0, loss: 0.1002, lr: 3.6267364348282024e-05
train: epoch 192, iter:20, loss: 0.0982, lr: 3.6267364348282024e-05
train gamma: g1=0.119 g2=0.141 g3=0.141 g4=0.167
val epoch: 192, loss: 0.4133
train: epoch 193, iter:0, loss: 0.0880, lr: 3.58399318795718e-05
train: epoch 193, iter:20, loss: 0.0989, lr: 3.58399318795718e-05
train gamma: g1=0.119 g2=0.141 g3=0.141 g4=0.167
val epoch: 193, loss: 0.3966
train: epoch 194, iter:0, loss: 0.0861, lr: 3.541460052824533e-05
train: epoch 194, iter:20, loss: 0.0990, lr: 3.541460052824533e-05
train gamma: g1=0.119 g2=0.141 g3=0.141 g4=0.167
val epoch: 194, loss: 0.4041
train: epoch 195, iter:0, loss: 0.0924, lr: 3.499141693667834e-05
train: epoch 195, iter:20, loss: 0.0977, lr: 3.499141693667834e-05
train gamma: g1=0.119 g2=0.142 g3=0.141 g4=0.167
val epoch: 195, loss: 0.4029
train: epoch 196, iter:0, loss: 0.1106, lr: 3.4570427511720465e-05
train: epoch 196, iter:20, loss: 0.0985, lr: 3.4570427511720465e-05
train gamma: g1=0.119 g2=0.142 g3=0.141 g4=0.167
val epoch: 196, loss: 0.4059
train: epoch 197, iter:0, loss: 0.0966, lr: 3.4151678419606305e-05
train: epoch 197, iter:20, loss: 0.0944, lr: 3.4151678419606305e-05
train gamma: g1=0.119 g2=0.142 g3=0.141 g4=0.167
val epoch: 197, loss: 0.4055
train: epoch 198, iter:0, loss: 0.0826, lr: 3.373521558089265e-05
train: epoch 198, iter:20, loss: 0.0941, lr: 3.373521558089265e-05
train gamma: g1=0.119 g2=0.142 g3=0.141 g4=0.167
val epoch: 198, loss: 0.3992
train: epoch 199, iter:0, loss: 0.0871, lr: 3.332108466542288e-05
train: epoch 199, iter:20, loss: 0.0936, lr: 3.332108466542288e-05
train gamma: g1=0.119 g2=0.142 g3=0.141 g4=0.167
val epoch: 199, loss: 0.3822
train: epoch 200, iter:0, loss: 0.0883, lr: 3.290933108731874e-05
train: epoch 200, iter:20, loss: 0.0943, lr: 3.290933108731874e-05
train gamma: g1=0.119 g2=0.142 g3=0.141 g4=0.167
val epoch: 200, loss: 0.4207
train: epoch 201, iter:0, loss: 0.1021, lr: 3.2500000000000065e-05
train: epoch 201, iter:20, loss: 0.0926, lr: 3.2500000000000065e-05
train gamma: g1=0.119 g2=0.142 g3=0.141 g4=0.167
val epoch: 201, loss: 0.4092
train: epoch 202, iter:0, loss: 0.0898, lr: 3.2093136291233364e-05
train: epoch 202, iter:20, loss: 0.0953, lr: 3.2093136291233364e-05
train gamma: g1=0.119 g2=0.142 g3=0.141 g4=0.167
val epoch: 202, loss: 0.4014
train: epoch 203, iter:0, loss: 0.0947, lr: 3.1688784578209223e-05
train: epoch 203, iter:20, loss: 0.0952, lr: 3.1688784578209223e-05
train gamma: g1=0.119 g2=0.142 g3=0.141 g4=0.167
val epoch: 203, loss: 0.4112
train: epoch 204, iter:0, loss: 0.0939, lr: 3.128698920264959e-05
train: epoch 204, iter:20, loss: 0.0937, lr: 3.128698920264959e-05
train gamma: g1=0.119 g2=0.142 g3=0.141 g4=0.167
val epoch: 204, loss: 0.3982
train: epoch 205, iter:0, loss: 0.0801, lr: 3.088779422594524e-05
train: epoch 205, iter:20, loss: 0.0906, lr: 3.088779422594524e-05
train gamma: g1=0.119 g2=0.142 g3=0.141 g4=0.167
val epoch: 205, loss: 0.4128
train: epoch 206, iter:0, loss: 0.0931, lr: 3.0491243424323874e-05
train: epoch 206, iter:20, loss: 0.0928, lr: 3.0491243424323874e-05
train gamma: g1=0.119 g2=0.142 g3=0.141 g4=0.167
val epoch: 206, loss: 0.4000
train: epoch 207, iter:0, loss: 0.0955, lr: 3.0097380284049598e-05
train: epoch 207, iter:20, loss: 0.0928, lr: 3.0097380284049598e-05
train gamma: g1=0.119 g2=0.142 g3=0.141 g4=0.167
val epoch: 207, loss: 0.3926
train: epoch 208, iter:0, loss: 0.0852, lr: 2.9706247996654208e-05
train: epoch 208, iter:20, loss: 0.0930, lr: 2.9706247996654208e-05
train gamma: g1=0.119 g2=0.142 g3=0.141 g4=0.167
val epoch: 208, loss: 0.4122
train: epoch 209, iter:0, loss: 0.0826, lr: 2.931788945420065e-05
train: epoch 209, iter:20, loss: 0.0914, lr: 2.931788945420065e-05
train gamma: g1=0.119 g2=0.142 g3=0.141 g4=0.167
val epoch: 209, loss: 0.4137
train: epoch 210, iter:0, loss: 0.0855, lr: 2.893234724457952e-05
train: epoch 210, iter:20, loss: 0.0915, lr: 2.893234724457952e-05
train gamma: g1=0.119 g2=0.142 g3=0.141 g4=0.167
val epoch: 210, loss: 0.4280, miou: 0.7759915341339676, f1_or_dsc: 0.8738685058117316, accuracy: 0.9395173705450379, specificity: 0.9648601818258651, sensitivity: 0.8607467063927785
train: epoch 211, iter:0, loss: 0.0815, lr: 2.8549663646838785e-05
train: epoch 211, iter:20, loss: 0.0882, lr: 2.8549663646838785e-05
train gamma: g1=0.119 g2=0.142 g3=0.141 g4=0.167
val epoch: 211, loss: 0.4037
train: epoch 212, iter:0, loss: 0.0956, lr: 2.8169880626547352e-05
train: epoch 212, iter:20, loss: 0.0911, lr: 2.8169880626547352e-05
train gamma: g1=0.119 g2=0.142 g3=0.141 g4=0.167
val epoch: 212, loss: 0.3894
train: epoch 213, iter:0, loss: 0.0882, lr: 2.7793039831193204e-05
train: epoch 213, iter:20, loss: 0.0903, lr: 2.7793039831193204e-05
train gamma: g1=0.120 g2=0.142 g3=0.141 g4=0.167
val epoch: 213, loss: 0.4060
train: epoch 214, iter:0, loss: 0.0865, lr: 2.7419182585616138e-05
train: epoch 214, iter:20, loss: 0.0892, lr: 2.7419182585616138e-05
train gamma: g1=0.120 g2=0.142 g3=0.141 g4=0.167
val epoch: 214, loss: 0.4050
train: epoch 215, iter:0, loss: 0.1081, lr: 2.7048349887476105e-05
train: epoch 215, iter:20, loss: 0.0929, lr: 2.7048349887476105e-05
train gamma: g1=0.120 g2=0.142 g3=0.141 g4=0.167
val epoch: 215, loss: 0.4430
train: epoch 216, iter:0, loss: 0.0888, lr: 2.668058240275739e-05
train: epoch 216, iter:20, loss: 0.0895, lr: 2.668058240275739e-05
train gamma: g1=0.120 g2=0.142 g3=0.141 g4=0.167
val epoch: 216, loss: 0.4082
train: epoch 217, iter:0, loss: 0.0822, lr: 2.631592046130903e-05
train: epoch 217, iter:20, loss: 0.0883, lr: 2.631592046130903e-05
train gamma: g1=0.120 g2=0.142 g3=0.141 g4=0.167
val epoch: 217, loss: 0.3918
train: epoch 218, iter:0, loss: 0.0923, lr: 2.59544040524223e-05
train: epoch 218, iter:20, loss: 0.0875, lr: 2.59544040524223e-05
train gamma: g1=0.120 g2=0.142 g3=0.141 g4=0.167
val epoch: 218, loss: 0.3894
train: epoch 219, iter:0, loss: 0.0889, lr: 2.5596072820445336e-05
train: epoch 219, iter:20, loss: 0.0893, lr: 2.5596072820445336e-05
train gamma: g1=0.120 g2=0.142 g3=0.141 g4=0.168
val epoch: 219, loss: 0.4005
train: epoch 220, iter:0, loss: 0.0843, lr: 2.5240966060435724e-05
train: epoch 220, iter:20, loss: 0.0884, lr: 2.5240966060435724e-05
train gamma: g1=0.120 g2=0.142 g3=0.141 g4=0.168
val epoch: 220, loss: 0.4127
train: epoch 221, iter:0, loss: 0.0902, lr: 2.4889122713851445e-05
train: epoch 221, iter:20, loss: 0.0896, lr: 2.4889122713851445e-05
train gamma: g1=0.120 g2=0.142 g3=0.141 g4=0.168
val epoch: 221, loss: 0.4251
train: epoch 222, iter:0, loss: 0.0940, lr: 2.4540581364280337e-05
train: epoch 222, iter:20, loss: 0.0874, lr: 2.4540581364280337e-05
train gamma: g1=0.120 g2=0.142 g3=0.141 g4=0.168
val epoch: 222, loss: 0.4155
train: epoch 223, iter:0, loss: 0.0909, lr: 2.419538023320907e-05
train: epoch 223, iter:20, loss: 0.0865, lr: 2.419538023320907e-05
train gamma: g1=0.120 g2=0.142 g3=0.141 g4=0.168
val epoch: 223, loss: 0.4299
train: epoch 224, iter:0, loss: 0.0939, lr: 2.3853557175831762e-05
train: epoch 224, iter:20, loss: 0.0882, lr: 2.3853557175831762e-05
train gamma: g1=0.120 g2=0.142 g3=0.141 g4=0.168
val epoch: 224, loss: 0.4115
train: epoch 225, iter:0, loss: 0.0740, lr: 2.351514967689861e-05
train: epoch 225, iter:20, loss: 0.0863, lr: 2.351514967689861e-05
train gamma: g1=0.120 g2=0.142 g3=0.141 g4=0.168
val epoch: 225, loss: 0.4223
train: epoch 226, iter:0, loss: 0.0882, lr: 2.318019484660542e-05
train: epoch 226, iter:20, loss: 0.0861, lr: 2.318019484660542e-05
train gamma: g1=0.120 g2=0.143 g3=0.141 g4=0.168
val epoch: 226, loss: 0.4138
train: epoch 227, iter:0, loss: 0.0899, lr: 2.2848729416523915e-05
train: epoch 227, iter:20, loss: 0.0868, lr: 2.2848729416523915e-05
train gamma: g1=0.120 g2=0.142 g3=0.141 g4=0.168
val epoch: 227, loss: 0.4294
train: epoch 228, iter:0, loss: 0.1029, lr: 2.2520789735573758e-05
train: epoch 228, iter:20, loss: 0.0872, lr: 2.2520789735573758e-05
train gamma: g1=0.120 g2=0.143 g3=0.141 g4=0.168
val epoch: 228, loss: 0.4063
train: epoch 229, iter:0, loss: 0.0881, lr: 2.2196411766036546e-05
train: epoch 229, iter:20, loss: 0.0868, lr: 2.2196411766036546e-05
train gamma: g1=0.120 g2=0.143 g3=0.141 g4=0.168
val epoch: 229, loss: 0.4288
train: epoch 230, iter:0, loss: 0.0958, lr: 2.1875631079612026e-05
train: epoch 230, iter:20, loss: 0.0840, lr: 2.1875631079612026e-05
train gamma: g1=0.120 g2=0.143 g3=0.141 g4=0.168
val epoch: 230, loss: 0.4119
train: epoch 231, iter:0, loss: 0.0898, lr: 2.1558482853517307e-05
train: epoch 231, iter:20, loss: 0.0858, lr: 2.1558482853517307e-05
train gamma: g1=0.120 g2=0.143 g3=0.141 g4=0.168
val epoch: 231, loss: 0.4001
train: epoch 232, iter:0, loss: 0.0824, lr: 2.124500186662937e-05
train: epoch 232, iter:20, loss: 0.0841, lr: 2.124500186662937e-05
train gamma: g1=0.120 g2=0.143 g3=0.141 g4=0.168
val epoch: 232, loss: 0.4102
train: epoch 233, iter:0, loss: 0.0941, lr: 2.093522249567102e-05
train: epoch 233, iter:20, loss: 0.0849, lr: 2.093522249567102e-05
train gamma: g1=0.120 g2=0.143 g3=0.141 g4=0.168
val epoch: 233, loss: 0.4084
train: epoch 234, iter:0, loss: 0.0820, lr: 2.062917871144115e-05
train: epoch 234, iter:20, loss: 0.0854, lr: 2.062917871144115e-05
train gamma: g1=0.120 g2=0.143 g3=0.141 g4=0.168
val epoch: 234, loss: 0.4173
train: epoch 235, iter:0, loss: 0.0757, lr: 2.0326904075089536e-05
train: epoch 235, iter:20, loss: 0.0844, lr: 2.0326904075089536e-05
train gamma: g1=0.120 g2=0.143 g3=0.141 g4=0.168
val epoch: 235, loss: 0.4119
train: epoch 236, iter:0, loss: 0.0812, lr: 2.0028431734436354e-05
train: epoch 236, iter:20, loss: 0.0835, lr: 2.0028431734436354e-05
train gamma: g1=0.120 g2=0.143 g3=0.141 g4=0.168
val epoch: 236, loss: 0.4224
train: epoch 237, iter:0, loss: 0.0858, lr: 1.9733794420337255e-05
train: epoch 237, iter:20, loss: 0.0849, lr: 1.9733794420337255e-05
train gamma: g1=0.120 g2=0.143 g3=0.141 g4=0.168
val epoch: 237, loss: 0.4305
train: epoch 238, iter:0, loss: 0.0811, lr: 1.9443024443093982e-05
train: epoch 238, iter:20, loss: 0.0843, lr: 1.9443024443093982e-05
train gamma: g1=0.120 g2=0.143 g3=0.141 g4=0.168
val epoch: 238, loss: 0.4115
train: epoch 239, iter:0, loss: 0.0835, lr: 1.9156153688911208e-05
train: epoch 239, iter:20, loss: 0.0832, lr: 1.9156153688911208e-05
train gamma: g1=0.120 g2=0.143 g3=0.141 g4=0.168
val epoch: 239, loss: 0.4078
train: epoch 240, iter:0, loss: 0.0926, lr: 1.8873213616399892e-05
train: epoch 240, iter:20, loss: 0.0836, lr: 1.8873213616399892e-05
train gamma: g1=0.120 g2=0.143 g3=0.141 g4=0.168
val epoch: 240, loss: 0.4112, miou: 0.7838005971121116, f1_or_dsc: 0.8787984468455134, accuracy: 0.9412604228104695, specificity: 0.9626262779806766, sensitivity: 0.8748509553173565
train: epoch 241, iter:0, loss: 0.0903, lr: 1.859423525312741e-05
train: epoch 241, iter:20, loss: 0.0845, lr: 1.859423525312741e-05
train gamma: g1=0.120 g2=0.143 g3=0.141 g4=0.168
val epoch: 241, loss: 0.4206
train: epoch 242, iter:0, loss: 0.0929, lr: 1.8319249192215093e-05
train: epoch 242, iter:20, loss: 0.0828, lr: 1.8319249192215093e-05
train gamma: g1=0.120 g2=0.143 g3=0.141 g4=0.168
val epoch: 242, loss: 0.4183
train: epoch 243, iter:0, loss: 0.0869, lr: 1.8048285588983354e-05
train: epoch 243, iter:20, loss: 0.0818, lr: 1.8048285588983354e-05
train gamma: g1=0.120 g2=0.143 g3=0.141 g4=0.168
val epoch: 243, loss: 0.4093
train: epoch 244, iter:0, loss: 0.0908, lr: 1.7781374157644745e-05
train: epoch 244, iter:20, loss: 0.0814, lr: 1.7781374157644745e-05
train gamma: g1=0.120 g2=0.143 g3=0.141 g4=0.168
val epoch: 244, loss: 0.4165
train: epoch 245, iter:0, loss: 0.0879, lr: 1.7518544168045555e-05
train: epoch 245, iter:20, loss: 0.0825, lr: 1.7518544168045555e-05
train gamma: g1=0.120 g2=0.143 g3=0.141 g4=0.168
val epoch: 245, loss: 0.4190
train: epoch 246, iter:0, loss: 0.0805, lr: 1.7259824442455953e-05
train: epoch 246, iter:20, loss: 0.0826, lr: 1.7259824442455953e-05
train gamma: g1=0.120 g2=0.143 g3=0.141 g4=0.168
val epoch: 246, loss: 0.4107
train: epoch 247, iter:0, loss: 0.0783, lr: 1.700524335240935e-05
train: epoch 247, iter:20, loss: 0.0802, lr: 1.700524335240935e-05
train gamma: g1=0.120 g2=0.143 g3=0.141 g4=0.168
val epoch: 247, loss: 0.4278
train: epoch 248, iter:0, loss: 0.0809, lr: 1.675482881559116e-05
train: epoch 248, iter:20, loss: 0.0818, lr: 1.675482881559116e-05
train gamma: g1=0.120 g2=0.143 g3=0.141 g4=0.168
val epoch: 248, loss: 0.4206
train: epoch 249, iter:0, loss: 0.0858, lr: 1.650860829277723e-05
train: epoch 249, iter:20, loss: 0.0810, lr: 1.650860829277723e-05
train gamma: g1=0.120 g2=0.143 g3=0.141 g4=0.168
val epoch: 249, loss: 0.4316
train: epoch 250, iter:0, loss: 0.0916, lr: 1.6266608784822568e-05
train: epoch 250, iter:20, loss: 0.0811, lr: 1.6266608784822568e-05
train gamma: g1=0.120 g2=0.143 g3=0.141 g4=0.168
val epoch: 250, loss: 0.4192
train: epoch 251, iter:0, loss: 0.0828, lr: 1.6028856829700293e-05
train: epoch 251, iter:20, loss: 0.0810, lr: 1.6028856829700293e-05
train gamma: g1=0.120 g2=0.143 g3=0.141 g4=0.168
val epoch: 251, loss: 0.4190
train: epoch 252, iter:0, loss: 0.0702, lr: 1.5795378499591492e-05
train: epoch 252, iter:20, loss: 0.0809, lr: 1.5795378499591492e-05
train gamma: g1=0.120 g2=0.143 g3=0.141 g4=0.168
val epoch: 252, loss: 0.4243
train: epoch 253, iter:0, loss: 0.0779, lr: 1.556619939802616e-05
train: epoch 253, iter:20, loss: 0.0810, lr: 1.556619939802616e-05
train gamma: g1=0.120 g2=0.143 g3=0.141 g4=0.168
val epoch: 253, loss: 0.4279
train: epoch 254, iter:0, loss: 0.0796, lr: 1.5341344657075372e-05
train: epoch 254, iter:20, loss: 0.0819, lr: 1.5341344657075372e-05
train gamma: g1=0.120 g2=0.143 g3=0.141 g4=0.167
val epoch: 254, loss: 0.4237
train: epoch 255, iter:0, loss: 0.0779, lr: 1.5120838934595356e-05
train: epoch 255, iter:20, loss: 0.0803, lr: 1.5120838934595356e-05
train gamma: g1=0.120 g2=0.143 g3=0.141 g4=0.168
val epoch: 255, loss: 0.4238
train: epoch 256, iter:0, loss: 0.0824, lr: 1.4904706411523467e-05
train: epoch 256, iter:20, loss: 0.0785, lr: 1.4904706411523467e-05
train gamma: g1=0.120 g2=0.143 g3=0.141 g4=0.167
val epoch: 256, loss: 0.4203
train: epoch 257, iter:0, loss: 0.0902, lr: 1.4692970789226446e-05
train: epoch 257, iter:20, loss: 0.0802, lr: 1.4692970789226446e-05
train gamma: g1=0.120 g2=0.143 g3=0.141 g4=0.168
val epoch: 257, loss: 0.4173
train: epoch 258, iter:0, loss: 0.0810, lr: 1.4485655286901307e-05
train: epoch 258, iter:20, loss: 0.0794, lr: 1.4485655286901307e-05
train gamma: g1=0.120 g2=0.143 g3=0.141 g4=0.167
val epoch: 258, loss: 0.4200
train: epoch 259, iter:0, loss: 0.0762, lr: 1.4282782639029144e-05
train: epoch 259, iter:20, loss: 0.0797, lr: 1.4282782639029144e-05
train gamma: g1=0.120 g2=0.143 g3=0.141 g4=0.167
val epoch: 259, loss: 0.4203
train: epoch 260, iter:0, loss: 0.0799, lr: 1.4084375092881932e-05
train: epoch 260, iter:20, loss: 0.0795, lr: 1.4084375092881932e-05
train gamma: g1=0.120 g2=0.143 g3=0.141 g4=0.167
val epoch: 260, loss: 0.4243
train: epoch 261, iter:0, loss: 0.0762, lr: 1.389045440608298e-05
train: epoch 261, iter:20, loss: 0.0777, lr: 1.389045440608298e-05
train gamma: g1=0.120 g2=0.143 g3=0.141 g4=0.167
val epoch: 261, loss: 0.4157
train: epoch 262, iter:0, loss: 0.0804, lr: 1.3701041844220871e-05
train: epoch 262, iter:20, loss: 0.0783, lr: 1.3701041844220871e-05
train gamma: g1=0.120 g2=0.143 g3=0.141 g4=0.167
val epoch: 262, loss: 0.4260
train: epoch 263, iter:0, loss: 0.0751, lr: 1.3516158178517484e-05
train: epoch 263, iter:20, loss: 0.0798, lr: 1.3516158178517484e-05
train gamma: g1=0.120 g2=0.143 g3=0.141 g4=0.167
val epoch: 263, loss: 0.4237
train: epoch 264, iter:0, loss: 0.0707, lr: 1.3335823683550249e-05
train: epoch 264, iter:20, loss: 0.0795, lr: 1.3335823683550249e-05
train gamma: g1=0.120 g2=0.143 g3=0.141 g4=0.167
val epoch: 264, loss: 0.4249
train: epoch 265, iter:0, loss: 0.0867, lr: 1.31600581350287e-05
train: epoch 265, iter:20, loss: 0.0797, lr: 1.31600581350287e-05
train gamma: g1=0.120 g2=0.143 g3=0.141 g4=0.167
val epoch: 265, loss: 0.4236
train: epoch 266, iter:0, loss: 0.0841, lr: 1.2988880807625931e-05
train: epoch 266, iter:20, loss: 0.0791, lr: 1.2988880807625931e-05
train gamma: g1=0.120 g2=0.143 g3=0.141 g4=0.167
val epoch: 266, loss: 0.4299
train: epoch 267, iter:0, loss: 0.0861, lr: 1.2822310472864893e-05
train: epoch 267, iter:20, loss: 0.0798, lr: 1.2822310472864893e-05
train gamma: g1=0.120 g2=0.143 g3=0.141 g4=0.167
val epoch: 267, loss: 0.4196
train: epoch 268, iter:0, loss: 0.0788, lr: 1.2660365397059863e-05
train: epoch 268, iter:20, loss: 0.0789, lr: 1.2660365397059863e-05
train gamma: g1=0.120 g2=0.143 g3=0.141 g4=0.167
val epoch: 268, loss: 0.4284
train: epoch 269, iter:0, loss: 0.0823, lr: 1.2503063339313363e-05
train: epoch 269, iter:20, loss: 0.0781, lr: 1.2503063339313363e-05
train gamma: g1=0.120 g2=0.143 g3=0.141 g4=0.167
val epoch: 269, loss: 0.4263
train: epoch 270, iter:0, loss: 0.0818, lr: 1.2350421549568658e-05
train: epoch 270, iter:20, loss: 0.0793, lr: 1.2350421549568658e-05
train gamma: g1=0.120 g2=0.143 g3=0.141 g4=0.167
val epoch: 270, loss: 0.4260, miou: 0.7815048189977809, f1_or_dsc: 0.8773535840755471, accuracy: 0.9402004279712639, specificity: 0.9599872921727227, sensitivity: 0.8786987888133921
train: epoch 271, iter:0, loss: 0.0743, lr: 1.2202456766718098e-05
train: epoch 271, iter:20, loss: 0.0795, lr: 1.2202456766718098e-05
train gamma: g1=0.120 g2=0.143 g3=0.141 g4=0.167
val epoch: 271, loss: 0.4216
train: epoch 272, iter:0, loss: 0.0773, lr: 1.205918521676755e-05
train: epoch 272, iter:20, loss: 0.0784, lr: 1.205918521676755e-05
train gamma: g1=0.120 g2=0.143 g3=0.141 g4=0.167
val epoch: 272, loss: 0.4179
train: epoch 273, iter:0, loss: 0.0821, lr: 1.192062261105698e-05
train: epoch 273, iter:20, loss: 0.0775, lr: 1.192062261105698e-05
train gamma: g1=0.120 g2=0.143 g3=0.141 g4=0.167
val epoch: 273, loss: 0.4237
train: epoch 274, iter:0, loss: 0.0762, lr: 1.1786784144537568e-05
train: epoch 274, iter:20, loss: 0.0784, lr: 1.1786784144537568e-05
train gamma: g1=0.120 g2=0.143 g3=0.141 g4=0.167
val epoch: 274, loss: 0.4199
train: epoch 275, iter:0, loss: 0.0683, lr: 1.165768449410539e-05
train: epoch 275, iter:20, loss: 0.0780, lr: 1.165768449410539e-05
train gamma: g1=0.120 g2=0.143 g3=0.141 g4=0.167
val epoch: 275, loss: 0.4282
train: epoch 276, iter:0, loss: 0.0679, lr: 1.153333781699193e-05
train: epoch 276, iter:20, loss: 0.0768, lr: 1.153333781699193e-05
train gamma: g1=0.120 g2=0.143 g3=0.141 g4=0.167
val epoch: 276, loss: 0.4258
train: epoch 277, iter:0, loss: 0.0828, lr: 1.1413757749211606e-05
train: epoch 277, iter:20, loss: 0.0774, lr: 1.1413757749211606e-05
train gamma: g1=0.120 g2=0.143 g3=0.141 g4=0.167
val epoch: 277, loss: 0.4275
train: epoch 278, iter:0, loss: 0.0773, lr: 1.1298957404066385e-05
train: epoch 278, iter:20, loss: 0.0758, lr: 1.1298957404066385e-05
train gamma: g1=0.120 g2=0.143 g3=0.141 g4=0.167
val epoch: 278, loss: 0.4166
train: epoch 279, iter:0, loss: 0.0710, lr: 1.118894937070779e-05
train: epoch 279, iter:20, loss: 0.0775, lr: 1.118894937070779e-05
train gamma: g1=0.120 g2=0.143 g3=0.141 g4=0.167
val epoch: 279, loss: 0.4327
train: epoch 280, iter:0, loss: 0.0752, lr: 1.1083745712756373e-05
train: epoch 280, iter:20, loss: 0.0768, lr: 1.1083745712756373e-05
train gamma: g1=0.120 g2=0.143 g3=0.141 g4=0.167
val epoch: 280, loss: 0.4231
train: epoch 281, iter:0, loss: 0.0641, lr: 1.0983357966978752e-05
train: epoch 281, iter:20, loss: 0.0782, lr: 1.0983357966978752e-05
train gamma: g1=0.120 g2=0.143 g3=0.141 g4=0.167
val epoch: 281, loss: 0.4245
train: epoch 282, iter:0, loss: 0.0856, lr: 1.0887797142022524e-05
train: epoch 282, iter:20, loss: 0.0787, lr: 1.0887797142022524e-05
train gamma: g1=0.120 g2=0.143 g3=0.141 g4=0.167
val epoch: 282, loss: 0.4293
train: epoch 283, iter:0, loss: 0.0785, lr: 1.0797073717209015e-05
train: epoch 283, iter:20, loss: 0.0782, lr: 1.0797073717209015e-05
train gamma: g1=0.120 g2=0.143 g3=0.141 g4=0.167
val epoch: 283, loss: 0.4302
train: epoch 284, iter:0, loss: 0.0850, lr: 1.0711197641384117e-05
train: epoch 284, iter:20, loss: 0.0783, lr: 1.0711197641384117e-05
train gamma: g1=0.120 g2=0.143 g3=0.141 g4=0.167
val epoch: 284, loss: 0.4281
train: epoch 285, iter:0, loss: 0.0772, lr: 1.0630178331827276e-05
train: epoch 285, iter:20, loss: 0.0770, lr: 1.0630178331827276e-05
train gamma: g1=0.120 g2=0.143 g3=0.141 g4=0.167
val epoch: 285, loss: 0.4258
train: epoch 286, iter:0, loss: 0.0925, lr: 1.0554024673218807e-05
train: epoch 286, iter:20, loss: 0.0765, lr: 1.0554024673218807e-05
train gamma: g1=0.120 g2=0.143 g3=0.141 g4=0.167
val epoch: 286, loss: 0.4282
train: epoch 287, iter:0, loss: 0.0729, lr: 1.0482745016665526e-05
train: epoch 287, iter:20, loss: 0.0774, lr: 1.0482745016665526e-05
train gamma: g1=0.120 g2=0.143 g3=0.141 g4=0.167
val epoch: 287, loss: 0.4234
train: epoch 288, iter:0, loss: 0.0691, lr: 1.0416347178785039e-05
train: epoch 288, iter:20, loss: 0.0750, lr: 1.0416347178785039e-05
train gamma: g1=0.120 g2=0.143 g3=0.141 g4=0.167
val epoch: 288, loss: 0.4223
train: epoch 289, iter:0, loss: 0.0714, lr: 1.0354838440848501e-05
train: epoch 289, iter:20, loss: 0.0771, lr: 1.0354838440848501e-05
train gamma: g1=0.120 g2=0.143 g3=0.141 g4=0.167
val epoch: 289, loss: 0.4256
train: epoch 290, iter:0, loss: 0.0760, lr: 1.029822554798216e-05
train: epoch 290, iter:20, loss: 0.0760, lr: 1.029822554798216e-05
train gamma: g1=0.120 g2=0.143 g3=0.141 g4=0.167
val epoch: 290, loss: 0.4243
train: epoch 291, iter:0, loss: 0.0708, lr: 1.0246514708427702e-05
train: epoch 291, iter:20, loss: 0.0757, lr: 1.0246514708427702e-05
train gamma: g1=0.120 g2=0.143 g3=0.141 g4=0.167
val epoch: 291, loss: 0.4217
train: epoch 292, iter:0, loss: 0.0773, lr: 1.01997115928614e-05
train: epoch 292, iter:20, loss: 0.0767, lr: 1.01997115928614e-05
train gamma: g1=0.120 g2=0.143 g3=0.141 g4=0.167
val epoch: 292, loss: 0.4288
train: epoch 293, iter:0, loss: 0.0721, lr: 1.0157821333772303e-05
train: epoch 293, iter:20, loss: 0.0773, lr: 1.0157821333772303e-05
train gamma: g1=0.120 g2=0.143 g3=0.141 g4=0.167
val epoch: 293, loss: 0.4334
train: epoch 294, iter:0, loss: 0.0833, lr: 1.0120848524899386e-05
train: epoch 294, iter:20, loss: 0.0760, lr: 1.0120848524899386e-05
train gamma: g1=0.120 g2=0.143 g3=0.141 g4=0.167
val epoch: 294, loss: 0.4295
train: epoch 295, iter:0, loss: 0.0845, lr: 1.0088797220727781e-05
train: epoch 295, iter:20, loss: 0.0769, lr: 1.0088797220727781e-05
train gamma: g1=0.120 g2=0.143 g3=0.141 g4=0.167
val epoch: 295, loss: 0.4272
train: epoch 296, iter:0, loss: 0.0717, lr: 1.0061670936044179e-05
train: epoch 296, iter:20, loss: 0.0769, lr: 1.0061670936044179e-05
train gamma: g1=0.120 g2=0.143 g3=0.141 g4=0.167
val epoch: 296, loss: 0.4301
train: epoch 297, iter:0, loss: 0.0739, lr: 1.0039472645551374e-05
train: epoch 297, iter:20, loss: 0.0769, lr: 1.0039472645551374e-05
train gamma: g1=0.120 g2=0.143 g3=0.141 g4=0.167
val epoch: 297, loss: 0.4289
train: epoch 298, iter:0, loss: 0.0795, lr: 1.002220478354208e-05
train: epoch 298, iter:20, loss: 0.0762, lr: 1.002220478354208e-05
train gamma: g1=0.120 g2=0.143 g3=0.141 g4=0.167
val epoch: 298, loss: 0.4312
train: epoch 299, iter:0, loss: 0.0758, lr: 1.0009869243631953e-05
train: epoch 299, iter:20, loss: 0.0762, lr: 1.0009869243631953e-05
train gamma: g1=0.120 g2=0.143 g3=0.141 g4=0.167
val epoch: 299, loss: 0.4277
train: epoch 300, iter:0, loss: 0.0860, lr: 1.0002467378551954e-05
train: epoch 300, iter:20, loss: 0.0756, lr: 1.0002467378551954e-05
train gamma: g1=0.120 g2=0.143 g3=0.141 g4=0.167
val epoch: 300, loss: 0.4311, miou: 0.7808872774847442, f1_or_dsc: 0.8769642945483208, accuracy: 0.940211022254264, specificity: 0.9610707223086392, sensitivity: 0.8753747888509418
#----------Testing----------#
test of best model, best_val_loss: 0.2996, miou: 0.7979448592496727, f1_or_dsc: 0.8876188334081336, accuracy: 0.9449713489796856, specificity: 0.9617631231741952, sensitivity: 0.8927790649059384, confusion_matrix: [[38531594  1531903]
 [ 1382034 11507557]]
=== PTU TRAINING COMPLETE ===
