/root/miniconda3/lib/python3.10/site-packages/timm/models/layers/__init__.py:49: FutureWarning: Importing from timm.models.layers is deprecated, please import via timm.layers
  warnings.warn(f"Importing from {__name__} is deprecated, please import via timm.layers", FutureWarning)
[diff-lr] transformer main: 14,185,281 lr=0.0001; CNN aux: 1,338,980 lr=0.001
train: epoch 1, iter:0, loss: 7.1885, lr: 0.0001
train: epoch 1, iter:20, loss: 1.7423, lr: 0.0001
train gamma: g1=0.101 g2=0.102 g3=0.102 g4=0.101
val epoch: 1, loss: 0.7923
train: epoch 2, iter:0, loss: 0.8838, lr: 9.999753262144806e-05
train: epoch 2, iter:20, loss: 0.7055, lr: 9.999753262144806e-05
train gamma: g1=0.101 g2=0.104 g3=0.104 g4=0.103
val epoch: 2, loss: 0.5687
train: epoch 3, iter:0, loss: 0.5672, lr: 9.999013075636806e-05
train: epoch 3, iter:20, loss: 0.6336, lr: 9.999013075636806e-05
train gamma: g1=0.101 g2=0.105 g3=0.105 g4=0.104
val epoch: 3, loss: 0.7445
train: epoch 4, iter:0, loss: 0.6979, lr: 9.997779521645793e-05
train: epoch 4, iter:20, loss: 0.4952, lr: 9.997779521645793e-05
train gamma: g1=0.101 g2=0.106 g3=0.105 g4=0.105
val epoch: 4, loss: 0.5145
train: epoch 5, iter:0, loss: 0.4583, lr: 9.996052735444864e-05
train: epoch 5, iter:20, loss: 0.4755, lr: 9.996052735444864e-05
train gamma: g1=0.101 g2=0.107 g3=0.106 g4=0.106
val epoch: 5, loss: 0.4393
train: epoch 6, iter:0, loss: 0.4079, lr: 9.993832906395583e-05
train: epoch 6, iter:20, loss: 0.4312, lr: 9.993832906395583e-05
train gamma: g1=0.101 g2=0.107 g3=0.106 g4=0.106
val epoch: 6, loss: 0.4217
train: epoch 7, iter:0, loss: 0.3967, lr: 9.991120277927223e-05
train: epoch 7, iter:20, loss: 0.4510, lr: 9.991120277927223e-05
train gamma: g1=0.101 g2=0.108 g3=0.107 g4=0.107
val epoch: 7, loss: 0.5217
train: epoch 8, iter:0, loss: 0.3871, lr: 9.987915147510061e-05
train: epoch 8, iter:20, loss: 0.3887, lr: 9.987915147510061e-05
train gamma: g1=0.101 g2=0.108 g3=0.108 g4=0.108
val epoch: 8, loss: 0.4479
train: epoch 9, iter:0, loss: 0.3225, lr: 9.98421786662277e-05
train: epoch 9, iter:20, loss: 0.3787, lr: 9.98421786662277e-05
train gamma: g1=0.101 g2=0.108 g3=0.108 g4=0.110
val epoch: 9, loss: 0.4058
train: epoch 10, iter:0, loss: 0.3927, lr: 9.98002884071386e-05
train: epoch 10, iter:20, loss: 0.3905, lr: 9.98002884071386e-05
train gamma: g1=0.101 g2=0.108 g3=0.109 g4=0.111
val epoch: 10, loss: 0.5101
train: epoch 11, iter:0, loss: 0.4660, lr: 9.97534852915723e-05
train: epoch 11, iter:20, loss: 0.3922, lr: 9.97534852915723e-05
train gamma: g1=0.101 g2=0.109 g3=0.110 g4=0.111
val epoch: 11, loss: 0.3795
train: epoch 12, iter:0, loss: 0.3078, lr: 9.970177445201784e-05
train: epoch 12, iter:20, loss: 0.3358, lr: 9.970177445201784e-05
train gamma: g1=0.101 g2=0.109 g3=0.110 g4=0.112
val epoch: 12, loss: 0.3870
train: epoch 13, iter:0, loss: 0.3827, lr: 9.964516155915151e-05
train: epoch 13, iter:20, loss: 0.3702, lr: 9.964516155915151e-05
train gamma: g1=0.102 g2=0.109 g3=0.111 g4=0.113
val epoch: 13, loss: 0.4182
train: epoch 14, iter:0, loss: 0.3303, lr: 9.958365282121496e-05
train: epoch 14, iter:20, loss: 0.3437, lr: 9.958365282121496e-05
train gamma: g1=0.102 g2=0.109 g3=0.111 g4=0.114
val epoch: 14, loss: 0.4116
train: epoch 15, iter:0, loss: 0.3611, lr: 9.951725498333447e-05
train: epoch 15, iter:20, loss: 0.3297, lr: 9.951725498333447e-05
train gamma: g1=0.102 g2=0.109 g3=0.112 g4=0.115
val epoch: 15, loss: 0.3547
train: epoch 16, iter:0, loss: 0.2879, lr: 9.944597532678119e-05
train: epoch 16, iter:20, loss: 0.3097, lr: 9.944597532678119e-05
train gamma: g1=0.102 g2=0.110 g3=0.112 g4=0.115
val epoch: 16, loss: 0.3970
train: epoch 17, iter:0, loss: 0.3047, lr: 9.936982166817271e-05
train: epoch 17, iter:20, loss: 0.3251, lr: 9.936982166817271e-05
train gamma: g1=0.102 g2=0.110 g3=0.112 g4=0.116
val epoch: 17, loss: 0.3297
train: epoch 18, iter:0, loss: 0.3336, lr: 9.928880235861587e-05
train: epoch 18, iter:20, loss: 0.3284, lr: 9.928880235861587e-05
train gamma: g1=0.102 g2=0.110 g3=0.112 g4=0.117
val epoch: 18, loss: 0.4274
train: epoch 19, iter:0, loss: 0.3671, lr: 9.920292628279099e-05
train: epoch 19, iter:20, loss: 0.3062, lr: 9.920292628279099e-05
train gamma: g1=0.102 g2=0.110 g3=0.113 g4=0.117
val epoch: 19, loss: 0.3549
train: epoch 20, iter:0, loss: 0.3827, lr: 9.911220285797748e-05
train: epoch 20, iter:20, loss: 0.3188, lr: 9.911220285797748e-05
train gamma: g1=0.102 g2=0.110 g3=0.113 g4=0.118
val epoch: 20, loss: 0.3611
train: epoch 21, iter:0, loss: 0.2430, lr: 9.901664203302125e-05
train: epoch 21, iter:20, loss: 0.3350, lr: 9.901664203302125e-05
train gamma: g1=0.102 g2=0.111 g3=0.114 g4=0.119
val epoch: 21, loss: 0.3459
train: epoch 22, iter:0, loss: 0.3861, lr: 9.891625428724362e-05
train: epoch 22, iter:20, loss: 0.2858, lr: 9.891625428724362e-05
train gamma: g1=0.102 g2=0.111 g3=0.114 g4=0.119
val epoch: 22, loss: 0.3507
train: epoch 23, iter:0, loss: 0.2601, lr: 9.88110506292922e-05
train: epoch 23, iter:20, loss: 0.2810, lr: 9.88110506292922e-05
train gamma: g1=0.102 g2=0.111 g3=0.114 g4=0.120
val epoch: 23, loss: 0.3409
train: epoch 24, iter:0, loss: 0.2816, lr: 9.87010425959336e-05
train: epoch 24, iter:20, loss: 0.3439, lr: 9.87010425959336e-05
train gamma: g1=0.103 g2=0.111 g3=0.115 g4=0.121
val epoch: 24, loss: 0.3655
train: epoch 25, iter:0, loss: 0.2946, lr: 9.858624225078838e-05
train: epoch 25, iter:20, loss: 0.2720, lr: 9.858624225078838e-05
train gamma: g1=0.103 g2=0.112 g3=0.115 g4=0.121
val epoch: 25, loss: 0.3666
train: epoch 26, iter:0, loss: 0.2792, lr: 9.846666218300805e-05
train: epoch 26, iter:20, loss: 0.2803, lr: 9.846666218300805e-05
train gamma: g1=0.103 g2=0.112 g3=0.115 g4=0.122
val epoch: 26, loss: 0.3524
train: epoch 27, iter:0, loss: 0.3148, lr: 9.83423155058946e-05
train: epoch 27, iter:20, loss: 0.2864, lr: 9.83423155058946e-05
train gamma: g1=0.103 g2=0.112 g3=0.116 g4=0.122
val epoch: 27, loss: 0.3430
train: epoch 28, iter:0, loss: 0.2282, lr: 9.821321585546243e-05
train: epoch 28, iter:20, loss: 0.2817, lr: 9.821321585546243e-05
train gamma: g1=0.103 g2=0.113 g3=0.116 g4=0.123
val epoch: 28, loss: 0.3963
train: epoch 29, iter:0, loss: 0.3326, lr: 9.8079377388943e-05
train: epoch 29, iter:20, loss: 0.2939, lr: 9.8079377388943e-05
train gamma: g1=0.103 g2=0.113 g3=0.116 g4=0.124
val epoch: 29, loss: 0.3840
train: epoch 30, iter:0, loss: 0.2006, lr: 9.794081478323245e-05
train: epoch 30, iter:20, loss: 0.2873, lr: 9.794081478323245e-05
train gamma: g1=0.103 g2=0.113 g3=0.117 g4=0.125
val epoch: 30, loss: 0.3314, miou: 0.7706568033818114, f1_or_dsc: 0.870475635831765, accuracy: 0.9390738270070293, specificity: 0.9706050872194207, sensitivity: 0.8410681921559807
train: epoch 31, iter:0, loss: 0.2364, lr: 9.779754323328191e-05
train: epoch 31, iter:20, loss: 0.2723, lr: 9.779754323328191e-05
train gamma: g1=0.103 g2=0.113 g3=0.117 g4=0.125
val epoch: 31, loss: 0.4096
train: epoch 32, iter:0, loss: 0.2768, lr: 9.764957845043135e-05
train: epoch 32, iter:20, loss: 0.2862, lr: 9.764957845043135e-05
train gamma: g1=0.103 g2=0.114 g3=0.117 g4=0.125
val epoch: 32, loss: 0.3215
train: epoch 33, iter:0, loss: 0.2336, lr: 9.749693666068665e-05
train: epoch 33, iter:20, loss: 0.2566, lr: 9.749693666068665e-05
train gamma: g1=0.103 g2=0.114 g3=0.117 g4=0.126
val epoch: 33, loss: 0.3567
train: epoch 34, iter:0, loss: 0.2182, lr: 9.733963460294014e-05
train: epoch 34, iter:20, loss: 0.2717, lr: 9.733963460294014e-05
train gamma: g1=0.104 g2=0.114 g3=0.118 g4=0.127
val epoch: 34, loss: 0.3652
train: epoch 35, iter:0, loss: 0.1643, lr: 9.71776895271351e-05
train: epoch 35, iter:20, loss: 0.2481, lr: 9.71776895271351e-05
train gamma: g1=0.104 g2=0.115 g3=0.118 g4=0.127
val epoch: 35, loss: 0.4107
train: epoch 36, iter:0, loss: 0.2932, lr: 9.701111919237405e-05
train: epoch 36, iter:20, loss: 0.2867, lr: 9.701111919237405e-05
train gamma: g1=0.104 g2=0.114 g3=0.119 g4=0.128
val epoch: 36, loss: 0.4001
train: epoch 37, iter:0, loss: 0.2952, lr: 9.68399418649713e-05
train: epoch 37, iter:20, loss: 0.2620, lr: 9.68399418649713e-05
train gamma: g1=0.104 g2=0.115 g3=0.119 g4=0.128
val epoch: 37, loss: 0.3718
train: epoch 38, iter:0, loss: 0.2250, lr: 9.666417631644976e-05
train: epoch 38, iter:20, loss: 0.2560, lr: 9.666417631644976e-05
train gamma: g1=0.104 g2=0.115 g3=0.119 g4=0.129
val epoch: 38, loss: 0.3890
train: epoch 39, iter:0, loss: 0.2879, lr: 9.648384182148252e-05
train: epoch 39, iter:20, loss: 0.2548, lr: 9.648384182148252e-05
train gamma: g1=0.104 g2=0.115 g3=0.120 g4=0.129
val epoch: 39, loss: 0.3288
train: epoch 40, iter:0, loss: 0.3291, lr: 9.629895815577914e-05
train: epoch 40, iter:20, loss: 0.2741, lr: 9.629895815577914e-05
train gamma: g1=0.105 g2=0.115 g3=0.120 g4=0.130
val epoch: 40, loss: 0.3550
train: epoch 41, iter:0, loss: 0.1958, lr: 9.610954559391703e-05
train: epoch 41, iter:20, loss: 0.2390, lr: 9.610954559391703e-05
train gamma: g1=0.105 g2=0.115 g3=0.120 g4=0.130
val epoch: 41, loss: 0.3547
train: epoch 42, iter:0, loss: 0.2341, lr: 9.591562490711808e-05
train: epoch 42, iter:20, loss: 0.2580, lr: 9.591562490711808e-05
train gamma: g1=0.105 g2=0.116 g3=0.120 g4=0.131
val epoch: 42, loss: 0.3530
train: epoch 43, iter:0, loss: 0.2861, lr: 9.571721736097088e-05
train: epoch 43, iter:20, loss: 0.2552, lr: 9.571721736097088e-05
train gamma: g1=0.105 g2=0.116 g3=0.121 g4=0.132
val epoch: 43, loss: 0.3652
train: epoch 44, iter:0, loss: 0.2550, lr: 9.55143447130987e-05
train: epoch 44, iter:20, loss: 0.2500, lr: 9.55143447130987e-05
train gamma: g1=0.105 g2=0.117 g3=0.121 g4=0.132
val epoch: 44, loss: 0.3210
train: epoch 45, iter:0, loss: 0.2344, lr: 9.530702921077357e-05
train: epoch 45, iter:20, loss: 0.2375, lr: 9.530702921077357e-05
train gamma: g1=0.105 g2=0.117 g3=0.122 g4=0.133
val epoch: 45, loss: 0.3199
train: epoch 46, iter:0, loss: 0.2340, lr: 9.509529358847654e-05
train: epoch 46, iter:20, loss: 0.2401, lr: 9.509529358847654e-05
train gamma: g1=0.106 g2=0.117 g3=0.122 g4=0.133
val epoch: 46, loss: 0.3102
train: epoch 47, iter:0, loss: 0.1830, lr: 9.487916106540465e-05
train: epoch 47, iter:20, loss: 0.2427, lr: 9.487916106540465e-05
train gamma: g1=0.106 g2=0.117 g3=0.122 g4=0.134
val epoch: 47, loss: 0.3226
train: epoch 48, iter:0, loss: 0.2553, lr: 9.465865534292464e-05
train: epoch 48, iter:20, loss: 0.2544, lr: 9.465865534292464e-05
train gamma: g1=0.106 g2=0.118 g3=0.123 g4=0.134
val epoch: 48, loss: 0.3621
train: epoch 49, iter:0, loss: 0.2553, lr: 9.443380060197386e-05
train: epoch 49, iter:20, loss: 0.2443, lr: 9.443380060197386e-05
train gamma: g1=0.106 g2=0.118 g3=0.123 g4=0.134
val epoch: 49, loss: 0.3236
train: epoch 50, iter:0, loss: 0.1861, lr: 9.420462150040853e-05
train: epoch 50, iter:20, loss: 0.2316, lr: 9.420462150040853e-05
train gamma: g1=0.106 g2=0.119 g3=0.123 g4=0.135
val epoch: 50, loss: 0.3189
train: epoch 51, iter:0, loss: 0.2115, lr: 9.397114317029975e-05
train: epoch 51, iter:20, loss: 0.2403, lr: 9.397114317029975e-05
train gamma: g1=0.106 g2=0.119 g3=0.123 g4=0.136
val epoch: 51, loss: 0.3421
train: epoch 52, iter:0, loss: 0.1590, lr: 9.373339121517747e-05
train: epoch 52, iter:20, loss: 0.2234, lr: 9.373339121517747e-05
train gamma: g1=0.106 g2=0.119 g3=0.124 g4=0.136
val epoch: 52, loss: 0.3282
train: epoch 53, iter:0, loss: 0.2358, lr: 9.349139170722281e-05
train: epoch 53, iter:20, loss: 0.2306, lr: 9.349139170722281e-05
train gamma: g1=0.106 g2=0.119 g3=0.124 g4=0.136
val epoch: 53, loss: 0.3421
train: epoch 54, iter:0, loss: 0.2135, lr: 9.32451711844089e-05
train: epoch 54, iter:20, loss: 0.2305, lr: 9.32451711844089e-05
train gamma: g1=0.107 g2=0.119 g3=0.124 g4=0.137
val epoch: 54, loss: 0.3602
train: epoch 55, iter:0, loss: 0.2854, lr: 9.29947566475907e-05
train: epoch 55, iter:20, loss: 0.2418, lr: 9.29947566475907e-05
train gamma: g1=0.107 g2=0.120 g3=0.125 g4=0.137
val epoch: 55, loss: 0.3205
train: epoch 56, iter:0, loss: 0.2936, lr: 9.274017555754411e-05
train: epoch 56, iter:20, loss: 0.2278, lr: 9.274017555754411e-05
train gamma: g1=0.107 g2=0.120 g3=0.125 g4=0.138
val epoch: 56, loss: 0.3265
train: epoch 57, iter:0, loss: 0.1670, lr: 9.248145583195451e-05
train: epoch 57, iter:20, loss: 0.2206, lr: 9.248145583195451e-05
train gamma: g1=0.107 g2=0.120 g3=0.125 g4=0.138
val epoch: 57, loss: 0.3595
train: epoch 58, iter:0, loss: 0.2024, lr: 9.22186258423553e-05
train: epoch 58, iter:20, loss: 0.2274, lr: 9.22186258423553e-05
train gamma: g1=0.107 g2=0.121 g3=0.126 g4=0.139
val epoch: 58, loss: 0.3160
train: epoch 59, iter:0, loss: 0.2316, lr: 9.195171441101671e-05
train: epoch 59, iter:20, loss: 0.2240, lr: 9.195171441101671e-05
train gamma: g1=0.107 g2=0.121 g3=0.126 g4=0.140
val epoch: 59, loss: 0.3294
train: epoch 60, iter:0, loss: 0.2035, lr: 9.168075080778497e-05
train: epoch 60, iter:20, loss: 0.2263, lr: 9.168075080778497e-05
train gamma: g1=0.107 g2=0.121 g3=0.126 g4=0.140
val epoch: 60, loss: 0.3296, miou: 0.7708757051905831, f1_or_dsc: 0.8706152588022781, accuracy: 0.939726971163608, specificity: 0.9740373637378684, sensitivity: 0.8330832219579349
