/root/miniconda3/lib/python3.10/site-packages/timm/models/layers/__init__.py:49: FutureWarning: Importing from timm.models.layers is deprecated, please import via timm.layers
  warnings.warn(f"Importing from {__name__} is deprecated, please import via timm.layers", FutureWarning)
train: epoch 1, iter:0, loss: 6.3408, lr: 0.0001
train: epoch 1, iter:20, loss: 1.6713, lr: 0.0001
val epoch: 1, loss: 0.9662
train: epoch 2, iter:0, loss: 0.8057, lr: 9.999753262144806e-05
train: epoch 2, iter:20, loss: 0.8216, lr: 9.999753262144806e-05
val epoch: 2, loss: 0.6951
train: epoch 3, iter:0, loss: 0.7199, lr: 9.999013075636806e-05
train: epoch 3, iter:20, loss: 0.6561, lr: 9.999013075636806e-05
val epoch: 3, loss: 0.7434
train: epoch 4, iter:0, loss: 0.5745, lr: 9.997779521645793e-05
train: epoch 4, iter:20, loss: 0.5992, lr: 9.997779521645793e-05
val epoch: 4, loss: 0.5896
train: epoch 5, iter:0, loss: 0.6544, lr: 9.996052735444864e-05
train: epoch 5, iter:20, loss: 0.5664, lr: 9.996052735444864e-05
val epoch: 5, loss: 0.5723
train: epoch 6, iter:0, loss: 0.4528, lr: 9.993832906395583e-05
train: epoch 6, iter:20, loss: 0.5662, lr: 9.993832906395583e-05
val epoch: 6, loss: 0.6763
train: epoch 7, iter:0, loss: 0.5957, lr: 9.991120277927223e-05
train: epoch 7, iter:20, loss: 0.5324, lr: 9.991120277927223e-05
val epoch: 7, loss: 0.5841
