/root/miniconda3/lib/python3.10/site-packages/timm/models/layers/__init__.py:49: FutureWarning: Importing from timm.models.layers is deprecated, please import via timm.layers
  warnings.warn(f"Importing from {__name__} is deprecated, please import via timm.layers", FutureWarning)
SwinTransformerSys expand initial----depths:[2, 2, 6, 2];depths_decoder:[2, 2, 2, 1];drop_path_rate:0.2;num_classes:1
---final upsample expand_first---
[pretrain] 301/354 keys loaded from ImageNet Swin-T
train: epoch 1, iter:0, loss: 1.5072, lr: 0.0001
train: epoch 1, iter:20, loss: 1.3279, lr: 0.0001
train: epoch 1, iter:40, loss: 1.1728, lr: 0.0001
val epoch: 1, loss: 0.6892
train: epoch 2, iter:0, loss: 0.6358, lr: 9.999753262144806e-05
train: epoch 2, iter:20, loss: 0.6703, lr: 9.999753262144806e-05
train: epoch 2, iter:40, loss: 0.6452, lr: 9.999753262144806e-05
val epoch: 2, loss: 0.4991
train: epoch 3, iter:0, loss: 0.4427, lr: 9.999013075636806e-05
train: epoch 3, iter:20, loss: 0.4990, lr: 9.999013075636806e-05
train: epoch 3, iter:40, loss: 0.4694, lr: 9.999013075636806e-05
val epoch: 3, loss: 0.4201
train: epoch 4, iter:0, loss: 0.5110, lr: 9.997779521645793e-05
train: epoch 4, iter:20, loss: 0.3588, lr: 9.997779521645793e-05
train: epoch 4, iter:40, loss: 0.3602, lr: 9.997779521645793e-05
val epoch: 4, loss: 0.3697
train: epoch 5, iter:0, loss: 0.3248, lr: 9.996052735444864e-05
train: epoch 5, iter:20, loss: 0.3308, lr: 9.996052735444864e-05
train: epoch 5, iter:40, loss: 0.3050, lr: 9.996052735444864e-05
val epoch: 5, loss: 0.3767
train: epoch 6, iter:0, loss: 0.2973, lr: 9.993832906395583e-05
train: epoch 6, iter:20, loss: 0.2777, lr: 9.993832906395583e-05
train: epoch 6, iter:40, loss: 0.2892, lr: 9.993832906395583e-05
val epoch: 6, loss: 0.3274
train: epoch 7, iter:0, loss: 0.3407, lr: 9.991120277927223e-05
train: epoch 7, iter:20, loss: 0.2670, lr: 9.991120277927223e-05
train: epoch 7, iter:40, loss: 0.2528, lr: 9.991120277927223e-05
val epoch: 7, loss: 0.3479
train: epoch 8, iter:0, loss: 0.1722, lr: 9.987915147510061e-05
train: epoch 8, iter:20, loss: 0.2382, lr: 9.987915147510061e-05
train: epoch 8, iter:40, loss: 0.2484, lr: 9.987915147510061e-05
val epoch: 8, loss: 0.3130
train: epoch 9, iter:0, loss: 0.2059, lr: 9.98421786662277e-05
train: epoch 9, iter:20, loss: 0.2544, lr: 9.98421786662277e-05
train: epoch 9, iter:40, loss: 0.2417, lr: 9.98421786662277e-05
val epoch: 9, loss: 0.3016
train: epoch 10, iter:0, loss: 0.2524, lr: 9.98002884071386e-05
train: epoch 10, iter:20, loss: 0.2283, lr: 9.98002884071386e-05
train: epoch 10, iter:40, loss: 0.2284, lr: 9.98002884071386e-05
val epoch: 10, loss: 0.3244
train: epoch 11, iter:0, loss: 0.2129, lr: 9.97534852915723e-05
train: epoch 11, iter:20, loss: 0.2302, lr: 9.97534852915723e-05
train: epoch 11, iter:40, loss: 0.2251, lr: 9.97534852915723e-05
val epoch: 11, loss: 0.3095
train: epoch 12, iter:0, loss: 0.1922, lr: 9.970177445201784e-05
train: epoch 12, iter:20, loss: 0.2066, lr: 9.970177445201784e-05
train: epoch 12, iter:40, loss: 0.2164, lr: 9.970177445201784e-05
val epoch: 12, loss: 0.3273
train: epoch 13, iter:0, loss: 0.1711, lr: 9.964516155915151e-05
train: epoch 13, iter:20, loss: 0.1999, lr: 9.964516155915151e-05
train: epoch 13, iter:40, loss: 0.1988, lr: 9.964516155915151e-05
val epoch: 13, loss: 0.2857
train: epoch 14, iter:0, loss: 0.1744, lr: 9.958365282121496e-05
train: epoch 14, iter:20, loss: 0.1856, lr: 9.958365282121496e-05
train: epoch 14, iter:40, loss: 0.1977, lr: 9.958365282121496e-05
val epoch: 14, loss: 0.2968
train: epoch 15, iter:0, loss: 0.1778, lr: 9.951725498333447e-05
train: epoch 15, iter:20, loss: 0.1904, lr: 9.951725498333447e-05
train: epoch 15, iter:40, loss: 0.1918, lr: 9.951725498333447e-05
val epoch: 15, loss: 0.2869
train: epoch 16, iter:0, loss: 0.2152, lr: 9.944597532678119e-05
train: epoch 16, iter:20, loss: 0.2067, lr: 9.944597532678119e-05
train: epoch 16, iter:40, loss: 0.1997, lr: 9.944597532678119e-05
val epoch: 16, loss: 0.2971
train: epoch 17, iter:0, loss: 0.1591, lr: 9.936982166817271e-05
train: epoch 17, iter:20, loss: 0.1844, lr: 9.936982166817271e-05
train: epoch 17, iter:40, loss: 0.1810, lr: 9.936982166817271e-05
val epoch: 17, loss: 0.3231
train: epoch 18, iter:0, loss: 0.1421, lr: 9.928880235861587e-05
train: epoch 18, iter:20, loss: 0.1826, lr: 9.928880235861587e-05
train: epoch 18, iter:40, loss: 0.1836, lr: 9.928880235861587e-05
val epoch: 18, loss: 0.3221
train: epoch 19, iter:0, loss: 0.2086, lr: 9.920292628279099e-05
train: epoch 19, iter:20, loss: 0.1749, lr: 9.920292628279099e-05
train: epoch 19, iter:40, loss: 0.1801, lr: 9.920292628279099e-05
val epoch: 19, loss: 0.3031
train: epoch 20, iter:0, loss: 0.1561, lr: 9.911220285797748e-05
train: epoch 20, iter:20, loss: 0.1748, lr: 9.911220285797748e-05
train: epoch 20, iter:40, loss: 0.1720, lr: 9.911220285797748e-05
val epoch: 20, loss: 0.3149
train: epoch 21, iter:0, loss: 0.1510, lr: 9.901664203302125e-05
train: epoch 21, iter:20, loss: 0.1805, lr: 9.901664203302125e-05
train: epoch 21, iter:40, loss: 0.1705, lr: 9.901664203302125e-05
val epoch: 21, loss: 0.2927
train: epoch 22, iter:0, loss: 0.1456, lr: 9.891625428724362e-05
train: epoch 22, iter:20, loss: 0.1693, lr: 9.891625428724362e-05
train: epoch 22, iter:40, loss: 0.1649, lr: 9.891625428724362e-05
val epoch: 22, loss: 0.2977
train: epoch 23, iter:0, loss: 0.1338, lr: 9.88110506292922e-05
train: epoch 23, iter:20, loss: 0.1612, lr: 9.88110506292922e-05
train: epoch 23, iter:40, loss: 0.1664, lr: 9.88110506292922e-05
val epoch: 23, loss: 0.3081
train: epoch 24, iter:0, loss: 0.1436, lr: 9.87010425959336e-05
train: epoch 24, iter:20, loss: 0.1578, lr: 9.87010425959336e-05
train: epoch 24, iter:40, loss: 0.1694, lr: 9.87010425959336e-05
val epoch: 24, loss: 0.3080
train: epoch 25, iter:0, loss: 0.1249, lr: 9.858624225078838e-05
train: epoch 25, iter:20, loss: 0.1482, lr: 9.858624225078838e-05
train: epoch 25, iter:40, loss: 0.1597, lr: 9.858624225078838e-05
val epoch: 25, loss: 0.3051
train: epoch 26, iter:0, loss: 0.1392, lr: 9.846666218300805e-05
train: epoch 26, iter:20, loss: 0.1447, lr: 9.846666218300805e-05
train: epoch 26, iter:40, loss: 0.1582, lr: 9.846666218300805e-05
val epoch: 26, loss: 0.2999
train: epoch 27, iter:0, loss: 0.1222, lr: 9.83423155058946e-05
train: epoch 27, iter:20, loss: 0.1524, lr: 9.83423155058946e-05
train: epoch 27, iter:40, loss: 0.1517, lr: 9.83423155058946e-05
val epoch: 27, loss: 0.3085
train: epoch 28, iter:0, loss: 0.1834, lr: 9.821321585546243e-05
train: epoch 28, iter:20, loss: 0.1593, lr: 9.821321585546243e-05
train: epoch 28, iter:40, loss: 0.1601, lr: 9.821321585546243e-05
val epoch: 28, loss: 0.2913
train: epoch 29, iter:0, loss: 0.1367, lr: 9.8079377388943e-05
train: epoch 29, iter:20, loss: 0.1421, lr: 9.8079377388943e-05
train: epoch 29, iter:40, loss: 0.1460, lr: 9.8079377388943e-05
val epoch: 29, loss: 0.3085
train: epoch 30, iter:0, loss: 0.1156, lr: 9.794081478323245e-05
train: epoch 30, iter:20, loss: 0.1487, lr: 9.794081478323245e-05
train: epoch 30, iter:40, loss: 0.1434, lr: 9.794081478323245e-05
val epoch: 30, loss: 0.2906, miou: 0.8153034602758433, f1_or_dsc: 0.8982558322804656, accuracy: 0.9509323988810624, specificity: 0.9705905103590932, sensitivity: 0.8898309496399072
train: epoch 31, iter:0, loss: 0.1473, lr: 9.779754323328191e-05
train: epoch 31, iter:20, loss: 0.1577, lr: 9.779754323328191e-05
train: epoch 31, iter:40, loss: 0.1575, lr: 9.779754323328191e-05
val epoch: 31, loss: 0.3217
train: epoch 32, iter:0, loss: 0.1384, lr: 9.764957845043135e-05
train: epoch 32, iter:20, loss: 0.1396, lr: 9.764957845043135e-05
train: epoch 32, iter:40, loss: 0.1431, lr: 9.764957845043135e-05
val epoch: 32, loss: 0.3105
train: epoch 33, iter:0, loss: 0.1322, lr: 9.749693666068665e-05
train: epoch 33, iter:20, loss: 0.1334, lr: 9.749693666068665e-05
train: epoch 33, iter:40, loss: 0.1383, lr: 9.749693666068665e-05
val epoch: 33, loss: 0.3128
train: epoch 34, iter:0, loss: 0.1172, lr: 9.733963460294014e-05
train: epoch 34, iter:20, loss: 0.1425, lr: 9.733963460294014e-05
train: epoch 34, iter:40, loss: 0.1363, lr: 9.733963460294014e-05
val epoch: 34, loss: 0.3052
train: epoch 35, iter:0, loss: 0.1620, lr: 9.71776895271351e-05
train: epoch 35, iter:20, loss: 0.1329, lr: 9.71776895271351e-05
train: epoch 35, iter:40, loss: 0.1348, lr: 9.71776895271351e-05
val epoch: 35, loss: 0.3176
train: epoch 36, iter:0, loss: 0.1233, lr: 9.701111919237405e-05
train: epoch 36, iter:20, loss: 0.1431, lr: 9.701111919237405e-05
train: epoch 36, iter:40, loss: 0.1352, lr: 9.701111919237405e-05
val epoch: 36, loss: 0.3423
train: epoch 37, iter:0, loss: 0.1362, lr: 9.68399418649713e-05
train: epoch 37, iter:20, loss: 0.1283, lr: 9.68399418649713e-05
train: epoch 37, iter:40, loss: 0.1271, lr: 9.68399418649713e-05
val epoch: 37, loss: 0.3083
train: epoch 38, iter:0, loss: 0.1300, lr: 9.666417631644976e-05
train: epoch 38, iter:20, loss: 0.1268, lr: 9.666417631644976e-05
train: epoch 38, iter:40, loss: 0.1344, lr: 9.666417631644976e-05
val epoch: 38, loss: 0.3176
train: epoch 39, iter:0, loss: 0.1527, lr: 9.648384182148252e-05
train: epoch 39, iter:20, loss: 0.1287, lr: 9.648384182148252e-05
train: epoch 39, iter:40, loss: 0.1245, lr: 9.648384182148252e-05
val epoch: 39, loss: 0.3103
train: epoch 40, iter:0, loss: 0.1183, lr: 9.629895815577914e-05
train: epoch 40, iter:20, loss: 0.1222, lr: 9.629895815577914e-05
train: epoch 40, iter:40, loss: 0.1251, lr: 9.629895815577914e-05
val epoch: 40, loss: 0.3257
train: epoch 41, iter:0, loss: 0.1266, lr: 9.610954559391703e-05
train: epoch 41, iter:20, loss: 0.1215, lr: 9.610954559391703e-05
train: epoch 41, iter:40, loss: 0.1247, lr: 9.610954559391703e-05
val epoch: 41, loss: 0.3424
train: epoch 42, iter:0, loss: 0.1284, lr: 9.591562490711808e-05
train: epoch 42, iter:20, loss: 0.1168, lr: 9.591562490711808e-05
train: epoch 42, iter:40, loss: 0.1228, lr: 9.591562490711808e-05
val epoch: 42, loss: 0.3746
train: epoch 43, iter:0, loss: 0.1239, lr: 9.571721736097088e-05
train: epoch 43, iter:20, loss: 0.1151, lr: 9.571721736097088e-05
train: epoch 43, iter:40, loss: 0.1177, lr: 9.571721736097088e-05
val epoch: 43, loss: 0.3206
train: epoch 44, iter:0, loss: 0.1171, lr: 9.55143447130987e-05
train: epoch 44, iter:20, loss: 0.1156, lr: 9.55143447130987e-05
train: epoch 44, iter:40, loss: 0.1188, lr: 9.55143447130987e-05
val epoch: 44, loss: 0.3062
train: epoch 45, iter:0, loss: 0.1301, lr: 9.530702921077357e-05
train: epoch 45, iter:20, loss: 0.1124, lr: 9.530702921077357e-05
train: epoch 45, iter:40, loss: 0.1118, lr: 9.530702921077357e-05
val epoch: 45, loss: 0.3343
train: epoch 46, iter:0, loss: 0.0978, lr: 9.509529358847654e-05
train: epoch 46, iter:20, loss: 0.1157, lr: 9.509529358847654e-05
train: epoch 46, iter:40, loss: 0.1129, lr: 9.509529358847654e-05
val epoch: 46, loss: 0.3253
train: epoch 47, iter:0, loss: 0.1165, lr: 9.487916106540465e-05
train: epoch 47, iter:20, loss: 0.1132, lr: 9.487916106540465e-05
train: epoch 47, iter:40, loss: 0.1203, lr: 9.487916106540465e-05
val epoch: 47, loss: 0.3493
train: epoch 48, iter:0, loss: 0.1167, lr: 9.465865534292464e-05
train: epoch 48, iter:20, loss: 0.1097, lr: 9.465865534292464e-05
train: epoch 48, iter:40, loss: 0.1109, lr: 9.465865534292464e-05
val epoch: 48, loss: 0.3270
train: epoch 49, iter:0, loss: 0.1111, lr: 9.443380060197386e-05
train: epoch 49, iter:20, loss: 0.1145, lr: 9.443380060197386e-05
train: epoch 49, iter:40, loss: 0.1120, lr: 9.443380060197386e-05
val epoch: 49, loss: 0.3327
train: epoch 50, iter:0, loss: 0.1196, lr: 9.420462150040853e-05
train: epoch 50, iter:20, loss: 0.1047, lr: 9.420462150040853e-05
train: epoch 50, iter:40, loss: 0.1048, lr: 9.420462150040853e-05
val epoch: 50, loss: 0.3439
train: epoch 51, iter:0, loss: 0.1107, lr: 9.397114317029975e-05
train: epoch 51, iter:20, loss: 0.1155, lr: 9.397114317029975e-05
train: epoch 51, iter:40, loss: 0.1095, lr: 9.397114317029975e-05
val epoch: 51, loss: 0.3262
train: epoch 52, iter:0, loss: 0.0823, lr: 9.373339121517747e-05
train: epoch 52, iter:20, loss: 0.1086, lr: 9.373339121517747e-05
train: epoch 52, iter:40, loss: 0.1049, lr: 9.373339121517747e-05
val epoch: 52, loss: 0.3614
train: epoch 53, iter:0, loss: 0.0885, lr: 9.349139170722281e-05
train: epoch 53, iter:20, loss: 0.1015, lr: 9.349139170722281e-05
train: epoch 53, iter:40, loss: 0.1033, lr: 9.349139170722281e-05
val epoch: 53, loss: 0.3277
train: epoch 54, iter:0, loss: 0.0795, lr: 9.32451711844089e-05
train: epoch 54, iter:20, loss: 0.1080, lr: 9.32451711844089e-05
train: epoch 54, iter:40, loss: 0.1077, lr: 9.32451711844089e-05
val epoch: 54, loss: 0.3388
train: epoch 55, iter:0, loss: 0.1139, lr: 9.29947566475907e-05
train: epoch 55, iter:20, loss: 0.1023, lr: 9.29947566475907e-05
train: epoch 55, iter:40, loss: 0.1057, lr: 9.29947566475907e-05
val epoch: 55, loss: 0.3395
train: epoch 56, iter:0, loss: 0.0982, lr: 9.274017555754411e-05
train: epoch 56, iter:20, loss: 0.1006, lr: 9.274017555754411e-05
train: epoch 56, iter:40, loss: 0.1080, lr: 9.274017555754411e-05
val epoch: 56, loss: 0.3348
train: epoch 57, iter:0, loss: 0.1136, lr: 9.248145583195451e-05
train: epoch 57, iter:20, loss: 0.1043, lr: 9.248145583195451e-05
train: epoch 57, iter:40, loss: 0.0986, lr: 9.248145583195451e-05
val epoch: 57, loss: 0.3270
train: epoch 58, iter:0, loss: 0.0856, lr: 9.22186258423553e-05
train: epoch 58, iter:20, loss: 0.0981, lr: 9.22186258423553e-05
train: epoch 58, iter:40, loss: 0.0992, lr: 9.22186258423553e-05
val epoch: 58, loss: 0.3328
train: epoch 59, iter:0, loss: 0.0938, lr: 9.195171441101671e-05
train: epoch 59, iter:20, loss: 0.0934, lr: 9.195171441101671e-05
train: epoch 59, iter:40, loss: 0.0951, lr: 9.195171441101671e-05
val epoch: 59, loss: 0.3434
train: epoch 60, iter:0, loss: 0.1017, lr: 9.168075080778497e-05
train: epoch 60, iter:20, loss: 0.0999, lr: 9.168075080778497e-05
train: epoch 60, iter:40, loss: 0.0988, lr: 9.168075080778497e-05
val epoch: 60, loss: 0.3382, miou: 0.806720353767738, f1_or_dsc: 0.8930218249718633, accuracy: 0.9477915433373781, specificity: 0.9647052527641309, sensitivity: 0.8952202595101737
train: epoch 61, iter:0, loss: 0.0841, lr: 9.140576474687266e-05
train: epoch 61, iter:20, loss: 0.1011, lr: 9.140576474687266e-05
train: epoch 61, iter:40, loss: 0.0981, lr: 9.140576474687266e-05
val epoch: 61, loss: 0.3344
train: epoch 62, iter:0, loss: 0.0899, lr: 9.112678638360019e-05
train: epoch 62, iter:20, loss: 0.0940, lr: 9.112678638360019e-05
train: epoch 62, iter:40, loss: 0.0937, lr: 9.112678638360019e-05
val epoch: 62, loss: 0.3473
train: epoch 63, iter:0, loss: 0.1099, lr: 9.084384631108886e-05
train: epoch 63, iter:20, loss: 0.0936, lr: 9.084384631108886e-05
train: epoch 63, iter:40, loss: 0.0929, lr: 9.084384631108886e-05
val epoch: 63, loss: 0.3371
train: epoch 64, iter:0, loss: 0.0951, lr: 9.055697555690608e-05
train: epoch 64, iter:20, loss: 0.0892, lr: 9.055697555690608e-05
train: epoch 64, iter:40, loss: 0.0913, lr: 9.055697555690608e-05
val epoch: 64, loss: 0.3353
train: epoch 65, iter:0, loss: 0.0834, lr: 9.026620557966282e-05
train: epoch 65, iter:20, loss: 0.0885, lr: 9.026620557966282e-05
train: epoch 65, iter:40, loss: 0.0900, lr: 9.026620557966282e-05
val epoch: 65, loss: 0.3529
train: epoch 66, iter:0, loss: 0.0980, lr: 8.997156826556372e-05
train: epoch 66, iter:20, loss: 0.0873, lr: 8.997156826556372e-05
train: epoch 66, iter:40, loss: 0.0890, lr: 8.997156826556372e-05
val epoch: 66, loss: 0.3595
train: epoch 67, iter:0, loss: 0.1064, lr: 8.967309592491055e-05
train: epoch 67, iter:20, loss: 0.0861, lr: 8.967309592491055e-05
train: epoch 67, iter:40, loss: 0.0889, lr: 8.967309592491055e-05
val epoch: 67, loss: 0.3553
train: epoch 68, iter:0, loss: 0.1062, lr: 8.937082128855894e-05
train: epoch 68, iter:20, loss: 0.0861, lr: 8.937082128855894e-05
train: epoch 68, iter:40, loss: 0.0872, lr: 8.937082128855894e-05
val epoch: 68, loss: 0.3679
train: epoch 69, iter:0, loss: 0.0960, lr: 8.906477750432907e-05
train: epoch 69, iter:20, loss: 0.0888, lr: 8.906477750432907e-05
train: epoch 69, iter:40, loss: 0.0881, lr: 8.906477750432907e-05
val epoch: 69, loss: 0.3523
train: epoch 70, iter:0, loss: 0.0886, lr: 8.875499813337071e-05
train: epoch 70, iter:20, loss: 0.0866, lr: 8.875499813337071e-05
train: epoch 70, iter:40, loss: 0.0857, lr: 8.875499813337071e-05
val epoch: 70, loss: 0.3465
train: epoch 71, iter:0, loss: 0.0815, lr: 8.844151714648278e-05
train: epoch 71, iter:20, loss: 0.0849, lr: 8.844151714648278e-05
train: epoch 71, iter:40, loss: 0.0863, lr: 8.844151714648278e-05
val epoch: 71, loss: 0.3692
train: epoch 72, iter:0, loss: 0.0849, lr: 8.812436892038808e-05
train: epoch 72, iter:20, loss: 0.0902, lr: 8.812436892038808e-05
train: epoch 72, iter:40, loss: 0.0875, lr: 8.812436892038808e-05
val epoch: 72, loss: 0.3754
train: epoch 73, iter:0, loss: 0.0828, lr: 8.780358823396356e-05
train: epoch 73, iter:20, loss: 0.0832, lr: 8.780358823396356e-05
train: epoch 73, iter:40, loss: 0.0840, lr: 8.780358823396356e-05
val epoch: 73, loss: 0.3566
train: epoch 74, iter:0, loss: 0.0846, lr: 8.747921026442633e-05
train: epoch 74, iter:20, loss: 0.0864, lr: 8.747921026442633e-05
train: epoch 74, iter:40, loss: 0.0851, lr: 8.747921026442633e-05
val epoch: 74, loss: 0.3478
train: epoch 75, iter:0, loss: 0.0733, lr: 8.715127058347619e-05
train: epoch 75, iter:20, loss: 0.0819, lr: 8.715127058347619e-05
train: epoch 75, iter:40, loss: 0.0815, lr: 8.715127058347619e-05
val epoch: 75, loss: 0.3767
train: epoch 76, iter:0, loss: 0.0952, lr: 8.681980515339468e-05
train: epoch 76, iter:20, loss: 0.0838, lr: 8.681980515339468e-05
train: epoch 76, iter:40, loss: 0.0831, lr: 8.681980515339468e-05
val epoch: 76, loss: 0.3855
train: epoch 77, iter:0, loss: 0.0679, lr: 8.648485032310149e-05
train: epoch 77, iter:20, loss: 0.0807, lr: 8.648485032310149e-05
train: epoch 77, iter:40, loss: 0.0809, lr: 8.648485032310149e-05
val epoch: 77, loss: 0.3646
train: epoch 78, iter:0, loss: 0.0808, lr: 8.614644282416834e-05
train: epoch 78, iter:20, loss: 0.0817, lr: 8.614644282416834e-05
train: epoch 78, iter:40, loss: 0.0813, lr: 8.614644282416834e-05
val epoch: 78, loss: 0.3643
train: epoch 79, iter:0, loss: 0.0870, lr: 8.580461976679102e-05
train: epoch 79, iter:20, loss: 0.0802, lr: 8.580461976679102e-05
train: epoch 79, iter:40, loss: 0.0795, lr: 8.580461976679102e-05
val epoch: 79, loss: 0.3534
train: epoch 80, iter:0, loss: 0.0764, lr: 8.545941863571975e-05
train: epoch 80, iter:20, loss: 0.0783, lr: 8.545941863571975e-05
train: epoch 80, iter:40, loss: 0.0784, lr: 8.545941863571975e-05
val epoch: 80, loss: 0.3785
train: epoch 81, iter:0, loss: 0.0895, lr: 8.511087728614864e-05
train: epoch 81, iter:20, loss: 0.0790, lr: 8.511087728614864e-05
train: epoch 81, iter:40, loss: 0.0780, lr: 8.511087728614864e-05
val epoch: 81, loss: 0.3703
train: epoch 82, iter:0, loss: 0.0729, lr: 8.475903393956435e-05
train: epoch 82, iter:20, loss: 0.0793, lr: 8.475903393956435e-05
train: epoch 82, iter:40, loss: 0.0785, lr: 8.475903393956435e-05
val epoch: 82, loss: 0.3569
train: epoch 83, iter:0, loss: 0.0827, lr: 8.440392717955477e-05
train: epoch 83, iter:20, loss: 0.0768, lr: 8.440392717955477e-05
train: epoch 83, iter:40, loss: 0.0761, lr: 8.440392717955477e-05
val epoch: 83, loss: 0.3590
train: epoch 84, iter:0, loss: 0.0768, lr: 8.40455959475778e-05
train: epoch 84, iter:20, loss: 0.0758, lr: 8.40455959475778e-05
train: epoch 84, iter:40, loss: 0.0767, lr: 8.40455959475778e-05
val epoch: 84, loss: 0.3772
train: epoch 85, iter:0, loss: 0.0829, lr: 8.368407953869106e-05
train: epoch 85, iter:20, loss: 0.0759, lr: 8.368407953869106e-05
train: epoch 85, iter:40, loss: 0.0755, lr: 8.368407953869106e-05
val epoch: 85, loss: 0.3881
train: epoch 86, iter:0, loss: 0.0763, lr: 8.331941759724271e-05
train: epoch 86, iter:20, loss: 0.0764, lr: 8.331941759724271e-05
train: epoch 86, iter:40, loss: 0.0760, lr: 8.331941759724271e-05
val epoch: 86, loss: 0.3677
train: epoch 87, iter:0, loss: 0.0757, lr: 8.2951650112524e-05
train: epoch 87, iter:20, loss: 0.0722, lr: 8.2951650112524e-05
train: epoch 87, iter:40, loss: 0.0741, lr: 8.2951650112524e-05
val epoch: 87, loss: 0.3861
train: epoch 88, iter:0, loss: 0.0680, lr: 8.258081741438397e-05
train: epoch 88, iter:20, loss: 0.0739, lr: 8.258081741438397e-05
train: epoch 88, iter:40, loss: 0.0755, lr: 8.258081741438397e-05
val epoch: 88, loss: 0.3717
train: epoch 89, iter:0, loss: 0.0696, lr: 8.22069601688069e-05
train: epoch 89, iter:20, loss: 0.0747, lr: 8.22069601688069e-05
train: epoch 89, iter:40, loss: 0.0752, lr: 8.22069601688069e-05
val epoch: 89, loss: 0.3740
train: epoch 90, iter:0, loss: 0.0738, lr: 8.183011937345273e-05
train: epoch 90, iter:20, loss: 0.0736, lr: 8.183011937345273e-05
train: epoch 90, iter:40, loss: 0.0745, lr: 8.183011937345273e-05
val epoch: 90, loss: 0.3869, miou: 0.8032794380934942, f1_or_dsc: 0.8909095519247492, accuracy: 0.947919505657536, specificity: 0.9718098497492618, sensitivity: 0.8736634079390106
train: epoch 91, iter:0, loss: 0.0615, lr: 8.145033635316131e-05
train: epoch 91, iter:20, loss: 0.0736, lr: 8.145033635316131e-05
train: epoch 91, iter:40, loss: 0.0728, lr: 8.145033635316131e-05
val epoch: 91, loss: 0.3932
train: epoch 92, iter:0, loss: 0.0633, lr: 8.106765275542056e-05
train: epoch 92, iter:20, loss: 0.0702, lr: 8.106765275542056e-05
train: epoch 92, iter:40, loss: 0.0725, lr: 8.106765275542056e-05
val epoch: 92, loss: 0.3885
train: epoch 93, iter:0, loss: 0.0672, lr: 8.068211054579945e-05
train: epoch 93, iter:20, loss: 0.0721, lr: 8.068211054579945e-05
train: epoch 93, iter:40, loss: 0.0725, lr: 8.068211054579945e-05
val epoch: 93, loss: 0.3877
train: epoch 94, iter:0, loss: 0.0672, lr: 8.02937520033459e-05
train: epoch 94, iter:20, loss: 0.0707, lr: 8.02937520033459e-05
train: epoch 94, iter:40, loss: 0.0702, lr: 8.02937520033459e-05
val epoch: 94, loss: 0.3961
train: epoch 95, iter:0, loss: 0.0694, lr: 7.99026197159505e-05
train: epoch 95, iter:20, loss: 0.0683, lr: 7.99026197159505e-05
train: epoch 95, iter:40, loss: 0.0704, lr: 7.99026197159505e-05
val epoch: 95, loss: 0.3900
train: epoch 96, iter:0, loss: 0.0705, lr: 7.950875657567623e-05
train: epoch 96, iter:20, loss: 0.0726, lr: 7.950875657567623e-05
train: epoch 96, iter:40, loss: 0.0722, lr: 7.950875657567623e-05
val epoch: 96, loss: 0.3611
train: epoch 97, iter:0, loss: 0.0775, lr: 7.911220577405486e-05
train: epoch 97, iter:20, loss: 0.0727, lr: 7.911220577405486e-05
train: epoch 97, iter:40, loss: 0.0706, lr: 7.911220577405486e-05
val epoch: 97, loss: 0.3745
train: epoch 98, iter:0, loss: 0.0787, lr: 7.871301079735051e-05
train: epoch 98, iter:20, loss: 0.0724, lr: 7.871301079735051e-05
train: epoch 98, iter:40, loss: 0.0735, lr: 7.871301079735051e-05
val epoch: 98, loss: 0.3874
train: epoch 99, iter:0, loss: 0.0741, lr: 7.831121542179088e-05
train: epoch 99, iter:20, loss: 0.0710, lr: 7.831121542179088e-05
train: epoch 99, iter:40, loss: 0.0707, lr: 7.831121542179088e-05
val epoch: 99, loss: 0.3708
train: epoch 100, iter:0, loss: 0.0676, lr: 7.790686370876673e-05
train: epoch 100, iter:20, loss: 0.0687, lr: 7.790686370876673e-05
train: epoch 100, iter:40, loss: 0.0685, lr: 7.790686370876673e-05
val epoch: 100, loss: 0.3839
train: epoch 101, iter:0, loss: 0.0710, lr: 7.750000000000003e-05
train: epoch 101, iter:20, loss: 0.0685, lr: 7.750000000000003e-05
train: epoch 101, iter:40, loss: 0.0686, lr: 7.750000000000003e-05
val epoch: 101, loss: 0.3689
train: epoch 102, iter:0, loss: 0.0693, lr: 7.709066891268137e-05
train: epoch 102, iter:20, loss: 0.0693, lr: 7.709066891268137e-05
train: epoch 102, iter:40, loss: 0.0688, lr: 7.709066891268137e-05
val epoch: 102, loss: 0.3882
train: epoch 103, iter:0, loss: 0.0737, lr: 7.667891533457722e-05
train: epoch 103, iter:20, loss: 0.0694, lr: 7.667891533457722e-05
train: epoch 103, iter:40, loss: 0.0673, lr: 7.667891533457722e-05
val epoch: 103, loss: 0.3928
train: epoch 104, iter:0, loss: 0.0801, lr: 7.626478441910747e-05
train: epoch 104, iter:20, loss: 0.0663, lr: 7.626478441910747e-05
train: epoch 104, iter:40, loss: 0.0673, lr: 7.626478441910747e-05
val epoch: 104, loss: 0.4048
train: epoch 105, iter:0, loss: 0.0664, lr: 7.584832158039382e-05
train: epoch 105, iter:20, loss: 0.0675, lr: 7.584832158039382e-05
train: epoch 105, iter:40, loss: 0.0680, lr: 7.584832158039382e-05
val epoch: 105, loss: 0.4025
train: epoch 106, iter:0, loss: 0.0652, lr: 7.542957248827964e-05
train: epoch 106, iter:20, loss: 0.0672, lr: 7.542957248827964e-05
train: epoch 106, iter:40, loss: 0.0685, lr: 7.542957248827964e-05
val epoch: 106, loss: 0.3981
train: epoch 107, iter:0, loss: 0.0607, lr: 7.500858306332177e-05
train: epoch 107, iter:20, loss: 0.0644, lr: 7.500858306332177e-05
train: epoch 107, iter:40, loss: 0.0654, lr: 7.500858306332177e-05
val epoch: 107, loss: 0.3919
train: epoch 108, iter:0, loss: 0.0627, lr: 7.458539947175478e-05
train: epoch 108, iter:20, loss: 0.0665, lr: 7.458539947175478e-05
train: epoch 108, iter:40, loss: 0.0663, lr: 7.458539947175478e-05
val epoch: 108, loss: 0.3880
train: epoch 109, iter:0, loss: 0.0690, lr: 7.41600681204283e-05
train: epoch 109, iter:20, loss: 0.0653, lr: 7.41600681204283e-05
train: epoch 109, iter:40, loss: 0.0659, lr: 7.41600681204283e-05
val epoch: 109, loss: 0.3894
train: epoch 110, iter:0, loss: 0.0808, lr: 7.373263565171809e-05
train: epoch 110, iter:20, loss: 0.0649, lr: 7.373263565171809e-05
train: epoch 110, iter:40, loss: 0.0660, lr: 7.373263565171809e-05
val epoch: 110, loss: 0.3835
train: epoch 111, iter:0, loss: 0.0584, lr: 7.330314893841104e-05
train: epoch 111, iter:20, loss: 0.0657, lr: 7.330314893841104e-05
train: epoch 111, iter:40, loss: 0.0660, lr: 7.330314893841104e-05
val epoch: 111, loss: 0.3924
train: epoch 112, iter:0, loss: 0.0661, lr: 7.287165507856516e-05
train: epoch 112, iter:20, loss: 0.0652, lr: 7.287165507856516e-05
train: epoch 112, iter:40, loss: 0.0645, lr: 7.287165507856516e-05
val epoch: 112, loss: 0.4005
train: epoch 113, iter:0, loss: 0.0591, lr: 7.243820139034467e-05
train: epoch 113, iter:20, loss: 0.0647, lr: 7.243820139034467e-05
train: epoch 113, iter:40, loss: 0.0645, lr: 7.243820139034467e-05
val epoch: 113, loss: 0.4029
train: epoch 114, iter:0, loss: 0.0603, lr: 7.200283540683105e-05
train: epoch 114, iter:20, loss: 0.0651, lr: 7.200283540683105e-05
train: epoch 114, iter:40, loss: 0.0648, lr: 7.200283540683105e-05
val epoch: 114, loss: 0.4027
train: epoch 115, iter:0, loss: 0.0596, lr: 7.156560487081054e-05
train: epoch 115, iter:20, loss: 0.0644, lr: 7.156560487081054e-05
train: epoch 115, iter:40, loss: 0.0655, lr: 7.156560487081054e-05
val epoch: 115, loss: 0.4029
train: epoch 116, iter:0, loss: 0.0698, lr: 7.112655772953852e-05
train: epoch 116, iter:20, loss: 0.0670, lr: 7.112655772953852e-05
train: epoch 116, iter:40, loss: 0.0661, lr: 7.112655772953852e-05
val epoch: 116, loss: 0.4073
train: epoch 117, iter:0, loss: 0.0632, lr: 7.06857421294817e-05
train: epoch 117, iter:20, loss: 0.0642, lr: 7.06857421294817e-05
train: epoch 117, iter:40, loss: 0.0632, lr: 7.06857421294817e-05
val epoch: 117, loss: 0.4155
train: epoch 118, iter:0, loss: 0.0599, lr: 7.024320641103815e-05
train: epoch 118, iter:20, loss: 0.0690, lr: 7.024320641103815e-05
train: epoch 118, iter:40, loss: 0.0674, lr: 7.024320641103815e-05
val epoch: 118, loss: 0.3885
train: epoch 119, iter:0, loss: 0.0670, lr: 6.979899910323627e-05
train: epoch 119, iter:20, loss: 0.0643, lr: 6.979899910323627e-05
train: epoch 119, iter:40, loss: 0.0638, lr: 6.979899910323627e-05
val epoch: 119, loss: 0.3962
train: epoch 120, iter:0, loss: 0.0547, lr: 6.935316891841318e-05
train: epoch 120, iter:20, loss: 0.0609, lr: 6.935316891841318e-05
train: epoch 120, iter:40, loss: 0.0618, lr: 6.935316891841318e-05
val epoch: 120, loss: 0.3979, miou: 0.8038822077322355, f1_or_dsc: 0.8912801559729804, accuracy: 0.9479329515211653, specificity: 0.9708249881431967, sensitivity: 0.8767797985211478
train: epoch 121, iter:0, loss: 0.0577, lr: 6.890576474687267e-05
train: epoch 121, iter:20, loss: 0.0607, lr: 6.890576474687267e-05
train: epoch 121, iter:40, loss: 0.0612, lr: 6.890576474687267e-05
val epoch: 121, loss: 0.4102
train: epoch 122, iter:0, loss: 0.0585, lr: 6.845683565152394e-05
train: epoch 122, iter:20, loss: 0.0630, lr: 6.845683565152394e-05
train: epoch 122, iter:40, loss: 0.0628, lr: 6.845683565152394e-05
val epoch: 122, loss: 0.4046
train: epoch 123, iter:0, loss: 0.0678, lr: 6.800643086250126e-05
train: epoch 123, iter:20, loss: 0.0608, lr: 6.800643086250126e-05
train: epoch 123, iter:40, loss: 0.0620, lr: 6.800643086250126e-05
val epoch: 123, loss: 0.4047
train: epoch 124, iter:0, loss: 0.0591, lr: 6.755459977176537e-05
train: epoch 124, iter:20, loss: 0.0620, lr: 6.755459977176537e-05
train: epoch 124, iter:40, loss: 0.0624, lr: 6.755459977176537e-05
val epoch: 124, loss: 0.4067
train: epoch 125, iter:0, loss: 0.0606, lr: 6.710139192768701e-05
train: epoch 125, iter:20, loss: 0.0604, lr: 6.710139192768701e-05
train: epoch 125, iter:40, loss: 0.0607, lr: 6.710139192768701e-05
val epoch: 125, loss: 0.4214
train: epoch 126, iter:0, loss: 0.0662, lr: 6.66468570296135e-05
train: epoch 126, iter:20, loss: 0.0598, lr: 6.66468570296135e-05
train: epoch 126, iter:40, loss: 0.0605, lr: 6.66468570296135e-05
val epoch: 126, loss: 0.4107
train: epoch 127, iter:0, loss: 0.0621, lr: 6.619104492241852e-05
train: epoch 127, iter:20, loss: 0.0593, lr: 6.619104492241852e-05
train: epoch 127, iter:40, loss: 0.0605, lr: 6.619104492241852e-05
val epoch: 127, loss: 0.4312
train: epoch 128, iter:0, loss: 0.0620, lr: 6.57340055910362e-05
train: epoch 128, iter:20, loss: 0.0606, lr: 6.57340055910362e-05
train: epoch 128, iter:40, loss: 0.0609, lr: 6.57340055910362e-05
val epoch: 128, loss: 0.3920
train: epoch 129, iter:0, loss: 0.0601, lr: 6.527578915497956e-05
train: epoch 129, iter:20, loss: 0.0601, lr: 6.527578915497956e-05
train: epoch 129, iter:40, loss: 0.0598, lr: 6.527578915497956e-05
val epoch: 129, loss: 0.4050
train: epoch 130, iter:0, loss: 0.0604, lr: 6.481644586284449e-05
train: epoch 130, iter:20, loss: 0.0604, lr: 6.481644586284449e-05
train: epoch 130, iter:40, loss: 0.0615, lr: 6.481644586284449e-05
val epoch: 130, loss: 0.4087
train: epoch 131, iter:0, loss: 0.0579, lr: 6.435602608679923e-05
train: epoch 131, iter:20, loss: 0.0588, lr: 6.435602608679923e-05
train: epoch 131, iter:40, loss: 0.0590, lr: 6.435602608679923e-05
val epoch: 131, loss: 0.4132
train: epoch 132, iter:0, loss: 0.0586, lr: 6.389458031706073e-05
train: epoch 132, iter:20, loss: 0.0605, lr: 6.389458031706073e-05
train: epoch 132, iter:40, loss: 0.0595, lr: 6.389458031706073e-05
val epoch: 132, loss: 0.4049
train: epoch 133, iter:0, loss: 0.0595, lr: 6.343215915635769e-05
train: epoch 133, iter:20, loss: 0.0574, lr: 6.343215915635769e-05
train: epoch 133, iter:40, loss: 0.0576, lr: 6.343215915635769e-05
val epoch: 133, loss: 0.4161
train: epoch 134, iter:0, loss: 0.0559, lr: 6.296881331438133e-05
train: epoch 134, iter:20, loss: 0.0608, lr: 6.296881331438133e-05
train: epoch 134, iter:40, loss: 0.0587, lr: 6.296881331438133e-05
val epoch: 134, loss: 0.4227
train: epoch 135, iter:0, loss: 0.0687, lr: 6.250459360222469e-05
train: epoch 135, iter:20, loss: 0.0581, lr: 6.250459360222469e-05
train: epoch 135, iter:40, loss: 0.0580, lr: 6.250459360222469e-05
val epoch: 135, loss: 0.4259
train: epoch 136, iter:0, loss: 0.0576, lr: 6.203955092681049e-05
train: epoch 136, iter:20, loss: 0.0575, lr: 6.203955092681049e-05
train: epoch 136, iter:40, loss: 0.0582, lr: 6.203955092681049e-05
val epoch: 136, loss: 0.4187
train: epoch 137, iter:0, loss: 0.0608, lr: 6.157373628530863e-05
train: epoch 137, iter:20, loss: 0.0587, lr: 6.157373628530863e-05
train: epoch 137, iter:40, loss: 0.0585, lr: 6.157373628530863e-05
val epoch: 137, loss: 0.4094
train: epoch 138, iter:0, loss: 0.0592, lr: 6.11072007595438e-05
train: epoch 138, iter:20, loss: 0.0562, lr: 6.11072007595438e-05
train: epoch 138, iter:40, loss: 0.0571, lr: 6.11072007595438e-05
val epoch: 138, loss: 0.4124
train: epoch 139, iter:0, loss: 0.0540, lr: 6.06399955103938e-05
train: epoch 139, iter:20, loss: 0.0558, lr: 6.06399955103938e-05
train: epoch 139, iter:40, loss: 0.0569, lr: 6.06399955103938e-05
val epoch: 139, loss: 0.4179
train: epoch 140, iter:0, loss: 0.0559, lr: 6.017217177217911e-05
train: epoch 140, iter:20, loss: 0.0565, lr: 6.017217177217911e-05
train: epoch 140, iter:40, loss: 0.0563, lr: 6.017217177217911e-05
val epoch: 140, loss: 0.4060
train: epoch 141, iter:0, loss: 0.0569, lr: 5.970378084704452e-05
train: epoch 141, iter:20, loss: 0.0602, lr: 5.970378084704452e-05
train: epoch 141, iter:40, loss: 0.0580, lr: 5.970378084704452e-05
val epoch: 141, loss: 0.4126
train: epoch 142, iter:0, loss: 0.0535, lr: 5.923487409933326e-05
train: epoch 142, iter:20, loss: 0.0564, lr: 5.923487409933326e-05
train: epoch 142, iter:40, loss: 0.0570, lr: 5.923487409933326e-05
val epoch: 142, loss: 0.4189
train: epoch 143, iter:0, loss: 0.0473, lr: 5.8765502949954305e-05
train: epoch 143, iter:20, loss: 0.0571, lr: 5.8765502949954305e-05
train: epoch 143, iter:40, loss: 0.0568, lr: 5.8765502949954305e-05
val epoch: 143, loss: 0.4139
train: epoch 144, iter:0, loss: 0.0616, lr: 5.8295718870743535e-05
train: epoch 144, iter:20, loss: 0.0561, lr: 5.8295718870743535e-05
train: epoch 144, iter:40, loss: 0.0565, lr: 5.8295718870743535e-05
val epoch: 144, loss: 0.3992
train: epoch 145, iter:0, loss: 0.0570, lr: 5.782557337881921e-05
train: epoch 145, iter:20, loss: 0.0562, lr: 5.782557337881921e-05
train: epoch 145, iter:40, loss: 0.0559, lr: 5.782557337881921e-05
val epoch: 145, loss: 0.4023
train: epoch 146, iter:0, loss: 0.0544, lr: 5.7355118030932584e-05
train: epoch 146, iter:20, loss: 0.0548, lr: 5.7355118030932584e-05
train: epoch 146, iter:40, loss: 0.0550, lr: 5.7355118030932584e-05
val epoch: 146, loss: 0.4208
train: epoch 147, iter:0, loss: 0.0589, lr: 5.68844044178141e-05
train: epoch 147, iter:20, loss: 0.0549, lr: 5.68844044178141e-05
train: epoch 147, iter:40, loss: 0.0553, lr: 5.68844044178141e-05
val epoch: 147, loss: 0.4122
train: epoch 148, iter:0, loss: 0.0578, lr: 5.641348415851587e-05
train: epoch 148, iter:20, loss: 0.0560, lr: 5.641348415851587e-05
train: epoch 148, iter:40, loss: 0.0557, lr: 5.641348415851587e-05
val epoch: 148, loss: 0.4178
train: epoch 149, iter:0, loss: 0.0538, lr: 5.594240889475117e-05
train: epoch 149, iter:20, loss: 0.0549, lr: 5.594240889475117e-05
train: epoch 149, iter:40, loss: 0.0548, lr: 5.594240889475117e-05
val epoch: 149, loss: 0.4182
train: epoch 150, iter:0, loss: 0.0553, lr: 5.547123028523116e-05
train: epoch 150, iter:20, loss: 0.0545, lr: 5.547123028523116e-05
train: epoch 150, iter:40, loss: 0.0545, lr: 5.547123028523116e-05
val epoch: 150, loss: 0.4122, miou: 0.8048671589083707, f1_or_dsc: 0.8918852059950769, accuracy: 0.9480283944913657, specificity: 0.9697002485828933, sensitivity: 0.8806678194831783
train: epoch 151, iter:0, loss: 0.0486, lr: 5.5000000000000104e-05
train: epoch 151, iter:20, loss: 0.0528, lr: 5.5000000000000104e-05
train: epoch 151, iter:40, loss: 0.0536, lr: 5.5000000000000104e-05
val epoch: 151, loss: 0.4270
train: epoch 152, iter:0, loss: 0.0625, lr: 5.4528769714769045e-05
train: epoch 152, iter:20, loss: 0.0564, lr: 5.4528769714769045e-05
train: epoch 152, iter:40, loss: 0.0560, lr: 5.4528769714769045e-05
val epoch: 152, loss: 0.4079
train: epoch 153, iter:0, loss: 0.0527, lr: 5.405759110524905e-05
train: epoch 153, iter:20, loss: 0.0560, lr: 5.405759110524905e-05
train: epoch 153, iter:40, loss: 0.0561, lr: 5.405759110524905e-05
val epoch: 153, loss: 0.4196
train: epoch 154, iter:0, loss: 0.0512, lr: 5.3586515841484326e-05
train: epoch 154, iter:20, loss: 0.0541, lr: 5.3586515841484326e-05
train: epoch 154, iter:40, loss: 0.0542, lr: 5.3586515841484326e-05
val epoch: 154, loss: 0.4334
train: epoch 155, iter:0, loss: 0.0497, lr: 5.311559558218611e-05
train: epoch 155, iter:20, loss: 0.0541, lr: 5.311559558218611e-05
train: epoch 155, iter:40, loss: 0.0541, lr: 5.311559558218611e-05
val epoch: 155, loss: 0.4249
train: epoch 156, iter:0, loss: 0.0508, lr: 5.264488196906762e-05
train: epoch 156, iter:20, loss: 0.0538, lr: 5.264488196906762e-05
train: epoch 156, iter:40, loss: 0.0550, lr: 5.264488196906762e-05
val epoch: 156, loss: 0.4228
train: epoch 157, iter:0, loss: 0.0500, lr: 5.2174426621181e-05
train: epoch 157, iter:20, loss: 0.0522, lr: 5.2174426621181e-05
train: epoch 157, iter:40, loss: 0.0528, lr: 5.2174426621181e-05
val epoch: 157, loss: 0.4058
train: epoch 158, iter:0, loss: 0.0483, lr: 5.170428112925667e-05
train: epoch 158, iter:20, loss: 0.0533, lr: 5.170428112925667e-05
train: epoch 158, iter:40, loss: 0.0530, lr: 5.170428112925667e-05
val epoch: 158, loss: 0.4133
train: epoch 159, iter:0, loss: 0.0535, lr: 5.123449705004589e-05
train: epoch 159, iter:20, loss: 0.0521, lr: 5.123449705004589e-05
train: epoch 159, iter:40, loss: 0.0528, lr: 5.123449705004589e-05
val epoch: 159, loss: 0.4306
train: epoch 160, iter:0, loss: 0.0532, lr: 5.076512590066694e-05
train: epoch 160, iter:20, loss: 0.0541, lr: 5.076512590066694e-05
train: epoch 160, iter:40, loss: 0.0533, lr: 5.076512590066694e-05
val epoch: 160, loss: 0.4236
train: epoch 161, iter:0, loss: 0.0500, lr: 5.0296219152955685e-05
train: epoch 161, iter:20, loss: 0.0527, lr: 5.0296219152955685e-05
train: epoch 161, iter:40, loss: 0.0524, lr: 5.0296219152955685e-05
val epoch: 161, loss: 0.4216
train: epoch 162, iter:0, loss: 0.0518, lr: 4.982782822782109e-05
train: epoch 162, iter:20, loss: 0.0523, lr: 4.982782822782109e-05
train: epoch 162, iter:40, loss: 0.0529, lr: 4.982782822782109e-05
val epoch: 162, loss: 0.4252
train: epoch 163, iter:0, loss: 0.0514, lr: 4.9360004489606395e-05
train: epoch 163, iter:20, loss: 0.0509, lr: 4.9360004489606395e-05
train: epoch 163, iter:40, loss: 0.0518, lr: 4.9360004489606395e-05
val epoch: 163, loss: 0.4305
train: epoch 164, iter:0, loss: 0.0520, lr: 4.889279924045639e-05
train: epoch 164, iter:20, loss: 0.0529, lr: 4.889279924045639e-05
train: epoch 164, iter:40, loss: 0.0522, lr: 4.889279924045639e-05
val epoch: 164, loss: 0.4326
train: epoch 165, iter:0, loss: 0.0491, lr: 4.842626371469157e-05
train: epoch 165, iter:20, loss: 0.0517, lr: 4.842626371469157e-05
train: epoch 165, iter:40, loss: 0.0521, lr: 4.842626371469157e-05
val epoch: 165, loss: 0.4326
train: epoch 166, iter:0, loss: 0.0505, lr: 4.79604490731897e-05
train: epoch 166, iter:20, loss: 0.0532, lr: 4.79604490731897e-05
train: epoch 166, iter:40, loss: 0.0523, lr: 4.79604490731897e-05
val epoch: 166, loss: 0.4249
train: epoch 167, iter:0, loss: 0.0496, lr: 4.749540639777547e-05
train: epoch 167, iter:20, loss: 0.0507, lr: 4.749540639777547e-05
train: epoch 167, iter:40, loss: 0.0517, lr: 4.749540639777547e-05
val epoch: 167, loss: 0.4454
train: epoch 168, iter:0, loss: 0.0508, lr: 4.703118668561883e-05
train: epoch 168, iter:20, loss: 0.0515, lr: 4.703118668561883e-05
train: epoch 168, iter:40, loss: 0.0520, lr: 4.703118668561883e-05
val epoch: 168, loss: 0.4308
train: epoch 169, iter:0, loss: 0.0510, lr: 4.656784084364247e-05
train: epoch 169, iter:20, loss: 0.0503, lr: 4.656784084364247e-05
train: epoch 169, iter:40, loss: 0.0512, lr: 4.656784084364247e-05
val epoch: 169, loss: 0.4512
train: epoch 170, iter:0, loss: 0.0491, lr: 4.61054196829394e-05
train: epoch 170, iter:20, loss: 0.0498, lr: 4.61054196829394e-05
train: epoch 170, iter:40, loss: 0.0514, lr: 4.61054196829394e-05
val epoch: 170, loss: 0.4464
train: epoch 171, iter:0, loss: 0.0532, lr: 4.564397391320091e-05
train: epoch 171, iter:20, loss: 0.0505, lr: 4.564397391320091e-05
train: epoch 171, iter:40, loss: 0.0507, lr: 4.564397391320091e-05
val epoch: 171, loss: 0.4376
train: epoch 172, iter:0, loss: 0.0496, lr: 4.518355413715567e-05
train: epoch 172, iter:20, loss: 0.0509, lr: 4.518355413715567e-05
train: epoch 172, iter:40, loss: 0.0507, lr: 4.518355413715567e-05
val epoch: 172, loss: 0.4350
train: epoch 173, iter:0, loss: 0.0497, lr: 4.472421084502058e-05
train: epoch 173, iter:20, loss: 0.0510, lr: 4.472421084502058e-05
train: epoch 173, iter:40, loss: 0.0507, lr: 4.472421084502058e-05
val epoch: 173, loss: 0.4331
train: epoch 174, iter:0, loss: 0.0458, lr: 4.426599440896395e-05
train: epoch 174, iter:20, loss: 0.0506, lr: 4.426599440896395e-05
train: epoch 174, iter:40, loss: 0.0502, lr: 4.426599440896395e-05
val epoch: 174, loss: 0.4440
train: epoch 175, iter:0, loss: 0.0498, lr: 4.380895507758162e-05
train: epoch 175, iter:20, loss: 0.0506, lr: 4.380895507758162e-05
train: epoch 175, iter:40, loss: 0.0505, lr: 4.380895507758162e-05
val epoch: 175, loss: 0.4315
train: epoch 176, iter:0, loss: 0.0453, lr: 4.335314297038665e-05
train: epoch 176, iter:20, loss: 0.0512, lr: 4.335314297038665e-05
train: epoch 176, iter:40, loss: 0.0511, lr: 4.335314297038665e-05
val epoch: 176, loss: 0.4387
train: epoch 177, iter:0, loss: 0.0588, lr: 4.289860807231313e-05
train: epoch 177, iter:20, loss: 0.0492, lr: 4.289860807231313e-05
train: epoch 177, iter:40, loss: 0.0499, lr: 4.289860807231313e-05
val epoch: 177, loss: 0.4394
train: epoch 178, iter:0, loss: 0.0472, lr: 4.2445400228234754e-05
train: epoch 178, iter:20, loss: 0.0483, lr: 4.2445400228234754e-05
train: epoch 178, iter:40, loss: 0.0496, lr: 4.2445400228234754e-05
val epoch: 178, loss: 0.4500
train: epoch 179, iter:0, loss: 0.0646, lr: 4.1993569137498844e-05
train: epoch 179, iter:20, loss: 0.0503, lr: 4.1993569137498844e-05
train: epoch 179, iter:40, loss: 0.0498, lr: 4.1993569137498844e-05
val epoch: 179, loss: 0.4407
train: epoch 180, iter:0, loss: 0.0421, lr: 4.154316434847618e-05
train: epoch 180, iter:20, loss: 0.0496, lr: 4.154316434847618e-05
train: epoch 180, iter:40, loss: 0.0501, lr: 4.154316434847618e-05
val epoch: 180, loss: 0.4515, miou: 0.8005542544864757, f1_or_dsc: 0.8892309159712564, accuracy: 0.9466631294477104, specificity: 0.968265051850067, sensitivity: 0.8795199164969626
train: epoch 181, iter:0, loss: 0.0422, lr: 4.109423525312744e-05
train: epoch 181, iter:20, loss: 0.0535, lr: 4.109423525312744e-05
train: epoch 181, iter:40, loss: 0.0521, lr: 4.109423525312744e-05
val epoch: 181, loss: 0.4247
train: epoch 182, iter:0, loss: 0.0535, lr: 4.064683108158692e-05
train: epoch 182, iter:20, loss: 0.0515, lr: 4.064683108158692e-05
train: epoch 182, iter:40, loss: 0.0503, lr: 4.064683108158692e-05
val epoch: 182, loss: 0.4246
train: epoch 183, iter:0, loss: 0.0510, lr: 4.020100089676382e-05
train: epoch 183, iter:20, loss: 0.0498, lr: 4.020100089676382e-05
train: epoch 183, iter:40, loss: 0.0494, lr: 4.020100089676382e-05
val epoch: 183, loss: 0.4487
train: epoch 184, iter:0, loss: 0.0459, lr: 3.975679358896196e-05
train: epoch 184, iter:20, loss: 0.0482, lr: 3.975679358896196e-05
train: epoch 184, iter:40, loss: 0.0490, lr: 3.975679358896196e-05
val epoch: 184, loss: 0.4316
train: epoch 185, iter:0, loss: 0.0544, lr: 3.931425787051839e-05
train: epoch 185, iter:20, loss: 0.0490, lr: 3.931425787051839e-05
train: epoch 185, iter:40, loss: 0.0486, lr: 3.931425787051839e-05
val epoch: 185, loss: 0.4535
train: epoch 186, iter:0, loss: 0.0480, lr: 3.8873442270461565e-05
train: epoch 186, iter:20, loss: 0.0495, lr: 3.8873442270461565e-05
train: epoch 186, iter:40, loss: 0.0487, lr: 3.8873442270461565e-05
val epoch: 186, loss: 0.4381
train: epoch 187, iter:0, loss: 0.0470, lr: 3.843439512918957e-05
train: epoch 187, iter:20, loss: 0.0481, lr: 3.843439512918957e-05
train: epoch 187, iter:40, loss: 0.0483, lr: 3.843439512918957e-05
val epoch: 187, loss: 0.4429
train: epoch 188, iter:0, loss: 0.0491, lr: 3.7997164593169046e-05
train: epoch 188, iter:20, loss: 0.0492, lr: 3.7997164593169046e-05
train: epoch 188, iter:40, loss: 0.0491, lr: 3.7997164593169046e-05
val epoch: 188, loss: 0.4550
train: epoch 189, iter:0, loss: 0.0494, lr: 3.756179860965544e-05
train: epoch 189, iter:20, loss: 0.0490, lr: 3.756179860965544e-05
train: epoch 189, iter:40, loss: 0.0488, lr: 3.756179860965544e-05
val epoch: 189, loss: 0.4528
train: epoch 190, iter:0, loss: 0.0463, lr: 3.7128344921434934e-05
train: epoch 190, iter:20, loss: 0.0491, lr: 3.7128344921434934e-05
train: epoch 190, iter:40, loss: 0.0484, lr: 3.7128344921434934e-05
val epoch: 190, loss: 0.4516
train: epoch 191, iter:0, loss: 0.0505, lr: 3.669685106158906e-05
train: epoch 191, iter:20, loss: 0.0481, lr: 3.669685106158906e-05
train: epoch 191, iter:40, loss: 0.0479, lr: 3.669685106158906e-05
val epoch: 191, loss: 0.4357
train: epoch 192, iter:0, loss: 0.0442, lr: 3.6267364348282024e-05
train: epoch 192, iter:20, loss: 0.0483, lr: 3.6267364348282024e-05
train: epoch 192, iter:40, loss: 0.0483, lr: 3.6267364348282024e-05
val epoch: 192, loss: 0.4389
train: epoch 193, iter:0, loss: 0.0529, lr: 3.58399318795718e-05
train: epoch 193, iter:20, loss: 0.0484, lr: 3.58399318795718e-05
train: epoch 193, iter:40, loss: 0.0480, lr: 3.58399318795718e-05
val epoch: 193, loss: 0.4477
train: epoch 194, iter:0, loss: 0.0494, lr: 3.541460052824533e-05
train: epoch 194, iter:20, loss: 0.0474, lr: 3.541460052824533e-05
train: epoch 194, iter:40, loss: 0.0477, lr: 3.541460052824533e-05
val epoch: 194, loss: 0.4529
train: epoch 195, iter:0, loss: 0.0488, lr: 3.499141693667834e-05
train: epoch 195, iter:20, loss: 0.0470, lr: 3.499141693667834e-05
train: epoch 195, iter:40, loss: 0.0471, lr: 3.499141693667834e-05
val epoch: 195, loss: 0.4415
train: epoch 196, iter:0, loss: 0.0435, lr: 3.4570427511720465e-05
train: epoch 196, iter:20, loss: 0.0478, lr: 3.4570427511720465e-05
train: epoch 196, iter:40, loss: 0.0477, lr: 3.4570427511720465e-05
val epoch: 196, loss: 0.4345
train: epoch 197, iter:0, loss: 0.0497, lr: 3.4151678419606305e-05
train: epoch 197, iter:20, loss: 0.0470, lr: 3.4151678419606305e-05
train: epoch 197, iter:40, loss: 0.0469, lr: 3.4151678419606305e-05
val epoch: 197, loss: 0.4426
train: epoch 198, iter:0, loss: 0.0468, lr: 3.373521558089265e-05
train: epoch 198, iter:20, loss: 0.0466, lr: 3.373521558089265e-05
train: epoch 198, iter:40, loss: 0.0473, lr: 3.373521558089265e-05
val epoch: 198, loss: 0.4410
train: epoch 199, iter:0, loss: 0.0454, lr: 3.332108466542288e-05
train: epoch 199, iter:20, loss: 0.0477, lr: 3.332108466542288e-05
train: epoch 199, iter:40, loss: 0.0476, lr: 3.332108466542288e-05
val epoch: 199, loss: 0.4389
train: epoch 200, iter:0, loss: 0.0465, lr: 3.290933108731874e-05
train: epoch 200, iter:20, loss: 0.0464, lr: 3.290933108731874e-05
train: epoch 200, iter:40, loss: 0.0469, lr: 3.290933108731874e-05
val epoch: 200, loss: 0.4513
train: epoch 201, iter:0, loss: 0.0470, lr: 3.2500000000000065e-05
train: epoch 201, iter:20, loss: 0.0468, lr: 3.2500000000000065e-05
train: epoch 201, iter:40, loss: 0.0472, lr: 3.2500000000000065e-05
val epoch: 201, loss: 0.4486
train: epoch 202, iter:0, loss: 0.0429, lr: 3.2093136291233364e-05
train: epoch 202, iter:20, loss: 0.0456, lr: 3.2093136291233364e-05
train: epoch 202, iter:40, loss: 0.0462, lr: 3.2093136291233364e-05
val epoch: 202, loss: 0.4484
train: epoch 203, iter:0, loss: 0.0424, lr: 3.1688784578209223e-05
train: epoch 203, iter:20, loss: 0.0460, lr: 3.1688784578209223e-05
train: epoch 203, iter:40, loss: 0.0462, lr: 3.1688784578209223e-05
val epoch: 203, loss: 0.4369
train: epoch 204, iter:0, loss: 0.0460, lr: 3.128698920264959e-05
train: epoch 204, iter:20, loss: 0.0455, lr: 3.128698920264959e-05
train: epoch 204, iter:40, loss: 0.0455, lr: 3.128698920264959e-05
val epoch: 204, loss: 0.4416
train: epoch 205, iter:0, loss: 0.0467, lr: 3.088779422594524e-05
train: epoch 205, iter:20, loss: 0.0467, lr: 3.088779422594524e-05
train: epoch 205, iter:40, loss: 0.0462, lr: 3.088779422594524e-05
val epoch: 205, loss: 0.4379
train: epoch 206, iter:0, loss: 0.0377, lr: 3.0491243424323874e-05
train: epoch 206, iter:20, loss: 0.0449, lr: 3.0491243424323874e-05
train: epoch 206, iter:40, loss: 0.0457, lr: 3.0491243424323874e-05
val epoch: 206, loss: 0.4460
train: epoch 207, iter:0, loss: 0.0536, lr: 3.0097380284049598e-05
train: epoch 207, iter:20, loss: 0.0464, lr: 3.0097380284049598e-05
train: epoch 207, iter:40, loss: 0.0469, lr: 3.0097380284049598e-05
val epoch: 207, loss: 0.4481
train: epoch 208, iter:0, loss: 0.0467, lr: 2.9706247996654208e-05
train: epoch 208, iter:20, loss: 0.0463, lr: 2.9706247996654208e-05
train: epoch 208, iter:40, loss: 0.0464, lr: 2.9706247996654208e-05
val epoch: 208, loss: 0.4388
train: epoch 209, iter:0, loss: 0.0503, lr: 2.931788945420065e-05
train: epoch 209, iter:20, loss: 0.0456, lr: 2.931788945420065e-05
train: epoch 209, iter:40, loss: 0.0456, lr: 2.931788945420065e-05
val epoch: 209, loss: 0.4457
train: epoch 210, iter:0, loss: 0.0443, lr: 2.893234724457952e-05
train: epoch 210, iter:20, loss: 0.0457, lr: 2.893234724457952e-05
train: epoch 210, iter:40, loss: 0.0459, lr: 2.893234724457952e-05
val epoch: 210, loss: 0.4889, miou: 0.7905388218037184, f1_or_dsc: 0.8830177957352086, accuracy: 0.9445939772199876, specificity: 0.9721093742765391, sensitivity: 0.8590704701180977
train: epoch 211, iter:0, loss: 0.0428, lr: 2.8549663646838785e-05
train: epoch 211, iter:20, loss: 0.0451, lr: 2.8549663646838785e-05
train: epoch 211, iter:40, loss: 0.0455, lr: 2.8549663646838785e-05
val epoch: 211, loss: 0.4650
train: epoch 212, iter:0, loss: 0.0431, lr: 2.8169880626547352e-05
train: epoch 212, iter:20, loss: 0.0446, lr: 2.8169880626547352e-05
train: epoch 212, iter:40, loss: 0.0454, lr: 2.8169880626547352e-05
val epoch: 212, loss: 0.4613
train: epoch 213, iter:0, loss: 0.0479, lr: 2.7793039831193204e-05
train: epoch 213, iter:20, loss: 0.0460, lr: 2.7793039831193204e-05
train: epoch 213, iter:40, loss: 0.0461, lr: 2.7793039831193204e-05
val epoch: 213, loss: 0.4492
train: epoch 214, iter:0, loss: 0.0473, lr: 2.7419182585616138e-05
train: epoch 214, iter:20, loss: 0.0452, lr: 2.7419182585616138e-05
train: epoch 214, iter:40, loss: 0.0458, lr: 2.7419182585616138e-05
val epoch: 214, loss: 0.4625
train: epoch 215, iter:0, loss: 0.0430, lr: 2.7048349887476105e-05
train: epoch 215, iter:20, loss: 0.0458, lr: 2.7048349887476105e-05
train: epoch 215, iter:40, loss: 0.0457, lr: 2.7048349887476105e-05
val epoch: 215, loss: 0.4540
train: epoch 216, iter:0, loss: 0.0469, lr: 2.668058240275739e-05
train: epoch 216, iter:20, loss: 0.0448, lr: 2.668058240275739e-05
train: epoch 216, iter:40, loss: 0.0456, lr: 2.668058240275739e-05
val epoch: 216, loss: 0.4540
train: epoch 217, iter:0, loss: 0.0456, lr: 2.631592046130903e-05
train: epoch 217, iter:20, loss: 0.0453, lr: 2.631592046130903e-05
train: epoch 217, iter:40, loss: 0.0452, lr: 2.631592046130903e-05
val epoch: 217, loss: 0.4467
train: epoch 218, iter:0, loss: 0.0519, lr: 2.59544040524223e-05
train: epoch 218, iter:20, loss: 0.0468, lr: 2.59544040524223e-05
train: epoch 218, iter:40, loss: 0.0452, lr: 2.59544040524223e-05
val epoch: 218, loss: 0.4477
train: epoch 219, iter:0, loss: 0.0411, lr: 2.5596072820445336e-05
train: epoch 219, iter:20, loss: 0.0443, lr: 2.5596072820445336e-05
train: epoch 219, iter:40, loss: 0.0446, lr: 2.5596072820445336e-05
val epoch: 219, loss: 0.4406
train: epoch 220, iter:0, loss: 0.0410, lr: 2.5240966060435724e-05
train: epoch 220, iter:20, loss: 0.0449, lr: 2.5240966060435724e-05
train: epoch 220, iter:40, loss: 0.0457, lr: 2.5240966060435724e-05
val epoch: 220, loss: 0.4546
train: epoch 221, iter:0, loss: 0.0484, lr: 2.4889122713851445e-05
train: epoch 221, iter:20, loss: 0.0449, lr: 2.4889122713851445e-05
train: epoch 221, iter:40, loss: 0.0446, lr: 2.4889122713851445e-05
val epoch: 221, loss: 0.4526
train: epoch 222, iter:0, loss: 0.0449, lr: 2.4540581364280337e-05
train: epoch 222, iter:20, loss: 0.0449, lr: 2.4540581364280337e-05
train: epoch 222, iter:40, loss: 0.0453, lr: 2.4540581364280337e-05
val epoch: 222, loss: 0.4370
train: epoch 223, iter:0, loss: 0.0419, lr: 2.419538023320907e-05
train: epoch 223, iter:20, loss: 0.0449, lr: 2.419538023320907e-05
train: epoch 223, iter:40, loss: 0.0449, lr: 2.419538023320907e-05
val epoch: 223, loss: 0.4427
train: epoch 224, iter:0, loss: 0.0404, lr: 2.3853557175831762e-05
train: epoch 224, iter:20, loss: 0.0447, lr: 2.3853557175831762e-05
train: epoch 224, iter:40, loss: 0.0452, lr: 2.3853557175831762e-05
val epoch: 224, loss: 0.4453
train: epoch 225, iter:0, loss: 0.0439, lr: 2.351514967689861e-05
train: epoch 225, iter:20, loss: 0.0443, lr: 2.351514967689861e-05
train: epoch 225, iter:40, loss: 0.0445, lr: 2.351514967689861e-05
val epoch: 225, loss: 0.4483
train: epoch 226, iter:0, loss: 0.0434, lr: 2.318019484660542e-05
train: epoch 226, iter:20, loss: 0.0454, lr: 2.318019484660542e-05
train: epoch 226, iter:40, loss: 0.0450, lr: 2.318019484660542e-05
val epoch: 226, loss: 0.4555
train: epoch 227, iter:0, loss: 0.0430, lr: 2.2848729416523915e-05
train: epoch 227, iter:20, loss: 0.0442, lr: 2.2848729416523915e-05
train: epoch 227, iter:40, loss: 0.0449, lr: 2.2848729416523915e-05
val epoch: 227, loss: 0.4552
train: epoch 228, iter:0, loss: 0.0529, lr: 2.2520789735573758e-05
train: epoch 228, iter:20, loss: 0.0442, lr: 2.2520789735573758e-05
train: epoch 228, iter:40, loss: 0.0447, lr: 2.2520789735573758e-05
val epoch: 228, loss: 0.4549
train: epoch 229, iter:0, loss: 0.0450, lr: 2.2196411766036546e-05
train: epoch 229, iter:20, loss: 0.0449, lr: 2.2196411766036546e-05
train: epoch 229, iter:40, loss: 0.0443, lr: 2.2196411766036546e-05
val epoch: 229, loss: 0.4530
train: epoch 230, iter:0, loss: 0.0441, lr: 2.1875631079612026e-05
train: epoch 230, iter:20, loss: 0.0437, lr: 2.1875631079612026e-05
train: epoch 230, iter:40, loss: 0.0440, lr: 2.1875631079612026e-05
val epoch: 230, loss: 0.4515
train: epoch 231, iter:0, loss: 0.0448, lr: 2.1558482853517307e-05
train: epoch 231, iter:20, loss: 0.0438, lr: 2.1558482853517307e-05
train: epoch 231, iter:40, loss: 0.0436, lr: 2.1558482853517307e-05
val epoch: 231, loss: 0.4548
train: epoch 232, iter:0, loss: 0.0440, lr: 2.124500186662937e-05
train: epoch 232, iter:20, loss: 0.0446, lr: 2.124500186662937e-05
train: epoch 232, iter:40, loss: 0.0444, lr: 2.124500186662937e-05
val epoch: 232, loss: 0.4669
train: epoch 233, iter:0, loss: 0.0448, lr: 2.093522249567102e-05
train: epoch 233, iter:20, loss: 0.0446, lr: 2.093522249567102e-05
train: epoch 233, iter:40, loss: 0.0440, lr: 2.093522249567102e-05
val epoch: 233, loss: 0.4709
train: epoch 234, iter:0, loss: 0.0419, lr: 2.062917871144115e-05
train: epoch 234, iter:20, loss: 0.0443, lr: 2.062917871144115e-05
train: epoch 234, iter:40, loss: 0.0438, lr: 2.062917871144115e-05
val epoch: 234, loss: 0.4690
train: epoch 235, iter:0, loss: 0.0408, lr: 2.0326904075089536e-05
train: epoch 235, iter:20, loss: 0.0445, lr: 2.0326904075089536e-05
train: epoch 235, iter:40, loss: 0.0441, lr: 2.0326904075089536e-05
val epoch: 235, loss: 0.4611
train: epoch 236, iter:0, loss: 0.0429, lr: 2.0028431734436354e-05
train: epoch 236, iter:20, loss: 0.0430, lr: 2.0028431734436354e-05
train: epoch 236, iter:40, loss: 0.0438, lr: 2.0028431734436354e-05
val epoch: 236, loss: 0.4429
train: epoch 237, iter:0, loss: 0.0428, lr: 1.9733794420337255e-05
train: epoch 237, iter:20, loss: 0.0423, lr: 1.9733794420337255e-05
train: epoch 237, iter:40, loss: 0.0430, lr: 1.9733794420337255e-05
val epoch: 237, loss: 0.4486
train: epoch 238, iter:0, loss: 0.0435, lr: 1.9443024443093982e-05
train: epoch 238, iter:20, loss: 0.0435, lr: 1.9443024443093982e-05
train: epoch 238, iter:40, loss: 0.0438, lr: 1.9443024443093982e-05
val epoch: 238, loss: 0.4516
train: epoch 239, iter:0, loss: 0.0421, lr: 1.9156153688911208e-05
train: epoch 239, iter:20, loss: 0.0435, lr: 1.9156153688911208e-05
train: epoch 239, iter:40, loss: 0.0434, lr: 1.9156153688911208e-05
val epoch: 239, loss: 0.4507
train: epoch 240, iter:0, loss: 0.0403, lr: 1.8873213616399892e-05
train: epoch 240, iter:20, loss: 0.0430, lr: 1.8873213616399892e-05
train: epoch 240, iter:40, loss: 0.0434, lr: 1.8873213616399892e-05
val epoch: 240, loss: 0.4519, miou: 0.8048128020128188, f1_or_dsc: 0.8918518320739423, accuracy: 0.9479857152051264, specificity: 0.9695092767363768, sensitivity: 0.8810860639410514
train: epoch 241, iter:0, loss: 0.0414, lr: 1.859423525312741e-05
train: epoch 241, iter:20, loss: 0.0425, lr: 1.859423525312741e-05
train: epoch 241, iter:40, loss: 0.0427, lr: 1.859423525312741e-05
val epoch: 241, loss: 0.4611
train: epoch 242, iter:0, loss: 0.0411, lr: 1.8319249192215093e-05
train: epoch 242, iter:20, loss: 0.0437, lr: 1.8319249192215093e-05
train: epoch 242, iter:40, loss: 0.0439, lr: 1.8319249192215093e-05
val epoch: 242, loss: 0.4619
train: epoch 243, iter:0, loss: 0.0483, lr: 1.8048285588983354e-05
train: epoch 243, iter:20, loss: 0.0436, lr: 1.8048285588983354e-05
train: epoch 243, iter:40, loss: 0.0432, lr: 1.8048285588983354e-05
val epoch: 243, loss: 0.4651
train: epoch 244, iter:0, loss: 0.0496, lr: 1.7781374157644745e-05
train: epoch 244, iter:20, loss: 0.0434, lr: 1.7781374157644745e-05
train: epoch 244, iter:40, loss: 0.0434, lr: 1.7781374157644745e-05
val epoch: 244, loss: 0.4599
train: epoch 245, iter:0, loss: 0.0379, lr: 1.7518544168045555e-05
train: epoch 245, iter:20, loss: 0.0428, lr: 1.7518544168045555e-05
train: epoch 245, iter:40, loss: 0.0429, lr: 1.7518544168045555e-05
val epoch: 245, loss: 0.4639
train: epoch 246, iter:0, loss: 0.0394, lr: 1.7259824442455953e-05
train: epoch 246, iter:20, loss: 0.0433, lr: 1.7259824442455953e-05
train: epoch 246, iter:40, loss: 0.0429, lr: 1.7259824442455953e-05
val epoch: 246, loss: 0.4599
train: epoch 247, iter:0, loss: 0.0406, lr: 1.700524335240935e-05
train: epoch 247, iter:20, loss: 0.0430, lr: 1.700524335240935e-05
train: epoch 247, iter:40, loss: 0.0431, lr: 1.700524335240935e-05
val epoch: 247, loss: 0.4597
train: epoch 248, iter:0, loss: 0.0402, lr: 1.675482881559116e-05
train: epoch 248, iter:20, loss: 0.0423, lr: 1.675482881559116e-05
train: epoch 248, iter:40, loss: 0.0426, lr: 1.675482881559116e-05
val epoch: 248, loss: 0.4573
train: epoch 249, iter:0, loss: 0.0410, lr: 1.650860829277723e-05
train: epoch 249, iter:20, loss: 0.0442, lr: 1.650860829277723e-05
train: epoch 249, iter:40, loss: 0.0433, lr: 1.650860829277723e-05
val epoch: 249, loss: 0.4561
train: epoch 250, iter:0, loss: 0.0418, lr: 1.6266608784822568e-05
train: epoch 250, iter:20, loss: 0.0418, lr: 1.6266608784822568e-05
train: epoch 250, iter:40, loss: 0.0420, lr: 1.6266608784822568e-05
val epoch: 250, loss: 0.4674
train: epoch 251, iter:0, loss: 0.0417, lr: 1.6028856829700293e-05
train: epoch 251, iter:20, loss: 0.0435, lr: 1.6028856829700293e-05
train: epoch 251, iter:40, loss: 0.0428, lr: 1.6028856829700293e-05
val epoch: 251, loss: 0.4684
train: epoch 252, iter:0, loss: 0.0400, lr: 1.5795378499591492e-05
train: epoch 252, iter:20, loss: 0.0430, lr: 1.5795378499591492e-05
train: epoch 252, iter:40, loss: 0.0429, lr: 1.5795378499591492e-05
val epoch: 252, loss: 0.4586
train: epoch 253, iter:0, loss: 0.0448, lr: 1.556619939802616e-05
train: epoch 253, iter:20, loss: 0.0437, lr: 1.556619939802616e-05
train: epoch 253, iter:40, loss: 0.0430, lr: 1.556619939802616e-05
val epoch: 253, loss: 0.4599
train: epoch 254, iter:0, loss: 0.0408, lr: 1.5341344657075372e-05
train: epoch 254, iter:20, loss: 0.0427, lr: 1.5341344657075372e-05
train: epoch 254, iter:40, loss: 0.0428, lr: 1.5341344657075372e-05
val epoch: 254, loss: 0.4709
train: epoch 255, iter:0, loss: 0.0389, lr: 1.5120838934595356e-05
train: epoch 255, iter:20, loss: 0.0432, lr: 1.5120838934595356e-05
train: epoch 255, iter:40, loss: 0.0427, lr: 1.5120838934595356e-05
val epoch: 255, loss: 0.4646
train: epoch 256, iter:0, loss: 0.0431, lr: 1.4904706411523467e-05
train: epoch 256, iter:20, loss: 0.0421, lr: 1.4904706411523467e-05
train: epoch 256, iter:40, loss: 0.0421, lr: 1.4904706411523467e-05
val epoch: 256, loss: 0.4668
train: epoch 257, iter:0, loss: 0.0446, lr: 1.4692970789226446e-05
train: epoch 257, iter:20, loss: 0.0438, lr: 1.4692970789226446e-05
train: epoch 257, iter:40, loss: 0.0432, lr: 1.4692970789226446e-05
val epoch: 257, loss: 0.4524
train: epoch 258, iter:0, loss: 0.0469, lr: 1.4485655286901307e-05
train: epoch 258, iter:20, loss: 0.0422, lr: 1.4485655286901307e-05
train: epoch 258, iter:40, loss: 0.0420, lr: 1.4485655286901307e-05
val epoch: 258, loss: 0.4547
train: epoch 259, iter:0, loss: 0.0392, lr: 1.4282782639029144e-05
train: epoch 259, iter:20, loss: 0.0422, lr: 1.4282782639029144e-05
train: epoch 259, iter:40, loss: 0.0426, lr: 1.4282782639029144e-05
val epoch: 259, loss: 0.4551
train: epoch 260, iter:0, loss: 0.0459, lr: 1.4084375092881932e-05
train: epoch 260, iter:20, loss: 0.0425, lr: 1.4084375092881932e-05
train: epoch 260, iter:40, loss: 0.0420, lr: 1.4084375092881932e-05
val epoch: 260, loss: 0.4611
train: epoch 261, iter:0, loss: 0.0384, lr: 1.389045440608298e-05
train: epoch 261, iter:20, loss: 0.0412, lr: 1.389045440608298e-05
train: epoch 261, iter:40, loss: 0.0426, lr: 1.389045440608298e-05
val epoch: 261, loss: 0.4630
train: epoch 262, iter:0, loss: 0.0464, lr: 1.3701041844220871e-05
train: epoch 262, iter:20, loss: 0.0420, lr: 1.3701041844220871e-05
train: epoch 262, iter:40, loss: 0.0422, lr: 1.3701041844220871e-05
val epoch: 262, loss: 0.4598
train: epoch 263, iter:0, loss: 0.0429, lr: 1.3516158178517484e-05
train: epoch 263, iter:20, loss: 0.0425, lr: 1.3516158178517484e-05
train: epoch 263, iter:40, loss: 0.0424, lr: 1.3516158178517484e-05
val epoch: 263, loss: 0.4556
train: epoch 264, iter:0, loss: 0.0433, lr: 1.3335823683550249e-05
train: epoch 264, iter:20, loss: 0.0414, lr: 1.3335823683550249e-05
train: epoch 264, iter:40, loss: 0.0420, lr: 1.3335823683550249e-05
val epoch: 264, loss: 0.4601
train: epoch 265, iter:0, loss: 0.0427, lr: 1.31600581350287e-05
train: epoch 265, iter:20, loss: 0.0433, lr: 1.31600581350287e-05
train: epoch 265, iter:40, loss: 0.0428, lr: 1.31600581350287e-05
val epoch: 265, loss: 0.4616
train: epoch 266, iter:0, loss: 0.0396, lr: 1.2988880807625931e-05
train: epoch 266, iter:20, loss: 0.0425, lr: 1.2988880807625931e-05
train: epoch 266, iter:40, loss: 0.0423, lr: 1.2988880807625931e-05
val epoch: 266, loss: 0.4577
train: epoch 267, iter:0, loss: 0.0423, lr: 1.2822310472864893e-05
train: epoch 267, iter:20, loss: 0.0422, lr: 1.2822310472864893e-05
train: epoch 267, iter:40, loss: 0.0417, lr: 1.2822310472864893e-05
val epoch: 267, loss: 0.4524
train: epoch 268, iter:0, loss: 0.0431, lr: 1.2660365397059863e-05
train: epoch 268, iter:20, loss: 0.0435, lr: 1.2660365397059863e-05
train: epoch 268, iter:40, loss: 0.0425, lr: 1.2660365397059863e-05
val epoch: 268, loss: 0.4592
train: epoch 269, iter:0, loss: 0.0349, lr: 1.2503063339313363e-05
train: epoch 269, iter:20, loss: 0.0411, lr: 1.2503063339313363e-05
train: epoch 269, iter:40, loss: 0.0414, lr: 1.2503063339313363e-05
val epoch: 269, loss: 0.4583
train: epoch 270, iter:0, loss: 0.0400, lr: 1.2350421549568658e-05
train: epoch 270, iter:20, loss: 0.0423, lr: 1.2350421549568658e-05
train: epoch 270, iter:40, loss: 0.0418, lr: 1.2350421549568658e-05
val epoch: 270, loss: 0.4547, miou: 0.8053800992290059, f1_or_dsc: 0.8922000409475505, accuracy: 0.9481160003359955, specificity: 0.9693674019519564, sensitivity: 0.8820622780040112
train: epoch 271, iter:0, loss: 0.0400, lr: 1.2202456766718098e-05
train: epoch 271, iter:20, loss: 0.0417, lr: 1.2202456766718098e-05
train: epoch 271, iter:40, loss: 0.0421, lr: 1.2202456766718098e-05
val epoch: 271, loss: 0.4521
train: epoch 272, iter:0, loss: 0.0417, lr: 1.205918521676755e-05
train: epoch 272, iter:20, loss: 0.0417, lr: 1.205918521676755e-05
train: epoch 272, iter:40, loss: 0.0418, lr: 1.205918521676755e-05
val epoch: 272, loss: 0.4546
train: epoch 273, iter:0, loss: 0.0479, lr: 1.192062261105698e-05
train: epoch 273, iter:20, loss: 0.0418, lr: 1.192062261105698e-05
train: epoch 273, iter:40, loss: 0.0422, lr: 1.192062261105698e-05
val epoch: 273, loss: 0.4503
train: epoch 274, iter:0, loss: 0.0378, lr: 1.1786784144537568e-05
train: epoch 274, iter:20, loss: 0.0414, lr: 1.1786784144537568e-05
train: epoch 274, iter:40, loss: 0.0414, lr: 1.1786784144537568e-05
val epoch: 274, loss: 0.4535
train: epoch 275, iter:0, loss: 0.0421, lr: 1.165768449410539e-05
train: epoch 275, iter:20, loss: 0.0419, lr: 1.165768449410539e-05
train: epoch 275, iter:40, loss: 0.0416, lr: 1.165768449410539e-05
val epoch: 275, loss: 0.4554
train: epoch 276, iter:0, loss: 0.0471, lr: 1.153333781699193e-05
train: epoch 276, iter:20, loss: 0.0419, lr: 1.153333781699193e-05
train: epoch 276, iter:40, loss: 0.0416, lr: 1.153333781699193e-05
val epoch: 276, loss: 0.4570
train: epoch 277, iter:0, loss: 0.0461, lr: 1.1413757749211606e-05
train: epoch 277, iter:20, loss: 0.0421, lr: 1.1413757749211606e-05
train: epoch 277, iter:40, loss: 0.0418, lr: 1.1413757749211606e-05
val epoch: 277, loss: 0.4612
train: epoch 278, iter:0, loss: 0.0395, lr: 1.1298957404066385e-05
train: epoch 278, iter:20, loss: 0.0407, lr: 1.1298957404066385e-05
train: epoch 278, iter:40, loss: 0.0413, lr: 1.1298957404066385e-05
val epoch: 278, loss: 0.4658
train: epoch 279, iter:0, loss: 0.0417, lr: 1.118894937070779e-05
train: epoch 279, iter:20, loss: 0.0406, lr: 1.118894937070779e-05
train: epoch 279, iter:40, loss: 0.0410, lr: 1.118894937070779e-05
val epoch: 279, loss: 0.4519
train: epoch 280, iter:0, loss: 0.0443, lr: 1.1083745712756373e-05
train: epoch 280, iter:20, loss: 0.0418, lr: 1.1083745712756373e-05
train: epoch 280, iter:40, loss: 0.0415, lr: 1.1083745712756373e-05
val epoch: 280, loss: 0.4545
train: epoch 281, iter:0, loss: 0.0377, lr: 1.0983357966978752e-05
train: epoch 281, iter:20, loss: 0.0418, lr: 1.0983357966978752e-05
train: epoch 281, iter:40, loss: 0.0419, lr: 1.0983357966978752e-05
val epoch: 281, loss: 0.4516
train: epoch 282, iter:0, loss: 0.0394, lr: 1.0887797142022524e-05
train: epoch 282, iter:20, loss: 0.0407, lr: 1.0887797142022524e-05
train: epoch 282, iter:40, loss: 0.0412, lr: 1.0887797142022524e-05
val epoch: 282, loss: 0.4526
train: epoch 283, iter:0, loss: 0.0400, lr: 1.0797073717209015e-05
train: epoch 283, iter:20, loss: 0.0412, lr: 1.0797073717209015e-05
train: epoch 283, iter:40, loss: 0.0411, lr: 1.0797073717209015e-05
val epoch: 283, loss: 0.4548
train: epoch 284, iter:0, loss: 0.0414, lr: 1.0711197641384117e-05
train: epoch 284, iter:20, loss: 0.0410, lr: 1.0711197641384117e-05
train: epoch 284, iter:40, loss: 0.0409, lr: 1.0711197641384117e-05
val epoch: 284, loss: 0.4584
train: epoch 285, iter:0, loss: 0.0418, lr: 1.0630178331827276e-05
train: epoch 285, iter:20, loss: 0.0403, lr: 1.0630178331827276e-05
train: epoch 285, iter:40, loss: 0.0403, lr: 1.0630178331827276e-05
val epoch: 285, loss: 0.4576
train: epoch 286, iter:0, loss: 0.0394, lr: 1.0554024673218807e-05
train: epoch 286, iter:20, loss: 0.0415, lr: 1.0554024673218807e-05
train: epoch 286, iter:40, loss: 0.0414, lr: 1.0554024673218807e-05
val epoch: 286, loss: 0.4517
train: epoch 287, iter:0, loss: 0.0386, lr: 1.0482745016665526e-05
train: epoch 287, iter:20, loss: 0.0429, lr: 1.0482745016665526e-05
train: epoch 287, iter:40, loss: 0.0417, lr: 1.0482745016665526e-05
val epoch: 287, loss: 0.4601
train: epoch 288, iter:0, loss: 0.0405, lr: 1.0416347178785039e-05
train: epoch 288, iter:20, loss: 0.0410, lr: 1.0416347178785039e-05
train: epoch 288, iter:40, loss: 0.0413, lr: 1.0416347178785039e-05
val epoch: 288, loss: 0.4624
train: epoch 289, iter:0, loss: 0.0393, lr: 1.0354838440848501e-05
train: epoch 289, iter:20, loss: 0.0406, lr: 1.0354838440848501e-05
train: epoch 289, iter:40, loss: 0.0412, lr: 1.0354838440848501e-05
val epoch: 289, loss: 0.4616
train: epoch 290, iter:0, loss: 0.0438, lr: 1.029822554798216e-05
train: epoch 290, iter:20, loss: 0.0407, lr: 1.029822554798216e-05
train: epoch 290, iter:40, loss: 0.0408, lr: 1.029822554798216e-05
val epoch: 290, loss: 0.4596
train: epoch 291, iter:0, loss: 0.0423, lr: 1.0246514708427702e-05
train: epoch 291, iter:20, loss: 0.0403, lr: 1.0246514708427702e-05
train: epoch 291, iter:40, loss: 0.0410, lr: 1.0246514708427702e-05
val epoch: 291, loss: 0.4568
train: epoch 292, iter:0, loss: 0.0397, lr: 1.01997115928614e-05
train: epoch 292, iter:20, loss: 0.0403, lr: 1.01997115928614e-05
train: epoch 292, iter:40, loss: 0.0407, lr: 1.01997115928614e-05
val epoch: 292, loss: 0.4578
train: epoch 293, iter:0, loss: 0.0388, lr: 1.0157821333772303e-05
train: epoch 293, iter:20, loss: 0.0403, lr: 1.0157821333772303e-05
train: epoch 293, iter:40, loss: 0.0410, lr: 1.0157821333772303e-05
val epoch: 293, loss: 0.4587
train: epoch 294, iter:0, loss: 0.0422, lr: 1.0120848524899386e-05
train: epoch 294, iter:20, loss: 0.0409, lr: 1.0120848524899386e-05
train: epoch 294, iter:40, loss: 0.0412, lr: 1.0120848524899386e-05
val epoch: 294, loss: 0.4581
train: epoch 295, iter:0, loss: 0.0417, lr: 1.0088797220727781e-05
train: epoch 295, iter:20, loss: 0.0412, lr: 1.0088797220727781e-05
train: epoch 295, iter:40, loss: 0.0410, lr: 1.0088797220727781e-05
val epoch: 295, loss: 0.4590
train: epoch 296, iter:0, loss: 0.0403, lr: 1.0061670936044179e-05
train: epoch 296, iter:20, loss: 0.0407, lr: 1.0061670936044179e-05
train: epoch 296, iter:40, loss: 0.0406, lr: 1.0061670936044179e-05
val epoch: 296, loss: 0.4613
train: epoch 297, iter:0, loss: 0.0428, lr: 1.0039472645551374e-05
train: epoch 297, iter:20, loss: 0.0407, lr: 1.0039472645551374e-05
train: epoch 297, iter:40, loss: 0.0411, lr: 1.0039472645551374e-05
val epoch: 297, loss: 0.4702
train: epoch 298, iter:0, loss: 0.0403, lr: 1.002220478354208e-05
train: epoch 298, iter:20, loss: 0.0408, lr: 1.002220478354208e-05
train: epoch 298, iter:40, loss: 0.0410, lr: 1.002220478354208e-05
val epoch: 298, loss: 0.4702
train: epoch 299, iter:0, loss: 0.0369, lr: 1.0009869243631953e-05
train: epoch 299, iter:20, loss: 0.0404, lr: 1.0009869243631953e-05
train: epoch 299, iter:40, loss: 0.0409, lr: 1.0009869243631953e-05
val epoch: 299, loss: 0.4702
train: epoch 300, iter:0, loss: 0.0413, lr: 1.0002467378551954e-05
train: epoch 300, iter:20, loss: 0.0405, lr: 1.0002467378551954e-05
train: epoch 300, iter:40, loss: 0.0408, lr: 1.0002467378551954e-05
val epoch: 300, loss: 0.4699, miou: 0.8012658644642813, f1_or_dsc: 0.889669737568238, accuracy: 0.9471128860322555, specificity: 0.9699906126517114, sensitivity: 0.8760042114602395
#----------Testing----------#
test of best model, best_val_loss: 0.2857, miou: 0.8080963433031686, f1_or_dsc: 0.893864252639189, accuracy: 0.9484549040841584, specificity: 0.966714188728957, sensitivity: 0.8917012960302619, confusion_matrix: [[38729951  1333546]
 [ 1395926 11493665]]
=== SWIN-UNET TRAINING COMPLETE ===
