/root/miniconda3/lib/python3.10/site-packages/timm/models/layers/__init__.py:49: FutureWarning: Importing from timm.models.layers is deprecated, please import via timm.layers
  warnings.warn(f"Importing from {__name__} is deprecated, please import via timm.layers", FutureWarning)
SwinTransformerSys expand initial----depths:[2, 2, 2, 2];depths_decoder:[2, 2, 2, 1];drop_path_rate:0.2;num_classes:1
---final upsample expand_first---
train: epoch 1, iter:0, loss: 1.4484, lr: 0.0003
train: epoch 1, iter:20, loss: 1.0401, lr: 0.0003
val epoch: 1, loss: 0.7592
train: epoch 2, iter:0, loss: 0.7820, lr: 0.0002999920495579992
train: epoch 2, iter:20, loss: 0.6645, lr: 0.0002999920495579992
val epoch: 2, loss: 0.7071
train: epoch 3, iter:0, loss: 0.6991, lr: 0.00029996819910385256
train: epoch 3, iter:20, loss: 0.6638, lr: 0.00029996819910385256
val epoch: 3, loss: 0.5963
train: epoch 4, iter:0, loss: 0.6097, lr: 0.000299928451253031
train: epoch 4, iter:20, loss: 0.5759, lr: 0.000299928451253031
val epoch: 4, loss: 0.6616
train: epoch 5, iter:0, loss: 0.6144, lr: 0.0002998728103643344
train: epoch 5, iter:20, loss: 0.6071, lr: 0.0002998728103643344
val epoch: 5, loss: 0.5597
train: epoch 6, iter:0, loss: 0.6634, lr: 0.00029980128253941313
train: epoch 6, iter:20, loss: 0.5417, lr: 0.00029980128253941313
val epoch: 6, loss: 0.5285
train: epoch 7, iter:0, loss: 0.5319, lr: 0.0002997138756220993
train: epoch 7, iter:20, loss: 0.5593, lr: 0.0002997138756220993
val epoch: 7, loss: 0.7229
train: epoch 8, iter:0, loss: 0.5350, lr: 0.0002996105991975463
train: epoch 8, iter:20, loss: 0.5323, lr: 0.0002996105991975463
val epoch: 8, loss: 0.5351
train: epoch 9, iter:0, loss: 0.4011, lr: 0.000299491464591178
train: epoch 9, iter:20, loss: 0.4924, lr: 0.000299491464591178
val epoch: 9, loss: 0.5649
train: epoch 10, iter:0, loss: 0.5242, lr: 0.00029935648486744646
train: epoch 10, iter:20, loss: 0.4774, lr: 0.00029935648486744646
val epoch: 10, loss: 0.6595
train: epoch 11, iter:0, loss: 0.5169, lr: 0.00029920567482839947
train: epoch 11, iter:20, loss: 0.4782, lr: 0.00029920567482839947
val epoch: 11, loss: 0.5472
train: epoch 12, iter:0, loss: 0.3556, lr: 0.00029903905101205734
train: epoch 12, iter:20, loss: 0.4373, lr: 0.00029903905101205734
val epoch: 12, loss: 0.5405
train: epoch 13, iter:0, loss: 0.4054, lr: 0.0002988566316905992
train: epoch 13, iter:20, loss: 0.4497, lr: 0.0002988566316905992
val epoch: 13, loss: 0.6304
train: epoch 14, iter:0, loss: 0.4877, lr: 0.00029865843686835924
train: epoch 14, iter:20, loss: 0.4232, lr: 0.00029865843686835924
val epoch: 14, loss: 0.5335
train: epoch 15, iter:0, loss: 0.4866, lr: 0.00029844448827963323
train: epoch 15, iter:20, loss: 0.3934, lr: 0.00029844448827963323
val epoch: 15, loss: 0.4511
train: epoch 16, iter:0, loss: 0.3530, lr: 0.0002982148093862949
train: epoch 16, iter:20, loss: 0.3945, lr: 0.0002982148093862949
val epoch: 16, loss: 0.6076
train: epoch 17, iter:0, loss: 0.3963, lr: 0.00029796942537522314
train: epoch 17, iter:20, loss: 0.3779, lr: 0.00029796942537522314
val epoch: 17, loss: 0.4973
train: epoch 18, iter:0, loss: 0.2522, lr: 0.00029770836315553997
train: epoch 18, iter:20, loss: 0.3833, lr: 0.00029770836315553997
val epoch: 18, loss: 0.4870
train: epoch 19, iter:0, loss: 0.4266, lr: 0.0002974316513556598
train: epoch 19, iter:20, loss: 0.3835, lr: 0.0002974316513556598
val epoch: 19, loss: 0.4719
train: epoch 20, iter:0, loss: 0.3454, lr: 0.0002971393203201496
train: epoch 20, iter:20, loss: 0.3723, lr: 0.0002971393203201496
val epoch: 20, loss: 0.6240
train: epoch 21, iter:0, loss: 0.3736, lr: 0.00029683140210640173
train: epoch 21, iter:20, loss: 0.3891, lr: 0.00029683140210640173
val epoch: 21, loss: 0.6302
train: epoch 22, iter:0, loss: 0.4494, lr: 0.00029650793048111826
train: epoch 22, iter:20, loss: 0.3829, lr: 0.00029650793048111826
val epoch: 22, loss: 0.4744
train: epoch 23, iter:0, loss: 0.3361, lr: 0.0002961689409166081
train: epoch 23, iter:20, loss: 0.3544, lr: 0.0002961689409166081
val epoch: 23, loss: 0.4746
train: epoch 24, iter:0, loss: 0.3650, lr: 0.0002958144705868971
train: epoch 24, iter:20, loss: 0.3490, lr: 0.0002958144705868971
val epoch: 24, loss: 0.4688
train: epoch 25, iter:0, loss: 0.3896, lr: 0.0002954445583636514
train: epoch 25, iter:20, loss: 0.3651, lr: 0.0002954445583636514
val epoch: 25, loss: 0.4685
train: epoch 26, iter:0, loss: 0.3657, lr: 0.00029505924481191474
train: epoch 26, iter:20, loss: 0.3429, lr: 0.00029505924481191474
val epoch: 26, loss: 0.4387
train: epoch 27, iter:0, loss: 0.3781, lr: 0.0002946585721856603
train: epoch 27, iter:20, loss: 0.3688, lr: 0.0002946585721856603
val epoch: 27, loss: 0.4914
train: epoch 28, iter:0, loss: 0.4518, lr: 0.0002942425844231566
train: epoch 28, iter:20, loss: 0.3553, lr: 0.0002942425844231566
val epoch: 28, loss: 0.4864
train: epoch 29, iter:0, loss: 0.3567, lr: 0.0002938113271421496
train: epoch 29, iter:20, loss: 0.3524, lr: 0.0002938113271421496
val epoch: 29, loss: 0.4806
train: epoch 30, iter:0, loss: 0.2913, lr: 0.00029336484763486
train: epoch 30, iter:20, loss: 0.3538, lr: 0.00029336484763486
val epoch: 30, loss: 0.5005, miou: 0.6755123027988461, f1_or_dsc: 0.8063352345076094, accuracy: 0.9146524750360168, specificity: 0.9740847385339327, sensitivity: 0.7299247897004645
train: epoch 31, iter:0, loss: 0.3067, lr: 0.00029290319486279713
train: epoch 31, iter:20, loss: 0.3318, lr: 0.00029290319486279713
val epoch: 31, loss: 0.4411
train: epoch 32, iter:0, loss: 0.2803, lr: 0.0002924264194513898
train: epoch 32, iter:20, loss: 0.3366, lr: 0.0002924264194513898
val epoch: 32, loss: 0.4505
train: epoch 33, iter:0, loss: 0.2880, lr: 0.00029193457368443463
train: epoch 33, iter:20, loss: 0.3330, lr: 0.00029193457368443463
val epoch: 33, loss: 0.4774
train: epoch 34, iter:0, loss: 0.3349, lr: 0.0002914277114983626
train: epoch 34, iter:20, loss: 0.3270, lr: 0.0002914277114983626
val epoch: 34, loss: 0.4644
train: epoch 35, iter:0, loss: 0.2960, lr: 0.00029090588847632414
train: epoch 35, iter:20, loss: 0.3114, lr: 0.00029090588847632414
val epoch: 35, loss: 0.4338
train: epoch 36, iter:0, loss: 0.2479, lr: 0.0002903691618420941
train: epoch 36, iter:20, loss: 0.3219, lr: 0.0002903691618420941
val epoch: 36, loss: 0.5734
train: epoch 37, iter:0, loss: 0.3454, lr: 0.0002898175904537963
train: epoch 37, iter:20, loss: 0.3245, lr: 0.0002898175904537963
val epoch: 37, loss: 0.4333
train: epoch 38, iter:0, loss: 0.2982, lr: 0.00028925123479744914
train: epoch 38, iter:20, loss: 0.3388, lr: 0.00028925123479744914
val epoch: 38, loss: 0.5327
train: epoch 39, iter:0, loss: 0.4160, lr: 0.0002886701569803325
train: epoch 39, iter:20, loss: 0.3046, lr: 0.0002886701569803325
val epoch: 39, loss: 0.4785
train: epoch 40, iter:0, loss: 0.3113, lr: 0.00028807442072417716
train: epoch 40, iter:20, loss: 0.3330, lr: 0.00028807442072417716
val epoch: 40, loss: 0.5863
train: epoch 41, iter:0, loss: 0.3181, lr: 0.000287464091358177
train: epoch 41, iter:20, loss: 0.3227, lr: 0.000287464091358177
val epoch: 41, loss: 0.5966
train: epoch 42, iter:0, loss: 0.3788, lr: 0.00028683923581182487
train: epoch 42, iter:20, loss: 0.3668, lr: 0.00028683923581182487
val epoch: 42, loss: 0.4737
train: epoch 43, iter:0, loss: 0.2736, lr: 0.00028619992260757275
train: epoch 43, iter:20, loss: 0.3140, lr: 0.00028619992260757275
val epoch: 43, loss: 0.4988
train: epoch 44, iter:0, loss: 0.2924, lr: 0.00028554622185331796
train: epoch 44, iter:20, loss: 0.3139, lr: 0.00028554622185331796
val epoch: 44, loss: 0.4598
train: epoch 45, iter:0, loss: 0.3120, lr: 0.00028487820523471477
train: epoch 45, iter:20, loss: 0.3213, lr: 0.00028487820523471477
val epoch: 45, loss: 0.4579
train: epoch 46, iter:0, loss: 0.3564, lr: 0.00028419594600731323
train: epoch 46, iter:20, loss: 0.3050, lr: 0.00028419594600731323
val epoch: 46, loss: 0.4820
train: epoch 47, iter:0, loss: 0.3181, lr: 0.00028349951898852603
train: epoch 47, iter:20, loss: 0.3079, lr: 0.00028349951898852603
val epoch: 47, loss: 0.5709
train: epoch 48, iter:0, loss: 0.3510, lr: 0.00028278900054942377
train: epoch 48, iter:20, loss: 0.3289, lr: 0.00028278900054942377
val epoch: 48, loss: 0.4627
train: epoch 49, iter:0, loss: 0.3448, lr: 0.00028206446860636015
train: epoch 49, iter:20, loss: 0.3299, lr: 0.00028206446860636015
val epoch: 49, loss: 0.5342
train: epoch 50, iter:0, loss: 0.3480, lr: 0.00028132600261242746
train: epoch 50, iter:20, loss: 0.2912, lr: 0.00028132600261242746
val epoch: 50, loss: 0.4482
train: epoch 51, iter:0, loss: 0.2717, lr: 0.0002805736835487436
train: epoch 51, iter:20, loss: 0.3146, lr: 0.0002805736835487436
val epoch: 51, loss: 0.4572
train: epoch 52, iter:0, loss: 0.3440, lr: 0.0002798075939155718
train: epoch 52, iter:20, loss: 0.2983, lr: 0.0002798075939155718
val epoch: 52, loss: 0.4589
train: epoch 53, iter:0, loss: 0.2991, lr: 0.0002790278177232734
train: epoch 53, iter:20, loss: 0.3010, lr: 0.0002790278177232734
val epoch: 53, loss: 0.5783
train: epoch 54, iter:0, loss: 0.3484, lr: 0.00027823444048309524
train: epoch 54, iter:20, loss: 0.3141, lr: 0.00027823444048309524
val epoch: 54, loss: 0.5152
train: epoch 55, iter:0, loss: 0.3954, lr: 0.0002774275491977922
train: epoch 55, iter:20, loss: 0.2924, lr: 0.0002774275491977922
val epoch: 55, loss: 0.4408
train: epoch 56, iter:0, loss: 0.3471, lr: 0.00027660723235208647
train: epoch 56, iter:20, loss: 0.3189, lr: 0.00027660723235208647
val epoch: 56, loss: 0.4326
train: epoch 57, iter:0, loss: 0.2549, lr: 0.0002757735799029644
train: epoch 57, iter:20, loss: 0.2898, lr: 0.0002757735799029644
val epoch: 57, loss: 0.4204
train: epoch 58, iter:0, loss: 0.2920, lr: 0.00027492668326981143
train: epoch 58, iter:20, loss: 0.2985, lr: 0.00027492668326981143
val epoch: 58, loss: 0.4313
train: epoch 59, iter:0, loss: 0.3624, lr: 0.00027406663532438707
train: epoch 59, iter:20, loss: 0.3011, lr: 0.00027406663532438707
val epoch: 59, loss: 0.4652
train: epoch 60, iter:0, loss: 0.2332, lr: 0.0002731935303806403
train: epoch 60, iter:20, loss: 0.2766, lr: 0.0002731935303806403
val epoch: 60, loss: 0.4734, miou: 0.6726269091619675, f1_or_dsc: 0.8042760827027138, accuracy: 0.9135661361241104, specificity: 0.972762836953549, sensitivity: 0.7295706279586374
train: epoch 61, iter:0, loss: 0.2468, lr: 0.00027230746418436733
train: epoch 61, iter:20, loss: 0.2941, lr: 0.00027230746418436733
val epoch: 61, loss: 0.4869
train: epoch 62, iter:0, loss: 0.3590, lr: 0.00027140853390271154
train: epoch 62, iter:20, loss: 0.2891, lr: 0.00027140853390271154
val epoch: 62, loss: 0.4146
train: epoch 63, iter:0, loss: 0.2120, lr: 0.0002704968381135084
train: epoch 63, iter:20, loss: 0.2973, lr: 0.0002704968381135084
val epoch: 63, loss: 0.4291
train: epoch 64, iter:0, loss: 0.2969, lr: 0.00026957247679447504
train: epoch 64, iter:20, loss: 0.2843, lr: 0.00026957247679447504
val epoch: 64, loss: 0.4679
train: epoch 65, iter:0, loss: 0.2882, lr: 0.00026863555131224676
train: epoch 65, iter:20, loss: 0.2928, lr: 0.00026863555131224676
val epoch: 65, loss: 0.4434
train: epoch 66, iter:0, loss: 0.3150, lr: 0.00026768616441126075
train: epoch 66, iter:20, loss: 0.2969, lr: 0.00026768616441126075
val epoch: 66, loss: 0.4712
train: epoch 67, iter:0, loss: 0.3560, lr: 0.0002667244202024894
train: epoch 67, iter:20, loss: 0.2806, lr: 0.0002667244202024894
val epoch: 67, loss: 0.4644
train: epoch 68, iter:0, loss: 0.3138, lr: 0.0002657504241520231
train: epoch 68, iter:20, loss: 0.2771, lr: 0.0002657504241520231
val epoch: 68, loss: 0.4517
train: epoch 69, iter:0, loss: 0.3663, lr: 0.00026476428306950465
train: epoch 69, iter:20, loss: 0.2687, lr: 0.00026476428306950465
val epoch: 69, loss: 0.4397
train: epoch 70, iter:0, loss: 0.2759, lr: 0.0002637661050964166
train: epoch 70, iter:20, loss: 0.2755, lr: 0.0002637661050964166
val epoch: 70, loss: 0.4120
train: epoch 71, iter:0, loss: 0.2448, lr: 0.00026275599969422214
train: epoch 71, iter:20, loss: 0.2851, lr: 0.00026275599969422214
val epoch: 71, loss: 0.4756
train: epoch 72, iter:0, loss: 0.3435, lr: 0.00026173407763236143
train: epoch 72, iter:20, loss: 0.2903, lr: 0.00026173407763236143
val epoch: 72, loss: 0.4067
train: epoch 73, iter:0, loss: 0.3238, lr: 0.00026070045097610465
train: epoch 73, iter:20, loss: 0.2670, lr: 0.00026070045097610465
val epoch: 73, loss: 0.4021
train: epoch 74, iter:0, loss: 0.3002, lr: 0.0002596552330742625
train: epoch 74, iter:20, loss: 0.2741, lr: 0.0002596552330742625
val epoch: 74, loss: 0.4090
train: epoch 75, iter:0, loss: 0.2986, lr: 0.00025859853854675647
train: epoch 75, iter:20, loss: 0.2736, lr: 0.00025859853854675647
val epoch: 75, loss: 0.3963
train: epoch 76, iter:0, loss: 0.4029, lr: 0.0002575304832720494
train: epoch 76, iter:20, loss: 0.2884, lr: 0.0002575304832720494
val epoch: 76, loss: 0.3948
train: epoch 77, iter:0, loss: 0.2477, lr: 0.000256451184374438
train: epoch 77, iter:20, loss: 0.2753, lr: 0.000256451184374438
val epoch: 77, loss: 0.4365
train: epoch 78, iter:0, loss: 0.2837, lr: 0.000255360760211209
train: epoch 78, iter:20, loss: 0.2766, lr: 0.000255360760211209
val epoch: 78, loss: 0.3966
train: epoch 79, iter:0, loss: 0.2205, lr: 0.0002542593303596599
train: epoch 79, iter:20, loss: 0.2795, lr: 0.0002542593303596599
val epoch: 79, loss: 0.4312
train: epoch 80, iter:0, loss: 0.2183, lr: 0.0002531470156039858
train: epoch 80, iter:20, loss: 0.2711, lr: 0.0002531470156039858
val epoch: 80, loss: 0.4007
train: epoch 81, iter:0, loss: 0.2000, lr: 0.0002520239379220344
train: epoch 81, iter:20, loss: 0.2804, lr: 0.0002520239379220344
val epoch: 81, loss: 0.4121
train: epoch 82, iter:0, loss: 0.2505, lr: 0.0002508902204719295
train: epoch 82, iter:20, loss: 0.2613, lr: 0.0002508902204719295
val epoch: 82, loss: 0.4126
train: epoch 83, iter:0, loss: 0.2112, lr: 0.0002497459875785653
train: epoch 83, iter:20, loss: 0.2766, lr: 0.0002497459875785653
val epoch: 83, loss: 0.4082
train: epoch 84, iter:0, loss: 0.3018, lr: 0.00024859136471997286
train: epoch 84, iter:20, loss: 0.2691, lr: 0.00024859136471997286
val epoch: 84, loss: 0.4583
train: epoch 85, iter:0, loss: 0.2466, lr: 0.00024742647851356
train: epoch 85, iter:20, loss: 0.2605, lr: 0.00024742647851356
val epoch: 85, loss: 0.3953
train: epoch 86, iter:0, loss: 0.2525, lr: 0.00024625145670222645
train: epoch 86, iter:20, loss: 0.2605, lr: 0.00024625145670222645
val epoch: 86, loss: 0.4224
train: epoch 87, iter:0, loss: 0.2950, lr: 0.00024506642814035504
train: epoch 87, iter:20, loss: 0.2696, lr: 0.00024506642814035504
val epoch: 87, loss: 0.3965
train: epoch 88, iter:0, loss: 0.2236, lr: 0.00024387152277968163
train: epoch 88, iter:20, loss: 0.2723, lr: 0.00024387152277968163
val epoch: 88, loss: 0.3972
train: epoch 89, iter:0, loss: 0.1991, lr: 0.0002426668716550444
train: epoch 89, iter:20, loss: 0.2661, lr: 0.0002426668716550444
val epoch: 89, loss: 0.3983
train: epoch 90, iter:0, loss: 0.2256, lr: 0.0002414526068700143
train: epoch 90, iter:20, loss: 0.2593, lr: 0.0002414526068700143
val epoch: 90, loss: 0.4367, miou: 0.6995279180190188, f1_or_dsc: 0.8232026206835051, accuracy: 0.9215999829887164, specificity: 0.9768598083187796, sensitivity: 0.7498410927080619
train: epoch 91, iter:0, loss: 0.4744, lr: 0.0002402288615824086
train: epoch 91, iter:20, loss: 0.2681, lr: 0.0002402288615824086
val epoch: 91, loss: 0.4263
train: epoch 92, iter:0, loss: 0.2334, lr: 0.00023899576998968842
train: epoch 92, iter:20, loss: 0.2715, lr: 0.00023899576998968842
val epoch: 92, loss: 0.4036
train: epoch 93, iter:0, loss: 0.2569, lr: 0.00023775346731424264
train: epoch 93, iter:20, loss: 0.2643, lr: 0.00023775346731424264
val epoch: 93, loss: 0.3997
train: epoch 94, iter:0, loss: 0.1915, lr: 0.00023650208978855897
train: epoch 94, iter:20, loss: 0.2570, lr: 0.00023650208978855897
val epoch: 94, loss: 0.3980
train: epoch 95, iter:0, loss: 0.2598, lr: 0.00023524177464028488
train: epoch 95, iter:20, loss: 0.2766, lr: 0.00023524177464028488
val epoch: 95, loss: 0.3969
train: epoch 96, iter:0, loss: 0.2235, lr: 0.0002339726600771789
train: epoch 96, iter:20, loss: 0.2619, lr: 0.0002339726600771789
val epoch: 96, loss: 0.3993
train: epoch 97, iter:0, loss: 0.2041, lr: 0.0002326948852719545
train: epoch 97, iter:20, loss: 0.2543, lr: 0.0002326948852719545
val epoch: 97, loss: 0.4449
train: epoch 98, iter:0, loss: 0.2544, lr: 0.00023140859034701826
train: epoch 98, iter:20, loss: 0.2612, lr: 0.00023140859034701826
val epoch: 98, loss: 0.3832
train: epoch 99, iter:0, loss: 0.2608, lr: 0.00023011391635910388
train: epoch 99, iter:20, loss: 0.2658, lr: 0.00023011391635910388
val epoch: 99, loss: 0.3687
train: epoch 100, iter:0, loss: 0.2912, lr: 0.00022881100528380385
train: epoch 100, iter:20, loss: 0.2644, lr: 0.00022881100528380385
val epoch: 100, loss: 0.4156
train: epoch 101, iter:0, loss: 0.2684, lr: 0.0002275
train: epoch 101, iter:20, loss: 0.2588, lr: 0.0002275
val epoch: 101, loss: 0.4064
train: epoch 102, iter:0, loss: 0.2316, lr: 0.00022618104427419542
train: epoch 102, iter:20, loss: 0.2566, lr: 0.00022618104427419542
val epoch: 102, loss: 0.3981
train: epoch 103, iter:0, loss: 0.3195, lr: 0.0002248542827447487
train: epoch 103, iter:20, loss: 0.2601, lr: 0.0002248542827447487
val epoch: 103, loss: 0.4017
train: epoch 104, iter:0, loss: 0.2234, lr: 0.00022351986090601283
train: epoch 104, iter:20, loss: 0.2577, lr: 0.00022351986090601283
val epoch: 104, loss: 0.4151
train: epoch 105, iter:0, loss: 0.2713, lr: 0.00022217792509237998
train: epoch 105, iter:20, loss: 0.2502, lr: 0.00022217792509237998
val epoch: 105, loss: 0.3851
train: epoch 106, iter:0, loss: 0.2388, lr: 0.0002208286224622343
train: epoch 106, iter:20, loss: 0.2527, lr: 0.0002208286224622343
val epoch: 106, loss: 0.4593
train: epoch 107, iter:0, loss: 0.2845, lr: 0.00021947210098181448
train: epoch 107, iter:20, loss: 0.2526, lr: 0.00021947210098181448
val epoch: 107, loss: 0.3880
train: epoch 108, iter:0, loss: 0.2681, lr: 0.0002181085094089875
train: epoch 108, iter:20, loss: 0.2577, lr: 0.0002181085094089875
val epoch: 108, loss: 0.3916
train: epoch 109, iter:0, loss: 0.2391, lr: 0.0002167379972769355
train: epoch 109, iter:20, loss: 0.2570, lr: 0.0002167379972769355
val epoch: 109, loss: 0.3824
train: epoch 110, iter:0, loss: 0.2480, lr: 0.00021536071487775814
train: epoch 110, iter:20, loss: 0.2572, lr: 0.00021536071487775814
val epoch: 110, loss: 0.4447
train: epoch 111, iter:0, loss: 0.3053, lr: 0.00021397681324599097
train: epoch 111, iter:20, loss: 0.2571, lr: 0.00021397681324599097
val epoch: 111, loss: 0.3853
train: epoch 112, iter:0, loss: 0.2401, lr: 0.00021258644414204314
train: epoch 112, iter:20, loss: 0.2562, lr: 0.00021258644414204314
val epoch: 112, loss: 0.4211
train: epoch 113, iter:0, loss: 0.2231, lr: 0.0002111897600355549
train: epoch 113, iter:20, loss: 0.2452, lr: 0.0002111897600355549
val epoch: 113, loss: 0.4084
train: epoch 114, iter:0, loss: 0.2083, lr: 0.00020978691408867772
train: epoch 114, iter:20, loss: 0.2577, lr: 0.00020978691408867772
val epoch: 114, loss: 0.4581
train: epoch 115, iter:0, loss: 0.2385, lr: 0.0002083780601392783
train: epoch 115, iter:20, loss: 0.2505, lr: 0.0002083780601392783
val epoch: 115, loss: 0.3741
train: epoch 116, iter:0, loss: 0.2333, lr: 0.00020696335268406848
train: epoch 116, iter:20, loss: 0.2502, lr: 0.00020696335268406848
val epoch: 116, loss: 0.4491
train: epoch 117, iter:0, loss: 0.2506, lr: 0.00020554294686166318
train: epoch 117, iter:20, loss: 0.2533, lr: 0.00020554294686166318
val epoch: 117, loss: 0.4348
train: epoch 118, iter:0, loss: 0.1900, lr: 0.00020411699843556725
train: epoch 118, iter:20, loss: 0.2428, lr: 0.00020411699843556725
val epoch: 118, loss: 0.4397
train: epoch 119, iter:0, loss: 0.2273, lr: 0.00020268566377709454
train: epoch 119, iter:20, loss: 0.2446, lr: 0.00020268566377709454
val epoch: 119, loss: 0.3981
train: epoch 120, iter:0, loss: 0.2388, lr: 0.00020124909984822013
train: epoch 120, iter:20, loss: 0.2505, lr: 0.00020124909984822013
val epoch: 120, loss: 0.3846, miou: 0.7386686608843677, f1_or_dsc: 0.8496945709122593, accuracy: 0.9280084855485671, specificity: 0.9576193511015776, sensitivity: 0.8359718318447809
train: epoch 121, iter:0, loss: 0.2168, lr: 0.00019980746418436736
train: epoch 121, iter:20, loss: 0.2436, lr: 0.00019980746418436736
val epoch: 121, loss: 0.3774
train: epoch 122, iter:0, loss: 0.2646, lr: 0.00019836091487713254
train: epoch 122, iter:20, loss: 0.2471, lr: 0.00019836091487713254
val epoch: 122, loss: 0.3985
train: epoch 123, iter:0, loss: 0.2520, lr: 0.00019690961055694836
train: epoch 123, iter:20, loss: 0.2651, lr: 0.00019690961055694836
val epoch: 123, loss: 0.3868
train: epoch 124, iter:0, loss: 0.2467, lr: 0.00019545371037568823
train: epoch 124, iter:20, loss: 0.2445, lr: 0.00019545371037568823
val epoch: 124, loss: 0.3767
train: epoch 125, iter:0, loss: 0.2767, lr: 0.00019399337398921348
train: epoch 125, iter:20, loss: 0.2412, lr: 0.00019399337398921348
val epoch: 125, loss: 0.4347
train: epoch 126, iter:0, loss: 0.2148, lr: 0.0001925287615398655
train: epoch 126, iter:20, loss: 0.2451, lr: 0.0001925287615398655
val epoch: 126, loss: 0.3941
train: epoch 127, iter:0, loss: 0.2112, lr: 0.0001910600336389039
train: epoch 127, iter:20, loss: 0.2527, lr: 0.0001910600336389039
val epoch: 127, loss: 0.3792
train: epoch 128, iter:0, loss: 0.2399, lr: 0.0001895873513488942
train: epoch 128, iter:20, loss: 0.2455, lr: 0.0001895873513488942
val epoch: 128, loss: 0.4157
train: epoch 129, iter:0, loss: 0.2270, lr: 0.00018811087616604506
train: epoch 129, iter:20, loss: 0.2366, lr: 0.00018811087616604506
val epoch: 129, loss: 0.3656
train: epoch 130, iter:0, loss: 0.2736, lr: 0.00018663077000249866
train: epoch 130, iter:20, loss: 0.2375, lr: 0.00018663077000249866
val epoch: 130, loss: 0.3819
train: epoch 131, iter:0, loss: 0.2252, lr: 0.00018514719516857508
train: epoch 131, iter:20, loss: 0.2523, lr: 0.00018514719516857508
val epoch: 131, loss: 0.4181
train: epoch 132, iter:0, loss: 0.1775, lr: 0.00018366031435497322
train: epoch 132, iter:20, loss: 0.2448, lr: 0.00018366031435497322
val epoch: 132, loss: 0.4198
train: epoch 133, iter:0, loss: 0.1949, lr: 0.00018217029061493007
train: epoch 133, iter:20, loss: 0.2432, lr: 0.00018217029061493007
val epoch: 133, loss: 0.4039
train: epoch 134, iter:0, loss: 0.2646, lr: 0.00018067728734633956
train: epoch 134, iter:20, loss: 0.2462, lr: 0.00018067728734633956
val epoch: 134, loss: 0.3844
train: epoch 135, iter:0, loss: 0.2356, lr: 0.0001791814682738348
train: epoch 135, iter:20, loss: 0.2490, lr: 0.0001791814682738348
val epoch: 135, loss: 0.3627
train: epoch 136, iter:0, loss: 0.2211, lr: 0.00017768299743083345
train: epoch 136, iter:20, loss: 0.2312, lr: 0.00017768299743083345
val epoch: 136, loss: 0.3806
train: epoch 137, iter:0, loss: 0.2533, lr: 0.00017618203914154966
train: epoch 137, iter:20, loss: 0.2373, lr: 0.00017618203914154966
val epoch: 137, loss: 0.4014
train: epoch 138, iter:0, loss: 0.1814, lr: 0.0001746787580029741
train: epoch 138, iter:20, loss: 0.2377, lr: 0.0001746787580029741
val epoch: 138, loss: 0.3667
train: epoch 139, iter:0, loss: 0.2284, lr: 0.00017317331886682408
train: epoch 139, iter:20, loss: 0.2423, lr: 0.00017317331886682408
val epoch: 139, loss: 0.4569
train: epoch 140, iter:0, loss: 0.2440, lr: 0.00017166588682146562
train: epoch 140, iter:20, loss: 0.2496, lr: 0.00017166588682146562
val epoch: 140, loss: 0.3765
train: epoch 141, iter:0, loss: 0.2513, lr: 0.00017015662717380974
train: epoch 141, iter:20, loss: 0.2385, lr: 0.00017015662717380974
val epoch: 141, loss: 0.3934
train: epoch 142, iter:0, loss: 0.2107, lr: 0.00016864570543118456
train: epoch 142, iter:20, loss: 0.2359, lr: 0.00016864570543118456
val epoch: 142, loss: 0.3694
train: epoch 143, iter:0, loss: 0.2385, lr: 0.0001671332872831857
train: epoch 143, iter:20, loss: 0.2397, lr: 0.0001671332872831857
val epoch: 143, loss: 0.4099
train: epoch 144, iter:0, loss: 0.2434, lr: 0.00016561953858350656
train: epoch 144, iter:20, loss: 0.2429, lr: 0.00016561953858350656
val epoch: 144, loss: 0.3800
train: epoch 145, iter:0, loss: 0.2346, lr: 0.00016410462533175042
train: epoch 145, iter:20, loss: 0.2333, lr: 0.00016410462533175042
val epoch: 145, loss: 0.3722
train: epoch 146, iter:0, loss: 0.2697, lr: 0.00016258871365522684
train: epoch 146, iter:20, loss: 0.2295, lr: 0.00016258871365522684
val epoch: 146, loss: 0.3985
train: epoch 147, iter:0, loss: 0.1937, lr: 0.00016107196979073393
train: epoch 147, iter:20, loss: 0.2247, lr: 0.00016107196979073393
val epoch: 147, loss: 0.3860
train: epoch 148, iter:0, loss: 0.2179, lr: 0.00015955456006632853
train: epoch 148, iter:20, loss: 0.2324, lr: 0.00015955456006632853
val epoch: 148, loss: 0.4315
train: epoch 149, iter:0, loss: 0.2172, lr: 0.00015803665088308673
train: epoch 149, iter:20, loss: 0.2283, lr: 0.00015803665088308673
val epoch: 149, loss: 0.3955
train: epoch 150, iter:0, loss: 0.2296, lr: 0.00015651840869685562
train: epoch 150, iter:20, loss: 0.2327, lr: 0.00015651840869685562
val epoch: 150, loss: 0.3883, miou: 0.7465175623474103, f1_or_dsc: 0.8548640774548547, accuracy: 0.9292206339316793, specificity: 0.9526654400638067, sensitivity: 0.8563493597275507
train: epoch 151, iter:0, loss: 0.1693, lr: 0.00015499999999999997
train: epoch 151, iter:20, loss: 0.2247, lr: 0.00015499999999999997
val epoch: 151, loss: 0.3739
train: epoch 152, iter:0, loss: 0.2537, lr: 0.00015348159130314435
train: epoch 152, iter:20, loss: 0.2209, lr: 0.00015348159130314435
val epoch: 152, loss: 0.4222
train: epoch 153, iter:0, loss: 0.1795, lr: 0.00015196334911691327
train: epoch 153, iter:20, loss: 0.2315, lr: 0.00015196334911691327
val epoch: 153, loss: 0.3851
train: epoch 154, iter:0, loss: 0.2341, lr: 0.0001504454399336714
train: epoch 154, iter:20, loss: 0.2227, lr: 0.0001504454399336714
val epoch: 154, loss: 0.3777
train: epoch 155, iter:0, loss: 0.2885, lr: 0.00014892803020926605
train: epoch 155, iter:20, loss: 0.2235, lr: 0.00014892803020926605
val epoch: 155, loss: 0.3780
train: epoch 156, iter:0, loss: 0.2607, lr: 0.00014741128634477313
train: epoch 156, iter:20, loss: 0.2307, lr: 0.00014741128634477313
val epoch: 156, loss: 0.3960
train: epoch 157, iter:0, loss: 0.2422, lr: 0.00014589537466824958
train: epoch 157, iter:20, loss: 0.2257, lr: 0.00014589537466824958
val epoch: 157, loss: 0.3984
train: epoch 158, iter:0, loss: 0.2174, lr: 0.00014438046141649342
train: epoch 158, iter:20, loss: 0.2269, lr: 0.00014438046141649342
val epoch: 158, loss: 0.4011
train: epoch 159, iter:0, loss: 0.2283, lr: 0.00014286671271681423
train: epoch 159, iter:20, loss: 0.2142, lr: 0.00014286671271681423
val epoch: 159, loss: 0.3770
train: epoch 160, iter:0, loss: 0.2217, lr: 0.00014135429456881541
train: epoch 160, iter:20, loss: 0.2229, lr: 0.00014135429456881541
val epoch: 160, loss: 0.3914
train: epoch 161, iter:0, loss: 0.1780, lr: 0.00013984337282619026
train: epoch 161, iter:20, loss: 0.2278, lr: 0.00013984337282619026
val epoch: 161, loss: 0.3945
train: epoch 162, iter:0, loss: 0.1887, lr: 0.00013833411317853436
train: epoch 162, iter:20, loss: 0.2246, lr: 0.00013833411317853436
val epoch: 162, loss: 0.3699
train: epoch 163, iter:0, loss: 0.1819, lr: 0.0001368266811331759
train: epoch 163, iter:20, loss: 0.2196, lr: 0.0001368266811331759
val epoch: 163, loss: 0.3791
train: epoch 164, iter:0, loss: 0.1891, lr: 0.00013532124199702587
train: epoch 164, iter:20, loss: 0.2145, lr: 0.00013532124199702587
val epoch: 164, loss: 0.3667
train: epoch 165, iter:0, loss: 0.1714, lr: 0.00013381796085845036
train: epoch 165, iter:20, loss: 0.2212, lr: 0.00013381796085845036
val epoch: 165, loss: 0.3690
train: epoch 166, iter:0, loss: 0.2364, lr: 0.00013231700256916657
train: epoch 166, iter:20, loss: 0.2150, lr: 0.00013231700256916657
val epoch: 166, loss: 0.3816
train: epoch 167, iter:0, loss: 0.1807, lr: 0.00013081853172616515
train: epoch 167, iter:20, loss: 0.2164, lr: 0.00013081853172616515
val epoch: 167, loss: 0.4014
train: epoch 168, iter:0, loss: 0.2021, lr: 0.00012932271265366044
train: epoch 168, iter:20, loss: 0.2189, lr: 0.00012932271265366044
val epoch: 168, loss: 0.3983
train: epoch 169, iter:0, loss: 0.1913, lr: 0.00012782970938506996
train: epoch 169, iter:20, loss: 0.2187, lr: 0.00012782970938506996
val epoch: 169, loss: 0.3762
train: epoch 170, iter:0, loss: 0.2145, lr: 0.00012633968564502673
train: epoch 170, iter:20, loss: 0.2157, lr: 0.00012633968564502673
val epoch: 170, loss: 0.3650
train: epoch 171, iter:0, loss: 0.2078, lr: 0.00012485280483142492
train: epoch 171, iter:20, loss: 0.2191, lr: 0.00012485280483142492
val epoch: 171, loss: 0.3799
train: epoch 172, iter:0, loss: 0.2341, lr: 0.00012336922999750137
train: epoch 172, iter:20, loss: 0.2145, lr: 0.00012336922999750137
val epoch: 172, loss: 0.4040
train: epoch 173, iter:0, loss: 0.2178, lr: 0.00012188912383395497
train: epoch 173, iter:20, loss: 0.2142, lr: 0.00012188912383395497
val epoch: 173, loss: 0.3845
train: epoch 174, iter:0, loss: 0.2117, lr: 0.00012041264865110584
train: epoch 174, iter:20, loss: 0.2184, lr: 0.00012041264865110584
val epoch: 174, loss: 0.3734
train: epoch 175, iter:0, loss: 0.2613, lr: 0.00011893996636109612
train: epoch 175, iter:20, loss: 0.2241, lr: 0.00011893996636109612
val epoch: 175, loss: 0.3929
train: epoch 176, iter:0, loss: 0.2094, lr: 0.00011747123846013455
train: epoch 176, iter:20, loss: 0.2229, lr: 0.00011747123846013455
val epoch: 176, loss: 0.3787
train: epoch 177, iter:0, loss: 0.2128, lr: 0.00011600662601078654
train: epoch 177, iter:20, loss: 0.2137, lr: 0.00011600662601078654
val epoch: 177, loss: 0.3729
train: epoch 178, iter:0, loss: 0.2101, lr: 0.00011454628962431177
train: epoch 178, iter:20, loss: 0.2186, lr: 0.00011454628962431177
val epoch: 178, loss: 0.3578
train: epoch 179, iter:0, loss: 0.2421, lr: 0.00011309038944305162
train: epoch 179, iter:20, loss: 0.2083, lr: 0.00011309038944305162
val epoch: 179, loss: 0.3603
train: epoch 180, iter:0, loss: 0.2254, lr: 0.00011163908512286747
train: epoch 180, iter:20, loss: 0.2090, lr: 0.00011163908512286747
val epoch: 180, loss: 0.3685, miou: 0.7564389447471171, f1_or_dsc: 0.8613324670457307, accuracy: 0.9337061513768564, specificity: 0.9619732396300802, sensitivity: 0.84584623360043
train: epoch 181, iter:0, loss: 0.2025, lr: 0.00011019253581563266
train: epoch 181, iter:20, loss: 0.2098, lr: 0.00011019253581563266
val epoch: 181, loss: 0.4281
train: epoch 182, iter:0, loss: 0.2058, lr: 0.00010875090015177988
train: epoch 182, iter:20, loss: 0.2050, lr: 0.00010875090015177988
val epoch: 182, loss: 0.3726
train: epoch 183, iter:0, loss: 0.2346, lr: 0.00010731433622290546
train: epoch 183, iter:20, loss: 0.2246, lr: 0.00010731433622290546
val epoch: 183, loss: 0.3780
train: epoch 184, iter:0, loss: 0.2058, lr: 0.00010588300156443278
train: epoch 184, iter:20, loss: 0.2019, lr: 0.00010588300156443278
val epoch: 184, loss: 0.3725
train: epoch 185, iter:0, loss: 0.2030, lr: 0.00010445705313833685
train: epoch 185, iter:20, loss: 0.2160, lr: 0.00010445705313833685
val epoch: 185, loss: 0.3908
train: epoch 186, iter:0, loss: 0.2384, lr: 0.00010303664731593152
train: epoch 186, iter:20, loss: 0.2073, lr: 0.00010303664731593152
val epoch: 186, loss: 0.3826
train: epoch 187, iter:0, loss: 0.2064, lr: 0.00010162193986072177
train: epoch 187, iter:20, loss: 0.2070, lr: 0.00010162193986072177
val epoch: 187, loss: 0.3767
train: epoch 188, iter:0, loss: 0.2072, lr: 0.00010021308591132228
train: epoch 188, iter:20, loss: 0.2152, lr: 0.00010021308591132228
val epoch: 188, loss: 0.3762
train: epoch 189, iter:0, loss: 0.2368, lr: 9.881023996444511e-05
train: epoch 189, iter:20, loss: 0.2152, lr: 9.881023996444511e-05
val epoch: 189, loss: 0.3633
train: epoch 190, iter:0, loss: 0.2092, lr: 9.741355585795683e-05
train: epoch 190, iter:20, loss: 0.2047, lr: 9.741355585795683e-05
val epoch: 190, loss: 0.3903
train: epoch 191, iter:0, loss: 0.2407, lr: 9.6023186754009e-05
train: epoch 191, iter:20, loss: 0.2053, lr: 9.6023186754009e-05
val epoch: 191, loss: 0.3730
train: epoch 192, iter:0, loss: 0.2433, lr: 9.463928512224188e-05
train: epoch 192, iter:20, loss: 0.2173, lr: 9.463928512224188e-05
val epoch: 192, loss: 0.3898
train: epoch 193, iter:0, loss: 0.2398, lr: 9.326200272306449e-05
train: epoch 193, iter:20, loss: 0.2104, lr: 9.326200272306449e-05
val epoch: 193, loss: 0.3719
train: epoch 194, iter:0, loss: 0.1713, lr: 9.189149059101255e-05
train: epoch 194, iter:20, loss: 0.2170, lr: 9.189149059101255e-05
val epoch: 194, loss: 0.3984
train: epoch 195, iter:0, loss: 0.2146, lr: 9.052789901818558e-05
train: epoch 195, iter:20, loss: 0.2082, lr: 9.052789901818558e-05
val epoch: 195, loss: 0.3967
train: epoch 196, iter:0, loss: 0.1934, lr: 8.917137753776574e-05
train: epoch 196, iter:20, loss: 0.2055, lr: 8.917137753776574e-05
val epoch: 196, loss: 0.3823
train: epoch 197, iter:0, loss: 0.1482, lr: 8.78220749076201e-05
train: epoch 197, iter:20, loss: 0.2136, lr: 8.78220749076201e-05
val epoch: 197, loss: 0.3683
train: epoch 198, iter:0, loss: 0.2073, lr: 8.648013909398721e-05
train: epoch 198, iter:20, loss: 0.2073, lr: 8.648013909398721e-05
val epoch: 198, loss: 0.3687
train: epoch 199, iter:0, loss: 0.1880, lr: 8.514571725525128e-05
train: epoch 199, iter:20, loss: 0.2062, lr: 8.514571725525128e-05
val epoch: 199, loss: 0.3824
train: epoch 200, iter:0, loss: 0.1898, lr: 8.38189557258046e-05
train: epoch 200, iter:20, loss: 0.2065, lr: 8.38189557258046e-05
val epoch: 200, loss: 0.3880
train: epoch 201, iter:0, loss: 0.1853, lr: 8.249999999999999e-05
train: epoch 201, iter:20, loss: 0.2018, lr: 8.249999999999999e-05
val epoch: 201, loss: 0.3774
train: epoch 202, iter:0, loss: 0.1862, lr: 8.118899471619618e-05
train: epoch 202, iter:20, loss: 0.1984, lr: 8.118899471619618e-05
val epoch: 202, loss: 0.3663
train: epoch 203, iter:0, loss: 0.1670, lr: 7.988608364089617e-05
train: epoch 203, iter:20, loss: 0.2109, lr: 7.988608364089617e-05
val epoch: 203, loss: 0.3817
train: epoch 204, iter:0, loss: 0.1847, lr: 7.859140965298178e-05
train: epoch 204, iter:20, loss: 0.2052, lr: 7.859140965298178e-05
val epoch: 204, loss: 0.3803
train: epoch 205, iter:0, loss: 0.1808, lr: 7.730511472804555e-05
train: epoch 205, iter:20, loss: 0.2100, lr: 7.730511472804555e-05
val epoch: 205, loss: 0.3890
train: epoch 206, iter:0, loss: 0.2267, lr: 7.602733992282116e-05
train: epoch 206, iter:20, loss: 0.2081, lr: 7.602733992282116e-05
val epoch: 206, loss: 0.3832
train: epoch 207, iter:0, loss: 0.1764, lr: 7.475822535971515e-05
train: epoch 207, iter:20, loss: 0.2088, lr: 7.475822535971515e-05
val epoch: 207, loss: 0.3950
train: epoch 208, iter:0, loss: 0.1998, lr: 7.349791021144112e-05
train: epoch 208, iter:20, loss: 0.2069, lr: 7.349791021144112e-05
val epoch: 208, loss: 0.3870
train: epoch 209, iter:0, loss: 0.2039, lr: 7.224653268575744e-05
train: epoch 209, iter:20, loss: 0.2026, lr: 7.224653268575744e-05
val epoch: 209, loss: 0.3795
train: epoch 210, iter:0, loss: 0.2330, lr: 7.100423001031158e-05
train: epoch 210, iter:20, loss: 0.2003, lr: 7.100423001031158e-05
val epoch: 210, loss: 0.3797, miou: 0.754458537970321, f1_or_dsc: 0.8600471560224282, accuracy: 0.9328421035615524, specificity: 0.9602237418266308, sensitivity: 0.8477343462643617
train: epoch 211, iter:0, loss: 0.1959, lr: 6.977113841759144e-05
train: epoch 211, iter:20, loss: 0.2017, lr: 6.977113841759144e-05
val epoch: 211, loss: 0.4073
train: epoch 212, iter:0, loss: 0.1931, lr: 6.854739312998572e-05
train: epoch 212, iter:20, loss: 0.2026, lr: 6.854739312998572e-05
val epoch: 212, loss: 0.3758
train: epoch 213, iter:0, loss: 0.1903, lr: 6.733312834495569e-05
train: epoch 213, iter:20, loss: 0.2086, lr: 6.733312834495569e-05
val epoch: 213, loss: 0.3921
train: epoch 214, iter:0, loss: 0.1859, lr: 6.612847722031848e-05
train: epoch 214, iter:20, loss: 0.1935, lr: 6.612847722031848e-05
val epoch: 214, loss: 0.3781
train: epoch 215, iter:0, loss: 0.2576, lr: 6.493357185964504e-05
train: epoch 215, iter:20, loss: 0.1983, lr: 6.493357185964504e-05
val epoch: 215, loss: 0.3931
train: epoch 216, iter:0, loss: 0.2406, lr: 6.374854329777363e-05
train: epoch 216, iter:20, loss: 0.1968, lr: 6.374854329777363e-05
val epoch: 216, loss: 0.3769
train: epoch 217, iter:0, loss: 0.2256, lr: 6.257352148644002e-05
train: epoch 217, iter:20, loss: 0.1984, lr: 6.257352148644002e-05
val epoch: 217, loss: 0.3922
train: epoch 218, iter:0, loss: 0.2601, lr: 6.140863528002722e-05
train: epoch 218, iter:20, loss: 0.2007, lr: 6.140863528002722e-05
val epoch: 218, loss: 0.3888
train: epoch 219, iter:0, loss: 0.1766, lr: 6.025401242143478e-05
train: epoch 219, iter:20, loss: 0.2004, lr: 6.025401242143478e-05
val epoch: 219, loss: 0.3944
train: epoch 220, iter:0, loss: 0.2032, lr: 5.9109779528070484e-05
train: epoch 220, iter:20, loss: 0.1969, lr: 5.9109779528070484e-05
val epoch: 220, loss: 0.3832
train: epoch 221, iter:0, loss: 0.1901, lr: 5.7976062077965586e-05
train: epoch 221, iter:20, loss: 0.1953, lr: 5.7976062077965586e-05
val epoch: 221, loss: 0.3791
train: epoch 222, iter:0, loss: 0.1701, lr: 5.685298439601424e-05
train: epoch 222, iter:20, loss: 0.1984, lr: 5.685298439601424e-05
val epoch: 222, loss: 0.3803
train: epoch 223, iter:0, loss: 0.1894, lr: 5.5740669640340166e-05
train: epoch 223, iter:20, loss: 0.1940, lr: 5.5740669640340166e-05
val epoch: 223, loss: 0.3785
train: epoch 224, iter:0, loss: 0.1841, lr: 5.463923978879106e-05
train: epoch 224, iter:20, loss: 0.1960, lr: 5.463923978879106e-05
val epoch: 224, loss: 0.3890
train: epoch 225, iter:0, loss: 0.1723, lr: 5.3548815625562027e-05
train: epoch 225, iter:20, loss: 0.1954, lr: 5.3548815625562027e-05
val epoch: 225, loss: 0.3992
train: epoch 226, iter:0, loss: 0.2310, lr: 5.2469516727950645e-05
train: epoch 226, iter:20, loss: 0.1984, lr: 5.2469516727950645e-05
val epoch: 226, loss: 0.3764
train: epoch 227, iter:0, loss: 0.1851, lr: 5.1401461453243575e-05
train: epoch 227, iter:20, loss: 0.1933, lr: 5.1401461453243575e-05
val epoch: 227, loss: 0.3841
train: epoch 228, iter:0, loss: 0.1701, lr: 5.0344766925737514e-05
train: epoch 228, iter:20, loss: 0.2079, lr: 5.0344766925737514e-05
val epoch: 228, loss: 0.3826
train: epoch 229, iter:0, loss: 0.2406, lr: 4.929954902389538e-05
train: epoch 229, iter:20, loss: 0.1951, lr: 4.929954902389538e-05
val epoch: 229, loss: 0.3826
train: epoch 230, iter:0, loss: 0.2218, lr: 4.826592236763859e-05
train: epoch 230, iter:20, loss: 0.1970, lr: 4.826592236763859e-05
val epoch: 230, loss: 0.3873
train: epoch 231, iter:0, loss: 0.1680, lr: 4.724400030577784e-05
train: epoch 231, iter:20, loss: 0.1952, lr: 4.724400030577784e-05
val epoch: 231, loss: 0.3815
train: epoch 232, iter:0, loss: 0.1694, lr: 4.623389490358338e-05
train: epoch 232, iter:20, loss: 0.1944, lr: 4.623389490358338e-05
val epoch: 232, loss: 0.3930
train: epoch 233, iter:0, loss: 0.2136, lr: 4.523571693049536e-05
train: epoch 233, iter:20, loss: 0.1954, lr: 4.523571693049536e-05
val epoch: 233, loss: 0.3902
train: epoch 234, iter:0, loss: 0.1805, lr: 4.42495758479769e-05
train: epoch 234, iter:20, loss: 0.1919, lr: 4.42495758479769e-05
val epoch: 234, loss: 0.3919
train: epoch 235, iter:0, loss: 0.2188, lr: 4.3275579797510595e-05
train: epoch 235, iter:20, loss: 0.1896, lr: 4.3275579797510595e-05
val epoch: 235, loss: 0.3939
train: epoch 236, iter:0, loss: 0.1997, lr: 4.231383558873924e-05
train: epoch 236, iter:20, loss: 0.1884, lr: 4.231383558873924e-05
val epoch: 236, loss: 0.3880
train: epoch 237, iter:0, loss: 0.2049, lr: 4.136444868775326e-05
train: epoch 237, iter:20, loss: 0.1953, lr: 4.136444868775326e-05
val epoch: 237, loss: 0.3963
train: epoch 238, iter:0, loss: 0.1879, lr: 4.0427523205524943e-05
train: epoch 238, iter:20, loss: 0.1908, lr: 4.0427523205524943e-05
val epoch: 238, loss: 0.3893
train: epoch 239, iter:0, loss: 0.1889, lr: 3.950316188649156e-05
train: epoch 239, iter:20, loss: 0.1959, lr: 3.950316188649156e-05
val epoch: 239, loss: 0.3937
train: epoch 240, iter:0, loss: 0.1885, lr: 3.859146609728844e-05
train: epoch 240, iter:20, loss: 0.1858, lr: 3.859146609728844e-05
val epoch: 240, loss: 0.3829, miou: 0.7586843997778558, f1_or_dsc: 0.8627862962492728, accuracy: 0.9338943368137473, specificity: 0.9596564174115904, sensitivity: 0.8538204974851413
train: epoch 241, iter:0, loss: 0.2083, lr: 3.769253581563266e-05
train: epoch 241, iter:20, loss: 0.1888, lr: 3.769253581563266e-05
val epoch: 241, loss: 0.3914
train: epoch 242, iter:0, loss: 0.1820, lr: 3.680646961935965e-05
train: epoch 242, iter:20, loss: 0.1911, lr: 3.680646961935965e-05
val epoch: 242, loss: 0.3845
train: epoch 243, iter:0, loss: 0.1731, lr: 3.593336467561294e-05
train: epoch 243, iter:20, loss: 0.1895, lr: 3.593336467561294e-05
val epoch: 243, loss: 0.3824
train: epoch 244, iter:0, loss: 0.1777, lr: 3.5073316730188546e-05
train: epoch 244, iter:20, loss: 0.1889, lr: 3.5073316730188546e-05
val epoch: 244, loss: 0.3854
train: epoch 245, iter:0, loss: 0.2068, lr: 3.422642009703561e-05
train: epoch 245, iter:20, loss: 0.1973, lr: 3.422642009703561e-05
val epoch: 245, loss: 0.3803
train: epoch 246, iter:0, loss: 0.1903, lr: 3.339276764791356e-05
train: epoch 246, iter:20, loss: 0.1881, lr: 3.339276764791356e-05
val epoch: 246, loss: 0.3914
train: epoch 247, iter:0, loss: 0.1717, lr: 3.2572450802207845e-05
train: epoch 247, iter:20, loss: 0.1843, lr: 3.2572450802207845e-05
val epoch: 247, loss: 0.3848
train: epoch 248, iter:0, loss: 0.1968, lr: 3.1765559516904784e-05
train: epoch 248, iter:20, loss: 0.1955, lr: 3.1765559516904784e-05
val epoch: 248, loss: 0.3944
train: epoch 249, iter:0, loss: 0.1983, lr: 3.097218227672658e-05
train: epoch 249, iter:20, loss: 0.1920, lr: 3.097218227672658e-05
val epoch: 249, loss: 0.3917
train: epoch 250, iter:0, loss: 0.1795, lr: 3.019240608442822e-05
train: epoch 250, iter:20, loss: 0.1839, lr: 3.019240608442822e-05
val epoch: 250, loss: 0.3849
train: epoch 251, iter:0, loss: 0.1615, lr: 2.9426316451256454e-05
train: epoch 251, iter:20, loss: 0.1929, lr: 2.9426316451256454e-05
val epoch: 251, loss: 0.3871
train: epoch 252, iter:0, loss: 0.1823, lr: 2.8673997387572544e-05
train: epoch 252, iter:20, loss: 0.1903, lr: 2.8673997387572544e-05
val epoch: 252, loss: 0.3820
train: epoch 253, iter:0, loss: 0.1688, lr: 2.7935531393639814e-05
train: epoch 253, iter:20, loss: 0.1892, lr: 2.7935531393639814e-05
val epoch: 253, loss: 0.3867
train: epoch 254, iter:0, loss: 0.1722, lr: 2.7210999450576172e-05
train: epoch 254, iter:20, loss: 0.1921, lr: 2.7210999450576172e-05
val epoch: 254, loss: 0.3823
train: epoch 255, iter:0, loss: 0.1786, lr: 2.6500481011473898e-05
train: epoch 255, iter:20, loss: 0.1916, lr: 2.6500481011473898e-05
val epoch: 255, loss: 0.3908
train: epoch 256, iter:0, loss: 0.1688, lr: 2.5804053992686704e-05
train: epoch 256, iter:20, loss: 0.1912, lr: 2.5804053992686704e-05
val epoch: 256, loss: 0.3768
train: epoch 257, iter:0, loss: 0.1598, lr: 2.5121794765285192e-05
train: epoch 257, iter:20, loss: 0.1907, lr: 2.5121794765285192e-05
val epoch: 257, loss: 0.3884
train: epoch 258, iter:0, loss: 0.1958, lr: 2.445377814668197e-05
train: epoch 258, iter:20, loss: 0.1888, lr: 2.445377814668197e-05
val epoch: 258, loss: 0.3886
train: epoch 259, iter:0, loss: 0.1771, lr: 2.380007739242722e-05
train: epoch 259, iter:20, loss: 0.1870, lr: 2.380007739242722e-05
val epoch: 259, loss: 0.3851
train: epoch 260, iter:0, loss: 0.1529, lr: 2.316076418817509e-05
train: epoch 260, iter:20, loss: 0.1869, lr: 2.316076418817509e-05
val epoch: 260, loss: 0.3876
train: epoch 261, iter:0, loss: 0.1815, lr: 2.2535908641822916e-05
train: epoch 261, iter:20, loss: 0.1857, lr: 2.2535908641822916e-05
val epoch: 261, loss: 0.3934
train: epoch 262, iter:0, loss: 0.1545, lr: 2.192557927582279e-05
train: epoch 262, iter:20, loss: 0.1871, lr: 2.192557927582279e-05
val epoch: 262, loss: 0.3863
train: epoch 263, iter:0, loss: 0.1763, lr: 2.1329843019667432e-05
train: epoch 263, iter:20, loss: 0.1884, lr: 2.1329843019667432e-05
val epoch: 263, loss: 0.3861
train: epoch 264, iter:0, loss: 0.2182, lr: 2.0748765202550787e-05
train: epoch 264, iter:20, loss: 0.1919, lr: 2.0748765202550787e-05
val epoch: 264, loss: 0.3930
train: epoch 265, iter:0, loss: 0.2007, lr: 2.0182409546203575e-05
train: epoch 265, iter:20, loss: 0.1892, lr: 2.0182409546203575e-05
val epoch: 265, loss: 0.3889
train: epoch 266, iter:0, loss: 0.1627, lr: 1.9630838157905765e-05
train: epoch 266, iter:20, loss: 0.1858, lr: 1.9630838157905765e-05
val epoch: 266, loss: 0.4025
train: epoch 267, iter:0, loss: 0.1789, lr: 1.9094111523675756e-05
train: epoch 267, iter:20, loss: 0.1876, lr: 1.9094111523675756e-05
val epoch: 267, loss: 0.3815
train: epoch 268, iter:0, loss: 0.1815, lr: 1.8572288501637325e-05
train: epoch 268, iter:20, loss: 0.1843, lr: 1.8572288501637325e-05
val epoch: 268, loss: 0.3858
train: epoch 269, iter:0, loss: 0.1841, lr: 1.806542631556527e-05
train: epoch 269, iter:20, loss: 0.1804, lr: 1.806542631556527e-05
val epoch: 269, loss: 0.3900
train: epoch 270, iter:0, loss: 0.2189, lr: 1.757358054861011e-05
train: epoch 270, iter:20, loss: 0.1871, lr: 1.757358054861011e-05
val epoch: 270, loss: 0.3912, miou: 0.7563859744163807, f1_or_dsc: 0.8612981263047444, accuracy: 0.9334034117141573, specificity: 0.9604089478259973, sensitivity: 0.84946465717958
train: epoch 271, iter:0, loss: 0.2115, lr: 1.709680513720275e-05
train: epoch 271, iter:20, loss: 0.1839, lr: 1.709680513720275e-05
val epoch: 271, loss: 0.3873
train: epoch 272, iter:0, loss: 0.1878, lr: 1.6635152365139873e-05
train: epoch 272, iter:20, loss: 0.1879, lr: 1.6635152365139873e-05
val epoch: 272, loss: 0.3843
train: epoch 273, iter:0, loss: 0.1440, lr: 1.6188672857850262e-05
train: epoch 273, iter:20, loss: 0.1802, lr: 1.6188672857850262e-05
val epoch: 273, loss: 0.3873
train: epoch 274, iter:0, loss: 0.2021, lr: 1.5757415576843268e-05
train: epoch 274, iter:20, loss: 0.1797, lr: 1.5757415576843268e-05
val epoch: 274, loss: 0.3882
train: epoch 275, iter:0, loss: 0.1834, lr: 1.5341427814339585e-05
train: epoch 275, iter:20, loss: 0.1841, lr: 1.5341427814339585e-05
val epoch: 275, loss: 0.3817
train: epoch 276, iter:0, loss: 0.1717, lr: 1.4940755188085104e-05
train: epoch 276, iter:20, loss: 0.1828, lr: 1.4940755188085104e-05
val epoch: 276, loss: 0.3853
train: epoch 277, iter:0, loss: 0.1981, lr: 1.4555441636348503e-05
train: epoch 277, iter:20, loss: 0.1842, lr: 1.4555441636348503e-05
val epoch: 277, loss: 0.3901
train: epoch 278, iter:0, loss: 0.1699, lr: 1.4185529413102792e-05
train: epoch 278, iter:20, loss: 0.1816, lr: 1.4185529413102792e-05
val epoch: 278, loss: 0.3853
train: epoch 279, iter:0, loss: 0.1947, lr: 1.3831059083391764e-05
train: epoch 279, iter:20, loss: 0.1815, lr: 1.3831059083391764e-05
val epoch: 279, loss: 0.3855
train: epoch 280, iter:0, loss: 0.1961, lr: 1.3492069518881644e-05
train: epoch 280, iter:20, loss: 0.1792, lr: 1.3492069518881644e-05
val epoch: 280, loss: 0.3836
train: epoch 281, iter:0, loss: 0.1718, lr: 1.3168597893598197e-05
train: epoch 281, iter:20, loss: 0.1841, lr: 1.3168597893598197e-05
val epoch: 281, loss: 0.3852
train: epoch 282, iter:0, loss: 0.1732, lr: 1.286067967985035e-05
train: epoch 282, iter:20, loss: 0.1872, lr: 1.286067967985035e-05
val epoch: 282, loss: 0.3821
train: epoch 283, iter:0, loss: 0.1819, lr: 1.2568348644340156e-05
train: epoch 283, iter:20, loss: 0.1861, lr: 1.2568348644340156e-05
val epoch: 283, loss: 0.3916
train: epoch 284, iter:0, loss: 0.1796, lr: 1.2291636844459932e-05
train: epoch 284, iter:20, loss: 0.1847, lr: 1.2291636844459932e-05
val epoch: 284, loss: 0.3878
train: epoch 285, iter:0, loss: 0.1647, lr: 1.2030574624776782e-05
train: epoch 285, iter:20, loss: 0.1806, lr: 1.2030574624776782e-05
val epoch: 285, loss: 0.3877
train: epoch 286, iter:0, loss: 0.1838, lr: 1.1785190613705043e-05
train: epoch 286, iter:20, loss: 0.1750, lr: 1.1785190613705043e-05
val epoch: 286, loss: 0.3865
train: epoch 287, iter:0, loss: 0.1733, lr: 1.1555511720366695e-05
train: epoch 287, iter:20, loss: 0.1825, lr: 1.1555511720366695e-05
val epoch: 287, loss: 0.3924
train: epoch 288, iter:0, loss: 0.2023, lr: 1.134156313164068e-05
train: epoch 288, iter:20, loss: 0.1884, lr: 1.134156313164068e-05
val epoch: 288, loss: 0.3870
train: epoch 289, iter:0, loss: 0.1796, lr: 1.1143368309400725e-05
train: epoch 289, iter:20, loss: 0.1786, lr: 1.1143368309400725e-05
val epoch: 289, loss: 0.3894
train: epoch 290, iter:0, loss: 0.2142, lr: 1.0960948987942516e-05
train: epoch 290, iter:20, loss: 0.1875, lr: 1.0960948987942516e-05
val epoch: 290, loss: 0.3820
train: epoch 291, iter:0, loss: 0.1636, lr: 1.0794325171600374e-05
train: epoch 291, iter:20, loss: 0.1789, lr: 1.0794325171600374e-05
val epoch: 291, loss: 0.3853
train: epoch 292, iter:0, loss: 0.2536, lr: 1.06435151325534e-05
train: epoch 292, iter:20, loss: 0.1822, lr: 1.06435151325534e-05
val epoch: 292, loss: 0.3860
train: epoch 293, iter:0, loss: 0.1653, lr: 1.0508535408821867e-05
train: epoch 293, iter:20, loss: 0.1786, lr: 1.0508535408821867e-05
val epoch: 293, loss: 0.3864
train: epoch 294, iter:0, loss: 0.1814, lr: 1.0389400802453577e-05
train: epoch 294, iter:20, loss: 0.1821, lr: 1.0389400802453577e-05
val epoch: 294, loss: 0.3884
train: epoch 295, iter:0, loss: 0.1905, lr: 1.0286124377900624e-05
train: epoch 295, iter:20, loss: 0.1912, lr: 1.0286124377900624e-05
val epoch: 295, loss: 0.3830
train: epoch 296, iter:0, loss: 0.1819, lr: 1.0198717460586795e-05
train: epoch 296, iter:20, loss: 0.1822, lr: 1.0198717460586795e-05
val epoch: 296, loss: 0.3878
train: epoch 297, iter:0, loss: 0.1958, lr: 1.0127189635665535e-05
train: epoch 297, iter:20, loss: 0.1810, lr: 1.0127189635665535e-05
val epoch: 297, loss: 0.3953
train: epoch 298, iter:0, loss: 0.1538, lr: 1.0071548746968918e-05
train: epoch 298, iter:20, loss: 0.1839, lr: 1.0071548746968918e-05
val epoch: 298, loss: 0.3882
train: epoch 299, iter:0, loss: 0.1745, lr: 1.0031800896147403e-05
train: epoch 299, iter:20, loss: 0.1834, lr: 1.0031800896147403e-05
val epoch: 299, loss: 0.3906
train: epoch 300, iter:0, loss: 0.1829, lr: 1.000795044200074e-05
train: epoch 300, iter:20, loss: 0.1783, lr: 1.000795044200074e-05
val epoch: 300, loss: 0.3907, miou: 0.7573942796440492, f1_or_dsc: 0.861951456673064, accuracy: 0.9339268750483447, specificity: 0.9617591045534543, sensitivity: 0.8474185876029736
#----------Testing----------#
test of best model, best_val_loss: 0.3578, miou: 0.7619337628943187, f1_or_dsc: 0.8648835489056006, accuracy: 0.9354665019724628, specificity: 0.9634430564061844, sensitivity: 0.8485096229973472, confusion_matrix: [[38598898  1464599]
 [ 1952649 10936942]]
=== SWIN-UNET TRAINING COMPLETE ===
