/root/miniconda3/lib/python3.10/site-packages/timm/models/layers/__init__.py:49: FutureWarning: Importing from timm.models.layers is deprecated, please import via timm.layers
  warnings.warn(f"Importing from {__name__} is deprecated, please import via timm.layers", FutureWarning)
SwinTransformerSys expand initial----depths:[2, 2, 2, 2];depths_decoder:[2, 2, 2, 1];drop_path_rate:0.2;num_classes:1
---final upsample expand_first---
train: epoch 1, iter:0, loss: 1.4491, lr: 0.0001
train: epoch 1, iter:20, loss: 1.1091, lr: 0.0001
val epoch: 1, loss: 0.9064
train: epoch 2, iter:0, loss: 0.9203, lr: 9.999753262144806e-05
train: epoch 2, iter:20, loss: 0.7529, lr: 9.999753262144806e-05
val epoch: 2, loss: 0.6159
train: epoch 3, iter:0, loss: 0.6461, lr: 9.999013075636806e-05
train: epoch 3, iter:20, loss: 0.5891, lr: 9.999013075636806e-05
val epoch: 3, loss: 0.5496
train: epoch 4, iter:0, loss: 0.5656, lr: 9.997779521645793e-05
train: epoch 4, iter:20, loss: 0.5315, lr: 9.997779521645793e-05
val epoch: 4, loss: 0.6541
train: epoch 5, iter:0, loss: 0.6319, lr: 9.996052735444864e-05
train: epoch 5, iter:20, loss: 0.5579, lr: 9.996052735444864e-05
val epoch: 5, loss: 0.5408
train: epoch 6, iter:0, loss: 0.5407, lr: 9.993832906395583e-05
train: epoch 6, iter:20, loss: 0.5152, lr: 9.993832906395583e-05
val epoch: 6, loss: 0.5442
train: epoch 7, iter:0, loss: 0.5075, lr: 9.991120277927223e-05
train: epoch 7, iter:20, loss: 0.5287, lr: 9.991120277927223e-05
val epoch: 7, loss: 0.5255
train: epoch 8, iter:0, loss: 0.4477, lr: 9.987915147510061e-05
train: epoch 8, iter:20, loss: 0.5114, lr: 9.987915147510061e-05
val epoch: 8, loss: 0.4926
train: epoch 9, iter:0, loss: 0.3991, lr: 9.98421786662277e-05
train: epoch 9, iter:20, loss: 0.4578, lr: 9.98421786662277e-05
val epoch: 9, loss: 0.5615
train: epoch 10, iter:0, loss: 0.5095, lr: 9.98002884071386e-05
train: epoch 10, iter:20, loss: 0.4526, lr: 9.98002884071386e-05
val epoch: 10, loss: 0.5138
train: epoch 11, iter:0, loss: 0.4441, lr: 9.97534852915723e-05
train: epoch 11, iter:20, loss: 0.4270, lr: 9.97534852915723e-05
val epoch: 11, loss: 0.5235
train: epoch 12, iter:0, loss: 0.3291, lr: 9.970177445201784e-05
train: epoch 12, iter:20, loss: 0.4299, lr: 9.970177445201784e-05
val epoch: 12, loss: 0.4849
train: epoch 13, iter:0, loss: 0.4022, lr: 9.964516155915151e-05
train: epoch 13, iter:20, loss: 0.4142, lr: 9.964516155915151e-05
val epoch: 13, loss: 0.4816
train: epoch 14, iter:0, loss: 0.4062, lr: 9.958365282121496e-05
train: epoch 14, iter:20, loss: 0.3939, lr: 9.958365282121496e-05
val epoch: 14, loss: 0.5011
train: epoch 15, iter:0, loss: 0.4908, lr: 9.951725498333447e-05
train: epoch 15, iter:20, loss: 0.3778, lr: 9.951725498333447e-05
val epoch: 15, loss: 0.4727
train: epoch 16, iter:0, loss: 0.4210, lr: 9.944597532678119e-05
train: epoch 16, iter:20, loss: 0.3977, lr: 9.944597532678119e-05
val epoch: 16, loss: 0.4537
train: epoch 17, iter:0, loss: 0.4035, lr: 9.936982166817271e-05
train: epoch 17, iter:20, loss: 0.3808, lr: 9.936982166817271e-05
val epoch: 17, loss: 0.4930
train: epoch 18, iter:0, loss: 0.3456, lr: 9.928880235861587e-05
train: epoch 18, iter:20, loss: 0.4129, lr: 9.928880235861587e-05
val epoch: 18, loss: 0.4454
train: epoch 19, iter:0, loss: 0.3888, lr: 9.920292628279099e-05
train: epoch 19, iter:20, loss: 0.3861, lr: 9.920292628279099e-05
val epoch: 19, loss: 0.4414
train: epoch 20, iter:0, loss: 0.3701, lr: 9.911220285797748e-05
train: epoch 20, iter:20, loss: 0.3781, lr: 9.911220285797748e-05
val epoch: 20, loss: 0.4686
train: epoch 21, iter:0, loss: 0.3268, lr: 9.901664203302125e-05
train: epoch 21, iter:20, loss: 0.3734, lr: 9.901664203302125e-05
val epoch: 21, loss: 0.4923
train: epoch 22, iter:0, loss: 0.3720, lr: 9.891625428724362e-05
train: epoch 22, iter:20, loss: 0.3660, lr: 9.891625428724362e-05
val epoch: 22, loss: 0.4600
train: epoch 23, iter:0, loss: 0.3851, lr: 9.88110506292922e-05
train: epoch 23, iter:20, loss: 0.3592, lr: 9.88110506292922e-05
val epoch: 23, loss: 0.4600
train: epoch 24, iter:0, loss: 0.4092, lr: 9.87010425959336e-05
train: epoch 24, iter:20, loss: 0.3490, lr: 9.87010425959336e-05
val epoch: 24, loss: 0.4385
train: epoch 25, iter:0, loss: 0.4230, lr: 9.858624225078838e-05
train: epoch 25, iter:20, loss: 0.3699, lr: 9.858624225078838e-05
val epoch: 25, loss: 0.4782
train: epoch 26, iter:0, loss: 0.3894, lr: 9.846666218300805e-05
train: epoch 26, iter:20, loss: 0.3406, lr: 9.846666218300805e-05
val epoch: 26, loss: 0.4609
train: epoch 27, iter:0, loss: 0.3766, lr: 9.83423155058946e-05
train: epoch 27, iter:20, loss: 0.3540, lr: 9.83423155058946e-05
val epoch: 27, loss: 0.4780
train: epoch 28, iter:0, loss: 0.4638, lr: 9.821321585546243e-05
train: epoch 28, iter:20, loss: 0.3277, lr: 9.821321585546243e-05
val epoch: 28, loss: 0.4485
train: epoch 29, iter:0, loss: 0.3610, lr: 9.8079377388943e-05
train: epoch 29, iter:20, loss: 0.3307, lr: 9.8079377388943e-05
val epoch: 29, loss: 0.4813
train: epoch 30, iter:0, loss: 0.3018, lr: 9.794081478323245e-05
train: epoch 30, iter:20, loss: 0.3225, lr: 9.794081478323245e-05
val epoch: 30, loss: 0.4573, miou: 0.694304991346196, f1_or_dsc: 0.8195749819453011, accuracy: 0.9169495648676806, specificity: 0.9626450981051404, sensitivity: 0.7749184593987505
train: epoch 31, iter:0, loss: 0.2802, lr: 9.779754323328191e-05
train: epoch 31, iter:20, loss: 0.3255, lr: 9.779754323328191e-05
val epoch: 31, loss: 0.4175
train: epoch 32, iter:0, loss: 0.2833, lr: 9.764957845043135e-05
train: epoch 32, iter:20, loss: 0.3235, lr: 9.764957845043135e-05
val epoch: 32, loss: 0.4127
train: epoch 33, iter:0, loss: 0.2632, lr: 9.749693666068665e-05
train: epoch 33, iter:20, loss: 0.3121, lr: 9.749693666068665e-05
val epoch: 33, loss: 0.4366
train: epoch 34, iter:0, loss: 0.3099, lr: 9.733963460294014e-05
train: epoch 34, iter:20, loss: 0.3133, lr: 9.733963460294014e-05
val epoch: 34, loss: 0.4418
train: epoch 35, iter:0, loss: 0.3200, lr: 9.71776895271351e-05
train: epoch 35, iter:20, loss: 0.3101, lr: 9.71776895271351e-05
val epoch: 35, loss: 0.4476
train: epoch 36, iter:0, loss: 0.2333, lr: 9.701111919237405e-05
train: epoch 36, iter:20, loss: 0.3010, lr: 9.701111919237405e-05
val epoch: 36, loss: 0.4565
train: epoch 37, iter:0, loss: 0.2962, lr: 9.68399418649713e-05
train: epoch 37, iter:20, loss: 0.3047, lr: 9.68399418649713e-05
val epoch: 37, loss: 0.4168
train: epoch 38, iter:0, loss: 0.2813, lr: 9.666417631644976e-05
train: epoch 38, iter:20, loss: 0.3296, lr: 9.666417631644976e-05
val epoch: 38, loss: 0.4469
train: epoch 39, iter:0, loss: 0.3492, lr: 9.648384182148252e-05
train: epoch 39, iter:20, loss: 0.2930, lr: 9.648384182148252e-05
val epoch: 39, loss: 0.4204
train: epoch 40, iter:0, loss: 0.3475, lr: 9.629895815577914e-05
train: epoch 40, iter:20, loss: 0.3032, lr: 9.629895815577914e-05
val epoch: 40, loss: 0.4431
train: epoch 41, iter:0, loss: 0.2816, lr: 9.610954559391703e-05
train: epoch 41, iter:20, loss: 0.2906, lr: 9.610954559391703e-05
val epoch: 41, loss: 0.4574
train: epoch 42, iter:0, loss: 0.3165, lr: 9.591562490711808e-05
train: epoch 42, iter:20, loss: 0.3141, lr: 9.591562490711808e-05
val epoch: 42, loss: 0.4945
train: epoch 43, iter:0, loss: 0.2948, lr: 9.571721736097088e-05
train: epoch 43, iter:20, loss: 0.3060, lr: 9.571721736097088e-05
val epoch: 43, loss: 0.4256
train: epoch 44, iter:0, loss: 0.2975, lr: 9.55143447130987e-05
train: epoch 44, iter:20, loss: 0.3063, lr: 9.55143447130987e-05
val epoch: 44, loss: 0.4536
train: epoch 45, iter:0, loss: 0.3095, lr: 9.530702921077357e-05
train: epoch 45, iter:20, loss: 0.3177, lr: 9.530702921077357e-05
val epoch: 45, loss: 0.4609
train: epoch 46, iter:0, loss: 0.3836, lr: 9.509529358847654e-05
train: epoch 46, iter:20, loss: 0.2851, lr: 9.509529358847654e-05
val epoch: 46, loss: 0.4529
train: epoch 47, iter:0, loss: 0.3043, lr: 9.487916106540465e-05
train: epoch 47, iter:20, loss: 0.2804, lr: 9.487916106540465e-05
val epoch: 47, loss: 0.4450
train: epoch 48, iter:0, loss: 0.2783, lr: 9.465865534292464e-05
train: epoch 48, iter:20, loss: 0.3311, lr: 9.465865534292464e-05
val epoch: 48, loss: 0.5341
train: epoch 49, iter:0, loss: 0.3697, lr: 9.443380060197386e-05
train: epoch 49, iter:20, loss: 0.3017, lr: 9.443380060197386e-05
val epoch: 49, loss: 0.5091
train: epoch 50, iter:0, loss: 0.3101, lr: 9.420462150040853e-05
train: epoch 50, iter:20, loss: 0.2722, lr: 9.420462150040853e-05
val epoch: 50, loss: 0.4373
train: epoch 51, iter:0, loss: 0.2101, lr: 9.397114317029975e-05
train: epoch 51, iter:20, loss: 0.3004, lr: 9.397114317029975e-05
val epoch: 51, loss: 0.4180
train: epoch 52, iter:0, loss: 0.3312, lr: 9.373339121517747e-05
train: epoch 52, iter:20, loss: 0.2681, lr: 9.373339121517747e-05
val epoch: 52, loss: 0.4297
train: epoch 53, iter:0, loss: 0.2804, lr: 9.349139170722281e-05
train: epoch 53, iter:20, loss: 0.2840, lr: 9.349139170722281e-05
val epoch: 53, loss: 0.4700
train: epoch 54, iter:0, loss: 0.2620, lr: 9.32451711844089e-05
train: epoch 54, iter:20, loss: 0.2851, lr: 9.32451711844089e-05
val epoch: 54, loss: 0.5019
train: epoch 55, iter:0, loss: 0.3384, lr: 9.29947566475907e-05
train: epoch 55, iter:20, loss: 0.2799, lr: 9.29947566475907e-05
val epoch: 55, loss: 0.4261
train: epoch 56, iter:0, loss: 0.3066, lr: 9.274017555754411e-05
train: epoch 56, iter:20, loss: 0.2874, lr: 9.274017555754411e-05
val epoch: 56, loss: 0.4224
train: epoch 57, iter:0, loss: 0.2340, lr: 9.248145583195451e-05
train: epoch 57, iter:20, loss: 0.2862, lr: 9.248145583195451e-05
val epoch: 57, loss: 0.4297
train: epoch 58, iter:0, loss: 0.2700, lr: 9.22186258423553e-05
train: epoch 58, iter:20, loss: 0.2898, lr: 9.22186258423553e-05
val epoch: 58, loss: 0.4232
train: epoch 59, iter:0, loss: 0.3420, lr: 9.195171441101671e-05
train: epoch 59, iter:20, loss: 0.2807, lr: 9.195171441101671e-05
val epoch: 59, loss: 0.4538
train: epoch 60, iter:0, loss: 0.2320, lr: 9.168075080778497e-05
train: epoch 60, iter:20, loss: 0.2654, lr: 9.168075080778497e-05
val epoch: 60, loss: 0.4103, miou: 0.7230751715389955, f1_or_dsc: 0.8392845343980762, accuracy: 0.9240245630245397, specificity: 0.9591073889530911, sensitivity: 0.8149799322569661
train: epoch 61, iter:0, loss: 0.2302, lr: 9.140576474687266e-05
train: epoch 61, iter:20, loss: 0.2835, lr: 9.140576474687266e-05
val epoch: 61, loss: 0.4251
train: epoch 62, iter:0, loss: 0.3201, lr: 9.112678638360019e-05
train: epoch 62, iter:20, loss: 0.2573, lr: 9.112678638360019e-05
val epoch: 62, loss: 0.4153
train: epoch 63, iter:0, loss: 0.2126, lr: 9.084384631108886e-05
train: epoch 63, iter:20, loss: 0.2795, lr: 9.084384631108886e-05
val epoch: 63, loss: 0.4406
train: epoch 64, iter:0, loss: 0.2944, lr: 9.055697555690608e-05
train: epoch 64, iter:20, loss: 0.2773, lr: 9.055697555690608e-05
val epoch: 64, loss: 0.4343
train: epoch 65, iter:0, loss: 0.2955, lr: 9.026620557966282e-05
train: epoch 65, iter:20, loss: 0.2661, lr: 9.026620557966282e-05
val epoch: 65, loss: 0.4223
train: epoch 66, iter:0, loss: 0.2775, lr: 8.997156826556372e-05
train: epoch 66, iter:20, loss: 0.2750, lr: 8.997156826556372e-05
val epoch: 66, loss: 0.4432
train: epoch 67, iter:0, loss: 0.3207, lr: 8.967309592491055e-05
train: epoch 67, iter:20, loss: 0.2557, lr: 8.967309592491055e-05
val epoch: 67, loss: 0.4252
train: epoch 68, iter:0, loss: 0.2866, lr: 8.937082128855894e-05
train: epoch 68, iter:20, loss: 0.2656, lr: 8.937082128855894e-05
val epoch: 68, loss: 0.4485
train: epoch 69, iter:0, loss: 0.3515, lr: 8.906477750432907e-05
train: epoch 69, iter:20, loss: 0.2478, lr: 8.906477750432907e-05
val epoch: 69, loss: 0.4176
train: epoch 70, iter:0, loss: 0.2718, lr: 8.875499813337071e-05
train: epoch 70, iter:20, loss: 0.2549, lr: 8.875499813337071e-05
val epoch: 70, loss: 0.3806
train: epoch 71, iter:0, loss: 0.2063, lr: 8.844151714648278e-05
train: epoch 71, iter:20, loss: 0.2696, lr: 8.844151714648278e-05
val epoch: 71, loss: 0.4124
train: epoch 72, iter:0, loss: 0.3291, lr: 8.812436892038808e-05
train: epoch 72, iter:20, loss: 0.2598, lr: 8.812436892038808e-05
val epoch: 72, loss: 0.4243
train: epoch 73, iter:0, loss: 0.2864, lr: 8.780358823396356e-05
train: epoch 73, iter:20, loss: 0.2499, lr: 8.780358823396356e-05
val epoch: 73, loss: 0.3823
train: epoch 74, iter:0, loss: 0.2777, lr: 8.747921026442633e-05
train: epoch 74, iter:20, loss: 0.2480, lr: 8.747921026442633e-05
val epoch: 74, loss: 0.4273
train: epoch 75, iter:0, loss: 0.2916, lr: 8.715127058347619e-05
train: epoch 75, iter:20, loss: 0.2598, lr: 8.715127058347619e-05
val epoch: 75, loss: 0.4075
train: epoch 76, iter:0, loss: 0.2971, lr: 8.681980515339468e-05
train: epoch 76, iter:20, loss: 0.2508, lr: 8.681980515339468e-05
val epoch: 76, loss: 0.3937
train: epoch 77, iter:0, loss: 0.2014, lr: 8.648485032310149e-05
train: epoch 77, iter:20, loss: 0.2540, lr: 8.648485032310149e-05
val epoch: 77, loss: 0.3987
train: epoch 78, iter:0, loss: 0.2492, lr: 8.614644282416834e-05
train: epoch 78, iter:20, loss: 0.2473, lr: 8.614644282416834e-05
val epoch: 78, loss: 0.3715
train: epoch 79, iter:0, loss: 0.2230, lr: 8.580461976679102e-05
train: epoch 79, iter:20, loss: 0.2597, lr: 8.580461976679102e-05
val epoch: 79, loss: 0.4952
train: epoch 80, iter:0, loss: 0.2512, lr: 8.545941863571975e-05
train: epoch 80, iter:20, loss: 0.2642, lr: 8.545941863571975e-05
val epoch: 80, loss: 0.4148
train: epoch 81, iter:0, loss: 0.1826, lr: 8.511087728614864e-05
train: epoch 81, iter:20, loss: 0.2607, lr: 8.511087728614864e-05
val epoch: 81, loss: 0.4088
train: epoch 82, iter:0, loss: 0.2316, lr: 8.475903393956435e-05
train: epoch 82, iter:20, loss: 0.2463, lr: 8.475903393956435e-05
val epoch: 82, loss: 0.4027
train: epoch 83, iter:0, loss: 0.2014, lr: 8.440392717955477e-05
train: epoch 83, iter:20, loss: 0.2450, lr: 8.440392717955477e-05
val epoch: 83, loss: 0.4020
train: epoch 84, iter:0, loss: 0.2603, lr: 8.40455959475778e-05
train: epoch 84, iter:20, loss: 0.2428, lr: 8.40455959475778e-05
val epoch: 84, loss: 0.3885
train: epoch 85, iter:0, loss: 0.2374, lr: 8.368407953869106e-05
train: epoch 85, iter:20, loss: 0.2480, lr: 8.368407953869106e-05
val epoch: 85, loss: 0.4628
train: epoch 86, iter:0, loss: 0.2196, lr: 8.331941759724271e-05
train: epoch 86, iter:20, loss: 0.2350, lr: 8.331941759724271e-05
val epoch: 86, loss: 0.4072
train: epoch 87, iter:0, loss: 0.2724, lr: 8.2951650112524e-05
train: epoch 87, iter:20, loss: 0.2560, lr: 8.2951650112524e-05
val epoch: 87, loss: 0.4098
train: epoch 88, iter:0, loss: 0.2182, lr: 8.258081741438397e-05
train: epoch 88, iter:20, loss: 0.2477, lr: 8.258081741438397e-05
val epoch: 88, loss: 0.4052
train: epoch 89, iter:0, loss: 0.2201, lr: 8.22069601688069e-05
train: epoch 89, iter:20, loss: 0.2499, lr: 8.22069601688069e-05
val epoch: 89, loss: 0.4258
train: epoch 90, iter:0, loss: 0.2264, lr: 8.183011937345273e-05
train: epoch 90, iter:20, loss: 0.2373, lr: 8.183011937345273e-05
val epoch: 90, loss: 0.4366, miou: 0.7124403383535183, f1_or_dsc: 0.8320760991165593, accuracy: 0.922191865373366, specificity: 0.9640944972926352, sensitivity: 0.7919498764545748
train: epoch 91, iter:0, loss: 0.3481, lr: 8.145033635316131e-05
train: epoch 91, iter:20, loss: 0.2435, lr: 8.145033635316131e-05
val epoch: 91, loss: 0.4228
train: epoch 92, iter:0, loss: 0.1880, lr: 8.106765275542056e-05
train: epoch 92, iter:20, loss: 0.2524, lr: 8.106765275542056e-05
val epoch: 92, loss: 0.3922
train: epoch 93, iter:0, loss: 0.2319, lr: 8.068211054579945e-05
train: epoch 93, iter:20, loss: 0.2476, lr: 8.068211054579945e-05
val epoch: 93, loss: 0.3996
train: epoch 94, iter:0, loss: 0.1781, lr: 8.02937520033459e-05
train: epoch 94, iter:20, loss: 0.2295, lr: 8.02937520033459e-05
val epoch: 94, loss: 0.3968
train: epoch 95, iter:0, loss: 0.2254, lr: 7.99026197159505e-05
train: epoch 95, iter:20, loss: 0.2441, lr: 7.99026197159505e-05
val epoch: 95, loss: 0.3753
train: epoch 96, iter:0, loss: 0.2324, lr: 7.950875657567623e-05
train: epoch 96, iter:20, loss: 0.2368, lr: 7.950875657567623e-05
val epoch: 96, loss: 0.3666
train: epoch 97, iter:0, loss: 0.2108, lr: 7.911220577405486e-05
train: epoch 97, iter:20, loss: 0.2318, lr: 7.911220577405486e-05
val epoch: 97, loss: 0.4056
train: epoch 98, iter:0, loss: 0.2473, lr: 7.871301079735051e-05
train: epoch 98, iter:20, loss: 0.2380, lr: 7.871301079735051e-05
val epoch: 98, loss: 0.4135
train: epoch 99, iter:0, loss: 0.1895, lr: 7.831121542179088e-05
train: epoch 99, iter:20, loss: 0.2315, lr: 7.831121542179088e-05
val epoch: 99, loss: 0.3699
train: epoch 100, iter:0, loss: 0.2470, lr: 7.790686370876673e-05
train: epoch 100, iter:20, loss: 0.2516, lr: 7.790686370876673e-05
val epoch: 100, loss: 0.4198
train: epoch 101, iter:0, loss: 0.2333, lr: 7.750000000000003e-05
train: epoch 101, iter:20, loss: 0.2397, lr: 7.750000000000003e-05
val epoch: 101, loss: 0.3782
train: epoch 102, iter:0, loss: 0.2127, lr: 7.709066891268137e-05
train: epoch 102, iter:20, loss: 0.2265, lr: 7.709066891268137e-05
val epoch: 102, loss: 0.4121
train: epoch 103, iter:0, loss: 0.2582, lr: 7.667891533457722e-05
train: epoch 103, iter:20, loss: 0.2216, lr: 7.667891533457722e-05
val epoch: 103, loss: 0.3727
train: epoch 104, iter:0, loss: 0.2123, lr: 7.626478441910747e-05
train: epoch 104, iter:20, loss: 0.2301, lr: 7.626478441910747e-05
val epoch: 104, loss: 0.4131
train: epoch 105, iter:0, loss: 0.2506, lr: 7.584832158039382e-05
train: epoch 105, iter:20, loss: 0.2272, lr: 7.584832158039382e-05
val epoch: 105, loss: 0.3790
train: epoch 106, iter:0, loss: 0.2230, lr: 7.542957248827964e-05
train: epoch 106, iter:20, loss: 0.2302, lr: 7.542957248827964e-05
val epoch: 106, loss: 0.4319
train: epoch 107, iter:0, loss: 0.2571, lr: 7.500858306332177e-05
train: epoch 107, iter:20, loss: 0.2264, lr: 7.500858306332177e-05
val epoch: 107, loss: 0.4202
train: epoch 108, iter:0, loss: 0.2415, lr: 7.458539947175478e-05
train: epoch 108, iter:20, loss: 0.2366, lr: 7.458539947175478e-05
val epoch: 108, loss: 0.3772
train: epoch 109, iter:0, loss: 0.2097, lr: 7.41600681204283e-05
train: epoch 109, iter:20, loss: 0.2348, lr: 7.41600681204283e-05
val epoch: 109, loss: 0.4014
train: epoch 110, iter:0, loss: 0.2300, lr: 7.373263565171809e-05
train: epoch 110, iter:20, loss: 0.2377, lr: 7.373263565171809e-05
val epoch: 110, loss: 0.4150
train: epoch 111, iter:0, loss: 0.2951, lr: 7.330314893841104e-05
train: epoch 111, iter:20, loss: 0.2400, lr: 7.330314893841104e-05
val epoch: 111, loss: 0.4065
train: epoch 112, iter:0, loss: 0.2063, lr: 7.287165507856516e-05
train: epoch 112, iter:20, loss: 0.2338, lr: 7.287165507856516e-05
val epoch: 112, loss: 0.4016
train: epoch 113, iter:0, loss: 0.1808, lr: 7.243820139034467e-05
train: epoch 113, iter:20, loss: 0.2227, lr: 7.243820139034467e-05
val epoch: 113, loss: 0.4082
train: epoch 114, iter:0, loss: 0.1976, lr: 7.200283540683105e-05
train: epoch 114, iter:20, loss: 0.2275, lr: 7.200283540683105e-05
val epoch: 114, loss: 0.4377
train: epoch 115, iter:0, loss: 0.2210, lr: 7.156560487081054e-05
train: epoch 115, iter:20, loss: 0.2275, lr: 7.156560487081054e-05
val epoch: 115, loss: 0.4252
train: epoch 116, iter:0, loss: 0.2107, lr: 7.112655772953852e-05
train: epoch 116, iter:20, loss: 0.2208, lr: 7.112655772953852e-05
val epoch: 116, loss: 0.4154
train: epoch 117, iter:0, loss: 0.2294, lr: 7.06857421294817e-05
train: epoch 117, iter:20, loss: 0.2264, lr: 7.06857421294817e-05
val epoch: 117, loss: 0.3790
train: epoch 118, iter:0, loss: 0.1827, lr: 7.024320641103815e-05
train: epoch 118, iter:20, loss: 0.2282, lr: 7.024320641103815e-05
val epoch: 118, loss: 0.4202
train: epoch 119, iter:0, loss: 0.2151, lr: 6.979899910323627e-05
train: epoch 119, iter:20, loss: 0.2259, lr: 6.979899910323627e-05
val epoch: 119, loss: 0.4102
train: epoch 120, iter:0, loss: 0.1839, lr: 6.935316891841318e-05
train: epoch 120, iter:20, loss: 0.2254, lr: 6.935316891841318e-05
val epoch: 120, loss: 0.3947, miou: 0.7452290309023301, f1_or_dsc: 0.8540186046722208, accuracy: 0.9293670276604077, specificity: 0.955291496396333, sensitivity: 0.8487884526359293
train: epoch 121, iter:0, loss: 0.2052, lr: 6.890576474687267e-05
train: epoch 121, iter:20, loss: 0.2273, lr: 6.890576474687267e-05
val epoch: 121, loss: 0.4193
train: epoch 122, iter:0, loss: 0.2313, lr: 6.845683565152394e-05
train: epoch 122, iter:20, loss: 0.2208, lr: 6.845683565152394e-05
val epoch: 122, loss: 0.4031
train: epoch 123, iter:0, loss: 0.2164, lr: 6.800643086250126e-05
train: epoch 123, iter:20, loss: 0.2204, lr: 6.800643086250126e-05
val epoch: 123, loss: 0.3924
train: epoch 124, iter:0, loss: 0.2331, lr: 6.755459977176537e-05
train: epoch 124, iter:20, loss: 0.2141, lr: 6.755459977176537e-05
val epoch: 124, loss: 0.4099
train: epoch 125, iter:0, loss: 0.2621, lr: 6.710139192768701e-05
train: epoch 125, iter:20, loss: 0.2207, lr: 6.710139192768701e-05
val epoch: 125, loss: 0.3874
train: epoch 126, iter:0, loss: 0.1991, lr: 6.66468570296135e-05
train: epoch 126, iter:20, loss: 0.2220, lr: 6.66468570296135e-05
val epoch: 126, loss: 0.3966
train: epoch 127, iter:0, loss: 0.1860, lr: 6.619104492241852e-05
train: epoch 127, iter:20, loss: 0.2209, lr: 6.619104492241852e-05
val epoch: 127, loss: 0.3894
train: epoch 128, iter:0, loss: 0.2227, lr: 6.57340055910362e-05
train: epoch 128, iter:20, loss: 0.2225, lr: 6.57340055910362e-05
val epoch: 128, loss: 0.3974
train: epoch 129, iter:0, loss: 0.2452, lr: 6.527578915497956e-05
train: epoch 129, iter:20, loss: 0.2113, lr: 6.527578915497956e-05
val epoch: 129, loss: 0.4125
train: epoch 130, iter:0, loss: 0.2582, lr: 6.481644586284449e-05
train: epoch 130, iter:20, loss: 0.2158, lr: 6.481644586284449e-05
val epoch: 130, loss: 0.3990
train: epoch 131, iter:0, loss: 0.2070, lr: 6.435602608679923e-05
train: epoch 131, iter:20, loss: 0.2165, lr: 6.435602608679923e-05
val epoch: 131, loss: 0.4153
train: epoch 132, iter:0, loss: 0.1606, lr: 6.389458031706073e-05
train: epoch 132, iter:20, loss: 0.2115, lr: 6.389458031706073e-05
val epoch: 132, loss: 0.4166
train: epoch 133, iter:0, loss: 0.1919, lr: 6.343215915635769e-05
train: epoch 133, iter:20, loss: 0.2118, lr: 6.343215915635769e-05
val epoch: 133, loss: 0.3752
train: epoch 134, iter:0, loss: 0.2186, lr: 6.296881331438133e-05
train: epoch 134, iter:20, loss: 0.2151, lr: 6.296881331438133e-05
val epoch: 134, loss: 0.3842
train: epoch 135, iter:0, loss: 0.2102, lr: 6.250459360222469e-05
train: epoch 135, iter:20, loss: 0.2097, lr: 6.250459360222469e-05
val epoch: 135, loss: 0.3868
train: epoch 136, iter:0, loss: 0.1798, lr: 6.203955092681049e-05
train: epoch 136, iter:20, loss: 0.2137, lr: 6.203955092681049e-05
val epoch: 136, loss: 0.4212
train: epoch 137, iter:0, loss: 0.1949, lr: 6.157373628530863e-05
train: epoch 137, iter:20, loss: 0.2148, lr: 6.157373628530863e-05
val epoch: 137, loss: 0.4047
train: epoch 138, iter:0, loss: 0.1920, lr: 6.11072007595438e-05
train: epoch 138, iter:20, loss: 0.2155, lr: 6.11072007595438e-05
val epoch: 138, loss: 0.3789
train: epoch 139, iter:0, loss: 0.2198, lr: 6.06399955103938e-05
train: epoch 139, iter:20, loss: 0.2146, lr: 6.06399955103938e-05
val epoch: 139, loss: 0.3976
train: epoch 140, iter:0, loss: 0.2051, lr: 6.017217177217911e-05
train: epoch 140, iter:20, loss: 0.2133, lr: 6.017217177217911e-05
val epoch: 140, loss: 0.3956
train: epoch 141, iter:0, loss: 0.2053, lr: 5.970378084704452e-05
train: epoch 141, iter:20, loss: 0.2087, lr: 5.970378084704452e-05
val epoch: 141, loss: 0.3841
train: epoch 142, iter:0, loss: 0.1931, lr: 5.923487409933326e-05
train: epoch 142, iter:20, loss: 0.2065, lr: 5.923487409933326e-05
val epoch: 142, loss: 0.3833
train: epoch 143, iter:0, loss: 0.2037, lr: 5.8765502949954305e-05
train: epoch 143, iter:20, loss: 0.2076, lr: 5.8765502949954305e-05
val epoch: 143, loss: 0.3915
train: epoch 144, iter:0, loss: 0.2359, lr: 5.8295718870743535e-05
train: epoch 144, iter:20, loss: 0.2142, lr: 5.8295718870743535e-05
val epoch: 144, loss: 0.3807
train: epoch 145, iter:0, loss: 0.1919, lr: 5.782557337881921e-05
train: epoch 145, iter:20, loss: 0.2092, lr: 5.782557337881921e-05
val epoch: 145, loss: 0.3949
train: epoch 146, iter:0, loss: 0.2102, lr: 5.7355118030932584e-05
train: epoch 146, iter:20, loss: 0.2013, lr: 5.7355118030932584e-05
val epoch: 146, loss: 0.3901
train: epoch 147, iter:0, loss: 0.1744, lr: 5.68844044178141e-05
train: epoch 147, iter:20, loss: 0.2038, lr: 5.68844044178141e-05
val epoch: 147, loss: 0.3872
train: epoch 148, iter:0, loss: 0.1849, lr: 5.641348415851587e-05
train: epoch 148, iter:20, loss: 0.2033, lr: 5.641348415851587e-05
val epoch: 148, loss: 0.4413
train: epoch 149, iter:0, loss: 0.1763, lr: 5.594240889475117e-05
train: epoch 149, iter:20, loss: 0.2001, lr: 5.594240889475117e-05
val epoch: 149, loss: 0.4026
train: epoch 150, iter:0, loss: 0.2411, lr: 5.547123028523116e-05
train: epoch 150, iter:20, loss: 0.2063, lr: 5.547123028523116e-05
val epoch: 150, loss: 0.3922, miou: 0.7490198392692493, f1_or_dsc: 0.8565023934573482, accuracy: 0.9307686456359259, specificity: 0.957138115027752, sensitivity: 0.8488069171473323
train: epoch 151, iter:0, loss: 0.1661, lr: 5.5000000000000104e-05
train: epoch 151, iter:20, loss: 0.2012, lr: 5.5000000000000104e-05
val epoch: 151, loss: 0.4001
train: epoch 152, iter:0, loss: 0.2215, lr: 5.4528769714769045e-05
train: epoch 152, iter:20, loss: 0.1973, lr: 5.4528769714769045e-05
val epoch: 152, loss: 0.3931
train: epoch 153, iter:0, loss: 0.1519, lr: 5.405759110524905e-05
train: epoch 153, iter:20, loss: 0.2044, lr: 5.405759110524905e-05
val epoch: 153, loss: 0.4289
train: epoch 154, iter:0, loss: 0.2073, lr: 5.3586515841484326e-05
train: epoch 154, iter:20, loss: 0.1961, lr: 5.3586515841484326e-05
val epoch: 154, loss: 0.3914
train: epoch 155, iter:0, loss: 0.2425, lr: 5.311559558218611e-05
train: epoch 155, iter:20, loss: 0.1984, lr: 5.311559558218611e-05
val epoch: 155, loss: 0.3913
train: epoch 156, iter:0, loss: 0.2106, lr: 5.264488196906762e-05
train: epoch 156, iter:20, loss: 0.1969, lr: 5.264488196906762e-05
val epoch: 156, loss: 0.4150
train: epoch 157, iter:0, loss: 0.2199, lr: 5.2174426621181e-05
train: epoch 157, iter:20, loss: 0.2006, lr: 5.2174426621181e-05
val epoch: 157, loss: 0.4041
train: epoch 158, iter:0, loss: 0.1779, lr: 5.170428112925667e-05
train: epoch 158, iter:20, loss: 0.1942, lr: 5.170428112925667e-05
val epoch: 158, loss: 0.3938
train: epoch 159, iter:0, loss: 0.1973, lr: 5.123449705004589e-05
train: epoch 159, iter:20, loss: 0.1856, lr: 5.123449705004589e-05
val epoch: 159, loss: 0.4018
train: epoch 160, iter:0, loss: 0.1885, lr: 5.076512590066694e-05
train: epoch 160, iter:20, loss: 0.1979, lr: 5.076512590066694e-05
val epoch: 160, loss: 0.3992
train: epoch 161, iter:0, loss: 0.1946, lr: 5.0296219152955685e-05
train: epoch 161, iter:20, loss: 0.2048, lr: 5.0296219152955685e-05
val epoch: 161, loss: 0.4046
train: epoch 162, iter:0, loss: 0.1770, lr: 4.982782822782109e-05
train: epoch 162, iter:20, loss: 0.1906, lr: 4.982782822782109e-05
val epoch: 162, loss: 0.4070
train: epoch 163, iter:0, loss: 0.1748, lr: 4.9360004489606395e-05
train: epoch 163, iter:20, loss: 0.1925, lr: 4.9360004489606395e-05
val epoch: 163, loss: 0.3906
train: epoch 164, iter:0, loss: 0.1737, lr: 4.889279924045639e-05
train: epoch 164, iter:20, loss: 0.1901, lr: 4.889279924045639e-05
val epoch: 164, loss: 0.3586
train: epoch 165, iter:0, loss: 0.1545, lr: 4.842626371469157e-05
train: epoch 165, iter:20, loss: 0.1997, lr: 4.842626371469157e-05
val epoch: 165, loss: 0.3753
train: epoch 166, iter:0, loss: 0.1933, lr: 4.79604490731897e-05
train: epoch 166, iter:20, loss: 0.1993, lr: 4.79604490731897e-05
val epoch: 166, loss: 0.3893
train: epoch 167, iter:0, loss: 0.1609, lr: 4.749540639777547e-05
train: epoch 167, iter:20, loss: 0.1934, lr: 4.749540639777547e-05
val epoch: 167, loss: 0.3862
train: epoch 168, iter:0, loss: 0.1772, lr: 4.703118668561883e-05
train: epoch 168, iter:20, loss: 0.1908, lr: 4.703118668561883e-05
val epoch: 168, loss: 0.3989
train: epoch 169, iter:0, loss: 0.1717, lr: 4.656784084364247e-05
train: epoch 169, iter:20, loss: 0.1931, lr: 4.656784084364247e-05
val epoch: 169, loss: 0.3831
train: epoch 170, iter:0, loss: 0.1740, lr: 4.61054196829394e-05
train: epoch 170, iter:20, loss: 0.1901, lr: 4.61054196829394e-05
val epoch: 170, loss: 0.3824
train: epoch 171, iter:0, loss: 0.2018, lr: 4.564397391320091e-05
train: epoch 171, iter:20, loss: 0.1961, lr: 4.564397391320091e-05
val epoch: 171, loss: 0.3791
train: epoch 172, iter:0, loss: 0.1957, lr: 4.518355413715567e-05
train: epoch 172, iter:20, loss: 0.1875, lr: 4.518355413715567e-05
val epoch: 172, loss: 0.3764
train: epoch 173, iter:0, loss: 0.1734, lr: 4.472421084502058e-05
train: epoch 173, iter:20, loss: 0.1848, lr: 4.472421084502058e-05
val epoch: 173, loss: 0.3857
train: epoch 174, iter:0, loss: 0.1800, lr: 4.426599440896395e-05
train: epoch 174, iter:20, loss: 0.1918, lr: 4.426599440896395e-05
val epoch: 174, loss: 0.3776
train: epoch 175, iter:0, loss: 0.2260, lr: 4.380895507758162e-05
train: epoch 175, iter:20, loss: 0.1898, lr: 4.380895507758162e-05
val epoch: 175, loss: 0.3853
train: epoch 176, iter:0, loss: 0.1861, lr: 4.335314297038665e-05
train: epoch 176, iter:20, loss: 0.1951, lr: 4.335314297038665e-05
val epoch: 176, loss: 0.3907
train: epoch 177, iter:0, loss: 0.1949, lr: 4.289860807231313e-05
train: epoch 177, iter:20, loss: 0.1944, lr: 4.289860807231313e-05
val epoch: 177, loss: 0.3823
train: epoch 178, iter:0, loss: 0.1734, lr: 4.2445400228234754e-05
train: epoch 178, iter:20, loss: 0.1814, lr: 4.2445400228234754e-05
val epoch: 178, loss: 0.3836
train: epoch 179, iter:0, loss: 0.1984, lr: 4.1993569137498844e-05
train: epoch 179, iter:20, loss: 0.1832, lr: 4.1993569137498844e-05
val epoch: 179, loss: 0.3910
train: epoch 180, iter:0, loss: 0.1770, lr: 4.154316434847618e-05
train: epoch 180, iter:20, loss: 0.1808, lr: 4.154316434847618e-05
val epoch: 180, loss: 0.3841, miou: 0.7500099328868521, f1_or_dsc: 0.8571493438892891, accuracy: 0.9316774878171411, specificity: 0.9604993043917259, sensitivity: 0.8420933604487528
train: epoch 181, iter:0, loss: 0.1866, lr: 4.109423525312744e-05
train: epoch 181, iter:20, loss: 0.1876, lr: 4.109423525312744e-05
val epoch: 181, loss: 0.4162
train: epoch 182, iter:0, loss: 0.1892, lr: 4.064683108158692e-05
train: epoch 182, iter:20, loss: 0.1818, lr: 4.064683108158692e-05
val epoch: 182, loss: 0.4115
train: epoch 183, iter:0, loss: 0.1851, lr: 4.020100089676382e-05
train: epoch 183, iter:20, loss: 0.1879, lr: 4.020100089676382e-05
val epoch: 183, loss: 0.3892
train: epoch 184, iter:0, loss: 0.2065, lr: 3.975679358896196e-05
train: epoch 184, iter:20, loss: 0.1796, lr: 3.975679358896196e-05
val epoch: 184, loss: 0.3893
train: epoch 185, iter:0, loss: 0.1775, lr: 3.931425787051839e-05
train: epoch 185, iter:20, loss: 0.1820, lr: 3.931425787051839e-05
val epoch: 185, loss: 0.4189
train: epoch 186, iter:0, loss: 0.2084, lr: 3.8873442270461565e-05
train: epoch 186, iter:20, loss: 0.1804, lr: 3.8873442270461565e-05
val epoch: 186, loss: 0.4330
train: epoch 187, iter:0, loss: 0.1784, lr: 3.843439512918957e-05
train: epoch 187, iter:20, loss: 0.1794, lr: 3.843439512918957e-05
val epoch: 187, loss: 0.4065
train: epoch 188, iter:0, loss: 0.1858, lr: 3.7997164593169046e-05
train: epoch 188, iter:20, loss: 0.1847, lr: 3.7997164593169046e-05
val epoch: 188, loss: 0.3948
train: epoch 189, iter:0, loss: 0.1790, lr: 3.756179860965544e-05
train: epoch 189, iter:20, loss: 0.1961, lr: 3.756179860965544e-05
val epoch: 189, loss: 0.3802
train: epoch 190, iter:0, loss: 0.1870, lr: 3.7128344921434934e-05
train: epoch 190, iter:20, loss: 0.1793, lr: 3.7128344921434934e-05
val epoch: 190, loss: 0.3948
train: epoch 191, iter:0, loss: 0.1877, lr: 3.669685106158906e-05
train: epoch 191, iter:20, loss: 0.1805, lr: 3.669685106158906e-05
val epoch: 191, loss: 0.4078
train: epoch 192, iter:0, loss: 0.1915, lr: 3.6267364348282024e-05
train: epoch 192, iter:20, loss: 0.1799, lr: 3.6267364348282024e-05
val epoch: 192, loss: 0.4131
train: epoch 193, iter:0, loss: 0.1852, lr: 3.58399318795718e-05
train: epoch 193, iter:20, loss: 0.1761, lr: 3.58399318795718e-05
val epoch: 193, loss: 0.4139
train: epoch 194, iter:0, loss: 0.1738, lr: 3.541460052824533e-05
train: epoch 194, iter:20, loss: 0.1859, lr: 3.541460052824533e-05
val epoch: 194, loss: 0.4013
train: epoch 195, iter:0, loss: 0.2014, lr: 3.499141693667834e-05
train: epoch 195, iter:20, loss: 0.1806, lr: 3.499141693667834e-05
val epoch: 195, loss: 0.3974
train: epoch 196, iter:0, loss: 0.1758, lr: 3.4570427511720465e-05
train: epoch 196, iter:20, loss: 0.1794, lr: 3.4570427511720465e-05
val epoch: 196, loss: 0.4111
train: epoch 197, iter:0, loss: 0.1374, lr: 3.4151678419606305e-05
train: epoch 197, iter:20, loss: 0.1840, lr: 3.4151678419606305e-05
val epoch: 197, loss: 0.3892
train: epoch 198, iter:0, loss: 0.1863, lr: 3.373521558089265e-05
train: epoch 198, iter:20, loss: 0.1775, lr: 3.373521558089265e-05
val epoch: 198, loss: 0.4083
train: epoch 199, iter:0, loss: 0.1739, lr: 3.332108466542288e-05
train: epoch 199, iter:20, loss: 0.1839, lr: 3.332108466542288e-05
val epoch: 199, loss: 0.3976
train: epoch 200, iter:0, loss: 0.1681, lr: 3.290933108731874e-05
train: epoch 200, iter:20, loss: 0.1805, lr: 3.290933108731874e-05
val epoch: 200, loss: 0.4065
train: epoch 201, iter:0, loss: 0.1814, lr: 3.2500000000000065e-05
train: epoch 201, iter:20, loss: 0.1778, lr: 3.2500000000000065e-05
val epoch: 201, loss: 0.3962
train: epoch 202, iter:0, loss: 0.1727, lr: 3.2093136291233364e-05
train: epoch 202, iter:20, loss: 0.1710, lr: 3.2093136291233364e-05
val epoch: 202, loss: 0.3973
train: epoch 203, iter:0, loss: 0.1429, lr: 3.1688784578209223e-05
train: epoch 203, iter:20, loss: 0.1753, lr: 3.1688784578209223e-05
val epoch: 203, loss: 0.4103
train: epoch 204, iter:0, loss: 0.1622, lr: 3.128698920264959e-05
train: epoch 204, iter:20, loss: 0.1738, lr: 3.128698920264959e-05
val epoch: 204, loss: 0.4008
train: epoch 205, iter:0, loss: 0.1958, lr: 3.088779422594524e-05
train: epoch 205, iter:20, loss: 0.1816, lr: 3.088779422594524e-05
val epoch: 205, loss: 0.4013
train: epoch 206, iter:0, loss: 0.1950, lr: 3.0491243424323874e-05
train: epoch 206, iter:20, loss: 0.1782, lr: 3.0491243424323874e-05
val epoch: 206, loss: 0.4092
train: epoch 207, iter:0, loss: 0.1483, lr: 3.0097380284049598e-05
train: epoch 207, iter:20, loss: 0.1768, lr: 3.0097380284049598e-05
val epoch: 207, loss: 0.4307
train: epoch 208, iter:0, loss: 0.1927, lr: 2.9706247996654208e-05
train: epoch 208, iter:20, loss: 0.1850, lr: 2.9706247996654208e-05
val epoch: 208, loss: 0.3998
train: epoch 209, iter:0, loss: 0.1795, lr: 2.931788945420065e-05
train: epoch 209, iter:20, loss: 0.1696, lr: 2.931788945420065e-05
val epoch: 209, loss: 0.4035
train: epoch 210, iter:0, loss: 0.1741, lr: 2.893234724457952e-05
train: epoch 210, iter:20, loss: 0.1737, lr: 2.893234724457952e-05
val epoch: 210, loss: 0.4150, miou: 0.7474283033366412, f1_or_dsc: 0.8554609100807835, accuracy: 0.9308271124811456, specificity: 0.9597414823773371, sensitivity: 0.840955310374084
train: epoch 211, iter:0, loss: 0.1801, lr: 2.8549663646838785e-05
train: epoch 211, iter:20, loss: 0.1762, lr: 2.8549663646838785e-05
val epoch: 211, loss: 0.4058
train: epoch 212, iter:0, loss: 0.1752, lr: 2.8169880626547352e-05
train: epoch 212, iter:20, loss: 0.1728, lr: 2.8169880626547352e-05
val epoch: 212, loss: 0.3895
train: epoch 213, iter:0, loss: 0.1567, lr: 2.7793039831193204e-05
train: epoch 213, iter:20, loss: 0.1748, lr: 2.7793039831193204e-05
val epoch: 213, loss: 0.4130
train: epoch 214, iter:0, loss: 0.1649, lr: 2.7419182585616138e-05
train: epoch 214, iter:20, loss: 0.1699, lr: 2.7419182585616138e-05
val epoch: 214, loss: 0.3950
train: epoch 215, iter:0, loss: 0.1965, lr: 2.7048349887476105e-05
train: epoch 215, iter:20, loss: 0.1703, lr: 2.7048349887476105e-05
val epoch: 215, loss: 0.3895
train: epoch 216, iter:0, loss: 0.1964, lr: 2.668058240275739e-05
train: epoch 216, iter:20, loss: 0.1702, lr: 2.668058240275739e-05
val epoch: 216, loss: 0.4059
train: epoch 217, iter:0, loss: 0.2178, lr: 2.631592046130903e-05
train: epoch 217, iter:20, loss: 0.1745, lr: 2.631592046130903e-05
val epoch: 217, loss: 0.3974
train: epoch 218, iter:0, loss: 0.2129, lr: 2.59544040524223e-05
train: epoch 218, iter:20, loss: 0.1717, lr: 2.59544040524223e-05
val epoch: 218, loss: 0.3989
train: epoch 219, iter:0, loss: 0.1579, lr: 2.5596072820445336e-05
train: epoch 219, iter:20, loss: 0.1703, lr: 2.5596072820445336e-05
val epoch: 219, loss: 0.4035
train: epoch 220, iter:0, loss: 0.1764, lr: 2.5240966060435724e-05
train: epoch 220, iter:20, loss: 0.1656, lr: 2.5240966060435724e-05
val epoch: 220, loss: 0.4053
train: epoch 221, iter:0, loss: 0.1948, lr: 2.4889122713851445e-05
train: epoch 221, iter:20, loss: 0.1699, lr: 2.4889122713851445e-05
val epoch: 221, loss: 0.3951
train: epoch 222, iter:0, loss: 0.1458, lr: 2.4540581364280337e-05
train: epoch 222, iter:20, loss: 0.1672, lr: 2.4540581364280337e-05
val epoch: 222, loss: 0.4304
train: epoch 223, iter:0, loss: 0.1780, lr: 2.419538023320907e-05
train: epoch 223, iter:20, loss: 0.1713, lr: 2.419538023320907e-05
val epoch: 223, loss: 0.4091
train: epoch 224, iter:0, loss: 0.1448, lr: 2.3853557175831762e-05
train: epoch 224, iter:20, loss: 0.1627, lr: 2.3853557175831762e-05
val epoch: 224, loss: 0.4219
train: epoch 225, iter:0, loss: 0.1458, lr: 2.351514967689861e-05
train: epoch 225, iter:20, loss: 0.1665, lr: 2.351514967689861e-05
val epoch: 225, loss: 0.4310
train: epoch 226, iter:0, loss: 0.1990, lr: 2.318019484660542e-05
train: epoch 226, iter:20, loss: 0.1687, lr: 2.318019484660542e-05
val epoch: 226, loss: 0.4182
train: epoch 227, iter:0, loss: 0.1674, lr: 2.2848729416523915e-05
train: epoch 227, iter:20, loss: 0.1672, lr: 2.2848729416523915e-05
val epoch: 227, loss: 0.4248
train: epoch 228, iter:0, loss: 0.1532, lr: 2.2520789735573758e-05
train: epoch 228, iter:20, loss: 0.1778, lr: 2.2520789735573758e-05
val epoch: 228, loss: 0.4208
train: epoch 229, iter:0, loss: 0.2008, lr: 2.2196411766036546e-05
train: epoch 229, iter:20, loss: 0.1622, lr: 2.2196411766036546e-05
val epoch: 229, loss: 0.4106
train: epoch 230, iter:0, loss: 0.1725, lr: 2.1875631079612026e-05
train: epoch 230, iter:20, loss: 0.1672, lr: 2.1875631079612026e-05
val epoch: 230, loss: 0.4071
train: epoch 231, iter:0, loss: 0.1544, lr: 2.1558482853517307e-05
train: epoch 231, iter:20, loss: 0.1649, lr: 2.1558482853517307e-05
val epoch: 231, loss: 0.4051
train: epoch 232, iter:0, loss: 0.1451, lr: 2.124500186662937e-05
train: epoch 232, iter:20, loss: 0.1602, lr: 2.124500186662937e-05
val epoch: 232, loss: 0.4137
train: epoch 233, iter:0, loss: 0.1706, lr: 2.093522249567102e-05
train: epoch 233, iter:20, loss: 0.1657, lr: 2.093522249567102e-05
val epoch: 233, loss: 0.3994
train: epoch 234, iter:0, loss: 0.1611, lr: 2.062917871144115e-05
train: epoch 234, iter:20, loss: 0.1641, lr: 2.062917871144115e-05
val epoch: 234, loss: 0.3991
train: epoch 235, iter:0, loss: 0.1666, lr: 2.0326904075089536e-05
train: epoch 235, iter:20, loss: 0.1636, lr: 2.0326904075089536e-05
val epoch: 235, loss: 0.4154
train: epoch 236, iter:0, loss: 0.1830, lr: 2.0028431734436354e-05
train: epoch 236, iter:20, loss: 0.1633, lr: 2.0028431734436354e-05
val epoch: 236, loss: 0.4207
train: epoch 237, iter:0, loss: 0.1662, lr: 1.9733794420337255e-05
train: epoch 237, iter:20, loss: 0.1654, lr: 1.9733794420337255e-05
val epoch: 237, loss: 0.3929
train: epoch 238, iter:0, loss: 0.1530, lr: 1.9443024443093982e-05
train: epoch 238, iter:20, loss: 0.1627, lr: 1.9443024443093982e-05
val epoch: 238, loss: 0.3940
train: epoch 239, iter:0, loss: 0.1655, lr: 1.9156153688911208e-05
train: epoch 239, iter:20, loss: 0.1608, lr: 1.9156153688911208e-05
val epoch: 239, loss: 0.4009
train: epoch 240, iter:0, loss: 0.1694, lr: 1.8873213616399892e-05
train: epoch 240, iter:20, loss: 0.1598, lr: 1.8873213616399892e-05
val epoch: 240, loss: 0.4119, miou: 0.7535328293765973, f1_or_dsc: 0.859445362815919, accuracy: 0.9338261066096845, specificity: 0.9668584347492182, sensitivity: 0.8311548442460277
train: epoch 241, iter:0, loss: 0.1447, lr: 1.859423525312741e-05
train: epoch 241, iter:20, loss: 0.1606, lr: 1.859423525312741e-05
val epoch: 241, loss: 0.4042
train: epoch 242, iter:0, loss: 0.1555, lr: 1.8319249192215093e-05
train: epoch 242, iter:20, loss: 0.1671, lr: 1.8319249192215093e-05
val epoch: 242, loss: 0.4040
train: epoch 243, iter:0, loss: 0.1484, lr: 1.8048285588983354e-05
train: epoch 243, iter:20, loss: 0.1598, lr: 1.8048285588983354e-05
val epoch: 243, loss: 0.4034
train: epoch 244, iter:0, loss: 0.1489, lr: 1.7781374157644745e-05
train: epoch 244, iter:20, loss: 0.1612, lr: 1.7781374157644745e-05
val epoch: 244, loss: 0.3996
train: epoch 245, iter:0, loss: 0.1742, lr: 1.7518544168045555e-05
train: epoch 245, iter:20, loss: 0.1647, lr: 1.7518544168045555e-05
val epoch: 245, loss: 0.4078
train: epoch 246, iter:0, loss: 0.1724, lr: 1.7259824442455953e-05
train: epoch 246, iter:20, loss: 0.1602, lr: 1.7259824442455953e-05
val epoch: 246, loss: 0.4070
train: epoch 247, iter:0, loss: 0.1475, lr: 1.700524335240935e-05
train: epoch 247, iter:20, loss: 0.1594, lr: 1.700524335240935e-05
val epoch: 247, loss: 0.3945
train: epoch 248, iter:0, loss: 0.1869, lr: 1.675482881559116e-05
train: epoch 248, iter:20, loss: 0.1594, lr: 1.675482881559116e-05
val epoch: 248, loss: 0.3987
train: epoch 249, iter:0, loss: 0.1491, lr: 1.650860829277723e-05
train: epoch 249, iter:20, loss: 0.1624, lr: 1.650860829277723e-05
val epoch: 249, loss: 0.4042
train: epoch 250, iter:0, loss: 0.1808, lr: 1.6266608784822568e-05
train: epoch 250, iter:20, loss: 0.1592, lr: 1.6266608784822568e-05
val epoch: 250, loss: 0.3943
train: epoch 251, iter:0, loss: 0.1429, lr: 1.6028856829700293e-05
train: epoch 251, iter:20, loss: 0.1640, lr: 1.6028856829700293e-05
val epoch: 251, loss: 0.4075
train: epoch 252, iter:0, loss: 0.1578, lr: 1.5795378499591492e-05
train: epoch 252, iter:20, loss: 0.1591, lr: 1.5795378499591492e-05
val epoch: 252, loss: 0.3999
train: epoch 253, iter:0, loss: 0.1530, lr: 1.556619939802616e-05
train: epoch 253, iter:20, loss: 0.1580, lr: 1.556619939802616e-05
val epoch: 253, loss: 0.4056
train: epoch 254, iter:0, loss: 0.1447, lr: 1.5341344657075372e-05
train: epoch 254, iter:20, loss: 0.1612, lr: 1.5341344657075372e-05
val epoch: 254, loss: 0.3943
train: epoch 255, iter:0, loss: 0.1429, lr: 1.5120838934595356e-05
train: epoch 255, iter:20, loss: 0.1565, lr: 1.5120838934595356e-05
val epoch: 255, loss: 0.3962
train: epoch 256, iter:0, loss: 0.1548, lr: 1.4904706411523467e-05
train: epoch 256, iter:20, loss: 0.1584, lr: 1.4904706411523467e-05
val epoch: 256, loss: 0.3841
train: epoch 257, iter:0, loss: 0.1424, lr: 1.4692970789226446e-05
train: epoch 257, iter:20, loss: 0.1623, lr: 1.4692970789226446e-05
val epoch: 257, loss: 0.3908
train: epoch 258, iter:0, loss: 0.1797, lr: 1.4485655286901307e-05
train: epoch 258, iter:20, loss: 0.1591, lr: 1.4485655286901307e-05
val epoch: 258, loss: 0.3922
train: epoch 259, iter:0, loss: 0.1527, lr: 1.4282782639029144e-05
train: epoch 259, iter:20, loss: 0.1578, lr: 1.4282782639029144e-05
val epoch: 259, loss: 0.4040
train: epoch 260, iter:0, loss: 0.1448, lr: 1.4084375092881932e-05
train: epoch 260, iter:20, loss: 0.1540, lr: 1.4084375092881932e-05
val epoch: 260, loss: 0.4019
train: epoch 261, iter:0, loss: 0.1562, lr: 1.389045440608298e-05
train: epoch 261, iter:20, loss: 0.1578, lr: 1.389045440608298e-05
val epoch: 261, loss: 0.4085
train: epoch 262, iter:0, loss: 0.1350, lr: 1.3701041844220871e-05
train: epoch 262, iter:20, loss: 0.1625, lr: 1.3701041844220871e-05
val epoch: 262, loss: 0.4104
train: epoch 263, iter:0, loss: 0.1727, lr: 1.3516158178517484e-05
train: epoch 263, iter:20, loss: 0.1618, lr: 1.3516158178517484e-05
val epoch: 263, loss: 0.4014
train: epoch 264, iter:0, loss: 0.1882, lr: 1.3335823683550249e-05
train: epoch 264, iter:20, loss: 0.1623, lr: 1.3335823683550249e-05
val epoch: 264, loss: 0.4086
train: epoch 265, iter:0, loss: 0.1597, lr: 1.31600581350287e-05
train: epoch 265, iter:20, loss: 0.1562, lr: 1.31600581350287e-05
val epoch: 265, loss: 0.4096
train: epoch 266, iter:0, loss: 0.1418, lr: 1.2988880807625931e-05
train: epoch 266, iter:20, loss: 0.1562, lr: 1.2988880807625931e-05
val epoch: 266, loss: 0.4122
train: epoch 267, iter:0, loss: 0.1640, lr: 1.2822310472864893e-05
train: epoch 267, iter:20, loss: 0.1579, lr: 1.2822310472864893e-05
val epoch: 267, loss: 0.4057
train: epoch 268, iter:0, loss: 0.1540, lr: 1.2660365397059863e-05
train: epoch 268, iter:20, loss: 0.1532, lr: 1.2660365397059863e-05
val epoch: 268, loss: 0.4071
train: epoch 269, iter:0, loss: 0.1616, lr: 1.2503063339313363e-05
train: epoch 269, iter:20, loss: 0.1519, lr: 1.2503063339313363e-05
val epoch: 269, loss: 0.4071
train: epoch 270, iter:0, loss: 0.1848, lr: 1.2350421549568658e-05
train: epoch 270, iter:20, loss: 0.1580, lr: 1.2350421549568658e-05
val epoch: 270, loss: 0.3972, miou: 0.7629609620348975, f1_or_dsc: 0.8655449309033478, accuracy: 0.9355366395251585, specificity: 0.9622815252497804, sensitivity: 0.8524080399447895
train: epoch 271, iter:0, loss: 0.1653, lr: 1.2202456766718098e-05
train: epoch 271, iter:20, loss: 0.1544, lr: 1.2202456766718098e-05
val epoch: 271, loss: 0.4044
train: epoch 272, iter:0, loss: 0.1585, lr: 1.205918521676755e-05
train: epoch 272, iter:20, loss: 0.1544, lr: 1.205918521676755e-05
val epoch: 272, loss: 0.4039
train: epoch 273, iter:0, loss: 0.1277, lr: 1.192062261105698e-05
train: epoch 273, iter:20, loss: 0.1568, lr: 1.192062261105698e-05
val epoch: 273, loss: 0.4103
train: epoch 274, iter:0, loss: 0.1683, lr: 1.1786784144537568e-05
train: epoch 274, iter:20, loss: 0.1511, lr: 1.1786784144537568e-05
val epoch: 274, loss: 0.4048
train: epoch 275, iter:0, loss: 0.1495, lr: 1.165768449410539e-05
train: epoch 275, iter:20, loss: 0.1530, lr: 1.165768449410539e-05
val epoch: 275, loss: 0.4220
train: epoch 276, iter:0, loss: 0.1493, lr: 1.153333781699193e-05
train: epoch 276, iter:20, loss: 0.1505, lr: 1.153333781699193e-05
val epoch: 276, loss: 0.4095
train: epoch 277, iter:0, loss: 0.1642, lr: 1.1413757749211606e-05
train: epoch 277, iter:20, loss: 0.1526, lr: 1.1413757749211606e-05
val epoch: 277, loss: 0.4167
train: epoch 278, iter:0, loss: 0.1573, lr: 1.1298957404066385e-05
train: epoch 278, iter:20, loss: 0.1479, lr: 1.1298957404066385e-05
val epoch: 278, loss: 0.4011
train: epoch 279, iter:0, loss: 0.1506, lr: 1.118894937070779e-05
train: epoch 279, iter:20, loss: 0.1490, lr: 1.118894937070779e-05
val epoch: 279, loss: 0.4044
train: epoch 280, iter:0, loss: 0.1566, lr: 1.1083745712756373e-05
train: epoch 280, iter:20, loss: 0.1473, lr: 1.1083745712756373e-05
val epoch: 280, loss: 0.4116
train: epoch 281, iter:0, loss: 0.1461, lr: 1.0983357966978752e-05
train: epoch 281, iter:20, loss: 0.1513, lr: 1.0983357966978752e-05
val epoch: 281, loss: 0.4106
train: epoch 282, iter:0, loss: 0.1405, lr: 1.0887797142022524e-05
train: epoch 282, iter:20, loss: 0.1554, lr: 1.0887797142022524e-05
val epoch: 282, loss: 0.4080
train: epoch 283, iter:0, loss: 0.1403, lr: 1.0797073717209015e-05
train: epoch 283, iter:20, loss: 0.1561, lr: 1.0797073717209015e-05
val epoch: 283, loss: 0.4153
train: epoch 284, iter:0, loss: 0.1449, lr: 1.0711197641384117e-05
train: epoch 284, iter:20, loss: 0.1556, lr: 1.0711197641384117e-05
val epoch: 284, loss: 0.4170
train: epoch 285, iter:0, loss: 0.1464, lr: 1.0630178331827276e-05
train: epoch 285, iter:20, loss: 0.1544, lr: 1.0630178331827276e-05
val epoch: 285, loss: 0.4061
train: epoch 286, iter:0, loss: 0.1496, lr: 1.0554024673218807e-05
train: epoch 286, iter:20, loss: 0.1489, lr: 1.0554024673218807e-05
val epoch: 286, loss: 0.4047
train: epoch 287, iter:0, loss: 0.1249, lr: 1.0482745016665526e-05
train: epoch 287, iter:20, loss: 0.1527, lr: 1.0482745016665526e-05
val epoch: 287, loss: 0.3986
train: epoch 288, iter:0, loss: 0.1451, lr: 1.0416347178785039e-05
train: epoch 288, iter:20, loss: 0.1520, lr: 1.0416347178785039e-05
val epoch: 288, loss: 0.3992
train: epoch 289, iter:0, loss: 0.1546, lr: 1.0354838440848501e-05
train: epoch 289, iter:20, loss: 0.1514, lr: 1.0354838440848501e-05
val epoch: 289, loss: 0.4143
train: epoch 290, iter:0, loss: 0.1618, lr: 1.029822554798216e-05
train: epoch 290, iter:20, loss: 0.1539, lr: 1.029822554798216e-05
val epoch: 290, loss: 0.4129
train: epoch 291, iter:0, loss: 0.1394, lr: 1.0246514708427702e-05
train: epoch 291, iter:20, loss: 0.1508, lr: 1.0246514708427702e-05
val epoch: 291, loss: 0.4112
train: epoch 292, iter:0, loss: 0.1918, lr: 1.01997115928614e-05
train: epoch 292, iter:20, loss: 0.1512, lr: 1.01997115928614e-05
val epoch: 292, loss: 0.4033
train: epoch 293, iter:0, loss: 0.1452, lr: 1.0157821333772303e-05
train: epoch 293, iter:20, loss: 0.1461, lr: 1.0157821333772303e-05
val epoch: 293, loss: 0.4121
train: epoch 294, iter:0, loss: 0.1525, lr: 1.0120848524899386e-05
train: epoch 294, iter:20, loss: 0.1523, lr: 1.0120848524899386e-05
val epoch: 294, loss: 0.4155
train: epoch 295, iter:0, loss: 0.1533, lr: 1.0088797220727781e-05
train: epoch 295, iter:20, loss: 0.1541, lr: 1.0088797220727781e-05
val epoch: 295, loss: 0.4094
train: epoch 296, iter:0, loss: 0.1592, lr: 1.0061670936044179e-05
train: epoch 296, iter:20, loss: 0.1538, lr: 1.0061670936044179e-05
val epoch: 296, loss: 0.4050
train: epoch 297, iter:0, loss: 0.1649, lr: 1.0039472645551374e-05
train: epoch 297, iter:20, loss: 0.1511, lr: 1.0039472645551374e-05
val epoch: 297, loss: 0.4062
train: epoch 298, iter:0, loss: 0.1371, lr: 1.002220478354208e-05
train: epoch 298, iter:20, loss: 0.1524, lr: 1.002220478354208e-05
val epoch: 298, loss: 0.4096
train: epoch 299, iter:0, loss: 0.1411, lr: 1.0009869243631953e-05
train: epoch 299, iter:20, loss: 0.1500, lr: 1.0009869243631953e-05
val epoch: 299, loss: 0.4091
train: epoch 300, iter:0, loss: 0.1448, lr: 1.0002467378551954e-05
train: epoch 300, iter:20, loss: 0.1486, lr: 1.0002467378551954e-05
val epoch: 300, loss: 0.4101, miou: 0.7594412736499183, f1_or_dsc: 0.8632755011759793, accuracy: 0.9345071244947981, specificity: 0.9618841310832152, sensitivity: 0.8494137634002507
#----------Testing----------#
test of best model, best_val_loss: 0.3586, miou: 0.7646081858316988, f1_or_dsc: 0.8666039203159676, accuracy: 0.9364672179269319, specificity: 0.9649913985291898, sensitivity: 0.8478082043099738, confusion_matrix: [[38660930  1402567]
 [ 1961690 10927901]]
=== SWIN-UNET TRAINING COMPLETE ===
