/root/miniconda3/lib/python3.10/site-packages/timm/models/layers/__init__.py:49: FutureWarning: Importing from timm.models.layers is deprecated, please import via timm.layers
  warnings.warn(f"Importing from {__name__} is deprecated, please import via timm.layers", FutureWarning)
SwinTransformerSys expand initial----depths:[2, 2, 2, 2];depths_decoder:[2, 2, 2, 1];drop_path_rate:0.2;num_classes:1
---final upsample expand_first---
train: epoch 1, iter:0, loss: 1.4493, lr: 0.001
train: epoch 1, iter:20, loss: 1.1504, lr: 0.001
val epoch: 1, loss: 1.2346
train: epoch 2, iter:0, loss: 1.0258, lr: 0.0009999728588359286
train: epoch 2, iter:20, loss: 0.8682, lr: 0.0009999728588359286
val epoch: 2, loss: 0.9660
train: epoch 3, iter:0, loss: 0.7513, lr: 0.0009998914383200486
train: epoch 3, iter:20, loss: 0.7725, lr: 0.0009998914383200486
val epoch: 3, loss: 0.9028
train: epoch 4, iter:0, loss: 0.8170, lr: 0.0009997557473810372
train: epoch 4, iter:20, loss: 0.7521, lr: 0.0009997557473810372
val epoch: 4, loss: 0.7972
train: epoch 5, iter:0, loss: 0.7510, lr: 0.000999565800898935
train: epoch 5, iter:20, loss: 0.6412, lr: 0.000999565800898935
val epoch: 5, loss: 0.7926
train: epoch 6, iter:0, loss: 0.7571, lr: 0.0009993216197035143
train: epoch 6, iter:20, loss: 0.6220, lr: 0.0009993216197035143
val epoch: 6, loss: 0.7384
train: epoch 7, iter:0, loss: 0.6629, lr: 0.0009990232305719946
train: epoch 7, iter:20, loss: 0.6197, lr: 0.0009990232305719946
val epoch: 7, loss: 0.7888
train: epoch 8, iter:0, loss: 0.5886, lr: 0.0009986706662261067
train: epoch 8, iter:20, loss: 0.5945, lr: 0.0009986706662261067
val epoch: 8, loss: 0.6704
train: epoch 9, iter:0, loss: 0.4698, lr: 0.0009982639653285047
train: epoch 9, iter:20, loss: 0.5674, lr: 0.0009982639653285047
val epoch: 9, loss: 0.7446
train: epoch 10, iter:0, loss: 0.6652, lr: 0.0009978031724785245
train: epoch 10, iter:20, loss: 0.5811, lr: 0.0009978031724785245
val epoch: 10, loss: 0.6469
train: epoch 11, iter:0, loss: 0.5163, lr: 0.0009972883382072953
train: epoch 11, iter:20, loss: 0.5419, lr: 0.0009972883382072953
val epoch: 11, loss: 0.6192
train: epoch 12, iter:0, loss: 0.4323, lr: 0.0009967195189721962
train: epoch 12, iter:20, loss: 0.5550, lr: 0.0009967195189721962
val epoch: 12, loss: 0.6237
train: epoch 13, iter:0, loss: 0.5101, lr: 0.0009960967771506667
train: epoch 13, iter:20, loss: 0.5595, lr: 0.0009960967771506667
val epoch: 13, loss: 0.6627
train: epoch 14, iter:0, loss: 0.5077, lr: 0.0009954201810333646
train: epoch 14, iter:20, loss: 0.5398, lr: 0.0009954201810333646
val epoch: 14, loss: 0.6877
train: epoch 15, iter:0, loss: 0.6432, lr: 0.0009946898048166792
train: epoch 15, iter:20, loss: 0.5352, lr: 0.0009946898048166792
val epoch: 15, loss: 0.6006
train: epoch 16, iter:0, loss: 0.4745, lr: 0.000993905728594593
train: epoch 16, iter:20, loss: 0.5097, lr: 0.000993905728594593
val epoch: 16, loss: 0.6623
train: epoch 17, iter:0, loss: 0.5280, lr: 0.0009930680383498998
train: epoch 17, iter:20, loss: 0.5019, lr: 0.0009930680383498998
val epoch: 17, loss: 0.6565
train: epoch 18, iter:0, loss: 0.4305, lr: 0.0009921768259447744
train: epoch 18, iter:20, loss: 0.5047, lr: 0.0009921768259447744
val epoch: 18, loss: 0.6276
train: epoch 19, iter:0, loss: 0.5565, lr: 0.0009912321891107007
train: epoch 19, iter:20, loss: 0.5056, lr: 0.0009912321891107007
val epoch: 19, loss: 0.6905
train: epoch 20, iter:0, loss: 0.4567, lr: 0.0009902342314377522
train: epoch 20, iter:20, loss: 0.4903, lr: 0.0009902342314377522
val epoch: 20, loss: 0.6624
train: epoch 21, iter:0, loss: 0.4990, lr: 0.0009891830623632338
train: epoch 21, iter:20, loss: 0.4970, lr: 0.0009891830623632338
val epoch: 21, loss: 0.7115
train: epoch 22, iter:0, loss: 0.5008, lr: 0.00098807879715968
train: epoch 22, iter:20, loss: 0.4884, lr: 0.00098807879715968
val epoch: 22, loss: 0.6268
train: epoch 23, iter:0, loss: 0.4895, lr: 0.0009869215569222143
train: epoch 23, iter:20, loss: 0.5298, lr: 0.0009869215569222143
val epoch: 23, loss: 0.6673
train: epoch 24, iter:0, loss: 0.5140, lr: 0.0009857114685552697
train: epoch 24, iter:20, loss: 0.4887, lr: 0.0009857114685552697
val epoch: 24, loss: 0.5501
train: epoch 25, iter:0, loss: 0.5039, lr: 0.0009844486647586721
train: epoch 25, iter:20, loss: 0.4769, lr: 0.0009844486647586721
val epoch: 25, loss: 0.6210
train: epoch 26, iter:0, loss: 0.4794, lr: 0.0009831332840130884
train: epoch 26, iter:20, loss: 0.4505, lr: 0.0009831332840130884
val epoch: 26, loss: 0.5752
train: epoch 27, iter:0, loss: 0.4498, lr: 0.0009817654705648405
train: epoch 27, iter:20, loss: 0.4541, lr: 0.0009817654705648405
val epoch: 27, loss: 0.5603
train: epoch 28, iter:0, loss: 0.5599, lr: 0.0009803453744100864
train: epoch 28, iter:20, loss: 0.4599, lr: 0.0009803453744100864
val epoch: 28, loss: 0.7115
train: epoch 29, iter:0, loss: 0.4723, lr: 0.0009788731512783728
train: epoch 29, iter:20, loss: 0.4774, lr: 0.0009788731512783728
val epoch: 29, loss: 0.5526
train: epoch 30, iter:0, loss: 0.4510, lr: 0.0009773489626155566
train: epoch 30, iter:20, loss: 0.4679, lr: 0.0009773489626155566
val epoch: 30, loss: 0.5593, miou: 0.6519439550127499, f1_or_dsc: 0.7893051735011412, accuracy: 0.8964049084351795, specificity: 0.928330794488559, sensitivity: 0.7971726953942914
train: epoch 31, iter:0, loss: 0.3950, lr: 0.0009757729755661006
train: epoch 31, iter:20, loss: 0.4441, lr: 0.0009757729755661006
val epoch: 31, loss: 0.5907
train: epoch 32, iter:0, loss: 0.4307, lr: 0.0009741453629547445
train: epoch 32, iter:20, loss: 0.4356, lr: 0.0009741453629547445
val epoch: 32, loss: 0.6077
train: epoch 33, iter:0, loss: 0.4695, lr: 0.0009724663032675527
train: epoch 33, iter:20, loss: 0.4401, lr: 0.0009724663032675527
val epoch: 33, loss: 0.5868
train: epoch 34, iter:0, loss: 0.4586, lr: 0.0009707359806323412
train: epoch 34, iter:20, loss: 0.4281, lr: 0.0009707359806323412
val epoch: 34, loss: 0.5661
train: epoch 35, iter:0, loss: 0.4139, lr: 0.0009689545847984858
train: epoch 35, iter:20, loss: 0.4454, lr: 0.0009689545847984858
val epoch: 35, loss: 0.5542
train: epoch 36, iter:0, loss: 0.3239, lr: 0.0009671223111161144
train: epoch 36, iter:20, loss: 0.4381, lr: 0.0009671223111161144
val epoch: 36, loss: 0.5396
train: epoch 37, iter:0, loss: 0.4485, lr: 0.000965239360514684
train: epoch 37, iter:20, loss: 0.4351, lr: 0.000965239360514684
val epoch: 37, loss: 0.5745
train: epoch 38, iter:0, loss: 0.4244, lr: 0.000963305939480947
train: epoch 38, iter:20, loss: 0.4538, lr: 0.000963305939480947
val epoch: 38, loss: 0.5322
train: epoch 39, iter:0, loss: 0.5152, lr: 0.0009613222600363074
train: epoch 39, iter:20, loss: 0.4381, lr: 0.0009613222600363074
val epoch: 39, loss: 0.5309
train: epoch 40, iter:0, loss: 0.4633, lr: 0.0009592885397135703
train: epoch 40, iter:20, loss: 0.4189, lr: 0.0009592885397135703
val epoch: 40, loss: 0.5512
train: epoch 41, iter:0, loss: 0.4911, lr: 0.0009572050015330871
train: epoch 41, iter:20, loss: 0.4250, lr: 0.0009572050015330871
val epoch: 41, loss: 0.5526
train: epoch 42, iter:0, loss: 0.4696, lr: 0.0009550718739782986
train: epoch 42, iter:20, loss: 0.4193, lr: 0.0009550718739782986
val epoch: 42, loss: 0.5469
train: epoch 43, iter:0, loss: 0.3586, lr: 0.0009528893909706794
train: epoch 43, iter:20, loss: 0.4264, lr: 0.0009528893909706794
val epoch: 43, loss: 0.6275
train: epoch 44, iter:0, loss: 0.4863, lr: 0.0009506577918440856
train: epoch 44, iter:20, loss: 0.4378, lr: 0.0009506577918440856
val epoch: 44, loss: 0.5488
train: epoch 45, iter:0, loss: 0.3876, lr: 0.000948377321318509
train: epoch 45, iter:20, loss: 0.4118, lr: 0.000948377321318509
val epoch: 45, loss: 0.5595
train: epoch 46, iter:0, loss: 0.4640, lr: 0.0009460482294732416
train: epoch 46, iter:20, loss: 0.4030, lr: 0.0009460482294732416
val epoch: 46, loss: 0.5559
train: epoch 47, iter:0, loss: 0.3689, lr: 0.0009436707717194508
train: epoch 47, iter:20, loss: 0.4114, lr: 0.0009436707717194508
val epoch: 47, loss: 0.5996
train: epoch 48, iter:0, loss: 0.4376, lr: 0.0009412452087721706
train: epoch 48, iter:20, loss: 0.4085, lr: 0.0009412452087721706
val epoch: 48, loss: 0.5493
train: epoch 49, iter:0, loss: 0.4845, lr: 0.000938771806621712
train: epoch 49, iter:20, loss: 0.4215, lr: 0.000938771806621712
val epoch: 49, loss: 0.6049
train: epoch 50, iter:0, loss: 0.4535, lr: 0.0009362508365044934
train: epoch 50, iter:20, loss: 0.3979, lr: 0.0009362508365044934
val epoch: 50, loss: 0.5971
train: epoch 51, iter:0, loss: 0.3794, lr: 0.0009336825748732968
train: epoch 51, iter:20, loss: 0.4161, lr: 0.0009336825748732968
val epoch: 51, loss: 0.5509
train: epoch 52, iter:0, loss: 0.4510, lr: 0.0009310673033669517
train: epoch 52, iter:20, loss: 0.3941, lr: 0.0009310673033669517
val epoch: 52, loss: 0.5782
train: epoch 53, iter:0, loss: 0.3991, lr: 0.0009284053087794505
train: epoch 53, iter:20, loss: 0.4024, lr: 0.0009284053087794505
val epoch: 53, loss: 0.5772
train: epoch 54, iter:0, loss: 0.4442, lr: 0.0009256968830284974
train: epoch 54, iter:20, loss: 0.4151, lr: 0.0009256968830284974
val epoch: 54, loss: 0.6003
train: epoch 55, iter:0, loss: 0.4448, lr: 0.0009229423231234972
train: epoch 55, iter:20, loss: 0.3943, lr: 0.0009229423231234972
val epoch: 55, loss: 0.5620
train: epoch 56, iter:0, loss: 0.4404, lr: 0.0009201419311329846
train: epoch 56, iter:20, loss: 0.4161, lr: 0.0009201419311329846
val epoch: 56, loss: 0.5397
train: epoch 57, iter:0, loss: 0.3507, lr: 0.0009172960141514989
train: epoch 57, iter:20, loss: 0.3867, lr: 0.0009172960141514989
val epoch: 57, loss: 0.5658
train: epoch 58, iter:0, loss: 0.3963, lr: 0.0009144048842659077
train: epoch 58, iter:20, loss: 0.3891, lr: 0.0009144048842659077
val epoch: 58, loss: 0.5452
train: epoch 59, iter:0, loss: 0.4106, lr: 0.0009114688585211832
train: epoch 59, iter:20, loss: 0.3845, lr: 0.0009114688585211832
val epoch: 59, loss: 0.5210
train: epoch 60, iter:0, loss: 0.3268, lr: 0.0009084882588856339
train: epoch 60, iter:20, loss: 0.3757, lr: 0.0009084882588856339
val epoch: 60, loss: 0.5144, miou: 0.6808809798487044, f1_or_dsc: 0.810147759432664, accuracy: 0.9084837318647025, specificity: 0.9426864309922821, sensitivity: 0.8021747160169783
train: epoch 61, iter:0, loss: 0.3115, lr: 0.0009054634122155986
train: epoch 61, iter:20, loss: 0.3921, lr: 0.0009054634122155986
val epoch: 61, loss: 0.5596
train: epoch 62, iter:0, loss: 0.4989, lr: 0.0009023946502196013
train: epoch 62, iter:20, loss: 0.3851, lr: 0.0009023946502196013
val epoch: 62, loss: 0.5217
train: epoch 63, iter:0, loss: 0.3050, lr: 0.0008992823094219767
train: epoch 63, iter:20, loss: 0.3918, lr: 0.0008992823094219767
val epoch: 63, loss: 0.5183
train: epoch 64, iter:0, loss: 0.4341, lr: 0.0008961267311259662
train: epoch 64, iter:20, loss: 0.3922, lr: 0.0008961267311259662
val epoch: 64, loss: 0.5717
train: epoch 65, iter:0, loss: 0.4225, lr: 0.0008929282613762903
train: epoch 65, iter:20, loss: 0.4021, lr: 0.0008929282613762903
val epoch: 65, loss: 0.5322
train: epoch 66, iter:0, loss: 0.3860, lr: 0.0008896872509212002
train: epoch 66, iter:20, loss: 0.3906, lr: 0.0008896872509212002
val epoch: 66, loss: 0.5107
train: epoch 67, iter:0, loss: 0.3952, lr: 0.0008864040551740152
train: epoch 67, iter:20, loss: 0.3677, lr: 0.0008864040551740152
val epoch: 67, loss: 0.5630
train: epoch 68, iter:0, loss: 0.3668, lr: 0.0008830790341741476
train: epoch 68, iter:20, loss: 0.3827, lr: 0.0008830790341741476
val epoch: 68, loss: 0.5222
train: epoch 69, iter:0, loss: 0.5062, lr: 0.000879712552547619
train: epoch 69, iter:20, loss: 0.3878, lr: 0.000879712552547619
val epoch: 69, loss: 0.5403
train: epoch 70, iter:0, loss: 0.3453, lr: 0.0008763049794670771
train: epoch 70, iter:20, loss: 0.3709, lr: 0.0008763049794670771
val epoch: 70, loss: 0.5502
train: epoch 71, iter:0, loss: 0.3301, lr: 0.0008728566886113098
train: epoch 71, iter:20, loss: 0.3980, lr: 0.0008728566886113098
val epoch: 71, loss: 0.5736
train: epoch 72, iter:0, loss: 0.4429, lr: 0.000869368058124268
train: epoch 72, iter:20, loss: 0.3794, lr: 0.000869368058124268
val epoch: 72, loss: 0.5001
train: epoch 73, iter:0, loss: 0.3783, lr: 0.0008658394705735983
train: epoch 73, iter:20, loss: 0.3578, lr: 0.0008658394705735983
val epoch: 73, loss: 0.4992
train: epoch 74, iter:0, loss: 0.3984, lr: 0.0008622713129086888
train: epoch 74, iter:20, loss: 0.3660, lr: 0.0008622713129086888
val epoch: 74, loss: 0.5591
train: epoch 75, iter:0, loss: 0.3552, lr: 0.0008586639764182372
train: epoch 75, iter:20, loss: 0.3840, lr: 0.0008586639764182372
val epoch: 75, loss: 0.5255
train: epoch 76, iter:0, loss: 0.4201, lr: 0.0008550178566873405
train: epoch 76, iter:20, loss: 0.3616, lr: 0.0008550178566873405
val epoch: 76, loss: 0.5114
train: epoch 77, iter:0, loss: 0.3570, lr: 0.0008513333535541156
train: epoch 77, iter:20, loss: 0.3703, lr: 0.0008513333535541156
val epoch: 77, loss: 0.5278
train: epoch 78, iter:0, loss: 0.3441, lr: 0.0008476108710658509
train: epoch 78, iter:20, loss: 0.3628, lr: 0.0008476108710658509
val epoch: 78, loss: 0.5604
train: epoch 79, iter:0, loss: 0.2953, lr: 0.0008438508174347005
train: epoch 79, iter:20, loss: 0.3726, lr: 0.0008438508174347005
val epoch: 79, loss: 0.5251
train: epoch 80, iter:0, loss: 0.2711, lr: 0.0008400536049929166
train: epoch 80, iter:20, loss: 0.3572, lr: 0.0008400536049929166
val epoch: 80, loss: 0.5318
train: epoch 81, iter:0, loss: 0.2611, lr: 0.0008362196501476343
train: epoch 81, iter:20, loss: 0.3565, lr: 0.0008362196501476343
val epoch: 81, loss: 0.5129
train: epoch 82, iter:0, loss: 0.3758, lr: 0.0008323493733352072
train: epoch 82, iter:20, loss: 0.3524, lr: 0.0008323493733352072
val epoch: 82, loss: 0.5341
train: epoch 83, iter:0, loss: 0.3060, lr: 0.0008284431989751018
train: epoch 83, iter:20, loss: 0.3635, lr: 0.0008284431989751018
val epoch: 83, loss: 0.5131
train: epoch 84, iter:0, loss: 0.3722, lr: 0.000824501555423355
train: epoch 84, iter:20, loss: 0.3541, lr: 0.000824501555423355
val epoch: 84, loss: 0.5638
train: epoch 85, iter:0, loss: 0.4075, lr: 0.0008205248749256009
train: epoch 85, iter:20, loss: 0.3699, lr: 0.0008205248749256009
val epoch: 85, loss: 0.5025
train: epoch 86, iter:0, loss: 0.3756, lr: 0.000816513593569669
train: epoch 86, iter:20, loss: 0.3658, lr: 0.000816513593569669
val epoch: 86, loss: 0.5114
train: epoch 87, iter:0, loss: 0.3748, lr: 0.0008124681512377632
train: epoch 87, iter:20, loss: 0.3581, lr: 0.0008124681512377632
val epoch: 87, loss: 0.4938
train: epoch 88, iter:0, loss: 0.2875, lr: 0.000808388991558223
train: epoch 88, iter:20, loss: 0.3611, lr: 0.000808388991558223
val epoch: 88, loss: 0.5147
train: epoch 89, iter:0, loss: 0.3362, lr: 0.0008042765618568752
train: epoch 89, iter:20, loss: 0.3638, lr: 0.0008042765618568752
val epoch: 89, loss: 0.4986
train: epoch 90, iter:0, loss: 0.3105, lr: 0.0008001313131079794
train: epoch 90, iter:20, loss: 0.3610, lr: 0.0008001313131079794
val epoch: 90, loss: 0.6070, miou: 0.6196614257617185, f1_or_dsc: 0.7651740245283607, accuracy: 0.9014569839628617, specificity: 0.9792784688765437, sensitivity: 0.6595718203936805
train: epoch 91, iter:0, loss: 0.5980, lr: 0.0007959536998847737
train: epoch 91, iter:20, loss: 0.3744, lr: 0.0007959536998847737
val epoch: 91, loss: 0.5717
train: epoch 92, iter:0, loss: 0.3426, lr: 0.0007917441803096255
train: epoch 92, iter:20, loss: 0.3625, lr: 0.0007917441803096255
val epoch: 92, loss: 0.5065
train: epoch 93, iter:0, loss: 0.3233, lr: 0.0007875032160037932
train: epoch 93, iter:20, loss: 0.3584, lr: 0.0007875032160037932
val epoch: 93, loss: 0.5340
train: epoch 94, iter:0, loss: 0.2909, lr: 0.0007832312720368042
train: epoch 94, iter:20, loss: 0.3533, lr: 0.0007832312720368042
val epoch: 94, loss: 0.4894
train: epoch 95, iter:0, loss: 0.3301, lr: 0.0007789288168754548
train: epoch 95, iter:20, loss: 0.3619, lr: 0.0007789288168754548
val epoch: 95, loss: 0.4959
train: epoch 96, iter:0, loss: 0.3483, lr: 0.0007745963223324379
train: epoch 96, iter:20, loss: 0.3432, lr: 0.0007745963223324379
val epoch: 96, loss: 0.4753
train: epoch 97, iter:0, loss: 0.2799, lr: 0.0007702342635146028
train: epoch 97, iter:20, loss: 0.3392, lr: 0.0007702342635146028
val epoch: 97, loss: 0.4887
train: epoch 98, iter:0, loss: 0.3035, lr: 0.000765843118770855
train: epoch 98, iter:20, loss: 0.3467, lr: 0.000765843118770855
val epoch: 98, loss: 0.4935
train: epoch 99, iter:0, loss: 0.3267, lr: 0.0007614233696396991
train: epoch 99, iter:20, loss: 0.3389, lr: 0.0007614233696396991
val epoch: 99, loss: 0.4988
train: epoch 100, iter:0, loss: 0.3683, lr: 0.0007569755007964334
train: epoch 100, iter:20, loss: 0.3555, lr: 0.0007569755007964334
val epoch: 100, loss: 0.5592
train: epoch 101, iter:0, loss: 0.3710, lr: 0.0007524999999999996
train: epoch 101, iter:20, loss: 0.3403, lr: 0.0007524999999999996
val epoch: 101, loss: 0.5133
train: epoch 102, iter:0, loss: 0.3194, lr: 0.0007479973580394943
train: epoch 102, iter:20, loss: 0.3351, lr: 0.0007479973580394943
val epoch: 102, loss: 0.4866
train: epoch 103, iter:0, loss: 0.3393, lr: 0.0007434680686803487
train: epoch 103, iter:20, loss: 0.3419, lr: 0.0007434680686803487
val epoch: 103, loss: 0.5652
train: epoch 104, iter:0, loss: 0.3568, lr: 0.0007389126286101815
train: epoch 104, iter:20, loss: 0.3390, lr: 0.0007389126286101815
val epoch: 104, loss: 0.4853
train: epoch 105, iter:0, loss: 0.3273, lr: 0.0007343315373843313
train: epoch 105, iter:20, loss: 0.3309, lr: 0.0007343315373843313
val epoch: 105, loss: 0.4853
train: epoch 106, iter:0, loss: 0.3545, lr: 0.0007297252973710753
train: epoch 106, iter:20, loss: 0.3504, lr: 0.0007297252973710753
val epoch: 106, loss: 0.5126
train: epoch 107, iter:0, loss: 0.3582, lr: 0.0007250944136965387
train: epoch 107, iter:20, loss: 0.3318, lr: 0.0007250944136965387
val epoch: 107, loss: 0.5103
train: epoch 108, iter:0, loss: 0.3135, lr: 0.0007204393941893019
train: epoch 108, iter:20, loss: 0.3366, lr: 0.0007204393941893019
val epoch: 108, loss: 0.4978
train: epoch 109, iter:0, loss: 0.3372, lr: 0.0007157607493247106
train: epoch 109, iter:20, loss: 0.3513, lr: 0.0007157607493247106
val epoch: 109, loss: 0.5340
train: epoch 110, iter:0, loss: 0.3144, lr: 0.0007110589921688983
train: epoch 110, iter:20, loss: 0.3382, lr: 0.0007110589921688983
val epoch: 110, loss: 0.4823
train: epoch 111, iter:0, loss: 0.3868, lr: 0.0007063346383225208
train: epoch 111, iter:20, loss: 0.3406, lr: 0.0007063346383225208
val epoch: 111, loss: 0.4843
train: epoch 112, iter:0, loss: 0.2825, lr: 0.0007015882058642161
train: epoch 112, iter:20, loss: 0.3402, lr: 0.0007015882058642161
val epoch: 112, loss: 0.5522
train: epoch 113, iter:0, loss: 0.3284, lr: 0.0006968202152937907
train: epoch 113, iter:20, loss: 0.3330, lr: 0.0006968202152937907
val epoch: 113, loss: 0.4944
train: epoch 114, iter:0, loss: 0.3003, lr: 0.000692031189475141
train: epoch 114, iter:20, loss: 0.3419, lr: 0.000692031189475141
val epoch: 114, loss: 0.5799
train: epoch 115, iter:0, loss: 0.3163, lr: 0.0006872216535789155
train: epoch 115, iter:20, loss: 0.3440, lr: 0.0006872216535789155
val epoch: 115, loss: 0.5112
train: epoch 116, iter:0, loss: 0.3253, lr: 0.0006823921350249233
train: epoch 116, iter:20, loss: 0.3307, lr: 0.0006823921350249233
val epoch: 116, loss: 0.5228
train: epoch 117, iter:0, loss: 0.3273, lr: 0.0006775431634242984
train: epoch 117, iter:20, loss: 0.3412, lr: 0.0006775431634242984
val epoch: 117, loss: 0.4716
train: epoch 118, iter:0, loss: 0.2977, lr: 0.0006726752705214191
train: epoch 118, iter:20, loss: 0.3196, lr: 0.0006726752705214191
val epoch: 118, loss: 0.4933
train: epoch 119, iter:0, loss: 0.2814, lr: 0.0006677889901355985
train: epoch 119, iter:20, loss: 0.3221, lr: 0.0006677889901355985
val epoch: 119, loss: 0.4806
train: epoch 120, iter:0, loss: 0.3248, lr: 0.0006628848581025445
train: epoch 120, iter:20, loss: 0.3306, lr: 0.0006628848581025445
val epoch: 120, loss: 0.4780, miou: 0.6964965279320525, f1_or_dsc: 0.8210998566334211, accuracy: 0.9127969080858892, specificity: 0.941967796770212, sensitivity: 0.8221277928834204
train: epoch 121, iter:0, loss: 0.3122, lr: 0.0006579634122155989
train: epoch 121, iter:20, loss: 0.3274, lr: 0.0006579634122155989
val epoch: 121, loss: 0.4674
train: epoch 122, iter:0, loss: 0.3065, lr: 0.0006530251921667629
train: epoch 122, iter:20, loss: 0.3292, lr: 0.0006530251921667629
val epoch: 122, loss: 0.4997
train: epoch 123, iter:0, loss: 0.3399, lr: 0.0006480707394875134
train: epoch 123, iter:20, loss: 0.3308, lr: 0.0006480707394875134
val epoch: 123, loss: 0.4739
train: epoch 124, iter:0, loss: 0.3137, lr: 0.0006431005974894185
train: epoch 124, iter:20, loss: 0.3219, lr: 0.0006431005974894185
val epoch: 124, loss: 0.4789
train: epoch 125, iter:0, loss: 0.4268, lr: 0.0006381153112045565
train: epoch 125, iter:20, loss: 0.3266, lr: 0.0006381153112045565
val epoch: 125, loss: 0.4876
train: epoch 126, iter:0, loss: 0.2770, lr: 0.0006331154273257479
train: epoch 126, iter:20, loss: 0.3235, lr: 0.0006331154273257479
val epoch: 126, loss: 0.4744
train: epoch 127, iter:0, loss: 0.2924, lr: 0.000628101494146603
train: epoch 127, iter:20, loss: 0.3229, lr: 0.000628101494146603
val epoch: 127, loss: 0.4755
train: epoch 128, iter:0, loss: 0.3276, lr: 0.0006230740615013976
train: epoch 128, iter:20, loss: 0.3286, lr: 0.0006230740615013976
val epoch: 128, loss: 0.5293
train: epoch 129, iter:0, loss: 0.3789, lr: 0.0006180336807047746
train: epoch 129, iter:20, loss: 0.3114, lr: 0.0006180336807047746
val epoch: 129, loss: 0.4805
train: epoch 130, iter:0, loss: 0.3286, lr: 0.0006129809044912887
train: epoch 130, iter:20, loss: 0.3135, lr: 0.0006129809044912887
val epoch: 130, loss: 0.4724
train: epoch 131, iter:0, loss: 0.2640, lr: 0.0006079162869547909
train: epoch 131, iter:20, loss: 0.3264, lr: 0.0006079162869547909
val epoch: 131, loss: 0.4854
train: epoch 132, iter:0, loss: 0.2681, lr: 0.0006028403834876673
train: epoch 132, iter:20, loss: 0.3024, lr: 0.0006028403834876673
val epoch: 132, loss: 0.4680
train: epoch 133, iter:0, loss: 0.2807, lr: 0.0005977537507199337
train: epoch 133, iter:20, loss: 0.3317, lr: 0.0005977537507199337
val epoch: 133, loss: 0.4554
train: epoch 134, iter:0, loss: 0.3564, lr: 0.0005926569464581937
train: epoch 134, iter:20, loss: 0.3077, lr: 0.0005926569464581937
val epoch: 134, loss: 0.4735
train: epoch 135, iter:0, loss: 0.3043, lr: 0.0005875505296244705
train: epoch 135, iter:20, loss: 0.3125, lr: 0.0005875505296244705
val epoch: 135, loss: 0.5028
train: epoch 136, iter:0, loss: 0.2698, lr: 0.0005824350601949142
train: epoch 136, iter:20, loss: 0.3064, lr: 0.0005824350601949142
val epoch: 136, loss: 0.4807
train: epoch 137, iter:0, loss: 0.3588, lr: 0.0005773110991383937
train: epoch 137, iter:20, loss: 0.3218, lr: 0.0005773110991383937
val epoch: 137, loss: 0.4961
train: epoch 138, iter:0, loss: 0.2931, lr: 0.0005721792083549806
train: epoch 138, iter:20, loss: 0.3192, lr: 0.0005721792083549806
val epoch: 138, loss: 0.4665
train: epoch 139, iter:0, loss: 0.3398, lr: 0.0005670399506143306
train: epoch 139, iter:20, loss: 0.3209, lr: 0.0005670399506143306
val epoch: 139, loss: 0.5134
train: epoch 140, iter:0, loss: 0.3480, lr: 0.000561893889493969
train: epoch 140, iter:20, loss: 0.3147, lr: 0.000561893889493969
val epoch: 140, loss: 0.4680
train: epoch 141, iter:0, loss: 0.3428, lr: 0.0005567415893174885
train: epoch 141, iter:20, loss: 0.3173, lr: 0.0005567415893174885
val epoch: 141, loss: 0.4755
train: epoch 142, iter:0, loss: 0.3051, lr: 0.0005515836150926646
train: epoch 142, iter:20, loss: 0.3067, lr: 0.0005515836150926646
val epoch: 142, loss: 0.4835
train: epoch 143, iter:0, loss: 0.2824, lr: 0.0005464205324494961
train: epoch 143, iter:20, loss: 0.3208, lr: 0.0005464205324494961
val epoch: 143, loss: 0.4653
train: epoch 144, iter:0, loss: 0.3213, lr: 0.0005412529075781776
train: epoch 144, iter:20, loss: 0.3169, lr: 0.0005412529075781776
val epoch: 144, loss: 0.5065
train: epoch 145, iter:0, loss: 0.3433, lr: 0.0005360813071670101
train: epoch 145, iter:20, loss: 0.3130, lr: 0.0005360813071670101
val epoch: 145, loss: 0.4685
train: epoch 146, iter:0, loss: 0.2689, lr: 0.0005309062983402573
train: epoch 146, iter:20, loss: 0.3075, lr: 0.0005309062983402573
val epoch: 146, loss: 0.4925
train: epoch 147, iter:0, loss: 0.2635, lr: 0.0005257284485959538
train: epoch 147, iter:20, loss: 0.3113, lr: 0.0005257284485959538
val epoch: 147, loss: 0.4950
train: epoch 148, iter:0, loss: 0.2910, lr: 0.0005205483257436734
train: epoch 148, iter:20, loss: 0.3256, lr: 0.0005205483257436734
val epoch: 148, loss: 0.4942
train: epoch 149, iter:0, loss: 0.3137, lr: 0.0005153664978422616
train: epoch 149, iter:20, loss: 0.3166, lr: 0.0005153664978422616
val epoch: 149, loss: 0.4623
train: epoch 150, iter:0, loss: 0.3252, lr: 0.0005101835331375416
train: epoch 150, iter:20, loss: 0.3087, lr: 0.0005101835331375416
val epoch: 150, loss: 0.4784, miou: 0.6922936776045169, f1_or_dsc: 0.818172030973342, accuracy: 0.9071227725189511, specificity: 0.9227820027792382, sensitivity: 0.8584506676744049
train: epoch 151, iter:0, loss: 0.2271, lr: 0.0005049999999999999
train: epoch 151, iter:20, loss: 0.3011, lr: 0.0005049999999999999
val epoch: 151, loss: 0.4908
train: epoch 152, iter:0, loss: 0.3287, lr: 0.0004998164668624582
train: epoch 152, iter:20, loss: 0.2902, lr: 0.0004998164668624582
val epoch: 152, loss: 0.4796
train: epoch 153, iter:0, loss: 0.2133, lr: 0.0004946335021577383
train: epoch 153, iter:20, loss: 0.3084, lr: 0.0004946335021577383
val epoch: 153, loss: 0.4775
train: epoch 154, iter:0, loss: 0.2782, lr: 0.0004894516742563263
train: epoch 154, iter:20, loss: 0.2964, lr: 0.0004894516742563263
val epoch: 154, loss: 0.4844
train: epoch 155, iter:0, loss: 0.3533, lr: 0.000484271551404046
train: epoch 155, iter:20, loss: 0.2954, lr: 0.000484271551404046
val epoch: 155, loss: 0.4759
train: epoch 156, iter:0, loss: 0.3373, lr: 0.0004790937016597426
train: epoch 156, iter:20, loss: 0.3014, lr: 0.0004790937016597426
val epoch: 156, loss: 0.4754
train: epoch 157, iter:0, loss: 0.2976, lr: 0.0004739186928329898
train: epoch 157, iter:20, loss: 0.3026, lr: 0.0004739186928329898
val epoch: 157, loss: 0.4690
train: epoch 158, iter:0, loss: 0.2671, lr: 0.0004687470924218222
train: epoch 158, iter:20, loss: 0.3069, lr: 0.0004687470924218222
val epoch: 158, loss: 0.4657
train: epoch 159, iter:0, loss: 0.2686, lr: 0.00046357946755050356
train: epoch 159, iter:20, loss: 0.2921, lr: 0.00046357946755050356
val epoch: 159, loss: 0.4603
train: epoch 160, iter:0, loss: 0.3067, lr: 0.00045841638490733513
train: epoch 160, iter:20, loss: 0.3021, lr: 0.00045841638490733513
val epoch: 160, loss: 0.4920
train: epoch 161, iter:0, loss: 0.2256, lr: 0.00045325841068251133
train: epoch 161, iter:20, loss: 0.2996, lr: 0.00045325841068251133
val epoch: 161, loss: 0.4864
train: epoch 162, iter:0, loss: 0.2474, lr: 0.0004481061105060308
train: epoch 162, iter:20, loss: 0.2984, lr: 0.0004481061105060308
val epoch: 162, loss: 0.4507
train: epoch 163, iter:0, loss: 0.2431, lr: 0.0004429600493856691
train: epoch 163, iter:20, loss: 0.2920, lr: 0.0004429600493856691
val epoch: 163, loss: 0.4647
train: epoch 164, iter:0, loss: 0.2561, lr: 0.000437820791645019
train: epoch 164, iter:20, loss: 0.2911, lr: 0.000437820791645019
val epoch: 164, loss: 0.4616
train: epoch 165, iter:0, loss: 0.1971, lr: 0.00043268890086160604
train: epoch 165, iter:20, loss: 0.2924, lr: 0.00043268890086160604
val epoch: 165, loss: 0.4869
train: epoch 166, iter:0, loss: 0.2969, lr: 0.0004275649398050855
train: epoch 166, iter:20, loss: 0.2910, lr: 0.0004275649398050855
val epoch: 166, loss: 0.4607
train: epoch 167, iter:0, loss: 0.2131, lr: 0.0004224494703755289
train: epoch 167, iter:20, loss: 0.2828, lr: 0.0004224494703755289
val epoch: 167, loss: 0.4681
train: epoch 168, iter:0, loss: 0.2893, lr: 0.00041734305354180595
train: epoch 168, iter:20, loss: 0.2952, lr: 0.00041734305354180595
val epoch: 168, loss: 0.5123
train: epoch 169, iter:0, loss: 0.3036, lr: 0.000412246249280066
train: epoch 169, iter:20, loss: 0.2992, lr: 0.000412246249280066
val epoch: 169, loss: 0.4615
train: epoch 170, iter:0, loss: 0.2964, lr: 0.0004071596165123322
train: epoch 170, iter:20, loss: 0.2967, lr: 0.0004071596165123322
val epoch: 170, loss: 0.4727
train: epoch 171, iter:0, loss: 0.2752, lr: 0.0004020837130452088
train: epoch 171, iter:20, loss: 0.2925, lr: 0.0004020837130452088
val epoch: 171, loss: 0.4609
train: epoch 172, iter:0, loss: 0.3248, lr: 0.00039701909550871116
train: epoch 172, iter:20, loss: 0.2822, lr: 0.00039701909550871116
val epoch: 172, loss: 0.4743
train: epoch 173, iter:0, loss: 0.3213, lr: 0.0003919663192952252
train: epoch 173, iter:20, loss: 0.2939, lr: 0.0003919663192952252
val epoch: 173, loss: 0.4834
train: epoch 174, iter:0, loss: 0.3032, lr: 0.0003869259384986023
train: epoch 174, iter:20, loss: 0.2926, lr: 0.0003869259384986023
val epoch: 174, loss: 0.4897
train: epoch 175, iter:0, loss: 0.3060, lr: 0.0003818985058533967
train: epoch 175, iter:20, loss: 0.2946, lr: 0.0003818985058533967
val epoch: 175, loss: 0.4577
train: epoch 176, iter:0, loss: 0.2618, lr: 0.00037688457267425206
train: epoch 176, iter:20, loss: 0.2954, lr: 0.00037688457267425206
val epoch: 176, loss: 0.4542
train: epoch 177, iter:0, loss: 0.2736, lr: 0.0003718846887954434
train: epoch 177, iter:20, loss: 0.2858, lr: 0.0003718846887954434
val epoch: 177, loss: 0.4769
train: epoch 178, iter:0, loss: 0.2765, lr: 0.0003668994025105812
train: epoch 178, iter:20, loss: 0.2867, lr: 0.0003668994025105812
val epoch: 178, loss: 0.4621
train: epoch 179, iter:0, loss: 0.2812, lr: 0.0003619292605124862
train: epoch 179, iter:20, loss: 0.2941, lr: 0.0003619292605124862
val epoch: 179, loss: 0.4652
train: epoch 180, iter:0, loss: 0.2670, lr: 0.00035697480783323686
train: epoch 180, iter:20, loss: 0.2954, lr: 0.00035697480783323686
val epoch: 180, loss: 0.4587, miou: 0.7040956318940702, f1_or_dsc: 0.8263569470118073, accuracy: 0.9146188037230236, specificity: 0.9403531099644148, sensitivity: 0.8346312928005241
train: epoch 181, iter:0, loss: 0.2675, lr: 0.00035203658778440076
train: epoch 181, iter:20, loss: 0.2820, lr: 0.00035203658778440076
val epoch: 181, loss: 0.4788
train: epoch 182, iter:0, loss: 0.3094, lr: 0.00034711514189745505
train: epoch 182, iter:20, loss: 0.2855, lr: 0.00034711514189745505
val epoch: 182, loss: 0.4701
train: epoch 183, iter:0, loss: 0.2844, lr: 0.00034221100986440094
train: epoch 183, iter:20, loss: 0.2967, lr: 0.00034221100986440094
val epoch: 183, loss: 0.4614
train: epoch 184, iter:0, loss: 0.2209, lr: 0.0003373247294785804
train: epoch 184, iter:20, loss: 0.2681, lr: 0.0003373247294785804
val epoch: 184, loss: 0.4697
train: epoch 185, iter:0, loss: 0.2191, lr: 0.0003324568365757012
train: epoch 185, iter:20, loss: 0.2788, lr: 0.0003324568365757012
val epoch: 185, loss: 0.4714
train: epoch 186, iter:0, loss: 0.2696, lr: 0.0003276078649750761
train: epoch 186, iter:20, loss: 0.2817, lr: 0.0003276078649750761
val epoch: 186, loss: 0.4722
train: epoch 187, iter:0, loss: 0.2794, lr: 0.00032277834642108417
train: epoch 187, iter:20, loss: 0.2843, lr: 0.00032277834642108417
val epoch: 187, loss: 0.4756
train: epoch 188, iter:0, loss: 0.2793, lr: 0.00031796881052485835
train: epoch 188, iter:20, loss: 0.2856, lr: 0.00031796881052485835
val epoch: 188, loss: 0.4612
train: epoch 189, iter:0, loss: 0.2761, lr: 0.00031317978470620867
train: epoch 189, iter:20, loss: 0.2815, lr: 0.00031317978470620867
val epoch: 189, loss: 0.4758
train: epoch 190, iter:0, loss: 0.2570, lr: 0.00030841179413578315
train: epoch 190, iter:20, loss: 0.2752, lr: 0.00030841179413578315
val epoch: 190, loss: 0.4766
train: epoch 191, iter:0, loss: 0.3240, lr: 0.0003036653616774785
train: epoch 191, iter:20, loss: 0.2802, lr: 0.0003036653616774785
val epoch: 191, loss: 0.4575
train: epoch 192, iter:0, loss: 0.2906, lr: 0.0002989410078311011
train: epoch 192, iter:20, loss: 0.2842, lr: 0.0002989410078311011
val epoch: 192, loss: 0.4824
train: epoch 193, iter:0, loss: 0.3413, lr: 0.00029423925067528865
train: epoch 193, iter:20, loss: 0.2777, lr: 0.00029423925067528865
val epoch: 193, loss: 0.4781
train: epoch 194, iter:0, loss: 0.2336, lr: 0.0002895606058106975
train: epoch 194, iter:20, loss: 0.2877, lr: 0.0002895606058106975
val epoch: 194, loss: 0.4660
train: epoch 195, iter:0, loss: 0.2558, lr: 0.0002849055863034606
train: epoch 195, iter:20, loss: 0.2790, lr: 0.0002849055863034606
val epoch: 195, loss: 0.4783
train: epoch 196, iter:0, loss: 0.2966, lr: 0.00028027470262892396
train: epoch 196, iter:20, loss: 0.2842, lr: 0.00028027470262892396
val epoch: 196, loss: 0.4992
train: epoch 197, iter:0, loss: 0.1992, lr: 0.0002756684626156682
train: epoch 197, iter:20, loss: 0.2777, lr: 0.0002756684626156682
val epoch: 197, loss: 0.4983
train: epoch 198, iter:0, loss: 0.3096, lr: 0.000271087371389818
train: epoch 198, iter:20, loss: 0.2708, lr: 0.000271087371389818
val epoch: 198, loss: 0.4535
train: epoch 199, iter:0, loss: 0.2578, lr: 0.0002665319313196505
train: epoch 199, iter:20, loss: 0.2823, lr: 0.0002665319313196505
val epoch: 199, loss: 0.4779
train: epoch 200, iter:0, loss: 0.2736, lr: 0.00026200264196050494
train: epoch 200, iter:20, loss: 0.2884, lr: 0.00026200264196050494
val epoch: 200, loss: 0.4719
train: epoch 201, iter:0, loss: 0.2364, lr: 0.00025749999999999954
train: epoch 201, iter:20, loss: 0.2711, lr: 0.00025749999999999954
val epoch: 201, loss: 0.4601
train: epoch 202, iter:0, loss: 0.2536, lr: 0.0002530244992035658
train: epoch 202, iter:20, loss: 0.2666, lr: 0.0002530244992035658
val epoch: 202, loss: 0.4761
train: epoch 203, iter:0, loss: 0.2196, lr: 0.0002485766303603003
train: epoch 203, iter:20, loss: 0.2761, lr: 0.0002485766303603003
val epoch: 203, loss: 0.4721
train: epoch 204, iter:0, loss: 0.2809, lr: 0.0002441568812291443
train: epoch 204, iter:20, loss: 0.2692, lr: 0.0002441568812291443
val epoch: 204, loss: 0.4685
train: epoch 205, iter:0, loss: 0.2546, lr: 0.00023976573648539645
train: epoch 205, iter:20, loss: 0.2851, lr: 0.00023976573648539645
val epoch: 205, loss: 0.4504
train: epoch 206, iter:0, loss: 0.2528, lr: 0.00023540367766756144
train: epoch 206, iter:20, loss: 0.2694, lr: 0.00023540367766756144
val epoch: 206, loss: 0.4611
train: epoch 207, iter:0, loss: 0.2349, lr: 0.0002310711831245444
train: epoch 207, iter:20, loss: 0.2687, lr: 0.0002310711831245444
val epoch: 207, loss: 0.4664
train: epoch 208, iter:0, loss: 0.2535, lr: 0.00022676872796319514
train: epoch 208, iter:20, loss: 0.2763, lr: 0.00022676872796319514
val epoch: 208, loss: 0.4673
train: epoch 209, iter:0, loss: 0.2648, lr: 0.00022249678399620604
train: epoch 209, iter:20, loss: 0.2709, lr: 0.00022249678399620604
val epoch: 209, loss: 0.4850
train: epoch 210, iter:0, loss: 0.3285, lr: 0.0002182558196903736
train: epoch 210, iter:20, loss: 0.2629, lr: 0.0002182558196903736
val epoch: 210, loss: 0.4543, miou: 0.706939905595409, f1_or_dsc: 0.8283125882499263, accuracy: 0.9149114023340811, specificity: 0.9379713408442603, sensitivity: 0.8432363757701854
train: epoch 211, iter:0, loss: 0.2666, lr: 0.00021404630011522552
train: epoch 211, iter:20, loss: 0.2675, lr: 0.00021404630011522552
val epoch: 211, loss: 0.4658
train: epoch 212, iter:0, loss: 0.2809, lr: 0.0002098686868920198
train: epoch 212, iter:20, loss: 0.2699, lr: 0.0002098686868920198
val epoch: 212, loss: 0.4640
train: epoch 213, iter:0, loss: 0.2933, lr: 0.00020572343814312415
train: epoch 213, iter:20, loss: 0.2706, lr: 0.00020572343814312415
val epoch: 213, loss: 0.4530
train: epoch 214, iter:0, loss: 0.2580, lr: 0.00020161100844177644
train: epoch 214, iter:20, loss: 0.2640, lr: 0.00020161100844177644
val epoch: 214, loss: 0.4815
train: epoch 215, iter:0, loss: 0.3531, lr: 0.0001975318487622361
train: epoch 215, iter:20, loss: 0.2697, lr: 0.0001975318487622361
val epoch: 215, loss: 0.4611
train: epoch 216, iter:0, loss: 0.3036, lr: 0.00019348640643033024
train: epoch 216, iter:20, loss: 0.2616, lr: 0.00019348640643033024
val epoch: 216, loss: 0.4632
train: epoch 217, iter:0, loss: 0.2814, lr: 0.00018947512507439828
train: epoch 217, iter:20, loss: 0.2672, lr: 0.00018947512507439828
val epoch: 217, loss: 0.4559
train: epoch 218, iter:0, loss: 0.3868, lr: 0.00018549844457664425
train: epoch 218, iter:20, loss: 0.2693, lr: 0.00018549844457664425
val epoch: 218, loss: 0.4600
train: epoch 219, iter:0, loss: 0.1985, lr: 0.00018155680102489765
train: epoch 219, iter:20, loss: 0.2652, lr: 0.00018155680102489765
val epoch: 219, loss: 0.4608
train: epoch 220, iter:0, loss: 0.2624, lr: 0.00017765062666479195
train: epoch 220, iter:20, loss: 0.2637, lr: 0.00017765062666479195
val epoch: 220, loss: 0.4458
train: epoch 221, iter:0, loss: 0.2754, lr: 0.00017378034985236489
train: epoch 221, iter:20, loss: 0.2673, lr: 0.00017378034985236489
val epoch: 221, loss: 0.4623
train: epoch 222, iter:0, loss: 0.2453, lr: 0.0001699463950070827
train: epoch 222, iter:20, loss: 0.2592, lr: 0.0001699463950070827
val epoch: 222, loss: 0.4517
train: epoch 223, iter:0, loss: 0.2298, lr: 0.0001661491825652988
train: epoch 223, iter:20, loss: 0.2595, lr: 0.0001661491825652988
val epoch: 223, loss: 0.4826
train: epoch 224, iter:0, loss: 0.2078, lr: 0.0001623891289341484
train: epoch 224, iter:20, loss: 0.2578, lr: 0.0001623891289341484
val epoch: 224, loss: 0.4670
train: epoch 225, iter:0, loss: 0.2401, lr: 0.0001586666464458838
train: epoch 225, iter:20, loss: 0.2670, lr: 0.0001586666464458838
val epoch: 225, loss: 0.4728
train: epoch 226, iter:0, loss: 0.3417, lr: 0.00015498214331265874
train: epoch 226, iter:20, loss: 0.2625, lr: 0.00015498214331265874
val epoch: 226, loss: 0.5092
train: epoch 227, iter:0, loss: 0.2221, lr: 0.00015133602358176218
train: epoch 227, iter:20, loss: 0.2674, lr: 0.00015133602358176218
val epoch: 227, loss: 0.4674
train: epoch 228, iter:0, loss: 0.2181, lr: 0.00014772868709131046
train: epoch 228, iter:20, loss: 0.2635, lr: 0.00014772868709131046
val epoch: 228, loss: 0.4791
train: epoch 229, iter:0, loss: 0.3111, lr: 0.00014416052942640113
train: epoch 229, iter:20, loss: 0.2567, lr: 0.00014416052942640113
val epoch: 229, loss: 0.4674
train: epoch 230, iter:0, loss: 0.3525, lr: 0.0001406319418757314
train: epoch 230, iter:20, loss: 0.2574, lr: 0.0001406319418757314
val epoch: 230, loss: 0.4700
train: epoch 231, iter:0, loss: 0.2059, lr: 0.00013714331138868954
train: epoch 231, iter:20, loss: 0.2681, lr: 0.00013714331138868954
val epoch: 231, loss: 0.4660
train: epoch 232, iter:0, loss: 0.2405, lr: 0.00013369502053292226
train: epoch 232, iter:20, loss: 0.2548, lr: 0.00013369502053292226
val epoch: 232, loss: 0.4697
train: epoch 233, iter:0, loss: 0.2943, lr: 0.0001302874474523804
train: epoch 233, iter:20, loss: 0.2609, lr: 0.0001302874474523804
val epoch: 233, loss: 0.4741
train: epoch 234, iter:0, loss: 0.2420, lr: 0.00012692096582585187
train: epoch 234, iter:20, loss: 0.2643, lr: 0.00012692096582585187
val epoch: 234, loss: 0.4877
train: epoch 235, iter:0, loss: 0.2974, lr: 0.00012359594482598416
train: epoch 235, iter:20, loss: 0.2544, lr: 0.00012359594482598416
val epoch: 235, loss: 0.4779
train: epoch 236, iter:0, loss: 0.2961, lr: 0.00012031274907879919
train: epoch 236, iter:20, loss: 0.2581, lr: 0.00012031274907879919
val epoch: 236, loss: 0.4791
train: epoch 237, iter:0, loss: 0.2257, lr: 0.00011707173862370913
train: epoch 237, iter:20, loss: 0.2593, lr: 0.00011707173862370913
val epoch: 237, loss: 0.4668
train: epoch 238, iter:0, loss: 0.2283, lr: 0.00011387326887403316
train: epoch 238, iter:20, loss: 0.2468, lr: 0.00011387326887403316
val epoch: 238, loss: 0.5156
train: epoch 239, iter:0, loss: 0.2391, lr: 0.00011071769057802265
train: epoch 239, iter:20, loss: 0.2591, lr: 0.00011071769057802265
val epoch: 239, loss: 0.4816
train: epoch 240, iter:0, loss: 0.2676, lr: 0.0001076053497803982
train: epoch 240, iter:20, loss: 0.2544, lr: 0.0001076053497803982
val epoch: 240, loss: 0.4735, miou: 0.7017797836606766, f1_or_dsc: 0.8247598078184795, accuracy: 0.9165971019480488, specificity: 0.9520826402148569, sensitivity: 0.8063007584957506
train: epoch 241, iter:0, loss: 0.2625, lr: 0.00010453658778440088
train: epoch 241, iter:20, loss: 0.2575, lr: 0.00010453658778440088
val epoch: 241, loss: 0.4764
train: epoch 242, iter:0, loss: 0.2505, lr: 0.00010151174111436543
train: epoch 242, iter:20, loss: 0.2584, lr: 0.00010151174111436543
val epoch: 242, loss: 0.4687
train: epoch 243, iter:0, loss: 0.2447, lr: 9.853114147881633e-05
train: epoch 243, iter:20, loss: 0.2495, lr: 9.853114147881633e-05
val epoch: 243, loss: 0.4695
train: epoch 244, iter:0, loss: 0.2311, lr: 9.559511573409167e-05
train: epoch 244, iter:20, loss: 0.2620, lr: 9.559511573409167e-05
val epoch: 244, loss: 0.4762
train: epoch 245, iter:0, loss: 0.2424, lr: 9.270398584850061e-05
train: epoch 245, iter:20, loss: 0.2624, lr: 9.270398584850061e-05
val epoch: 245, loss: 0.4632
train: epoch 246, iter:0, loss: 0.2359, lr: 8.985806886701499e-05
train: epoch 246, iter:20, loss: 0.2550, lr: 8.985806886701499e-05
val epoch: 246, loss: 0.4705
train: epoch 247, iter:0, loss: 0.2164, lr: 8.705767687650239e-05
train: epoch 247, iter:20, loss: 0.2519, lr: 8.705767687650239e-05
val epoch: 247, loss: 0.4928
train: epoch 248, iter:0, loss: 0.2570, lr: 8.430311697150229e-05
train: epoch 248, iter:20, loss: 0.2545, lr: 8.430311697150229e-05
val epoch: 248, loss: 0.4703
train: epoch 249, iter:0, loss: 0.2580, lr: 8.159469122054909e-05
train: epoch 249, iter:20, loss: 0.2559, lr: 8.159469122054909e-05
val epoch: 249, loss: 0.4748
train: epoch 250, iter:0, loss: 0.2470, lr: 7.893269663304782e-05
train: epoch 250, iter:20, loss: 0.2513, lr: 7.893269663304782e-05
val epoch: 250, loss: 0.4789
train: epoch 251, iter:0, loss: 0.1837, lr: 7.631742512670282e-05
train: epoch 251, iter:20, loss: 0.2568, lr: 7.631742512670282e-05
val epoch: 251, loss: 0.4785
train: epoch 252, iter:0, loss: 0.2334, lr: 7.374916349550603e-05
train: epoch 252, iter:20, loss: 0.2512, lr: 7.374916349550603e-05
val epoch: 252, loss: 0.4643
train: epoch 253, iter:0, loss: 0.2576, lr: 7.122819337828741e-05
train: epoch 253, iter:20, loss: 0.2498, lr: 7.122819337828741e-05
val epoch: 253, loss: 0.4609
train: epoch 254, iter:0, loss: 0.2349, lr: 6.875479122782878e-05
train: epoch 254, iter:20, loss: 0.2559, lr: 6.875479122782878e-05
val epoch: 254, loss: 0.4618
train: epoch 255, iter:0, loss: 0.2743, lr: 6.632922828054862e-05
train: epoch 255, iter:20, loss: 0.2541, lr: 6.632922828054862e-05
val epoch: 255, loss: 0.4677
train: epoch 256, iter:0, loss: 0.2660, lr: 6.395177052675786e-05
train: epoch 256, iter:20, loss: 0.2540, lr: 6.395177052675786e-05
val epoch: 256, loss: 0.4652
train: epoch 257, iter:0, loss: 0.2414, lr: 6.162267868149065e-05
train: epoch 257, iter:20, loss: 0.2493, lr: 6.162267868149065e-05
val epoch: 257, loss: 0.4695
train: epoch 258, iter:0, loss: 0.2537, lr: 5.934220815591413e-05
train: epoch 258, iter:20, loss: 0.2504, lr: 5.934220815591413e-05
val epoch: 258, loss: 0.4700
train: epoch 259, iter:0, loss: 0.2824, lr: 5.711060902932035e-05
train: epoch 259, iter:20, loss: 0.2526, lr: 5.711060902932035e-05
val epoch: 259, loss: 0.4675
train: epoch 260, iter:0, loss: 0.1911, lr: 5.492812602170101e-05
train: epoch 260, iter:20, loss: 0.2496, lr: 5.492812602170101e-05
val epoch: 260, loss: 0.4638
train: epoch 261, iter:0, loss: 0.2275, lr: 5.279499846691256e-05
train: epoch 261, iter:20, loss: 0.2554, lr: 5.279499846691256e-05
val epoch: 261, loss: 0.4706
train: epoch 262, iter:0, loss: 0.2274, lr: 5.071146028642938e-05
train: epoch 262, iter:20, loss: 0.2548, lr: 5.071146028642938e-05
val epoch: 262, loss: 0.4694
train: epoch 263, iter:0, loss: 0.2774, lr: 4.867773996369213e-05
train: epoch 263, iter:20, loss: 0.2508, lr: 4.867773996369213e-05
val epoch: 263, loss: 0.4703
train: epoch 264, iter:0, loss: 0.2629, lr: 4.669406051905255e-05
train: epoch 264, iter:20, loss: 0.2544, lr: 4.669406051905255e-05
val epoch: 264, loss: 0.4694
train: epoch 265, iter:0, loss: 0.2640, lr: 4.476063948531553e-05
train: epoch 265, iter:20, loss: 0.2533, lr: 4.476063948531553e-05
val epoch: 265, loss: 0.4725
train: epoch 266, iter:0, loss: 0.2126, lr: 4.2877688883885086e-05
train: epoch 266, iter:20, loss: 0.2501, lr: 4.2877688883885086e-05
val epoch: 266, loss: 0.4737
train: epoch 267, iter:0, loss: 0.2662, lr: 4.1045415201513684e-05
train: epoch 267, iter:20, loss: 0.2495, lr: 4.1045415201513684e-05
val epoch: 267, loss: 0.4849
train: epoch 268, iter:0, loss: 0.2192, lr: 3.926401936765836e-05
train: epoch 268, iter:20, loss: 0.2439, lr: 3.926401936765836e-05
val epoch: 268, loss: 0.4729
train: epoch 269, iter:0, loss: 0.2131, lr: 3.753369673244687e-05
train: epoch 269, iter:20, loss: 0.2406, lr: 3.753369673244687e-05
val epoch: 269, loss: 0.4811
train: epoch 270, iter:0, loss: 0.3075, lr: 3.5854637045255115e-05
train: epoch 270, iter:20, loss: 0.2499, lr: 3.5854637045255115e-05
val epoch: 270, loss: 0.4706, miou: 0.7051300498931714, f1_or_dsc: 0.8270689381579414, accuracy: 0.9152097418756768, specificity: 0.9416640539391756, sensitivity: 0.8329843049325615
train: epoch 271, iter:0, loss: 0.2708, lr: 3.422702443389897e-05
train: epoch 271, iter:20, loss: 0.2511, lr: 3.422702443389897e-05
val epoch: 271, loss: 0.4704
train: epoch 272, iter:0, loss: 0.2639, lr: 3.265103738444294e-05
train: epoch 272, iter:20, loss: 0.2511, lr: 3.265103738444294e-05
val epoch: 272, loss: 0.4786
train: epoch 273, iter:0, loss: 0.1971, lr: 3.112684872162669e-05
train: epoch 273, iter:20, loss: 0.2451, lr: 3.112684872162669e-05
val epoch: 273, loss: 0.4746
train: epoch 274, iter:0, loss: 0.3123, lr: 2.9654625589913163e-05
train: epoch 274, iter:20, loss: 0.2471, lr: 2.9654625589913163e-05
val epoch: 274, loss: 0.4702
train: epoch 275, iter:0, loss: 0.2102, lr: 2.823452943515922e-05
train: epoch 275, iter:20, loss: 0.2487, lr: 2.823452943515922e-05
val epoch: 275, loss: 0.4725
train: epoch 276, iter:0, loss: 0.2414, lr: 2.6866715986911168e-05
train: epoch 276, iter:20, loss: 0.2456, lr: 2.6866715986911168e-05
val epoch: 276, loss: 0.4804
train: epoch 277, iter:0, loss: 0.2899, lr: 2.5551335241327604e-05
train: epoch 277, iter:20, loss: 0.2434, lr: 2.5551335241327604e-05
val epoch: 277, loss: 0.4786
train: epoch 278, iter:0, loss: 0.2358, lr: 2.4288531444730185e-05
train: epoch 278, iter:20, loss: 0.2447, lr: 2.4288531444730185e-05
val epoch: 278, loss: 0.4761
train: epoch 279, iter:0, loss: 0.2440, lr: 2.3078443077785645e-05
train: epoch 279, iter:20, loss: 0.2478, lr: 2.3078443077785645e-05
val epoch: 279, loss: 0.4721
train: epoch 280, iter:0, loss: 0.2695, lr: 2.1921202840320064e-05
train: epoch 280, iter:20, loss: 0.2475, lr: 2.1921202840320064e-05
val epoch: 280, loss: 0.4744
train: epoch 281, iter:0, loss: 0.1917, lr: 2.081693763676623e-05
train: epoch 281, iter:20, loss: 0.2458, lr: 2.081693763676623e-05
val epoch: 281, loss: 0.4760
train: epoch 282, iter:0, loss: 0.2756, lr: 1.9765768562247723e-05
train: epoch 282, iter:20, loss: 0.2498, lr: 1.9765768562247723e-05
val epoch: 282, loss: 0.4693
train: epoch 283, iter:0, loss: 0.2046, lr: 1.876781088929913e-05
train: epoch 283, iter:20, loss: 0.2507, lr: 1.876781088929913e-05
val epoch: 283, loss: 0.4699
train: epoch 284, iter:0, loss: 0.2664, lr: 1.7823174055225262e-05
train: epoch 284, iter:20, loss: 0.2441, lr: 1.7823174055225262e-05
val epoch: 284, loss: 0.4723
train: epoch 285, iter:0, loss: 0.2269, lr: 1.693196165010003e-05
train: epoch 285, iter:20, loss: 0.2475, lr: 1.693196165010003e-05
val epoch: 285, loss: 0.4665
train: epoch 286, iter:0, loss: 0.2886, lr: 1.6094271405406855e-05
train: epoch 286, iter:20, loss: 0.2468, lr: 1.6094271405406855e-05
val epoch: 286, loss: 0.4691
train: epoch 287, iter:0, loss: 0.2396, lr: 1.5310195183320773e-05
train: epoch 287, iter:20, loss: 0.2484, lr: 1.5310195183320773e-05
val epoch: 287, loss: 0.4683
train: epoch 288, iter:0, loss: 0.2348, lr: 1.4579818966635417e-05
train: epoch 288, iter:20, loss: 0.2509, lr: 1.4579818966635417e-05
val epoch: 288, loss: 0.4679
train: epoch 289, iter:0, loss: 0.2756, lr: 1.3903222849333505e-05
train: epoch 289, iter:20, loss: 0.2485, lr: 1.3903222849333505e-05
val epoch: 289, loss: 0.4668
train: epoch 290, iter:0, loss: 0.2605, lr: 1.3280481027803759e-05
train: epoch 290, iter:20, loss: 0.2471, lr: 1.3280481027803759e-05
val epoch: 290, loss: 0.4717
train: epoch 291, iter:0, loss: 0.2330, lr: 1.271166179270472e-05
train: epoch 291, iter:20, loss: 0.2467, lr: 1.271166179270472e-05
val epoch: 291, loss: 0.4701
train: epoch 292, iter:0, loss: 0.3946, lr: 1.21968275214754e-05
train: epoch 292, iter:20, loss: 0.2497, lr: 1.21968275214754e-05
val epoch: 292, loss: 0.4729
train: epoch 293, iter:0, loss: 0.2043, lr: 1.1736034671495336e-05
train: epoch 293, iter:20, loss: 0.2478, lr: 1.1736034671495336e-05
val epoch: 293, loss: 0.4732
train: epoch 294, iter:0, loss: 0.2299, lr: 1.1329333773893242e-05
train: epoch 294, iter:20, loss: 0.2453, lr: 1.1329333773893242e-05
val epoch: 294, loss: 0.4774
train: epoch 295, iter:0, loss: 0.2441, lr: 1.0976769428005577e-05
train: epoch 295, iter:20, loss: 0.2460, lr: 1.0976769428005577e-05
val epoch: 295, loss: 0.4762
train: epoch 296, iter:0, loss: 0.2326, lr: 1.0678380296485951e-05
train: epoch 296, iter:20, loss: 0.2402, lr: 1.0678380296485951e-05
val epoch: 296, loss: 0.4740
train: epoch 297, iter:0, loss: 0.2600, lr: 1.04341991010651e-05
train: epoch 297, iter:20, loss: 0.2489, lr: 1.04341991010651e-05
val epoch: 297, loss: 0.4730
train: epoch 298, iter:0, loss: 0.2176, lr: 1.0244252618962858e-05
train: epoch 298, iter:20, loss: 0.2382, lr: 1.0244252618962858e-05
val epoch: 298, loss: 0.4716
train: epoch 299, iter:0, loss: 0.2176, lr: 1.0108561679951479e-05
train: epoch 299, iter:20, loss: 0.2505, lr: 1.0108561679951479e-05
val epoch: 299, loss: 0.4740
train: epoch 300, iter:0, loss: 0.2620, lr: 1.002714116407149e-05
train: epoch 300, iter:20, loss: 0.2424, lr: 1.002714116407149e-05
val epoch: 300, loss: 0.4753, miou: 0.7042187652961532, f1_or_dsc: 0.8264417451990402, accuracy: 0.9149834661200495, specificity: 0.9418238752348553, sensitivity: 0.8315579602176671
#----------Testing----------#
test of best model, best_val_loss: 0.4458, miou: 0.7100212827213814, f1_or_dsc: 0.8304239133111038, accuracy: 0.9172791207190787, specificity: 0.9446855575288398, sensitivity: 0.8320942844501428, confusion_matrix: [[37847407  2216090]
 [ 2164236 10725355]]
=== SWIN-UNET TRAINING COMPLETE ===
