{"run": "A_CNN", "epoch": 1, "budget": 100, "val_dice": 0.7622919931654933, "best_dice": 0.7622919931654933, "best_epoch": 1, "seconds": 176.35282915000016}
{"run": "A_CNN", "epoch": 2, "budget": 100, "val_dice": 0.8241901524736444, "best_dice": 0.8241901524736444, "best_epoch": 2, "seconds": 24.17433294500006}
{"run": "A_CNN", "epoch": 3, "budget": 100, "val_dice": 0.8236566875188671, "best_dice": 0.8241901524736444, "best_epoch": 2, "seconds": 17.945530355999836}
{"run": "A_CNN", "epoch": 4, "budget": 100, "val_dice": 0.817445961953474, "best_dice": 0.8241901524736444, "best_epoch": 2, "seconds": 22.060641056999884}
{"run": "A_CNN", "epoch": 5, "budget": 100, "val_dice": 0.8324849511814204, "best_dice": 0.8324849511814204, "best_epoch": 5, "seconds": 18.757385108000108}
{"run": "A_CNN", "epoch": 6, "budget": 100, "val_dice": 0.8338464345230697, "best_dice": 0.8338464345230697, "best_epoch": 6, "seconds": 22.453722330000346}
{"run": "A_CNN", "epoch": 7, "budget": 100, "val_dice": 0.8381977428199903, "best_dice": 0.8381977428199903, "best_epoch": 7, "seconds": 19.1950448409998}
{"run": "A_CNN", "epoch": 8, "budget": 100, "val_dice": 0.8359887900960303, "best_dice": 0.8381977428199903, "best_epoch": 7, "seconds": 37.79707066099991}
{"run": "A_CNN", "epoch": 9, "budget": 100, "val_dice": 0.8368251139856588, "best_dice": 0.8381977428199903, "best_epoch": 7, "seconds": 20.907982485999582}
{"run": "A_CNN", "epoch": 10, "budget": 100, "val_dice": 0.8387293721810206, "best_dice": 0.8387293721810206, "best_epoch": 10, "seconds": 21.486827531000017}
{"run": "A_CNN", "epoch": 11, "budget": 100, "val_dice": 0.8425733110095013, "best_dice": 0.8425733110095013, "best_epoch": 11, "seconds": 29.038010659000065}
{"run": "A_CNN", "epoch": 12, "budget": 100, "val_dice": 0.8425683802032514, "best_dice": 0.8425733110095013, "best_epoch": 11, "seconds": 22.560457155000222}
{"run": "A_CNN", "epoch": 13, "budget": 100, "val_dice": 0.8462800508921633, "best_dice": 0.8462800508921633, "best_epoch": 13, "seconds": 22.698125490000166}
{"run": "A_CNN", "epoch": 14, "budget": 100, "val_dice": 0.8287720671048127, "best_dice": 0.8462800508921633, "best_epoch": 13, "seconds": 22.487234477999664}
{"run": "A_CNN", "epoch": 15, "budget": 100, "val_dice": 0.8432209572895758, "best_dice": 0.8462800508921633, "best_epoch": 13, "seconds": 23.170114268999896}
{"run": "A_CNN", "epoch": 16, "budget": 100, "val_dice": 0.8394109524762253, "best_dice": 0.8462800508921633, "best_epoch": 13, "seconds": 20.689780345000145}
{"run": "A_CNN", "epoch": 17, "budget": 100, "val_dice": 0.8453376856877416, "best_dice": 0.8462800508921633, "best_epoch": 13, "seconds": 18.742108057000223}
{"run": "A_CNN", "epoch": 18, "budget": 100, "val_dice": 0.8367290487436032, "best_dice": 0.8462800508921633, "best_epoch": 13, "seconds": 24.154630396000357}
{"run": "A_CNN", "epoch": 19, "budget": 100, "val_dice": 0.8370416504195477, "best_dice": 0.8462800508921633, "best_epoch": 13, "seconds": 22.63474145500004}
{"run": "A_CNN", "epoch": 20, "budget": 100, "val_dice": 0.844808191404075, "best_dice": 0.8462800508921633, "best_epoch": 13, "seconds": 22.241717578000134}
{"run": "A_CNN", "epoch": 21, "budget": 100, "val_dice": 0.8430843547233552, "best_dice": 0.8462800508921633, "best_epoch": 13, "seconds": 23.20744930300043}
{"run": "A_CNN", "epoch": 22, "budget": 100, "val_dice": 0.8493986827845712, "best_dice": 0.8493986827845712, "best_epoch": 22, "seconds": 22.076080402000116}
{"run": "A_CNN", "epoch": 23, "budget": 100, "val_dice": 0.8448815918243743, "best_dice": 0.8493986827845712, "best_epoch": 22, "seconds": 21.931065243000376}
{"run": "A_CNN", "epoch": 24, "budget": 100, "val_dice": 0.8477745093928896, "best_dice": 0.8493986827845712, "best_epoch": 22, "seconds": 17.70303001100001}
{"run": "A_CNN", "epoch": 25, "budget": 100, "val_dice": 0.8433032287843554, "best_dice": 0.8493986827845712, "best_epoch": 22, "seconds": 23.001406934999977}
{"run": "A_CNN", "epoch": 26, "budget": 100, "val_dice": 0.8532604302465204, "best_dice": 0.8532604302465204, "best_epoch": 26, "seconds": 20.575832667999748}
{"run": "A_CNN", "epoch": 27, "budget": 100, "val_dice": 0.8342888289956045, "best_dice": 0.8532604302465204, "best_epoch": 26, "seconds": 24.116773529000056}
{"run": "A_CNN", "epoch": 28, "budget": 100, "val_dice": 0.8498980806086897, "best_dice": 0.8532604302465204, "best_epoch": 26, "seconds": 23.11787201900006}
{"run": "A_CNN", "epoch": 29, "budget": 100, "val_dice": 0.8496214309894964, "best_dice": 0.8532604302465204, "best_epoch": 26, "seconds": 20.658544601999893}
{"run": "A_CNN", "epoch": 30, "budget": 100, "val_dice": 0.8462418150088249, "best_dice": 0.8532604302465204, "best_epoch": 26, "seconds": 22.427542381999956}
Traceback (most recent call last):
  File "<frozen runpy>", line 198, in _run_module_as_main
  File "<frozen runpy>", line 88, in _run_code
  File "/home/featurize/work/RSI_Implementation_20261003/rsi/run_pilot.py", line 98, in <module>
    if __name__=='__main__':main()
                            ^^^^^^
  File "/home/featurize/work/RSI_Implementation_20261003/rsi/run_pilot.py", line 95, in main
    a=p.parse_args();run(load_config(a.config),a.seed)
                     ^^^^^^^^^^^^^^^^^^^^^^^^^^^^^^^^^
  File "/home/featurize/work/RSI_Implementation_20261003/rsi/run_pilot.py", line 29, in run
    cnn=train_stage(cfg,seed,'A_CNN');completed.append('A_CNN')
        ^^^^^^^^^^^^^^^^^^^^^^^^^^^^^
  File "/home/featurize/work/RSI_Implementation_20261003/rsi/train.py", line 309, in train_stage
    gradient_norm_before_clip=float(np.mean(grad_norms)),gradient_clip_fraction=clipped/len(grad_norms),
                                    ^^^^^^^^^^^^^^^^^^^
  File "/environment/miniconda3/lib/python3.11/site-packages/numpy/core/fromnumeric.py", line 3504, in mean
    return _methods._mean(a, axis=axis, dtype=dtype,
           ^^^^^^^^^^^^^^^^^^^^^^^^^^^^^^^^^^^^^^^^^
  File "/environment/miniconda3/lib/python3.11/site-packages/numpy/core/_methods.py", line 118, in _mean
    ret = umr_sum(arr, axis, dtype, out, keepdims, where=where)
          ^^^^^^^^^^^^^^^^^^^^^^^^^^^^^^^^^^^^^^^^^^^^^^^^^^^^^
TypeError: unsupported operand type(s) for +: 'float' and 'NoneType'
