2026-08-29 16:32:55 - #----------Config info----------#
2026-08-29 16:32:55 - network: ege_dual,
2026-08-29 16:32:55 - t_embed: 48,
2026-08-29 16:32:55 - t_depths: (2, 2, 2, 2),
2026-08-29 16:32:55 - t_head_dim: 16,
2026-08-29 16:32:55 - t_sr_ratios: (4, 2, 1, 1),
2026-08-29 16:32:55 - t_mlp_ratio: 4.0,
2026-08-29 16:32:55 - t_drop_path_rate: 0.1,
2026-08-29 16:32:55 - opt: AdamW,
2026-08-29 16:32:55 - lr: 0.001,
2026-08-29 16:32:55 - betas: (0.9, 0.999),
2026-08-29 16:32:55 - eps: 1e-08,
2026-08-29 16:32:55 - weight_decay: 0.01,
2026-08-29 16:32:55 - amsgrad: False,
2026-08-29 16:32:55 - work_dir: results/ege_dual_isic18_Saturday_29_August_2026_16h_32m_55s/,
2026-08-29 16:33:00 - train: epoch 1, iter:0, loss: 11.4693, lr: 0.001
2026-08-29 16:33:06 - train: epoch 1, iter:20, loss: 3.4469, lr: 0.001
2026-08-29 16:33:26 - val epoch: 1, loss: 1.8607
2026-08-29 16:33:28 - train: epoch 2, iter:0, loss: 2.1711, lr: 0.0009999728588359286
2026-08-29 16:33:34 - train: epoch 2, iter:20, loss: 1.6790, lr: 0.0009999728588359286
2026-08-29 16:33:54 - val epoch: 2, loss: 1.3097
2026-08-29 16:33:57 - train: epoch 3, iter:0, loss: 1.1977, lr: 0.0009998914383200486
2026-08-29 16:34:02 - train: epoch 3, iter:20, loss: 1.4442, lr: 0.0009998914383200486
2026-08-29 16:34:22 - val epoch: 3, loss: 1.4806
2026-08-29 16:34:25 - train: epoch 4, iter:0, loss: 1.5047, lr: 0.0009997557473810372
2026-08-29 16:34:30 - train: epoch 4, iter:20, loss: 1.2847, lr: 0.0009997557473810372
2026-08-29 16:34:51 - val epoch: 4, loss: 1.3368
2026-08-29 16:34:53 - train: epoch 5, iter:0, loss: 1.4026, lr: 0.000999565800898935
2026-08-29 16:34:59 - train: epoch 5, iter:20, loss: 1.2084, lr: 0.000999565800898935
2026-08-29 16:35:19 - val epoch: 5, loss: 1.2130
2026-08-29 16:35:21 - train: epoch 6, iter:0, loss: 1.0576, lr: 0.0009993216197035143
2026-08-29 16:35:27 - train: epoch 6, iter:20, loss: 1.1129, lr: 0.0009993216197035143
2026-08-29 16:35:48 - val epoch: 6, loss: 1.1616
2026-08-29 16:35:50 - train: epoch 7, iter:0, loss: 0.9677, lr: 0.0009990232305719946
2026-08-29 16:35:55 - train: epoch 7, iter:20, loss: 1.1949, lr: 0.0009990232305719946
2026-08-29 16:36:16 - val epoch: 7, loss: 1.1070
2026-08-29 16:36:18 - train: epoch 8, iter:0, loss: 1.1429, lr: 0.0009986706662261067
2026-08-29 16:36:24 - train: epoch 8, iter:20, loss: 0.9777, lr: 0.0009986706662261067
2026-08-29 16:36:44 - val epoch: 8, loss: 1.0767
2026-08-29 16:36:46 - train: epoch 9, iter:0, loss: 0.9712, lr: 0.0009982639653285047
2026-08-29 16:36:52 - train: epoch 9, iter:20, loss: 0.8905, lr: 0.0009982639653285047
2026-08-29 16:37:12 - val epoch: 9, loss: 1.0463
2026-08-29 16:37:15 - train: epoch 10, iter:0, loss: 0.8058, lr: 0.0009978031724785245
2026-08-29 16:37:20 - train: epoch 10, iter:20, loss: 0.9174, lr: 0.0009978031724785245
2026-08-29 16:37:41 - val epoch: 10, loss: 1.1136
2026-08-29 16:37:43 - train: epoch 11, iter:0, loss: 0.9841, lr: 0.0009972883382072953
2026-08-29 16:37:48 - train: epoch 11, iter:20, loss: 0.9376, lr: 0.0009972883382072953
2026-08-29 16:38:09 - val epoch: 11, loss: 1.2163
2026-08-29 16:38:11 - train: epoch 12, iter:0, loss: 0.8835, lr: 0.0009967195189721962
2026-08-29 16:38:16 - train: epoch 12, iter:20, loss: 0.9234, lr: 0.0009967195189721962
2026-08-29 16:38:37 - val epoch: 12, loss: 1.0720
2026-08-29 16:38:39 - train: epoch 13, iter:0, loss: 0.8897, lr: 0.0009960967771506667
2026-08-29 16:38:45 - train: epoch 13, iter:20, loss: 0.8778, lr: 0.0009960967771506667
2026-08-29 16:39:05 - val epoch: 13, loss: 1.0112
2026-08-29 16:39:07 - train: epoch 14, iter:0, loss: 0.9648, lr: 0.0009954201810333646
2026-08-29 16:39:13 - train: epoch 14, iter:20, loss: 0.8524, lr: 0.0009954201810333646
2026-08-29 16:39:33 - val epoch: 14, loss: 1.0084
2026-08-29 16:39:36 - train: epoch 15, iter:0, loss: 0.9566, lr: 0.0009946898048166792
2026-08-29 16:39:41 - train: epoch 15, iter:20, loss: 0.8314, lr: 0.0009946898048166792
2026-08-29 16:40:01 - val epoch: 15, loss: 0.9629
2026-08-29 16:40:03 - train: epoch 16, iter:0, loss: 0.7641, lr: 0.000993905728594593
2026-08-29 16:40:09 - train: epoch 16, iter:20, loss: 0.8377, lr: 0.000993905728594593
2026-08-29 16:40:29 - val epoch: 16, loss: 1.0106
2026-08-29 16:40:31 - train: epoch 17, iter:0, loss: 0.6613, lr: 0.0009930680383498998
2026-08-29 16:40:37 - train: epoch 17, iter:20, loss: 0.7931, lr: 0.0009930680383498998
2026-08-29 16:40:57 - val epoch: 17, loss: 0.9446
2026-08-29 16:40:59 - train: epoch 18, iter:0, loss: 0.5757, lr: 0.0009921768259447744
2026-08-29 16:41:04 - train: epoch 18, iter:20, loss: 0.8402, lr: 0.0009921768259447744
2026-08-29 16:41:25 - val epoch: 18, loss: 1.0494
2026-08-29 16:41:27 - train: epoch 19, iter:0, loss: 0.7665, lr: 0.0009912321891107007
2026-08-29 16:41:32 - train: epoch 19, iter:20, loss: 0.8087, lr: 0.0009912321891107007
2026-08-29 16:41:52 - val epoch: 19, loss: 1.0856
2026-08-29 16:41:55 - train: epoch 20, iter:0, loss: 0.7837, lr: 0.0009902342314377522
2026-08-29 16:42:00 - train: epoch 20, iter:20, loss: 0.7776, lr: 0.0009902342314377522
2026-08-29 16:42:21 - val epoch: 20, loss: 0.9350
2026-08-29 16:42:23 - train: epoch 21, iter:0, loss: 0.7728, lr: 0.0009891830623632338
2026-08-29 16:42:28 - train: epoch 21, iter:20, loss: 0.7802, lr: 0.0009891830623632338
2026-08-29 16:42:48 - val epoch: 21, loss: 0.9299
2026-08-29 16:42:50 - train: epoch 22, iter:0, loss: 0.6954, lr: 0.00098807879715968
2026-08-29 16:42:56 - train: epoch 22, iter:20, loss: 0.8265, lr: 0.00098807879715968
2026-08-29 16:43:16 - val epoch: 22, loss: 0.9340
2026-08-29 16:43:18 - train: epoch 23, iter:0, loss: 0.6009, lr: 0.0009869215569222143
2026-08-29 16:43:24 - train: epoch 23, iter:20, loss: 0.7807, lr: 0.0009869215569222143
2026-08-29 16:43:44 - val epoch: 23, loss: 0.9356
2026-08-29 16:43:46 - train: epoch 24, iter:0, loss: 0.8534, lr: 0.0009857114685552697
2026-08-29 16:43:52 - train: epoch 24, iter:20, loss: 0.7562, lr: 0.0009857114685552697
2026-08-29 16:44:12 - val epoch: 24, loss: 1.0381
2026-08-29 16:44:14 - train: epoch 25, iter:0, loss: 0.8404, lr: 0.0009844486647586721
2026-08-29 16:44:20 - train: epoch 25, iter:20, loss: 0.7606, lr: 0.0009844486647586721
2026-08-29 16:44:40 - val epoch: 25, loss: 0.9240
2026-08-29 16:44:42 - train: epoch 26, iter:0, loss: 0.6402, lr: 0.0009831332840130884
2026-08-29 16:44:47 - train: epoch 26, iter:20, loss: 0.7622, lr: 0.0009831332840130884
2026-08-29 16:45:08 - val epoch: 26, loss: 0.9248
2026-08-29 16:45:10 - train: epoch 27, iter:0, loss: 0.7168, lr: 0.0009817654705648405
2026-08-29 16:45:15 - train: epoch 27, iter:20, loss: 0.8215, lr: 0.0009817654705648405
2026-08-29 16:45:36 - val epoch: 27, loss: 1.0689
2026-08-29 16:45:38 - train: epoch 28, iter:0, loss: 0.9846, lr: 0.0009803453744100864
2026-08-29 16:45:43 - train: epoch 28, iter:20, loss: 0.7623, lr: 0.0009803453744100864
2026-08-29 16:46:04 - val epoch: 28, loss: 1.0215
2026-08-29 16:46:06 - train: epoch 29, iter:0, loss: 0.7105, lr: 0.0009788731512783728
2026-08-29 16:46:12 - train: epoch 29, iter:20, loss: 0.8164, lr: 0.0009788731512783728
2026-08-29 16:46:32 - val epoch: 29, loss: 1.0170
2026-08-29 16:46:34 - train: epoch 30, iter:0, loss: 0.7826, lr: 0.0009773489626155566
2026-08-29 16:46:39 - train: epoch 30, iter:20, loss: 0.7704, lr: 0.0009773489626155566
2026-08-29 16:47:03 - val epoch: 30, loss: 0.9507, miou: 0.748525176249698, f1_or_dsc: 0.8561788945529086, accuracy: 0.9333062502417234,                 specificity: 0.9711927044211842, sensitivity: 0.8155473668636964, confusion_matrix: [[38909376  1154121]
 [ 2377519 10512072]]
2026-08-29 16:47:06 - train: epoch 31, iter:0, loss: 0.9334, lr: 0.0009757729755661006
2026-08-29 16:47:11 - train: epoch 31, iter:20, loss: 0.7026, lr: 0.0009757729755661006
2026-08-29 16:47:31 - val epoch: 31, loss: 0.9362
2026-08-29 16:47:34 - train: epoch 32, iter:0, loss: 0.7216, lr: 0.0009741453629547445
2026-08-29 16:47:39 - train: epoch 32, iter:20, loss: 0.7400, lr: 0.0009741453629547445
2026-08-29 16:47:59 - val epoch: 32, loss: 0.9492
2026-08-29 16:48:02 - train: epoch 33, iter:0, loss: 0.6683, lr: 0.0009724663032675527
2026-08-29 16:48:07 - train: epoch 33, iter:20, loss: 0.7511, lr: 0.0009724663032675527
2026-08-29 16:48:27 - val epoch: 33, loss: 0.8947
2026-08-29 16:48:30 - train: epoch 34, iter:0, loss: 0.6954, lr: 0.0009707359806323412
2026-08-29 16:48:35 - train: epoch 34, iter:20, loss: 0.7182, lr: 0.0009707359806323412
2026-08-29 16:48:56 - val epoch: 34, loss: 0.8811
2026-08-29 16:48:58 - train: epoch 35, iter:0, loss: 0.5691, lr: 0.0009689545847984858
2026-08-29 16:49:04 - train: epoch 35, iter:20, loss: 0.6858, lr: 0.0009689545847984858
2026-08-29 16:49:24 - val epoch: 35, loss: 0.9055
2026-08-29 16:49:26 - train: epoch 36, iter:0, loss: 0.8248, lr: 0.0009671223111161144
2026-08-29 16:49:32 - train: epoch 36, iter:20, loss: 0.7729, lr: 0.0009671223111161144
2026-08-29 16:49:52 - val epoch: 36, loss: 0.9265
2026-08-29 16:49:55 - train: epoch 37, iter:0, loss: 0.7905, lr: 0.000965239360514684
2026-08-29 16:50:00 - train: epoch 37, iter:20, loss: 0.6915, lr: 0.000965239360514684
2026-08-29 16:50:21 - val epoch: 37, loss: 0.9171
2026-08-29 16:50:23 - train: epoch 38, iter:0, loss: 0.6173, lr: 0.000963305939480947
2026-08-29 16:50:29 - train: epoch 38, iter:20, loss: 0.6783, lr: 0.000963305939480947
2026-08-29 16:50:49 - val epoch: 38, loss: 0.9163
2026-08-29 16:50:51 - train: epoch 39, iter:0, loss: 0.6317, lr: 0.0009613222600363074
2026-08-29 16:50:57 - train: epoch 39, iter:20, loss: 0.7240, lr: 0.0009613222600363074
2026-08-29 16:51:17 - val epoch: 39, loss: 0.9587
2026-08-29 16:51:19 - train: epoch 40, iter:0, loss: 0.7329, lr: 0.0009592885397135703
2026-08-29 16:51:25 - train: epoch 40, iter:20, loss: 0.6754, lr: 0.0009592885397135703
2026-08-29 16:51:45 - val epoch: 40, loss: 0.9338
2026-08-29 16:51:47 - train: epoch 41, iter:0, loss: 0.6919, lr: 0.0009572050015330871
2026-08-29 16:51:53 - train: epoch 41, iter:20, loss: 0.6909, lr: 0.0009572050015330871
2026-08-29 16:52:13 - val epoch: 41, loss: 0.8872
2026-08-29 16:52:15 - train: epoch 42, iter:0, loss: 0.5681, lr: 0.0009550718739782986
2026-08-29 16:52:20 - train: epoch 42, iter:20, loss: 0.7159, lr: 0.0009550718739782986
2026-08-29 16:52:41 - val epoch: 42, loss: 0.9079
2026-08-29 16:52:44 - train: epoch 43, iter:0, loss: 0.6545, lr: 0.0009528893909706794
2026-08-29 16:52:49 - train: epoch 43, iter:20, loss: 0.7071, lr: 0.0009528893909706794
2026-08-29 16:53:09 - val epoch: 43, loss: 0.8890
2026-08-29 16:53:12 - train: epoch 44, iter:0, loss: 0.5193, lr: 0.0009506577918440856
2026-08-29 16:53:18 - train: epoch 44, iter:20, loss: 0.6740, lr: 0.0009506577918440856
2026-08-29 16:53:38 - val epoch: 44, loss: 0.9153
2026-08-29 16:53:40 - train: epoch 45, iter:0, loss: 0.6279, lr: 0.000948377321318509
2026-08-29 16:53:46 - train: epoch 45, iter:20, loss: 0.6670, lr: 0.000948377321318509
2026-08-29 16:54:06 - val epoch: 45, loss: 0.9100
2026-08-29 16:54:09 - train: epoch 46, iter:0, loss: 0.6322, lr: 0.0009460482294732416
2026-08-29 16:54:14 - train: epoch 46, iter:20, loss: 0.6931, lr: 0.0009460482294732416
2026-08-29 16:54:35 - val epoch: 46, loss: 0.8668
2026-08-29 16:54:37 - train: epoch 47, iter:0, loss: 0.8849, lr: 0.0009436707717194508
2026-08-29 16:54:43 - train: epoch 47, iter:20, loss: 0.6694, lr: 0.0009436707717194508
2026-08-29 16:55:03 - val epoch: 47, loss: 1.0047
2026-08-29 16:55:06 - train: epoch 48, iter:0, loss: 0.6335, lr: 0.0009412452087721706
2026-08-29 16:55:11 - train: epoch 48, iter:20, loss: 0.6403, lr: 0.0009412452087721706
2026-08-29 16:55:31 - val epoch: 48, loss: 0.9062
2026-08-29 16:55:34 - train: epoch 49, iter:0, loss: 0.5802, lr: 0.000938771806621712
2026-08-29 16:55:39 - train: epoch 49, iter:20, loss: 0.6349, lr: 0.000938771806621712
2026-08-29 16:56:00 - val epoch: 49, loss: 0.9365
2026-08-29 16:56:03 - train: epoch 50, iter:0, loss: 0.5337, lr: 0.0009362508365044934
2026-08-29 16:56:08 - train: epoch 50, iter:20, loss: 0.6439, lr: 0.0009362508365044934
2026-08-29 16:56:29 - val epoch: 50, loss: 0.8931
2026-08-29 16:56:31 - train: epoch 51, iter:0, loss: 0.7255, lr: 0.0009336825748732968
2026-08-29 16:56:36 - train: epoch 51, iter:20, loss: 0.6386, lr: 0.0009336825748732968
2026-08-29 16:56:57 - val epoch: 51, loss: 0.9409
2026-08-29 16:56:59 - train: epoch 52, iter:0, loss: 0.6799, lr: 0.0009310673033669517
2026-08-29 16:57:05 - train: epoch 52, iter:20, loss: 0.6929, lr: 0.0009310673033669517
2026-08-29 16:57:25 - val epoch: 52, loss: 0.9865
2026-08-29 16:57:27 - train: epoch 53, iter:0, loss: 0.6454, lr: 0.0009284053087794505
2026-08-29 16:57:32 - train: epoch 53, iter:20, loss: 0.6462, lr: 0.0009284053087794505
2026-08-29 16:57:52 - val epoch: 53, loss: 0.9694
2026-08-29 16:57:55 - train: epoch 54, iter:0, loss: 0.5250, lr: 0.0009256968830284974
2026-08-29 16:58:00 - train: epoch 54, iter:20, loss: 0.6554, lr: 0.0009256968830284974
2026-08-29 16:58:21 - val epoch: 54, loss: 1.0077
2026-08-29 16:58:23 - train: epoch 55, iter:0, loss: 0.6260, lr: 0.0009229423231234972
2026-08-29 16:58:29 - train: epoch 55, iter:20, loss: 0.6602, lr: 0.0009229423231234972
2026-08-29 16:58:49 - val epoch: 55, loss: 0.8648
2026-08-29 16:58:51 - train: epoch 56, iter:0, loss: 0.5978, lr: 0.0009201419311329846
2026-08-29 16:58:57 - train: epoch 56, iter:20, loss: 0.6440, lr: 0.0009201419311329846
2026-08-29 16:59:17 - val epoch: 56, loss: 0.8696
2026-08-29 16:59:19 - train: epoch 57, iter:0, loss: 0.6484, lr: 0.0009172960141514989
2026-08-29 16:59:25 - train: epoch 57, iter:20, loss: 0.6500, lr: 0.0009172960141514989
2026-08-29 16:59:45 - val epoch: 57, loss: 0.9463
2026-08-29 16:59:48 - train: epoch 58, iter:0, loss: 0.7166, lr: 0.0009144048842659077
2026-08-29 16:59:53 - train: epoch 58, iter:20, loss: 0.6464, lr: 0.0009144048842659077
2026-08-29 17:00:14 - val epoch: 58, loss: 0.8798
2026-08-29 17:00:16 - train: epoch 59, iter:0, loss: 0.6442, lr: 0.0009114688585211832
2026-08-29 17:00:22 - train: epoch 59, iter:20, loss: 0.6212, lr: 0.0009114688585211832
2026-08-29 17:00:43 - val epoch: 59, loss: 0.8466
2026-08-29 17:00:45 - train: epoch 60, iter:0, loss: 0.6130, lr: 0.0009084882588856339
2026-08-29 17:00:50 - train: epoch 60, iter:20, loss: 0.6879, lr: 0.0009084882588856339
2026-08-29 17:01:15 - val epoch: 60, loss: 0.8703, miou: 0.7750797324481137, f1_or_dsc: 0.8732900480804398, accuracy: 0.9413124688781134,                 specificity: 0.9768556648961523, sensitivity: 0.8308369132891804, confusion_matrix: [[39136254   927243]
 [ 2180443 10709148]]
2026-08-29 17:01:17 - train: epoch 61, iter:0, loss: 0.4850, lr: 0.0009054634122155986
2026-08-29 17:01:23 - train: epoch 61, iter:20, loss: 0.6511, lr: 0.0009054634122155986
2026-08-29 17:01:43 - val epoch: 61, loss: 0.8761
2026-08-29 17:01:45 - train: epoch 62, iter:0, loss: 0.5273, lr: 0.0009023946502196013
2026-08-29 17:01:51 - train: epoch 62, iter:20, loss: 0.6208, lr: 0.0009023946502196013
2026-08-29 17:02:11 - val epoch: 62, loss: 0.9064
2026-08-29 17:02:13 - train: epoch 63, iter:0, loss: 0.5986, lr: 0.0008992823094219767
2026-08-29 17:02:19 - train: epoch 63, iter:20, loss: 0.6690, lr: 0.0008992823094219767
2026-08-29 17:02:39 - val epoch: 63, loss: 0.8319
2026-08-29 17:02:41 - train: epoch 64, iter:0, loss: 0.7591, lr: 0.0008961267311259662
2026-08-29 17:02:47 - train: epoch 64, iter:20, loss: 0.6021, lr: 0.0008961267311259662
2026-08-29 17:03:07 - val epoch: 64, loss: 0.9218
2026-08-29 17:03:09 - train: epoch 65, iter:0, loss: 0.7511, lr: 0.0008929282613762903
2026-08-29 17:03:15 - train: epoch 65, iter:20, loss: 0.6265, lr: 0.0008929282613762903
2026-08-29 17:03:35 - val epoch: 65, loss: 0.8837
2026-08-29 17:03:37 - train: epoch 66, iter:0, loss: 0.6341, lr: 0.0008896872509212002
2026-08-29 17:03:43 - train: epoch 66, iter:20, loss: 0.6395, lr: 0.0008896872509212002
2026-08-29 17:04:03 - val epoch: 66, loss: 1.0923
2026-08-29 17:04:05 - train: epoch 67, iter:0, loss: 0.9520, lr: 0.0008864040551740152
2026-08-29 17:04:11 - train: epoch 67, iter:20, loss: 0.6300, lr: 0.0008864040551740152
2026-08-29 17:04:31 - val epoch: 67, loss: 0.8711
2026-08-29 17:04:33 - train: epoch 68, iter:0, loss: 0.5273, lr: 0.0008830790341741476
2026-08-29 17:04:39 - train: epoch 68, iter:20, loss: 0.5984, lr: 0.0008830790341741476
2026-08-29 17:04:59 - val epoch: 68, loss: 0.9093
2026-08-29 17:05:01 - train: epoch 69, iter:0, loss: 0.6193, lr: 0.000879712552547619
2026-08-29 17:05:06 - train: epoch 69, iter:20, loss: 0.6172, lr: 0.000879712552547619
2026-08-29 17:05:26 - val epoch: 69, loss: 0.8326
2026-08-29 17:05:29 - train: epoch 70, iter:0, loss: 0.6521, lr: 0.0008763049794670771
2026-08-29 17:05:34 - train: epoch 70, iter:20, loss: 0.6179, lr: 0.0008763049794670771
2026-08-29 17:05:55 - val epoch: 70, loss: 0.8892
2026-08-29 17:05:57 - train: epoch 71, iter:0, loss: 0.5048, lr: 0.0008728566886113098
2026-08-29 17:06:03 - train: epoch 71, iter:20, loss: 0.5516, lr: 0.0008728566886113098
2026-08-29 17:06:23 - val epoch: 71, loss: 0.8449
2026-08-29 17:06:25 - train: epoch 72, iter:0, loss: 0.7585, lr: 0.000869368058124268
2026-08-29 17:06:31 - train: epoch 72, iter:20, loss: 0.5967, lr: 0.000869368058124268
2026-08-29 17:06:51 - val epoch: 72, loss: 0.8561
2026-08-29 17:06:53 - train: epoch 73, iter:0, loss: 0.5832, lr: 0.0008658394705735983
2026-08-29 17:06:59 - train: epoch 73, iter:20, loss: 0.6445, lr: 0.0008658394705735983
2026-08-29 17:07:19 - val epoch: 73, loss: 0.9346
2026-08-29 17:07:21 - train: epoch 74, iter:0, loss: 0.7085, lr: 0.0008622713129086888
2026-08-29 17:07:27 - train: epoch 74, iter:20, loss: 0.6426, lr: 0.0008622713129086888
2026-08-29 17:07:47 - val epoch: 74, loss: 0.8652
2026-08-29 17:07:49 - train: epoch 75, iter:0, loss: 0.5877, lr: 0.0008586639764182372
2026-08-29 17:07:55 - train: epoch 75, iter:20, loss: 0.6090, lr: 0.0008586639764182372
2026-08-29 17:08:15 - val epoch: 75, loss: 0.8109
2026-08-29 17:08:18 - train: epoch 76, iter:0, loss: 0.6401, lr: 0.0008550178566873405
2026-08-29 17:08:24 - train: epoch 76, iter:20, loss: 0.5938, lr: 0.0008550178566873405
2026-08-29 17:08:44 - val epoch: 76, loss: 0.8348
2026-08-29 17:08:47 - train: epoch 77, iter:0, loss: 0.4962, lr: 0.0008513333535541156
2026-08-29 17:08:52 - train: epoch 77, iter:20, loss: 0.6119, lr: 0.0008513333535541156
2026-08-29 17:09:13 - val epoch: 77, loss: 0.8947
2026-08-29 17:09:15 - train: epoch 78, iter:0, loss: 0.5409, lr: 0.0008476108710658509
2026-08-29 17:09:20 - train: epoch 78, iter:20, loss: 0.5907, lr: 0.0008476108710658509
2026-08-29 17:09:40 - val epoch: 78, loss: 0.8538
2026-08-29 17:09:43 - train: epoch 79, iter:0, loss: 0.4485, lr: 0.0008438508174347005
2026-08-29 17:09:48 - train: epoch 79, iter:20, loss: 0.5893, lr: 0.0008438508174347005
2026-08-29 17:10:08 - val epoch: 79, loss: 0.8505
2026-08-29 17:10:11 - train: epoch 80, iter:0, loss: 0.4558, lr: 0.0008400536049929166
2026-08-29 17:10:16 - train: epoch 80, iter:20, loss: 0.5793, lr: 0.0008400536049929166
2026-08-29 17:10:37 - val epoch: 80, loss: 0.8721
2026-08-29 17:10:39 - train: epoch 81, iter:0, loss: 0.5254, lr: 0.0008362196501476343
2026-08-29 17:10:44 - train: epoch 81, iter:20, loss: 0.5792, lr: 0.0008362196501476343
2026-08-29 17:11:05 - val epoch: 81, loss: 0.9042
2026-08-29 17:11:07 - train: epoch 82, iter:0, loss: 0.5562, lr: 0.0008323493733352072
2026-08-29 17:11:13 - train: epoch 82, iter:20, loss: 0.5720, lr: 0.0008323493733352072
2026-08-29 17:11:33 - val epoch: 82, loss: 0.9375
2026-08-29 17:11:35 - train: epoch 83, iter:0, loss: 0.5849, lr: 0.0008284431989751018
2026-08-29 17:11:40 - train: epoch 83, iter:20, loss: 0.5830, lr: 0.0008284431989751018
2026-08-29 17:12:01 - val epoch: 83, loss: 0.8813
2026-08-29 17:12:03 - train: epoch 84, iter:0, loss: 0.6953, lr: 0.000824501555423355
2026-08-29 17:12:09 - train: epoch 84, iter:20, loss: 0.5966, lr: 0.000824501555423355
2026-08-29 17:12:29 - val epoch: 84, loss: 0.8544
2026-08-29 17:12:32 - train: epoch 85, iter:0, loss: 0.6626, lr: 0.0008205248749256009
2026-08-29 17:12:37 - train: epoch 85, iter:20, loss: 0.5806, lr: 0.0008205248749256009
2026-08-29 17:12:58 - val epoch: 85, loss: 0.8334
2026-08-29 17:13:00 - train: epoch 86, iter:0, loss: 0.4753, lr: 0.000816513593569669
2026-08-29 17:13:05 - train: epoch 86, iter:20, loss: 0.5771, lr: 0.000816513593569669
2026-08-29 17:13:25 - val epoch: 86, loss: 0.8948
2026-08-29 17:13:28 - train: epoch 87, iter:0, loss: 0.7221, lr: 0.0008124681512377632
2026-08-29 17:13:34 - train: epoch 87, iter:20, loss: 0.5778, lr: 0.0008124681512377632
2026-08-29 17:13:54 - val epoch: 87, loss: 0.8555
2026-08-29 17:13:57 - train: epoch 88, iter:0, loss: 0.5534, lr: 0.000808388991558223
2026-08-29 17:14:02 - train: epoch 88, iter:20, loss: 0.5737, lr: 0.000808388991558223
2026-08-29 17:14:23 - val epoch: 88, loss: 0.8740
2026-08-29 17:14:25 - train: epoch 89, iter:0, loss: 0.5054, lr: 0.0008042765618568752
2026-08-29 17:14:31 - train: epoch 89, iter:20, loss: 0.5882, lr: 0.0008042765618568752
2026-08-29 17:14:51 - val epoch: 89, loss: 0.8783
2026-08-29 17:14:53 - train: epoch 90, iter:0, loss: 0.4836, lr: 0.0008001313131079794
2026-08-29 17:14:58 - train: epoch 90, iter:20, loss: 0.5876, lr: 0.0008001313131079794
2026-08-29 17:15:23 - val epoch: 90, loss: 0.8518, miou: 0.781374180118874, f1_or_dsc: 0.877271253664103, accuracy: 0.9404195653329982,                 specificity: 0.9615282709844325, sensitivity: 0.8748093713757092, confusion_matrix: [[38522185  1541312]
 [ 1613656 11275935]]
2026-08-29 17:15:25 - train: epoch 91, iter:0, loss: 0.6319, lr: 0.0007959536998847737
2026-08-29 17:15:30 - train: epoch 91, iter:20, loss: 0.5626, lr: 0.0007959536998847737
2026-08-29 17:15:50 - val epoch: 91, loss: 0.8542
2026-08-29 17:15:53 - train: epoch 92, iter:0, loss: 0.4396, lr: 0.0007917441803096255
2026-08-29 17:15:58 - train: epoch 92, iter:20, loss: 0.5728, lr: 0.0007917441803096255
2026-08-29 17:16:19 - val epoch: 92, loss: 0.9787
2026-08-29 17:16:21 - train: epoch 93, iter:0, loss: 0.5792, lr: 0.0007875032160037932
2026-08-29 17:16:27 - train: epoch 93, iter:20, loss: 0.5805, lr: 0.0007875032160037932
2026-08-29 17:16:47 - val epoch: 93, loss: 0.8657
2026-08-29 17:16:49 - train: epoch 94, iter:0, loss: 0.6113, lr: 0.0007832312720368042
2026-08-29 17:16:55 - train: epoch 94, iter:20, loss: 0.5379, lr: 0.0007832312720368042
2026-08-29 17:17:15 - val epoch: 94, loss: 0.8853
2026-08-29 17:17:18 - train: epoch 95, iter:0, loss: 0.4673, lr: 0.0007789288168754548
2026-08-29 17:17:23 - train: epoch 95, iter:20, loss: 0.5639, lr: 0.0007789288168754548
2026-08-29 17:17:43 - val epoch: 95, loss: 0.8488
2026-08-29 17:17:46 - train: epoch 96, iter:0, loss: 0.5056, lr: 0.0007745963223324379
2026-08-29 17:17:52 - train: epoch 96, iter:20, loss: 0.5486, lr: 0.0007745963223324379
2026-08-29 17:18:12 - val epoch: 96, loss: 0.8618
2026-08-29 17:18:14 - train: epoch 97, iter:0, loss: 0.6928, lr: 0.0007702342635146028
2026-08-29 17:18:20 - train: epoch 97, iter:20, loss: 0.5596, lr: 0.0007702342635146028
2026-08-29 17:18:40 - val epoch: 97, loss: 0.8617
2026-08-29 17:18:42 - train: epoch 98, iter:0, loss: 0.5674, lr: 0.000765843118770855
2026-08-29 17:18:48 - train: epoch 98, iter:20, loss: 0.5603, lr: 0.000765843118770855
2026-08-29 17:19:08 - val epoch: 98, loss: 0.8781
2026-08-29 17:19:11 - train: epoch 99, iter:0, loss: 0.5138, lr: 0.0007614233696396991
2026-08-29 17:19:16 - train: epoch 99, iter:20, loss: 0.5654, lr: 0.0007614233696396991
2026-08-29 17:19:36 - val epoch: 99, loss: 0.8825
2026-08-29 17:19:39 - train: epoch 100, iter:0, loss: 0.5291, lr: 0.0007569755007964334
2026-08-29 17:19:44 - train: epoch 100, iter:20, loss: 0.5824, lr: 0.0007569755007964334
2026-08-29 17:20:04 - val epoch: 100, loss: 0.8420
2026-08-29 17:20:07 - train: epoch 101, iter:0, loss: 0.5528, lr: 0.0007524999999999996
2026-08-29 17:20:12 - train: epoch 101, iter:20, loss: 0.5604, lr: 0.0007524999999999996
2026-08-29 17:20:32 - val epoch: 101, loss: 0.9201
2026-08-29 17:20:35 - train: epoch 102, iter:0, loss: 0.7891, lr: 0.0007479973580394943
2026-08-29 17:20:40 - train: epoch 102, iter:20, loss: 0.5645, lr: 0.0007479973580394943
2026-08-29 17:21:01 - val epoch: 102, loss: 0.8632
2026-08-29 17:21:03 - train: epoch 103, iter:0, loss: 0.5332, lr: 0.0007434680686803487
2026-08-29 17:21:08 - train: epoch 103, iter:20, loss: 0.5473, lr: 0.0007434680686803487
2026-08-29 17:21:29 - val epoch: 103, loss: 0.8846
2026-08-29 17:21:31 - train: epoch 104, iter:0, loss: 0.4986, lr: 0.0007389126286101815
2026-08-29 17:21:36 - train: epoch 104, iter:20, loss: 0.5355, lr: 0.0007389126286101815
2026-08-29 17:21:57 - val epoch: 104, loss: 0.8727
2026-08-29 17:21:59 - train: epoch 105, iter:0, loss: 0.5526, lr: 0.0007343315373843313
2026-08-29 17:22:04 - train: epoch 105, iter:20, loss: 0.5579, lr: 0.0007343315373843313
2026-08-29 17:22:25 - val epoch: 105, loss: 0.8303
2026-08-29 17:22:27 - train: epoch 106, iter:0, loss: 0.6696, lr: 0.0007297252973710753
2026-08-29 17:22:32 - train: epoch 106, iter:20, loss: 0.5254, lr: 0.0007297252973710753
2026-08-29 17:22:52 - val epoch: 106, loss: 0.8304
2026-08-29 17:22:54 - train: epoch 107, iter:0, loss: 0.4578, lr: 0.0007250944136965387
2026-08-29 17:23:00 - train: epoch 107, iter:20, loss: 0.5460, lr: 0.0007250944136965387
2026-08-29 17:23:20 - val epoch: 107, loss: 0.8227
2026-08-29 17:23:23 - train: epoch 108, iter:0, loss: 0.6222, lr: 0.0007204393941893019
2026-08-29 17:23:28 - train: epoch 108, iter:20, loss: 0.5494, lr: 0.0007204393941893019
2026-08-29 17:23:49 - val epoch: 108, loss: 0.9306
2026-08-29 17:23:51 - train: epoch 109, iter:0, loss: 0.5304, lr: 0.0007157607493247106
2026-08-29 17:23:56 - train: epoch 109, iter:20, loss: 0.5379, lr: 0.0007157607493247106
2026-08-29 17:24:17 - val epoch: 109, loss: 0.9112
2026-08-29 17:24:19 - train: epoch 110, iter:0, loss: 0.5532, lr: 0.0007110589921688983
2026-08-29 17:24:25 - train: epoch 110, iter:20, loss: 0.5466, lr: 0.0007110589921688983
2026-08-29 17:24:45 - val epoch: 110, loss: 0.8506
2026-08-29 17:24:47 - train: epoch 111, iter:0, loss: 0.3810, lr: 0.0007063346383225208
2026-08-29 17:24:52 - train: epoch 111, iter:20, loss: 0.5447, lr: 0.0007063346383225208
2026-08-29 17:25:13 - val epoch: 111, loss: 0.8782
2026-08-29 17:25:15 - train: epoch 112, iter:0, loss: 0.5884, lr: 0.0007015882058642161
2026-08-29 17:25:21 - train: epoch 112, iter:20, loss: 0.5277, lr: 0.0007015882058642161
2026-08-29 17:25:41 - val epoch: 112, loss: 0.9288
2026-08-29 17:25:44 - train: epoch 113, iter:0, loss: 0.6193, lr: 0.0006968202152937907
2026-08-29 17:25:49 - train: epoch 113, iter:20, loss: 0.5232, lr: 0.0006968202152937907
2026-08-29 17:26:10 - val epoch: 113, loss: 0.9244
2026-08-29 17:26:12 - train: epoch 114, iter:0, loss: 0.5400, lr: 0.000692031189475141
2026-08-29 17:26:18 - train: epoch 114, iter:20, loss: 0.5306, lr: 0.000692031189475141
2026-08-29 17:26:38 - val epoch: 114, loss: 0.8686
2026-08-29 17:26:40 - train: epoch 115, iter:0, loss: 0.5071, lr: 0.0006872216535789155
2026-08-29 17:26:46 - train: epoch 115, iter:20, loss: 0.5264, lr: 0.0006872216535789155
2026-08-29 17:27:06 - val epoch: 115, loss: 0.9116
2026-08-29 17:27:08 - train: epoch 116, iter:0, loss: 0.5001, lr: 0.0006823921350249233
2026-08-29 17:27:14 - train: epoch 116, iter:20, loss: 0.5408, lr: 0.0006823921350249233
2026-08-29 17:27:34 - val epoch: 116, loss: 0.8292
2026-08-29 17:27:36 - train: epoch 117, iter:0, loss: 0.6039, lr: 0.0006775431634242984
2026-08-29 17:27:41 - train: epoch 117, iter:20, loss: 0.5141, lr: 0.0006775431634242984
2026-08-29 17:28:02 - val epoch: 117, loss: 0.8493
2026-08-29 17:28:04 - train: epoch 118, iter:0, loss: 0.5429, lr: 0.0006726752705214191
2026-08-29 17:28:09 - train: epoch 118, iter:20, loss: 0.5437, lr: 0.0006726752705214191
2026-08-29 17:28:30 - val epoch: 118, loss: 0.9214
2026-08-29 17:28:32 - train: epoch 119, iter:0, loss: 0.5406, lr: 0.0006677889901355985
2026-08-29 17:28:38 - train: epoch 119, iter:20, loss: 0.5325, lr: 0.0006677889901355985
2026-08-29 17:28:58 - val epoch: 119, loss: 0.8839
2026-08-29 17:29:00 - train: epoch 120, iter:0, loss: 0.4805, lr: 0.0006628848581025445
2026-08-29 17:29:06 - train: epoch 120, iter:20, loss: 0.5596, lr: 0.0006628848581025445
2026-08-29 17:29:30 - val epoch: 120, loss: 0.8461, miou: 0.7853743634624614, f1_or_dsc: 0.8797867601720768, accuracy: 0.9411097422684773,                 specificity: 0.9590651809551223, sensitivity: 0.8853005498778045, confusion_matrix: [[38423505  1639992]
 [ 1478429 11411162]]
2026-08-29 17:29:32 - train: epoch 121, iter:0, loss: 0.6382, lr: 0.0006579634122155989
2026-08-29 17:29:38 - train: epoch 121, iter:20, loss: 0.5374, lr: 0.0006579634122155989
2026-08-29 17:29:58 - val epoch: 121, loss: 0.8324
2026-08-29 17:30:01 - train: epoch 122, iter:0, loss: 0.4163, lr: 0.0006530251921667629
2026-08-29 17:30:06 - train: epoch 122, iter:20, loss: 0.5072, lr: 0.0006530251921667629
2026-08-29 17:30:26 - val epoch: 122, loss: 0.8810
2026-08-29 17:30:29 - train: epoch 123, iter:0, loss: 0.4739, lr: 0.0006480707394875134
2026-08-29 17:30:34 - train: epoch 123, iter:20, loss: 0.5246, lr: 0.0006480707394875134
2026-08-29 17:30:55 - val epoch: 123, loss: 0.8393
2026-08-29 17:30:57 - train: epoch 124, iter:0, loss: 0.5325, lr: 0.0006431005974894185
2026-08-29 17:31:02 - train: epoch 124, iter:20, loss: 0.5064, lr: 0.0006431005974894185
2026-08-29 17:31:22 - val epoch: 124, loss: 0.8750
2026-08-29 17:31:25 - train: epoch 125, iter:0, loss: 0.5360, lr: 0.0006381153112045565
2026-08-29 17:31:30 - train: epoch 125, iter:20, loss: 0.5198, lr: 0.0006381153112045565
2026-08-29 17:31:50 - val epoch: 125, loss: 0.8741
2026-08-29 17:31:52 - train: epoch 126, iter:0, loss: 0.6140, lr: 0.0006331154273257479
2026-08-29 17:31:58 - train: epoch 126, iter:20, loss: 0.5354, lr: 0.0006331154273257479
2026-08-29 17:32:18 - val epoch: 126, loss: 0.9076
2026-08-29 17:32:20 - train: epoch 127, iter:0, loss: 0.4308, lr: 0.000628101494146603
2026-08-29 17:32:26 - train: epoch 127, iter:20, loss: 0.5032, lr: 0.000628101494146603
2026-08-29 17:32:46 - val epoch: 127, loss: 0.9342
2026-08-29 17:32:48 - train: epoch 128, iter:0, loss: 0.4488, lr: 0.0006230740615013976
2026-08-29 17:32:54 - train: epoch 128, iter:20, loss: 0.5199, lr: 0.0006230740615013976
2026-08-29 17:33:15 - val epoch: 128, loss: 0.8854
2026-08-29 17:33:17 - train: epoch 129, iter:0, loss: 0.5812, lr: 0.0006180336807047746
2026-08-29 17:33:22 - train: epoch 129, iter:20, loss: 0.4957, lr: 0.0006180336807047746
2026-08-29 17:33:43 - val epoch: 129, loss: 0.8393
2026-08-29 17:33:45 - train: epoch 130, iter:0, loss: 0.6091, lr: 0.0006129809044912887
2026-08-29 17:33:50 - train: epoch 130, iter:20, loss: 0.5222, lr: 0.0006129809044912887
2026-08-29 17:34:11 - val epoch: 130, loss: 0.8685
2026-08-29 17:34:13 - train: epoch 131, iter:0, loss: 0.5204, lr: 0.0006079162869547909
2026-08-29 17:34:19 - train: epoch 131, iter:20, loss: 0.5200, lr: 0.0006079162869547909
2026-08-29 17:34:39 - val epoch: 131, loss: 0.8575
2026-08-29 17:34:41 - train: epoch 132, iter:0, loss: 0.5628, lr: 0.0006028403834876673
2026-08-29 17:34:46 - train: epoch 132, iter:20, loss: 0.5033, lr: 0.0006028403834876673
2026-08-29 17:35:07 - val epoch: 132, loss: 0.9241
2026-08-29 17:35:09 - train: epoch 133, iter:0, loss: 0.5431, lr: 0.0005977537507199337
2026-08-29 17:35:14 - train: epoch 133, iter:20, loss: 0.4979, lr: 0.0005977537507199337
2026-08-29 17:35:34 - val epoch: 133, loss: 0.8588
2026-08-29 17:35:37 - train: epoch 134, iter:0, loss: 0.5614, lr: 0.0005926569464581937
2026-08-29 17:35:42 - train: epoch 134, iter:20, loss: 0.5232, lr: 0.0005926569464581937
2026-08-29 17:36:02 - val epoch: 134, loss: 0.8426
2026-08-29 17:36:05 - train: epoch 135, iter:0, loss: 0.5141, lr: 0.0005875505296244705
2026-08-29 17:36:10 - train: epoch 135, iter:20, loss: 0.5016, lr: 0.0005875505296244705
2026-08-29 17:36:30 - val epoch: 135, loss: 0.8925
2026-08-29 17:36:33 - train: epoch 136, iter:0, loss: 0.4810, lr: 0.0005824350601949142
2026-08-29 17:36:39 - train: epoch 136, iter:20, loss: 0.5121, lr: 0.0005824350601949142
2026-08-29 17:36:59 - val epoch: 136, loss: 0.8946
2026-08-29 17:37:01 - train: epoch 137, iter:0, loss: 0.4780, lr: 0.0005773110991383937
2026-08-29 17:37:07 - train: epoch 137, iter:20, loss: 0.5343, lr: 0.0005773110991383937
2026-08-29 17:37:27 - val epoch: 137, loss: 0.9396
2026-08-29 17:37:30 - train: epoch 138, iter:0, loss: 0.4493, lr: 0.0005721792083549806
2026-08-29 17:37:35 - train: epoch 138, iter:20, loss: 0.5075, lr: 0.0005721792083549806
2026-08-29 17:37:55 - val epoch: 138, loss: 0.8806
2026-08-29 17:37:58 - train: epoch 139, iter:0, loss: 0.7364, lr: 0.0005670399506143306
2026-08-29 17:38:03 - train: epoch 139, iter:20, loss: 0.4971, lr: 0.0005670399506143306
2026-08-29 17:38:24 - val epoch: 139, loss: 0.8932
2026-08-29 17:38:26 - train: epoch 140, iter:0, loss: 0.3898, lr: 0.000561893889493969
2026-08-29 17:38:31 - train: epoch 140, iter:20, loss: 0.4948, lr: 0.000561893889493969
2026-08-29 17:38:52 - val epoch: 140, loss: 0.8892
2026-08-29 17:38:54 - train: epoch 141, iter:0, loss: 0.5618, lr: 0.0005567415893174885
2026-08-29 17:39:00 - train: epoch 141, iter:20, loss: 0.4966, lr: 0.0005567415893174885
2026-08-29 17:39:20 - val epoch: 141, loss: 0.8739
2026-08-29 17:39:22 - train: epoch 142, iter:0, loss: 0.6424, lr: 0.0005515836150926646
2026-08-29 17:39:27 - train: epoch 142, iter:20, loss: 0.4982, lr: 0.0005515836150926646
2026-08-29 17:39:48 - val epoch: 142, loss: 0.8371
2026-08-29 17:39:50 - train: epoch 143, iter:0, loss: 0.5154, lr: 0.0005464205324494961
2026-08-29 17:39:56 - train: epoch 143, iter:20, loss: 0.4950, lr: 0.0005464205324494961
2026-08-29 17:40:16 - val epoch: 143, loss: 0.8860
2026-08-29 17:40:18 - train: epoch 144, iter:0, loss: 0.5347, lr: 0.0005412529075781776
2026-08-29 17:40:24 - train: epoch 144, iter:20, loss: 0.4890, lr: 0.0005412529075781776
2026-08-29 17:40:44 - val epoch: 144, loss: 0.8797
2026-08-29 17:40:46 - train: epoch 145, iter:0, loss: 0.5410, lr: 0.0005360813071670101
2026-08-29 17:40:52 - train: epoch 145, iter:20, loss: 0.4954, lr: 0.0005360813071670101
2026-08-29 17:41:12 - val epoch: 145, loss: 0.8587
2026-08-29 17:41:14 - train: epoch 146, iter:0, loss: 0.4360, lr: 0.0005309062983402573
2026-08-29 17:41:20 - train: epoch 146, iter:20, loss: 0.4933, lr: 0.0005309062983402573
2026-08-29 17:41:40 - val epoch: 146, loss: 0.8431
2026-08-29 17:41:43 - train: epoch 147, iter:0, loss: 0.5041, lr: 0.0005257284485959538
2026-08-29 17:41:48 - train: epoch 147, iter:20, loss: 0.4987, lr: 0.0005257284485959538
2026-08-29 17:42:08 - val epoch: 147, loss: 0.9110
2026-08-29 17:42:10 - train: epoch 148, iter:0, loss: 0.5271, lr: 0.0005205483257436734
2026-08-29 17:42:16 - train: epoch 148, iter:20, loss: 0.4939, lr: 0.0005205483257436734
2026-08-29 17:42:36 - val epoch: 148, loss: 0.9520
2026-08-29 17:42:39 - train: epoch 149, iter:0, loss: 0.5377, lr: 0.0005153664978422616
2026-08-29 17:42:44 - train: epoch 149, iter:20, loss: 0.4926, lr: 0.0005153664978422616
2026-08-29 17:43:04 - val epoch: 149, loss: 0.9503
2026-08-29 17:43:07 - train: epoch 150, iter:0, loss: 0.5365, lr: 0.0005101835331375416
2026-08-29 17:43:13 - train: epoch 150, iter:20, loss: 0.4765, lr: 0.0005101835331375416
2026-08-29 17:43:37 - val epoch: 150, loss: 0.8607, miou: 0.7847758465818709, f1_or_dsc: 0.8794111014947241, accuracy: 0.9425256748010616,                 specificity: 0.9687692015502292, sensitivity: 0.8609554019208212, confusion_matrix: [[38812282  1251215]
 [ 1792228 11097363]]
2026-08-29 17:43:40 - train: epoch 151, iter:0, loss: 0.3600, lr: 0.0005049999999999999
2026-08-29 17:43:45 - train: epoch 151, iter:20, loss: 0.4808, lr: 0.0005049999999999999
2026-08-29 17:44:05 - val epoch: 151, loss: 0.8865
2026-08-29 17:44:07 - train: epoch 152, iter:0, loss: 0.5705, lr: 0.0004998164668624582
2026-08-29 17:44:13 - train: epoch 152, iter:20, loss: 0.5023, lr: 0.0004998164668624582
2026-08-29 17:44:33 - val epoch: 152, loss: 0.9011
2026-08-29 17:44:35 - train: epoch 153, iter:0, loss: 0.4448, lr: 0.0004946335021577383
2026-08-29 17:44:41 - train: epoch 153, iter:20, loss: 0.4669, lr: 0.0004946335021577383
2026-08-29 17:45:01 - val epoch: 153, loss: 0.9370
2026-08-29 17:45:03 - train: epoch 154, iter:0, loss: 0.4587, lr: 0.0004894516742563263
2026-08-29 17:45:09 - train: epoch 154, iter:20, loss: 0.4647, lr: 0.0004894516742563263
2026-08-29 17:45:29 - val epoch: 154, loss: 0.9174
2026-08-29 17:45:31 - train: epoch 155, iter:0, loss: 0.5358, lr: 0.000484271551404046
2026-08-29 17:45:36 - train: epoch 155, iter:20, loss: 0.4851, lr: 0.000484271551404046
2026-08-29 17:45:57 - val epoch: 155, loss: 0.8943
2026-08-29 17:45:59 - train: epoch 156, iter:0, loss: 0.4134, lr: 0.0004790937016597426
2026-08-29 17:46:04 - train: epoch 156, iter:20, loss: 0.4755, lr: 0.0004790937016597426
2026-08-29 17:46:24 - val epoch: 156, loss: 0.8803
2026-08-29 17:46:26 - train: epoch 157, iter:0, loss: 0.4702, lr: 0.0004739186928329898
2026-08-29 17:46:32 - train: epoch 157, iter:20, loss: 0.4734, lr: 0.0004739186928329898
2026-08-29 17:46:52 - val epoch: 157, loss: 0.8589
2026-08-29 17:46:54 - train: epoch 158, iter:0, loss: 0.5127, lr: 0.0004687470924218222
2026-08-29 17:46:59 - train: epoch 158, iter:20, loss: 0.4743, lr: 0.0004687470924218222
2026-08-29 17:47:20 - val epoch: 158, loss: 0.9133
2026-08-29 17:47:22 - train: epoch 159, iter:0, loss: 0.4327, lr: 0.00046357946755050356
2026-08-29 17:47:28 - train: epoch 159, iter:20, loss: 0.4793, lr: 0.00046357946755050356
2026-08-29 17:47:48 - val epoch: 159, loss: 0.8670
2026-08-29 17:47:50 - train: epoch 160, iter:0, loss: 0.4349, lr: 0.00045841638490733513
2026-08-29 17:47:56 - train: epoch 160, iter:20, loss: 0.4642, lr: 0.00045841638490733513
2026-08-29 17:48:16 - val epoch: 160, loss: 0.9482
2026-08-29 17:48:19 - train: epoch 161, iter:0, loss: 0.4925, lr: 0.00045325841068251133
2026-08-29 17:48:24 - train: epoch 161, iter:20, loss: 0.4724, lr: 0.00045325841068251133
2026-08-29 17:48:45 - val epoch: 161, loss: 0.8476
2026-08-29 17:48:47 - train: epoch 162, iter:0, loss: 0.4301, lr: 0.0004481061105060308
2026-08-29 17:48:53 - train: epoch 162, iter:20, loss: 0.4537, lr: 0.0004481061105060308
2026-08-29 17:49:13 - val epoch: 162, loss: 0.9065
2026-08-29 17:49:16 - train: epoch 163, iter:0, loss: 0.4573, lr: 0.0004429600493856691
2026-08-29 17:49:22 - train: epoch 163, iter:20, loss: 0.4696, lr: 0.0004429600493856691
2026-08-29 17:49:42 - val epoch: 163, loss: 0.9207
2026-08-29 17:49:45 - train: epoch 164, iter:0, loss: 0.4873, lr: 0.000437820791645019
2026-08-29 17:49:50 - train: epoch 164, iter:20, loss: 0.4628, lr: 0.000437820791645019
2026-08-29 17:50:11 - val epoch: 164, loss: 0.8440
2026-08-29 17:50:13 - train: epoch 165, iter:0, loss: 0.4625, lr: 0.00043268890086160604
2026-08-29 17:50:19 - train: epoch 165, iter:20, loss: 0.4631, lr: 0.00043268890086160604
2026-08-29 17:50:39 - val epoch: 165, loss: 0.9340
2026-08-29 17:50:41 - train: epoch 166, iter:0, loss: 0.4509, lr: 0.0004275649398050855
2026-08-29 17:50:47 - train: epoch 166, iter:20, loss: 0.4575, lr: 0.0004275649398050855
2026-08-29 17:51:07 - val epoch: 166, loss: 0.9115
2026-08-29 17:51:10 - train: epoch 167, iter:0, loss: 0.4299, lr: 0.0004224494703755289
2026-08-29 17:51:15 - train: epoch 167, iter:20, loss: 0.4532, lr: 0.0004224494703755289
2026-08-29 17:51:35 - val epoch: 167, loss: 0.9332
2026-08-29 17:51:38 - train: epoch 168, iter:0, loss: 0.4355, lr: 0.00041734305354180595
2026-08-29 17:51:43 - train: epoch 168, iter:20, loss: 0.4583, lr: 0.00041734305354180595
2026-08-29 17:52:04 - val epoch: 168, loss: 0.9563
2026-08-29 17:52:06 - train: epoch 169, iter:0, loss: 0.4655, lr: 0.000412246249280066
2026-08-29 17:52:12 - train: epoch 169, iter:20, loss: 0.4673, lr: 0.000412246249280066
2026-08-29 17:52:32 - val epoch: 169, loss: 0.9208
2026-08-29 17:52:34 - train: epoch 170, iter:0, loss: 0.4748, lr: 0.0004071596165123322
2026-08-29 17:52:40 - train: epoch 170, iter:20, loss: 0.4470, lr: 0.0004071596165123322
2026-08-29 17:53:00 - val epoch: 170, loss: 0.8904
2026-08-29 17:53:02 - train: epoch 171, iter:0, loss: 0.5565, lr: 0.0004020837130452088
2026-08-29 17:53:08 - train: epoch 171, iter:20, loss: 0.4592, lr: 0.0004020837130452088
2026-08-29 17:53:28 - val epoch: 171, loss: 0.8986
2026-08-29 17:53:30 - train: epoch 172, iter:0, loss: 0.4233, lr: 0.00039701909550871116
2026-08-29 17:53:36 - train: epoch 172, iter:20, loss: 0.4523, lr: 0.00039701909550871116
2026-08-29 17:53:56 - val epoch: 172, loss: 0.9281
2026-08-29 17:53:59 - train: epoch 173, iter:0, loss: 0.4875, lr: 0.0003919663192952252
2026-08-29 17:54:04 - train: epoch 173, iter:20, loss: 0.4475, lr: 0.0003919663192952252
2026-08-29 17:54:25 - val epoch: 173, loss: 0.9426
2026-08-29 17:54:27 - train: epoch 174, iter:0, loss: 0.4706, lr: 0.0003869259384986023
2026-08-29 17:54:33 - train: epoch 174, iter:20, loss: 0.4603, lr: 0.0003869259384986023
2026-08-29 17:54:53 - val epoch: 174, loss: 0.9324
2026-08-29 17:54:55 - train: epoch 175, iter:0, loss: 0.5315, lr: 0.0003818985058533967
2026-08-29 17:55:01 - train: epoch 175, iter:20, loss: 0.4439, lr: 0.0003818985058533967
2026-08-29 17:55:21 - val epoch: 175, loss: 0.8847
2026-08-29 17:55:23 - train: epoch 176, iter:0, loss: 0.4642, lr: 0.00037688457267425206
2026-08-29 17:55:29 - train: epoch 176, iter:20, loss: 0.4383, lr: 0.00037688457267425206
2026-08-29 17:55:50 - val epoch: 176, loss: 0.9422
2026-08-29 17:55:52 - train: epoch 177, iter:0, loss: 0.4249, lr: 0.0003718846887954434
2026-08-29 17:55:57 - train: epoch 177, iter:20, loss: 0.4421, lr: 0.0003718846887954434
2026-08-29 17:56:18 - val epoch: 177, loss: 0.9256
2026-08-29 17:56:20 - train: epoch 178, iter:0, loss: 0.3279, lr: 0.0003668994025105812
2026-08-29 17:56:25 - train: epoch 178, iter:20, loss: 0.4311, lr: 0.0003668994025105812
2026-08-29 17:56:45 - val epoch: 178, loss: 0.9308
2026-08-29 17:56:48 - train: epoch 179, iter:0, loss: 0.4060, lr: 0.0003619292605124862
2026-08-29 17:56:53 - train: epoch 179, iter:20, loss: 0.4310, lr: 0.0003619292605124862
2026-08-29 17:57:14 - val epoch: 179, loss: 0.9531
2026-08-29 17:57:16 - train: epoch 180, iter:0, loss: 0.4734, lr: 0.00035697480783323686
2026-08-29 17:57:22 - train: epoch 180, iter:20, loss: 0.4349, lr: 0.00035697480783323686
2026-08-29 17:57:46 - val epoch: 180, loss: 0.9426, miou: 0.7757109065674851, f1_or_dsc: 0.8736905356592791, accuracy: 0.9407848509231417,                 specificity: 0.9727759161912402, sensitivity: 0.8413500474918095, confusion_matrix: [[38972805  1090692]
 [ 2044933 10844658]]
2026-08-29 17:57:49 - train: epoch 181, iter:0, loss: 0.4247, lr: 0.00035203658778440076
2026-08-29 17:57:54 - train: epoch 181, iter:20, loss: 0.4448, lr: 0.00035203658778440076
2026-08-29 17:58:15 - val epoch: 181, loss: 0.9079
2026-08-29 17:58:17 - train: epoch 182, iter:0, loss: 0.4344, lr: 0.00034711514189745505
2026-08-29 17:58:22 - train: epoch 182, iter:20, loss: 0.4337, lr: 0.00034711514189745505
2026-08-29 17:58:42 - val epoch: 182, loss: 0.9628
2026-08-29 17:58:44 - train: epoch 183, iter:0, loss: 0.4486, lr: 0.00034221100986440094
2026-08-29 17:58:50 - train: epoch 183, iter:20, loss: 0.4324, lr: 0.00034221100986440094
2026-08-29 17:59:10 - val epoch: 183, loss: 0.9049
2026-08-29 17:59:12 - train: epoch 184, iter:0, loss: 0.4156, lr: 0.0003373247294785804
2026-08-29 17:59:18 - train: epoch 184, iter:20, loss: 0.4447, lr: 0.0003373247294785804
2026-08-29 17:59:38 - val epoch: 184, loss: 0.9147
2026-08-29 17:59:40 - train: epoch 185, iter:0, loss: 0.4904, lr: 0.0003324568365757012
2026-08-29 17:59:46 - train: epoch 185, iter:20, loss: 0.4358, lr: 0.0003324568365757012
2026-08-29 18:00:06 - val epoch: 185, loss: 0.9202
2026-08-29 18:00:08 - train: epoch 186, iter:0, loss: 0.4484, lr: 0.0003276078649750761
2026-08-29 18:00:13 - train: epoch 186, iter:20, loss: 0.4407, lr: 0.0003276078649750761
2026-08-29 18:00:33 - val epoch: 186, loss: 0.9044
2026-08-29 18:00:36 - train: epoch 187, iter:0, loss: 0.4576, lr: 0.00032277834642108417
2026-08-29 18:00:42 - train: epoch 187, iter:20, loss: 0.4559, lr: 0.00032277834642108417
2026-08-29 18:01:02 - val epoch: 187, loss: 0.8946
2026-08-29 18:01:04 - train: epoch 188, iter:0, loss: 0.3988, lr: 0.00031796881052485835
2026-08-29 18:01:09 - train: epoch 188, iter:20, loss: 0.4314, lr: 0.00031796881052485835
2026-08-29 18:01:30 - val epoch: 188, loss: 0.9157
2026-08-29 18:01:32 - train: epoch 189, iter:0, loss: 0.5178, lr: 0.00031317978470620867
2026-08-29 18:01:38 - train: epoch 189, iter:20, loss: 0.4325, lr: 0.00031317978470620867
2026-08-29 18:01:58 - val epoch: 189, loss: 0.9318
2026-08-29 18:02:00 - train: epoch 190, iter:0, loss: 0.3936, lr: 0.00030841179413578315
2026-08-29 18:02:05 - train: epoch 190, iter:20, loss: 0.4163, lr: 0.00030841179413578315
2026-08-29 18:02:26 - val epoch: 190, loss: 0.9250
2026-08-29 18:02:28 - train: epoch 191, iter:0, loss: 0.4372, lr: 0.0003036653616774785
2026-08-29 18:02:33 - train: epoch 191, iter:20, loss: 0.4340, lr: 0.0003036653616774785
2026-08-29 18:02:54 - val epoch: 191, loss: 0.9515
2026-08-29 18:02:56 - train: epoch 192, iter:0, loss: 0.4231, lr: 0.0002989410078311011
2026-08-29 18:03:02 - train: epoch 192, iter:20, loss: 0.4354, lr: 0.0002989410078311011
2026-08-29 18:03:22 - val epoch: 192, loss: 0.9134
2026-08-29 18:03:24 - train: epoch 193, iter:0, loss: 0.4157, lr: 0.00029423925067528865
2026-08-29 18:03:30 - train: epoch 193, iter:20, loss: 0.4289, lr: 0.00029423925067528865
2026-08-29 18:03:50 - val epoch: 193, loss: 0.9453
2026-08-29 18:03:52 - train: epoch 194, iter:0, loss: 0.4413, lr: 0.0002895606058106975
2026-08-29 18:03:58 - train: epoch 194, iter:20, loss: 0.4355, lr: 0.0002895606058106975
2026-08-29 18:04:18 - val epoch: 194, loss: 0.9319
2026-08-29 18:04:20 - train: epoch 195, iter:0, loss: 0.4459, lr: 0.0002849055863034606
2026-08-29 18:04:26 - train: epoch 195, iter:20, loss: 0.4319, lr: 0.0002849055863034606
2026-08-29 18:04:46 - val epoch: 195, loss: 0.9301
2026-08-29 18:04:49 - train: epoch 196, iter:0, loss: 0.4782, lr: 0.00028027470262892396
2026-08-29 18:04:54 - train: epoch 196, iter:20, loss: 0.4166, lr: 0.00028027470262892396
2026-08-29 18:05:14 - val epoch: 196, loss: 0.9315
2026-08-29 18:05:17 - train: epoch 197, iter:0, loss: 0.4072, lr: 0.0002756684626156682
2026-08-29 18:05:22 - train: epoch 197, iter:20, loss: 0.4333, lr: 0.0002756684626156682
2026-08-29 18:05:43 - val epoch: 197, loss: 0.9347
2026-08-29 18:05:45 - train: epoch 198, iter:0, loss: 0.3867, lr: 0.000271087371389818
2026-08-29 18:05:51 - train: epoch 198, iter:20, loss: 0.4185, lr: 0.000271087371389818
2026-08-29 18:06:11 - val epoch: 198, loss: 0.9199
2026-08-29 18:06:14 - train: epoch 199, iter:0, loss: 0.3928, lr: 0.0002665319313196505
2026-08-29 18:06:19 - train: epoch 199, iter:20, loss: 0.4192, lr: 0.0002665319313196505
2026-08-29 18:06:40 - val epoch: 199, loss: 0.9638
2026-08-29 18:06:42 - train: epoch 200, iter:0, loss: 0.4228, lr: 0.00026200264196050494
2026-08-29 18:06:48 - train: epoch 200, iter:20, loss: 0.4281, lr: 0.00026200264196050494
2026-08-29 18:07:08 - val epoch: 200, loss: 0.9360
2026-08-29 18:07:10 - train: epoch 201, iter:0, loss: 0.4116, lr: 0.00025749999999999954
2026-08-29 18:07:15 - train: epoch 201, iter:20, loss: 0.4253, lr: 0.00025749999999999954
2026-08-29 18:07:35 - val epoch: 201, loss: 0.9235
2026-08-29 18:07:38 - train: epoch 202, iter:0, loss: 0.4481, lr: 0.0002530244992035658
2026-08-29 18:07:43 - train: epoch 202, iter:20, loss: 0.4238, lr: 0.0002530244992035658
2026-08-29 18:08:03 - val epoch: 202, loss: 0.9201
2026-08-29 18:08:06 - train: epoch 203, iter:0, loss: 0.4047, lr: 0.0002485766303603003
2026-08-29 18:08:12 - train: epoch 203, iter:20, loss: 0.4165, lr: 0.0002485766303603003
2026-08-29 18:08:32 - val epoch: 203, loss: 0.9612
2026-08-29 18:08:34 - train: epoch 204, iter:0, loss: 0.4219, lr: 0.0002441568812291443
2026-08-29 18:08:40 - train: epoch 204, iter:20, loss: 0.4118, lr: 0.0002441568812291443
2026-08-29 18:09:00 - val epoch: 204, loss: 0.9185
2026-08-29 18:09:02 - train: epoch 205, iter:0, loss: 0.4887, lr: 0.00023976573648539645
2026-08-29 18:09:08 - train: epoch 205, iter:20, loss: 0.4220, lr: 0.00023976573648539645
2026-08-29 18:09:28 - val epoch: 205, loss: 0.9265
2026-08-29 18:09:31 - train: epoch 206, iter:0, loss: 0.4188, lr: 0.00023540367766756144
2026-08-29 18:09:36 - train: epoch 206, iter:20, loss: 0.4026, lr: 0.00023540367766756144
2026-08-29 18:09:56 - val epoch: 206, loss: 0.9425
2026-08-29 18:09:59 - train: epoch 207, iter:0, loss: 0.3938, lr: 0.0002310711831245444
2026-08-29 18:10:04 - train: epoch 207, iter:20, loss: 0.4097, lr: 0.0002310711831245444
2026-08-29 18:10:25 - val epoch: 207, loss: 0.9446
2026-08-29 18:10:27 - train: epoch 208, iter:0, loss: 0.3746, lr: 0.00022676872796319514
2026-08-29 18:10:32 - train: epoch 208, iter:20, loss: 0.4097, lr: 0.00022676872796319514
2026-08-29 18:10:53 - val epoch: 208, loss: 0.9543
2026-08-29 18:10:55 - train: epoch 209, iter:0, loss: 0.4802, lr: 0.00022249678399620604
2026-08-29 18:11:00 - train: epoch 209, iter:20, loss: 0.4080, lr: 0.00022249678399620604
2026-08-29 18:11:21 - val epoch: 209, loss: 0.9258
2026-08-29 18:11:23 - train: epoch 210, iter:0, loss: 0.4050, lr: 0.0002182558196903736
2026-08-29 18:11:28 - train: epoch 210, iter:20, loss: 0.4132, lr: 0.0002182558196903736
2026-08-29 18:11:52 - val epoch: 210, loss: 0.9494, miou: 0.7755264516581167, f1_or_dsc: 0.8735735262449887, accuracy: 0.9398743091243329,                 specificity: 0.9677012718085992, sensitivity: 0.8533823920402129, confusion_matrix: [[38769497  1294000]
 [ 1889841 10999750]]
2026-08-29 18:11:55 - train: epoch 211, iter:0, loss: 0.5452, lr: 0.00021404630011522552
2026-08-29 18:12:01 - train: epoch 211, iter:20, loss: 0.4160, lr: 0.00021404630011522552
2026-08-29 18:12:20 - val epoch: 211, loss: 0.9555
2026-08-29 18:12:23 - train: epoch 212, iter:0, loss: 0.4064, lr: 0.0002098686868920198
2026-08-29 18:12:28 - train: epoch 212, iter:20, loss: 0.4092, lr: 0.0002098686868920198
2026-08-29 18:12:48 - val epoch: 212, loss: 0.9209
2026-08-29 18:12:50 - train: epoch 213, iter:0, loss: 0.3907, lr: 0.00020572343814312415
2026-08-29 18:12:56 - train: epoch 213, iter:20, loss: 0.4155, lr: 0.00020572343814312415
2026-08-29 18:13:16 - val epoch: 213, loss: 0.9421
2026-08-29 18:13:19 - train: epoch 214, iter:0, loss: 0.4398, lr: 0.00020161100844177644
2026-08-29 18:13:24 - train: epoch 214, iter:20, loss: 0.4152, lr: 0.00020161100844177644
2026-08-29 18:13:45 - val epoch: 214, loss: 0.9148
2026-08-29 18:13:47 - train: epoch 215, iter:0, loss: 0.3910, lr: 0.0001975318487622361
2026-08-29 18:13:52 - train: epoch 215, iter:20, loss: 0.4090, lr: 0.0001975318487622361
2026-08-29 18:14:13 - val epoch: 215, loss: 0.9322
2026-08-29 18:14:15 - train: epoch 216, iter:0, loss: 0.4022, lr: 0.00019348640643033024
2026-08-29 18:14:21 - train: epoch 216, iter:20, loss: 0.4054, lr: 0.00019348640643033024
2026-08-29 18:14:41 - val epoch: 216, loss: 0.9417
2026-08-29 18:14:43 - train: epoch 217, iter:0, loss: 0.4057, lr: 0.00018947512507439828
2026-08-29 18:14:49 - train: epoch 217, iter:20, loss: 0.3965, lr: 0.00018947512507439828
2026-08-29 18:15:09 - val epoch: 217, loss: 0.9905
2026-08-29 18:15:11 - train: epoch 218, iter:0, loss: 0.4162, lr: 0.00018549844457664425
2026-08-29 18:15:16 - train: epoch 218, iter:20, loss: 0.4004, lr: 0.00018549844457664425
2026-08-29 18:15:37 - val epoch: 218, loss: 0.9499
2026-08-29 18:15:39 - train: epoch 219, iter:0, loss: 0.3435, lr: 0.00018155680102489765
2026-08-29 18:15:45 - train: epoch 219, iter:20, loss: 0.3981, lr: 0.00018155680102489765
2026-08-29 18:16:05 - val epoch: 219, loss: 0.9829
2026-08-29 18:16:08 - train: epoch 220, iter:0, loss: 0.3979, lr: 0.00017765062666479195
2026-08-29 18:16:13 - train: epoch 220, iter:20, loss: 0.4109, lr: 0.00017765062666479195
2026-08-29 18:16:34 - val epoch: 220, loss: 0.9602
2026-08-29 18:16:36 - train: epoch 221, iter:0, loss: 0.3735, lr: 0.00017378034985236489
2026-08-29 18:16:42 - train: epoch 221, iter:20, loss: 0.4025, lr: 0.00017378034985236489
2026-08-29 18:17:02 - val epoch: 221, loss: 0.9654
2026-08-29 18:17:04 - train: epoch 222, iter:0, loss: 0.4133, lr: 0.0001699463950070827
2026-08-29 18:17:10 - train: epoch 222, iter:20, loss: 0.4107, lr: 0.0001699463950070827
2026-08-29 18:17:30 - val epoch: 222, loss: 0.9495
2026-08-29 18:17:32 - train: epoch 223, iter:0, loss: 0.4210, lr: 0.0001661491825652988
2026-08-29 18:17:38 - train: epoch 223, iter:20, loss: 0.3931, lr: 0.0001661491825652988
2026-08-29 18:17:58 - val epoch: 223, loss: 0.9793
2026-08-29 18:18:01 - train: epoch 224, iter:0, loss: 0.3509, lr: 0.0001623891289341484
2026-08-29 18:18:06 - train: epoch 224, iter:20, loss: 0.3917, lr: 0.0001623891289341484
2026-08-29 18:18:26 - val epoch: 224, loss: 0.9980
2026-08-29 18:18:29 - train: epoch 225, iter:0, loss: 0.4091, lr: 0.0001586666464458838
2026-08-29 18:18:34 - train: epoch 225, iter:20, loss: 0.3988, lr: 0.0001586666464458838
2026-08-29 18:18:54 - val epoch: 225, loss: 0.9717
2026-08-29 18:18:57 - train: epoch 226, iter:0, loss: 0.3698, lr: 0.00015498214331265874
2026-08-29 18:19:03 - train: epoch 226, iter:20, loss: 0.4074, lr: 0.00015498214331265874
2026-08-29 18:19:23 - val epoch: 226, loss: 0.9550
2026-08-29 18:19:25 - train: epoch 227, iter:0, loss: 0.3119, lr: 0.00015133602358176218
2026-08-29 18:19:31 - train: epoch 227, iter:20, loss: 0.3852, lr: 0.00015133602358176218
2026-08-29 18:19:51 - val epoch: 227, loss: 0.9279
2026-08-29 18:19:53 - train: epoch 228, iter:0, loss: 0.3753, lr: 0.00014772868709131046
2026-08-29 18:19:59 - train: epoch 228, iter:20, loss: 0.3959, lr: 0.00014772868709131046
2026-08-29 18:20:19 - val epoch: 228, loss: 0.9459
2026-08-29 18:20:21 - train: epoch 229, iter:0, loss: 0.3584, lr: 0.00014416052942640113
2026-08-29 18:20:27 - train: epoch 229, iter:20, loss: 0.3907, lr: 0.00014416052942640113
2026-08-29 18:20:47 - val epoch: 229, loss: 0.9574
2026-08-29 18:20:49 - train: epoch 230, iter:0, loss: 0.3897, lr: 0.0001406319418757314
2026-08-29 18:20:54 - train: epoch 230, iter:20, loss: 0.3999, lr: 0.0001406319418757314
2026-08-29 18:21:15 - val epoch: 230, loss: 0.9651
2026-08-29 18:21:17 - train: epoch 231, iter:0, loss: 0.3876, lr: 0.00013714331138868954
2026-08-29 18:21:23 - train: epoch 231, iter:20, loss: 0.3925, lr: 0.00013714331138868954
2026-08-29 18:21:43 - val epoch: 231, loss: 0.9725
2026-08-29 18:21:46 - train: epoch 232, iter:0, loss: 0.4115, lr: 0.00013369502053292226
2026-08-29 18:21:51 - train: epoch 232, iter:20, loss: 0.3998, lr: 0.00013369502053292226
2026-08-29 18:22:11 - val epoch: 232, loss: 0.9870
2026-08-29 18:22:14 - train: epoch 233, iter:0, loss: 0.4083, lr: 0.0001302874474523804
2026-08-29 18:22:19 - train: epoch 233, iter:20, loss: 0.3863, lr: 0.0001302874474523804
2026-08-29 18:22:39 - val epoch: 233, loss: 0.9491
2026-08-29 18:22:41 - train: epoch 234, iter:0, loss: 0.3663, lr: 0.00012692096582585187
2026-08-29 18:22:47 - train: epoch 234, iter:20, loss: 0.3900, lr: 0.00012692096582585187
2026-08-29 18:23:07 - val epoch: 234, loss: 0.9579
2026-08-29 18:23:09 - train: epoch 235, iter:0, loss: 0.4894, lr: 0.00012359594482598416
2026-08-29 18:23:15 - train: epoch 235, iter:20, loss: 0.3887, lr: 0.00012359594482598416
2026-08-29 18:23:35 - val epoch: 235, loss: 0.9526
2026-08-29 18:23:37 - train: epoch 236, iter:0, loss: 0.3631, lr: 0.00012031274907879919
2026-08-29 18:23:43 - train: epoch 236, iter:20, loss: 0.3887, lr: 0.00012031274907879919
2026-08-29 18:24:03 - val epoch: 236, loss: 0.9667
2026-08-29 18:24:05 - train: epoch 237, iter:0, loss: 0.3650, lr: 0.00011707173862370913
2026-08-29 18:24:11 - train: epoch 237, iter:20, loss: 0.3776, lr: 0.00011707173862370913
2026-08-29 18:24:31 - val epoch: 237, loss: 0.9458
2026-08-29 18:24:33 - train: epoch 238, iter:0, loss: 0.3531, lr: 0.00011387326887403316
2026-08-29 18:24:38 - train: epoch 238, iter:20, loss: 0.3834, lr: 0.00011387326887403316
2026-08-29 18:24:59 - val epoch: 238, loss: 0.9603
2026-08-29 18:25:01 - train: epoch 239, iter:0, loss: 0.4286, lr: 0.00011071769057802265
2026-08-29 18:25:06 - train: epoch 239, iter:20, loss: 0.3940, lr: 0.00011071769057802265
2026-08-29 18:25:26 - val epoch: 239, loss: 0.9496
2026-08-29 18:25:29 - train: epoch 240, iter:0, loss: 0.3597, lr: 0.0001076053497803982
2026-08-29 18:25:34 - train: epoch 240, iter:20, loss: 0.3873, lr: 0.0001076053497803982
2026-08-29 18:25:59 - val epoch: 240, loss: 0.9581, miou: 0.7698371700699081, f1_or_dsc: 0.8699525392378326, accuracy: 0.9373729819118386,                 specificity: 0.9620882320881774, sensitivity: 0.8605529066050273, confusion_matrix: [[38544619  1518878]
 [ 1797416 11092175]]
2026-08-29 18:26:01 - train: epoch 241, iter:0, loss: 0.4334, lr: 0.00010453658778440088
2026-08-29 18:26:07 - train: epoch 241, iter:20, loss: 0.3866, lr: 0.00010453658778440088
2026-08-29 18:26:27 - val epoch: 241, loss: 0.9449
2026-08-29 18:26:29 - train: epoch 242, iter:0, loss: 0.3751, lr: 0.00010151174111436543
2026-08-29 18:26:34 - train: epoch 242, iter:20, loss: 0.3769, lr: 0.00010151174111436543
2026-08-29 18:26:54 - val epoch: 242, loss: 0.9579
2026-08-29 18:26:57 - train: epoch 243, iter:0, loss: 0.3832, lr: 9.853114147881633e-05
2026-08-29 18:27:02 - train: epoch 243, iter:20, loss: 0.3877, lr: 9.853114147881633e-05
2026-08-29 18:27:22 - val epoch: 243, loss: 0.9653
2026-08-29 18:27:25 - train: epoch 244, iter:0, loss: 0.3613, lr: 9.559511573409167e-05
2026-08-29 18:27:30 - train: epoch 244, iter:20, loss: 0.3816, lr: 9.559511573409167e-05
2026-08-29 18:27:51 - val epoch: 244, loss: 0.9496
2026-08-29 18:27:53 - train: epoch 245, iter:0, loss: 0.3604, lr: 9.270398584850061e-05
2026-08-29 18:27:58 - train: epoch 245, iter:20, loss: 0.3771, lr: 9.270398584850061e-05
2026-08-29 18:28:18 - val epoch: 245, loss: 0.9668
2026-08-29 18:28:21 - train: epoch 246, iter:0, loss: 0.3627, lr: 8.985806886701499e-05
2026-08-29 18:28:26 - train: epoch 246, iter:20, loss: 0.3739, lr: 8.985806886701499e-05
2026-08-29 18:28:46 - val epoch: 246, loss: 0.9525
2026-08-29 18:28:49 - train: epoch 247, iter:0, loss: 0.3663, lr: 8.705767687650239e-05
2026-08-29 18:28:54 - train: epoch 247, iter:20, loss: 0.3869, lr: 8.705767687650239e-05
2026-08-29 18:29:14 - val epoch: 247, loss: 0.9486
2026-08-29 18:29:17 - train: epoch 248, iter:0, loss: 0.3078, lr: 8.430311697150229e-05
2026-08-29 18:29:22 - train: epoch 248, iter:20, loss: 0.3876, lr: 8.430311697150229e-05
2026-08-29 18:29:43 - val epoch: 248, loss: 0.9822
2026-08-29 18:29:45 - train: epoch 249, iter:0, loss: 0.3903, lr: 8.159469122054909e-05
2026-08-29 18:29:50 - train: epoch 249, iter:20, loss: 0.3871, lr: 8.159469122054909e-05
2026-08-29 18:30:10 - val epoch: 249, loss: 0.9473
2026-08-29 18:30:12 - train: epoch 250, iter:0, loss: 0.4335, lr: 7.893269663304782e-05
2026-08-29 18:30:18 - train: epoch 250, iter:20, loss: 0.3790, lr: 7.893269663304782e-05
2026-08-29 18:30:38 - val epoch: 250, loss: 0.9575
2026-08-29 18:30:40 - train: epoch 251, iter:0, loss: 0.3481, lr: 7.631742512670282e-05
2026-08-29 18:30:46 - train: epoch 251, iter:20, loss: 0.3805, lr: 7.631742512670282e-05
2026-08-29 18:31:06 - val epoch: 251, loss: 0.9533
2026-08-29 18:31:08 - train: epoch 252, iter:0, loss: 0.4042, lr: 7.374916349550603e-05
2026-08-29 18:31:14 - train: epoch 252, iter:20, loss: 0.3848, lr: 7.374916349550603e-05
2026-08-29 18:31:34 - val epoch: 252, loss: 0.9654
2026-08-29 18:31:36 - train: epoch 253, iter:0, loss: 0.3852, lr: 7.122819337828741e-05
2026-08-29 18:31:42 - train: epoch 253, iter:20, loss: 0.3794, lr: 7.122819337828741e-05
2026-08-29 18:32:02 - val epoch: 253, loss: 0.9509
2026-08-29 18:32:04 - train: epoch 254, iter:0, loss: 0.3611, lr: 6.875479122782878e-05
2026-08-29 18:32:10 - train: epoch 254, iter:20, loss: 0.3921, lr: 6.875479122782878e-05
2026-08-29 18:32:30 - val epoch: 254, loss: 0.9530
2026-08-29 18:32:32 - train: epoch 255, iter:0, loss: 0.3686, lr: 6.632922828054862e-05
2026-08-29 18:32:38 - train: epoch 255, iter:20, loss: 0.3774, lr: 6.632922828054862e-05
2026-08-29 18:32:58 - val epoch: 255, loss: 0.9627
2026-08-29 18:33:00 - train: epoch 256, iter:0, loss: 0.4149, lr: 6.395177052675786e-05
2026-08-29 18:33:05 - train: epoch 256, iter:20, loss: 0.3767, lr: 6.395177052675786e-05
2026-08-29 18:33:25 - val epoch: 256, loss: 0.9741
2026-08-29 18:33:28 - train: epoch 257, iter:0, loss: 0.3681, lr: 6.162267868149065e-05
2026-08-29 18:33:33 - train: epoch 257, iter:20, loss: 0.3798, lr: 6.162267868149065e-05
2026-08-29 18:33:53 - val epoch: 257, loss: 0.9709
2026-08-29 18:33:55 - train: epoch 258, iter:0, loss: 0.3627, lr: 5.934220815591413e-05
2026-08-29 18:34:01 - train: epoch 258, iter:20, loss: 0.3738, lr: 5.934220815591413e-05
2026-08-29 18:34:21 - val epoch: 258, loss: 0.9705
2026-08-29 18:34:24 - train: epoch 259, iter:0, loss: 0.3911, lr: 5.711060902932035e-05
2026-08-29 18:34:29 - train: epoch 259, iter:20, loss: 0.3752, lr: 5.711060902932035e-05
2026-08-29 18:34:50 - val epoch: 259, loss: 0.9701
2026-08-29 18:34:52 - train: epoch 260, iter:0, loss: 0.3534, lr: 5.492812602170101e-05
2026-08-29 18:34:58 - train: epoch 260, iter:20, loss: 0.3659, lr: 5.492812602170101e-05
2026-08-29 18:35:18 - val epoch: 260, loss: 0.9822
2026-08-29 18:35:21 - train: epoch 261, iter:0, loss: 0.3854, lr: 5.279499846691256e-05
2026-08-29 18:35:26 - train: epoch 261, iter:20, loss: 0.3829, lr: 5.279499846691256e-05
2026-08-29 18:35:46 - val epoch: 261, loss: 0.9572
2026-08-29 18:35:49 - train: epoch 262, iter:0, loss: 0.3379, lr: 5.071146028642938e-05
2026-08-29 18:35:54 - train: epoch 262, iter:20, loss: 0.3769, lr: 5.071146028642938e-05
2026-08-29 18:36:14 - val epoch: 262, loss: 0.9741
2026-08-29 18:36:17 - train: epoch 263, iter:0, loss: 0.3670, lr: 4.867773996369213e-05
2026-08-29 18:36:22 - train: epoch 263, iter:20, loss: 0.3713, lr: 4.867773996369213e-05
2026-08-29 18:36:42 - val epoch: 263, loss: 0.9675
2026-08-29 18:36:45 - train: epoch 264, iter:0, loss: 0.3530, lr: 4.669406051905255e-05
2026-08-29 18:36:50 - train: epoch 264, iter:20, loss: 0.3633, lr: 4.669406051905255e-05
2026-08-29 18:37:10 - val epoch: 264, loss: 0.9803
2026-08-29 18:37:13 - train: epoch 265, iter:0, loss: 0.4073, lr: 4.476063948531553e-05
2026-08-29 18:37:18 - train: epoch 265, iter:20, loss: 0.3722, lr: 4.476063948531553e-05
2026-08-29 18:37:38 - val epoch: 265, loss: 0.9944
2026-08-29 18:37:41 - train: epoch 266, iter:0, loss: 0.3645, lr: 4.2877688883885086e-05
2026-08-29 18:37:46 - train: epoch 266, iter:20, loss: 0.3796, lr: 4.2877688883885086e-05
2026-08-29 18:38:06 - val epoch: 266, loss: 0.9841
2026-08-29 18:38:09 - train: epoch 267, iter:0, loss: 0.3724, lr: 4.1045415201513684e-05
2026-08-29 18:38:14 - train: epoch 267, iter:20, loss: 0.3769, lr: 4.1045415201513684e-05
2026-08-29 18:38:34 - val epoch: 267, loss: 0.9605
2026-08-29 18:38:37 - train: epoch 268, iter:0, loss: 0.3852, lr: 3.926401936765836e-05
2026-08-29 18:38:42 - train: epoch 268, iter:20, loss: 0.3780, lr: 3.926401936765836e-05
2026-08-29 18:39:02 - val epoch: 268, loss: 0.9794
2026-08-29 18:39:05 - train: epoch 269, iter:0, loss: 0.3840, lr: 3.753369673244687e-05
2026-08-29 18:39:11 - train: epoch 269, iter:20, loss: 0.3704, lr: 3.753369673244687e-05
2026-08-29 18:39:31 - val epoch: 269, loss: 0.9707
2026-08-29 18:39:33 - train: epoch 270, iter:0, loss: 0.3487, lr: 3.5854637045255115e-05
2026-08-29 18:39:39 - train: epoch 270, iter:20, loss: 0.3764, lr: 3.5854637045255115e-05
2026-08-29 18:40:03 - val epoch: 270, loss: 0.9588, miou: 0.7763218316517294, f1_or_dsc: 0.8740779039233666, accuracy: 0.939086385292582,                 specificity: 0.9617864860873229, sensitivity: 0.8685298082770818, confusion_matrix: [[38532530  1530967]
 [ 1694597 11194994]]
2026-08-29 18:40:06 - train: epoch 271, iter:0, loss: 0.4002, lr: 3.422702443389897e-05
2026-08-29 18:40:12 - train: epoch 271, iter:20, loss: 0.3745, lr: 3.422702443389897e-05
2026-08-29 18:40:32 - val epoch: 271, loss: 0.9633
2026-08-29 18:40:34 - train: epoch 272, iter:0, loss: 0.3846, lr: 3.265103738444294e-05
2026-08-29 18:40:39 - train: epoch 272, iter:20, loss: 0.3711, lr: 3.265103738444294e-05
2026-08-29 18:40:59 - val epoch: 272, loss: 0.9709
2026-08-29 18:41:02 - train: epoch 273, iter:0, loss: 0.3948, lr: 3.112684872162669e-05
2026-08-29 18:41:08 - train: epoch 273, iter:20, loss: 0.3712, lr: 3.112684872162669e-05
2026-08-29 18:41:28 - val epoch: 273, loss: 0.9850
2026-08-29 18:41:30 - train: epoch 274, iter:0, loss: 0.4443, lr: 2.9654625589913163e-05
2026-08-29 18:41:36 - train: epoch 274, iter:20, loss: 0.3716, lr: 2.9654625589913163e-05
2026-08-29 18:41:56 - val epoch: 274, loss: 0.9791
2026-08-29 18:41:58 - train: epoch 275, iter:0, loss: 0.3729, lr: 2.823452943515922e-05
2026-08-29 18:42:04 - train: epoch 275, iter:20, loss: 0.3780, lr: 2.823452943515922e-05
2026-08-29 18:42:24 - val epoch: 275, loss: 0.9706
2026-08-29 18:42:26 - train: epoch 276, iter:0, loss: 0.3952, lr: 2.6866715986911168e-05
2026-08-29 18:42:32 - train: epoch 276, iter:20, loss: 0.3698, lr: 2.6866715986911168e-05
2026-08-29 18:42:52 - val epoch: 276, loss: 0.9702
2026-08-29 18:42:54 - train: epoch 277, iter:0, loss: 0.3227, lr: 2.5551335241327604e-05
2026-08-29 18:42:59 - train: epoch 277, iter:20, loss: 0.3791, lr: 2.5551335241327604e-05
2026-08-29 18:43:20 - val epoch: 277, loss: 0.9684
2026-08-29 18:43:22 - train: epoch 278, iter:0, loss: 0.3580, lr: 2.4288531444730185e-05
2026-08-29 18:43:28 - train: epoch 278, iter:20, loss: 0.3770, lr: 2.4288531444730185e-05
2026-08-29 18:43:48 - val epoch: 278, loss: 0.9692
2026-08-29 18:43:50 - train: epoch 279, iter:0, loss: 0.3556, lr: 2.3078443077785645e-05
2026-08-29 18:43:56 - train: epoch 279, iter:20, loss: 0.3697, lr: 2.3078443077785645e-05
2026-08-29 18:44:16 - val epoch: 279, loss: 0.9690
2026-08-29 18:44:18 - train: epoch 280, iter:0, loss: 0.3860, lr: 2.1921202840320064e-05
2026-08-29 18:44:24 - train: epoch 280, iter:20, loss: 0.3762, lr: 2.1921202840320064e-05
2026-08-29 18:44:44 - val epoch: 280, loss: 0.9596
2026-08-29 18:44:46 - train: epoch 281, iter:0, loss: 0.3837, lr: 2.081693763676623e-05
2026-08-29 18:44:52 - train: epoch 281, iter:20, loss: 0.3756, lr: 2.081693763676623e-05
2026-08-29 18:45:12 - val epoch: 281, loss: 0.9699
2026-08-29 18:45:15 - train: epoch 282, iter:0, loss: 0.3566, lr: 1.9765768562247723e-05
2026-08-29 18:45:20 - train: epoch 282, iter:20, loss: 0.3708, lr: 1.9765768562247723e-05
2026-08-29 18:45:41 - val epoch: 282, loss: 0.9737
2026-08-29 18:45:43 - train: epoch 283, iter:0, loss: 0.3700, lr: 1.876781088929913e-05
2026-08-29 18:45:48 - train: epoch 283, iter:20, loss: 0.3711, lr: 1.876781088929913e-05
2026-08-29 18:46:09 - val epoch: 283, loss: 0.9760
2026-08-29 18:46:11 - train: epoch 284, iter:0, loss: 0.3840, lr: 1.7823174055225262e-05
2026-08-29 18:46:17 - train: epoch 284, iter:20, loss: 0.3740, lr: 1.7823174055225262e-05
2026-08-29 18:46:37 - val epoch: 284, loss: 0.9720
2026-08-29 18:46:39 - train: epoch 285, iter:0, loss: 0.3616, lr: 1.693196165010003e-05
2026-08-29 18:46:45 - train: epoch 285, iter:20, loss: 0.3721, lr: 1.693196165010003e-05
2026-08-29 18:47:05 - val epoch: 285, loss: 0.9758
2026-08-29 18:47:08 - train: epoch 286, iter:0, loss: 0.3616, lr: 1.6094271405406855e-05
2026-08-29 18:47:13 - train: epoch 286, iter:20, loss: 0.3698, lr: 1.6094271405406855e-05
2026-08-29 18:47:33 - val epoch: 286, loss: 0.9745
2026-08-29 18:47:36 - train: epoch 287, iter:0, loss: 0.4026, lr: 1.5310195183320773e-05
2026-08-29 18:47:41 - train: epoch 287, iter:20, loss: 0.3732, lr: 1.5310195183320773e-05
2026-08-29 18:48:01 - val epoch: 287, loss: 0.9719
2026-08-29 18:48:04 - train: epoch 288, iter:0, loss: 0.3732, lr: 1.4579818966635417e-05
2026-08-29 18:48:09 - train: epoch 288, iter:20, loss: 0.3689, lr: 1.4579818966635417e-05
2026-08-29 18:48:29 - val epoch: 288, loss: 0.9760
2026-08-29 18:48:32 - train: epoch 289, iter:0, loss: 0.3627, lr: 1.3903222849333505e-05
2026-08-29 18:48:37 - train: epoch 289, iter:20, loss: 0.3611, lr: 1.3903222849333505e-05
2026-08-29 18:48:58 - val epoch: 289, loss: 0.9809
2026-08-29 18:49:00 - train: epoch 290, iter:0, loss: 0.3455, lr: 1.3280481027803759e-05
2026-08-29 18:49:05 - train: epoch 290, iter:20, loss: 0.3725, lr: 1.3280481027803759e-05
2026-08-29 18:49:26 - val epoch: 290, loss: 0.9772
2026-08-29 18:49:28 - train: epoch 291, iter:0, loss: 0.3886, lr: 1.271166179270472e-05
2026-08-29 18:49:34 - train: epoch 291, iter:20, loss: 0.3779, lr: 1.271166179270472e-05
2026-08-29 18:49:54 - val epoch: 291, loss: 0.9773
2026-08-29 18:49:56 - train: epoch 292, iter:0, loss: 0.3650, lr: 1.21968275214754e-05
2026-08-29 18:50:01 - train: epoch 292, iter:20, loss: 0.3650, lr: 1.21968275214754e-05
2026-08-29 18:50:22 - val epoch: 292, loss: 0.9822
2026-08-29 18:50:24 - train: epoch 293, iter:0, loss: 0.3602, lr: 1.1736034671495336e-05
2026-08-29 18:50:30 - train: epoch 293, iter:20, loss: 0.3649, lr: 1.1736034671495336e-05
2026-08-29 18:50:50 - val epoch: 293, loss: 0.9809
2026-08-29 18:50:52 - train: epoch 294, iter:0, loss: 0.3865, lr: 1.1329333773893242e-05
2026-08-29 18:50:58 - train: epoch 294, iter:20, loss: 0.3732, lr: 1.1329333773893242e-05
2026-08-29 18:51:18 - val epoch: 294, loss: 0.9776
2026-08-29 18:51:20 - train: epoch 295, iter:0, loss: 0.4096, lr: 1.0976769428005577e-05
2026-08-29 18:51:25 - train: epoch 295, iter:20, loss: 0.3704, lr: 1.0976769428005577e-05
2026-08-29 18:51:45 - val epoch: 295, loss: 0.9797
2026-08-29 18:51:48 - train: epoch 296, iter:0, loss: 0.3564, lr: 1.0678380296485951e-05
2026-08-29 18:51:53 - train: epoch 296, iter:20, loss: 0.3647, lr: 1.0678380296485951e-05
2026-08-29 18:52:14 - val epoch: 296, loss: 0.9768
2026-08-29 18:52:16 - train: epoch 297, iter:0, loss: 0.3032, lr: 1.04341991010651e-05
2026-08-29 18:52:21 - train: epoch 297, iter:20, loss: 0.3627, lr: 1.04341991010651e-05
2026-08-29 18:52:41 - val epoch: 297, loss: 0.9795
2026-08-29 18:52:44 - train: epoch 298, iter:0, loss: 0.3338, lr: 1.0244252618962858e-05
2026-08-29 18:52:49 - train: epoch 298, iter:20, loss: 0.3586, lr: 1.0244252618962858e-05
2026-08-29 18:53:10 - val epoch: 298, loss: 0.9848
2026-08-29 18:53:12 - train: epoch 299, iter:0, loss: 0.3634, lr: 1.0108561679951479e-05
2026-08-29 18:53:18 - train: epoch 299, iter:20, loss: 0.3677, lr: 1.0108561679951479e-05
2026-08-29 18:53:38 - val epoch: 299, loss: 0.9767
2026-08-29 18:53:40 - train: epoch 300, iter:0, loss: 0.3674, lr: 1.002714116407149e-05
2026-08-29 18:53:46 - train: epoch 300, iter:20, loss: 0.3657, lr: 1.002714116407149e-05
2026-08-29 18:54:10 - val epoch: 300, loss: 0.9832, miou: 0.7738190536487581, f1_or_dsc: 0.8724892790580944, accuracy: 0.9389103804484452,                 specificity: 0.9647408712224996, sensitivity: 0.8586239082372745, confusion_matrix: [[38650893  1412604]
 [ 1822280 11067311]]
2026-08-29 18:54:34 - test of best model, loss: 0.8109,miou: 0.7944032482971033, f1_or_dsc: 0.8854233283973326, accuracy: 0.9457209558770208,                 specificity: 0.9727829300572539, sensitivity: 0.8616067802306527, confusion_matrix: [[38973086  1090411]
 [ 1783832 11105759]]
