2026-09-30 07:01:32 - #----------Config info----------#
2026-09-30 07:01:32 - network: ege_wave_unet,
2026-09-30 07:01:32 - seed: 43,
2026-09-30 07:01:32 - wave_mode: full,
2026-09-30 07:01:32 - fusion_type: scalar,
2026-09-30 07:01:32 - diff_lr: False,
2026-09-30 07:01:32 - work_dir: /home/featurize/work/EGE-UNet-main/results/rebatch8_20260930/wave_v1_seed43/,
2026-09-30 07:01:32 - epochs: 300,
2026-09-30 07:01:32 - val_interval: 10,
2026-09-30 07:01:32 - save_interval: 10,
2026-09-30 07:01:32 - num_workers: 4,
2026-09-30 07:01:32 - batch_size: 64,
2026-09-30 07:01:32 - val_batch_size: 8,
2026-09-30 07:01:32 - gradient_accumulation_steps: 1,
2026-09-30 07:01:35 - train: epoch 1, iter:0, loss: 10.9535, lr: 0.001
2026-09-30 07:01:37 - train: epoch 1, iter:20, loss: 4.5727, lr: 0.001
2026-09-30 07:01:40 - val epoch: 1, loss: 2.0441
2026-09-30 07:01:51 - wave mode=full, epoch 1, alpha: 0.1002
2026-09-30 07:01:52 - train: epoch 2, iter:0, loss: 2.1338, lr: 0.0009999728588359286
2026-09-30 07:01:54 - train: epoch 2, iter:20, loss: 1.7539, lr: 0.0009999728588359286
2026-09-30 07:01:56 - val epoch: 2, loss: 1.6208
2026-09-30 07:01:57 - wave mode=full, epoch 2, alpha: 0.1004
2026-09-30 07:01:58 - train: epoch 3, iter:0, loss: 1.6760, lr: 0.0009998914383200486
2026-09-30 07:02:00 - train: epoch 3, iter:20, loss: 1.5314, lr: 0.0009998914383200486
2026-09-30 07:02:03 - val epoch: 3, loss: 1.3312
2026-09-30 07:02:03 - wave mode=full, epoch 3, alpha: 0.1006
2026-09-30 07:02:03 - train: epoch 4, iter:0, loss: 1.1657, lr: 0.0009997557473810372
2026-09-30 07:02:05 - train: epoch 4, iter:20, loss: 1.3278, lr: 0.0009997557473810372
2026-09-30 07:02:08 - val epoch: 4, loss: 1.2950
2026-09-30 07:02:08 - wave mode=full, epoch 4, alpha: 0.1009
2026-09-30 07:02:09 - train: epoch 5, iter:0, loss: 1.3478, lr: 0.000999565800898935
2026-09-30 07:02:10 - train: epoch 5, iter:20, loss: 1.2170, lr: 0.000999565800898935
2026-09-30 07:02:14 - val epoch: 5, loss: 1.2460
2026-09-30 07:02:19 - wave mode=full, epoch 5, alpha: 0.1012
2026-09-30 07:02:20 - train: epoch 6, iter:0, loss: 1.1186, lr: 0.0009993216197035143
2026-09-30 07:02:22 - train: epoch 6, iter:20, loss: 1.1663, lr: 0.0009993216197035143
2026-09-30 07:02:25 - val epoch: 6, loss: 1.1424
2026-09-30 07:02:25 - wave mode=full, epoch 6, alpha: 0.1015
2026-09-30 07:02:26 - train: epoch 7, iter:0, loss: 1.0590, lr: 0.0009990232305719946
2026-09-30 07:02:28 - train: epoch 7, iter:20, loss: 1.0952, lr: 0.0009990232305719946
2026-09-30 07:02:30 - val epoch: 7, loss: 1.0899
2026-09-30 07:02:30 - wave mode=full, epoch 7, alpha: 0.1017
2026-09-30 07:02:31 - train: epoch 8, iter:0, loss: 1.1831, lr: 0.0009986706662261067
2026-09-30 07:02:33 - train: epoch 8, iter:20, loss: 1.0651, lr: 0.0009986706662261067
2026-09-30 07:02:35 - val epoch: 8, loss: 1.1465
2026-09-30 07:02:35 - wave mode=full, epoch 8, alpha: 0.1020
2026-09-30 07:02:36 - train: epoch 9, iter:0, loss: 0.9509, lr: 0.0009982639653285047
2026-09-30 07:02:38 - train: epoch 9, iter:20, loss: 0.9989, lr: 0.0009982639653285047
2026-09-30 07:02:40 - val epoch: 9, loss: 1.0300
2026-09-30 07:02:42 - wave mode=full, epoch 9, alpha: 0.1025
2026-09-30 07:02:43 - train: epoch 10, iter:0, loss: 1.1351, lr: 0.0009978031724785245
2026-09-30 07:02:45 - train: epoch 10, iter:20, loss: 1.0170, lr: 0.0009978031724785245
2026-09-30 07:02:47 - val epoch: 10, loss: 1.0192, miou: 0.7475162312783191, f1_or_dsc: 0.855518498653951, accuracy: 0.9295627480686302,                 specificity: 0.952996589389089, sensitivity: 0.8567255547518925, confusion_matrix: [[38180376  1883121]
 [ 1846749 11042842]]
2026-09-30 07:02:47 - wave mode=full, epoch 10, alpha: 0.1029
2026-09-30 07:02:48 - train: epoch 11, iter:0, loss: 0.9319, lr: 0.0009972883382072953
2026-09-30 07:02:50 - train: epoch 11, iter:20, loss: 0.9173, lr: 0.0009972883382072953
2026-09-30 07:02:52 - val epoch: 11, loss: 1.0970
2026-09-30 07:02:52 - wave mode=full, epoch 11, alpha: 0.1034
2026-09-30 07:02:53 - train: epoch 12, iter:0, loss: 1.0983, lr: 0.0009967195189721962
2026-09-30 07:02:55 - train: epoch 12, iter:20, loss: 0.9199, lr: 0.0009967195189721962
2026-09-30 07:03:00 - val epoch: 12, loss: 0.9803
2026-09-30 07:03:00 - wave mode=full, epoch 12, alpha: 0.1038
2026-09-30 07:03:01 - train: epoch 13, iter:0, loss: 0.8024, lr: 0.0009960967771506667
2026-09-30 07:03:02 - train: epoch 13, iter:20, loss: 0.9011, lr: 0.0009960967771506667
2026-09-30 07:03:05 - val epoch: 13, loss: 1.0211
2026-09-30 07:03:07 - wave mode=full, epoch 13, alpha: 0.1044
2026-09-30 07:03:08 - train: epoch 14, iter:0, loss: 0.7785, lr: 0.0009954201810333646
2026-09-30 07:03:10 - train: epoch 14, iter:20, loss: 0.9025, lr: 0.0009954201810333646
2026-09-30 07:03:12 - val epoch: 14, loss: 0.9647
2026-09-30 07:03:12 - wave mode=full, epoch 14, alpha: 0.1048
2026-09-30 07:03:13 - train: epoch 15, iter:0, loss: 0.9921, lr: 0.0009946898048166792
2026-09-30 07:03:15 - train: epoch 15, iter:20, loss: 0.8750, lr: 0.0009946898048166792
2026-09-30 07:03:18 - val epoch: 15, loss: 1.0069
2026-09-30 07:03:18 - wave mode=full, epoch 15, alpha: 0.1049
2026-09-30 07:03:18 - train: epoch 16, iter:0, loss: 0.9078, lr: 0.000993905728594593
2026-09-30 07:03:20 - train: epoch 16, iter:20, loss: 0.8433, lr: 0.000993905728594593
2026-09-30 07:03:23 - val epoch: 16, loss: 1.0452
2026-09-30 07:03:23 - wave mode=full, epoch 16, alpha: 0.1054
2026-09-30 07:03:24 - train: epoch 17, iter:0, loss: 1.1333, lr: 0.0009930680383498998
2026-09-30 07:03:25 - train: epoch 17, iter:20, loss: 0.8753, lr: 0.0009930680383498998
2026-09-30 07:03:28 - val epoch: 17, loss: 0.9263
2026-09-30 07:03:28 - wave mode=full, epoch 17, alpha: 0.1056
2026-09-30 07:03:29 - train: epoch 18, iter:0, loss: 0.8809, lr: 0.0009921768259447744
2026-09-30 07:03:31 - train: epoch 18, iter:20, loss: 0.8530, lr: 0.0009921768259447744
2026-09-30 07:03:33 - val epoch: 18, loss: 1.0010
2026-09-30 07:03:33 - wave mode=full, epoch 18, alpha: 0.1060
2026-09-30 07:03:34 - train: epoch 19, iter:0, loss: 0.7613, lr: 0.0009912321891107007
2026-09-30 07:03:36 - train: epoch 19, iter:20, loss: 0.8212, lr: 0.0009912321891107007
2026-09-30 07:03:39 - val epoch: 19, loss: 0.9515
2026-09-30 07:03:39 - wave mode=full, epoch 19, alpha: 0.1061
2026-09-30 07:03:40 - train: epoch 20, iter:0, loss: 0.7927, lr: 0.0009902342314377522
2026-09-30 07:03:41 - train: epoch 20, iter:20, loss: 0.8150, lr: 0.0009902342314377522
2026-09-30 07:03:44 - val epoch: 20, loss: 0.9484, miou: 0.7644083534453154, f1_or_dsc: 0.8664755547690246, accuracy: 0.933316712332244,                 specificity: 0.9476188511452208, sensitivity: 0.8888627265209579, confusion_matrix: [[37964925  2098572]
 [ 1432514 11457077]]
2026-09-30 07:03:44 - wave mode=full, epoch 20, alpha: 0.1067
2026-09-30 07:03:45 - train: epoch 21, iter:0, loss: 0.8246, lr: 0.0009891830623632338
2026-09-30 07:03:47 - train: epoch 21, iter:20, loss: 0.8388, lr: 0.0009891830623632338
2026-09-30 07:03:49 - val epoch: 21, loss: 0.9174
2026-09-30 07:03:49 - wave mode=full, epoch 21, alpha: 0.1068
2026-09-30 07:03:50 - train: epoch 22, iter:0, loss: 0.6033, lr: 0.00098807879715968
2026-09-30 07:03:52 - train: epoch 22, iter:20, loss: 0.7641, lr: 0.00098807879715968
2026-09-30 07:03:55 - val epoch: 22, loss: 1.0064
2026-09-30 07:03:58 - wave mode=full, epoch 22, alpha: 0.1070
2026-09-30 07:03:59 - train: epoch 23, iter:0, loss: 0.8661, lr: 0.0009869215569222143
2026-09-30 07:04:00 - train: epoch 23, iter:20, loss: 0.8251, lr: 0.0009869215569222143
2026-09-30 07:04:03 - val epoch: 23, loss: 0.9630
2026-09-30 07:04:03 - wave mode=full, epoch 23, alpha: 0.1075
2026-09-30 07:04:04 - train: epoch 24, iter:0, loss: 0.8275, lr: 0.0009857114685552697
2026-09-30 07:04:06 - train: epoch 24, iter:20, loss: 0.7889, lr: 0.0009857114685552697
2026-09-30 07:04:09 - val epoch: 24, loss: 0.8748
2026-09-30 07:04:09 - wave mode=full, epoch 24, alpha: 0.1078
2026-09-30 07:04:09 - train: epoch 25, iter:0, loss: 0.6583, lr: 0.0009844486647586721
2026-09-30 07:04:11 - train: epoch 25, iter:20, loss: 0.7658, lr: 0.0009844486647586721
2026-09-30 07:04:16 - val epoch: 25, loss: 0.8856
2026-09-30 07:04:16 - wave mode=full, epoch 25, alpha: 0.1083
2026-09-30 07:04:17 - train: epoch 26, iter:0, loss: 0.7573, lr: 0.0009831332840130884
2026-09-30 07:04:19 - train: epoch 26, iter:20, loss: 0.7784, lr: 0.0009831332840130884
2026-09-30 07:04:21 - val epoch: 26, loss: 0.8942
2026-09-30 07:04:21 - wave mode=full, epoch 26, alpha: 0.1082
2026-09-30 07:04:22 - train: epoch 27, iter:0, loss: 0.6532, lr: 0.0009817654705648405
2026-09-30 07:04:24 - train: epoch 27, iter:20, loss: 0.7730, lr: 0.0009817654705648405
2026-09-30 07:04:27 - val epoch: 27, loss: 0.8839
2026-09-30 07:04:27 - wave mode=full, epoch 27, alpha: 0.1088
2026-09-30 07:04:28 - train: epoch 28, iter:0, loss: 0.7979, lr: 0.0009803453744100864
2026-09-30 07:04:30 - train: epoch 28, iter:20, loss: 0.7462, lr: 0.0009803453744100864
2026-09-30 07:04:32 - val epoch: 28, loss: 0.8772
2026-09-30 07:04:32 - wave mode=full, epoch 28, alpha: 0.1092
2026-09-30 07:04:33 - train: epoch 29, iter:0, loss: 0.8240, lr: 0.0009788731512783728
2026-09-30 07:04:35 - train: epoch 29, iter:20, loss: 0.7417, lr: 0.0009788731512783728
2026-09-30 07:04:37 - val epoch: 29, loss: 0.8526
2026-09-30 07:04:37 - wave mode=full, epoch 29, alpha: 0.1095
2026-09-30 07:04:38 - train: epoch 30, iter:0, loss: 0.7326, lr: 0.0009773489626155566
2026-09-30 07:04:40 - train: epoch 30, iter:20, loss: 0.7049, lr: 0.0009773489626155566
2026-09-30 07:04:42 - val epoch: 30, loss: 0.8609, miou: 0.7811134618681556, f1_or_dsc: 0.8771069093474477, accuracy: 0.9401808634842976,                 specificity: 0.9605159280029899, sensitivity: 0.8769753051124741, confusion_matrix: [[38481627  1581870]
 [ 1585738 11303853]]
2026-09-30 07:04:42 - wave mode=full, epoch 30, alpha: 0.1095
2026-09-30 07:04:43 - train: epoch 31, iter:0, loss: 0.8249, lr: 0.0009757729755661006
2026-09-30 07:04:45 - train: epoch 31, iter:20, loss: 0.7604, lr: 0.0009757729755661006
2026-09-30 07:04:48 - val epoch: 31, loss: 0.9023
2026-09-30 07:04:48 - wave mode=full, epoch 31, alpha: 0.1099
2026-09-30 07:04:49 - train: epoch 32, iter:0, loss: 0.6659, lr: 0.0009741453629547445
2026-09-30 07:04:50 - train: epoch 32, iter:20, loss: 0.7653, lr: 0.0009741453629547445
2026-09-30 07:04:53 - val epoch: 32, loss: 0.8868
2026-09-30 07:04:53 - wave mode=full, epoch 32, alpha: 0.1097
2026-09-30 07:04:54 - train: epoch 33, iter:0, loss: 0.6347, lr: 0.0009724663032675527
2026-09-30 07:04:56 - train: epoch 33, iter:20, loss: 0.7190, lr: 0.0009724663032675527
2026-09-30 07:04:58 - val epoch: 33, loss: 0.9704
2026-09-30 07:04:58 - wave mode=full, epoch 33, alpha: 0.1101
2026-09-30 07:04:59 - train: epoch 34, iter:0, loss: 0.8819, lr: 0.0009707359806323412
2026-09-30 07:05:01 - train: epoch 34, iter:20, loss: 0.7314, lr: 0.0009707359806323412
2026-09-30 07:05:04 - val epoch: 34, loss: 0.8966
2026-09-30 07:05:04 - wave mode=full, epoch 34, alpha: 0.1101
2026-09-30 07:05:04 - train: epoch 35, iter:0, loss: 0.7039, lr: 0.0009689545847984858
2026-09-30 07:05:06 - train: epoch 35, iter:20, loss: 0.7679, lr: 0.0009689545847984858
2026-09-30 07:05:09 - val epoch: 35, loss: 0.8806
2026-09-30 07:05:09 - wave mode=full, epoch 35, alpha: 0.1104
2026-09-30 07:05:10 - train: epoch 36, iter:0, loss: 0.7601, lr: 0.0009671223111161144
2026-09-30 07:05:11 - train: epoch 36, iter:20, loss: 0.6954, lr: 0.0009671223111161144
2026-09-30 07:05:14 - val epoch: 36, loss: 0.8643
2026-09-30 07:05:14 - wave mode=full, epoch 36, alpha: 0.1108
2026-09-30 07:05:15 - train: epoch 37, iter:0, loss: 0.6366, lr: 0.000965239360514684
2026-09-30 07:05:17 - train: epoch 37, iter:20, loss: 0.7339, lr: 0.000965239360514684
2026-09-30 07:05:19 - val epoch: 37, loss: 0.9408
2026-09-30 07:05:19 - wave mode=full, epoch 37, alpha: 0.1114
2026-09-30 07:05:20 - train: epoch 38, iter:0, loss: 0.7854, lr: 0.000963305939480947
2026-09-30 07:05:22 - train: epoch 38, iter:20, loss: 0.7748, lr: 0.000963305939480947
2026-09-30 07:05:24 - val epoch: 38, loss: 0.9932
2026-09-30 07:05:24 - wave mode=full, epoch 38, alpha: 0.1114
2026-09-30 07:05:25 - train: epoch 39, iter:0, loss: 0.7292, lr: 0.0009613222600363074
2026-09-30 07:05:27 - train: epoch 39, iter:20, loss: 0.7757, lr: 0.0009613222600363074
2026-09-30 07:05:30 - val epoch: 39, loss: 0.8637
2026-09-30 07:05:30 - wave mode=full, epoch 39, alpha: 0.1114
2026-09-30 07:05:31 - train: epoch 40, iter:0, loss: 0.6372, lr: 0.0009592885397135703
2026-09-30 07:05:33 - train: epoch 40, iter:20, loss: 0.6740, lr: 0.0009592885397135703
2026-09-30 07:05:35 - val epoch: 40, loss: 0.8087, miou: 0.7881242461640906, f1_or_dsc: 0.8815094900198193, accuracy: 0.9425797415251779,                 specificity: 0.9635284458568357, sensitivity: 0.8774668645420944, confusion_matrix: [[38602319  1461178]
 [ 1579402 11310189]]
2026-09-30 07:05:35 - wave mode=full, epoch 40, alpha: 0.1118
2026-09-30 07:05:36 - train: epoch 41, iter:0, loss: 0.5177, lr: 0.0009572050015330871
2026-09-30 07:05:38 - train: epoch 41, iter:20, loss: 0.7072, lr: 0.0009572050015330871
2026-09-30 07:05:41 - val epoch: 41, loss: 0.8608
2026-09-30 07:05:41 - wave mode=full, epoch 41, alpha: 0.1124
2026-09-30 07:05:42 - train: epoch 42, iter:0, loss: 0.7772, lr: 0.0009550718739782986
2026-09-30 07:05:44 - train: epoch 42, iter:20, loss: 0.6982, lr: 0.0009550718739782986
2026-09-30 07:05:46 - val epoch: 42, loss: 0.8661
2026-09-30 07:05:52 - wave mode=full, epoch 42, alpha: 0.1127
2026-09-30 07:05:53 - train: epoch 43, iter:0, loss: 0.5983, lr: 0.0009528893909706794
2026-09-30 07:05:55 - train: epoch 43, iter:20, loss: 0.7146, lr: 0.0009528893909706794
2026-09-30 07:05:57 - val epoch: 43, loss: 0.8723
2026-09-30 07:05:57 - wave mode=full, epoch 43, alpha: 0.1128
2026-09-30 07:05:58 - train: epoch 44, iter:0, loss: 0.6382, lr: 0.0009506577918440856
2026-09-30 07:06:00 - train: epoch 44, iter:20, loss: 0.7045, lr: 0.0009506577918440856
2026-09-30 07:06:03 - val epoch: 44, loss: 0.9113
2026-09-30 07:06:03 - wave mode=full, epoch 44, alpha: 0.1132
2026-09-30 07:06:03 - train: epoch 45, iter:0, loss: 0.6900, lr: 0.000948377321318509
2026-09-30 07:06:05 - train: epoch 45, iter:20, loss: 0.7041, lr: 0.000948377321318509
2026-09-30 07:06:08 - val epoch: 45, loss: 0.9333
2026-09-30 07:06:08 - wave mode=full, epoch 45, alpha: 0.1132
2026-09-30 07:06:09 - train: epoch 46, iter:0, loss: 0.7391, lr: 0.0009460482294732416
2026-09-30 07:06:11 - train: epoch 46, iter:20, loss: 0.7028, lr: 0.0009460482294732416
2026-09-30 07:06:13 - val epoch: 46, loss: 0.9324
2026-09-30 07:06:13 - wave mode=full, epoch 46, alpha: 0.1137
2026-09-30 07:06:14 - train: epoch 47, iter:0, loss: 0.8240, lr: 0.0009436707717194508
2026-09-30 07:06:16 - train: epoch 47, iter:20, loss: 0.7334, lr: 0.0009436707717194508
2026-09-30 07:06:19 - val epoch: 47, loss: 0.8492
2026-09-30 07:06:19 - wave mode=full, epoch 47, alpha: 0.1135
2026-09-30 07:06:20 - train: epoch 48, iter:0, loss: 0.7896, lr: 0.0009412452087721706
2026-09-30 07:06:22 - train: epoch 48, iter:20, loss: 0.6601, lr: 0.0009412452087721706
2026-09-30 07:06:24 - val epoch: 48, loss: 0.8247
2026-09-30 07:06:24 - wave mode=full, epoch 48, alpha: 0.1140
2026-09-30 07:06:25 - train: epoch 49, iter:0, loss: 0.7662, lr: 0.000938771806621712
2026-09-30 07:06:27 - train: epoch 49, iter:20, loss: 0.6495, lr: 0.000938771806621712
2026-09-30 07:06:29 - val epoch: 49, loss: 0.8488
2026-09-30 07:06:29 - wave mode=full, epoch 49, alpha: 0.1141
2026-09-30 07:06:30 - train: epoch 50, iter:0, loss: 0.5724, lr: 0.0009362508365044934
2026-09-30 07:06:32 - train: epoch 50, iter:20, loss: 0.6934, lr: 0.0009362508365044934
2026-09-30 07:06:34 - val epoch: 50, loss: 0.8958, miou: 0.7833421480220679, f1_or_dsc: 0.8785102162149699, accuracy: 0.9425822909515683,                 specificity: 0.9714502455938882, sensitivity: 0.852854756989574, confusion_matrix: [[38919694  1143803]
 [ 1896642 10992949]]
2026-09-30 07:06:34 - wave mode=full, epoch 50, alpha: 0.1144
2026-09-30 07:06:35 - train: epoch 51, iter:0, loss: 0.5104, lr: 0.0009336825748732968
2026-09-30 07:06:37 - train: epoch 51, iter:20, loss: 0.6916, lr: 0.0009336825748732968
2026-09-30 07:06:40 - val epoch: 51, loss: 0.8897
2026-09-30 07:06:40 - wave mode=full, epoch 51, alpha: 0.1145
2026-09-30 07:06:41 - train: epoch 52, iter:0, loss: 0.7093, lr: 0.0009310673033669517
2026-09-30 07:06:43 - train: epoch 52, iter:20, loss: 0.6520, lr: 0.0009310673033669517
2026-09-30 07:06:45 - val epoch: 52, loss: 0.8804
2026-09-30 07:06:45 - wave mode=full, epoch 52, alpha: 0.1145
2026-09-30 07:06:46 - train: epoch 53, iter:0, loss: 0.7628, lr: 0.0009284053087794505
2026-09-30 07:06:48 - train: epoch 53, iter:20, loss: 0.6884, lr: 0.0009284053087794505
2026-09-30 07:06:50 - val epoch: 53, loss: 0.8264
2026-09-30 07:06:50 - wave mode=full, epoch 53, alpha: 0.1149
2026-09-30 07:06:51 - train: epoch 54, iter:0, loss: 0.6729, lr: 0.0009256968830284974
2026-09-30 07:06:53 - train: epoch 54, iter:20, loss: 0.6839, lr: 0.0009256968830284974
2026-09-30 07:06:56 - val epoch: 54, loss: 0.8402
2026-09-30 07:06:56 - wave mode=full, epoch 54, alpha: 0.1151
2026-09-30 07:06:57 - train: epoch 55, iter:0, loss: 0.5197, lr: 0.0009229423231234972
2026-09-30 07:06:59 - train: epoch 55, iter:20, loss: 0.6434, lr: 0.0009229423231234972
2026-09-30 07:07:01 - val epoch: 55, loss: 0.8170
2026-09-30 07:07:01 - wave mode=full, epoch 55, alpha: 0.1154
2026-09-30 07:07:02 - train: epoch 56, iter:0, loss: 0.8757, lr: 0.0009201419311329846
2026-09-30 07:07:04 - train: epoch 56, iter:20, loss: 0.6562, lr: 0.0009201419311329846
2026-09-30 07:07:07 - val epoch: 56, loss: 0.8193
2026-09-30 07:07:07 - wave mode=full, epoch 56, alpha: 0.1154
2026-09-30 07:07:08 - train: epoch 57, iter:0, loss: 0.5082, lr: 0.0009172960141514989
2026-09-30 07:07:10 - train: epoch 57, iter:20, loss: 0.6484, lr: 0.0009172960141514989
2026-09-30 07:07:12 - val epoch: 57, loss: 0.8390
2026-09-30 07:07:12 - wave mode=full, epoch 57, alpha: 0.1156
2026-09-30 07:07:13 - train: epoch 58, iter:0, loss: 0.6054, lr: 0.0009144048842659077
2026-09-30 07:07:15 - train: epoch 58, iter:20, loss: 0.6554, lr: 0.0009144048842659077
2026-09-30 07:07:17 - val epoch: 58, loss: 0.8583
2026-09-30 07:07:17 - wave mode=full, epoch 58, alpha: 0.1159
2026-09-30 07:07:18 - train: epoch 59, iter:0, loss: 0.5064, lr: 0.0009114688585211832
2026-09-30 07:07:20 - train: epoch 59, iter:20, loss: 0.6478, lr: 0.0009114688585211832
2026-09-30 07:07:23 - val epoch: 59, loss: 0.8506
2026-09-30 07:07:23 - wave mode=full, epoch 59, alpha: 0.1161
2026-09-30 07:07:23 - train: epoch 60, iter:0, loss: 0.6247, lr: 0.0009084882588856339
2026-09-30 07:07:25 - train: epoch 60, iter:20, loss: 0.6698, lr: 0.0009084882588856339
2026-09-30 07:07:28 - val epoch: 60, loss: 0.9019, miou: 0.7651188926764826, f1_or_dsc: 0.8669318490113928, accuracy: 0.9309936750053179,                 specificity: 0.9334148738938092, sensitivity: 0.923468091423537, confusion_matrix: [[37395864  2667633]
 [  986465 11903126]]
2026-09-30 07:07:28 - wave mode=full, epoch 60, alpha: 0.1160
2026-09-30 07:07:29 - train: epoch 61, iter:0, loss: 0.6700, lr: 0.0009054634122155986
2026-09-30 07:07:31 - train: epoch 61, iter:20, loss: 0.6575, lr: 0.0009054634122155986
2026-09-30 07:07:33 - val epoch: 61, loss: 0.8282
2026-09-30 07:07:33 - wave mode=full, epoch 61, alpha: 0.1161
2026-09-30 07:07:34 - train: epoch 62, iter:0, loss: 0.6187, lr: 0.0009023946502196013
2026-09-30 07:07:36 - train: epoch 62, iter:20, loss: 0.6488, lr: 0.0009023946502196013
2026-09-30 07:07:38 - val epoch: 62, loss: 0.8450
2026-09-30 07:07:38 - wave mode=full, epoch 62, alpha: 0.1168
2026-09-30 07:07:39 - train: epoch 63, iter:0, loss: 0.7736, lr: 0.0008992823094219767
2026-09-30 07:07:41 - train: epoch 63, iter:20, loss: 0.6382, lr: 0.0008992823094219767
2026-09-30 07:07:44 - val epoch: 63, loss: 0.8286
2026-09-30 07:07:44 - wave mode=full, epoch 63, alpha: 0.1170
2026-09-30 07:07:44 - train: epoch 64, iter:0, loss: 0.5845, lr: 0.0008961267311259662
2026-09-30 07:07:46 - train: epoch 64, iter:20, loss: 0.6373, lr: 0.0008961267311259662
2026-09-30 07:07:49 - val epoch: 64, loss: 0.8270
2026-09-30 07:07:49 - wave mode=full, epoch 64, alpha: 0.1171
2026-09-30 07:07:50 - train: epoch 65, iter:0, loss: 0.6573, lr: 0.0008929282613762903
2026-09-30 07:07:51 - train: epoch 65, iter:20, loss: 0.6999, lr: 0.0008929282613762903
2026-09-30 07:07:54 - val epoch: 65, loss: 0.8453
2026-09-30 07:07:54 - wave mode=full, epoch 65, alpha: 0.1176
2026-09-30 07:07:55 - train: epoch 66, iter:0, loss: 0.6757, lr: 0.0008896872509212002
2026-09-30 07:07:57 - train: epoch 66, iter:20, loss: 0.6571, lr: 0.0008896872509212002
2026-09-30 07:07:59 - val epoch: 66, loss: 0.8305
2026-09-30 07:07:59 - wave mode=full, epoch 66, alpha: 0.1180
2026-09-30 07:08:00 - train: epoch 67, iter:0, loss: 0.4346, lr: 0.0008864040551740152
2026-09-30 07:08:02 - train: epoch 67, iter:20, loss: 0.6137, lr: 0.0008864040551740152
2026-09-30 07:08:04 - val epoch: 67, loss: 0.8345
2026-09-30 07:08:04 - wave mode=full, epoch 67, alpha: 0.1182
2026-09-30 07:08:05 - train: epoch 68, iter:0, loss: 1.0193, lr: 0.0008830790341741476
2026-09-30 07:08:07 - train: epoch 68, iter:20, loss: 0.6343, lr: 0.0008830790341741476
2026-09-30 07:08:10 - val epoch: 68, loss: 0.8198
2026-09-30 07:08:10 - wave mode=full, epoch 68, alpha: 0.1183
2026-09-30 07:08:10 - train: epoch 69, iter:0, loss: 0.5172, lr: 0.000879712552547619
2026-09-30 07:08:12 - train: epoch 69, iter:20, loss: 0.6497, lr: 0.000879712552547619
2026-09-30 07:08:15 - val epoch: 69, loss: 0.8283
2026-09-30 07:08:15 - wave mode=full, epoch 69, alpha: 0.1184
2026-09-30 07:08:16 - train: epoch 70, iter:0, loss: 0.5836, lr: 0.0008763049794670771
2026-09-30 07:08:17 - train: epoch 70, iter:20, loss: 0.6856, lr: 0.0008763049794670771
2026-09-30 07:08:20 - val epoch: 70, loss: 0.8363, miou: 0.7825320773663275, f1_or_dsc: 0.8780005558413405, accuracy: 0.942775291971641,                 specificity: 0.9739280622457894, sensitivity: 0.8459460816095716, confusion_matrix: [[39018964  1044533]
 [ 1985692 10903899]]
2026-09-30 07:08:20 - wave mode=full, epoch 70, alpha: 0.1187
2026-09-30 07:08:21 - train: epoch 71, iter:0, loss: 0.6542, lr: 0.0008728566886113098
2026-09-30 07:08:23 - train: epoch 71, iter:20, loss: 0.6471, lr: 0.0008728566886113098
2026-09-30 07:08:25 - val epoch: 71, loss: 0.8486
2026-09-30 07:08:25 - wave mode=full, epoch 71, alpha: 0.1191
2026-09-30 07:08:26 - train: epoch 72, iter:0, loss: 0.6709, lr: 0.000869368058124268
2026-09-30 07:08:28 - train: epoch 72, iter:20, loss: 0.6265, lr: 0.000869368058124268
2026-09-30 07:08:31 - val epoch: 72, loss: 0.8233
2026-09-30 07:08:31 - wave mode=full, epoch 72, alpha: 0.1191
2026-09-30 07:08:31 - train: epoch 73, iter:0, loss: 0.5914, lr: 0.0008658394705735983
2026-09-30 07:08:33 - train: epoch 73, iter:20, loss: 0.6088, lr: 0.0008658394705735983
2026-09-30 07:08:36 - val epoch: 73, loss: 0.8211
2026-09-30 07:08:36 - wave mode=full, epoch 73, alpha: 0.1193
2026-09-30 07:08:37 - train: epoch 74, iter:0, loss: 0.5903, lr: 0.0008622713129086888
2026-09-30 07:08:39 - train: epoch 74, iter:20, loss: 0.6255, lr: 0.0008622713129086888
2026-09-30 07:08:41 - val epoch: 74, loss: 0.8415
2026-09-30 07:08:41 - wave mode=full, epoch 74, alpha: 0.1197
2026-09-30 07:08:42 - train: epoch 75, iter:0, loss: 0.7399, lr: 0.0008586639764182372
2026-09-30 07:08:44 - train: epoch 75, iter:20, loss: 0.6313, lr: 0.0008586639764182372
2026-09-30 07:08:47 - val epoch: 75, loss: 0.9154
2026-09-30 07:08:47 - wave mode=full, epoch 75, alpha: 0.1200
2026-09-30 07:08:48 - train: epoch 76, iter:0, loss: 0.7745, lr: 0.0008550178566873405
2026-09-30 07:08:49 - train: epoch 76, iter:20, loss: 0.6308, lr: 0.0008550178566873405
2026-09-30 07:08:52 - val epoch: 76, loss: 0.7929
2026-09-30 07:08:52 - wave mode=full, epoch 76, alpha: 0.1198
2026-09-30 07:08:53 - train: epoch 77, iter:0, loss: 0.5241, lr: 0.0008513333535541156
2026-09-30 07:08:55 - train: epoch 77, iter:20, loss: 0.6303, lr: 0.0008513333535541156
2026-09-30 07:08:57 - val epoch: 77, loss: 0.8239
2026-09-30 07:08:57 - wave mode=full, epoch 77, alpha: 0.1203
2026-09-30 07:08:58 - train: epoch 78, iter:0, loss: 0.5644, lr: 0.0008476108710658509
2026-09-30 07:09:00 - train: epoch 78, iter:20, loss: 0.6121, lr: 0.0008476108710658509
2026-09-30 07:09:02 - val epoch: 78, loss: 0.8611
2026-09-30 07:09:02 - wave mode=full, epoch 78, alpha: 0.1207
2026-09-30 07:09:03 - train: epoch 79, iter:0, loss: 0.5977, lr: 0.0008438508174347005
2026-09-30 07:09:05 - train: epoch 79, iter:20, loss: 0.6161, lr: 0.0008438508174347005
2026-09-30 07:09:08 - val epoch: 79, loss: 0.8502
2026-09-30 07:09:08 - wave mode=full, epoch 79, alpha: 0.1203
2026-09-30 07:09:09 - train: epoch 80, iter:0, loss: 0.5158, lr: 0.0008400536049929166
2026-09-30 07:09:11 - train: epoch 80, iter:20, loss: 0.5962, lr: 0.0008400536049929166
2026-09-30 07:09:13 - val epoch: 80, loss: 0.8021, miou: 0.7879344827198361, f1_or_dsc: 0.8813907783927484, accuracy: 0.9423184914164023,                 specificity: 0.9622206968103658, sensitivity: 0.8804583481353287, confusion_matrix: [[38549926  1513571]
 [ 1540843 11348748]]
2026-09-30 07:09:13 - wave mode=full, epoch 80, alpha: 0.1207
2026-09-30 07:09:14 - train: epoch 81, iter:0, loss: 0.6540, lr: 0.0008362196501476343
2026-09-30 07:09:16 - train: epoch 81, iter:20, loss: 0.6227, lr: 0.0008362196501476343
2026-09-30 07:09:18 - val epoch: 81, loss: 0.8055
2026-09-30 07:09:18 - wave mode=full, epoch 81, alpha: 0.1206
2026-09-30 07:09:19 - train: epoch 82, iter:0, loss: 0.5579, lr: 0.0008323493733352072
2026-09-30 07:09:21 - train: epoch 82, iter:20, loss: 0.6097, lr: 0.0008323493733352072
2026-09-30 07:09:24 - val epoch: 82, loss: 0.8505
2026-09-30 07:09:24 - wave mode=full, epoch 82, alpha: 0.1213
2026-09-30 07:09:25 - train: epoch 83, iter:0, loss: 0.5060, lr: 0.0008284431989751018
2026-09-30 07:09:26 - train: epoch 83, iter:20, loss: 0.6326, lr: 0.0008284431989751018
2026-09-30 07:09:29 - val epoch: 83, loss: 0.8189
2026-09-30 07:09:29 - wave mode=full, epoch 83, alpha: 0.1215
2026-09-30 07:09:30 - train: epoch 84, iter:0, loss: 0.5039, lr: 0.000824501555423355
2026-09-30 07:09:32 - train: epoch 84, iter:20, loss: 0.5931, lr: 0.000824501555423355
2026-09-30 07:09:34 - val epoch: 84, loss: 0.7952
2026-09-30 07:09:34 - wave mode=full, epoch 84, alpha: 0.1216
2026-09-30 07:09:35 - train: epoch 85, iter:0, loss: 0.6909, lr: 0.0008205248749256009
2026-09-30 07:09:37 - train: epoch 85, iter:20, loss: 0.5916, lr: 0.0008205248749256009
2026-09-30 07:09:40 - val epoch: 85, loss: 0.8255
2026-09-30 07:09:40 - wave mode=full, epoch 85, alpha: 0.1216
2026-09-30 07:09:41 - train: epoch 86, iter:0, loss: 0.6368, lr: 0.000816513593569669
2026-09-30 07:09:43 - train: epoch 86, iter:20, loss: 0.6148, lr: 0.000816513593569669
2026-09-30 07:09:45 - val epoch: 86, loss: 0.9069
2026-09-30 07:09:45 - wave mode=full, epoch 86, alpha: 0.1213
2026-09-30 07:09:46 - train: epoch 87, iter:0, loss: 0.7010, lr: 0.0008124681512377632
2026-09-30 07:09:48 - train: epoch 87, iter:20, loss: 0.6312, lr: 0.0008124681512377632
2026-09-30 07:09:51 - val epoch: 87, loss: 0.8100
2026-09-30 07:09:51 - wave mode=full, epoch 87, alpha: 0.1215
2026-09-30 07:09:52 - train: epoch 88, iter:0, loss: 0.6397, lr: 0.000808388991558223
2026-09-30 07:09:54 - train: epoch 88, iter:20, loss: 0.6602, lr: 0.000808388991558223
2026-09-30 07:09:56 - val epoch: 88, loss: 0.8366
2026-09-30 07:09:56 - wave mode=full, epoch 88, alpha: 0.1218
2026-09-30 07:09:57 - train: epoch 89, iter:0, loss: 0.5525, lr: 0.0008042765618568752
2026-09-30 07:09:59 - train: epoch 89, iter:20, loss: 0.5898, lr: 0.0008042765618568752
2026-09-30 07:10:01 - val epoch: 89, loss: 0.8280
2026-09-30 07:10:15 - wave mode=full, epoch 89, alpha: 0.1220
2026-09-30 07:10:16 - train: epoch 90, iter:0, loss: 0.4714, lr: 0.0008001313131079794
2026-09-30 07:10:17 - train: epoch 90, iter:20, loss: 0.6064, lr: 0.0008001313131079794
2026-09-30 07:10:20 - val epoch: 90, loss: 0.8133, miou: 0.7866609845815589, f1_or_dsc: 0.8805934549086235, accuracy: 0.9421989894149327,                 specificity: 0.9636263654168781, sensitivity: 0.8755983025372954, confusion_matrix: [[38606242  1457255]
 [ 1603487 11286104]]
2026-09-30 07:10:20 - wave mode=full, epoch 90, alpha: 0.1221
2026-09-30 07:10:21 - train: epoch 91, iter:0, loss: 0.6162, lr: 0.0007959536998847737
2026-09-30 07:10:23 - train: epoch 91, iter:20, loss: 0.5966, lr: 0.0007959536998847737
2026-09-30 07:10:25 - val epoch: 91, loss: 0.8189
2026-09-30 07:10:25 - wave mode=full, epoch 91, alpha: 0.1220
2026-09-30 07:10:26 - train: epoch 92, iter:0, loss: 0.5177, lr: 0.0007917441803096255
2026-09-30 07:10:28 - train: epoch 92, iter:20, loss: 0.6049, lr: 0.0007917441803096255
2026-09-30 07:10:30 - val epoch: 92, loss: 0.7984
2026-09-30 07:10:30 - wave mode=full, epoch 92, alpha: 0.1224
2026-09-30 07:10:31 - train: epoch 93, iter:0, loss: 0.6255, lr: 0.0007875032160037932
2026-09-30 07:10:33 - train: epoch 93, iter:20, loss: 0.6156, lr: 0.0007875032160037932
2026-09-30 07:10:36 - val epoch: 93, loss: 0.8253
2026-09-30 07:10:36 - wave mode=full, epoch 93, alpha: 0.1226
2026-09-30 07:10:36 - train: epoch 94, iter:0, loss: 0.5537, lr: 0.0007832312720368042
2026-09-30 07:10:38 - train: epoch 94, iter:20, loss: 0.5826, lr: 0.0007832312720368042
2026-09-30 07:10:41 - val epoch: 94, loss: 0.8893
2026-09-30 07:10:41 - wave mode=full, epoch 94, alpha: 0.1230
2026-09-30 07:10:42 - train: epoch 95, iter:0, loss: 0.5723, lr: 0.0007789288168754548
2026-09-30 07:10:43 - train: epoch 95, iter:20, loss: 0.6133, lr: 0.0007789288168754548
2026-09-30 07:10:46 - val epoch: 95, loss: 0.8352
2026-09-30 07:10:46 - wave mode=full, epoch 95, alpha: 0.1231
2026-09-30 07:10:47 - train: epoch 96, iter:0, loss: 0.5772, lr: 0.0007745963223324379
2026-09-30 07:10:49 - train: epoch 96, iter:20, loss: 0.5995, lr: 0.0007745963223324379
2026-09-30 07:10:51 - val epoch: 96, loss: 0.8296
2026-09-30 07:10:51 - wave mode=full, epoch 96, alpha: 0.1234
2026-09-30 07:10:52 - train: epoch 97, iter:0, loss: 0.4537, lr: 0.0007702342635146028
2026-09-30 07:10:54 - train: epoch 97, iter:20, loss: 0.5901, lr: 0.0007702342635146028
2026-09-30 07:10:56 - val epoch: 97, loss: 0.8869
2026-09-30 07:10:56 - wave mode=full, epoch 97, alpha: 0.1237
2026-09-30 07:10:57 - train: epoch 98, iter:0, loss: 0.5040, lr: 0.000765843118770855
2026-09-30 07:10:59 - train: epoch 98, iter:20, loss: 0.6357, lr: 0.000765843118770855
2026-09-30 07:11:01 - val epoch: 98, loss: 0.8316
2026-09-30 07:11:01 - wave mode=full, epoch 98, alpha: 0.1241
2026-09-30 07:11:02 - train: epoch 99, iter:0, loss: 0.5265, lr: 0.0007614233696396991
2026-09-30 07:11:04 - train: epoch 99, iter:20, loss: 0.5996, lr: 0.0007614233696396991
2026-09-30 07:11:07 - val epoch: 99, loss: 0.8364
2026-09-30 07:11:07 - wave mode=full, epoch 99, alpha: 0.1245
2026-09-30 07:11:08 - train: epoch 100, iter:0, loss: 0.5549, lr: 0.0007569755007964334
2026-09-30 07:11:10 - train: epoch 100, iter:20, loss: 0.5780, lr: 0.0007569755007964334
2026-09-30 07:11:12 - val epoch: 100, loss: 0.8460, miou: 0.7749888499585477, f1_or_dsc: 0.8732323585882203, accuracy: 0.9358803210872235,                 specificity: 0.9450861965444505, sensitivity: 0.9072665688151005, confusion_matrix: [[37863458  2200039]
 [ 1195296 11694295]]
2026-09-30 07:11:12 - wave mode=full, epoch 100, alpha: 0.1243
2026-09-30 07:11:13 - train: epoch 101, iter:0, loss: 0.5571, lr: 0.0007524999999999996
2026-09-30 07:11:15 - train: epoch 101, iter:20, loss: 0.5900, lr: 0.0007524999999999996
2026-09-30 07:11:17 - val epoch: 101, loss: 0.8333
2026-09-30 07:11:17 - wave mode=full, epoch 101, alpha: 0.1245
2026-09-30 07:11:18 - train: epoch 102, iter:0, loss: 0.4815, lr: 0.0007479973580394943
2026-09-30 07:11:20 - train: epoch 102, iter:20, loss: 0.5896, lr: 0.0007479973580394943
2026-09-30 07:11:22 - val epoch: 102, loss: 0.8052
2026-09-30 07:11:22 - wave mode=full, epoch 102, alpha: 0.1245
2026-09-30 07:11:23 - train: epoch 103, iter:0, loss: 0.6261, lr: 0.0007434680686803487
2026-09-30 07:11:25 - train: epoch 103, iter:20, loss: 0.5787, lr: 0.0007434680686803487
2026-09-30 07:11:28 - val epoch: 103, loss: 0.7929
2026-09-30 07:11:28 - wave mode=full, epoch 103, alpha: 0.1249
2026-09-30 07:11:29 - train: epoch 104, iter:0, loss: 0.5483, lr: 0.0007389126286101815
2026-09-30 07:11:30 - train: epoch 104, iter:20, loss: 0.5692, lr: 0.0007389126286101815
2026-09-30 07:11:33 - val epoch: 104, loss: 0.8448
2026-09-30 07:11:33 - wave mode=full, epoch 104, alpha: 0.1252
2026-09-30 07:11:34 - train: epoch 105, iter:0, loss: 0.5726, lr: 0.0007343315373843313
2026-09-30 07:11:36 - train: epoch 105, iter:20, loss: 0.5907, lr: 0.0007343315373843313
2026-09-30 07:11:38 - val epoch: 105, loss: 0.8076
2026-09-30 07:11:38 - wave mode=full, epoch 105, alpha: 0.1255
2026-09-30 07:11:39 - train: epoch 106, iter:0, loss: 0.4601, lr: 0.0007297252973710753
2026-09-30 07:11:41 - train: epoch 106, iter:20, loss: 0.5717, lr: 0.0007297252973710753
2026-09-30 07:11:43 - val epoch: 106, loss: 0.8087
2026-09-30 07:11:43 - wave mode=full, epoch 106, alpha: 0.1258
2026-09-30 07:11:44 - train: epoch 107, iter:0, loss: 0.5230, lr: 0.0007250944136965387
2026-09-30 07:11:46 - train: epoch 107, iter:20, loss: 0.5575, lr: 0.0007250944136965387
2026-09-30 07:11:48 - val epoch: 107, loss: 0.7883
2026-09-30 07:11:48 - wave mode=full, epoch 107, alpha: 0.1256
2026-09-30 07:11:49 - train: epoch 108, iter:0, loss: 0.5204, lr: 0.0007204393941893019
2026-09-30 07:11:51 - train: epoch 108, iter:20, loss: 0.5767, lr: 0.0007204393941893019
2026-09-30 07:11:53 - val epoch: 108, loss: 0.8144
2026-09-30 07:11:53 - wave mode=full, epoch 108, alpha: 0.1259
2026-09-30 07:11:54 - train: epoch 109, iter:0, loss: 0.6543, lr: 0.0007157607493247106
2026-09-30 07:11:56 - train: epoch 109, iter:20, loss: 0.6000, lr: 0.0007157607493247106
2026-09-30 07:11:59 - val epoch: 109, loss: 0.8255
2026-09-30 07:11:59 - wave mode=full, epoch 109, alpha: 0.1265
2026-09-30 07:12:00 - train: epoch 110, iter:0, loss: 0.6620, lr: 0.0007110589921688983
2026-09-30 07:12:01 - train: epoch 110, iter:20, loss: 0.6051, lr: 0.0007110589921688983
2026-09-30 07:12:04 - val epoch: 110, loss: 0.8627, miou: 0.7770412636359717, f1_or_dsc: 0.8745337314746218, accuracy: 0.9370149669080677,                 specificity: 0.9483453978068864, sensitivity: 0.901797659832651, confusion_matrix: [[37994033  2069464]
 [ 1265788 11623803]]
2026-09-30 07:12:04 - wave mode=full, epoch 110, alpha: 0.1267
2026-09-30 07:12:05 - train: epoch 111, iter:0, loss: 0.4501, lr: 0.0007063346383225208
2026-09-30 07:12:07 - train: epoch 111, iter:20, loss: 0.5741, lr: 0.0007063346383225208
2026-09-30 07:12:09 - val epoch: 111, loss: 0.8112
2026-09-30 07:12:09 - wave mode=full, epoch 111, alpha: 0.1270
2026-09-30 07:12:10 - train: epoch 112, iter:0, loss: 0.5553, lr: 0.0007015882058642161
2026-09-30 07:12:12 - train: epoch 112, iter:20, loss: 0.5553, lr: 0.0007015882058642161
2026-09-30 07:12:14 - val epoch: 112, loss: 0.8057
2026-09-30 07:12:14 - wave mode=full, epoch 112, alpha: 0.1270
2026-09-30 07:12:15 - train: epoch 113, iter:0, loss: 0.4744, lr: 0.0006968202152937907
2026-09-30 07:12:17 - train: epoch 113, iter:20, loss: 0.5736, lr: 0.0006968202152937907
2026-09-30 07:12:19 - val epoch: 113, loss: 0.8109
2026-09-30 07:12:19 - wave mode=full, epoch 113, alpha: 0.1272
2026-09-30 07:12:20 - train: epoch 114, iter:0, loss: 0.4804, lr: 0.000692031189475141
2026-09-30 07:12:22 - train: epoch 114, iter:20, loss: 0.6080, lr: 0.000692031189475141
2026-09-30 07:12:24 - val epoch: 114, loss: 0.8131
2026-09-30 07:12:24 - wave mode=full, epoch 114, alpha: 0.1273
2026-09-30 07:12:25 - train: epoch 115, iter:0, loss: 0.6286, lr: 0.0006872216535789155
2026-09-30 07:12:27 - train: epoch 115, iter:20, loss: 0.5624, lr: 0.0006872216535789155
2026-09-30 07:12:30 - val epoch: 115, loss: 0.8547
2026-09-30 07:12:30 - wave mode=full, epoch 115, alpha: 0.1274
2026-09-30 07:12:30 - train: epoch 116, iter:0, loss: 0.4281, lr: 0.0006823921350249233
2026-09-30 07:12:32 - train: epoch 116, iter:20, loss: 0.5563, lr: 0.0006823921350249233
2026-09-30 07:12:35 - val epoch: 116, loss: 0.8098
2026-09-30 07:12:35 - wave mode=full, epoch 116, alpha: 0.1275
2026-09-30 07:12:36 - train: epoch 117, iter:0, loss: 0.5026, lr: 0.0006775431634242984
2026-09-30 07:12:37 - train: epoch 117, iter:20, loss: 0.5706, lr: 0.0006775431634242984
2026-09-30 07:12:40 - val epoch: 117, loss: 0.8230
2026-09-30 07:12:40 - wave mode=full, epoch 117, alpha: 0.1275
2026-09-30 07:12:41 - train: epoch 118, iter:0, loss: 0.4779, lr: 0.0006726752705214191
2026-09-30 07:12:42 - train: epoch 118, iter:20, loss: 0.5740, lr: 0.0006726752705214191
2026-09-30 07:12:45 - val epoch: 118, loss: 0.8078
2026-09-30 07:12:45 - wave mode=full, epoch 118, alpha: 0.1274
2026-09-30 07:12:46 - train: epoch 119, iter:0, loss: 0.5159, lr: 0.0006677889901355985
2026-09-30 07:12:48 - train: epoch 119, iter:20, loss: 0.6080, lr: 0.0006677889901355985
2026-09-30 07:12:50 - val epoch: 119, loss: 0.8183
2026-09-30 07:12:50 - wave mode=full, epoch 119, alpha: 0.1276
2026-09-30 07:12:51 - train: epoch 120, iter:0, loss: 0.5407, lr: 0.0006628848581025445
2026-09-30 07:12:53 - train: epoch 120, iter:20, loss: 0.5684, lr: 0.0006628848581025445
2026-09-30 07:12:55 - val epoch: 120, loss: 0.8131, miou: 0.7926155281073601, f1_or_dsc: 0.8843117954514229, accuracy: 0.9438680138918433,                 specificity: 0.9639815515854744, sensitivity: 0.8813510064050908, confusion_matrix: [[38620472  1443025]
 [ 1529337 11360254]]
2026-09-30 07:12:55 - wave mode=full, epoch 120, alpha: 0.1279
2026-09-30 07:12:56 - train: epoch 121, iter:0, loss: 0.5125, lr: 0.0006579634122155989
2026-09-30 07:12:58 - train: epoch 121, iter:20, loss: 0.5556, lr: 0.0006579634122155989
2026-09-30 07:13:00 - val epoch: 121, loss: 0.8285
2026-09-30 07:13:00 - wave mode=full, epoch 121, alpha: 0.1280
2026-09-30 07:13:01 - train: epoch 122, iter:0, loss: 0.6463, lr: 0.0006530251921667629
2026-09-30 07:13:03 - train: epoch 122, iter:20, loss: 0.5745, lr: 0.0006530251921667629
2026-09-30 07:13:06 - val epoch: 122, loss: 0.8236
2026-09-30 07:13:06 - wave mode=full, epoch 122, alpha: 0.1283
2026-09-30 07:13:07 - train: epoch 123, iter:0, loss: 0.7204, lr: 0.0006480707394875134
2026-09-30 07:13:08 - train: epoch 123, iter:20, loss: 0.5679, lr: 0.0006480707394875134
2026-09-30 07:13:11 - val epoch: 123, loss: 0.8225
2026-09-30 07:13:11 - wave mode=full, epoch 123, alpha: 0.1282
2026-09-30 07:13:12 - train: epoch 124, iter:0, loss: 0.6925, lr: 0.0006431005974894185
2026-09-30 07:13:13 - train: epoch 124, iter:20, loss: 0.5533, lr: 0.0006431005974894185
2026-09-30 07:13:16 - val epoch: 124, loss: 0.8031
2026-09-30 07:13:16 - wave mode=full, epoch 124, alpha: 0.1286
2026-09-30 07:13:17 - train: epoch 125, iter:0, loss: 0.4387, lr: 0.0006381153112045565
2026-09-30 07:13:19 - train: epoch 125, iter:20, loss: 0.5392, lr: 0.0006381153112045565
2026-09-30 07:13:21 - val epoch: 125, loss: 0.8265
2026-09-30 07:13:21 - wave mode=full, epoch 125, alpha: 0.1288
2026-09-30 07:13:22 - train: epoch 126, iter:0, loss: 0.5451, lr: 0.0006331154273257479
2026-09-30 07:13:24 - train: epoch 126, iter:20, loss: 0.5687, lr: 0.0006331154273257479
2026-09-30 07:13:26 - val epoch: 126, loss: 0.8039
2026-09-30 07:13:26 - wave mode=full, epoch 126, alpha: 0.1287
2026-09-30 07:13:27 - train: epoch 127, iter:0, loss: 0.5223, lr: 0.000628101494146603
2026-09-30 07:13:29 - train: epoch 127, iter:20, loss: 0.5786, lr: 0.000628101494146603
2026-09-30 07:13:31 - val epoch: 127, loss: 0.8251
2026-09-30 07:13:31 - wave mode=full, epoch 127, alpha: 0.1291
2026-09-30 07:13:32 - train: epoch 128, iter:0, loss: 0.6729, lr: 0.0006230740615013976
2026-09-30 07:13:34 - train: epoch 128, iter:20, loss: 0.5741, lr: 0.0006230740615013976
2026-09-30 07:13:37 - val epoch: 128, loss: 0.8426
2026-09-30 07:13:37 - wave mode=full, epoch 128, alpha: 0.1290
2026-09-30 07:13:37 - train: epoch 129, iter:0, loss: 0.6990, lr: 0.0006180336807047746
2026-09-30 07:13:39 - train: epoch 129, iter:20, loss: 0.5588, lr: 0.0006180336807047746
2026-09-30 07:13:42 - val epoch: 129, loss: 0.8509
2026-09-30 07:13:42 - wave mode=full, epoch 129, alpha: 0.1290
2026-09-30 07:13:43 - train: epoch 130, iter:0, loss: 0.6438, lr: 0.0006129809044912887
2026-09-30 07:13:44 - train: epoch 130, iter:20, loss: 0.5698, lr: 0.0006129809044912887
2026-09-30 07:13:47 - val epoch: 130, loss: 0.8309, miou: 0.7881435698923103, f1_or_dsc: 0.8815215770843006, accuracy: 0.9408236399735554,                 specificity: 0.9525398144849911, sensitivity: 0.9044073624989342, confusion_matrix: [[38162076  1901421]
 [ 1232150 11657441]]
2026-09-30 07:13:47 - wave mode=full, epoch 130, alpha: 0.1293
2026-09-30 07:13:48 - train: epoch 131, iter:0, loss: 0.4917, lr: 0.0006079162869547909
2026-09-30 07:13:49 - train: epoch 131, iter:20, loss: 0.5451, lr: 0.0006079162869547909
2026-09-30 07:13:52 - val epoch: 131, loss: 0.7968
2026-09-30 07:13:52 - wave mode=full, epoch 131, alpha: 0.1295
2026-09-30 07:13:53 - train: epoch 132, iter:0, loss: 0.4435, lr: 0.0006028403834876673
2026-09-30 07:13:55 - train: epoch 132, iter:20, loss: 0.5453, lr: 0.0006028403834876673
2026-09-30 07:13:57 - val epoch: 132, loss: 0.8111
2026-09-30 07:13:57 - wave mode=full, epoch 132, alpha: 0.1298
2026-09-30 07:13:58 - train: epoch 133, iter:0, loss: 0.4809, lr: 0.0005977537507199337
2026-09-30 07:14:00 - train: epoch 133, iter:20, loss: 0.5453, lr: 0.0005977537507199337
2026-09-30 07:14:02 - val epoch: 133, loss: 0.8057
2026-09-30 07:14:02 - wave mode=full, epoch 133, alpha: 0.1300
2026-09-30 07:14:03 - train: epoch 134, iter:0, loss: 0.4901, lr: 0.0005926569464581937
2026-09-30 07:14:05 - train: epoch 134, iter:20, loss: 0.5435, lr: 0.0005926569464581937
2026-09-30 07:14:07 - val epoch: 134, loss: 0.8857
2026-09-30 07:14:07 - wave mode=full, epoch 134, alpha: 0.1299
2026-09-30 07:14:08 - train: epoch 135, iter:0, loss: 0.5763, lr: 0.0005875505296244705
2026-09-30 07:14:10 - train: epoch 135, iter:20, loss: 0.5521, lr: 0.0005875505296244705
2026-09-30 07:14:12 - val epoch: 135, loss: 0.8514
2026-09-30 07:14:12 - wave mode=full, epoch 135, alpha: 0.1298
2026-09-30 07:14:13 - train: epoch 136, iter:0, loss: 0.5616, lr: 0.0005824350601949142
2026-09-30 07:14:15 - train: epoch 136, iter:20, loss: 0.5322, lr: 0.0005824350601949142
2026-09-30 07:14:17 - val epoch: 136, loss: 0.8318
2026-09-30 07:14:17 - wave mode=full, epoch 136, alpha: 0.1301
2026-09-30 07:14:18 - train: epoch 137, iter:0, loss: 0.6498, lr: 0.0005773110991383937
2026-09-30 07:14:20 - train: epoch 137, iter:20, loss: 0.5680, lr: 0.0005773110991383937
2026-09-30 07:14:23 - val epoch: 137, loss: 0.8459
2026-09-30 07:14:23 - wave mode=full, epoch 137, alpha: 0.1301
2026-09-30 07:14:23 - train: epoch 138, iter:0, loss: 0.4381, lr: 0.0005721792083549806
2026-09-30 07:14:25 - train: epoch 138, iter:20, loss: 0.5582, lr: 0.0005721792083549806
2026-09-30 07:14:28 - val epoch: 138, loss: 0.8336
2026-09-30 07:14:28 - wave mode=full, epoch 138, alpha: 0.1303
2026-09-30 07:14:29 - train: epoch 139, iter:0, loss: 0.4766, lr: 0.0005670399506143306
2026-09-30 07:14:30 - train: epoch 139, iter:20, loss: 0.5400, lr: 0.0005670399506143306
2026-09-30 07:14:33 - val epoch: 139, loss: 0.8099
2026-09-30 07:14:33 - wave mode=full, epoch 139, alpha: 0.1303
2026-09-30 07:14:34 - train: epoch 140, iter:0, loss: 0.5103, lr: 0.000561893889493969
2026-09-30 07:14:36 - train: epoch 140, iter:20, loss: 0.5328, lr: 0.000561893889493969
2026-09-30 07:14:38 - val epoch: 140, loss: 0.8275, miou: 0.7788974295772761, f1_or_dsc: 0.875708083700326, accuracy: 0.9376613125942721,                 specificity: 0.9490746152289202, sensitivity: 0.9021864231378637, confusion_matrix: [[38023248  2040249]
 [ 1260777 11628814]]
2026-09-30 07:14:38 - wave mode=full, epoch 140, alpha: 0.1307
2026-09-30 07:14:39 - train: epoch 141, iter:0, loss: 0.5628, lr: 0.0005567415893174885
2026-09-30 07:14:41 - train: epoch 141, iter:20, loss: 0.5543, lr: 0.0005567415893174885
2026-09-30 07:14:43 - val epoch: 141, loss: 0.8088
2026-09-30 07:14:43 - wave mode=full, epoch 141, alpha: 0.1307
2026-09-30 07:14:44 - train: epoch 142, iter:0, loss: 0.4338, lr: 0.0005515836150926646
2026-09-30 07:14:46 - train: epoch 142, iter:20, loss: 0.5424, lr: 0.0005515836150926646
2026-09-30 07:14:49 - val epoch: 142, loss: 0.8087
2026-09-30 07:14:49 - wave mode=full, epoch 142, alpha: 0.1308
2026-09-30 07:14:50 - train: epoch 143, iter:0, loss: 0.5212, lr: 0.0005464205324494961
2026-09-30 07:14:51 - train: epoch 143, iter:20, loss: 0.5254, lr: 0.0005464205324494961
2026-09-30 07:14:54 - val epoch: 143, loss: 0.8226
2026-09-30 07:14:54 - wave mode=full, epoch 143, alpha: 0.1313
2026-09-30 07:14:55 - train: epoch 144, iter:0, loss: 0.5035, lr: 0.0005412529075781776
2026-09-30 07:14:56 - train: epoch 144, iter:20, loss: 0.5408, lr: 0.0005412529075781776
2026-09-30 07:14:59 - val epoch: 144, loss: 0.8267
2026-09-30 07:14:59 - wave mode=full, epoch 144, alpha: 0.1314
2026-09-30 07:15:00 - train: epoch 145, iter:0, loss: 0.5229, lr: 0.0005360813071670101
2026-09-30 07:15:01 - train: epoch 145, iter:20, loss: 0.5295, lr: 0.0005360813071670101
2026-09-30 07:15:04 - val epoch: 145, loss: 0.8295
2026-09-30 07:15:04 - wave mode=full, epoch 145, alpha: 0.1312
2026-09-30 07:15:05 - train: epoch 146, iter:0, loss: 0.4399, lr: 0.0005309062983402573
2026-09-30 07:15:07 - train: epoch 146, iter:20, loss: 0.5261, lr: 0.0005309062983402573
2026-09-30 07:15:09 - val epoch: 146, loss: 0.8465
2026-09-30 07:15:09 - wave mode=full, epoch 146, alpha: 0.1315
2026-09-30 07:15:10 - train: epoch 147, iter:0, loss: 0.5623, lr: 0.0005257284485959538
2026-09-30 07:15:12 - train: epoch 147, iter:20, loss: 0.5450, lr: 0.0005257284485959538
2026-09-30 07:15:14 - val epoch: 147, loss: 0.8261
2026-09-30 07:15:14 - wave mode=full, epoch 147, alpha: 0.1316
2026-09-30 07:15:23 - train: epoch 148, iter:0, loss: 0.4851, lr: 0.0005205483257436734
2026-09-30 07:15:25 - train: epoch 148, iter:20, loss: 0.5426, lr: 0.0005205483257436734
2026-09-30 07:15:28 - val epoch: 148, loss: 0.8621
2026-09-30 07:15:28 - wave mode=full, epoch 148, alpha: 0.1316
2026-09-30 07:15:29 - train: epoch 149, iter:0, loss: 0.5943, lr: 0.0005153664978422616
2026-09-30 07:15:31 - train: epoch 149, iter:20, loss: 0.5259, lr: 0.0005153664978422616
2026-09-30 07:15:33 - val epoch: 149, loss: 0.8824
2026-09-30 07:15:33 - wave mode=full, epoch 149, alpha: 0.1317
2026-09-30 07:15:34 - train: epoch 150, iter:0, loss: 0.5834, lr: 0.0005101835331375416
2026-09-30 07:15:36 - train: epoch 150, iter:20, loss: 0.5345, lr: 0.0005101835331375416
2026-09-30 07:15:38 - val epoch: 150, loss: 0.8203, miou: 0.7839522156883791, f1_or_dsc: 0.878893738065594, accuracy: 0.9394481772243386,                 specificity: 0.9512873776345585, sensitivity: 0.9026495099805727, confusion_matrix: [[38111899  1951598]
 [ 1254808 11634783]]
2026-09-30 07:15:38 - wave mode=full, epoch 150, alpha: 0.1319
2026-09-30 07:15:39 - train: epoch 151, iter:0, loss: 0.5661, lr: 0.0005049999999999999
2026-09-30 07:15:41 - train: epoch 151, iter:20, loss: 0.5293, lr: 0.0005049999999999999
2026-09-30 07:15:44 - val epoch: 151, loss: 0.8265
2026-09-30 07:15:44 - wave mode=full, epoch 151, alpha: 0.1320
2026-09-30 07:15:45 - train: epoch 152, iter:0, loss: 0.5826, lr: 0.0004998164668624582
2026-09-30 07:15:46 - train: epoch 152, iter:20, loss: 0.5452, lr: 0.0004998164668624582
2026-09-30 07:15:49 - val epoch: 152, loss: 0.8278
2026-09-30 07:15:49 - wave mode=full, epoch 152, alpha: 0.1321
2026-09-30 07:15:50 - train: epoch 153, iter:0, loss: 0.4714, lr: 0.0004946335021577383
2026-09-30 07:15:52 - train: epoch 153, iter:20, loss: 0.5343, lr: 0.0004946335021577383
2026-09-30 07:15:54 - val epoch: 153, loss: 0.8111
2026-09-30 07:15:54 - wave mode=full, epoch 153, alpha: 0.1320
2026-09-30 07:15:55 - train: epoch 154, iter:0, loss: 0.4822, lr: 0.0004894516742563263
2026-09-30 07:15:57 - train: epoch 154, iter:20, loss: 0.5174, lr: 0.0004894516742563263
2026-09-30 07:15:59 - val epoch: 154, loss: 0.8242
2026-09-30 07:15:59 - wave mode=full, epoch 154, alpha: 0.1321
2026-09-30 07:16:00 - train: epoch 155, iter:0, loss: 0.5310, lr: 0.000484271551404046
2026-09-30 07:16:02 - train: epoch 155, iter:20, loss: 0.5336, lr: 0.000484271551404046
2026-09-30 07:16:04 - val epoch: 155, loss: 0.8150
2026-09-30 07:16:04 - wave mode=full, epoch 155, alpha: 0.1324
2026-09-30 07:16:05 - train: epoch 156, iter:0, loss: 0.5414, lr: 0.0004790937016597426
2026-09-30 07:16:07 - train: epoch 156, iter:20, loss: 0.5292, lr: 0.0004790937016597426
2026-09-30 07:16:09 - val epoch: 156, loss: 0.7850
2026-09-30 07:16:09 - wave mode=full, epoch 156, alpha: 0.1326
2026-09-30 07:16:10 - train: epoch 157, iter:0, loss: 0.5027, lr: 0.0004739186928329898
2026-09-30 07:16:12 - train: epoch 157, iter:20, loss: 0.5407, lr: 0.0004739186928329898
2026-09-30 07:16:14 - val epoch: 157, loss: 0.7925
2026-09-30 07:16:14 - wave mode=full, epoch 157, alpha: 0.1327
2026-09-30 07:16:15 - train: epoch 158, iter:0, loss: 0.5159, lr: 0.0004687470924218222
2026-09-30 07:16:17 - train: epoch 158, iter:20, loss: 0.5314, lr: 0.0004687470924218222
2026-09-30 07:16:20 - val epoch: 158, loss: 0.8185
2026-09-30 07:16:20 - wave mode=full, epoch 158, alpha: 0.1330
2026-09-30 07:16:20 - train: epoch 159, iter:0, loss: 0.4371, lr: 0.00046357946755050356
2026-09-30 07:16:22 - train: epoch 159, iter:20, loss: 0.5219, lr: 0.00046357946755050356
2026-09-30 07:16:25 - val epoch: 159, loss: 0.8033
2026-09-30 07:16:25 - wave mode=full, epoch 159, alpha: 0.1329
2026-09-30 07:16:26 - train: epoch 160, iter:0, loss: 0.4813, lr: 0.00045841638490733513
2026-09-30 07:16:28 - train: epoch 160, iter:20, loss: 0.5241, lr: 0.00045841638490733513
2026-09-30 07:16:30 - val epoch: 160, loss: 0.7977, miou: 0.7932937643270057, f1_or_dsc: 0.8847337565183763, accuracy: 0.9438267320689588,                 specificity: 0.9625437589734116, sensitivity: 0.8856503670287134, confusion_matrix: [[38562869  1500628]
 [ 1473920 11415671]]
2026-09-30 07:16:30 - wave mode=full, epoch 160, alpha: 0.1330
2026-09-30 07:16:31 - train: epoch 161, iter:0, loss: 0.4555, lr: 0.00045325841068251133
2026-09-30 07:16:33 - train: epoch 161, iter:20, loss: 0.5343, lr: 0.00045325841068251133
2026-09-30 07:16:36 - val epoch: 161, loss: 0.8391
2026-09-30 07:16:36 - wave mode=full, epoch 161, alpha: 0.1333
2026-09-30 07:16:37 - train: epoch 162, iter:0, loss: 0.5558, lr: 0.0004481061105060308
2026-09-30 07:16:39 - train: epoch 162, iter:20, loss: 0.5493, lr: 0.0004481061105060308
2026-09-30 07:16:41 - val epoch: 162, loss: 0.7958
2026-09-30 07:16:41 - wave mode=full, epoch 162, alpha: 0.1332
2026-09-30 07:16:42 - train: epoch 163, iter:0, loss: 0.5186, lr: 0.0004429600493856691
2026-09-30 07:16:44 - train: epoch 163, iter:20, loss: 0.5148, lr: 0.0004429600493856691
2026-09-30 07:16:47 - val epoch: 163, loss: 0.8077
2026-09-30 07:16:47 - wave mode=full, epoch 163, alpha: 0.1334
2026-09-30 07:16:47 - train: epoch 164, iter:0, loss: 0.4995, lr: 0.000437820791645019
2026-09-30 07:16:49 - train: epoch 164, iter:20, loss: 0.5199, lr: 0.000437820791645019
2026-09-30 07:16:51 - val epoch: 164, loss: 0.7985
2026-09-30 07:16:51 - wave mode=full, epoch 164, alpha: 0.1336
2026-09-30 07:16:52 - train: epoch 165, iter:0, loss: 0.4466, lr: 0.00043268890086160604
2026-09-30 07:16:54 - train: epoch 165, iter:20, loss: 0.5325, lr: 0.00043268890086160604
2026-09-30 07:16:56 - val epoch: 165, loss: 0.8151
2026-09-30 07:16:56 - wave mode=full, epoch 165, alpha: 0.1337
2026-09-30 07:16:57 - train: epoch 166, iter:0, loss: 0.4806, lr: 0.0004275649398050855
2026-09-30 07:16:59 - train: epoch 166, iter:20, loss: 0.5534, lr: 0.0004275649398050855
2026-09-30 07:17:02 - val epoch: 166, loss: 0.8038
2026-09-30 07:17:02 - wave mode=full, epoch 166, alpha: 0.1338
2026-09-30 07:17:02 - train: epoch 167, iter:0, loss: 0.4859, lr: 0.0004224494703755289
2026-09-30 07:17:04 - train: epoch 167, iter:20, loss: 0.5088, lr: 0.0004224494703755289
2026-09-30 07:17:07 - val epoch: 167, loss: 0.8263
2026-09-30 07:17:07 - wave mode=full, epoch 167, alpha: 0.1339
2026-09-30 07:17:08 - train: epoch 168, iter:0, loss: 0.5079, lr: 0.00041734305354180595
2026-09-30 07:17:09 - train: epoch 168, iter:20, loss: 0.5238, lr: 0.00041734305354180595
2026-09-30 07:17:12 - val epoch: 168, loss: 0.8256
2026-09-30 07:17:12 - wave mode=full, epoch 168, alpha: 0.1341
2026-09-30 07:17:13 - train: epoch 169, iter:0, loss: 0.4943, lr: 0.000412246249280066
2026-09-30 07:17:15 - train: epoch 169, iter:20, loss: 0.5009, lr: 0.000412246249280066
2026-09-30 07:17:17 - val epoch: 169, loss: 0.8516
2026-09-30 07:17:17 - wave mode=full, epoch 169, alpha: 0.1342
2026-09-30 07:17:18 - train: epoch 170, iter:0, loss: 0.6043, lr: 0.0004071596165123322
2026-09-30 07:17:20 - train: epoch 170, iter:20, loss: 0.5183, lr: 0.0004071596165123322
2026-09-30 07:17:22 - val epoch: 170, loss: 0.8114, miou: 0.7882790147091393, f1_or_dsc: 0.8816062909929653, accuracy: 0.941742736514252,                 specificity: 0.958041356200134, sensitivity: 0.8910832779721249, confusion_matrix: [[38382487  1681010]
 [ 1403892 11485699]]
2026-09-30 07:17:22 - wave mode=full, epoch 170, alpha: 0.1342
2026-09-30 07:17:23 - train: epoch 171, iter:0, loss: 0.6727, lr: 0.0004020837130452088
2026-09-30 07:17:25 - train: epoch 171, iter:20, loss: 0.5276, lr: 0.0004020837130452088
2026-09-30 07:17:28 - val epoch: 171, loss: 0.8327
2026-09-30 07:17:28 - wave mode=full, epoch 171, alpha: 0.1344
2026-09-30 07:17:29 - train: epoch 172, iter:0, loss: 0.4649, lr: 0.00039701909550871116
2026-09-30 07:17:31 - train: epoch 172, iter:20, loss: 0.5182, lr: 0.00039701909550871116
2026-09-30 07:17:33 - val epoch: 172, loss: 0.8123
2026-09-30 07:17:33 - wave mode=full, epoch 172, alpha: 0.1346
2026-09-30 07:17:34 - train: epoch 173, iter:0, loss: 0.4658, lr: 0.0003919663192952252
2026-09-30 07:17:36 - train: epoch 173, iter:20, loss: 0.5128, lr: 0.0003919663192952252
2026-09-30 07:17:39 - val epoch: 173, loss: 0.8158
2026-09-30 07:17:39 - wave mode=full, epoch 173, alpha: 0.1347
2026-09-30 07:17:39 - train: epoch 174, iter:0, loss: 0.4693, lr: 0.0003869259384986023
2026-09-30 07:17:41 - train: epoch 174, iter:20, loss: 0.5169, lr: 0.0003869259384986023
2026-09-30 07:17:44 - val epoch: 174, loss: 0.8425
2026-09-30 07:17:44 - wave mode=full, epoch 174, alpha: 0.1348
2026-09-30 07:17:44 - train: epoch 175, iter:0, loss: 0.4405, lr: 0.0003818985058533967
2026-09-30 07:17:46 - train: epoch 175, iter:20, loss: 0.5045, lr: 0.0003818985058533967
2026-09-30 07:17:49 - val epoch: 175, loss: 0.8065
2026-09-30 07:17:49 - wave mode=full, epoch 175, alpha: 0.1348
2026-09-30 07:17:50 - train: epoch 176, iter:0, loss: 0.5225, lr: 0.00037688457267425206
2026-09-30 07:17:52 - train: epoch 176, iter:20, loss: 0.5201, lr: 0.00037688457267425206
2026-09-30 07:17:54 - val epoch: 176, loss: 0.8292
2026-09-30 07:17:54 - wave mode=full, epoch 176, alpha: 0.1350
2026-09-30 07:17:55 - train: epoch 177, iter:0, loss: 0.6527, lr: 0.0003718846887954434
2026-09-30 07:17:57 - train: epoch 177, iter:20, loss: 0.5066, lr: 0.0003718846887954434
2026-09-30 07:17:59 - val epoch: 177, loss: 0.8380
2026-09-30 07:17:59 - wave mode=full, epoch 177, alpha: 0.1352
2026-09-30 07:18:00 - train: epoch 178, iter:0, loss: 0.5908, lr: 0.0003668994025105812
2026-09-30 07:18:02 - train: epoch 178, iter:20, loss: 0.5368, lr: 0.0003668994025105812
2026-09-30 07:18:04 - val epoch: 178, loss: 0.8150
2026-09-30 07:18:04 - wave mode=full, epoch 178, alpha: 0.1351
2026-09-30 07:18:05 - train: epoch 179, iter:0, loss: 0.3648, lr: 0.0003619292605124862
2026-09-30 07:18:07 - train: epoch 179, iter:20, loss: 0.5257, lr: 0.0003619292605124862
2026-09-30 07:18:09 - val epoch: 179, loss: 0.8095
2026-09-30 07:18:09 - wave mode=full, epoch 179, alpha: 0.1352
2026-09-30 07:18:10 - train: epoch 180, iter:0, loss: 0.5954, lr: 0.00035697480783323686
2026-09-30 07:18:12 - train: epoch 180, iter:20, loss: 0.4992, lr: 0.00035697480783323686
2026-09-30 07:18:14 - val epoch: 180, loss: 0.8330, miou: 0.7815130986687588, f1_or_dsc: 0.8773588016307564, accuracy: 0.9384691974904278,                 specificity: 0.9495005640670858, sensitivity: 0.9041814437711794, confusion_matrix: [[38040313  2023184]
 [ 1235062 11654529]]
2026-09-30 07:18:14 - wave mode=full, epoch 180, alpha: 0.1354
2026-09-30 07:18:15 - train: epoch 181, iter:0, loss: 0.5429, lr: 0.00035203658778440076
2026-09-30 07:18:17 - train: epoch 181, iter:20, loss: 0.5220, lr: 0.00035203658778440076
2026-09-30 07:18:19 - val epoch: 181, loss: 0.8343
2026-09-30 07:18:19 - wave mode=full, epoch 181, alpha: 0.1354
2026-09-30 07:18:20 - train: epoch 182, iter:0, loss: 0.4873, lr: 0.00034711514189745505
2026-09-30 07:18:22 - train: epoch 182, iter:20, loss: 0.5020, lr: 0.00034711514189745505
2026-09-30 07:18:25 - val epoch: 182, loss: 0.8286
2026-09-30 07:18:25 - wave mode=full, epoch 182, alpha: 0.1356
2026-09-30 07:18:25 - train: epoch 183, iter:0, loss: 0.5685, lr: 0.00034221100986440094
2026-09-30 07:18:27 - train: epoch 183, iter:20, loss: 0.5136, lr: 0.00034221100986440094
2026-09-30 07:18:30 - val epoch: 183, loss: 0.8198
2026-09-30 07:18:30 - wave mode=full, epoch 183, alpha: 0.1358
2026-09-30 07:18:31 - train: epoch 184, iter:0, loss: 0.5026, lr: 0.0003373247294785804
2026-09-30 07:18:32 - train: epoch 184, iter:20, loss: 0.4963, lr: 0.0003373247294785804
2026-09-30 07:18:35 - val epoch: 184, loss: 0.8416
2026-09-30 07:18:35 - wave mode=full, epoch 184, alpha: 0.1358
2026-09-30 07:18:36 - train: epoch 185, iter:0, loss: 0.5396, lr: 0.0003324568365757012
2026-09-30 07:18:37 - train: epoch 185, iter:20, loss: 0.5180, lr: 0.0003324568365757012
2026-09-30 07:18:40 - val epoch: 185, loss: 0.8436
2026-09-30 07:18:40 - wave mode=full, epoch 185, alpha: 0.1358
2026-09-30 07:18:41 - train: epoch 186, iter:0, loss: 0.4778, lr: 0.0003276078649750761
2026-09-30 07:18:43 - train: epoch 186, iter:20, loss: 0.5063, lr: 0.0003276078649750761
2026-09-30 07:18:45 - val epoch: 186, loss: 0.8282
2026-09-30 07:18:45 - wave mode=full, epoch 186, alpha: 0.1358
2026-09-30 07:18:46 - train: epoch 187, iter:0, loss: 0.5205, lr: 0.00032277834642108417
2026-09-30 07:18:48 - train: epoch 187, iter:20, loss: 0.5144, lr: 0.00032277834642108417
2026-09-30 07:18:50 - val epoch: 187, loss: 0.8366
2026-09-30 07:18:50 - wave mode=full, epoch 187, alpha: 0.1360
2026-09-30 07:18:51 - train: epoch 188, iter:0, loss: 0.5475, lr: 0.00031796881052485835
2026-09-30 07:18:53 - train: epoch 188, iter:20, loss: 0.5087, lr: 0.00031796881052485835
2026-09-30 07:18:55 - val epoch: 188, loss: 0.8449
2026-09-30 07:18:55 - wave mode=full, epoch 188, alpha: 0.1360
2026-09-30 07:18:56 - train: epoch 189, iter:0, loss: 0.3756, lr: 0.00031317978470620867
2026-09-30 07:18:58 - train: epoch 189, iter:20, loss: 0.5041, lr: 0.00031317978470620867
2026-09-30 07:19:00 - val epoch: 189, loss: 0.8280
2026-09-30 07:19:00 - wave mode=full, epoch 189, alpha: 0.1360
2026-09-30 07:19:01 - train: epoch 190, iter:0, loss: 0.4610, lr: 0.00030841179413578315
2026-09-30 07:19:03 - train: epoch 190, iter:20, loss: 0.5095, lr: 0.00030841179413578315
2026-09-30 07:19:06 - val epoch: 190, loss: 0.8170, miou: 0.7894696375670675, f1_or_dsc: 0.8823504137688717, accuracy: 0.9426535615826598,                 specificity: 0.9617028189027034, sensitivity: 0.8834445561538764, confusion_matrix: [[38529178  1534319]
 [ 1502352 11387239]]
2026-09-30 07:19:06 - wave mode=full, epoch 190, alpha: 0.1361
2026-09-30 07:19:06 - train: epoch 191, iter:0, loss: 0.4070, lr: 0.0003036653616774785
2026-09-30 07:19:08 - train: epoch 191, iter:20, loss: 0.5252, lr: 0.0003036653616774785
2026-09-30 07:19:11 - val epoch: 191, loss: 0.8672
2026-09-30 07:19:11 - wave mode=full, epoch 191, alpha: 0.1361
2026-09-30 07:19:12 - train: epoch 192, iter:0, loss: 0.5044, lr: 0.0002989410078311011
2026-09-30 07:19:13 - train: epoch 192, iter:20, loss: 0.5264, lr: 0.0002989410078311011
2026-09-30 07:19:16 - val epoch: 192, loss: 0.8172
2026-09-30 07:19:16 - wave mode=full, epoch 192, alpha: 0.1362
2026-09-30 07:19:17 - train: epoch 193, iter:0, loss: 0.4524, lr: 0.00029423925067528865
2026-09-30 07:19:18 - train: epoch 193, iter:20, loss: 0.4981, lr: 0.00029423925067528865
2026-09-30 07:19:21 - val epoch: 193, loss: 0.8086
2026-09-30 07:19:21 - wave mode=full, epoch 193, alpha: 0.1363
2026-09-30 07:19:21 - train: epoch 194, iter:0, loss: 0.5110, lr: 0.0002895606058106975
2026-09-30 07:19:23 - train: epoch 194, iter:20, loss: 0.5067, lr: 0.0002895606058106975
2026-09-30 07:19:52 - val epoch: 194, loss: 0.8359
2026-09-30 07:19:52 - wave mode=full, epoch 194, alpha: 0.1364
2026-09-30 07:19:53 - train: epoch 195, iter:0, loss: 0.4578, lr: 0.0002849055863034606
2026-09-30 07:19:55 - train: epoch 195, iter:20, loss: 0.4980, lr: 0.0002849055863034606
2026-09-30 07:19:57 - val epoch: 195, loss: 0.8287
2026-09-30 07:19:57 - wave mode=full, epoch 195, alpha: 0.1366
2026-09-30 07:19:58 - train: epoch 196, iter:0, loss: 0.5429, lr: 0.00028027470262892396
2026-09-30 07:20:00 - train: epoch 196, iter:20, loss: 0.5082, lr: 0.00028027470262892396
2026-09-30 07:20:02 - val epoch: 196, loss: 0.8395
2026-09-30 07:20:02 - wave mode=full, epoch 196, alpha: 0.1366
2026-09-30 07:20:03 - train: epoch 197, iter:0, loss: 0.4962, lr: 0.0002756684626156682
2026-09-30 07:20:05 - train: epoch 197, iter:20, loss: 0.5081, lr: 0.0002756684626156682
2026-09-30 07:20:07 - val epoch: 197, loss: 0.8369
2026-09-30 07:20:08 - wave mode=full, epoch 197, alpha: 0.1367
2026-09-30 07:20:09 - train: epoch 198, iter:0, loss: 0.4496, lr: 0.000271087371389818
2026-09-30 07:20:11 - train: epoch 198, iter:20, loss: 0.5036, lr: 0.000271087371389818
2026-09-30 07:20:13 - val epoch: 198, loss: 0.8200
2026-09-30 07:20:13 - wave mode=full, epoch 198, alpha: 0.1367
2026-09-30 07:20:14 - train: epoch 199, iter:0, loss: 0.4566, lr: 0.0002665319313196505
2026-09-30 07:20:16 - train: epoch 199, iter:20, loss: 0.4962, lr: 0.0002665319313196505
2026-09-30 07:20:18 - val epoch: 199, loss: 0.8118
2026-09-30 07:20:22 - wave mode=full, epoch 199, alpha: 0.1367
2026-09-30 07:20:23 - train: epoch 200, iter:0, loss: 0.4316, lr: 0.00026200264196050494
2026-09-30 07:20:26 - train: epoch 200, iter:20, loss: 0.4939, lr: 0.00026200264196050494
2026-09-30 07:20:29 - val epoch: 200, loss: 0.8148, miou: 0.7892247654812755, f1_or_dsc: 0.8821974530058391, accuracy: 0.9413347338685895,                 specificity: 0.9538509831031475, sensitivity: 0.9024316597788091, confusion_matrix: [[38214606  1848891]
 [ 1257616 11631975]]
2026-09-30 07:20:29 - wave mode=full, epoch 200, alpha: 0.1367
2026-09-30 07:20:30 - train: epoch 201, iter:0, loss: 0.4493, lr: 0.00025749999999999954
2026-09-30 07:20:32 - train: epoch 201, iter:20, loss: 0.4854, lr: 0.00025749999999999954
2026-09-30 07:20:34 - val epoch: 201, loss: 0.8068
2026-09-30 07:20:34 - wave mode=full, epoch 201, alpha: 0.1368
2026-09-30 07:20:35 - train: epoch 202, iter:0, loss: 0.5267, lr: 0.0002530244992035658
2026-09-30 07:20:37 - train: epoch 202, iter:20, loss: 0.4890, lr: 0.0002530244992035658
2026-09-30 07:20:39 - val epoch: 202, loss: 0.8204
2026-09-30 07:20:39 - wave mode=full, epoch 202, alpha: 0.1368
2026-09-30 07:20:40 - train: epoch 203, iter:0, loss: 0.4619, lr: 0.0002485766303603003
2026-09-30 07:20:42 - train: epoch 203, iter:20, loss: 0.4960, lr: 0.0002485766303603003
2026-09-30 07:20:44 - val epoch: 203, loss: 0.8190
2026-09-30 07:20:44 - wave mode=full, epoch 203, alpha: 0.1368
2026-09-30 07:20:45 - train: epoch 204, iter:0, loss: 0.4805, lr: 0.0002441568812291443
2026-09-30 07:20:47 - train: epoch 204, iter:20, loss: 0.4934, lr: 0.0002441568812291443
2026-09-30 07:20:49 - val epoch: 204, loss: 0.8244
2026-09-30 07:20:49 - wave mode=full, epoch 204, alpha: 0.1370
2026-09-30 07:20:50 - train: epoch 205, iter:0, loss: 0.5093, lr: 0.00023976573648539645
2026-09-30 07:20:52 - train: epoch 205, iter:20, loss: 0.4870, lr: 0.00023976573648539645
2026-09-30 07:20:55 - val epoch: 205, loss: 0.8134
2026-09-30 07:20:55 - wave mode=full, epoch 205, alpha: 0.1372
2026-09-30 07:20:55 - train: epoch 206, iter:0, loss: 0.5042, lr: 0.00023540367766756144
2026-09-30 07:20:57 - train: epoch 206, iter:20, loss: 0.4970, lr: 0.00023540367766756144
2026-09-30 07:21:00 - val epoch: 206, loss: 0.8222
2026-09-30 07:21:00 - wave mode=full, epoch 206, alpha: 0.1372
2026-09-30 07:21:01 - train: epoch 207, iter:0, loss: 0.4800, lr: 0.0002310711831245444
2026-09-30 07:21:02 - train: epoch 207, iter:20, loss: 0.4894, lr: 0.0002310711831245444
2026-09-30 07:21:05 - val epoch: 207, loss: 0.8267
2026-09-30 07:21:05 - wave mode=full, epoch 207, alpha: 0.1372
2026-09-30 07:21:06 - train: epoch 208, iter:0, loss: 0.5226, lr: 0.00022676872796319514
2026-09-30 07:21:07 - train: epoch 208, iter:20, loss: 0.5052, lr: 0.00022676872796319514
2026-09-30 07:21:10 - val epoch: 208, loss: 0.8171
2026-09-30 07:21:16 - wave mode=full, epoch 208, alpha: 0.1373
2026-09-30 07:21:30 - train: epoch 209, iter:0, loss: 0.5648, lr: 0.00022249678399620604
2026-09-30 07:21:31 - train: epoch 209, iter:20, loss: 0.4985, lr: 0.00022249678399620604
2026-09-30 07:21:34 - val epoch: 209, loss: 0.8240
2026-09-30 07:21:36 - wave mode=full, epoch 209, alpha: 0.1373
2026-09-30 07:21:37 - train: epoch 210, iter:0, loss: 0.4755, lr: 0.0002182558196903736
2026-09-30 07:21:39 - train: epoch 210, iter:20, loss: 0.4980, lr: 0.0002182558196903736
2026-09-30 07:21:41 - val epoch: 210, loss: 0.8166, miou: 0.7940124686009822, f1_or_dsc: 0.885180546398514, accuracy: 0.9434492092321415,                 specificity: 0.9588681437369284, sensitivity: 0.8955239929645556, confusion_matrix: [[38415611  1647886]
 [ 1346653 11542938]]
2026-09-30 07:21:42 - wave mode=full, epoch 210, alpha: 0.1373
2026-09-30 07:21:42 - train: epoch 211, iter:0, loss: 0.5150, lr: 0.00021404630011522552
2026-09-30 07:21:44 - train: epoch 211, iter:20, loss: 0.5055, lr: 0.00021404630011522552
2026-09-30 07:21:47 - val epoch: 211, loss: 0.8213
2026-09-30 07:21:47 - wave mode=full, epoch 211, alpha: 0.1373
2026-09-30 07:21:47 - train: epoch 212, iter:0, loss: 0.5030, lr: 0.0002098686868920198
2026-09-30 07:21:49 - train: epoch 212, iter:20, loss: 0.5041, lr: 0.0002098686868920198
2026-09-30 07:21:52 - val epoch: 212, loss: 0.8334
2026-09-30 07:21:52 - wave mode=full, epoch 212, alpha: 0.1375
2026-09-30 07:21:53 - train: epoch 213, iter:0, loss: 0.4745, lr: 0.00020572343814312415
2026-09-30 07:21:54 - train: epoch 213, iter:20, loss: 0.5072, lr: 0.00020572343814312415
2026-09-30 07:21:57 - val epoch: 213, loss: 0.8202
2026-09-30 07:22:00 - wave mode=full, epoch 213, alpha: 0.1375
2026-09-30 07:22:01 - train: epoch 214, iter:0, loss: 0.4940, lr: 0.00020161100844177644
2026-09-30 07:22:03 - train: epoch 214, iter:20, loss: 0.4919, lr: 0.00020161100844177644
2026-09-30 07:22:05 - val epoch: 214, loss: 0.8255
2026-09-30 07:22:05 - wave mode=full, epoch 214, alpha: 0.1375
2026-09-30 07:22:06 - train: epoch 215, iter:0, loss: 0.5869, lr: 0.0001975318487622361
2026-09-30 07:22:08 - train: epoch 215, iter:20, loss: 0.4985, lr: 0.0001975318487622361
2026-09-30 07:22:10 - val epoch: 215, loss: 0.8250
2026-09-30 07:22:10 - wave mode=full, epoch 215, alpha: 0.1377
2026-09-30 07:22:11 - train: epoch 216, iter:0, loss: 0.4982, lr: 0.00019348640643033024
2026-09-30 07:22:13 - train: epoch 216, iter:20, loss: 0.5032, lr: 0.00019348640643033024
2026-09-30 07:22:15 - val epoch: 216, loss: 0.8416
2026-09-30 07:22:18 - wave mode=full, epoch 216, alpha: 0.1378
2026-09-30 07:22:19 - train: epoch 217, iter:0, loss: 0.4221, lr: 0.00018947512507439828
2026-09-30 07:22:20 - train: epoch 217, iter:20, loss: 0.4858, lr: 0.00018947512507439828
2026-09-30 07:22:23 - val epoch: 217, loss: 0.8215
2026-09-30 07:22:23 - wave mode=full, epoch 217, alpha: 0.1378
2026-09-30 07:22:24 - train: epoch 218, iter:0, loss: 0.4841, lr: 0.00018549844457664425
2026-09-30 07:22:25 - train: epoch 218, iter:20, loss: 0.5026, lr: 0.00018549844457664425
2026-09-30 07:22:28 - val epoch: 218, loss: 0.8277
2026-09-30 07:22:28 - wave mode=full, epoch 218, alpha: 0.1378
2026-09-30 07:22:29 - train: epoch 219, iter:0, loss: 0.4130, lr: 0.00018155680102489765
2026-09-30 07:22:32 - train: epoch 219, iter:20, loss: 0.5082, lr: 0.00018155680102489765
2026-09-30 07:22:35 - val epoch: 219, loss: 0.8133
2026-09-30 07:22:35 - wave mode=full, epoch 219, alpha: 0.1379
2026-09-30 07:22:35 - train: epoch 220, iter:0, loss: 0.3960, lr: 0.00017765062666479195
2026-09-30 07:22:37 - train: epoch 220, iter:20, loss: 0.4792, lr: 0.00017765062666479195
2026-09-30 07:22:40 - val epoch: 220, loss: 0.8276, miou: 0.7922295432061446, f1_or_dsc: 0.8840715143986679, accuracy: 0.9442125263780651,                 specificity: 0.966837767556836, sensitivity: 0.8738886284289393, confusion_matrix: [[38734902  1328595]
 [ 1625524 11264067]]
2026-09-30 07:22:40 - wave mode=full, epoch 220, alpha: 0.1380
2026-09-30 07:22:41 - train: epoch 221, iter:0, loss: 0.4987, lr: 0.00017378034985236489
2026-09-30 07:22:43 - train: epoch 221, iter:20, loss: 0.5020, lr: 0.00017378034985236489
2026-09-30 07:22:45 - val epoch: 221, loss: 0.8295
2026-09-30 07:22:45 - wave mode=full, epoch 221, alpha: 0.1382
2026-09-30 07:22:46 - train: epoch 222, iter:0, loss: 0.5017, lr: 0.0001699463950070827
2026-09-30 07:22:48 - train: epoch 222, iter:20, loss: 0.4966, lr: 0.0001699463950070827
2026-09-30 07:22:51 - val epoch: 222, loss: 0.8501
2026-09-30 07:22:51 - wave mode=full, epoch 222, alpha: 0.1383
2026-09-30 07:22:52 - train: epoch 223, iter:0, loss: 0.4816, lr: 0.0001661491825652988
2026-09-30 07:22:54 - train: epoch 223, iter:20, loss: 0.4906, lr: 0.0001661491825652988
2026-09-30 07:22:56 - val epoch: 223, loss: 0.8307
2026-09-30 07:22:56 - wave mode=full, epoch 223, alpha: 0.1383
2026-09-30 07:22:57 - train: epoch 224, iter:0, loss: 0.5164, lr: 0.0001623891289341484
2026-09-30 07:22:59 - train: epoch 224, iter:20, loss: 0.4883, lr: 0.0001623891289341484
2026-09-30 07:23:01 - val epoch: 224, loss: 0.8387
2026-09-30 07:23:01 - wave mode=full, epoch 224, alpha: 0.1383
2026-09-30 07:23:02 - train: epoch 225, iter:0, loss: 0.5340, lr: 0.0001586666464458838
2026-09-30 07:23:04 - train: epoch 225, iter:20, loss: 0.5000, lr: 0.0001586666464458838
2026-09-30 07:23:06 - val epoch: 225, loss: 0.8370
2026-09-30 07:23:06 - wave mode=full, epoch 225, alpha: 0.1383
2026-09-30 07:23:07 - train: epoch 226, iter:0, loss: 0.5672, lr: 0.00015498214331265874
2026-09-30 07:23:09 - train: epoch 226, iter:20, loss: 0.4921, lr: 0.00015498214331265874
2026-09-30 07:23:11 - val epoch: 226, loss: 0.8307
2026-09-30 07:23:11 - wave mode=full, epoch 226, alpha: 0.1382
2026-09-30 07:23:12 - train: epoch 227, iter:0, loss: 0.5211, lr: 0.00015133602358176218
2026-09-30 07:23:14 - train: epoch 227, iter:20, loss: 0.5013, lr: 0.00015133602358176218
2026-09-30 07:23:17 - val epoch: 227, loss: 0.8163
2026-09-30 07:23:17 - wave mode=full, epoch 227, alpha: 0.1383
2026-09-30 07:23:17 - train: epoch 228, iter:0, loss: 0.5593, lr: 0.00014772868709131046
2026-09-30 07:23:22 - train: epoch 228, iter:20, loss: 0.4955, lr: 0.00014772868709131046
2026-09-30 07:23:24 - val epoch: 228, loss: 0.8290
2026-09-30 07:23:24 - wave mode=full, epoch 228, alpha: 0.1385
2026-09-30 07:23:25 - train: epoch 229, iter:0, loss: 0.4237, lr: 0.00014416052942640113
2026-09-30 07:23:27 - train: epoch 229, iter:20, loss: 0.4815, lr: 0.00014416052942640113
2026-09-30 07:23:30 - val epoch: 229, loss: 0.8274
2026-09-30 07:23:30 - wave mode=full, epoch 229, alpha: 0.1385
2026-09-30 07:23:30 - train: epoch 230, iter:0, loss: 0.4812, lr: 0.0001406319418757314
2026-09-30 07:23:32 - train: epoch 230, iter:20, loss: 0.4728, lr: 0.0001406319418757314
2026-09-30 07:23:35 - val epoch: 230, loss: 0.8498, miou: 0.7783221303776694, f1_or_dsc: 0.8753443676848064, accuracy: 0.937377665302541,                 specificity: 0.9483505146842274, sensitivity: 0.9032717950476473, confusion_matrix: [[37994238  2069259]
 [ 1246787 11642804]]
2026-09-30 07:23:35 - wave mode=full, epoch 230, alpha: 0.1385
2026-09-30 07:23:35 - train: epoch 231, iter:0, loss: 0.4981, lr: 0.00013714331138868954
2026-09-30 07:23:37 - train: epoch 231, iter:20, loss: 0.5003, lr: 0.00013714331138868954
2026-09-30 07:23:40 - val epoch: 231, loss: 0.8240
2026-09-30 07:23:40 - wave mode=full, epoch 231, alpha: 0.1385
2026-09-30 07:23:41 - train: epoch 232, iter:0, loss: 0.5827, lr: 0.00013369502053292226
2026-09-30 07:23:42 - train: epoch 232, iter:20, loss: 0.5202, lr: 0.00013369502053292226
2026-09-30 07:23:45 - val epoch: 232, loss: 0.8212
2026-09-30 07:23:48 - wave mode=full, epoch 232, alpha: 0.1385
2026-09-30 07:23:49 - train: epoch 233, iter:0, loss: 0.4296, lr: 0.0001302874474523804
2026-09-30 07:23:51 - train: epoch 233, iter:20, loss: 0.4792, lr: 0.0001302874474523804
2026-09-30 07:23:53 - val epoch: 233, loss: 0.8341
2026-09-30 07:23:53 - wave mode=full, epoch 233, alpha: 0.1385
2026-09-30 07:23:54 - train: epoch 234, iter:0, loss: 0.5172, lr: 0.00012692096582585187
2026-09-30 07:23:56 - train: epoch 234, iter:20, loss: 0.4872, lr: 0.00012692096582585187
2026-09-30 07:23:59 - val epoch: 234, loss: 0.8461
2026-09-30 07:23:59 - wave mode=full, epoch 234, alpha: 0.1387
2026-09-30 07:24:00 - train: epoch 235, iter:0, loss: 0.4786, lr: 0.00012359594482598416
2026-09-30 07:24:02 - train: epoch 235, iter:20, loss: 0.4920, lr: 0.00012359594482598416
2026-09-30 07:24:04 - val epoch: 235, loss: 0.8238
2026-09-30 07:24:05 - wave mode=full, epoch 235, alpha: 0.1387
2026-09-30 07:24:05 - train: epoch 236, iter:0, loss: 0.4511, lr: 0.00012031274907879919
2026-09-30 07:24:07 - train: epoch 236, iter:20, loss: 0.4829, lr: 0.00012031274907879919
2026-09-30 07:24:10 - val epoch: 236, loss: 0.8279
2026-09-30 07:24:10 - wave mode=full, epoch 236, alpha: 0.1387
2026-09-30 07:24:11 - train: epoch 237, iter:0, loss: 0.4626, lr: 0.00011707173862370913
2026-09-30 07:24:12 - train: epoch 237, iter:20, loss: 0.4895, lr: 0.00011707173862370913
2026-09-30 07:24:15 - val epoch: 237, loss: 0.8430
2026-09-30 07:24:15 - wave mode=full, epoch 237, alpha: 0.1387
2026-09-30 07:24:16 - train: epoch 238, iter:0, loss: 0.5077, lr: 0.00011387326887403316
2026-09-30 07:24:18 - train: epoch 238, iter:20, loss: 0.4822, lr: 0.00011387326887403316
2026-09-30 07:24:25 - val epoch: 238, loss: 0.8210
2026-09-30 07:24:25 - wave mode=full, epoch 238, alpha: 0.1388
2026-09-30 07:24:26 - train: epoch 239, iter:0, loss: 0.5179, lr: 0.00011071769057802265
2026-09-30 07:24:27 - train: epoch 239, iter:20, loss: 0.4702, lr: 0.00011071769057802265
2026-09-30 07:24:30 - val epoch: 239, loss: 0.8382
2026-09-30 07:24:30 - wave mode=full, epoch 239, alpha: 0.1389
2026-09-30 07:24:31 - train: epoch 240, iter:0, loss: 0.4598, lr: 0.0001076053497803982
2026-09-30 07:24:32 - train: epoch 240, iter:20, loss: 0.4775, lr: 0.0001076053497803982
2026-09-30 07:24:35 - val epoch: 240, loss: 0.8363, miou: 0.7861423397676158, f1_or_dsc: 0.8802684111613368, accuracy: 0.9408495685841778,                 specificity: 0.9561548508858325, sensitivity: 0.8932776067138205, confusion_matrix: [[38306907  1756590]
 [ 1375608 11513983]]
2026-09-30 07:24:35 - wave mode=full, epoch 240, alpha: 0.1389
2026-09-30 07:24:36 - train: epoch 241, iter:0, loss: 0.4804, lr: 0.00010453658778440088
2026-09-30 07:24:38 - train: epoch 241, iter:20, loss: 0.4835, lr: 0.00010453658778440088
2026-09-30 07:24:40 - val epoch: 241, loss: 0.8336
2026-09-30 07:24:40 - wave mode=full, epoch 241, alpha: 0.1389
2026-09-30 07:24:41 - train: epoch 242, iter:0, loss: 0.4660, lr: 0.00010151174111436543
2026-09-30 07:24:43 - train: epoch 242, iter:20, loss: 0.4900, lr: 0.00010151174111436543
2026-09-30 07:24:45 - val epoch: 242, loss: 0.8277
2026-09-30 07:24:49 - wave mode=full, epoch 242, alpha: 0.1389
2026-09-30 07:24:50 - train: epoch 243, iter:0, loss: 0.5293, lr: 9.853114147881633e-05
2026-09-30 07:24:52 - train: epoch 243, iter:20, loss: 0.4793, lr: 9.853114147881633e-05
2026-09-30 07:24:55 - val epoch: 243, loss: 0.8393
2026-09-30 07:24:55 - wave mode=full, epoch 243, alpha: 0.1390
2026-09-30 07:24:56 - train: epoch 244, iter:0, loss: 0.4597, lr: 9.559511573409167e-05
2026-09-30 07:24:58 - train: epoch 244, iter:20, loss: 0.4865, lr: 9.559511573409167e-05
2026-09-30 07:25:00 - val epoch: 244, loss: 0.8231
2026-09-30 07:25:00 - wave mode=full, epoch 244, alpha: 0.1389
2026-09-30 07:25:01 - train: epoch 245, iter:0, loss: 0.5720, lr: 9.270398584850061e-05
2026-09-30 07:25:03 - train: epoch 245, iter:20, loss: 0.5093, lr: 9.270398584850061e-05
2026-09-30 07:25:05 - val epoch: 245, loss: 0.8303
2026-09-30 07:25:05 - wave mode=full, epoch 245, alpha: 0.1390
2026-09-30 07:25:06 - train: epoch 246, iter:0, loss: 0.6138, lr: 8.985806886701499e-05
2026-09-30 07:25:08 - train: epoch 246, iter:20, loss: 0.4954, lr: 8.985806886701499e-05
2026-09-30 07:25:11 - val epoch: 246, loss: 0.8244
2026-09-30 07:25:11 - wave mode=full, epoch 246, alpha: 0.1390
2026-09-30 07:25:12 - train: epoch 247, iter:0, loss: 0.4784, lr: 8.705767687650239e-05
2026-09-30 07:25:14 - train: epoch 247, iter:20, loss: 0.4765, lr: 8.705767687650239e-05
2026-09-30 07:25:16 - val epoch: 247, loss: 0.8303
2026-09-30 07:25:16 - wave mode=full, epoch 247, alpha: 0.1391
2026-09-30 07:25:17 - train: epoch 248, iter:0, loss: 0.5394, lr: 8.430311697150229e-05
2026-09-30 07:25:22 - train: epoch 248, iter:20, loss: 0.4966, lr: 8.430311697150229e-05
2026-09-30 07:25:24 - val epoch: 248, loss: 0.8248
2026-09-30 07:25:55 - wave mode=full, epoch 248, alpha: 0.1391
2026-09-30 07:25:56 - train: epoch 249, iter:0, loss: 0.4298, lr: 8.159469122054909e-05
2026-09-30 07:25:58 - train: epoch 249, iter:20, loss: 0.4832, lr: 8.159469122054909e-05
2026-09-30 07:26:01 - val epoch: 249, loss: 0.8338
2026-09-30 07:26:01 - wave mode=full, epoch 249, alpha: 0.1391
2026-09-30 07:26:02 - train: epoch 250, iter:0, loss: 0.5011, lr: 7.893269663304782e-05
2026-09-30 07:26:04 - train: epoch 250, iter:20, loss: 0.4920, lr: 7.893269663304782e-05
2026-09-30 07:26:06 - val epoch: 250, loss: 0.8358, miou: 0.7892392550104664, f1_or_dsc: 0.8822065051393584, accuracy: 0.9423900453170927,                 specificity: 0.9604437925126705, sensitivity: 0.8862752898831313, confusion_matrix: [[38478737  1584760]
 [ 1465865 11423726]]
2026-09-30 07:26:07 - wave mode=full, epoch 250, alpha: 0.1391
2026-09-30 07:26:08 - train: epoch 251, iter:0, loss: 0.6696, lr: 7.631742512670282e-05
2026-09-30 07:26:10 - train: epoch 251, iter:20, loss: 0.4918, lr: 7.631742512670282e-05
2026-09-30 07:26:13 - val epoch: 251, loss: 0.8241
2026-09-30 07:26:13 - wave mode=full, epoch 251, alpha: 0.1391
2026-09-30 07:26:14 - train: epoch 252, iter:0, loss: 0.4075, lr: 7.374916349550603e-05
2026-09-30 07:26:15 - train: epoch 252, iter:20, loss: 0.4669, lr: 7.374916349550603e-05
2026-09-30 07:26:18 - val epoch: 252, loss: 0.8349
2026-09-30 07:26:18 - wave mode=full, epoch 252, alpha: 0.1391
2026-09-30 07:26:20 - train: epoch 253, iter:0, loss: 0.4529, lr: 7.122819337828741e-05
2026-09-30 07:26:22 - train: epoch 253, iter:20, loss: 0.4701, lr: 7.122819337828741e-05
2026-09-30 07:26:24 - val epoch: 253, loss: 0.8380
2026-09-30 07:26:25 - wave mode=full, epoch 253, alpha: 0.1392
2026-09-30 07:26:26 - train: epoch 254, iter:0, loss: 0.4519, lr: 6.875479122782878e-05
2026-09-30 07:26:28 - train: epoch 254, iter:20, loss: 0.4870, lr: 6.875479122782878e-05
2026-09-30 07:26:30 - val epoch: 254, loss: 0.8313
2026-09-30 07:26:30 - wave mode=full, epoch 254, alpha: 0.1392
2026-09-30 07:26:31 - train: epoch 255, iter:0, loss: 0.4954, lr: 6.632922828054862e-05
2026-09-30 07:26:34 - train: epoch 255, iter:20, loss: 0.4800, lr: 6.632922828054862e-05
2026-09-30 07:26:37 - val epoch: 255, loss: 0.8268
2026-09-30 07:26:37 - wave mode=full, epoch 255, alpha: 0.1392
2026-09-30 07:26:37 - train: epoch 256, iter:0, loss: 0.4776, lr: 6.395177052675786e-05
2026-09-30 07:26:39 - train: epoch 256, iter:20, loss: 0.4820, lr: 6.395177052675786e-05
2026-09-30 07:26:42 - val epoch: 256, loss: 0.8273
2026-09-30 07:26:42 - wave mode=full, epoch 256, alpha: 0.1393
2026-09-30 07:26:43 - train: epoch 257, iter:0, loss: 0.4427, lr: 6.162267868149065e-05
2026-09-30 07:26:45 - train: epoch 257, iter:20, loss: 0.4820, lr: 6.162267868149065e-05
2026-09-30 07:26:47 - val epoch: 257, loss: 0.8278
2026-09-30 07:26:47 - wave mode=full, epoch 257, alpha: 0.1393
2026-09-30 07:26:48 - train: epoch 258, iter:0, loss: 0.5670, lr: 5.934220815591413e-05
2026-09-30 07:26:50 - train: epoch 258, iter:20, loss: 0.4886, lr: 5.934220815591413e-05
2026-09-30 07:26:52 - val epoch: 258, loss: 0.8220
2026-09-30 07:26:52 - wave mode=full, epoch 258, alpha: 0.1393
2026-09-30 07:26:53 - train: epoch 259, iter:0, loss: 0.4034, lr: 5.711060902932035e-05
2026-09-30 07:26:55 - train: epoch 259, iter:20, loss: 0.4838, lr: 5.711060902932035e-05
2026-09-30 07:27:14 - val epoch: 259, loss: 0.8304
2026-09-30 07:27:14 - wave mode=full, epoch 259, alpha: 0.1393
2026-09-30 07:27:15 - train: epoch 260, iter:0, loss: 0.5961, lr: 5.492812602170101e-05
2026-09-30 07:27:16 - train: epoch 260, iter:20, loss: 0.4919, lr: 5.492812602170101e-05
2026-09-30 07:27:19 - val epoch: 260, loss: 0.8256, miou: 0.7916151680130563, f1_or_dsc: 0.8836888436158713, accuracy: 0.9432872923293917,                 specificity: 0.9620155724299354, sensitivity: 0.8850759500437213, confusion_matrix: [[38541708  1521789]
 [ 1481324 11408267]]
2026-09-30 07:27:19 - wave mode=full, epoch 260, alpha: 0.1393
2026-09-30 07:27:20 - train: epoch 261, iter:0, loss: 0.4734, lr: 5.279499846691256e-05
2026-09-30 07:27:22 - train: epoch 261, iter:20, loss: 0.4881, lr: 5.279499846691256e-05
2026-09-30 07:27:25 - val epoch: 261, loss: 0.8291
2026-09-30 07:27:25 - wave mode=full, epoch 261, alpha: 0.1394
2026-09-30 07:27:26 - train: epoch 262, iter:0, loss: 0.5172, lr: 5.071146028642938e-05
2026-09-30 07:27:28 - train: epoch 262, iter:20, loss: 0.4792, lr: 5.071146028642938e-05
2026-09-30 07:27:30 - val epoch: 262, loss: 0.8257
2026-09-30 07:27:30 - wave mode=full, epoch 262, alpha: 0.1394
2026-09-30 07:27:31 - train: epoch 263, iter:0, loss: 0.4617, lr: 4.867773996369213e-05
2026-09-30 07:28:00 - train: epoch 263, iter:20, loss: 0.4831, lr: 4.867773996369213e-05
2026-09-30 07:28:02 - val epoch: 263, loss: 0.8236
2026-09-30 07:28:02 - wave mode=full, epoch 263, alpha: 0.1394
2026-09-30 07:28:03 - train: epoch 264, iter:0, loss: 0.4712, lr: 4.669406051905255e-05
2026-09-30 07:28:05 - train: epoch 264, iter:20, loss: 0.4882, lr: 4.669406051905255e-05
2026-09-30 07:28:07 - val epoch: 264, loss: 0.8287
2026-09-30 07:28:07 - wave mode=full, epoch 264, alpha: 0.1394
2026-09-30 07:28:08 - train: epoch 265, iter:0, loss: 0.4126, lr: 4.476063948531553e-05
2026-09-30 07:28:10 - train: epoch 265, iter:20, loss: 0.4801, lr: 4.476063948531553e-05
2026-09-30 07:28:13 - val epoch: 265, loss: 0.8325
2026-09-30 07:28:13 - wave mode=full, epoch 265, alpha: 0.1394
2026-09-30 07:28:14 - train: epoch 266, iter:0, loss: 0.5272, lr: 4.2877688883885086e-05
2026-09-30 07:28:15 - train: epoch 266, iter:20, loss: 0.4862, lr: 4.2877688883885086e-05
2026-09-30 07:28:18 - val epoch: 266, loss: 0.8326
2026-09-30 07:28:18 - wave mode=full, epoch 266, alpha: 0.1394
2026-09-30 07:28:19 - train: epoch 267, iter:0, loss: 0.4684, lr: 4.1045415201513684e-05
2026-09-30 07:28:20 - train: epoch 267, iter:20, loss: 0.4738, lr: 4.1045415201513684e-05
2026-09-30 07:28:23 - val epoch: 267, loss: 0.8289
2026-09-30 07:28:23 - wave mode=full, epoch 267, alpha: 0.1394
2026-09-30 07:28:24 - train: epoch 268, iter:0, loss: 0.4171, lr: 3.926401936765836e-05
2026-09-30 07:28:26 - train: epoch 268, iter:20, loss: 0.4881, lr: 3.926401936765836e-05
2026-09-30 07:28:28 - val epoch: 268, loss: 0.8338
2026-09-30 07:28:28 - wave mode=full, epoch 268, alpha: 0.1395
2026-09-30 07:28:29 - train: epoch 269, iter:0, loss: 0.5207, lr: 3.753369673244687e-05
2026-09-30 07:28:31 - train: epoch 269, iter:20, loss: 0.4686, lr: 3.753369673244687e-05
2026-09-30 07:28:35 - val epoch: 269, loss: 0.8382
2026-09-30 07:28:35 - wave mode=full, epoch 269, alpha: 0.1395
2026-09-30 07:28:35 - train: epoch 270, iter:0, loss: 0.3931, lr: 3.5854637045255115e-05
2026-09-30 07:28:37 - train: epoch 270, iter:20, loss: 0.4628, lr: 3.5854637045255115e-05
2026-09-30 07:28:40 - val epoch: 270, loss: 0.8330, miou: 0.7898739918869963, f1_or_dsc: 0.8826029044136924, accuracy: 0.9426635515571821,                 specificity: 0.9610728439407075, sensitivity: 0.8854436886321684, confusion_matrix: [[38503939  1559558]
 [ 1476584 11413007]]
2026-09-30 07:28:40 - wave mode=full, epoch 270, alpha: 0.1395
2026-09-30 07:28:41 - train: epoch 271, iter:0, loss: 0.4585, lr: 3.422702443389897e-05
2026-09-30 07:28:43 - train: epoch 271, iter:20, loss: 0.4901, lr: 3.422702443389897e-05
2026-09-30 07:28:45 - val epoch: 271, loss: 0.8280
2026-09-30 07:28:45 - wave mode=full, epoch 271, alpha: 0.1395
2026-09-30 07:28:46 - train: epoch 272, iter:0, loss: 0.4949, lr: 3.265103738444294e-05
2026-09-30 07:28:48 - train: epoch 272, iter:20, loss: 0.4862, lr: 3.265103738444294e-05
2026-09-30 07:28:50 - val epoch: 272, loss: 0.8284
2026-09-30 07:28:50 - wave mode=full, epoch 272, alpha: 0.1395
2026-09-30 07:28:51 - train: epoch 273, iter:0, loss: 0.4440, lr: 3.112684872162669e-05
2026-09-30 07:28:53 - train: epoch 273, iter:20, loss: 0.4900, lr: 3.112684872162669e-05
2026-09-30 07:28:56 - val epoch: 273, loss: 0.8300
2026-09-30 07:28:56 - wave mode=full, epoch 273, alpha: 0.1395
2026-09-30 07:28:56 - train: epoch 274, iter:0, loss: 0.4460, lr: 2.9654625589913163e-05
2026-09-30 07:28:58 - train: epoch 274, iter:20, loss: 0.4930, lr: 2.9654625589913163e-05
2026-09-30 07:29:01 - val epoch: 274, loss: 0.8311
2026-09-30 07:29:01 - wave mode=full, epoch 274, alpha: 0.1395
2026-09-30 07:29:02 - train: epoch 275, iter:0, loss: 0.4579, lr: 2.823452943515922e-05
2026-09-30 07:29:04 - train: epoch 275, iter:20, loss: 0.4743, lr: 2.823452943515922e-05
2026-09-30 07:29:06 - val epoch: 275, loss: 0.8348
2026-09-30 07:29:06 - wave mode=full, epoch 275, alpha: 0.1395
2026-09-30 07:29:07 - train: epoch 276, iter:0, loss: 0.4376, lr: 2.6866715986911168e-05
2026-09-30 07:29:09 - train: epoch 276, iter:20, loss: 0.4597, lr: 2.6866715986911168e-05
2026-09-30 07:29:11 - val epoch: 276, loss: 0.8320
2026-09-30 07:29:11 - wave mode=full, epoch 276, alpha: 0.1396
2026-09-30 07:29:12 - train: epoch 277, iter:0, loss: 0.3475, lr: 2.5551335241327604e-05
2026-09-30 07:29:14 - train: epoch 277, iter:20, loss: 0.4669, lr: 2.5551335241327604e-05
2026-09-30 07:29:16 - val epoch: 277, loss: 0.8376
2026-09-30 07:29:16 - wave mode=full, epoch 277, alpha: 0.1396
2026-09-30 07:29:17 - train: epoch 278, iter:0, loss: 0.4746, lr: 2.4288531444730185e-05
2026-09-30 07:29:24 - train: epoch 278, iter:20, loss: 0.4905, lr: 2.4288531444730185e-05
2026-09-30 07:29:27 - val epoch: 278, loss: 0.8265
2026-09-30 07:29:29 - wave mode=full, epoch 278, alpha: 0.1396
2026-09-30 07:29:30 - train: epoch 279, iter:0, loss: 0.4421, lr: 2.3078443077785645e-05
2026-09-30 07:29:31 - train: epoch 279, iter:20, loss: 0.4639, lr: 2.3078443077785645e-05
2026-09-30 07:30:17 - val epoch: 279, loss: 0.8244
2026-09-30 07:30:17 - wave mode=full, epoch 279, alpha: 0.1396
2026-09-30 07:30:18 - train: epoch 280, iter:0, loss: 0.5296, lr: 2.1921202840320064e-05
2026-09-30 07:30:21 - train: epoch 280, iter:20, loss: 0.4876, lr: 2.1921202840320064e-05
2026-09-30 07:30:23 - val epoch: 280, loss: 0.8284, miou: 0.7910113147129438, f1_or_dsc: 0.8833124706861207, accuracy: 0.9431318906274172,                 specificity: 0.9620721076844589, sensitivity: 0.8842618047384125, confusion_matrix: [[38543973  1519524]
 [ 1491818 11397773]]
2026-09-30 07:30:23 - wave mode=full, epoch 280, alpha: 0.1396
2026-09-30 07:30:24 - train: epoch 281, iter:0, loss: 0.5296, lr: 2.081693763676623e-05
2026-09-30 07:30:26 - train: epoch 281, iter:20, loss: 0.4809, lr: 2.081693763676623e-05
2026-09-30 07:30:28 - val epoch: 281, loss: 0.8313
2026-09-30 07:30:28 - wave mode=full, epoch 281, alpha: 0.1396
2026-09-30 07:30:29 - train: epoch 282, iter:0, loss: 0.4672, lr: 1.9765768562247723e-05
2026-09-30 07:30:31 - train: epoch 282, iter:20, loss: 0.4815, lr: 1.9765768562247723e-05
2026-09-30 07:30:34 - val epoch: 282, loss: 0.8313
2026-09-30 07:30:34 - wave mode=full, epoch 282, alpha: 0.1396
2026-09-30 07:30:34 - train: epoch 283, iter:0, loss: 0.4832, lr: 1.876781088929913e-05
2026-09-30 07:30:36 - train: epoch 283, iter:20, loss: 0.4787, lr: 1.876781088929913e-05
2026-09-30 07:30:39 - val epoch: 283, loss: 0.8325
2026-09-30 07:30:39 - wave mode=full, epoch 283, alpha: 0.1397
2026-09-30 07:30:39 - train: epoch 284, iter:0, loss: 0.4664, lr: 1.7823174055225262e-05
2026-09-30 07:30:41 - train: epoch 284, iter:20, loss: 0.4868, lr: 1.7823174055225262e-05
2026-09-30 07:30:44 - val epoch: 284, loss: 0.8303
2026-09-30 07:30:44 - wave mode=full, epoch 284, alpha: 0.1397
2026-09-30 07:30:44 - train: epoch 285, iter:0, loss: 0.4801, lr: 1.693196165010003e-05
2026-09-30 07:30:46 - train: epoch 285, iter:20, loss: 0.4836, lr: 1.693196165010003e-05
2026-09-30 07:30:49 - val epoch: 285, loss: 0.8297
2026-09-30 07:30:49 - wave mode=full, epoch 285, alpha: 0.1397
2026-09-30 07:30:49 - train: epoch 286, iter:0, loss: 0.4572, lr: 1.6094271405406855e-05
2026-09-30 07:30:51 - train: epoch 286, iter:20, loss: 0.4745, lr: 1.6094271405406855e-05
2026-09-30 07:30:54 - val epoch: 286, loss: 0.8286
2026-09-30 07:30:54 - wave mode=full, epoch 286, alpha: 0.1397
2026-09-30 07:30:54 - train: epoch 287, iter:0, loss: 0.4811, lr: 1.5310195183320773e-05
2026-09-30 07:30:56 - train: epoch 287, iter:20, loss: 0.4881, lr: 1.5310195183320773e-05
2026-09-30 07:30:59 - val epoch: 287, loss: 0.8304
2026-09-30 07:30:59 - wave mode=full, epoch 287, alpha: 0.1397
2026-09-30 07:30:59 - train: epoch 288, iter:0, loss: 0.5324, lr: 1.4579818966635417e-05
2026-09-30 07:31:01 - train: epoch 288, iter:20, loss: 0.4805, lr: 1.4579818966635417e-05
2026-09-30 07:31:04 - val epoch: 288, loss: 0.8325
2026-09-30 07:31:04 - wave mode=full, epoch 288, alpha: 0.1397
2026-09-30 07:31:06 - train: epoch 289, iter:0, loss: 0.5571, lr: 1.3903222849333505e-05
2026-09-30 07:31:08 - train: epoch 289, iter:20, loss: 0.4702, lr: 1.3903222849333505e-05
2026-09-30 07:31:10 - val epoch: 289, loss: 0.8302
2026-09-30 07:31:10 - wave mode=full, epoch 289, alpha: 0.1397
2026-09-30 07:31:11 - train: epoch 290, iter:0, loss: 0.4283, lr: 1.3280481027803759e-05
2026-09-30 07:31:13 - train: epoch 290, iter:20, loss: 0.4637, lr: 1.3280481027803759e-05
2026-09-30 07:31:16 - val epoch: 290, loss: 0.8314, miou: 0.790507753971398, f1_or_dsc: 0.8829984145201594, accuracy: 0.9429067857194655,                 specificity: 0.9615163898448505, sensitivity: 0.8850643127466186, confusion_matrix: [[38521709  1541788]
 [ 1481474 11408117]]
2026-09-30 07:31:16 - wave mode=full, epoch 290, alpha: 0.1397
2026-09-30 07:31:16 - train: epoch 291, iter:0, loss: 0.4317, lr: 1.271166179270472e-05
2026-09-30 07:31:18 - train: epoch 291, iter:20, loss: 0.4960, lr: 1.271166179270472e-05
2026-09-30 07:31:21 - val epoch: 291, loss: 0.8311
2026-09-30 07:31:21 - wave mode=full, epoch 291, alpha: 0.1397
2026-09-30 07:31:22 - train: epoch 292, iter:0, loss: 0.4510, lr: 1.21968275214754e-05
2026-09-30 07:31:23 - train: epoch 292, iter:20, loss: 0.4756, lr: 1.21968275214754e-05
2026-09-30 07:31:26 - val epoch: 292, loss: 0.8328
2026-09-30 07:31:26 - wave mode=full, epoch 292, alpha: 0.1397
2026-09-30 07:31:27 - train: epoch 293, iter:0, loss: 0.4543, lr: 1.1736034671495336e-05
2026-09-30 07:31:28 - train: epoch 293, iter:20, loss: 0.4911, lr: 1.1736034671495336e-05
2026-09-30 07:31:31 - val epoch: 293, loss: 0.8307
2026-09-30 07:31:31 - wave mode=full, epoch 293, alpha: 0.1397
2026-09-30 07:31:32 - train: epoch 294, iter:0, loss: 0.4960, lr: 1.1329333773893242e-05
2026-09-30 07:31:34 - train: epoch 294, iter:20, loss: 0.4767, lr: 1.1329333773893242e-05
2026-09-30 07:31:36 - val epoch: 294, loss: 0.8305
2026-09-30 07:31:36 - wave mode=full, epoch 294, alpha: 0.1397
2026-09-30 07:31:37 - train: epoch 295, iter:0, loss: 0.4556, lr: 1.0976769428005577e-05
2026-09-30 07:31:39 - train: epoch 295, iter:20, loss: 0.4738, lr: 1.0976769428005577e-05
2026-09-30 07:31:41 - val epoch: 295, loss: 0.8334
2026-09-30 07:31:41 - wave mode=full, epoch 295, alpha: 0.1397
2026-09-30 07:31:42 - train: epoch 296, iter:0, loss: 0.4793, lr: 1.0678380296485951e-05
2026-09-30 07:31:44 - train: epoch 296, iter:20, loss: 0.4756, lr: 1.0678380296485951e-05
2026-09-30 07:31:46 - val epoch: 296, loss: 0.8306
2026-09-30 07:31:46 - wave mode=full, epoch 296, alpha: 0.1397
2026-09-30 07:31:47 - train: epoch 297, iter:0, loss: 0.4888, lr: 1.04341991010651e-05
2026-09-30 07:31:49 - train: epoch 297, iter:20, loss: 0.4800, lr: 1.04341991010651e-05
2026-09-30 07:31:51 - val epoch: 297, loss: 0.8315
2026-09-30 07:31:51 - wave mode=full, epoch 297, alpha: 0.1397
2026-09-30 07:31:52 - train: epoch 298, iter:0, loss: 0.4396, lr: 1.0244252618962858e-05
2026-09-30 07:31:54 - train: epoch 298, iter:20, loss: 0.4791, lr: 1.0244252618962858e-05
2026-09-30 07:31:56 - val epoch: 298, loss: 0.8338
2026-09-30 07:31:56 - wave mode=full, epoch 298, alpha: 0.1397
2026-09-30 07:31:57 - train: epoch 299, iter:0, loss: 0.3727, lr: 1.0108561679951479e-05
2026-09-30 07:31:59 - train: epoch 299, iter:20, loss: 0.4697, lr: 1.0108561679951479e-05
2026-09-30 07:32:01 - val epoch: 299, loss: 0.8318
2026-09-30 07:32:01 - wave mode=full, epoch 299, alpha: 0.1397
2026-09-30 07:32:02 - train: epoch 300, iter:0, loss: 0.4446, lr: 1.002714116407149e-05
2026-09-30 07:32:04 - train: epoch 300, iter:20, loss: 0.4705, lr: 1.002714116407149e-05
2026-09-30 07:32:32 - val epoch: 300, loss: 0.8329, miou: 0.7903196368270163, f1_or_dsc: 0.8828810460099739, accuracy: 0.9427897387211865,                 specificity: 0.9611017480575896, sensitivity: 0.8858722514934725, confusion_matrix: [[38505097  1558400]
 [ 1471060 11418531]]
2026-09-30 07:32:32 - wave mode=full, epoch 300, alpha: 0.1397
2026-09-30 07:32:56 - evaluation split=V_dev, loss: 0.7850,miou: 0.79534189671372, f1_or_dsc: 0.8860060561941455, accuracy: 0.9447153110315304,                 specificity: 0.9646878304207943, sensitivity: 0.8826366174070225, confusion_matrix: [[38648768  1414729]
 [ 1512766 11376825]]
