2026-08-07 13:04:56 - #----------Config info----------#
2026-08-07 13:04:56 - network: egeunet,
2026-08-07 13:04:56 - model_config: {'num_classes': 1, 'input_channels': 3, 'c_list': [8, 16, 24, 32, 48, 64], 'bridge': True, 'gt_ds': True},
2026-08-07 13:04:56 - datasets: isic18,
2026-08-07 13:04:56 - data_path: ./data/isic2018/,
2026-08-07 13:04:56 - criterion: GT_BceDiceLoss(
  (bcedice): BceDiceLoss(
    (bce): BCELoss(
      (bceloss): BCELoss()
    )
    (dice): DiceLoss()
  )
),
2026-08-07 13:04:56 - num_classes: 1,
2026-08-07 13:04:56 - input_size_h: 256,
2026-08-07 13:04:56 - input_size_w: 256,
2026-08-07 13:04:56 - input_channels: 3,
2026-08-07 13:04:56 - distributed: False,
2026-08-07 13:04:56 - local_rank: -1,
2026-08-07 13:04:56 - num_workers: 8,
2026-08-07 13:04:56 - seed: 42,
2026-08-07 13:04:56 - world_size: None,
2026-08-07 13:04:56 - rank: None,
2026-08-07 13:04:56 - amp: False,
2026-08-07 13:04:56 - gpu_id: 0,
2026-08-07 13:04:56 - batch_size: 64,
2026-08-07 13:04:56 - epochs: 300,
2026-08-07 13:04:56 - gradient_accumulation_steps: 1,
2026-08-07 13:04:56 - work_dir: results/egeunet_isic18_Friday_07_August_2026_13h_04m_56s/,
2026-08-07 13:04:56 - print_interval: 20,
2026-08-07 13:04:56 - val_interval: 30,
2026-08-07 13:04:56 - save_interval: 100,
2026-08-07 13:04:56 - threshold: 0.5,
2026-08-07 13:04:56 - train_transformer: Compose(
    <utils.myNormalize object at 0x7f0f598da320>
    <utils.myToTensor object at 0x7f0f598da380>
    <utils.myRandomHorizontalFlip object at 0x7f0f598da3b0>
    <utils.myRandomVerticalFlip object at 0x7f0f598da410>
    <utils.myRandomRotation object at 0x7f0f598da470>
    <utils.myResize object at 0x7f0f598da4d0>
),
2026-08-07 13:04:56 - test_transformer: Compose(
    <utils.myNormalize object at 0x7f0f598da5c0>
    <utils.myToTensor object at 0x7f0f598da620>
    <utils.myResize object at 0x7f0f598da650>
),
2026-08-07 13:04:56 - opt: AdamW,
2026-08-07 13:04:56 - lr: 0.001,
2026-08-07 13:04:56 - betas: (0.9, 0.999),
2026-08-07 13:04:56 - eps: 1e-08,
2026-08-07 13:04:56 - weight_decay: 0.01,
2026-08-07 13:04:56 - amsgrad: False,
2026-08-07 13:04:56 - sch: CosineAnnealingLR,
2026-08-07 13:04:56 - T_max: 300,
2026-08-07 13:04:56 - eta_min: 1e-05,
2026-08-07 13:04:56 - last_epoch: -1,
2026-08-07 13:05:00 - train: epoch 1, iter:0, loss: 5.6365, lr: 0.001
2026-08-07 13:05:01 - train: epoch 1, iter:20, loss: 3.0884, lr: 0.001
2026-08-07 13:05:15 - val epoch: 1, loss: 2.0711
2026-08-07 13:05:17 - train: epoch 2, iter:0, loss: 1.8622, lr: 0.0009999728588359286
2026-08-07 13:05:19 - train: epoch 2, iter:20, loss: 1.7028, lr: 0.0009999728588359286
2026-08-07 13:05:33 - val epoch: 2, loss: 1.5409
2026-08-07 13:05:35 - train: epoch 3, iter:0, loss: 1.5726, lr: 0.0009998914383200486
2026-08-07 13:05:37 - train: epoch 3, iter:20, loss: 1.4118, lr: 0.0009998914383200486
2026-08-07 13:05:51 - val epoch: 3, loss: 1.4419
2026-08-07 13:05:53 - train: epoch 4, iter:0, loss: 1.4466, lr: 0.0009997557473810372
2026-08-07 13:05:55 - train: epoch 4, iter:20, loss: 1.2928, lr: 0.0009997557473810372
2026-08-07 13:06:09 - val epoch: 4, loss: 1.3771
2026-08-07 13:06:11 - train: epoch 5, iter:0, loss: 1.3476, lr: 0.000999565800898935
2026-08-07 13:06:12 - train: epoch 5, iter:20, loss: 1.2287, lr: 0.000999565800898935
2026-08-07 13:06:26 - val epoch: 5, loss: 1.2539
2026-08-07 13:06:28 - train: epoch 6, iter:0, loss: 1.3048, lr: 0.0009993216197035143
2026-08-07 13:06:29 - train: epoch 6, iter:20, loss: 1.1505, lr: 0.0009993216197035143
2026-08-07 13:06:44 - val epoch: 6, loss: 1.2058
2026-08-07 13:06:45 - train: epoch 7, iter:0, loss: 0.9739, lr: 0.0009990232305719946
2026-08-07 13:06:47 - train: epoch 7, iter:20, loss: 1.1166, lr: 0.0009990232305719946
2026-08-07 13:07:01 - val epoch: 7, loss: 1.1420
2026-08-07 13:07:03 - train: epoch 8, iter:0, loss: 0.8871, lr: 0.0009986706662261067
2026-08-07 13:07:05 - train: epoch 8, iter:20, loss: 1.0596, lr: 0.0009986706662261067
2026-08-07 13:07:19 - val epoch: 8, loss: 1.2066
2026-08-07 13:07:21 - train: epoch 9, iter:0, loss: 1.1050, lr: 0.0009982639653285047
2026-08-07 13:07:22 - train: epoch 9, iter:20, loss: 1.0483, lr: 0.0009982639653285047
2026-08-07 13:07:36 - val epoch: 9, loss: 1.1802
2026-08-07 13:07:38 - train: epoch 10, iter:0, loss: 0.9079, lr: 0.0009978031724785245
2026-08-07 13:07:40 - train: epoch 10, iter:20, loss: 0.9599, lr: 0.0009978031724785245
2026-08-07 13:07:54 - val epoch: 10, loss: 1.1952
2026-08-07 13:07:55 - train: epoch 11, iter:0, loss: 0.9894, lr: 0.0009972883382072953
2026-08-07 13:07:57 - train: epoch 11, iter:20, loss: 0.9961, lr: 0.0009972883382072953
2026-08-07 13:08:11 - val epoch: 11, loss: 1.0729
2026-08-07 13:08:13 - train: epoch 12, iter:0, loss: 0.9611, lr: 0.0009967195189721962
2026-08-07 13:08:15 - train: epoch 12, iter:20, loss: 0.9656, lr: 0.0009967195189721962
2026-08-07 13:08:29 - val epoch: 12, loss: 1.1266
2026-08-07 13:08:30 - train: epoch 13, iter:0, loss: 1.1338, lr: 0.0009960967771506667
2026-08-07 13:08:32 - train: epoch 13, iter:20, loss: 0.9313, lr: 0.0009960967771506667
2026-08-07 13:08:46 - val epoch: 13, loss: 1.0180
2026-08-07 13:08:48 - train: epoch 14, iter:0, loss: 0.9963, lr: 0.0009954201810333646
2026-08-07 13:08:49 - train: epoch 14, iter:20, loss: 0.9141, lr: 0.0009954201810333646
2026-08-07 13:09:04 - val epoch: 14, loss: 1.1576
2026-08-07 13:09:05 - train: epoch 15, iter:0, loss: 0.8002, lr: 0.0009946898048166792
2026-08-07 13:09:07 - train: epoch 15, iter:20, loss: 0.9090, lr: 0.0009946898048166792
2026-08-07 13:09:21 - val epoch: 15, loss: 1.0554
2026-08-07 13:09:23 - train: epoch 16, iter:0, loss: 0.7396, lr: 0.000993905728594593
2026-08-07 13:09:25 - train: epoch 16, iter:20, loss: 0.9006, lr: 0.000993905728594593
2026-08-07 13:09:39 - val epoch: 16, loss: 1.0674
2026-08-07 13:09:41 - train: epoch 17, iter:0, loss: 0.7255, lr: 0.0009930680383498998
2026-08-07 13:09:42 - train: epoch 17, iter:20, loss: 0.8665, lr: 0.0009930680383498998
2026-08-07 13:09:57 - val epoch: 17, loss: 1.0087
2026-08-07 13:09:59 - train: epoch 18, iter:0, loss: 0.8869, lr: 0.0009921768259447744
2026-08-07 13:10:00 - train: epoch 18, iter:20, loss: 0.8963, lr: 0.0009921768259447744
2026-08-07 13:10:15 - val epoch: 18, loss: 1.0096
2026-08-07 13:10:16 - train: epoch 19, iter:0, loss: 0.7874, lr: 0.0009912321891107007
2026-08-07 13:10:18 - train: epoch 19, iter:20, loss: 0.9090, lr: 0.0009912321891107007
2026-08-07 13:10:32 - val epoch: 19, loss: 0.9795
2026-08-07 13:10:34 - train: epoch 20, iter:0, loss: 0.7185, lr: 0.0009902342314377522
2026-08-07 13:10:36 - train: epoch 20, iter:20, loss: 0.8569, lr: 0.0009902342314377522
2026-08-07 13:10:50 - val epoch: 20, loss: 0.9678
2026-08-07 13:10:52 - train: epoch 21, iter:0, loss: 0.7208, lr: 0.0009891830623632338
2026-08-07 13:10:54 - train: epoch 21, iter:20, loss: 0.8417, lr: 0.0009891830623632338
2026-08-07 13:11:08 - val epoch: 21, loss: 0.9622
2026-08-07 13:11:09 - train: epoch 22, iter:0, loss: 0.7758, lr: 0.00098807879715968
2026-08-07 13:11:11 - train: epoch 22, iter:20, loss: 0.8262, lr: 0.00098807879715968
2026-08-07 13:11:25 - val epoch: 22, loss: 0.9746
2026-08-07 13:11:27 - train: epoch 23, iter:0, loss: 0.8147, lr: 0.0009869215569222143
2026-08-07 13:11:28 - train: epoch 23, iter:20, loss: 0.8848, lr: 0.0009869215569222143
2026-08-07 13:11:42 - val epoch: 23, loss: 1.1145
2026-08-07 13:11:44 - train: epoch 24, iter:0, loss: 1.1070, lr: 0.0009857114685552697
2026-08-07 13:11:46 - train: epoch 24, iter:20, loss: 0.8919, lr: 0.0009857114685552697
2026-08-07 13:12:00 - val epoch: 24, loss: 0.9891
2026-08-07 13:12:02 - train: epoch 25, iter:0, loss: 0.6090, lr: 0.0009844486647586721
2026-08-07 13:12:03 - train: epoch 25, iter:20, loss: 0.8697, lr: 0.0009844486647586721
2026-08-07 13:12:17 - val epoch: 25, loss: 0.9793
2026-08-07 13:12:19 - train: epoch 26, iter:0, loss: 0.9428, lr: 0.0009831332840130884
2026-08-07 13:12:21 - train: epoch 26, iter:20, loss: 0.8404, lr: 0.0009831332840130884
2026-08-07 13:12:35 - val epoch: 26, loss: 0.9565
2026-08-07 13:12:36 - train: epoch 27, iter:0, loss: 0.7794, lr: 0.0009817654705648405
2026-08-07 13:12:38 - train: epoch 27, iter:20, loss: 0.7981, lr: 0.0009817654705648405
2026-08-07 13:12:52 - val epoch: 27, loss: 0.9399
2026-08-07 13:12:54 - train: epoch 28, iter:0, loss: 0.8283, lr: 0.0009803453744100864
2026-08-07 13:12:56 - train: epoch 28, iter:20, loss: 0.7897, lr: 0.0009803453744100864
2026-08-07 13:13:10 - val epoch: 28, loss: 1.0101
2026-08-07 13:13:11 - train: epoch 29, iter:0, loss: 0.9054, lr: 0.0009788731512783728
2026-08-07 13:13:13 - train: epoch 29, iter:20, loss: 0.8106, lr: 0.0009788731512783728
2026-08-07 13:13:27 - val epoch: 29, loss: 0.9593
2026-08-07 13:13:29 - train: epoch 30, iter:0, loss: 0.8552, lr: 0.0009773489626155566
2026-08-07 13:13:31 - train: epoch 30, iter:20, loss: 0.7482, lr: 0.0009773489626155566
2026-08-07 13:13:49 - val epoch: 30, loss: 0.9335, miou: 0.7685607239937895, f1_or_dsc: 0.8691369355508636, accuracy: 0.9378536904212271,                 specificity: 0.9668170254833222, sensitivity: 0.8478296945186236, confusion_matrix: [[38734071  1329426]
 [ 1961413 10928178]]
2026-08-07 13:13:51 - train: epoch 31, iter:0, loss: 0.6317, lr: 0.0009757729755661006
2026-08-07 13:13:52 - train: epoch 31, iter:20, loss: 0.8011, lr: 0.0009757729755661006
2026-08-07 13:14:06 - val epoch: 31, loss: 0.9497
2026-08-07 13:14:08 - train: epoch 32, iter:0, loss: 0.6708, lr: 0.0009741453629547445
2026-08-07 13:14:10 - train: epoch 32, iter:20, loss: 0.7816, lr: 0.0009741453629547445
2026-08-07 13:14:24 - val epoch: 32, loss: 0.9491
2026-08-07 13:14:26 - train: epoch 33, iter:0, loss: 0.7815, lr: 0.0009724663032675527
2026-08-07 13:14:28 - train: epoch 33, iter:20, loss: 0.7828, lr: 0.0009724663032675527
2026-08-07 13:14:42 - val epoch: 33, loss: 0.9707
2026-08-07 13:14:44 - train: epoch 34, iter:0, loss: 0.7437, lr: 0.0009707359806323412
2026-08-07 13:14:45 - train: epoch 34, iter:20, loss: 0.7524, lr: 0.0009707359806323412
2026-08-07 13:14:59 - val epoch: 34, loss: 1.0136
2026-08-07 13:15:02 - train: epoch 35, iter:0, loss: 0.8248, lr: 0.0009689545847984858
2026-08-07 13:15:03 - train: epoch 35, iter:20, loss: 0.8074, lr: 0.0009689545847984858
2026-08-07 13:15:17 - val epoch: 35, loss: 1.0906
2026-08-07 13:15:19 - train: epoch 36, iter:0, loss: 0.6946, lr: 0.0009671223111161144
2026-08-07 13:15:21 - train: epoch 36, iter:20, loss: 0.7343, lr: 0.0009671223111161144
2026-08-07 13:15:35 - val epoch: 36, loss: 0.9768
2026-08-07 13:15:37 - train: epoch 37, iter:0, loss: 0.8696, lr: 0.000965239360514684
2026-08-07 13:15:39 - train: epoch 37, iter:20, loss: 0.7307, lr: 0.000965239360514684
2026-08-07 13:15:53 - val epoch: 37, loss: 0.9061
2026-08-07 13:15:55 - train: epoch 38, iter:0, loss: 0.6239, lr: 0.000963305939480947
2026-08-07 13:15:56 - train: epoch 38, iter:20, loss: 0.7161, lr: 0.000963305939480947
2026-08-07 13:16:11 - val epoch: 38, loss: 0.9674
2026-08-07 13:16:12 - train: epoch 39, iter:0, loss: 0.5679, lr: 0.0009613222600363074
2026-08-07 13:16:14 - train: epoch 39, iter:20, loss: 0.7480, lr: 0.0009613222600363074
2026-08-07 13:16:28 - val epoch: 39, loss: 0.9303
2026-08-07 13:16:30 - train: epoch 40, iter:0, loss: 0.7018, lr: 0.0009592885397135703
2026-08-07 13:16:32 - train: epoch 40, iter:20, loss: 0.7146, lr: 0.0009592885397135703
2026-08-07 13:16:46 - val epoch: 40, loss: 0.9618
2026-08-07 13:16:47 - train: epoch 41, iter:0, loss: 0.6503, lr: 0.0009572050015330871
2026-08-07 13:16:49 - train: epoch 41, iter:20, loss: 0.7040, lr: 0.0009572050015330871
2026-08-07 13:17:03 - val epoch: 41, loss: 0.9599
2026-08-07 13:17:05 - train: epoch 42, iter:0, loss: 0.6593, lr: 0.0009550718739782986
2026-08-07 13:17:07 - train: epoch 42, iter:20, loss: 0.7358, lr: 0.0009550718739782986
2026-08-07 13:17:21 - val epoch: 42, loss: 0.9273
2026-08-07 13:17:23 - train: epoch 43, iter:0, loss: 0.7471, lr: 0.0009528893909706794
2026-08-07 13:17:24 - train: epoch 43, iter:20, loss: 0.7002, lr: 0.0009528893909706794
2026-08-07 13:17:39 - val epoch: 43, loss: 0.9019
2026-08-07 13:17:40 - train: epoch 44, iter:0, loss: 0.7066, lr: 0.0009506577918440856
2026-08-07 13:17:42 - train: epoch 44, iter:20, loss: 0.7027, lr: 0.0009506577918440856
2026-08-07 13:17:56 - val epoch: 44, loss: 0.9316
2026-08-07 13:17:57 - train: epoch 45, iter:0, loss: 0.6161, lr: 0.000948377321318509
2026-08-07 13:17:59 - train: epoch 45, iter:20, loss: 0.6978, lr: 0.000948377321318509
2026-08-07 13:18:13 - val epoch: 45, loss: 0.8952
2026-08-07 13:18:15 - train: epoch 46, iter:0, loss: 0.5568, lr: 0.0009460482294732416
2026-08-07 13:18:17 - train: epoch 46, iter:20, loss: 0.6836, lr: 0.0009460482294732416
2026-08-07 13:18:31 - val epoch: 46, loss: 0.8956
2026-08-07 13:18:33 - train: epoch 47, iter:0, loss: 0.8123, lr: 0.0009436707717194508
2026-08-07 13:18:34 - train: epoch 47, iter:20, loss: 0.6686, lr: 0.0009436707717194508
2026-08-07 13:18:48 - val epoch: 47, loss: 0.9051
2026-08-07 13:18:50 - train: epoch 48, iter:0, loss: 0.6356, lr: 0.0009412452087721706
2026-08-07 13:18:52 - train: epoch 48, iter:20, loss: 0.6976, lr: 0.0009412452087721706
2026-08-07 13:19:06 - val epoch: 48, loss: 0.9593
2026-08-07 13:19:07 - train: epoch 49, iter:0, loss: 0.6382, lr: 0.000938771806621712
2026-08-07 13:19:09 - train: epoch 49, iter:20, loss: 0.7090, lr: 0.000938771806621712
2026-08-07 13:19:24 - val epoch: 49, loss: 0.9786
2026-08-07 13:19:25 - train: epoch 50, iter:0, loss: 0.7438, lr: 0.0009362508365044934
2026-08-07 13:19:27 - train: epoch 50, iter:20, loss: 0.7126, lr: 0.0009362508365044934
2026-08-07 13:19:41 - val epoch: 50, loss: 0.9141
2026-08-07 13:19:43 - train: epoch 51, iter:0, loss: 0.6238, lr: 0.0009336825748732968
2026-08-07 13:19:45 - train: epoch 51, iter:20, loss: 0.7683, lr: 0.0009336825748732968
2026-08-07 13:19:59 - val epoch: 51, loss: 0.9314
2026-08-07 13:20:00 - train: epoch 52, iter:0, loss: 0.7291, lr: 0.0009310673033669517
2026-08-07 13:20:02 - train: epoch 52, iter:20, loss: 0.6759, lr: 0.0009310673033669517
2026-08-07 13:20:16 - val epoch: 52, loss: 0.9545
2026-08-07 13:20:18 - train: epoch 53, iter:0, loss: 0.6371, lr: 0.0009284053087794505
2026-08-07 13:20:20 - train: epoch 53, iter:20, loss: 0.7077, lr: 0.0009284053087794505
2026-08-07 13:20:34 - val epoch: 53, loss: 0.9405
2026-08-07 13:20:36 - train: epoch 54, iter:0, loss: 0.5681, lr: 0.0009256968830284974
2026-08-07 13:20:37 - train: epoch 54, iter:20, loss: 0.6586, lr: 0.0009256968830284974
2026-08-07 13:20:52 - val epoch: 54, loss: 0.8613
2026-08-07 13:20:53 - train: epoch 55, iter:0, loss: 0.8194, lr: 0.0009229423231234972
2026-08-07 13:20:55 - train: epoch 55, iter:20, loss: 0.6685, lr: 0.0009229423231234972
2026-08-07 13:21:09 - val epoch: 55, loss: 0.9046
2026-08-07 13:21:11 - train: epoch 56, iter:0, loss: 0.5824, lr: 0.0009201419311329846
2026-08-07 13:21:12 - train: epoch 56, iter:20, loss: 0.6653, lr: 0.0009201419311329846
2026-08-07 13:21:27 - val epoch: 56, loss: 0.8879
2026-08-07 13:21:28 - train: epoch 57, iter:0, loss: 0.8621, lr: 0.0009172960141514989
2026-08-07 13:21:30 - train: epoch 57, iter:20, loss: 0.6555, lr: 0.0009172960141514989
2026-08-07 13:21:44 - val epoch: 57, loss: 0.8586
2026-08-07 13:21:45 - train: epoch 58, iter:0, loss: 0.7015, lr: 0.0009144048842659077
2026-08-07 13:21:47 - train: epoch 58, iter:20, loss: 0.6795, lr: 0.0009144048842659077
2026-08-07 13:22:02 - val epoch: 58, loss: 0.8650
2026-08-07 13:22:03 - train: epoch 59, iter:0, loss: 0.6619, lr: 0.0009114688585211832
2026-08-07 13:22:05 - train: epoch 59, iter:20, loss: 0.6936, lr: 0.0009114688585211832
2026-08-07 13:22:19 - val epoch: 59, loss: 0.8774
2026-08-07 13:22:21 - train: epoch 60, iter:0, loss: 0.5258, lr: 0.0009084882588856339
2026-08-07 13:22:22 - train: epoch 60, iter:20, loss: 0.7091, lr: 0.0009084882588856339
2026-08-07 13:22:41 - val epoch: 60, loss: 0.9074, miou: 0.7664356929709292, f1_or_dsc: 0.8677765015967017, accuracy: 0.9323011719354308,                 specificity: 0.9386246787193839, sensitivity: 0.9126464136837236, confusion_matrix: [[37604587  2458910]
 [ 1125952 11763639]]
2026-08-07 13:22:43 - train: epoch 61, iter:0, loss: 0.5110, lr: 0.0009054634122155986
2026-08-07 13:22:44 - train: epoch 61, iter:20, loss: 0.6388, lr: 0.0009054634122155986
2026-08-07 13:22:58 - val epoch: 61, loss: 0.8832
2026-08-07 13:23:00 - train: epoch 62, iter:0, loss: 0.5990, lr: 0.0009023946502196013
2026-08-07 13:23:02 - train: epoch 62, iter:20, loss: 0.6582, lr: 0.0009023946502196013
2026-08-07 13:23:16 - val epoch: 62, loss: 0.8885
2026-08-07 13:23:18 - train: epoch 63, iter:0, loss: 0.5485, lr: 0.0008992823094219767
2026-08-07 13:23:19 - train: epoch 63, iter:20, loss: 0.6476, lr: 0.0008992823094219767
2026-08-07 13:23:33 - val epoch: 63, loss: 0.8958
2026-08-07 13:23:35 - train: epoch 64, iter:0, loss: 0.6237, lr: 0.0008961267311259662
2026-08-07 13:23:37 - train: epoch 64, iter:20, loss: 0.6323, lr: 0.0008961267311259662
2026-08-07 13:23:51 - val epoch: 64, loss: 0.8620
2026-08-07 13:23:52 - train: epoch 65, iter:0, loss: 0.6146, lr: 0.0008929282613762903
2026-08-07 13:23:54 - train: epoch 65, iter:20, loss: 0.6324, lr: 0.0008929282613762903
2026-08-07 13:24:08 - val epoch: 65, loss: 0.8625
2026-08-07 13:24:10 - train: epoch 66, iter:0, loss: 0.6182, lr: 0.0008896872509212002
2026-08-07 13:24:12 - train: epoch 66, iter:20, loss: 0.6421, lr: 0.0008896872509212002
2026-08-07 13:24:26 - val epoch: 66, loss: 0.8745
2026-08-07 13:24:27 - train: epoch 67, iter:0, loss: 0.6460, lr: 0.0008864040551740152
2026-08-07 13:24:29 - train: epoch 67, iter:20, loss: 0.6518, lr: 0.0008864040551740152
2026-08-07 13:24:43 - val epoch: 67, loss: 0.9073
2026-08-07 13:24:45 - train: epoch 68, iter:0, loss: 0.9416, lr: 0.0008830790341741476
2026-08-07 13:24:47 - train: epoch 68, iter:20, loss: 0.6385, lr: 0.0008830790341741476
2026-08-07 13:25:01 - val epoch: 68, loss: 0.8532
2026-08-07 13:25:03 - train: epoch 69, iter:0, loss: 0.6119, lr: 0.000879712552547619
2026-08-07 13:25:04 - train: epoch 69, iter:20, loss: 0.6258, lr: 0.000879712552547619
2026-08-07 13:25:18 - val epoch: 69, loss: 0.8935
2026-08-07 13:25:20 - train: epoch 70, iter:0, loss: 0.6785, lr: 0.0008763049794670771
2026-08-07 13:25:22 - train: epoch 70, iter:20, loss: 0.7006, lr: 0.0008763049794670771
2026-08-07 13:25:36 - val epoch: 70, loss: 0.8407
2026-08-07 13:25:37 - train: epoch 71, iter:0, loss: 0.6062, lr: 0.0008728566886113098
2026-08-07 13:25:39 - train: epoch 71, iter:20, loss: 0.6583, lr: 0.0008728566886113098
2026-08-07 13:25:54 - val epoch: 71, loss: 0.8541
2026-08-07 13:25:55 - train: epoch 72, iter:0, loss: 0.5910, lr: 0.000869368058124268
2026-08-07 13:25:57 - train: epoch 72, iter:20, loss: 0.6228, lr: 0.000869368058124268
2026-08-07 13:26:11 - val epoch: 72, loss: 0.8693
2026-08-07 13:26:13 - train: epoch 73, iter:0, loss: 0.6024, lr: 0.0008658394705735983
2026-08-07 13:26:15 - train: epoch 73, iter:20, loss: 0.6383, lr: 0.0008658394705735983
2026-08-07 13:26:29 - val epoch: 73, loss: 0.8972
2026-08-07 13:26:31 - train: epoch 74, iter:0, loss: 0.6805, lr: 0.0008622713129086888
2026-08-07 13:26:32 - train: epoch 74, iter:20, loss: 0.6051, lr: 0.0008622713129086888
2026-08-07 13:26:47 - val epoch: 74, loss: 0.8978
2026-08-07 13:26:49 - train: epoch 75, iter:0, loss: 0.7141, lr: 0.0008586639764182372
2026-08-07 13:26:50 - train: epoch 75, iter:20, loss: 0.6476, lr: 0.0008586639764182372
2026-08-07 13:27:04 - val epoch: 75, loss: 0.9847
2026-08-07 13:27:06 - train: epoch 76, iter:0, loss: 0.6663, lr: 0.0008550178566873405
2026-08-07 13:27:08 - train: epoch 76, iter:20, loss: 0.7036, lr: 0.0008550178566873405
2026-08-07 13:27:22 - val epoch: 76, loss: 0.8823
2026-08-07 13:27:23 - train: epoch 77, iter:0, loss: 0.6778, lr: 0.0008513333535541156
2026-08-07 13:27:25 - train: epoch 77, iter:20, loss: 0.6184, lr: 0.0008513333535541156
2026-08-07 13:27:39 - val epoch: 77, loss: 0.9196
2026-08-07 13:27:41 - train: epoch 78, iter:0, loss: 0.7799, lr: 0.0008476108710658509
2026-08-07 13:27:42 - train: epoch 78, iter:20, loss: 0.6077, lr: 0.0008476108710658509
2026-08-07 13:27:56 - val epoch: 78, loss: 0.9349
2026-08-07 13:27:58 - train: epoch 79, iter:0, loss: 0.6420, lr: 0.0008438508174347005
2026-08-07 13:28:00 - train: epoch 79, iter:20, loss: 0.6303, lr: 0.0008438508174347005
2026-08-07 13:28:14 - val epoch: 79, loss: 0.8583
2026-08-07 13:28:15 - train: epoch 80, iter:0, loss: 0.6232, lr: 0.0008400536049929166
2026-08-07 13:28:17 - train: epoch 80, iter:20, loss: 0.6389, lr: 0.0008400536049929166
2026-08-07 13:28:32 - val epoch: 80, loss: 0.8570
2026-08-07 13:28:34 - train: epoch 81, iter:0, loss: 0.5548, lr: 0.0008362196501476343
2026-08-07 13:28:35 - train: epoch 81, iter:20, loss: 0.6328, lr: 0.0008362196501476343
2026-08-07 13:28:50 - val epoch: 81, loss: 0.8892
2026-08-07 13:28:52 - train: epoch 82, iter:0, loss: 0.5895, lr: 0.0008323493733352072
2026-08-07 13:28:53 - train: epoch 82, iter:20, loss: 0.6259, lr: 0.0008323493733352072
2026-08-07 13:29:07 - val epoch: 82, loss: 0.8505
2026-08-07 13:29:09 - train: epoch 83, iter:0, loss: 0.7401, lr: 0.0008284431989751018
2026-08-07 13:29:11 - train: epoch 83, iter:20, loss: 0.6212, lr: 0.0008284431989751018
2026-08-07 13:29:25 - val epoch: 83, loss: 0.8373
2026-08-07 13:29:26 - train: epoch 84, iter:0, loss: 0.5912, lr: 0.000824501555423355
2026-08-07 13:29:28 - train: epoch 84, iter:20, loss: 0.6349, lr: 0.000824501555423355
2026-08-07 13:29:42 - val epoch: 84, loss: 0.8542
2026-08-07 13:29:44 - train: epoch 85, iter:0, loss: 0.5800, lr: 0.0008205248749256009
2026-08-07 13:29:46 - train: epoch 85, iter:20, loss: 0.5852, lr: 0.0008205248749256009
2026-08-07 13:30:00 - val epoch: 85, loss: 0.8929
2026-08-07 13:30:01 - train: epoch 86, iter:0, loss: 0.5686, lr: 0.000816513593569669
2026-08-07 13:30:03 - train: epoch 86, iter:20, loss: 0.6388, lr: 0.000816513593569669
2026-08-07 13:30:17 - val epoch: 86, loss: 0.8412
2026-08-07 13:30:18 - train: epoch 87, iter:0, loss: 0.6074, lr: 0.0008124681512377632
2026-08-07 13:30:20 - train: epoch 87, iter:20, loss: 0.6191, lr: 0.0008124681512377632
2026-08-07 13:30:35 - val epoch: 87, loss: 0.8583
2026-08-07 13:30:36 - train: epoch 88, iter:0, loss: 0.6755, lr: 0.000808388991558223
2026-08-07 13:30:38 - train: epoch 88, iter:20, loss: 0.5912, lr: 0.000808388991558223
2026-08-07 13:30:52 - val epoch: 88, loss: 0.8588
2026-08-07 13:30:54 - train: epoch 89, iter:0, loss: 0.5729, lr: 0.0008042765618568752
2026-08-07 13:30:56 - train: epoch 89, iter:20, loss: 0.6004, lr: 0.0008042765618568752
2026-08-07 13:31:10 - val epoch: 89, loss: 0.8414
2026-08-07 13:31:11 - train: epoch 90, iter:0, loss: 0.5796, lr: 0.0008001313131079794
2026-08-07 13:31:13 - train: epoch 90, iter:20, loss: 0.6456, lr: 0.0008001313131079794
2026-08-07 13:31:31 - val epoch: 90, loss: 0.8717, miou: 0.7699759157125162, f1_or_dsc: 0.8700411218901326, accuracy: 0.9347463551134166,                 specificity: 0.9467785850046989, sensitivity: 0.8973477125845187, confusion_matrix: [[37931261  2132236]
 [ 1323146 11566445]]
2026-08-07 13:31:33 - train: epoch 91, iter:0, loss: 0.7593, lr: 0.0007959536998847737
2026-08-07 13:31:35 - train: epoch 91, iter:20, loss: 0.6354, lr: 0.0007959536998847737
2026-08-07 13:31:49 - val epoch: 91, loss: 0.8767
2026-08-07 13:31:50 - train: epoch 92, iter:0, loss: 0.5913, lr: 0.0007917441803096255
2026-08-07 13:31:52 - train: epoch 92, iter:20, loss: 0.6371, lr: 0.0007917441803096255
2026-08-07 13:32:06 - val epoch: 92, loss: 0.8824
2026-08-07 13:32:08 - train: epoch 93, iter:0, loss: 0.5602, lr: 0.0007875032160037932
2026-08-07 13:32:10 - train: epoch 93, iter:20, loss: 0.6209, lr: 0.0007875032160037932
2026-08-07 13:32:24 - val epoch: 93, loss: 0.9725
2026-08-07 13:32:25 - train: epoch 94, iter:0, loss: 0.9186, lr: 0.0007832312720368042
2026-08-07 13:32:27 - train: epoch 94, iter:20, loss: 0.5902, lr: 0.0007832312720368042
2026-08-07 13:32:41 - val epoch: 94, loss: 0.8693
2026-08-07 13:32:43 - train: epoch 95, iter:0, loss: 0.5270, lr: 0.0007789288168754548
2026-08-07 13:32:45 - train: epoch 95, iter:20, loss: 0.5948, lr: 0.0007789288168754548
2026-08-07 13:32:59 - val epoch: 95, loss: 0.8344
2026-08-07 13:33:00 - train: epoch 96, iter:0, loss: 0.5760, lr: 0.0007745963223324379
2026-08-07 13:33:02 - train: epoch 96, iter:20, loss: 0.5929, lr: 0.0007745963223324379
2026-08-07 13:33:16 - val epoch: 96, loss: 1.0759
2026-08-07 13:33:18 - train: epoch 97, iter:0, loss: 0.8942, lr: 0.0007702342635146028
2026-08-07 13:33:20 - train: epoch 97, iter:20, loss: 0.6170, lr: 0.0007702342635146028
2026-08-07 13:33:34 - val epoch: 97, loss: 0.8337
2026-08-07 13:33:35 - train: epoch 98, iter:0, loss: 0.6510, lr: 0.000765843118770855
2026-08-07 13:33:37 - train: epoch 98, iter:20, loss: 0.5906, lr: 0.000765843118770855
2026-08-07 13:33:51 - val epoch: 98, loss: 0.9101
2026-08-07 13:33:53 - train: epoch 99, iter:0, loss: 0.6150, lr: 0.0007614233696396991
2026-08-07 13:33:55 - train: epoch 99, iter:20, loss: 0.5928, lr: 0.0007614233696396991
2026-08-07 13:34:09 - val epoch: 99, loss: 0.9612
2026-08-07 13:34:10 - train: epoch 100, iter:0, loss: 0.7859, lr: 0.0007569755007964334
2026-08-07 13:34:12 - train: epoch 100, iter:20, loss: 0.6174, lr: 0.0007569755007964334
2026-08-07 13:34:26 - val epoch: 100, loss: 0.8292
2026-08-07 13:34:28 - train: epoch 101, iter:0, loss: 0.6363, lr: 0.0007524999999999996
2026-08-07 13:34:30 - train: epoch 101, iter:20, loss: 0.5864, lr: 0.0007524999999999996
2026-08-07 13:34:44 - val epoch: 101, loss: 0.8870
2026-08-07 13:34:45 - train: epoch 102, iter:0, loss: 0.5709, lr: 0.0007479973580394943
2026-08-07 13:34:47 - train: epoch 102, iter:20, loss: 0.5886, lr: 0.0007479973580394943
2026-08-07 13:35:01 - val epoch: 102, loss: 0.8328
2026-08-07 13:35:03 - train: epoch 103, iter:0, loss: 0.6628, lr: 0.0007434680686803487
2026-08-07 13:35:05 - train: epoch 103, iter:20, loss: 0.6261, lr: 0.0007434680686803487
2026-08-07 13:35:19 - val epoch: 103, loss: 0.8731
2026-08-07 13:35:21 - train: epoch 104, iter:0, loss: 0.5933, lr: 0.0007389126286101815
2026-08-07 13:35:22 - train: epoch 104, iter:20, loss: 0.6083, lr: 0.0007389126286101815
2026-08-07 13:35:36 - val epoch: 104, loss: 0.9350
2026-08-07 13:35:38 - train: epoch 105, iter:0, loss: 0.5255, lr: 0.0007343315373843313
2026-08-07 13:35:39 - train: epoch 105, iter:20, loss: 0.5805, lr: 0.0007343315373843313
2026-08-07 13:35:53 - val epoch: 105, loss: 0.8603
2026-08-07 13:35:55 - train: epoch 106, iter:0, loss: 0.5344, lr: 0.0007297252973710753
2026-08-07 13:35:57 - train: epoch 106, iter:20, loss: 0.5853, lr: 0.0007297252973710753
2026-08-07 13:36:11 - val epoch: 106, loss: 0.8924
2026-08-07 13:36:13 - train: epoch 107, iter:0, loss: 0.6287, lr: 0.0007250944136965387
2026-08-07 13:36:14 - train: epoch 107, iter:20, loss: 0.6319, lr: 0.0007250944136965387
2026-08-07 13:36:28 - val epoch: 107, loss: 0.8329
2026-08-07 13:36:30 - train: epoch 108, iter:0, loss: 0.6142, lr: 0.0007204393941893019
2026-08-07 13:36:32 - train: epoch 108, iter:20, loss: 0.5905, lr: 0.0007204393941893019
2026-08-07 13:36:46 - val epoch: 108, loss: 0.8219
2026-08-07 13:36:48 - train: epoch 109, iter:0, loss: 0.4381, lr: 0.0007157607493247106
2026-08-07 13:36:49 - train: epoch 109, iter:20, loss: 0.5550, lr: 0.0007157607493247106
2026-08-07 13:37:03 - val epoch: 109, loss: 0.8604
2026-08-07 13:37:05 - train: epoch 110, iter:0, loss: 0.7031, lr: 0.0007110589921688983
2026-08-07 13:37:07 - train: epoch 110, iter:20, loss: 0.6016, lr: 0.0007110589921688983
2026-08-07 13:37:21 - val epoch: 110, loss: 0.8702
2026-08-07 13:37:23 - train: epoch 111, iter:0, loss: 0.5767, lr: 0.0007063346383225208
2026-08-07 13:37:24 - train: epoch 111, iter:20, loss: 0.5654, lr: 0.0007063346383225208
2026-08-07 13:37:38 - val epoch: 111, loss: 0.8499
2026-08-07 13:37:40 - train: epoch 112, iter:0, loss: 0.6020, lr: 0.0007015882058642161
2026-08-07 13:37:42 - train: epoch 112, iter:20, loss: 0.5776, lr: 0.0007015882058642161
2026-08-07 13:37:56 - val epoch: 112, loss: 0.8719
2026-08-07 13:37:58 - train: epoch 113, iter:0, loss: 0.4747, lr: 0.0006968202152937907
2026-08-07 13:37:59 - train: epoch 113, iter:20, loss: 0.5789, lr: 0.0006968202152937907
2026-08-07 13:38:13 - val epoch: 113, loss: 0.9349
2026-08-07 13:38:15 - train: epoch 114, iter:0, loss: 0.6831, lr: 0.000692031189475141
2026-08-07 13:38:17 - train: epoch 114, iter:20, loss: 0.5735, lr: 0.000692031189475141
2026-08-07 13:38:31 - val epoch: 114, loss: 0.8213
2026-08-07 13:38:33 - train: epoch 115, iter:0, loss: 0.5342, lr: 0.0006872216535789155
2026-08-07 13:38:34 - train: epoch 115, iter:20, loss: 0.5635, lr: 0.0006872216535789155
2026-08-07 13:38:48 - val epoch: 115, loss: 0.8408
2026-08-07 13:38:50 - train: epoch 116, iter:0, loss: 0.4283, lr: 0.0006823921350249233
2026-08-07 13:38:51 - train: epoch 116, iter:20, loss: 0.5623, lr: 0.0006823921350249233
2026-08-07 13:39:06 - val epoch: 116, loss: 0.8166
2026-08-07 13:39:07 - train: epoch 117, iter:0, loss: 0.5146, lr: 0.0006775431634242984
2026-08-07 13:39:09 - train: epoch 117, iter:20, loss: 0.5934, lr: 0.0006775431634242984
2026-08-07 13:39:23 - val epoch: 117, loss: 0.8663
2026-08-07 13:39:25 - train: epoch 118, iter:0, loss: 0.6098, lr: 0.0006726752705214191
2026-08-07 13:39:26 - train: epoch 118, iter:20, loss: 0.5638, lr: 0.0006726752705214191
2026-08-07 13:39:41 - val epoch: 118, loss: 0.8813
2026-08-07 13:39:42 - train: epoch 119, iter:0, loss: 0.4922, lr: 0.0006677889901355985
2026-08-07 13:39:44 - train: epoch 119, iter:20, loss: 0.5391, lr: 0.0006677889901355985
2026-08-07 13:39:58 - val epoch: 119, loss: 0.8539
2026-08-07 13:40:00 - train: epoch 120, iter:0, loss: 0.4945, lr: 0.0006628848581025445
2026-08-07 13:40:01 - train: epoch 120, iter:20, loss: 0.5606, lr: 0.0006628848581025445
2026-08-07 13:40:20 - val epoch: 120, loss: 0.8128, miou: 0.7883609154649535, f1_or_dsc: 0.8816575095637097, accuracy: 0.9417065724287883,                 specificity: 0.9576747631391239, sensitivity: 0.8920741550294342, confusion_matrix: [[38367800  1695697]
 [ 1391120 11498471]]
2026-08-07 13:40:21 - train: epoch 121, iter:0, loss: 0.6365, lr: 0.0006579634122155989
2026-08-07 13:40:23 - train: epoch 121, iter:20, loss: 0.5660, lr: 0.0006579634122155989
2026-08-07 13:40:37 - val epoch: 121, loss: 0.8450
2026-08-07 13:40:39 - train: epoch 122, iter:0, loss: 0.5641, lr: 0.0006530251921667629
2026-08-07 13:40:40 - train: epoch 122, iter:20, loss: 0.5533, lr: 0.0006530251921667629
2026-08-07 13:40:55 - val epoch: 122, loss: 0.8329
2026-08-07 13:40:56 - train: epoch 123, iter:0, loss: 0.5157, lr: 0.0006480707394875134
2026-08-07 13:40:58 - train: epoch 123, iter:20, loss: 0.5839, lr: 0.0006480707394875134
2026-08-07 13:41:12 - val epoch: 123, loss: 0.8549
2026-08-07 13:41:14 - train: epoch 124, iter:0, loss: 0.5314, lr: 0.0006431005974894185
2026-08-07 13:41:16 - train: epoch 124, iter:20, loss: 0.5506, lr: 0.0006431005974894185
2026-08-07 13:41:30 - val epoch: 124, loss: 0.8156
2026-08-07 13:41:31 - train: epoch 125, iter:0, loss: 0.6333, lr: 0.0006381153112045565
2026-08-07 13:41:33 - train: epoch 125, iter:20, loss: 0.5605, lr: 0.0006381153112045565
2026-08-07 13:41:47 - val epoch: 125, loss: 0.8908
2026-08-07 13:41:49 - train: epoch 126, iter:0, loss: 0.5018, lr: 0.0006331154273257479
2026-08-07 13:41:50 - train: epoch 126, iter:20, loss: 0.5617, lr: 0.0006331154273257479
2026-08-07 13:42:04 - val epoch: 126, loss: 0.8462
2026-08-07 13:42:06 - train: epoch 127, iter:0, loss: 0.5323, lr: 0.000628101494146603
2026-08-07 13:42:08 - train: epoch 127, iter:20, loss: 0.5505, lr: 0.000628101494146603
2026-08-07 13:42:22 - val epoch: 127, loss: 0.8440
2026-08-07 13:42:24 - train: epoch 128, iter:0, loss: 0.5540, lr: 0.0006230740615013976
2026-08-07 13:42:25 - train: epoch 128, iter:20, loss: 0.5662, lr: 0.0006230740615013976
2026-08-07 13:42:39 - val epoch: 128, loss: 0.8534
2026-08-07 13:42:41 - train: epoch 129, iter:0, loss: 0.5077, lr: 0.0006180336807047746
2026-08-07 13:42:43 - train: epoch 129, iter:20, loss: 0.5898, lr: 0.0006180336807047746
2026-08-07 13:42:57 - val epoch: 129, loss: 0.8456
2026-08-07 13:42:59 - train: epoch 130, iter:0, loss: 0.6267, lr: 0.0006129809044912887
2026-08-07 13:43:00 - train: epoch 130, iter:20, loss: 0.5562, lr: 0.0006129809044912887
2026-08-07 13:43:14 - val epoch: 130, loss: 0.8457
2026-08-07 13:43:16 - train: epoch 131, iter:0, loss: 0.5343, lr: 0.0006079162869547909
2026-08-07 13:43:18 - train: epoch 131, iter:20, loss: 0.5650, lr: 0.0006079162869547909
2026-08-07 13:43:32 - val epoch: 131, loss: 0.8610
2026-08-07 13:43:34 - train: epoch 132, iter:0, loss: 0.4972, lr: 0.0006028403834876673
2026-08-07 13:43:36 - train: epoch 132, iter:20, loss: 0.5578, lr: 0.0006028403834876673
2026-08-07 13:43:50 - val epoch: 132, loss: 0.8522
2026-08-07 13:43:51 - train: epoch 133, iter:0, loss: 0.5341, lr: 0.0005977537507199337
2026-08-07 13:43:53 - train: epoch 133, iter:20, loss: 0.5713, lr: 0.0005977537507199337
2026-08-07 13:44:08 - val epoch: 133, loss: 0.8596
2026-08-07 13:44:09 - train: epoch 134, iter:0, loss: 0.4834, lr: 0.0005926569464581937
2026-08-07 13:44:11 - train: epoch 134, iter:20, loss: 0.5622, lr: 0.0005926569464581937
2026-08-07 13:44:25 - val epoch: 134, loss: 0.8502
2026-08-07 13:44:26 - train: epoch 135, iter:0, loss: 0.6778, lr: 0.0005875505296244705
2026-08-07 13:44:28 - train: epoch 135, iter:20, loss: 0.5463, lr: 0.0005875505296244705
2026-08-07 13:44:43 - val epoch: 135, loss: 0.8840
2026-08-07 13:44:44 - train: epoch 136, iter:0, loss: 0.5933, lr: 0.0005824350601949142
2026-08-07 13:44:46 - train: epoch 136, iter:20, loss: 0.5534, lr: 0.0005824350601949142
2026-08-07 13:45:00 - val epoch: 136, loss: 0.9189
2026-08-07 13:45:02 - train: epoch 137, iter:0, loss: 0.4958, lr: 0.0005773110991383937
2026-08-07 13:45:04 - train: epoch 137, iter:20, loss: 0.5474, lr: 0.0005773110991383937
2026-08-07 13:45:18 - val epoch: 137, loss: 0.8691
2026-08-07 13:45:20 - train: epoch 138, iter:0, loss: 0.4712, lr: 0.0005721792083549806
2026-08-07 13:45:21 - train: epoch 138, iter:20, loss: 0.5512, lr: 0.0005721792083549806
2026-08-07 13:45:36 - val epoch: 138, loss: 0.8176
2026-08-07 13:45:37 - train: epoch 139, iter:0, loss: 0.4860, lr: 0.0005670399506143306
2026-08-07 13:45:39 - train: epoch 139, iter:20, loss: 0.5314, lr: 0.0005670399506143306
2026-08-07 13:45:53 - val epoch: 139, loss: 0.8814
2026-08-07 13:45:55 - train: epoch 140, iter:0, loss: 0.5027, lr: 0.000561893889493969
2026-08-07 13:45:57 - train: epoch 140, iter:20, loss: 0.5589, lr: 0.000561893889493969
2026-08-07 13:46:11 - val epoch: 140, loss: 0.8603
2026-08-07 13:46:13 - train: epoch 141, iter:0, loss: 0.5907, lr: 0.0005567415893174885
2026-08-07 13:46:15 - train: epoch 141, iter:20, loss: 0.5578, lr: 0.0005567415893174885
2026-08-07 13:46:29 - val epoch: 141, loss: 0.8859
2026-08-07 13:46:31 - train: epoch 142, iter:0, loss: 0.4358, lr: 0.0005515836150926646
2026-08-07 13:46:32 - train: epoch 142, iter:20, loss: 0.5484, lr: 0.0005515836150926646
2026-08-07 13:46:47 - val epoch: 142, loss: 0.8978
2026-08-07 13:46:48 - train: epoch 143, iter:0, loss: 0.5162, lr: 0.0005464205324494961
2026-08-07 13:46:51 - train: epoch 143, iter:20, loss: 0.5702, lr: 0.0005464205324494961
2026-08-07 13:47:05 - val epoch: 143, loss: 0.8848
2026-08-07 13:47:06 - train: epoch 144, iter:0, loss: 0.4913, lr: 0.0005412529075781776
2026-08-07 13:47:08 - train: epoch 144, iter:20, loss: 0.5784, lr: 0.0005412529075781776
2026-08-07 13:47:23 - val epoch: 144, loss: 0.8633
2026-08-07 13:47:24 - train: epoch 145, iter:0, loss: 0.4782, lr: 0.0005360813071670101
2026-08-07 13:47:26 - train: epoch 145, iter:20, loss: 0.5427, lr: 0.0005360813071670101
2026-08-07 13:47:40 - val epoch: 145, loss: 0.8860
2026-08-07 13:47:42 - train: epoch 146, iter:0, loss: 0.6557, lr: 0.0005309062983402573
2026-08-07 13:47:44 - train: epoch 146, iter:20, loss: 0.5214, lr: 0.0005309062983402573
2026-08-07 13:47:58 - val epoch: 146, loss: 0.8599
2026-08-07 13:48:00 - train: epoch 147, iter:0, loss: 0.5222, lr: 0.0005257284485959538
2026-08-07 13:48:02 - train: epoch 147, iter:20, loss: 0.5326, lr: 0.0005257284485959538
2026-08-07 13:48:16 - val epoch: 147, loss: 0.8489
2026-08-07 13:48:18 - train: epoch 148, iter:0, loss: 0.5078, lr: 0.0005205483257436734
2026-08-07 13:48:20 - train: epoch 148, iter:20, loss: 0.5390, lr: 0.0005205483257436734
2026-08-07 13:48:34 - val epoch: 148, loss: 0.8726
2026-08-07 13:48:36 - train: epoch 149, iter:0, loss: 0.4737, lr: 0.0005153664978422616
2026-08-07 13:48:38 - train: epoch 149, iter:20, loss: 0.5524, lr: 0.0005153664978422616
2026-08-07 13:48:52 - val epoch: 149, loss: 0.8360
2026-08-07 13:48:53 - train: epoch 150, iter:0, loss: 0.4394, lr: 0.0005101835331375416
2026-08-07 13:48:56 - train: epoch 150, iter:20, loss: 0.5552, lr: 0.0005101835331375416
2026-08-07 13:49:14 - val epoch: 150, loss: 0.8813, miou: 0.776538976923954, f1_or_dsc: 0.8742155246923067, accuracy: 0.939638628818021,                 specificity: 0.9647031311320626, sensitivity: 0.8617330061132273, confusion_matrix: [[38649381  1414116]
 [ 1782205 11107386]]
2026-08-07 13:49:16 - train: epoch 151, iter:0, loss: 0.5584, lr: 0.0005049999999999999
2026-08-07 13:49:18 - train: epoch 151, iter:20, loss: 0.5402, lr: 0.0005049999999999999
2026-08-07 13:49:32 - val epoch: 151, loss: 0.9172
2026-08-07 13:49:34 - train: epoch 152, iter:0, loss: 0.5690, lr: 0.0004998164668624582
2026-08-07 13:49:36 - train: epoch 152, iter:20, loss: 0.5247, lr: 0.0004998164668624582
2026-08-07 13:49:50 - val epoch: 152, loss: 0.8463
2026-08-07 13:49:52 - train: epoch 153, iter:0, loss: 0.6932, lr: 0.0004946335021577383
2026-08-07 13:49:53 - train: epoch 153, iter:20, loss: 0.5406, lr: 0.0004946335021577383
2026-08-07 13:50:08 - val epoch: 153, loss: 0.8825
2026-08-07 13:50:10 - train: epoch 154, iter:0, loss: 0.4699, lr: 0.0004894516742563263
2026-08-07 13:50:11 - train: epoch 154, iter:20, loss: 0.5135, lr: 0.0004894516742563263
2026-08-07 13:50:26 - val epoch: 154, loss: 0.9102
2026-08-07 13:50:27 - train: epoch 155, iter:0, loss: 0.4986, lr: 0.000484271551404046
2026-08-07 13:50:29 - train: epoch 155, iter:20, loss: 0.5422, lr: 0.000484271551404046
2026-08-07 13:50:43 - val epoch: 155, loss: 0.8774
2026-08-07 13:50:45 - train: epoch 156, iter:0, loss: 0.5163, lr: 0.0004790937016597426
2026-08-07 13:50:47 - train: epoch 156, iter:20, loss: 0.5419, lr: 0.0004790937016597426
2026-08-07 13:51:01 - val epoch: 156, loss: 0.8478
2026-08-07 13:51:03 - train: epoch 157, iter:0, loss: 0.6252, lr: 0.0004739186928329898
2026-08-07 13:51:05 - train: epoch 157, iter:20, loss: 0.5356, lr: 0.0004739186928329898
2026-08-07 13:51:19 - val epoch: 157, loss: 0.8514
2026-08-07 13:51:21 - train: epoch 158, iter:0, loss: 0.4206, lr: 0.0004687470924218222
2026-08-07 13:51:22 - train: epoch 158, iter:20, loss: 0.5333, lr: 0.0004687470924218222
2026-08-07 13:51:36 - val epoch: 158, loss: 0.8749
2026-08-07 13:51:38 - train: epoch 159, iter:0, loss: 0.7354, lr: 0.00046357946755050356
2026-08-07 13:51:40 - train: epoch 159, iter:20, loss: 0.5339, lr: 0.00046357946755050356
2026-08-07 13:51:54 - val epoch: 159, loss: 0.8799
2026-08-07 13:51:56 - train: epoch 160, iter:0, loss: 0.5166, lr: 0.00045841638490733513
2026-08-07 13:51:58 - train: epoch 160, iter:20, loss: 0.5283, lr: 0.00045841638490733513
2026-08-07 13:52:12 - val epoch: 160, loss: 0.8884
2026-08-07 13:52:14 - train: epoch 161, iter:0, loss: 0.6072, lr: 0.00045325841068251133
2026-08-07 13:52:16 - train: epoch 161, iter:20, loss: 0.5404, lr: 0.00045325841068251133
2026-08-07 13:52:30 - val epoch: 161, loss: 0.8860
2026-08-07 13:52:31 - train: epoch 162, iter:0, loss: 0.4820, lr: 0.0004481061105060308
2026-08-07 13:52:33 - train: epoch 162, iter:20, loss: 0.5271, lr: 0.0004481061105060308
2026-08-07 13:52:48 - val epoch: 162, loss: 0.9009
2026-08-07 13:52:49 - train: epoch 163, iter:0, loss: 0.5688, lr: 0.0004429600493856691
2026-08-07 13:52:51 - train: epoch 163, iter:20, loss: 0.5200, lr: 0.0004429600493856691
2026-08-07 13:53:05 - val epoch: 163, loss: 0.8549
2026-08-07 13:53:07 - train: epoch 164, iter:0, loss: 0.4753, lr: 0.000437820791645019
2026-08-07 13:53:09 - train: epoch 164, iter:20, loss: 0.5351, lr: 0.000437820791645019
2026-08-07 13:53:23 - val epoch: 164, loss: 0.9046
2026-08-07 13:53:25 - train: epoch 165, iter:0, loss: 0.7365, lr: 0.00043268890086160604
2026-08-07 13:53:27 - train: epoch 165, iter:20, loss: 0.5192, lr: 0.00043268890086160604
2026-08-07 13:53:41 - val epoch: 165, loss: 0.8732
2026-08-07 13:53:43 - train: epoch 166, iter:0, loss: 0.5013, lr: 0.0004275649398050855
2026-08-07 13:53:44 - train: epoch 166, iter:20, loss: 0.5383, lr: 0.0004275649398050855
2026-08-07 13:53:59 - val epoch: 166, loss: 0.8715
2026-08-07 13:54:00 - train: epoch 167, iter:0, loss: 0.5755, lr: 0.0004224494703755289
2026-08-07 13:54:02 - train: epoch 167, iter:20, loss: 0.5162, lr: 0.0004224494703755289
2026-08-07 13:54:16 - val epoch: 167, loss: 0.8683
2026-08-07 13:54:18 - train: epoch 168, iter:0, loss: 0.5390, lr: 0.00041734305354180595
2026-08-07 13:54:20 - train: epoch 168, iter:20, loss: 0.5327, lr: 0.00041734305354180595
2026-08-07 13:54:34 - val epoch: 168, loss: 0.8353
2026-08-07 13:54:36 - train: epoch 169, iter:0, loss: 0.5528, lr: 0.000412246249280066
2026-08-07 13:54:38 - train: epoch 169, iter:20, loss: 0.5128, lr: 0.000412246249280066
2026-08-07 13:54:52 - val epoch: 169, loss: 0.8522
2026-08-07 13:54:54 - train: epoch 170, iter:0, loss: 0.4444, lr: 0.0004071596165123322
2026-08-07 13:54:56 - train: epoch 170, iter:20, loss: 0.5212, lr: 0.0004071596165123322
2026-08-07 13:55:10 - val epoch: 170, loss: 0.8807
2026-08-07 13:55:12 - train: epoch 171, iter:0, loss: 0.4922, lr: 0.0004020837130452088
2026-08-07 13:55:14 - train: epoch 171, iter:20, loss: 0.5352, lr: 0.0004020837130452088
2026-08-07 13:55:28 - val epoch: 171, loss: 0.8934
2026-08-07 13:55:30 - train: epoch 172, iter:0, loss: 0.5090, lr: 0.00039701909550871116
2026-08-07 13:55:31 - train: epoch 172, iter:20, loss: 0.5335, lr: 0.00039701909550871116
2026-08-07 13:55:46 - val epoch: 172, loss: 0.8549
2026-08-07 13:55:47 - train: epoch 173, iter:0, loss: 0.4733, lr: 0.0003919663192952252
2026-08-07 13:55:49 - train: epoch 173, iter:20, loss: 0.4793, lr: 0.0003919663192952252
2026-08-07 13:56:03 - val epoch: 173, loss: 0.8643
2026-08-07 13:56:05 - train: epoch 174, iter:0, loss: 0.5032, lr: 0.0003869259384986023
2026-08-07 13:56:07 - train: epoch 174, iter:20, loss: 0.5411, lr: 0.0003869259384986023
2026-08-07 13:56:21 - val epoch: 174, loss: 0.8456
2026-08-07 13:56:23 - train: epoch 175, iter:0, loss: 0.4577, lr: 0.0003818985058533967
2026-08-07 13:56:25 - train: epoch 175, iter:20, loss: 0.5278, lr: 0.0003818985058533967
2026-08-07 13:56:39 - val epoch: 175, loss: 0.8934
2026-08-07 13:56:41 - train: epoch 176, iter:0, loss: 0.5592, lr: 0.00037688457267425206
2026-08-07 13:56:43 - train: epoch 176, iter:20, loss: 0.5248, lr: 0.00037688457267425206
2026-08-07 13:56:57 - val epoch: 176, loss: 0.8782
2026-08-07 13:56:59 - train: epoch 177, iter:0, loss: 0.5127, lr: 0.0003718846887954434
2026-08-07 13:57:00 - train: epoch 177, iter:20, loss: 0.5127, lr: 0.0003718846887954434
2026-08-07 13:57:15 - val epoch: 177, loss: 0.8485
2026-08-07 13:57:16 - train: epoch 178, iter:0, loss: 0.4615, lr: 0.0003668994025105812
2026-08-07 13:57:18 - train: epoch 178, iter:20, loss: 0.5046, lr: 0.0003668994025105812
2026-08-07 13:57:32 - val epoch: 178, loss: 0.8647
2026-08-07 13:57:34 - train: epoch 179, iter:0, loss: 0.6065, lr: 0.0003619292605124862
2026-08-07 13:57:36 - train: epoch 179, iter:20, loss: 0.5055, lr: 0.0003619292605124862
2026-08-07 13:57:50 - val epoch: 179, loss: 0.8892
2026-08-07 13:57:52 - train: epoch 180, iter:0, loss: 0.4898, lr: 0.00035697480783323686
2026-08-07 13:57:54 - train: epoch 180, iter:20, loss: 0.5190, lr: 0.00035697480783323686
2026-08-07 13:58:12 - val epoch: 180, loss: 0.8567, miou: 0.7855925599469165, f1_or_dsc: 0.8799236483940897, accuracy: 0.9426159622645615,                 specificity: 0.9679813022812263, sensitivity: 0.8637752741727802, confusion_matrix: [[38780716  1282781]
 [ 1755881 11133710]]
2026-08-07 13:58:14 - train: epoch 181, iter:0, loss: 0.5118, lr: 0.00035203658778440076
2026-08-07 13:58:16 - train: epoch 181, iter:20, loss: 0.5156, lr: 0.00035203658778440076
2026-08-07 13:58:30 - val epoch: 181, loss: 0.8407
2026-08-07 13:58:32 - train: epoch 182, iter:0, loss: 0.5374, lr: 0.00034711514189745505
2026-08-07 13:58:34 - train: epoch 182, iter:20, loss: 0.5055, lr: 0.00034711514189745505
2026-08-07 13:58:48 - val epoch: 182, loss: 0.8699
2026-08-07 13:58:50 - train: epoch 183, iter:0, loss: 0.5841, lr: 0.00034221100986440094
2026-08-07 13:58:52 - train: epoch 183, iter:20, loss: 0.5098, lr: 0.00034221100986440094
2026-08-07 13:59:06 - val epoch: 183, loss: 0.8822
2026-08-07 13:59:08 - train: epoch 184, iter:0, loss: 0.4658, lr: 0.0003373247294785804
2026-08-07 13:59:09 - train: epoch 184, iter:20, loss: 0.5066, lr: 0.0003373247294785804
2026-08-07 13:59:24 - val epoch: 184, loss: 0.8622
2026-08-07 13:59:25 - train: epoch 185, iter:0, loss: 0.5733, lr: 0.0003324568365757012
2026-08-07 13:59:27 - train: epoch 185, iter:20, loss: 0.5060, lr: 0.0003324568365757012
2026-08-07 13:59:41 - val epoch: 185, loss: 0.8489
2026-08-07 13:59:43 - train: epoch 186, iter:0, loss: 0.4646, lr: 0.0003276078649750761
2026-08-07 13:59:45 - train: epoch 186, iter:20, loss: 0.5177, lr: 0.0003276078649750761
2026-08-07 13:59:59 - val epoch: 186, loss: 0.9085
2026-08-07 14:00:01 - train: epoch 187, iter:0, loss: 0.4740, lr: 0.00032277834642108417
2026-08-07 14:00:03 - train: epoch 187, iter:20, loss: 0.5105, lr: 0.00032277834642108417
2026-08-07 14:00:17 - val epoch: 187, loss: 0.9236
2026-08-07 14:00:18 - train: epoch 188, iter:0, loss: 0.5870, lr: 0.00031796881052485835
2026-08-07 14:00:21 - train: epoch 188, iter:20, loss: 0.5304, lr: 0.00031796881052485835
2026-08-07 14:00:35 - val epoch: 188, loss: 0.8753
2026-08-07 14:00:37 - train: epoch 189, iter:0, loss: 0.4888, lr: 0.00031317978470620867
2026-08-07 14:00:38 - train: epoch 189, iter:20, loss: 0.5038, lr: 0.00031317978470620867
2026-08-07 14:00:52 - val epoch: 189, loss: 0.8601
2026-08-07 14:00:54 - train: epoch 190, iter:0, loss: 0.5088, lr: 0.00030841179413578315
2026-08-07 14:00:56 - train: epoch 190, iter:20, loss: 0.4997, lr: 0.00030841179413578315
2026-08-07 14:01:10 - val epoch: 190, loss: 0.8624
2026-08-07 14:01:12 - train: epoch 191, iter:0, loss: 0.5605, lr: 0.0003036653616774785
2026-08-07 14:01:14 - train: epoch 191, iter:20, loss: 0.5032, lr: 0.0003036653616774785
2026-08-07 14:01:28 - val epoch: 191, loss: 0.8876
2026-08-07 14:01:30 - train: epoch 192, iter:0, loss: 0.6692, lr: 0.0002989410078311011
2026-08-07 14:01:32 - train: epoch 192, iter:20, loss: 0.5093, lr: 0.0002989410078311011
2026-08-07 14:01:46 - val epoch: 192, loss: 0.8417
2026-08-07 14:01:48 - train: epoch 193, iter:0, loss: 0.5695, lr: 0.00029423925067528865
2026-08-07 14:01:49 - train: epoch 193, iter:20, loss: 0.4966, lr: 0.00029423925067528865
2026-08-07 14:02:04 - val epoch: 193, loss: 0.8678
2026-08-07 14:02:06 - train: epoch 194, iter:0, loss: 0.4853, lr: 0.0002895606058106975
2026-08-07 14:02:07 - train: epoch 194, iter:20, loss: 0.5025, lr: 0.0002895606058106975
2026-08-07 14:02:21 - val epoch: 194, loss: 0.8898
2026-08-07 14:02:23 - train: epoch 195, iter:0, loss: 0.5483, lr: 0.0002849055863034606
2026-08-07 14:02:25 - train: epoch 195, iter:20, loss: 0.5170, lr: 0.0002849055863034606
2026-08-07 14:02:39 - val epoch: 195, loss: 0.8714
2026-08-07 14:02:41 - train: epoch 196, iter:0, loss: 0.5941, lr: 0.00028027470262892396
2026-08-07 14:02:43 - train: epoch 196, iter:20, loss: 0.5069, lr: 0.00028027470262892396
2026-08-07 14:02:57 - val epoch: 196, loss: 0.8832
2026-08-07 14:02:59 - train: epoch 197, iter:0, loss: 0.4302, lr: 0.0002756684626156682
2026-08-07 14:03:01 - train: epoch 197, iter:20, loss: 0.5026, lr: 0.0002756684626156682
2026-08-07 14:03:15 - val epoch: 197, loss: 0.8606
2026-08-07 14:03:17 - train: epoch 198, iter:0, loss: 0.5247, lr: 0.000271087371389818
2026-08-07 14:03:18 - train: epoch 198, iter:20, loss: 0.5161, lr: 0.000271087371389818
2026-08-07 14:03:33 - val epoch: 198, loss: 0.9028
2026-08-07 14:03:34 - train: epoch 199, iter:0, loss: 0.5827, lr: 0.0002665319313196505
2026-08-07 14:03:36 - train: epoch 199, iter:20, loss: 0.5186, lr: 0.0002665319313196505
2026-08-07 14:03:50 - val epoch: 199, loss: 0.8896
2026-08-07 14:03:52 - train: epoch 200, iter:0, loss: 0.5462, lr: 0.00026200264196050494
2026-08-07 14:03:54 - train: epoch 200, iter:20, loss: 0.5142, lr: 0.00026200264196050494
2026-08-07 14:04:08 - val epoch: 200, loss: 0.8938
2026-08-07 14:04:09 - train: epoch 201, iter:0, loss: 0.4426, lr: 0.00025749999999999954
2026-08-07 14:04:11 - train: epoch 201, iter:20, loss: 0.5010, lr: 0.00025749999999999954
2026-08-07 14:04:26 - val epoch: 201, loss: 0.8689
2026-08-07 14:04:28 - train: epoch 202, iter:0, loss: 0.5024, lr: 0.0002530244992035658
2026-08-07 14:04:29 - train: epoch 202, iter:20, loss: 0.5081, lr: 0.0002530244992035658
2026-08-07 14:04:43 - val epoch: 202, loss: 0.8587
2026-08-07 14:04:45 - train: epoch 203, iter:0, loss: 0.5009, lr: 0.0002485766303603003
2026-08-07 14:04:47 - train: epoch 203, iter:20, loss: 0.4977, lr: 0.0002485766303603003
2026-08-07 14:05:01 - val epoch: 203, loss: 0.8784
2026-08-07 14:05:03 - train: epoch 204, iter:0, loss: 0.4884, lr: 0.0002441568812291443
2026-08-07 14:05:05 - train: epoch 204, iter:20, loss: 0.4934, lr: 0.0002441568812291443
2026-08-07 14:05:19 - val epoch: 204, loss: 0.8641
2026-08-07 14:05:20 - train: epoch 205, iter:0, loss: 0.4755, lr: 0.00023976573648539645
2026-08-07 14:05:23 - train: epoch 205, iter:20, loss: 0.5065, lr: 0.00023976573648539645
2026-08-07 14:05:37 - val epoch: 205, loss: 0.8588
2026-08-07 14:05:39 - train: epoch 206, iter:0, loss: 0.4912, lr: 0.00023540367766756144
2026-08-07 14:05:40 - train: epoch 206, iter:20, loss: 0.4996, lr: 0.00023540367766756144
2026-08-07 14:05:55 - val epoch: 206, loss: 0.8800
2026-08-07 14:05:57 - train: epoch 207, iter:0, loss: 0.4634, lr: 0.0002310711831245444
2026-08-07 14:05:58 - train: epoch 207, iter:20, loss: 0.4935, lr: 0.0002310711831245444
2026-08-07 14:06:13 - val epoch: 207, loss: 0.8952
2026-08-07 14:06:14 - train: epoch 208, iter:0, loss: 0.5776, lr: 0.00022676872796319514
2026-08-07 14:06:16 - train: epoch 208, iter:20, loss: 0.4901, lr: 0.00022676872796319514
2026-08-07 14:06:30 - val epoch: 208, loss: 0.8796
2026-08-07 14:06:32 - train: epoch 209, iter:0, loss: 0.4816, lr: 0.00022249678399620604
2026-08-07 14:06:34 - train: epoch 209, iter:20, loss: 0.5050, lr: 0.00022249678399620604
2026-08-07 14:06:48 - val epoch: 209, loss: 0.9009
2026-08-07 14:06:50 - train: epoch 210, iter:0, loss: 0.4831, lr: 0.0002182558196903736
2026-08-07 14:06:52 - train: epoch 210, iter:20, loss: 0.4881, lr: 0.0002182558196903736
2026-08-07 14:07:10 - val epoch: 210, loss: 0.8640, miou: 0.7826287283297604, f1_or_dsc: 0.8780613886583628, accuracy: 0.940414542018777,                 specificity: 0.9594188445407049, sensitivity: 0.8813452653385201, confusion_matrix: [[38437674  1625823]
 [ 1529411 11360180]]
2026-08-07 14:07:12 - train: epoch 211, iter:0, loss: 0.4523, lr: 0.00021404630011522552
2026-08-07 14:07:14 - train: epoch 211, iter:20, loss: 0.4842, lr: 0.00021404630011522552
2026-08-07 14:07:28 - val epoch: 211, loss: 0.8950
2026-08-07 14:07:30 - train: epoch 212, iter:0, loss: 0.5215, lr: 0.0002098686868920198
2026-08-07 14:07:32 - train: epoch 212, iter:20, loss: 0.4838, lr: 0.0002098686868920198
2026-08-07 14:07:46 - val epoch: 212, loss: 0.8885
2026-08-07 14:07:48 - train: epoch 213, iter:0, loss: 0.4341, lr: 0.00020572343814312415
2026-08-07 14:07:49 - train: epoch 213, iter:20, loss: 0.4889, lr: 0.00020572343814312415
2026-08-07 14:08:04 - val epoch: 213, loss: 0.8951
2026-08-07 14:08:05 - train: epoch 214, iter:0, loss: 0.5991, lr: 0.00020161100844177644
2026-08-07 14:08:07 - train: epoch 214, iter:20, loss: 0.5100, lr: 0.00020161100844177644
2026-08-07 14:08:21 - val epoch: 214, loss: 0.9318
2026-08-07 14:08:24 - train: epoch 215, iter:0, loss: 0.4674, lr: 0.0001975318487622361
2026-08-07 14:08:25 - train: epoch 215, iter:20, loss: 0.4806, lr: 0.0001975318487622361
2026-08-07 14:08:39 - val epoch: 215, loss: 0.8899
2026-08-07 14:08:41 - train: epoch 216, iter:0, loss: 0.4654, lr: 0.00019348640643033024
2026-08-07 14:08:43 - train: epoch 216, iter:20, loss: 0.4800, lr: 0.00019348640643033024
2026-08-07 14:08:57 - val epoch: 216, loss: 0.8841
2026-08-07 14:08:59 - train: epoch 217, iter:0, loss: 0.5033, lr: 0.00018947512507439828
2026-08-07 14:09:01 - train: epoch 217, iter:20, loss: 0.5002, lr: 0.00018947512507439828
2026-08-07 14:09:15 - val epoch: 217, loss: 0.8867
2026-08-07 14:09:16 - train: epoch 218, iter:0, loss: 0.4460, lr: 0.00018549844457664425
2026-08-07 14:09:18 - train: epoch 218, iter:20, loss: 0.4873, lr: 0.00018549844457664425
2026-08-07 14:09:32 - val epoch: 218, loss: 0.8935
2026-08-07 14:09:34 - train: epoch 219, iter:0, loss: 0.5000, lr: 0.00018155680102489765
2026-08-07 14:09:36 - train: epoch 219, iter:20, loss: 0.4875, lr: 0.00018155680102489765
2026-08-07 14:09:50 - val epoch: 219, loss: 0.8952
2026-08-07 14:09:52 - train: epoch 220, iter:0, loss: 0.4663, lr: 0.00017765062666479195
2026-08-07 14:09:54 - train: epoch 220, iter:20, loss: 0.4956, lr: 0.00017765062666479195
2026-08-07 14:10:08 - val epoch: 220, loss: 0.9056
2026-08-07 14:10:10 - train: epoch 221, iter:0, loss: 0.4687, lr: 0.00017378034985236489
2026-08-07 14:10:12 - train: epoch 221, iter:20, loss: 0.4839, lr: 0.00017378034985236489
2026-08-07 14:10:26 - val epoch: 221, loss: 0.8928
2026-08-07 14:10:28 - train: epoch 222, iter:0, loss: 0.4800, lr: 0.0001699463950070827
2026-08-07 14:10:29 - train: epoch 222, iter:20, loss: 0.4960, lr: 0.0001699463950070827
2026-08-07 14:10:44 - val epoch: 222, loss: 0.8759
2026-08-07 14:10:45 - train: epoch 223, iter:0, loss: 0.4910, lr: 0.0001661491825652988
2026-08-07 14:10:47 - train: epoch 223, iter:20, loss: 0.4911, lr: 0.0001661491825652988
2026-08-07 14:11:01 - val epoch: 223, loss: 0.8921
2026-08-07 14:11:03 - train: epoch 224, iter:0, loss: 0.3911, lr: 0.0001623891289341484
2026-08-07 14:11:05 - train: epoch 224, iter:20, loss: 0.4925, lr: 0.0001623891289341484
2026-08-07 14:11:19 - val epoch: 224, loss: 0.8669
2026-08-07 14:11:21 - train: epoch 225, iter:0, loss: 0.4289, lr: 0.0001586666464458838
2026-08-07 14:11:23 - train: epoch 225, iter:20, loss: 0.4784, lr: 0.0001586666464458838
2026-08-07 14:11:37 - val epoch: 225, loss: 0.8741
2026-08-07 14:11:39 - train: epoch 226, iter:0, loss: 0.4645, lr: 0.00015498214331265874
2026-08-07 14:11:40 - train: epoch 226, iter:20, loss: 0.4803, lr: 0.00015498214331265874
2026-08-07 14:11:55 - val epoch: 226, loss: 0.8690
2026-08-07 14:11:56 - train: epoch 227, iter:0, loss: 0.3871, lr: 0.00015133602358176218
2026-08-07 14:11:58 - train: epoch 227, iter:20, loss: 0.4854, lr: 0.00015133602358176218
2026-08-07 14:12:12 - val epoch: 227, loss: 0.8857
2026-08-07 14:12:14 - train: epoch 228, iter:0, loss: 0.5627, lr: 0.00014772868709131046
2026-08-07 14:12:16 - train: epoch 228, iter:20, loss: 0.4866, lr: 0.00014772868709131046
2026-08-07 14:12:30 - val epoch: 228, loss: 0.9093
2026-08-07 14:12:32 - train: epoch 229, iter:0, loss: 0.5395, lr: 0.00014416052942640113
2026-08-07 14:12:34 - train: epoch 229, iter:20, loss: 0.4849, lr: 0.00014416052942640113
2026-08-07 14:12:48 - val epoch: 229, loss: 0.8905
2026-08-07 14:12:50 - train: epoch 230, iter:0, loss: 0.4733, lr: 0.0001406319418757314
2026-08-07 14:12:52 - train: epoch 230, iter:20, loss: 0.4873, lr: 0.0001406319418757314
2026-08-07 14:13:06 - val epoch: 230, loss: 0.8888
2026-08-07 14:13:08 - train: epoch 231, iter:0, loss: 0.5243, lr: 0.00013714331138868954
2026-08-07 14:13:10 - train: epoch 231, iter:20, loss: 0.4840, lr: 0.00013714331138868954
2026-08-07 14:13:24 - val epoch: 231, loss: 0.8823
2026-08-07 14:13:25 - train: epoch 232, iter:0, loss: 0.6575, lr: 0.00013369502053292226
2026-08-07 14:13:28 - train: epoch 232, iter:20, loss: 0.4773, lr: 0.00013369502053292226
2026-08-07 14:13:42 - val epoch: 232, loss: 0.8827
2026-08-07 14:13:44 - train: epoch 233, iter:0, loss: 0.3966, lr: 0.0001302874474523804
2026-08-07 14:13:45 - train: epoch 233, iter:20, loss: 0.4819, lr: 0.0001302874474523804
2026-08-07 14:14:00 - val epoch: 233, loss: 0.8951
2026-08-07 14:14:01 - train: epoch 234, iter:0, loss: 0.4995, lr: 0.00012692096582585187
2026-08-07 14:14:03 - train: epoch 234, iter:20, loss: 0.4909, lr: 0.00012692096582585187
2026-08-07 14:14:18 - val epoch: 234, loss: 0.8830
2026-08-07 14:14:19 - train: epoch 235, iter:0, loss: 0.4494, lr: 0.00012359594482598416
2026-08-07 14:14:21 - train: epoch 235, iter:20, loss: 0.4692, lr: 0.00012359594482598416
2026-08-07 14:14:35 - val epoch: 235, loss: 0.8855
2026-08-07 14:14:37 - train: epoch 236, iter:0, loss: 0.4736, lr: 0.00012031274907879919
2026-08-07 14:14:39 - train: epoch 236, iter:20, loss: 0.4806, lr: 0.00012031274907879919
2026-08-07 14:14:53 - val epoch: 236, loss: 0.8742
2026-08-07 14:14:55 - train: epoch 237, iter:0, loss: 0.4972, lr: 0.00011707173862370913
2026-08-07 14:14:57 - train: epoch 237, iter:20, loss: 0.4968, lr: 0.00011707173862370913
2026-08-07 14:15:11 - val epoch: 237, loss: 0.8802
2026-08-07 14:15:13 - train: epoch 238, iter:0, loss: 0.6943, lr: 0.00011387326887403316
2026-08-07 14:15:15 - train: epoch 238, iter:20, loss: 0.4792, lr: 0.00011387326887403316
2026-08-07 14:15:29 - val epoch: 238, loss: 0.8694
2026-08-07 14:15:30 - train: epoch 239, iter:0, loss: 0.5189, lr: 0.00011071769057802265
2026-08-07 14:15:32 - train: epoch 239, iter:20, loss: 0.4921, lr: 0.00011071769057802265
2026-08-07 14:15:47 - val epoch: 239, loss: 0.8865
2026-08-07 14:15:49 - train: epoch 240, iter:0, loss: 0.4109, lr: 0.0001076053497803982
2026-08-07 14:15:50 - train: epoch 240, iter:20, loss: 0.4681, lr: 0.0001076053497803982
2026-08-07 14:16:08 - val epoch: 240, loss: 0.8754, miou: 0.7788191160128727, f1_or_dsc: 0.8756585860832818, accuracy: 0.9389237318888749,                 specificity: 0.956750505329078, sensitivity: 0.8835144575184736, confusion_matrix: [[38330771  1732726]
 [ 1501451 11388140]]
2026-08-07 14:16:11 - train: epoch 241, iter:0, loss: 0.4126, lr: 0.00010453658778440088
2026-08-07 14:16:12 - train: epoch 241, iter:20, loss: 0.4767, lr: 0.00010453658778440088
2026-08-07 14:16:26 - val epoch: 241, loss: 0.8954
2026-08-07 14:16:28 - train: epoch 242, iter:0, loss: 0.4645, lr: 0.00010151174111436543
2026-08-07 14:16:30 - train: epoch 242, iter:20, loss: 0.4816, lr: 0.00010151174111436543
2026-08-07 14:16:44 - val epoch: 242, loss: 0.9103
2026-08-07 14:16:46 - train: epoch 243, iter:0, loss: 0.3994, lr: 9.853114147881633e-05
2026-08-07 14:16:48 - train: epoch 243, iter:20, loss: 0.4918, lr: 9.853114147881633e-05
2026-08-07 14:17:02 - val epoch: 243, loss: 0.9049
2026-08-07 14:17:04 - train: epoch 244, iter:0, loss: 0.6702, lr: 9.559511573409167e-05
2026-08-07 14:17:06 - train: epoch 244, iter:20, loss: 0.4890, lr: 9.559511573409167e-05
2026-08-07 14:17:20 - val epoch: 244, loss: 0.8830
2026-08-07 14:17:22 - train: epoch 245, iter:0, loss: 0.4555, lr: 9.270398584850061e-05
2026-08-07 14:17:24 - train: epoch 245, iter:20, loss: 0.4678, lr: 9.270398584850061e-05
2026-08-07 14:17:38 - val epoch: 245, loss: 0.9293
2026-08-07 14:17:40 - train: epoch 246, iter:0, loss: 0.5332, lr: 8.985806886701499e-05
2026-08-07 14:17:42 - train: epoch 246, iter:20, loss: 0.4709, lr: 8.985806886701499e-05
2026-08-07 14:17:56 - val epoch: 246, loss: 0.8806
2026-08-07 14:17:58 - train: epoch 247, iter:0, loss: 0.4768, lr: 8.705767687650239e-05
2026-08-07 14:18:00 - train: epoch 247, iter:20, loss: 0.4732, lr: 8.705767687650239e-05
2026-08-07 14:18:14 - val epoch: 247, loss: 0.8875
2026-08-07 14:18:16 - train: epoch 248, iter:0, loss: 0.4388, lr: 8.430311697150229e-05
2026-08-07 14:18:18 - train: epoch 248, iter:20, loss: 0.4809, lr: 8.430311697150229e-05
2026-08-07 14:18:32 - val epoch: 248, loss: 0.8826
2026-08-07 14:18:34 - train: epoch 249, iter:0, loss: 0.4280, lr: 8.159469122054909e-05
2026-08-07 14:18:35 - train: epoch 249, iter:20, loss: 0.4807, lr: 8.159469122054909e-05
2026-08-07 14:18:50 - val epoch: 249, loss: 0.8913
2026-08-07 14:18:51 - train: epoch 250, iter:0, loss: 0.6959, lr: 7.893269663304782e-05
2026-08-07 14:18:53 - train: epoch 250, iter:20, loss: 0.4794, lr: 7.893269663304782e-05
2026-08-07 14:19:08 - val epoch: 250, loss: 0.8806
2026-08-07 14:19:10 - train: epoch 251, iter:0, loss: 0.4921, lr: 7.631742512670282e-05
2026-08-07 14:19:11 - train: epoch 251, iter:20, loss: 0.4748, lr: 7.631742512670282e-05
2026-08-07 14:19:25 - val epoch: 251, loss: 0.9081
2026-08-07 14:19:28 - train: epoch 252, iter:0, loss: 0.4438, lr: 7.374916349550603e-05
2026-08-07 14:19:29 - train: epoch 252, iter:20, loss: 0.4795, lr: 7.374916349550603e-05
2026-08-07 14:19:43 - val epoch: 252, loss: 0.9009
2026-08-07 14:19:45 - train: epoch 253, iter:0, loss: 0.5032, lr: 7.122819337828741e-05
2026-08-07 14:19:47 - train: epoch 253, iter:20, loss: 0.4756, lr: 7.122819337828741e-05
2026-08-07 14:20:01 - val epoch: 253, loss: 0.8911
2026-08-07 14:20:03 - train: epoch 254, iter:0, loss: 0.4328, lr: 6.875479122782878e-05
2026-08-07 14:20:05 - train: epoch 254, iter:20, loss: 0.4815, lr: 6.875479122782878e-05
2026-08-07 14:20:19 - val epoch: 254, loss: 0.8908
2026-08-07 14:20:20 - train: epoch 255, iter:0, loss: 0.5250, lr: 6.632922828054862e-05
2026-08-07 14:20:22 - train: epoch 255, iter:20, loss: 0.4628, lr: 6.632922828054862e-05
2026-08-07 14:20:37 - val epoch: 255, loss: 0.8891
2026-08-07 14:20:39 - train: epoch 256, iter:0, loss: 0.4961, lr: 6.395177052675786e-05
2026-08-07 14:20:41 - train: epoch 256, iter:20, loss: 0.4820, lr: 6.395177052675786e-05
2026-08-07 14:20:55 - val epoch: 256, loss: 0.8878
2026-08-07 14:20:57 - train: epoch 257, iter:0, loss: 0.4506, lr: 6.162267868149065e-05
2026-08-07 14:20:58 - train: epoch 257, iter:20, loss: 0.4730, lr: 6.162267868149065e-05
2026-08-07 14:21:13 - val epoch: 257, loss: 0.8998
2026-08-07 14:21:14 - train: epoch 258, iter:0, loss: 0.4438, lr: 5.934220815591413e-05
2026-08-07 14:21:16 - train: epoch 258, iter:20, loss: 0.4884, lr: 5.934220815591413e-05
2026-08-07 14:21:30 - val epoch: 258, loss: 0.8915
2026-08-07 14:21:32 - train: epoch 259, iter:0, loss: 0.5055, lr: 5.711060902932035e-05
2026-08-07 14:21:34 - train: epoch 259, iter:20, loss: 0.4667, lr: 5.711060902932035e-05
2026-08-07 14:21:49 - val epoch: 259, loss: 0.9049
2026-08-07 14:21:50 - train: epoch 260, iter:0, loss: 0.4215, lr: 5.492812602170101e-05
2026-08-07 14:21:52 - train: epoch 260, iter:20, loss: 0.4723, lr: 5.492812602170101e-05
2026-08-07 14:22:06 - val epoch: 260, loss: 0.8840
2026-08-07 14:22:08 - train: epoch 261, iter:0, loss: 0.4660, lr: 5.279499846691256e-05
2026-08-07 14:22:10 - train: epoch 261, iter:20, loss: 0.4794, lr: 5.279499846691256e-05
2026-08-07 14:22:24 - val epoch: 261, loss: 0.8949
2026-08-07 14:22:26 - train: epoch 262, iter:0, loss: 0.4121, lr: 5.071146028642938e-05
2026-08-07 14:22:28 - train: epoch 262, iter:20, loss: 0.4694, lr: 5.071146028642938e-05
2026-08-07 14:22:42 - val epoch: 262, loss: 0.9108
2026-08-07 14:22:43 - train: epoch 263, iter:0, loss: 0.5076, lr: 4.867773996369213e-05
2026-08-07 14:22:45 - train: epoch 263, iter:20, loss: 0.4729, lr: 4.867773996369213e-05
2026-08-07 14:23:00 - val epoch: 263, loss: 0.8988
2026-08-07 14:23:02 - train: epoch 264, iter:0, loss: 0.6407, lr: 4.669406051905255e-05
2026-08-07 14:23:03 - train: epoch 264, iter:20, loss: 0.4746, lr: 4.669406051905255e-05
2026-08-07 14:23:18 - val epoch: 264, loss: 0.8772
2026-08-07 14:23:20 - train: epoch 265, iter:0, loss: 0.6003, lr: 4.476063948531553e-05
2026-08-07 14:23:21 - train: epoch 265, iter:20, loss: 0.4712, lr: 4.476063948531553e-05
2026-08-07 14:23:36 - val epoch: 265, loss: 0.9031
2026-08-07 14:23:38 - train: epoch 266, iter:0, loss: 0.4738, lr: 4.2877688883885086e-05
2026-08-07 14:23:39 - train: epoch 266, iter:20, loss: 0.4677, lr: 4.2877688883885086e-05
2026-08-07 14:23:54 - val epoch: 266, loss: 0.9002
2026-08-07 14:23:55 - train: epoch 267, iter:0, loss: 0.4381, lr: 4.1045415201513684e-05
2026-08-07 14:23:57 - train: epoch 267, iter:20, loss: 0.4794, lr: 4.1045415201513684e-05
2026-08-07 14:24:11 - val epoch: 267, loss: 0.8988
2026-08-07 14:24:12 - train: epoch 268, iter:0, loss: 0.4934, lr: 3.926401936765836e-05
2026-08-07 14:24:15 - train: epoch 268, iter:20, loss: 0.4679, lr: 3.926401936765836e-05
2026-08-07 14:24:29 - val epoch: 268, loss: 0.9034
2026-08-07 14:24:31 - train: epoch 269, iter:0, loss: 0.5849, lr: 3.753369673244687e-05
2026-08-07 14:24:32 - train: epoch 269, iter:20, loss: 0.4762, lr: 3.753369673244687e-05
2026-08-07 14:24:46 - val epoch: 269, loss: 0.9032
2026-08-07 14:24:48 - train: epoch 270, iter:0, loss: 0.4130, lr: 3.5854637045255115e-05
2026-08-07 14:24:50 - train: epoch 270, iter:20, loss: 0.4809, lr: 3.5854637045255115e-05
2026-08-07 14:25:08 - val epoch: 270, loss: 0.8894, miou: 0.7803175699503673, f1_or_dsc: 0.8766049193932535, accuracy: 0.940415372942934,                 specificity: 0.9632355108691585, sensitivity: 0.8694856958611021, confusion_matrix: [[38590583  1472914]
 [ 1682276 11207315]]
2026-08-07 14:25:10 - train: epoch 271, iter:0, loss: 0.5941, lr: 3.422702443389897e-05
2026-08-07 14:25:12 - train: epoch 271, iter:20, loss: 0.4656, lr: 3.422702443389897e-05
2026-08-07 14:25:27 - val epoch: 271, loss: 0.8987
2026-08-07 14:25:29 - train: epoch 272, iter:0, loss: 0.4668, lr: 3.265103738444294e-05
2026-08-07 14:25:30 - train: epoch 272, iter:20, loss: 0.4635, lr: 3.265103738444294e-05
2026-08-07 14:25:45 - val epoch: 272, loss: 0.8946
2026-08-07 14:25:47 - train: epoch 273, iter:0, loss: 0.4275, lr: 3.112684872162669e-05
2026-08-07 14:25:48 - train: epoch 273, iter:20, loss: 0.4722, lr: 3.112684872162669e-05
2026-08-07 14:26:02 - val epoch: 273, loss: 0.9069
2026-08-07 14:26:04 - train: epoch 274, iter:0, loss: 0.4122, lr: 2.9654625589913163e-05
2026-08-07 14:26:06 - train: epoch 274, iter:20, loss: 0.4638, lr: 2.9654625589913163e-05
2026-08-07 14:26:20 - val epoch: 274, loss: 0.8990
2026-08-07 14:26:22 - train: epoch 275, iter:0, loss: 0.4194, lr: 2.823452943515922e-05
2026-08-07 14:26:24 - train: epoch 275, iter:20, loss: 0.4725, lr: 2.823452943515922e-05
2026-08-07 14:26:38 - val epoch: 275, loss: 0.8956
2026-08-07 14:26:39 - train: epoch 276, iter:0, loss: 0.4714, lr: 2.6866715986911168e-05
2026-08-07 14:26:42 - train: epoch 276, iter:20, loss: 0.4729, lr: 2.6866715986911168e-05
2026-08-07 14:26:56 - val epoch: 276, loss: 0.8980
2026-08-07 14:26:58 - train: epoch 277, iter:0, loss: 0.4064, lr: 2.5551335241327604e-05
2026-08-07 14:26:59 - train: epoch 277, iter:20, loss: 0.4733, lr: 2.5551335241327604e-05
2026-08-07 14:27:14 - val epoch: 277, loss: 0.8945
2026-08-07 14:27:16 - train: epoch 278, iter:0, loss: 0.5102, lr: 2.4288531444730185e-05
2026-08-07 14:27:17 - train: epoch 278, iter:20, loss: 0.4658, lr: 2.4288531444730185e-05
2026-08-07 14:27:32 - val epoch: 278, loss: 0.8872
2026-08-07 14:27:34 - train: epoch 279, iter:0, loss: 0.4392, lr: 2.3078443077785645e-05
2026-08-07 14:27:35 - train: epoch 279, iter:20, loss: 0.4670, lr: 2.3078443077785645e-05
2026-08-07 14:27:49 - val epoch: 279, loss: 0.8892
2026-08-07 14:27:51 - train: epoch 280, iter:0, loss: 0.4306, lr: 2.1921202840320064e-05
2026-08-07 14:27:53 - train: epoch 280, iter:20, loss: 0.4749, lr: 2.1921202840320064e-05
2026-08-07 14:28:07 - val epoch: 280, loss: 0.8964
2026-08-07 14:28:09 - train: epoch 281, iter:0, loss: 0.4904, lr: 2.081693763676623e-05
2026-08-07 14:28:11 - train: epoch 281, iter:20, loss: 0.4855, lr: 2.081693763676623e-05
2026-08-07 14:28:25 - val epoch: 281, loss: 0.9017
2026-08-07 14:28:27 - train: epoch 282, iter:0, loss: 0.4397, lr: 1.9765768562247723e-05
2026-08-07 14:28:28 - train: epoch 282, iter:20, loss: 0.4673, lr: 1.9765768562247723e-05
2026-08-07 14:28:43 - val epoch: 282, loss: 0.8953
2026-08-07 14:28:44 - train: epoch 283, iter:0, loss: 0.4121, lr: 1.876781088929913e-05
2026-08-07 14:28:46 - train: epoch 283, iter:20, loss: 0.4739, lr: 1.876781088929913e-05
2026-08-07 14:29:01 - val epoch: 283, loss: 0.8963
2026-08-07 14:29:02 - train: epoch 284, iter:0, loss: 0.4736, lr: 1.7823174055225262e-05
2026-08-07 14:29:04 - train: epoch 284, iter:20, loss: 0.4852, lr: 1.7823174055225262e-05
2026-08-07 14:29:19 - val epoch: 284, loss: 0.8918
2026-08-07 14:29:20 - train: epoch 285, iter:0, loss: 0.4528, lr: 1.693196165010003e-05
2026-08-07 14:29:22 - train: epoch 285, iter:20, loss: 0.4625, lr: 1.693196165010003e-05
2026-08-07 14:29:37 - val epoch: 285, loss: 0.8969
2026-08-07 14:29:38 - train: epoch 286, iter:0, loss: 0.5726, lr: 1.6094271405406855e-05
2026-08-07 14:29:40 - train: epoch 286, iter:20, loss: 0.4775, lr: 1.6094271405406855e-05
2026-08-07 14:29:54 - val epoch: 286, loss: 0.8946
2026-08-07 14:29:56 - train: epoch 287, iter:0, loss: 0.4617, lr: 1.5310195183320773e-05
2026-08-07 14:29:58 - train: epoch 287, iter:20, loss: 0.4625, lr: 1.5310195183320773e-05
2026-08-07 14:30:12 - val epoch: 287, loss: 0.8935
2026-08-07 14:30:14 - train: epoch 288, iter:0, loss: 0.4534, lr: 1.4579818966635417e-05
2026-08-07 14:30:16 - train: epoch 288, iter:20, loss: 0.4606, lr: 1.4579818966635417e-05
2026-08-07 14:30:30 - val epoch: 288, loss: 0.8967
2026-08-07 14:30:32 - train: epoch 289, iter:0, loss: 0.4782, lr: 1.3903222849333505e-05
2026-08-07 14:30:34 - train: epoch 289, iter:20, loss: 0.4841, lr: 1.3903222849333505e-05
2026-08-07 14:30:48 - val epoch: 289, loss: 0.8870
2026-08-07 14:30:50 - train: epoch 290, iter:0, loss: 0.4132, lr: 1.3280481027803759e-05
2026-08-07 14:30:52 - train: epoch 290, iter:20, loss: 0.4750, lr: 1.3280481027803759e-05
2026-08-07 14:31:06 - val epoch: 290, loss: 0.8913
2026-08-07 14:31:08 - train: epoch 291, iter:0, loss: 0.4640, lr: 1.271166179270472e-05
2026-08-07 14:31:09 - train: epoch 291, iter:20, loss: 0.4693, lr: 1.271166179270472e-05
2026-08-07 14:31:23 - val epoch: 291, loss: 0.8908
2026-08-07 14:31:25 - train: epoch 292, iter:0, loss: 0.4893, lr: 1.21968275214754e-05
2026-08-07 14:31:27 - train: epoch 292, iter:20, loss: 0.4720, lr: 1.21968275214754e-05
2026-08-07 14:31:41 - val epoch: 292, loss: 0.8924
2026-08-07 14:31:44 - train: epoch 293, iter:0, loss: 0.3934, lr: 1.1736034671495336e-05
2026-08-07 14:31:45 - train: epoch 293, iter:20, loss: 0.4496, lr: 1.1736034671495336e-05
2026-08-07 14:31:59 - val epoch: 293, loss: 0.8909
2026-08-07 14:32:01 - train: epoch 294, iter:0, loss: 0.4610, lr: 1.1329333773893242e-05
2026-08-07 14:32:03 - train: epoch 294, iter:20, loss: 0.4637, lr: 1.1329333773893242e-05
2026-08-07 14:32:17 - val epoch: 294, loss: 0.8986
2026-08-07 14:32:19 - train: epoch 295, iter:0, loss: 0.4074, lr: 1.0976769428005577e-05
2026-08-07 14:32:21 - train: epoch 295, iter:20, loss: 0.4726, lr: 1.0976769428005577e-05
2026-08-07 14:32:35 - val epoch: 295, loss: 0.8953
2026-08-07 14:32:37 - train: epoch 296, iter:0, loss: 0.4691, lr: 1.0678380296485951e-05
2026-08-07 14:32:39 - train: epoch 296, iter:20, loss: 0.4712, lr: 1.0678380296485951e-05
2026-08-07 14:32:53 - val epoch: 296, loss: 0.8929
2026-08-07 14:32:55 - train: epoch 297, iter:0, loss: 0.5049, lr: 1.04341991010651e-05
2026-08-07 14:32:57 - train: epoch 297, iter:20, loss: 0.4676, lr: 1.04341991010651e-05
2026-08-07 14:33:11 - val epoch: 297, loss: 0.8994
2026-08-07 14:33:13 - train: epoch 298, iter:0, loss: 0.5339, lr: 1.0244252618962858e-05
2026-08-07 14:33:15 - train: epoch 298, iter:20, loss: 0.4699, lr: 1.0244252618962858e-05
2026-08-07 14:33:29 - val epoch: 298, loss: 0.8914
2026-08-07 14:33:31 - train: epoch 299, iter:0, loss: 0.4067, lr: 1.0108561679951479e-05
2026-08-07 14:33:32 - train: epoch 299, iter:20, loss: 0.4601, lr: 1.0108561679951479e-05
2026-08-07 14:33:47 - val epoch: 299, loss: 0.8974
2026-08-07 14:33:48 - train: epoch 300, iter:0, loss: 0.5710, lr: 1.002714116407149e-05
2026-08-07 14:33:50 - train: epoch 300, iter:20, loss: 0.4618, lr: 1.002714116407149e-05
2026-08-07 14:34:09 - val epoch: 300, loss: 0.8971, miou: 0.7795118495420499, f1_or_dsc: 0.8760962729668298, accuracy: 0.9402964941345819,                 specificity: 0.9638329125388131, sensitivity: 0.8671404701669743, confusion_matrix: [[38614517  1448980]
 [ 1712505 11177086]]
2026-08-07 14:34:28 - test of best model, loss: 0.8128,miou: 0.7883609154649535, f1_or_dsc: 0.8816575095637097, accuracy: 0.9417065724287883,                 specificity: 0.9576747631391239, sensitivity: 0.8920741550294342, confusion_matrix: [[38367800  1695697]
 [ 1391120 11498471]]
