2026-08-12 20:43:22 - #----------Config info----------#
2026-08-12 20:43:22 - batch_size: 32,
2026-08-12 20:43:22 - exp_name: B2,
2026-08-12 20:43:22 - enable_local_point_aux: False,
2026-08-12 20:43:22 - enable_consistency: True,
2026-08-12 20:43:22 - enable_box_lf: False,
2026-08-12 20:43:45 - val epoch: 1, loss: 0.6839
2026-08-12 20:44:06 - val epoch: 2, loss: 0.5484
2026-08-12 20:44:27 - val epoch: 3, loss: 0.4972
2026-08-12 20:44:48 - val epoch: 4, loss: 0.5076
2026-08-12 20:45:09 - val epoch: 5, loss: 0.4721
2026-08-12 20:45:30 - val epoch: 6, loss: 0.4706
2026-08-12 20:45:51 - val epoch: 7, loss: 0.4701
2026-08-12 20:46:12 - val epoch: 8, loss: 0.4661
2026-08-12 20:46:33 - val epoch: 9, loss: 0.4767
2026-08-12 20:46:54 - val epoch: 10, loss: 0.4805
2026-08-12 20:47:15 - val epoch: 11, loss: 0.5346
2026-08-12 20:47:36 - val epoch: 12, loss: 0.4927
2026-08-12 20:47:57 - val epoch: 13, loss: 0.4974
2026-08-12 20:48:18 - val epoch: 14, loss: 0.4788
2026-08-12 20:48:39 - val epoch: 15, loss: 0.4337
2026-08-12 20:49:01 - val epoch: 16, loss: 0.4812
2026-08-12 20:49:22 - val epoch: 17, loss: 0.4661
2026-08-12 20:49:43 - val epoch: 18, loss: 0.4331
2026-08-12 20:50:04 - val epoch: 19, loss: 0.4685
2026-08-12 20:50:25 - val epoch: 20, loss: 0.6871
2026-08-12 20:50:46 - val epoch: 21, loss: 0.4470
2026-08-12 20:51:07 - val epoch: 22, loss: 0.5076
2026-08-12 20:51:28 - val epoch: 23, loss: 0.4449
2026-08-12 20:51:49 - val epoch: 24, loss: 0.4347
2026-08-12 20:52:10 - val epoch: 25, loss: 0.4432
2026-08-12 20:52:31 - val epoch: 26, loss: 0.4302
2026-08-12 20:52:52 - val epoch: 27, loss: 0.4377
2026-08-12 20:53:13 - val epoch: 28, loss: 0.4890
2026-08-12 20:53:34 - val epoch: 29, loss: 0.4591
2026-08-12 20:53:59 - val epoch: 30, loss: 0.4874, miou: 0.7291, dsc: 0.8433, sens: 0.8065, spec: 0.9658, area_ratio: 0.913, fp_ratio: 0.0342, fn_ratio: 0.1935
2026-08-12 20:54:20 - val epoch: 31, loss: 0.4763
2026-08-12 20:54:41 - val epoch: 32, loss: 0.4932
2026-08-12 20:55:03 - val epoch: 33, loss: 0.5523
2026-08-12 20:55:23 - val epoch: 34, loss: 0.4536
2026-08-12 20:55:44 - val epoch: 35, loss: 0.4359
2026-08-12 20:56:05 - val epoch: 36, loss: 0.4516
2026-08-12 20:56:26 - val epoch: 37, loss: 0.4831
2026-08-12 20:56:47 - val epoch: 38, loss: 0.4408
2026-08-12 20:57:08 - val epoch: 39, loss: 0.4354
2026-08-12 20:57:29 - val epoch: 40, loss: 0.4637
2026-08-12 20:57:50 - val epoch: 41, loss: 0.4652
2026-08-12 20:58:11 - val epoch: 42, loss: 0.4475
2026-08-12 20:58:32 - val epoch: 43, loss: 0.5930
2026-08-12 20:58:53 - val epoch: 44, loss: 0.4682
2026-08-12 20:59:13 - val epoch: 45, loss: 0.5036
2026-08-12 20:59:34 - val epoch: 46, loss: 0.4736
2026-08-12 20:59:55 - val epoch: 47, loss: 0.4748
2026-08-12 21:00:17 - val epoch: 48, loss: 0.5101
2026-08-12 21:00:38 - val epoch: 49, loss: 0.5280
2026-08-12 21:00:59 - val epoch: 50, loss: 0.4789
2026-08-12 21:01:20 - val epoch: 51, loss: 0.4764
2026-08-12 21:01:41 - val epoch: 52, loss: 0.5124
2026-08-12 21:02:02 - val epoch: 53, loss: 0.4925
2026-08-12 21:02:23 - val epoch: 54, loss: 0.4964
2026-08-12 21:02:44 - val epoch: 55, loss: 0.4928
2026-08-12 21:03:05 - val epoch: 56, loss: 0.5047
2026-08-12 21:03:26 - val epoch: 57, loss: 0.4648
2026-08-12 21:03:46 - val epoch: 58, loss: 0.4224
2026-08-12 21:04:07 - val epoch: 59, loss: 0.4778
2026-08-12 21:04:32 - val epoch: 60, loss: 0.5038, miou: 0.7367, dsc: 0.8484, sens: 0.8100, spec: 0.9680, area_ratio: 0.910, fp_ratio: 0.0320, fn_ratio: 0.1900
2026-08-12 21:04:53 - val epoch: 61, loss: 0.4910
2026-08-12 21:05:14 - val epoch: 62, loss: 0.4650
2026-08-12 21:05:35 - val epoch: 63, loss: 0.4985
2026-08-12 21:05:57 - val epoch: 64, loss: 0.5502
2026-08-12 21:06:18 - val epoch: 65, loss: 0.5270
2026-08-12 21:06:39 - val epoch: 66, loss: 0.5275
2026-08-12 21:07:00 - val epoch: 67, loss: 0.5508
2026-08-12 21:07:21 - val epoch: 68, loss: 0.5468
2026-08-12 21:07:41 - val epoch: 69, loss: 0.5585
2026-08-12 21:08:03 - val epoch: 70, loss: 0.4670
2026-08-12 21:08:24 - val epoch: 71, loss: 0.5521
2026-08-12 21:08:45 - val epoch: 72, loss: 0.4713
2026-08-12 21:09:06 - val epoch: 73, loss: 0.5167
2026-08-12 21:09:27 - val epoch: 74, loss: 0.5562
2026-08-12 21:09:48 - val epoch: 75, loss: 0.7181
2026-08-12 21:10:09 - val epoch: 76, loss: 0.4764
2026-08-12 21:10:31 - val epoch: 77, loss: 0.5410
2026-08-12 21:10:52 - val epoch: 78, loss: 0.5600
2026-08-12 21:11:13 - val epoch: 79, loss: 0.5438
2026-08-12 21:11:35 - val epoch: 80, loss: 0.5504
2026-08-12 21:11:55 - val epoch: 81, loss: 0.5364
2026-08-12 21:12:16 - val epoch: 82, loss: 0.5742
2026-08-12 21:12:37 - val epoch: 83, loss: 0.5935
2026-08-12 21:12:59 - val epoch: 84, loss: 0.5713
2026-08-12 21:13:20 - val epoch: 85, loss: 0.5808
2026-08-12 21:13:41 - val epoch: 86, loss: 0.6037
2026-08-12 21:14:02 - val epoch: 87, loss: 0.5893
2026-08-12 21:14:23 - val epoch: 88, loss: 0.5048
2026-08-12 21:14:44 - val epoch: 89, loss: 0.5398
2026-08-12 21:15:09 - val epoch: 90, loss: 0.5899, miou: 0.7153, dsc: 0.8340, sens: 0.7722, spec: 0.9744, area_ratio: 0.852, fp_ratio: 0.0256, fn_ratio: 0.2278
2026-08-12 21:15:30 - val epoch: 91, loss: 0.5425
2026-08-12 21:15:51 - val epoch: 92, loss: 0.5586
2026-08-12 21:16:12 - val epoch: 93, loss: 0.5616
2026-08-12 21:16:34 - val epoch: 94, loss: 0.6309
2026-08-12 21:16:55 - val epoch: 95, loss: 0.5368
2026-08-12 21:17:15 - val epoch: 96, loss: 0.5533
2026-08-12 21:17:36 - val epoch: 97, loss: 0.6156
2026-08-12 21:17:58 - val epoch: 98, loss: 0.5673
2026-08-12 21:18:19 - val epoch: 99, loss: 0.6403
2026-08-12 21:18:40 - val epoch: 100, loss: 0.5221
2026-08-12 21:19:01 - val epoch: 101, loss: 0.5243
2026-08-12 21:19:22 - val epoch: 102, loss: 0.5536
2026-08-12 21:19:43 - val epoch: 103, loss: 0.5942
2026-08-12 21:20:04 - val epoch: 104, loss: 0.6524
2026-08-12 21:20:25 - val epoch: 105, loss: 0.5990
2026-08-12 21:20:46 - val epoch: 106, loss: 0.5852
2026-08-12 21:21:07 - val epoch: 107, loss: 0.6145
2026-08-12 21:21:28 - val epoch: 108, loss: 0.5557
2026-08-12 21:21:48 - val epoch: 109, loss: 0.5870
2026-08-12 21:22:09 - val epoch: 110, loss: 0.5967
2026-08-12 21:22:30 - val epoch: 111, loss: 0.6343
2026-08-12 21:22:51 - val epoch: 112, loss: 0.6050
2026-08-12 21:23:12 - val epoch: 113, loss: 0.6200
2026-08-12 21:23:33 - val epoch: 114, loss: 0.5623
2026-08-12 21:23:54 - val epoch: 115, loss: 0.5840
2026-08-12 21:24:15 - val epoch: 116, loss: 0.6177
2026-08-12 21:24:36 - val epoch: 117, loss: 0.6075
2026-08-12 21:24:57 - val epoch: 118, loss: 0.6790
2026-08-12 21:25:18 - val epoch: 119, loss: 0.6737
2026-08-12 21:25:42 - val epoch: 120, loss: 0.5829, miou: 0.7425, dsc: 0.8522, sens: 0.8140, spec: 0.9690, area_ratio: 0.910, fp_ratio: 0.0310, fn_ratio: 0.1860
2026-08-12 21:26:03 - val epoch: 121, loss: 0.5953
2026-08-12 21:26:24 - val epoch: 122, loss: 0.6079
2026-08-12 21:26:44 - val epoch: 123, loss: 0.5485
2026-08-12 21:27:05 - val epoch: 124, loss: 0.5967
2026-08-12 21:27:26 - val epoch: 125, loss: 0.6211
2026-08-12 21:27:47 - val epoch: 126, loss: 0.6267
2026-08-12 21:28:08 - val epoch: 127, loss: 0.7824
2026-08-12 21:28:29 - val epoch: 128, loss: 0.6650
2026-08-12 21:28:50 - val epoch: 129, loss: 0.5927
2026-08-12 21:29:11 - val epoch: 130, loss: 0.6247
2026-08-12 21:29:31 - val epoch: 131, loss: 0.6762
2026-08-12 21:29:52 - val epoch: 132, loss: 0.6401
2026-08-12 21:30:13 - val epoch: 133, loss: 0.6681
2026-08-12 21:30:34 - val epoch: 134, loss: 0.6057
2026-08-12 21:30:55 - val epoch: 135, loss: 0.6793
2026-08-12 21:31:16 - val epoch: 136, loss: 0.7359
2026-08-12 21:31:37 - val epoch: 137, loss: 0.6630
2026-08-12 21:31:58 - val epoch: 138, loss: 0.6171
2026-08-12 21:32:18 - val epoch: 139, loss: 0.7474
2026-08-12 21:32:39 - val epoch: 140, loss: 0.6665
2026-08-12 21:33:00 - val epoch: 141, loss: 0.6500
2026-08-12 21:33:21 - val epoch: 142, loss: 0.6767
2026-08-12 21:33:42 - val epoch: 143, loss: 0.7522
2026-08-12 21:34:03 - val epoch: 144, loss: 0.6783
2026-08-12 21:34:24 - val epoch: 145, loss: 0.6557
2026-08-12 21:34:45 - val epoch: 146, loss: 0.7537
2026-08-12 21:35:06 - val epoch: 147, loss: 0.7894
2026-08-12 21:35:27 - val epoch: 148, loss: 0.7512
2026-08-12 21:35:48 - val epoch: 149, loss: 0.7493
2026-08-12 21:36:12 - val epoch: 150, loss: 0.6368, miou: 0.7261, dsc: 0.8413, sens: 0.7774, spec: 0.9772, area_ratio: 0.848, fp_ratio: 0.0228, fn_ratio: 0.2226
2026-08-12 21:36:33 - val epoch: 151, loss: 0.7315
2026-08-12 21:36:54 - val epoch: 152, loss: 0.6686
2026-08-12 21:37:15 - val epoch: 153, loss: 0.6362
2026-08-12 21:37:36 - val epoch: 154, loss: 0.7071
2026-08-12 21:37:57 - val epoch: 155, loss: 0.6779
2026-08-12 21:38:18 - val epoch: 156, loss: 0.6815
2026-08-12 21:38:39 - val epoch: 157, loss: 0.6747
2026-08-12 21:39:00 - val epoch: 158, loss: 0.6775
2026-08-12 21:39:21 - val epoch: 159, loss: 0.6640
2026-08-12 21:39:42 - val epoch: 160, loss: 0.7206
2026-08-12 21:40:03 - val epoch: 161, loss: 0.6923
2026-08-12 21:40:24 - val epoch: 162, loss: 0.7153
2026-08-12 21:40:45 - val epoch: 163, loss: 0.7341
2026-08-12 21:41:06 - val epoch: 164, loss: 0.7147
2026-08-12 21:41:27 - val epoch: 165, loss: 0.7511
2026-08-12 21:41:48 - val epoch: 166, loss: 0.7244
2026-08-12 21:42:09 - val epoch: 167, loss: 0.7342
2026-08-12 21:42:30 - val epoch: 168, loss: 0.7676
2026-08-12 21:42:51 - val epoch: 169, loss: 0.7204
2026-08-12 21:43:12 - val epoch: 170, loss: 0.6847
2026-08-12 21:43:33 - val epoch: 171, loss: 0.6320
2026-08-12 21:43:54 - val epoch: 172, loss: 0.7786
2026-08-12 21:44:15 - val epoch: 173, loss: 0.7244
2026-08-12 21:44:36 - val epoch: 174, loss: 0.7338
2026-08-12 21:44:57 - val epoch: 175, loss: 0.7695
2026-08-12 21:45:18 - val epoch: 176, loss: 0.7240
2026-08-12 21:45:39 - val epoch: 177, loss: 0.7351
2026-08-12 21:46:00 - val epoch: 178, loss: 0.6870
2026-08-12 21:46:22 - val epoch: 179, loss: 0.7325
2026-08-12 21:46:47 - val epoch: 180, loss: 0.7828, miou: 0.7050, dsc: 0.8270, sens: 0.7481, spec: 0.9803, area_ratio: 0.809, fp_ratio: 0.0197, fn_ratio: 0.2519
2026-08-12 21:47:08 - val epoch: 181, loss: 0.7592
2026-08-12 21:47:29 - val epoch: 182, loss: 0.8350
2026-08-12 21:47:50 - val epoch: 183, loss: 0.7747
2026-08-12 21:48:11 - val epoch: 184, loss: 0.7559
2026-08-12 21:48:32 - val epoch: 185, loss: 0.7145
2026-08-12 21:48:53 - val epoch: 186, loss: 0.7583
2026-08-12 21:49:14 - val epoch: 187, loss: 0.7249
2026-08-12 21:49:35 - val epoch: 188, loss: 0.7667
2026-08-12 21:49:57 - val epoch: 189, loss: 0.7440
2026-08-12 21:50:18 - val epoch: 190, loss: 0.7876
2026-08-12 21:50:39 - val epoch: 191, loss: 0.8063
2026-08-12 21:51:00 - val epoch: 192, loss: 0.7889
2026-08-12 21:51:21 - val epoch: 193, loss: 0.7212
2026-08-12 21:51:42 - val epoch: 194, loss: 0.7539
2026-08-12 21:52:03 - val epoch: 195, loss: 0.7808
2026-08-12 21:52:24 - val epoch: 196, loss: 0.7451
2026-08-12 21:52:45 - val epoch: 197, loss: 0.7922
2026-08-12 21:53:06 - val epoch: 198, loss: 0.7727
2026-08-12 21:53:27 - val epoch: 199, loss: 0.7438
2026-08-12 21:53:48 - val epoch: 200, loss: 0.7276
2026-08-12 21:54:09 - val epoch: 201, loss: 0.7474
2026-08-12 21:54:30 - val epoch: 202, loss: 0.7912
2026-08-12 21:54:51 - val epoch: 203, loss: 0.7624
2026-08-12 21:55:12 - val epoch: 204, loss: 0.8338
2026-08-12 21:55:33 - val epoch: 205, loss: 0.8295
2026-08-12 21:55:54 - val epoch: 206, loss: 0.8105
2026-08-12 21:56:15 - val epoch: 207, loss: 0.8728
2026-08-12 21:56:36 - val epoch: 208, loss: 0.7768
2026-08-12 21:56:57 - val epoch: 209, loss: 0.7882
2026-08-12 21:57:22 - val epoch: 210, loss: 0.8334, miou: 0.7025, dsc: 0.8253, sens: 0.7430, spec: 0.9815, area_ratio: 0.801, fp_ratio: 0.0185, fn_ratio: 0.2570
2026-08-12 21:57:43 - val epoch: 211, loss: 0.8595
2026-08-12 21:58:04 - val epoch: 212, loss: 0.8918
2026-08-12 21:58:25 - val epoch: 213, loss: 0.8386
2026-08-12 21:58:46 - val epoch: 214, loss: 0.8559
2026-08-12 21:59:07 - val epoch: 215, loss: 0.8849
2026-08-12 21:59:29 - val epoch: 216, loss: 0.8047
2026-08-12 21:59:50 - val epoch: 217, loss: 0.8181
2026-08-12 22:00:11 - val epoch: 218, loss: 0.8044
2026-08-12 22:00:32 - val epoch: 219, loss: 0.8850
2026-08-12 22:00:53 - val epoch: 220, loss: 0.8033
2026-08-12 22:01:14 - val epoch: 221, loss: 0.8481
2026-08-12 22:01:36 - val epoch: 222, loss: 0.8429
2026-08-12 22:01:57 - val epoch: 223, loss: 0.8112
2026-08-12 22:02:18 - val epoch: 224, loss: 0.8144
2026-08-12 22:02:39 - val epoch: 225, loss: 0.8215
2026-08-12 22:03:00 - val epoch: 226, loss: 0.8574
2026-08-12 22:03:21 - val epoch: 227, loss: 0.8790
2026-08-12 22:03:42 - val epoch: 228, loss: 0.9029
2026-08-12 22:04:03 - val epoch: 229, loss: 0.8493
2026-08-12 22:04:24 - val epoch: 230, loss: 0.8528
2026-08-12 22:04:45 - val epoch: 231, loss: 0.8510
2026-08-12 22:05:06 - val epoch: 232, loss: 0.8328
2026-08-12 22:05:27 - val epoch: 233, loss: 0.8627
2026-08-12 22:05:49 - val epoch: 234, loss: 0.8807
2026-08-12 22:06:10 - val epoch: 235, loss: 0.8653
2026-08-12 22:06:31 - val epoch: 236, loss: 0.8703
2026-08-12 22:06:52 - val epoch: 237, loss: 0.8080
2026-08-12 22:07:14 - val epoch: 238, loss: 0.8970
2026-08-12 22:07:35 - val epoch: 239, loss: 0.8670
2026-08-12 22:08:00 - val epoch: 240, loss: 0.8575, miou: 0.7040, dsc: 0.8263, sens: 0.7446, spec: 0.9815, area_ratio: 0.802, fp_ratio: 0.0185, fn_ratio: 0.2554
2026-08-12 22:08:21 - val epoch: 241, loss: 0.8840
2026-08-12 22:08:43 - val epoch: 242, loss: 0.9043
2026-08-12 22:09:03 - val epoch: 243, loss: 0.8982
2026-08-12 22:09:25 - val epoch: 244, loss: 0.8558
2026-08-12 22:09:46 - val epoch: 245, loss: 0.8741
2026-08-12 22:10:07 - val epoch: 246, loss: 0.8904
2026-08-12 22:10:28 - val epoch: 247, loss: 0.9076
2026-08-12 22:10:50 - val epoch: 248, loss: 0.9190
2026-08-12 22:11:10 - val epoch: 249, loss: 0.9184
2026-08-12 22:11:32 - val epoch: 250, loss: 0.8991
2026-08-12 22:11:53 - val epoch: 251, loss: 0.9375
2026-08-12 22:12:15 - val epoch: 252, loss: 0.9206
2026-08-12 22:12:36 - val epoch: 253, loss: 0.8998
2026-08-12 22:12:57 - val epoch: 254, loss: 0.9192
2026-08-12 22:13:18 - val epoch: 255, loss: 0.9293
2026-08-12 22:13:40 - val epoch: 256, loss: 0.9200
2026-08-12 22:14:01 - val epoch: 257, loss: 0.9482
2026-08-12 22:14:22 - val epoch: 258, loss: 0.9254
2026-08-12 22:14:42 - val epoch: 259, loss: 0.9071
2026-08-12 22:15:03 - val epoch: 260, loss: 0.9155
2026-08-12 22:15:24 - val epoch: 261, loss: 0.9148
2026-08-12 22:15:45 - val epoch: 262, loss: 0.9244
2026-08-12 22:16:06 - val epoch: 263, loss: 0.9163
2026-08-12 22:16:27 - val epoch: 264, loss: 0.9108
2026-08-12 22:16:49 - val epoch: 265, loss: 0.9076
2026-08-12 22:17:10 - val epoch: 266, loss: 0.9189
2026-08-12 22:17:31 - val epoch: 267, loss: 0.9203
2026-08-12 22:17:52 - val epoch: 268, loss: 0.9235
2026-08-12 22:18:13 - val epoch: 269, loss: 0.9339
2026-08-12 22:18:39 - val epoch: 270, loss: 0.9223, miou: 0.6939, dsc: 0.8193, sens: 0.7297, spec: 0.9834, area_ratio: 0.781, fp_ratio: 0.0166, fn_ratio: 0.2703
2026-08-12 22:19:01 - val epoch: 271, loss: 0.9437
2026-08-12 22:19:23 - val epoch: 272, loss: 0.9222
2026-08-12 22:19:44 - val epoch: 273, loss: 0.9183
2026-08-12 22:20:05 - val epoch: 274, loss: 0.9287
2026-08-12 22:20:27 - val epoch: 275, loss: 0.9144
2026-08-12 22:20:49 - val epoch: 276, loss: 0.9257
2026-08-12 22:21:10 - val epoch: 277, loss: 0.9168
2026-08-12 22:21:31 - val epoch: 278, loss: 0.9238
2026-08-12 22:21:52 - val epoch: 279, loss: 0.9382
2026-08-12 22:22:13 - val epoch: 280, loss: 0.9385
2026-08-12 22:22:34 - val epoch: 281, loss: 0.9288
2026-08-12 22:22:56 - val epoch: 282, loss: 0.9200
2026-08-12 22:23:17 - val epoch: 283, loss: 0.9431
2026-08-12 22:23:38 - val epoch: 284, loss: 0.9331
2026-08-12 22:24:00 - val epoch: 285, loss: 0.9385
2026-08-12 22:24:21 - val epoch: 286, loss: 0.9448
2026-08-12 22:24:42 - val epoch: 287, loss: 0.9393
2026-08-12 22:25:03 - val epoch: 288, loss: 0.9363
2026-08-12 22:25:24 - val epoch: 289, loss: 0.9398
2026-08-12 22:25:45 - val epoch: 290, loss: 0.9365
2026-08-12 22:26:06 - val epoch: 291, loss: 0.9329
2026-08-12 22:26:27 - val epoch: 292, loss: 0.9319
2026-08-12 22:26:49 - val epoch: 293, loss: 0.9444
2026-08-12 22:27:09 - val epoch: 294, loss: 0.9495
2026-08-12 22:27:31 - val epoch: 295, loss: 0.9438
2026-08-12 22:27:52 - val epoch: 296, loss: 0.9424
2026-08-12 22:28:13 - val epoch: 297, loss: 0.9406
2026-08-12 22:28:34 - val epoch: 298, loss: 0.9460
2026-08-12 22:28:55 - val epoch: 299, loss: 0.9441
2026-08-12 22:29:20 - val epoch: 300, loss: 0.9470, miou: 0.6904, dsc: 0.8168, sens: 0.7249, spec: 0.9839, area_ratio: 0.775, fp_ratio: 0.0161, fn_ratio: 0.2751
2026-08-12 22:29:20 - B2 FINAL: DSC=0.8522 mIoU=0.7425 Sens=0.8140 Spec=0.9690 AreaRatio=0.910
