2026-08-07 19:56:04 - #----------Config info----------#
2026-08-07 19:56:04 - network: ege_hrvit_unet,
2026-08-07 19:56:04 - model_config: {'num_classes': 1, 'input_channels': 3, 'c_list': [8, 16, 24, 32, 48, 64], 'bridge': True, 'gt_ds': True},
2026-08-07 19:56:04 - datasets: isic18,
2026-08-07 19:56:04 - data_path: ./data/isic2018/,
2026-08-07 19:56:04 - criterion: GT_BceDiceLoss(
  (bcedice): BceDiceLoss(
    (bce): BCELoss(
      (bceloss): BCELoss()
    )
    (dice): DiceLoss()
  )
),
2026-08-07 19:56:04 - num_classes: 1,
2026-08-07 19:56:04 - input_size_h: 256,
2026-08-07 19:56:04 - input_size_w: 256,
2026-08-07 19:56:04 - input_channels: 3,
2026-08-07 19:56:04 - distributed: False,
2026-08-07 19:56:04 - local_rank: -1,
2026-08-07 19:56:04 - num_workers: 8,
2026-08-07 19:56:04 - seed: 42,
2026-08-07 19:56:04 - world_size: None,
2026-08-07 19:56:04 - rank: None,
2026-08-07 19:56:04 - amp: False,
2026-08-07 19:56:04 - gpu_id: 0,
2026-08-07 19:56:04 - batch_size: 64,
2026-08-07 19:56:04 - epochs: 300,
2026-08-07 19:56:04 - gradient_accumulation_steps: 1,
2026-08-07 19:56:04 - work_dir: results/ege_hrvit_unet_isic18_Friday_07_August_2026_19h_56m_04s/,
2026-08-07 19:56:04 - print_interval: 20,
2026-08-07 19:56:04 - val_interval: 30,
2026-08-07 19:56:04 - save_interval: 100,
2026-08-07 19:56:04 - threshold: 0.5,
2026-08-07 19:56:04 - lambda_edge: 0.2,
2026-08-07 19:56:04 - edge_warmup_epochs: 20,
2026-08-07 19:56:04 - lambda_router: 0.2,
2026-08-07 19:56:04 - lambda_aux: 0.2,
2026-08-07 19:56:04 - token_size: 8,
2026-08-07 19:56:04 - halting_schedule: {'warmup_epochs': 20, 'transition_end_epoch': 40, 'warmup_keep_ratio': 1.0, 'transition_keep_ratio': 0.4, 'final_min_keep_ratio': 0.15, 'threshold': 0.5},
2026-08-07 19:56:04 - train_transformer: Compose(
    <utils.myNormalize object at 0x7f8c1f643850>
    <utils.myToTensor object at 0x7f8c1f6438b0>
    <utils.myRandomHorizontalFlip object at 0x7f8c1f6438e0>
    <utils.myRandomVerticalFlip object at 0x7f8c1f643940>
    <utils.myRandomRotation object at 0x7f8c1f6439a0>
    <utils.myResize object at 0x7f8c1f643a00>
),
2026-08-07 19:56:04 - test_transformer: Compose(
    <utils.myNormalize object at 0x7f8c1f643af0>
    <utils.myToTensor object at 0x7f8c1f643b50>
    <utils.myResize object at 0x7f8c1f643b80>
),
2026-08-07 19:56:04 - opt: AdamW,
2026-08-07 19:56:04 - lr: 0.001,
2026-08-07 19:56:04 - betas: (0.9, 0.999),
2026-08-07 19:56:04 - eps: 1e-08,
2026-08-07 19:56:04 - weight_decay: 0.01,
2026-08-07 19:56:04 - amsgrad: False,
2026-08-07 19:56:04 - sch: CosineAnnealingLR,
2026-08-07 19:56:04 - T_max: 300,
2026-08-07 19:56:04 - eta_min: 1e-05,
2026-08-07 19:56:04 - last_epoch: -1,
2026-08-07 19:56:09 - train: epoch 1, iter:0, loss: 6.1963, lr: 0.001
2026-08-07 19:56:19 - train: epoch 1, iter:20, loss: 3.2308, lr: 0.001
2026-08-07 19:56:42 - val epoch: 1, loss: 1.9240
2026-08-07 19:56:44 - train: epoch 2, iter:0, loss: 2.0274, lr: 0.0009999728588359286
2026-08-07 19:56:53 - train: epoch 2, iter:20, loss: 1.7539, lr: 0.0009999728588359286
2026-08-07 19:57:16 - val epoch: 2, loss: 1.5404
2026-08-07 19:57:18 - train: epoch 3, iter:0, loss: 1.4024, lr: 0.0009998914383200486
2026-08-07 19:57:28 - train: epoch 3, iter:20, loss: 1.4834, lr: 0.0009998914383200486
2026-08-07 19:57:51 - val epoch: 3, loss: 1.3843
2026-08-07 19:57:54 - train: epoch 4, iter:0, loss: 1.2331, lr: 0.0009997557473810372
2026-08-07 19:58:03 - train: epoch 4, iter:20, loss: 1.3198, lr: 0.0009997557473810372
2026-08-07 19:58:26 - val epoch: 4, loss: 1.3616
2026-08-07 19:58:29 - train: epoch 5, iter:0, loss: 1.2799, lr: 0.000999565800898935
2026-08-07 19:58:38 - train: epoch 5, iter:20, loss: 1.2550, lr: 0.000999565800898935
2026-08-07 19:59:01 - val epoch: 5, loss: 1.2189
2026-08-07 19:59:03 - train: epoch 6, iter:0, loss: 1.1746, lr: 0.0009993216197035143
2026-08-07 19:59:13 - train: epoch 6, iter:20, loss: 1.1911, lr: 0.0009993216197035143
2026-08-07 19:59:36 - val epoch: 6, loss: 1.3587
2026-08-07 19:59:39 - train: epoch 7, iter:0, loss: 1.2866, lr: 0.0009990232305719946
2026-08-07 19:59:48 - train: epoch 7, iter:20, loss: 1.1502, lr: 0.0009990232305719946
2026-08-07 20:00:11 - val epoch: 7, loss: 1.2184
2026-08-07 20:00:14 - train: epoch 8, iter:0, loss: 1.2139, lr: 0.0009986706662261067
2026-08-07 20:00:23 - train: epoch 8, iter:20, loss: 1.1231, lr: 0.0009986706662261067
2026-08-07 20:00:46 - val epoch: 8, loss: 1.1126
2026-08-07 20:00:49 - train: epoch 9, iter:0, loss: 0.8220, lr: 0.0009982639653285047
2026-08-07 20:00:58 - train: epoch 9, iter:20, loss: 1.0395, lr: 0.0009982639653285047
2026-08-07 20:01:21 - val epoch: 9, loss: 1.2059
2026-08-07 20:01:24 - train: epoch 10, iter:0, loss: 0.9552, lr: 0.0009978031724785245
2026-08-07 20:01:34 - train: epoch 10, iter:20, loss: 1.0377, lr: 0.0009978031724785245
2026-08-07 20:01:57 - val epoch: 10, loss: 1.1284
2026-08-07 20:01:59 - train: epoch 11, iter:0, loss: 0.8614, lr: 0.0009972883382072953
2026-08-07 20:02:08 - train: epoch 11, iter:20, loss: 0.9559, lr: 0.0009972883382072953
2026-08-07 20:02:32 - val epoch: 11, loss: 1.1017
2026-08-07 20:02:34 - train: epoch 12, iter:0, loss: 1.0140, lr: 0.0009967195189721962
2026-08-07 20:02:44 - train: epoch 12, iter:20, loss: 0.8804, lr: 0.0009967195189721962
2026-08-07 20:03:07 - val epoch: 12, loss: 1.0227
2026-08-07 20:03:09 - train: epoch 13, iter:0, loss: 0.8177, lr: 0.0009960967771506667
2026-08-07 20:03:18 - train: epoch 13, iter:20, loss: 0.8909, lr: 0.0009960967771506667
2026-08-07 20:03:41 - val epoch: 13, loss: 1.0447
2026-08-07 20:03:43 - train: epoch 14, iter:0, loss: 0.8305, lr: 0.0009954201810333646
2026-08-07 20:03:53 - train: epoch 14, iter:20, loss: 0.9286, lr: 0.0009954201810333646
2026-08-07 20:04:16 - val epoch: 14, loss: 1.1106
2026-08-07 20:04:18 - train: epoch 15, iter:0, loss: 0.8813, lr: 0.0009946898048166792
2026-08-07 20:04:28 - train: epoch 15, iter:20, loss: 0.8687, lr: 0.0009946898048166792
2026-08-07 20:04:51 - val epoch: 15, loss: 1.1715
2026-08-07 20:04:53 - train: epoch 16, iter:0, loss: 0.7780, lr: 0.000993905728594593
2026-08-07 20:05:02 - train: epoch 16, iter:20, loss: 0.8712, lr: 0.000993905728594593
2026-08-07 20:05:25 - val epoch: 16, loss: 1.0107
2026-08-07 20:05:28 - train: epoch 17, iter:0, loss: 0.7823, lr: 0.0009930680383498998
2026-08-07 20:05:37 - train: epoch 17, iter:20, loss: 0.8599, lr: 0.0009930680383498998
2026-08-07 20:06:00 - val epoch: 17, loss: 1.1784
2026-08-07 20:06:03 - train: epoch 18, iter:0, loss: 0.7789, lr: 0.0009921768259447744
2026-08-07 20:06:12 - train: epoch 18, iter:20, loss: 0.8074, lr: 0.0009921768259447744
2026-08-07 20:06:35 - val epoch: 18, loss: 1.0186
2026-08-07 20:06:38 - train: epoch 19, iter:0, loss: 1.0619, lr: 0.0009912321891107007
2026-08-07 20:06:47 - train: epoch 19, iter:20, loss: 0.8690, lr: 0.0009912321891107007
2026-08-07 20:07:11 - val epoch: 19, loss: 1.0789
2026-08-07 20:07:13 - train: epoch 20, iter:0, loss: 2.8406, lr: 0.0009902342314377522
2026-08-07 20:07:21 - train: epoch 20, iter:20, loss: 1.5747, lr: 0.0009902342314377522
2026-08-07 20:07:46 - val epoch: 20, loss: 1.5911
2026-08-07 20:07:48 - train: epoch 21, iter:0, loss: 1.2878, lr: 0.0009891830623632338
2026-08-07 20:07:56 - train: epoch 21, iter:20, loss: 1.2638, lr: 0.0009891830623632338
2026-08-07 20:08:20 - val epoch: 21, loss: 1.4731
2026-08-07 20:08:23 - train: epoch 22, iter:0, loss: 1.1927, lr: 0.00098807879715968
2026-08-07 20:08:31 - train: epoch 22, iter:20, loss: 1.1721, lr: 0.00098807879715968
2026-08-07 20:08:56 - val epoch: 22, loss: 1.4327
2026-08-07 20:08:58 - train: epoch 23, iter:0, loss: 1.0068, lr: 0.0009869215569222143
2026-08-07 20:09:06 - train: epoch 23, iter:20, loss: 1.1570, lr: 0.0009869215569222143
2026-08-07 20:09:31 - val epoch: 23, loss: 1.4184
2026-08-07 20:09:33 - train: epoch 24, iter:0, loss: 1.1164, lr: 0.0009857114685552697
2026-08-07 20:09:42 - train: epoch 24, iter:20, loss: 1.1343, lr: 0.0009857114685552697
2026-08-07 20:10:07 - val epoch: 24, loss: 1.4122
2026-08-07 20:10:10 - train: epoch 25, iter:0, loss: 0.9902, lr: 0.0009844486647586721
2026-08-07 20:10:18 - train: epoch 25, iter:20, loss: 1.0676, lr: 0.0009844486647586721
2026-08-07 20:10:42 - val epoch: 25, loss: 1.8082
2026-08-07 20:10:45 - train: epoch 26, iter:0, loss: 1.4009, lr: 0.0009831332840130884
2026-08-07 20:10:54 - train: epoch 26, iter:20, loss: 1.1233, lr: 0.0009831332840130884
2026-08-07 20:11:18 - val epoch: 26, loss: 1.4045
2026-08-07 20:11:21 - train: epoch 27, iter:0, loss: 1.0754, lr: 0.0009817654705648405
2026-08-07 20:11:29 - train: epoch 27, iter:20, loss: 1.1118, lr: 0.0009817654705648405
2026-08-07 20:11:53 - val epoch: 27, loss: 1.4430
2026-08-07 20:11:56 - train: epoch 28, iter:0, loss: 1.0426, lr: 0.0009803453744100864
2026-08-07 20:12:04 - train: epoch 28, iter:20, loss: 1.0912, lr: 0.0009803453744100864
2026-08-07 20:12:30 - val epoch: 28, loss: 1.4394
2026-08-07 20:12:33 - train: epoch 29, iter:0, loss: 1.1458, lr: 0.0009788731512783728
2026-08-07 20:12:41 - train: epoch 29, iter:20, loss: 1.0445, lr: 0.0009788731512783728
2026-08-07 20:13:06 - val epoch: 29, loss: 1.4442
2026-08-07 20:13:09 - train: epoch 30, iter:0, loss: 1.0904, lr: 0.0009773489626155566
2026-08-07 20:13:17 - train: epoch 30, iter:20, loss: 1.0458, lr: 0.0009773489626155566
2026-08-07 20:13:46 - val epoch: 30, loss: 1.6220, miou: 0.728890237985651, f1_or_dsc: 0.8431885633582952, accuracy: 0.9301215634487643,                 specificity: 0.9810539005119797, sensitivity: 0.7718133957857933, confusion_matrix: [[39304450   759047]
 [ 2941232  9948359]]
2026-08-07 20:13:49 - train: epoch 31, iter:0, loss: 0.9963, lr: 0.0009757729755661006
2026-08-07 20:13:57 - train: epoch 31, iter:20, loss: 1.0661, lr: 0.0009757729755661006
2026-08-07 20:14:22 - val epoch: 31, loss: 1.3253
2026-08-07 20:14:25 - train: epoch 32, iter:0, loss: 1.2324, lr: 0.0009741453629547445
2026-08-07 20:14:33 - train: epoch 32, iter:20, loss: 1.0383, lr: 0.0009741453629547445
2026-08-07 20:14:58 - val epoch: 32, loss: 1.6958
2026-08-07 20:15:01 - train: epoch 33, iter:0, loss: 1.5885, lr: 0.0009724663032675527
2026-08-07 20:15:09 - train: epoch 33, iter:20, loss: 1.0062, lr: 0.0009724663032675527
2026-08-07 20:15:34 - val epoch: 33, loss: 1.2286
2026-08-07 20:15:37 - train: epoch 34, iter:0, loss: 1.0003, lr: 0.0009707359806323412
2026-08-07 20:15:45 - train: epoch 34, iter:20, loss: 0.9925, lr: 0.0009707359806323412
2026-08-07 20:16:10 - val epoch: 34, loss: 1.3526
2026-08-07 20:16:12 - train: epoch 35, iter:0, loss: 0.8586, lr: 0.0009689545847984858
2026-08-07 20:16:20 - train: epoch 35, iter:20, loss: 1.0116, lr: 0.0009689545847984858
2026-08-07 20:16:45 - val epoch: 35, loss: 1.3092
2026-08-07 20:16:48 - train: epoch 36, iter:0, loss: 0.9223, lr: 0.0009671223111161144
2026-08-07 20:16:56 - train: epoch 36, iter:20, loss: 0.9849, lr: 0.0009671223111161144
2026-08-07 20:17:22 - val epoch: 36, loss: 1.3039
2026-08-07 20:17:24 - train: epoch 37, iter:0, loss: 1.0556, lr: 0.000965239360514684
2026-08-07 20:17:32 - train: epoch 37, iter:20, loss: 1.0133, lr: 0.000965239360514684
2026-08-07 20:17:57 - val epoch: 37, loss: 1.4904
2026-08-07 20:17:59 - train: epoch 38, iter:0, loss: 0.9411, lr: 0.000963305939480947
2026-08-07 20:18:08 - train: epoch 38, iter:20, loss: 0.9865, lr: 0.000963305939480947
2026-08-07 20:18:33 - val epoch: 38, loss: 1.3017
2026-08-07 20:18:35 - train: epoch 39, iter:0, loss: 1.1436, lr: 0.0009613222600363074
2026-08-07 20:18:44 - train: epoch 39, iter:20, loss: 0.9992, lr: 0.0009613222600363074
2026-08-07 20:19:09 - val epoch: 39, loss: 1.4759
2026-08-07 20:19:11 - train: epoch 40, iter:0, loss: 1.1866, lr: 0.0009592885397135703
2026-08-07 20:19:16 - train: epoch 40, iter:20, loss: 1.0100, lr: 0.0009592885397135703
2026-08-07 20:19:40 - val epoch: 40, loss: 1.3443
2026-08-07 20:19:42 - train: epoch 41, iter:0, loss: 0.9093, lr: 0.0009572050015330871
2026-08-07 20:19:47 - train: epoch 41, iter:20, loss: 0.9576, lr: 0.0009572050015330871
2026-08-07 20:20:11 - val epoch: 41, loss: 1.4093
2026-08-07 20:20:13 - train: epoch 42, iter:0, loss: 0.9369, lr: 0.0009550718739782986
2026-08-07 20:20:18 - train: epoch 42, iter:20, loss: 1.0499, lr: 0.0009550718739782986
2026-08-07 20:20:43 - val epoch: 42, loss: 1.3344
2026-08-07 20:20:45 - train: epoch 43, iter:0, loss: 1.1095, lr: 0.0009528893909706794
2026-08-07 20:20:50 - train: epoch 43, iter:20, loss: 0.9901, lr: 0.0009528893909706794
2026-08-07 20:21:14 - val epoch: 43, loss: 1.3825
2026-08-07 20:21:17 - train: epoch 44, iter:0, loss: 1.3320, lr: 0.0009506577918440856
2026-08-07 20:21:22 - train: epoch 44, iter:20, loss: 0.9695, lr: 0.0009506577918440856
2026-08-07 20:21:46 - val epoch: 44, loss: 1.4614
2026-08-07 20:21:48 - train: epoch 45, iter:0, loss: 0.9929, lr: 0.000948377321318509
2026-08-07 20:21:54 - train: epoch 45, iter:20, loss: 1.0611, lr: 0.000948377321318509
2026-08-07 20:22:17 - val epoch: 45, loss: 1.2691
2026-08-07 20:22:20 - train: epoch 46, iter:0, loss: 0.8138, lr: 0.0009460482294732416
2026-08-07 20:22:25 - train: epoch 46, iter:20, loss: 0.9454, lr: 0.0009460482294732416
2026-08-07 20:22:49 - val epoch: 46, loss: 1.2737
2026-08-07 20:22:51 - train: epoch 47, iter:0, loss: 0.9237, lr: 0.0009436707717194508
2026-08-07 20:22:56 - train: epoch 47, iter:20, loss: 0.9198, lr: 0.0009436707717194508
2026-08-07 20:23:20 - val epoch: 47, loss: 1.3364
2026-08-07 20:23:23 - train: epoch 48, iter:0, loss: 0.9551, lr: 0.0009412452087721706
2026-08-07 20:23:28 - train: epoch 48, iter:20, loss: 0.9273, lr: 0.0009412452087721706
2026-08-07 20:23:51 - val epoch: 48, loss: 1.4167
2026-08-07 20:23:54 - train: epoch 49, iter:0, loss: 0.8805, lr: 0.000938771806621712
2026-08-07 20:23:59 - train: epoch 49, iter:20, loss: 0.9529, lr: 0.000938771806621712
2026-08-07 20:24:23 - val epoch: 49, loss: 1.2422
2026-08-07 20:24:25 - train: epoch 50, iter:0, loss: 0.7501, lr: 0.0009362508365044934
2026-08-07 20:24:30 - train: epoch 50, iter:20, loss: 0.9357, lr: 0.0009362508365044934
2026-08-07 20:24:54 - val epoch: 50, loss: 1.3453
2026-08-07 20:24:57 - train: epoch 51, iter:0, loss: 0.9239, lr: 0.0009336825748732968
2026-08-07 20:25:02 - train: epoch 51, iter:20, loss: 0.9222, lr: 0.0009336825748732968
2026-08-07 20:25:26 - val epoch: 51, loss: 1.2470
2026-08-07 20:25:29 - train: epoch 52, iter:0, loss: 0.9123, lr: 0.0009310673033669517
2026-08-07 20:25:34 - train: epoch 52, iter:20, loss: 0.9125, lr: 0.0009310673033669517
2026-08-07 20:25:58 - val epoch: 52, loss: 1.4064
2026-08-07 20:26:01 - train: epoch 53, iter:0, loss: 0.8187, lr: 0.0009284053087794505
2026-08-07 20:26:06 - train: epoch 53, iter:20, loss: 0.9154, lr: 0.0009284053087794505
2026-08-07 20:26:30 - val epoch: 53, loss: 1.2750
2026-08-07 20:26:32 - train: epoch 54, iter:0, loss: 0.9203, lr: 0.0009256968830284974
2026-08-07 20:26:37 - train: epoch 54, iter:20, loss: 0.9291, lr: 0.0009256968830284974
2026-08-07 20:27:01 - val epoch: 54, loss: 1.3200
2026-08-07 20:27:04 - train: epoch 55, iter:0, loss: 0.7150, lr: 0.0009229423231234972
2026-08-07 20:27:09 - train: epoch 55, iter:20, loss: 1.0070, lr: 0.0009229423231234972
2026-08-07 20:27:33 - val epoch: 55, loss: 1.3052
2026-08-07 20:27:35 - train: epoch 56, iter:0, loss: 0.8979, lr: 0.0009201419311329846
2026-08-07 20:27:41 - train: epoch 56, iter:20, loss: 0.8902, lr: 0.0009201419311329846
2026-08-07 20:28:04 - val epoch: 56, loss: 1.2356
2026-08-07 20:28:06 - train: epoch 57, iter:0, loss: 0.9809, lr: 0.0009172960141514989
2026-08-07 20:28:11 - train: epoch 57, iter:20, loss: 0.8511, lr: 0.0009172960141514989
2026-08-07 20:28:35 - val epoch: 57, loss: 1.1847
2026-08-07 20:28:38 - train: epoch 58, iter:0, loss: 0.8754, lr: 0.0009144048842659077
2026-08-07 20:28:43 - train: epoch 58, iter:20, loss: 0.8854, lr: 0.0009144048842659077
2026-08-07 20:29:07 - val epoch: 58, loss: 1.4071
2026-08-07 20:29:09 - train: epoch 59, iter:0, loss: 0.8893, lr: 0.0009114688585211832
2026-08-07 20:29:14 - train: epoch 59, iter:20, loss: 0.8845, lr: 0.0009114688585211832
2026-08-07 20:29:38 - val epoch: 59, loss: 1.4063
2026-08-07 20:29:40 - train: epoch 60, iter:0, loss: 1.1033, lr: 0.0009084882588856339
2026-08-07 20:29:45 - train: epoch 60, iter:20, loss: 0.8666, lr: 0.0009084882588856339
2026-08-07 20:30:13 - val epoch: 60, loss: 1.2578, miou: 0.7879811674500751, f1_or_dsc: 0.8814199856185873, accuracy: 0.9416645163356667,                 specificity: 0.9580646442321298, sensitivity: 0.8906895494201484, confusion_matrix: [[38383420  1680077]
 [ 1408967 11480624]]
2026-08-07 20:30:16 - train: epoch 61, iter:0, loss: 0.8091, lr: 0.0009054634122155986
2026-08-07 20:30:21 - train: epoch 61, iter:20, loss: 0.8758, lr: 0.0009054634122155986
2026-08-07 20:30:44 - val epoch: 61, loss: 1.2622
2026-08-07 20:30:47 - train: epoch 62, iter:0, loss: 0.8090, lr: 0.0009023946502196013
2026-08-07 20:30:52 - train: epoch 62, iter:20, loss: 0.8625, lr: 0.0009023946502196013
2026-08-07 20:31:16 - val epoch: 62, loss: 1.2133
2026-08-07 20:31:18 - train: epoch 63, iter:0, loss: 0.7857, lr: 0.0008992823094219767
2026-08-07 20:31:23 - train: epoch 63, iter:20, loss: 0.8655, lr: 0.0008992823094219767
2026-08-07 20:31:47 - val epoch: 63, loss: 1.3529
2026-08-07 20:31:49 - train: epoch 64, iter:0, loss: 0.8468, lr: 0.0008961267311259662
2026-08-07 20:31:55 - train: epoch 64, iter:20, loss: 0.8556, lr: 0.0008961267311259662
2026-08-07 20:32:19 - val epoch: 64, loss: 1.3030
2026-08-07 20:32:22 - train: epoch 65, iter:0, loss: 0.7767, lr: 0.0008929282613762903
2026-08-07 20:32:27 - train: epoch 65, iter:20, loss: 0.8281, lr: 0.0008929282613762903
2026-08-07 20:32:51 - val epoch: 65, loss: 1.2950
2026-08-07 20:32:54 - train: epoch 66, iter:0, loss: 0.7782, lr: 0.0008896872509212002
2026-08-07 20:32:59 - train: epoch 66, iter:20, loss: 0.8568, lr: 0.0008896872509212002
2026-08-07 20:33:22 - val epoch: 66, loss: 1.3923
2026-08-07 20:33:24 - train: epoch 67, iter:0, loss: 0.8065, lr: 0.0008864040551740152
2026-08-07 20:33:30 - train: epoch 67, iter:20, loss: 0.8659, lr: 0.0008864040551740152
2026-08-07 20:33:53 - val epoch: 67, loss: 1.3189
2026-08-07 20:33:56 - train: epoch 68, iter:0, loss: 0.7204, lr: 0.0008830790341741476
2026-08-07 20:34:01 - train: epoch 68, iter:20, loss: 0.8606, lr: 0.0008830790341741476
2026-08-07 20:34:25 - val epoch: 68, loss: 1.3970
2026-08-07 20:34:27 - train: epoch 69, iter:0, loss: 0.8176, lr: 0.000879712552547619
2026-08-07 20:34:32 - train: epoch 69, iter:20, loss: 0.8494, lr: 0.000879712552547619
2026-08-07 20:34:56 - val epoch: 69, loss: 1.2338
2026-08-07 20:34:58 - train: epoch 70, iter:0, loss: 0.8175, lr: 0.0008763049794670771
2026-08-07 20:35:04 - train: epoch 70, iter:20, loss: 0.8257, lr: 0.0008763049794670771
2026-08-07 20:35:28 - val epoch: 70, loss: 1.3309
2026-08-07 20:35:30 - train: epoch 71, iter:0, loss: 0.8796, lr: 0.0008728566886113098
2026-08-07 20:35:35 - train: epoch 71, iter:20, loss: 0.8473, lr: 0.0008728566886113098
2026-08-07 20:35:59 - val epoch: 71, loss: 1.2993
2026-08-07 20:36:01 - train: epoch 72, iter:0, loss: 0.7389, lr: 0.000869368058124268
2026-08-07 20:36:07 - train: epoch 72, iter:20, loss: 0.8283, lr: 0.000869368058124268
2026-08-07 20:36:30 - val epoch: 72, loss: 1.4318
2026-08-07 20:36:33 - train: epoch 73, iter:0, loss: 0.8311, lr: 0.0008658394705735983
2026-08-07 20:36:38 - train: epoch 73, iter:20, loss: 0.8342, lr: 0.0008658394705735983
2026-08-07 20:37:02 - val epoch: 73, loss: 1.4627
2026-08-07 20:37:04 - train: epoch 74, iter:0, loss: 0.9057, lr: 0.0008622713129086888
2026-08-07 20:37:09 - train: epoch 74, iter:20, loss: 0.8276, lr: 0.0008622713129086888
2026-08-07 20:37:32 - val epoch: 74, loss: 1.3232
2026-08-07 20:37:35 - train: epoch 75, iter:0, loss: 0.9069, lr: 0.0008586639764182372
2026-08-07 20:37:40 - train: epoch 75, iter:20, loss: 0.8227, lr: 0.0008586639764182372
2026-08-07 20:38:03 - val epoch: 75, loss: 1.4207
2026-08-07 20:38:05 - train: epoch 76, iter:0, loss: 1.0024, lr: 0.0008550178566873405
2026-08-07 20:38:11 - train: epoch 76, iter:20, loss: 0.7998, lr: 0.0008550178566873405
2026-08-07 20:38:35 - val epoch: 76, loss: 1.4247
2026-08-07 20:38:37 - train: epoch 77, iter:0, loss: 0.7256, lr: 0.0008513333535541156
2026-08-07 20:38:42 - train: epoch 77, iter:20, loss: 0.8011, lr: 0.0008513333535541156
2026-08-07 20:39:06 - val epoch: 77, loss: 1.3447
2026-08-07 20:39:08 - train: epoch 78, iter:0, loss: 0.7709, lr: 0.0008476108710658509
2026-08-07 20:39:13 - train: epoch 78, iter:20, loss: 0.8010, lr: 0.0008476108710658509
2026-08-07 20:39:37 - val epoch: 78, loss: 1.3980
2026-08-07 20:39:39 - train: epoch 79, iter:0, loss: 0.7865, lr: 0.0008438508174347005
2026-08-07 20:39:44 - train: epoch 79, iter:20, loss: 0.7929, lr: 0.0008438508174347005
2026-08-07 20:40:08 - val epoch: 79, loss: 1.2366
2026-08-07 20:40:11 - train: epoch 80, iter:0, loss: 0.7342, lr: 0.0008400536049929166
2026-08-07 20:40:16 - train: epoch 80, iter:20, loss: 0.8012, lr: 0.0008400536049929166
2026-08-07 20:40:39 - val epoch: 80, loss: 1.3386
2026-08-07 20:40:41 - train: epoch 81, iter:0, loss: 0.7774, lr: 0.0008362196501476343
2026-08-07 20:40:46 - train: epoch 81, iter:20, loss: 0.7742, lr: 0.0008362196501476343
2026-08-07 20:41:10 - val epoch: 81, loss: 1.3017
2026-08-07 20:41:12 - train: epoch 82, iter:0, loss: 0.8566, lr: 0.0008323493733352072
2026-08-07 20:41:17 - train: epoch 82, iter:20, loss: 0.7951, lr: 0.0008323493733352072
2026-08-07 20:41:41 - val epoch: 82, loss: 1.5253
2026-08-07 20:41:43 - train: epoch 83, iter:0, loss: 0.8532, lr: 0.0008284431989751018
2026-08-07 20:41:48 - train: epoch 83, iter:20, loss: 0.7661, lr: 0.0008284431989751018
2026-08-07 20:42:11 - val epoch: 83, loss: 1.2647
2026-08-07 20:42:13 - train: epoch 84, iter:0, loss: 0.7041, lr: 0.000824501555423355
2026-08-07 20:42:18 - train: epoch 84, iter:20, loss: 0.7733, lr: 0.000824501555423355
2026-08-07 20:42:42 - val epoch: 84, loss: 1.3089
2026-08-07 20:42:44 - train: epoch 85, iter:0, loss: 0.7802, lr: 0.0008205248749256009
2026-08-07 20:42:49 - train: epoch 85, iter:20, loss: 0.7811, lr: 0.0008205248749256009
2026-08-07 20:43:13 - val epoch: 85, loss: 1.5050
2026-08-07 20:43:15 - train: epoch 86, iter:0, loss: 0.7317, lr: 0.000816513593569669
2026-08-07 20:43:20 - train: epoch 86, iter:20, loss: 0.7902, lr: 0.000816513593569669
2026-08-07 20:43:44 - val epoch: 86, loss: 1.5360
2026-08-07 20:43:46 - train: epoch 87, iter:0, loss: 0.8370, lr: 0.0008124681512377632
2026-08-07 20:43:51 - train: epoch 87, iter:20, loss: 0.7531, lr: 0.0008124681512377632
2026-08-07 20:44:14 - val epoch: 87, loss: 1.4135
2026-08-07 20:44:17 - train: epoch 88, iter:0, loss: 0.7378, lr: 0.000808388991558223
2026-08-07 20:44:22 - train: epoch 88, iter:20, loss: 0.7648, lr: 0.000808388991558223
2026-08-07 20:44:45 - val epoch: 88, loss: 1.2597
2026-08-07 20:44:47 - train: epoch 89, iter:0, loss: 0.8020, lr: 0.0008042765618568752
2026-08-07 20:44:52 - train: epoch 89, iter:20, loss: 0.7592, lr: 0.0008042765618568752
2026-08-07 20:45:16 - val epoch: 89, loss: 1.3613
2026-08-07 20:45:18 - train: epoch 90, iter:0, loss: 0.7028, lr: 0.0008001313131079794
2026-08-07 20:45:23 - train: epoch 90, iter:20, loss: 0.7552, lr: 0.0008001313131079794
2026-08-07 20:45:51 - val epoch: 90, loss: 1.2756, miou: 0.788680537229288, f1_or_dsc: 0.8818573477083553, accuracy: 0.9425814411427715,                 specificity: 0.9625961258449306, sensitivity: 0.8803716890629035, confusion_matrix: [[38564967  1498530]
 [ 1541960 11347631]]
2026-08-07 20:45:53 - train: epoch 91, iter:0, loss: 0.8339, lr: 0.0007959536998847737
2026-08-07 20:45:58 - train: epoch 91, iter:20, loss: 0.7380, lr: 0.0007959536998847737
2026-08-07 20:46:22 - val epoch: 91, loss: 1.3517
2026-08-07 20:46:23 - train: epoch 92, iter:0, loss: 0.9790, lr: 0.0007917441803096255
2026-08-07 20:46:29 - train: epoch 92, iter:20, loss: 0.7482, lr: 0.0007917441803096255
2026-08-07 20:46:53 - val epoch: 92, loss: 1.3004
2026-08-07 20:46:55 - train: epoch 93, iter:0, loss: 0.6697, lr: 0.0007875032160037932
2026-08-07 20:47:00 - train: epoch 93, iter:20, loss: 0.7292, lr: 0.0007875032160037932
2026-08-07 20:47:24 - val epoch: 93, loss: 1.3388
2026-08-07 20:47:26 - train: epoch 94, iter:0, loss: 0.7171, lr: 0.0007832312720368042
2026-08-07 20:47:31 - train: epoch 94, iter:20, loss: 0.7211, lr: 0.0007832312720368042
2026-08-07 20:47:55 - val epoch: 94, loss: 1.3186
2026-08-07 20:47:57 - train: epoch 95, iter:0, loss: 0.7434, lr: 0.0007789288168754548
2026-08-07 20:48:02 - train: epoch 95, iter:20, loss: 0.7489, lr: 0.0007789288168754548
2026-08-07 20:48:26 - val epoch: 95, loss: 1.2881
2026-08-07 20:48:27 - train: epoch 96, iter:0, loss: 0.7284, lr: 0.0007745963223324379
2026-08-07 20:48:33 - train: epoch 96, iter:20, loss: 0.7289, lr: 0.0007745963223324379
2026-08-07 20:48:56 - val epoch: 96, loss: 1.3673
2026-08-07 20:48:58 - train: epoch 97, iter:0, loss: 0.8660, lr: 0.0007702342635146028
2026-08-07 20:49:04 - train: epoch 97, iter:20, loss: 0.7463, lr: 0.0007702342635146028
2026-08-07 20:49:27 - val epoch: 97, loss: 1.2538
2026-08-07 20:49:29 - train: epoch 98, iter:0, loss: 0.8511, lr: 0.000765843118770855
2026-08-07 20:49:34 - train: epoch 98, iter:20, loss: 0.7233, lr: 0.000765843118770855
2026-08-07 20:49:58 - val epoch: 98, loss: 1.4693
2026-08-07 20:50:00 - train: epoch 99, iter:0, loss: 0.7628, lr: 0.0007614233696396991
2026-08-07 20:50:05 - train: epoch 99, iter:20, loss: 0.7248, lr: 0.0007614233696396991
2026-08-07 20:50:29 - val epoch: 99, loss: 1.3648
2026-08-07 20:50:30 - train: epoch 100, iter:0, loss: 0.8370, lr: 0.0007569755007964334
2026-08-07 20:50:36 - train: epoch 100, iter:20, loss: 0.7367, lr: 0.0007569755007964334
2026-08-07 20:50:59 - val epoch: 100, loss: 1.3308
2026-08-07 20:51:01 - train: epoch 101, iter:0, loss: 0.7410, lr: 0.0007524999999999996
2026-08-07 20:51:06 - train: epoch 101, iter:20, loss: 0.7120, lr: 0.0007524999999999996
2026-08-07 20:51:29 - val epoch: 101, loss: 1.3120
2026-08-07 20:51:31 - train: epoch 102, iter:0, loss: 0.5877, lr: 0.0007479973580394943
2026-08-07 20:51:36 - train: epoch 102, iter:20, loss: 0.7022, lr: 0.0007479973580394943
2026-08-07 20:51:59 - val epoch: 102, loss: 1.2854
2026-08-07 20:52:01 - train: epoch 103, iter:0, loss: 0.8493, lr: 0.0007434680686803487
2026-08-07 20:52:06 - train: epoch 103, iter:20, loss: 0.7037, lr: 0.0007434680686803487
2026-08-07 20:52:30 - val epoch: 103, loss: 1.2910
2026-08-07 20:52:32 - train: epoch 104, iter:0, loss: 0.7453, lr: 0.0007389126286101815
2026-08-07 20:52:37 - train: epoch 104, iter:20, loss: 0.7040, lr: 0.0007389126286101815
2026-08-07 20:53:00 - val epoch: 104, loss: 1.3837
2026-08-07 20:53:03 - train: epoch 105, iter:0, loss: 0.7453, lr: 0.0007343315373843313
2026-08-07 20:53:08 - train: epoch 105, iter:20, loss: 0.7022, lr: 0.0007343315373843313
2026-08-07 20:53:32 - val epoch: 105, loss: 1.3223
2026-08-07 20:53:34 - train: epoch 106, iter:0, loss: 0.7317, lr: 0.0007297252973710753
2026-08-07 20:53:39 - train: epoch 106, iter:20, loss: 0.7150, lr: 0.0007297252973710753
2026-08-07 20:54:02 - val epoch: 106, loss: 1.3720
2026-08-07 20:54:04 - train: epoch 107, iter:0, loss: 0.7654, lr: 0.0007250944136965387
2026-08-07 20:54:09 - train: epoch 107, iter:20, loss: 0.7072, lr: 0.0007250944136965387
2026-08-07 20:54:33 - val epoch: 107, loss: 1.4111
2026-08-07 20:54:35 - train: epoch 108, iter:0, loss: 0.6941, lr: 0.0007204393941893019
2026-08-07 20:54:40 - train: epoch 108, iter:20, loss: 0.7102, lr: 0.0007204393941893019
2026-08-07 20:55:04 - val epoch: 108, loss: 1.5168
2026-08-07 20:55:06 - train: epoch 109, iter:0, loss: 0.6988, lr: 0.0007157607493247106
2026-08-07 20:55:11 - train: epoch 109, iter:20, loss: 0.6985, lr: 0.0007157607493247106
2026-08-07 20:55:34 - val epoch: 109, loss: 1.3398
2026-08-07 20:55:36 - train: epoch 110, iter:0, loss: 0.6557, lr: 0.0007110589921688983
2026-08-07 20:55:41 - train: epoch 110, iter:20, loss: 0.6722, lr: 0.0007110589921688983
2026-08-07 20:56:05 - val epoch: 110, loss: 1.4075
2026-08-07 20:56:07 - train: epoch 111, iter:0, loss: 0.6175, lr: 0.0007063346383225208
2026-08-07 20:56:12 - train: epoch 111, iter:20, loss: 0.6848, lr: 0.0007063346383225208
2026-08-07 20:56:35 - val epoch: 111, loss: 1.4736
2026-08-07 20:56:38 - train: epoch 112, iter:0, loss: 0.6303, lr: 0.0007015882058642161
2026-08-07 20:56:43 - train: epoch 112, iter:20, loss: 0.6761, lr: 0.0007015882058642161
2026-08-07 20:57:06 - val epoch: 112, loss: 1.4258
2026-08-07 20:57:08 - train: epoch 113, iter:0, loss: 0.6926, lr: 0.0006968202152937907
2026-08-07 20:57:13 - train: epoch 113, iter:20, loss: 0.6846, lr: 0.0006968202152937907
2026-08-07 20:57:37 - val epoch: 113, loss: 1.4300
2026-08-07 20:57:39 - train: epoch 114, iter:0, loss: 0.6522, lr: 0.000692031189475141
2026-08-07 20:57:44 - train: epoch 114, iter:20, loss: 0.6708, lr: 0.000692031189475141
2026-08-07 20:58:08 - val epoch: 114, loss: 1.4283
2026-08-07 20:58:10 - train: epoch 115, iter:0, loss: 0.7627, lr: 0.0006872216535789155
2026-08-07 20:58:15 - train: epoch 115, iter:20, loss: 0.6765, lr: 0.0006872216535789155
2026-08-07 20:58:38 - val epoch: 115, loss: 1.3916
2026-08-07 20:58:40 - train: epoch 116, iter:0, loss: 0.6658, lr: 0.0006823921350249233
2026-08-07 20:58:46 - train: epoch 116, iter:20, loss: 0.6822, lr: 0.0006823921350249233
2026-08-07 20:59:09 - val epoch: 116, loss: 1.3895
2026-08-07 20:59:11 - train: epoch 117, iter:0, loss: 0.7048, lr: 0.0006775431634242984
2026-08-07 20:59:16 - train: epoch 117, iter:20, loss: 0.6604, lr: 0.0006775431634242984
2026-08-07 20:59:40 - val epoch: 117, loss: 1.4914
2026-08-07 20:59:42 - train: epoch 118, iter:0, loss: 0.6843, lr: 0.0006726752705214191
2026-08-07 20:59:47 - train: epoch 118, iter:20, loss: 0.6710, lr: 0.0006726752705214191
2026-08-07 21:00:11 - val epoch: 118, loss: 1.3584
2026-08-07 21:00:13 - train: epoch 119, iter:0, loss: 0.6545, lr: 0.0006677889901355985
2026-08-07 21:00:18 - train: epoch 119, iter:20, loss: 0.6525, lr: 0.0006677889901355985
2026-08-07 21:00:42 - val epoch: 119, loss: 1.3991
2026-08-07 21:00:43 - train: epoch 120, iter:0, loss: 0.6858, lr: 0.0006628848581025445
2026-08-07 21:00:49 - train: epoch 120, iter:20, loss: 0.6400, lr: 0.0006628848581025445
2026-08-07 21:01:16 - val epoch: 120, loss: 1.4646, miou: 0.7613914031565426, f1_or_dsc: 0.8645340289410671, accuracy: 0.9332838530587678,                 specificity: 0.9521670562107946, sensitivity: 0.8745909781000809, confusion_matrix: [[38147142  1916355]
 [ 1616471 11273120]]
2026-08-07 21:01:18 - train: epoch 121, iter:0, loss: 0.6677, lr: 0.0006579634122155989
2026-08-07 21:01:23 - train: epoch 121, iter:20, loss: 0.6613, lr: 0.0006579634122155989
2026-08-07 21:01:47 - val epoch: 121, loss: 1.4081
2026-08-07 21:01:49 - train: epoch 122, iter:0, loss: 0.7119, lr: 0.0006530251921667629
2026-08-07 21:01:54 - train: epoch 122, iter:20, loss: 0.6745, lr: 0.0006530251921667629
2026-08-07 21:02:18 - val epoch: 122, loss: 1.5654
2026-08-07 21:02:20 - train: epoch 123, iter:0, loss: 0.6508, lr: 0.0006480707394875134
2026-08-07 21:02:25 - train: epoch 123, iter:20, loss: 0.6549, lr: 0.0006480707394875134
2026-08-07 21:02:48 - val epoch: 123, loss: 1.5052
2026-08-07 21:02:50 - train: epoch 124, iter:0, loss: 0.8247, lr: 0.0006431005974894185
2026-08-07 21:02:56 - train: epoch 124, iter:20, loss: 0.6689, lr: 0.0006431005974894185
2026-08-07 21:03:19 - val epoch: 124, loss: 1.4235
2026-08-07 21:03:21 - train: epoch 125, iter:0, loss: 0.6896, lr: 0.0006381153112045565
2026-08-07 21:03:26 - train: epoch 125, iter:20, loss: 0.6352, lr: 0.0006381153112045565
2026-08-07 21:03:49 - val epoch: 125, loss: 1.3843
2026-08-07 21:03:52 - train: epoch 126, iter:0, loss: 0.6463, lr: 0.0006331154273257479
2026-08-07 21:03:57 - train: epoch 126, iter:20, loss: 0.6421, lr: 0.0006331154273257479
2026-08-07 21:04:20 - val epoch: 126, loss: 1.3138
2026-08-07 21:04:22 - train: epoch 127, iter:0, loss: 0.5616, lr: 0.000628101494146603
2026-08-07 21:04:28 - train: epoch 127, iter:20, loss: 0.6453, lr: 0.000628101494146603
2026-08-07 21:04:51 - val epoch: 127, loss: 1.4844
2026-08-07 21:04:53 - train: epoch 128, iter:0, loss: 0.6694, lr: 0.0006230740615013976
2026-08-07 21:04:58 - train: epoch 128, iter:20, loss: 0.6415, lr: 0.0006230740615013976
2026-08-07 21:05:21 - val epoch: 128, loss: 1.3509
2026-08-07 21:05:24 - train: epoch 129, iter:0, loss: 0.6853, lr: 0.0006180336807047746
2026-08-07 21:05:29 - train: epoch 129, iter:20, loss: 0.6329, lr: 0.0006180336807047746
2026-08-07 21:05:52 - val epoch: 129, loss: 1.4160
2026-08-07 21:05:54 - train: epoch 130, iter:0, loss: 0.6618, lr: 0.0006129809044912887
2026-08-07 21:06:00 - train: epoch 130, iter:20, loss: 0.6233, lr: 0.0006129809044912887
2026-08-07 21:06:23 - val epoch: 130, loss: 1.4018
2026-08-07 21:06:25 - train: epoch 131, iter:0, loss: 0.7079, lr: 0.0006079162869547909
2026-08-07 21:06:30 - train: epoch 131, iter:20, loss: 0.6331, lr: 0.0006079162869547909
2026-08-07 21:06:54 - val epoch: 131, loss: 1.4502
2026-08-07 21:06:56 - train: epoch 132, iter:0, loss: 0.5782, lr: 0.0006028403834876673
2026-08-07 21:07:01 - train: epoch 132, iter:20, loss: 0.6246, lr: 0.0006028403834876673
2026-08-07 21:07:24 - val epoch: 132, loss: 1.3826
2026-08-07 21:07:26 - train: epoch 133, iter:0, loss: 0.6071, lr: 0.0005977537507199337
2026-08-07 21:07:32 - train: epoch 133, iter:20, loss: 0.6074, lr: 0.0005977537507199337
2026-08-07 21:07:55 - val epoch: 133, loss: 1.3765
2026-08-07 21:07:57 - train: epoch 134, iter:0, loss: 0.5858, lr: 0.0005926569464581937
2026-08-07 21:08:03 - train: epoch 134, iter:20, loss: 0.6268, lr: 0.0005926569464581937
2026-08-07 21:08:26 - val epoch: 134, loss: 1.4188
2026-08-07 21:08:28 - train: epoch 135, iter:0, loss: 0.5955, lr: 0.0005875505296244705
2026-08-07 21:08:33 - train: epoch 135, iter:20, loss: 0.6182, lr: 0.0005875505296244705
2026-08-07 21:08:57 - val epoch: 135, loss: 1.4410
2026-08-07 21:08:59 - train: epoch 136, iter:0, loss: 0.6428, lr: 0.0005824350601949142
2026-08-07 21:09:04 - train: epoch 136, iter:20, loss: 0.6134, lr: 0.0005824350601949142
2026-08-07 21:09:28 - val epoch: 136, loss: 1.4095
2026-08-07 21:09:30 - train: epoch 137, iter:0, loss: 0.7138, lr: 0.0005773110991383937
2026-08-07 21:09:35 - train: epoch 137, iter:20, loss: 0.6088, lr: 0.0005773110991383937
2026-08-07 21:09:59 - val epoch: 137, loss: 1.3817
2026-08-07 21:10:01 - train: epoch 138, iter:0, loss: 0.5935, lr: 0.0005721792083549806
2026-08-07 21:10:06 - train: epoch 138, iter:20, loss: 0.6157, lr: 0.0005721792083549806
2026-08-07 21:10:30 - val epoch: 138, loss: 1.4267
2026-08-07 21:10:32 - train: epoch 139, iter:0, loss: 0.6046, lr: 0.0005670399506143306
2026-08-07 21:10:37 - train: epoch 139, iter:20, loss: 0.6022, lr: 0.0005670399506143306
2026-08-07 21:11:01 - val epoch: 139, loss: 1.4137
2026-08-07 21:11:03 - train: epoch 140, iter:0, loss: 0.6081, lr: 0.000561893889493969
2026-08-07 21:11:08 - train: epoch 140, iter:20, loss: 0.6115, lr: 0.000561893889493969
2026-08-07 21:11:32 - val epoch: 140, loss: 1.3533
2026-08-07 21:11:34 - train: epoch 141, iter:0, loss: 0.5924, lr: 0.0005567415893174885
2026-08-07 21:11:39 - train: epoch 141, iter:20, loss: 0.6177, lr: 0.0005567415893174885
2026-08-07 21:12:03 - val epoch: 141, loss: 1.3890
2026-08-07 21:12:05 - train: epoch 142, iter:0, loss: 0.5746, lr: 0.0005515836150926646
2026-08-07 21:12:11 - train: epoch 142, iter:20, loss: 0.5957, lr: 0.0005515836150926646
2026-08-07 21:12:34 - val epoch: 142, loss: 1.4655
2026-08-07 21:12:36 - train: epoch 143, iter:0, loss: 0.6572, lr: 0.0005464205324494961
2026-08-07 21:12:41 - train: epoch 143, iter:20, loss: 0.6010, lr: 0.0005464205324494961
2026-08-07 21:13:05 - val epoch: 143, loss: 1.3984
2026-08-07 21:13:07 - train: epoch 144, iter:0, loss: 0.6204, lr: 0.0005412529075781776
2026-08-07 21:13:12 - train: epoch 144, iter:20, loss: 0.6011, lr: 0.0005412529075781776
2026-08-07 21:13:37 - val epoch: 144, loss: 1.4171
2026-08-07 21:13:39 - train: epoch 145, iter:0, loss: 0.5693, lr: 0.0005360813071670101
2026-08-07 21:13:44 - train: epoch 145, iter:20, loss: 0.6030, lr: 0.0005360813071670101
2026-08-07 21:14:08 - val epoch: 145, loss: 1.3905
2026-08-07 21:14:10 - train: epoch 146, iter:0, loss: 0.5777, lr: 0.0005309062983402573
2026-08-07 21:14:15 - train: epoch 146, iter:20, loss: 0.5845, lr: 0.0005309062983402573
2026-08-07 21:14:39 - val epoch: 146, loss: 1.3860
2026-08-07 21:14:41 - train: epoch 147, iter:0, loss: 0.5776, lr: 0.0005257284485959538
2026-08-07 21:14:46 - train: epoch 147, iter:20, loss: 0.5938, lr: 0.0005257284485959538
2026-08-07 21:15:10 - val epoch: 147, loss: 1.4209
2026-08-07 21:15:12 - train: epoch 148, iter:0, loss: 0.5551, lr: 0.0005205483257436734
2026-08-07 21:15:18 - train: epoch 148, iter:20, loss: 0.5878, lr: 0.0005205483257436734
2026-08-07 21:15:41 - val epoch: 148, loss: 1.4963
2026-08-07 21:15:43 - train: epoch 149, iter:0, loss: 0.5718, lr: 0.0005153664978422616
2026-08-07 21:15:48 - train: epoch 149, iter:20, loss: 0.5827, lr: 0.0005153664978422616
2026-08-07 21:16:12 - val epoch: 149, loss: 1.4810
2026-08-07 21:16:14 - train: epoch 150, iter:0, loss: 0.5786, lr: 0.0005101835331375416
2026-08-07 21:16:20 - train: epoch 150, iter:20, loss: 0.6015, lr: 0.0005101835331375416
2026-08-07 21:16:47 - val epoch: 150, loss: 1.4196, miou: 0.7762517294531223, f1_or_dsc: 0.874033467871265, accuracy: 0.9375731024411645,                 specificity: 0.9529599725156294, sensitivity: 0.8897475490106707, confusion_matrix: [[38178909  1884588]
 [ 1421109 11468482]]
2026-08-07 21:16:50 - train: epoch 151, iter:0, loss: 0.5854, lr: 0.0005049999999999999
2026-08-07 21:16:55 - train: epoch 151, iter:20, loss: 0.5803, lr: 0.0005049999999999999
2026-08-07 21:17:19 - val epoch: 151, loss: 1.4923
2026-08-07 21:17:21 - train: epoch 152, iter:0, loss: 0.5365, lr: 0.0004998164668624582
2026-08-07 21:17:26 - train: epoch 152, iter:20, loss: 0.5871, lr: 0.0004998164668624582
2026-08-07 21:17:50 - val epoch: 152, loss: 1.5052
2026-08-07 21:17:52 - train: epoch 153, iter:0, loss: 0.6209, lr: 0.0004946335021577383
2026-08-07 21:17:57 - train: epoch 153, iter:20, loss: 0.5881, lr: 0.0004946335021577383
2026-08-07 21:18:21 - val epoch: 153, loss: 1.4149
2026-08-07 21:18:23 - train: epoch 154, iter:0, loss: 0.5022, lr: 0.0004894516742563263
2026-08-07 21:18:28 - train: epoch 154, iter:20, loss: 0.5760, lr: 0.0004894516742563263
2026-08-07 21:18:52 - val epoch: 154, loss: 1.4170
2026-08-07 21:18:54 - train: epoch 155, iter:0, loss: 0.5721, lr: 0.000484271551404046
2026-08-07 21:18:59 - train: epoch 155, iter:20, loss: 0.5740, lr: 0.000484271551404046
2026-08-07 21:19:22 - val epoch: 155, loss: 1.5271
2026-08-07 21:19:24 - train: epoch 156, iter:0, loss: 0.6159, lr: 0.0004790937016597426
2026-08-07 21:19:29 - train: epoch 156, iter:20, loss: 0.5828, lr: 0.0004790937016597426
2026-08-07 21:19:53 - val epoch: 156, loss: 1.4764
2026-08-07 21:19:54 - train: epoch 157, iter:0, loss: 0.5666, lr: 0.0004739186928329898
2026-08-07 21:20:00 - train: epoch 157, iter:20, loss: 0.5732, lr: 0.0004739186928329898
2026-08-07 21:20:23 - val epoch: 157, loss: 1.4624
2026-08-07 21:20:26 - train: epoch 158, iter:0, loss: 0.5760, lr: 0.0004687470924218222
2026-08-07 21:20:31 - train: epoch 158, iter:20, loss: 0.5738, lr: 0.0004687470924218222
2026-08-07 21:20:55 - val epoch: 158, loss: 1.4400
2026-08-07 21:20:57 - train: epoch 159, iter:0, loss: 0.5403, lr: 0.00046357946755050356
2026-08-07 21:21:02 - train: epoch 159, iter:20, loss: 0.5661, lr: 0.00046357946755050356
2026-08-07 21:21:26 - val epoch: 159, loss: 1.4834
2026-08-07 21:21:28 - train: epoch 160, iter:0, loss: 0.6005, lr: 0.00045841638490733513
2026-08-07 21:21:33 - train: epoch 160, iter:20, loss: 0.5773, lr: 0.00045841638490733513
2026-08-07 21:21:56 - val epoch: 160, loss: 1.4397
2026-08-07 21:21:58 - train: epoch 161, iter:0, loss: 0.5903, lr: 0.00045325841068251133
2026-08-07 21:22:03 - train: epoch 161, iter:20, loss: 0.5643, lr: 0.00045325841068251133
2026-08-07 21:22:27 - val epoch: 161, loss: 1.4937
2026-08-07 21:22:29 - train: epoch 162, iter:0, loss: 0.5890, lr: 0.0004481061105060308
2026-08-07 21:22:34 - train: epoch 162, iter:20, loss: 0.5714, lr: 0.0004481061105060308
2026-08-07 21:22:59 - val epoch: 162, loss: 1.5020
2026-08-07 21:23:01 - train: epoch 163, iter:0, loss: 0.5213, lr: 0.0004429600493856691
2026-08-07 21:23:06 - train: epoch 163, iter:20, loss: 0.5764, lr: 0.0004429600493856691
2026-08-07 21:23:30 - val epoch: 163, loss: 1.5057
2026-08-07 21:23:32 - train: epoch 164, iter:0, loss: 0.5453, lr: 0.000437820791645019
2026-08-07 21:23:37 - train: epoch 164, iter:20, loss: 0.5568, lr: 0.000437820791645019
2026-08-07 21:24:00 - val epoch: 164, loss: 1.5172
2026-08-07 21:24:03 - train: epoch 165, iter:0, loss: 0.5503, lr: 0.00043268890086160604
2026-08-07 21:24:08 - train: epoch 165, iter:20, loss: 0.5627, lr: 0.00043268890086160604
2026-08-07 21:24:32 - val epoch: 165, loss: 1.4707
2026-08-07 21:24:34 - train: epoch 166, iter:0, loss: 0.4926, lr: 0.0004275649398050855
2026-08-07 21:24:39 - train: epoch 166, iter:20, loss: 0.5648, lr: 0.0004275649398050855
2026-08-07 21:25:03 - val epoch: 166, loss: 1.4872
2026-08-07 21:25:05 - train: epoch 167, iter:0, loss: 0.5874, lr: 0.0004224494703755289
2026-08-07 21:25:10 - train: epoch 167, iter:20, loss: 0.5736, lr: 0.0004224494703755289
2026-08-07 21:25:33 - val epoch: 167, loss: 1.4467
2026-08-07 21:25:36 - train: epoch 168, iter:0, loss: 0.5436, lr: 0.00041734305354180595
2026-08-07 21:25:41 - train: epoch 168, iter:20, loss: 0.5470, lr: 0.00041734305354180595
2026-08-07 21:26:05 - val epoch: 168, loss: 1.4398
2026-08-07 21:26:07 - train: epoch 169, iter:0, loss: 0.5601, lr: 0.000412246249280066
2026-08-07 21:26:12 - train: epoch 169, iter:20, loss: 0.5614, lr: 0.000412246249280066
2026-08-07 21:26:36 - val epoch: 169, loss: 1.4963
2026-08-07 21:26:38 - train: epoch 170, iter:0, loss: 0.5626, lr: 0.0004071596165123322
2026-08-07 21:26:43 - train: epoch 170, iter:20, loss: 0.5667, lr: 0.0004071596165123322
2026-08-07 21:27:07 - val epoch: 170, loss: 1.5101
2026-08-07 21:27:09 - train: epoch 171, iter:0, loss: 0.5770, lr: 0.0004020837130452088
2026-08-07 21:27:14 - train: epoch 171, iter:20, loss: 0.5580, lr: 0.0004020837130452088
2026-08-07 21:27:38 - val epoch: 171, loss: 1.4954
2026-08-07 21:27:40 - train: epoch 172, iter:0, loss: 0.5203, lr: 0.00039701909550871116
2026-08-07 21:27:45 - train: epoch 172, iter:20, loss: 0.5600, lr: 0.00039701909550871116
2026-08-07 21:28:09 - val epoch: 172, loss: 1.4539
2026-08-07 21:28:11 - train: epoch 173, iter:0, loss: 0.5731, lr: 0.0003919663192952252
2026-08-07 21:28:17 - train: epoch 173, iter:20, loss: 0.5621, lr: 0.0003919663192952252
2026-08-07 21:28:40 - val epoch: 173, loss: 1.4814
2026-08-07 21:28:42 - train: epoch 174, iter:0, loss: 0.5451, lr: 0.0003869259384986023
2026-08-07 21:28:47 - train: epoch 174, iter:20, loss: 0.5506, lr: 0.0003869259384986023
2026-08-07 21:29:11 - val epoch: 174, loss: 1.5543
2026-08-07 21:29:13 - train: epoch 175, iter:0, loss: 0.5758, lr: 0.0003818985058533967
2026-08-07 21:29:18 - train: epoch 175, iter:20, loss: 0.5465, lr: 0.0003818985058533967
2026-08-07 21:29:42 - val epoch: 175, loss: 1.5189
2026-08-07 21:29:45 - train: epoch 176, iter:0, loss: 0.5472, lr: 0.00037688457267425206
2026-08-07 21:29:50 - train: epoch 176, iter:20, loss: 0.5524, lr: 0.00037688457267425206
2026-08-07 21:30:14 - val epoch: 176, loss: 1.5659
2026-08-07 21:30:16 - train: epoch 177, iter:0, loss: 0.5464, lr: 0.0003718846887954434
2026-08-07 21:30:21 - train: epoch 177, iter:20, loss: 0.5406, lr: 0.0003718846887954434
2026-08-07 21:30:44 - val epoch: 177, loss: 1.4935
2026-08-07 21:30:47 - train: epoch 178, iter:0, loss: 0.5246, lr: 0.0003668994025105812
2026-08-07 21:30:52 - train: epoch 178, iter:20, loss: 0.5311, lr: 0.0003668994025105812
2026-08-07 21:31:16 - val epoch: 178, loss: 1.5137
2026-08-07 21:31:18 - train: epoch 179, iter:0, loss: 0.5568, lr: 0.0003619292605124862
2026-08-07 21:31:23 - train: epoch 179, iter:20, loss: 0.5452, lr: 0.0003619292605124862
2026-08-07 21:31:47 - val epoch: 179, loss: 1.4887
2026-08-07 21:31:49 - train: epoch 180, iter:0, loss: 0.5375, lr: 0.00035697480783323686
2026-08-07 21:31:54 - train: epoch 180, iter:20, loss: 0.5489, lr: 0.00035697480783323686
2026-08-07 21:32:22 - val epoch: 180, loss: 1.5285, miou: 0.7748566396049167, f1_or_dsc: 0.8731484248523869, accuracy: 0.9382917951829363,                 specificity: 0.9594641975462103, sensitivity: 0.8724836187587333, confusion_matrix: [[38439491  1624006]
 [ 1643634 11245957]]
2026-08-07 21:32:24 - train: epoch 181, iter:0, loss: 0.5250, lr: 0.00035203658778440076
2026-08-07 21:32:29 - train: epoch 181, iter:20, loss: 0.5452, lr: 0.00035203658778440076
2026-08-07 21:32:52 - val epoch: 181, loss: 1.5587
2026-08-07 21:32:55 - train: epoch 182, iter:0, loss: 0.5088, lr: 0.00034711514189745505
2026-08-07 21:33:00 - train: epoch 182, iter:20, loss: 0.5404, lr: 0.00034711514189745505
2026-08-07 21:33:23 - val epoch: 182, loss: 1.5245
2026-08-07 21:33:25 - train: epoch 183, iter:0, loss: 0.5763, lr: 0.00034221100986440094
2026-08-07 21:33:30 - train: epoch 183, iter:20, loss: 0.5497, lr: 0.00034221100986440094
2026-08-07 21:33:53 - val epoch: 183, loss: 1.5023
2026-08-07 21:33:56 - train: epoch 184, iter:0, loss: 0.5060, lr: 0.0003373247294785804
2026-08-07 21:34:01 - train: epoch 184, iter:20, loss: 0.5354, lr: 0.0003373247294785804
2026-08-07 21:34:24 - val epoch: 184, loss: 1.5223
2026-08-07 21:34:26 - train: epoch 185, iter:0, loss: 0.4560, lr: 0.0003324568365757012
2026-08-07 21:34:31 - train: epoch 185, iter:20, loss: 0.5458, lr: 0.0003324568365757012
2026-08-07 21:34:55 - val epoch: 185, loss: 1.5031
2026-08-07 21:34:57 - train: epoch 186, iter:0, loss: 0.5889, lr: 0.0003276078649750761
2026-08-07 21:35:02 - train: epoch 186, iter:20, loss: 0.5447, lr: 0.0003276078649750761
2026-08-07 21:35:26 - val epoch: 186, loss: 1.4804
2026-08-07 21:35:28 - train: epoch 187, iter:0, loss: 0.5709, lr: 0.00032277834642108417
2026-08-07 21:35:33 - train: epoch 187, iter:20, loss: 0.5375, lr: 0.00032277834642108417
2026-08-07 21:35:57 - val epoch: 187, loss: 1.5190
2026-08-07 21:35:59 - train: epoch 188, iter:0, loss: 0.4593, lr: 0.00031796881052485835
2026-08-07 21:36:04 - train: epoch 188, iter:20, loss: 0.5372, lr: 0.00031796881052485835
2026-08-07 21:36:29 - val epoch: 188, loss: 1.5351
2026-08-07 21:36:31 - train: epoch 189, iter:0, loss: 0.5030, lr: 0.00031317978470620867
2026-08-07 21:36:36 - train: epoch 189, iter:20, loss: 0.5418, lr: 0.00031317978470620867
2026-08-07 21:37:00 - val epoch: 189, loss: 1.5116
2026-08-07 21:37:01 - train: epoch 190, iter:0, loss: 0.5414, lr: 0.00030841179413578315
2026-08-07 21:37:06 - train: epoch 190, iter:20, loss: 0.5449, lr: 0.00030841179413578315
2026-08-07 21:37:31 - val epoch: 190, loss: 1.5199
2026-08-07 21:37:33 - train: epoch 191, iter:0, loss: 0.5271, lr: 0.0003036653616774785
2026-08-07 21:37:38 - train: epoch 191, iter:20, loss: 0.5357, lr: 0.0003036653616774785
2026-08-07 21:38:02 - val epoch: 191, loss: 1.5343
2026-08-07 21:38:03 - train: epoch 192, iter:0, loss: 0.5778, lr: 0.0002989410078311011
2026-08-07 21:38:08 - train: epoch 192, iter:20, loss: 0.5274, lr: 0.0002989410078311011
2026-08-07 21:38:33 - val epoch: 192, loss: 1.5108
2026-08-07 21:38:35 - train: epoch 193, iter:0, loss: 0.4805, lr: 0.00029423925067528865
2026-08-07 21:38:40 - train: epoch 193, iter:20, loss: 0.5295, lr: 0.00029423925067528865
2026-08-07 21:39:03 - val epoch: 193, loss: 1.4900
2026-08-07 21:39:06 - train: epoch 194, iter:0, loss: 0.4775, lr: 0.0002895606058106975
2026-08-07 21:39:11 - train: epoch 194, iter:20, loss: 0.5271, lr: 0.0002895606058106975
2026-08-07 21:39:35 - val epoch: 194, loss: 1.5108
2026-08-07 21:39:37 - train: epoch 195, iter:0, loss: 0.5556, lr: 0.0002849055863034606
2026-08-07 21:39:42 - train: epoch 195, iter:20, loss: 0.5277, lr: 0.0002849055863034606
2026-08-07 21:40:05 - val epoch: 195, loss: 1.5284
2026-08-07 21:40:07 - train: epoch 196, iter:0, loss: 0.5497, lr: 0.00028027470262892396
2026-08-07 21:40:12 - train: epoch 196, iter:20, loss: 0.5370, lr: 0.00028027470262892396
2026-08-07 21:40:36 - val epoch: 196, loss: 1.5448
2026-08-07 21:40:38 - train: epoch 197, iter:0, loss: 0.5623, lr: 0.0002756684626156682
2026-08-07 21:40:43 - train: epoch 197, iter:20, loss: 0.5340, lr: 0.0002756684626156682
2026-08-07 21:41:07 - val epoch: 197, loss: 1.5241
2026-08-07 21:41:09 - train: epoch 198, iter:0, loss: 0.5182, lr: 0.000271087371389818
2026-08-07 21:41:14 - train: epoch 198, iter:20, loss: 0.5130, lr: 0.000271087371389818
2026-08-07 21:41:38 - val epoch: 198, loss: 1.5498
2026-08-07 21:41:40 - train: epoch 199, iter:0, loss: 0.5356, lr: 0.0002665319313196505
2026-08-07 21:41:45 - train: epoch 199, iter:20, loss: 0.5280, lr: 0.0002665319313196505
2026-08-07 21:42:09 - val epoch: 199, loss: 1.5095
2026-08-07 21:42:12 - train: epoch 200, iter:0, loss: 0.4308, lr: 0.00026200264196050494
2026-08-07 21:42:17 - train: epoch 200, iter:20, loss: 0.5221, lr: 0.00026200264196050494
2026-08-07 21:42:40 - val epoch: 200, loss: 1.5167
2026-08-07 21:42:42 - train: epoch 201, iter:0, loss: 0.5969, lr: 0.00025749999999999954
2026-08-07 21:42:47 - train: epoch 201, iter:20, loss: 0.5275, lr: 0.00025749999999999954
2026-08-07 21:43:11 - val epoch: 201, loss: 1.5692
2026-08-07 21:43:13 - train: epoch 202, iter:0, loss: 0.5355, lr: 0.0002530244992035658
2026-08-07 21:43:18 - train: epoch 202, iter:20, loss: 0.5245, lr: 0.0002530244992035658
2026-08-07 21:43:41 - val epoch: 202, loss: 1.5284
2026-08-07 21:43:44 - train: epoch 203, iter:0, loss: 0.4776, lr: 0.0002485766303603003
2026-08-07 21:43:49 - train: epoch 203, iter:20, loss: 0.5191, lr: 0.0002485766303603003
2026-08-07 21:44:12 - val epoch: 203, loss: 1.5100
2026-08-07 21:44:14 - train: epoch 204, iter:0, loss: 0.5102, lr: 0.0002441568812291443
2026-08-07 21:44:19 - train: epoch 204, iter:20, loss: 0.5299, lr: 0.0002441568812291443
2026-08-07 21:44:43 - val epoch: 204, loss: 1.5125
2026-08-07 21:44:45 - train: epoch 205, iter:0, loss: 0.5124, lr: 0.00023976573648539645
2026-08-07 21:44:50 - train: epoch 205, iter:20, loss: 0.5244, lr: 0.00023976573648539645
2026-08-07 21:45:14 - val epoch: 205, loss: 1.5687
2026-08-07 21:45:16 - train: epoch 206, iter:0, loss: 0.4864, lr: 0.00023540367766756144
2026-08-07 21:45:21 - train: epoch 206, iter:20, loss: 0.5208, lr: 0.00023540367766756144
2026-08-07 21:45:45 - val epoch: 206, loss: 1.5233
2026-08-07 21:45:47 - train: epoch 207, iter:0, loss: 0.5359, lr: 0.0002310711831245444
2026-08-07 21:45:53 - train: epoch 207, iter:20, loss: 0.5176, lr: 0.0002310711831245444
2026-08-07 21:46:16 - val epoch: 207, loss: 1.5388
2026-08-07 21:46:18 - train: epoch 208, iter:0, loss: 0.5415, lr: 0.00022676872796319514
2026-08-07 21:46:23 - train: epoch 208, iter:20, loss: 0.5199, lr: 0.00022676872796319514
2026-08-07 21:46:47 - val epoch: 208, loss: 1.5364
2026-08-07 21:46:49 - train: epoch 209, iter:0, loss: 0.4825, lr: 0.00022249678399620604
2026-08-07 21:46:54 - train: epoch 209, iter:20, loss: 0.5144, lr: 0.00022249678399620604
2026-08-07 21:47:18 - val epoch: 209, loss: 1.5534
2026-08-07 21:47:20 - train: epoch 210, iter:0, loss: 0.5202, lr: 0.0002182558196903736
2026-08-07 21:47:26 - train: epoch 210, iter:20, loss: 0.5174, lr: 0.0002182558196903736
2026-08-07 21:47:54 - val epoch: 210, loss: 1.5596, miou: 0.7707773385275394, f1_or_dsc: 0.8705525214914559, accuracy: 0.936869215257097,                 specificity: 0.9577083598069335, sensitivity: 0.8720968725850184, confusion_matrix: [[38369146  1694351]
 [ 1648619 11240972]]
2026-08-07 21:47:56 - train: epoch 211, iter:0, loss: 0.5216, lr: 0.00021404630011522552
2026-08-07 21:48:01 - train: epoch 211, iter:20, loss: 0.5160, lr: 0.00021404630011522552
2026-08-07 21:48:24 - val epoch: 211, loss: 1.5765
2026-08-07 21:48:26 - train: epoch 212, iter:0, loss: 0.5592, lr: 0.0002098686868920198
2026-08-07 21:48:31 - train: epoch 212, iter:20, loss: 0.5174, lr: 0.0002098686868920198
2026-08-07 21:48:55 - val epoch: 212, loss: 1.5565
2026-08-07 21:48:57 - train: epoch 213, iter:0, loss: 0.5258, lr: 0.00020572343814312415
2026-08-07 21:49:02 - train: epoch 213, iter:20, loss: 0.5113, lr: 0.00020572343814312415
2026-08-07 21:49:26 - val epoch: 213, loss: 1.5618
2026-08-07 21:49:28 - train: epoch 214, iter:0, loss: 0.5823, lr: 0.00020161100844177644
2026-08-07 21:49:33 - train: epoch 214, iter:20, loss: 0.5181, lr: 0.00020161100844177644
2026-08-07 21:49:57 - val epoch: 214, loss: 1.5894
2026-08-07 21:49:59 - train: epoch 215, iter:0, loss: 0.5301, lr: 0.0001975318487622361
2026-08-07 21:50:04 - train: epoch 215, iter:20, loss: 0.5121, lr: 0.0001975318487622361
2026-08-07 21:50:28 - val epoch: 215, loss: 1.5751
2026-08-07 21:50:30 - train: epoch 216, iter:0, loss: 0.5615, lr: 0.00019348640643033024
2026-08-07 21:50:35 - train: epoch 216, iter:20, loss: 0.5139, lr: 0.00019348640643033024
2026-08-07 21:50:59 - val epoch: 216, loss: 1.5578
2026-08-07 21:51:02 - train: epoch 217, iter:0, loss: 0.5934, lr: 0.00018947512507439828
2026-08-07 21:51:07 - train: epoch 217, iter:20, loss: 0.5073, lr: 0.00018947512507439828
2026-08-07 21:51:30 - val epoch: 217, loss: 1.5711
2026-08-07 21:51:33 - train: epoch 218, iter:0, loss: 0.5844, lr: 0.00018549844457664425
2026-08-07 21:51:38 - train: epoch 218, iter:20, loss: 0.5108, lr: 0.00018549844457664425
2026-08-07 21:52:02 - val epoch: 218, loss: 1.5680
2026-08-07 21:52:04 - train: epoch 219, iter:0, loss: 0.5055, lr: 0.00018155680102489765
2026-08-07 21:52:09 - train: epoch 219, iter:20, loss: 0.5109, lr: 0.00018155680102489765
2026-08-07 21:52:33 - val epoch: 219, loss: 1.5586
2026-08-07 21:52:35 - train: epoch 220, iter:0, loss: 0.5460, lr: 0.00017765062666479195
2026-08-07 21:52:40 - train: epoch 220, iter:20, loss: 0.5069, lr: 0.00017765062666479195
2026-08-07 21:53:04 - val epoch: 220, loss: 1.5648
2026-08-07 21:53:06 - train: epoch 221, iter:0, loss: 0.4810, lr: 0.00017378034985236489
2026-08-07 21:53:11 - train: epoch 221, iter:20, loss: 0.5068, lr: 0.00017378034985236489
2026-08-07 21:53:35 - val epoch: 221, loss: 1.5773
2026-08-07 21:53:37 - train: epoch 222, iter:0, loss: 0.5312, lr: 0.0001699463950070827
2026-08-07 21:53:42 - train: epoch 222, iter:20, loss: 0.5119, lr: 0.0001699463950070827
2026-08-07 21:54:06 - val epoch: 222, loss: 1.5678
2026-08-07 21:54:08 - train: epoch 223, iter:0, loss: 0.5831, lr: 0.0001661491825652988
2026-08-07 21:54:13 - train: epoch 223, iter:20, loss: 0.4973, lr: 0.0001661491825652988
2026-08-07 21:54:37 - val epoch: 223, loss: 1.5797
2026-08-07 21:54:39 - train: epoch 224, iter:0, loss: 0.5834, lr: 0.0001623891289341484
2026-08-07 21:54:44 - train: epoch 224, iter:20, loss: 0.5116, lr: 0.0001623891289341484
2026-08-07 21:55:08 - val epoch: 224, loss: 1.5890
2026-08-07 21:55:10 - train: epoch 225, iter:0, loss: 0.5362, lr: 0.0001586666464458838
2026-08-07 21:55:15 - train: epoch 225, iter:20, loss: 0.5030, lr: 0.0001586666464458838
2026-08-07 21:55:39 - val epoch: 225, loss: 1.5816
2026-08-07 21:55:41 - train: epoch 226, iter:0, loss: 0.4452, lr: 0.00015498214331265874
2026-08-07 21:55:46 - train: epoch 226, iter:20, loss: 0.5073, lr: 0.00015498214331265874
2026-08-07 21:56:10 - val epoch: 226, loss: 1.5789
2026-08-07 21:56:13 - train: epoch 227, iter:0, loss: 0.4823, lr: 0.00015133602358176218
2026-08-07 21:56:18 - train: epoch 227, iter:20, loss: 0.4979, lr: 0.00015133602358176218
2026-08-07 21:56:41 - val epoch: 227, loss: 1.5493
2026-08-07 21:56:44 - train: epoch 228, iter:0, loss: 0.5488, lr: 0.00014772868709131046
2026-08-07 21:56:49 - train: epoch 228, iter:20, loss: 0.5107, lr: 0.00014772868709131046
2026-08-07 21:57:12 - val epoch: 228, loss: 1.5674
2026-08-07 21:57:15 - train: epoch 229, iter:0, loss: 0.5205, lr: 0.00014416052942640113
2026-08-07 21:57:20 - train: epoch 229, iter:20, loss: 0.4995, lr: 0.00014416052942640113
2026-08-07 21:57:43 - val epoch: 229, loss: 1.5924
2026-08-07 21:57:45 - train: epoch 230, iter:0, loss: 0.5477, lr: 0.0001406319418757314
2026-08-07 21:57:51 - train: epoch 230, iter:20, loss: 0.5026, lr: 0.0001406319418757314
2026-08-07 21:58:14 - val epoch: 230, loss: 1.5824
2026-08-07 21:58:16 - train: epoch 231, iter:0, loss: 0.5083, lr: 0.00013714331138868954
2026-08-07 21:58:21 - train: epoch 231, iter:20, loss: 0.5033, lr: 0.00013714331138868954
2026-08-07 21:58:45 - val epoch: 231, loss: 1.5992
2026-08-07 21:58:47 - train: epoch 232, iter:0, loss: 0.4786, lr: 0.00013369502053292226
2026-08-07 21:58:52 - train: epoch 232, iter:20, loss: 0.5059, lr: 0.00013369502053292226
2026-08-07 21:59:16 - val epoch: 232, loss: 1.5873
2026-08-07 21:59:18 - train: epoch 233, iter:0, loss: 0.4939, lr: 0.0001302874474523804
2026-08-07 21:59:23 - train: epoch 233, iter:20, loss: 0.5054, lr: 0.0001302874474523804
2026-08-07 21:59:47 - val epoch: 233, loss: 1.5975
2026-08-07 21:59:49 - train: epoch 234, iter:0, loss: 0.4958, lr: 0.00012692096582585187
2026-08-07 21:59:54 - train: epoch 234, iter:20, loss: 0.4988, lr: 0.00012692096582585187
2026-08-07 22:00:18 - val epoch: 234, loss: 1.6004
2026-08-07 22:00:20 - train: epoch 235, iter:0, loss: 0.5016, lr: 0.00012359594482598416
2026-08-07 22:00:25 - train: epoch 235, iter:20, loss: 0.5064, lr: 0.00012359594482598416
2026-08-07 22:00:49 - val epoch: 235, loss: 1.6047
2026-08-07 22:00:51 - train: epoch 236, iter:0, loss: 0.4846, lr: 0.00012031274907879919
2026-08-07 22:00:56 - train: epoch 236, iter:20, loss: 0.4986, lr: 0.00012031274907879919
2026-08-07 22:01:20 - val epoch: 236, loss: 1.6037
2026-08-07 22:01:22 - train: epoch 237, iter:0, loss: 0.5196, lr: 0.00011707173862370913
2026-08-07 22:01:27 - train: epoch 237, iter:20, loss: 0.4998, lr: 0.00011707173862370913
2026-08-07 22:01:52 - val epoch: 237, loss: 1.6013
2026-08-07 22:01:54 - train: epoch 238, iter:0, loss: 0.4438, lr: 0.00011387326887403316
2026-08-07 22:01:59 - train: epoch 238, iter:20, loss: 0.5027, lr: 0.00011387326887403316
2026-08-07 22:02:22 - val epoch: 238, loss: 1.6043
2026-08-07 22:02:25 - train: epoch 239, iter:0, loss: 0.5672, lr: 0.00011071769057802265
2026-08-07 22:02:30 - train: epoch 239, iter:20, loss: 0.4963, lr: 0.00011071769057802265
2026-08-07 22:02:53 - val epoch: 239, loss: 1.6159
2026-08-07 22:02:55 - train: epoch 240, iter:0, loss: 0.5490, lr: 0.0001076053497803982
2026-08-07 22:03:00 - train: epoch 240, iter:20, loss: 0.5029, lr: 0.0001076053497803982
2026-08-07 22:03:28 - val epoch: 240, loss: 1.6171, miou: 0.7701783857182463, f1_or_dsc: 0.8701703646728779, accuracy: 0.9362701378246345,                 specificity: 0.9552116980701909, sensitivity: 0.8773958770297676, confusion_matrix: [[38269121  1794376]
 [ 1580317 11309274]]
2026-08-07 22:03:30 - train: epoch 241, iter:0, loss: 0.4937, lr: 0.00010453658778440088
2026-08-07 22:03:35 - train: epoch 241, iter:20, loss: 0.5023, lr: 0.00010453658778440088
2026-08-07 22:03:58 - val epoch: 241, loss: 1.5996
2026-08-07 22:04:00 - train: epoch 242, iter:0, loss: 0.4458, lr: 0.00010151174111436543
2026-08-07 22:04:06 - train: epoch 242, iter:20, loss: 0.4941, lr: 0.00010151174111436543
2026-08-07 22:04:29 - val epoch: 242, loss: 1.6098
2026-08-07 22:04:31 - train: epoch 243, iter:0, loss: 0.5010, lr: 9.853114147881633e-05
2026-08-07 22:04:36 - train: epoch 243, iter:20, loss: 0.4856, lr: 9.853114147881633e-05
2026-08-07 22:05:00 - val epoch: 243, loss: 1.5868
2026-08-07 22:05:02 - train: epoch 244, iter:0, loss: 0.5560, lr: 9.559511573409167e-05
2026-08-07 22:05:07 - train: epoch 244, iter:20, loss: 0.5010, lr: 9.559511573409167e-05
2026-08-07 22:05:31 - val epoch: 244, loss: 1.6028
2026-08-07 22:05:33 - train: epoch 245, iter:0, loss: 0.4473, lr: 9.270398584850061e-05
2026-08-07 22:05:38 - train: epoch 245, iter:20, loss: 0.5001, lr: 9.270398584850061e-05
2026-08-07 22:06:01 - val epoch: 245, loss: 1.6132
2026-08-07 22:06:04 - train: epoch 246, iter:0, loss: 0.4530, lr: 8.985806886701499e-05
2026-08-07 22:06:09 - train: epoch 246, iter:20, loss: 0.4990, lr: 8.985806886701499e-05
2026-08-07 22:06:32 - val epoch: 246, loss: 1.5923
2026-08-07 22:06:35 - train: epoch 247, iter:0, loss: 0.4528, lr: 8.705767687650239e-05
2026-08-07 22:06:40 - train: epoch 247, iter:20, loss: 0.4989, lr: 8.705767687650239e-05
2026-08-07 22:07:03 - val epoch: 247, loss: 1.6069
2026-08-07 22:07:05 - train: epoch 248, iter:0, loss: 0.5269, lr: 8.430311697150229e-05
2026-08-07 22:07:10 - train: epoch 248, iter:20, loss: 0.4994, lr: 8.430311697150229e-05
2026-08-07 22:07:35 - val epoch: 248, loss: 1.6053
2026-08-07 22:07:37 - train: epoch 249, iter:0, loss: 0.4784, lr: 8.159469122054909e-05
2026-08-07 22:07:42 - train: epoch 249, iter:20, loss: 0.4914, lr: 8.159469122054909e-05
2026-08-07 22:08:07 - val epoch: 249, loss: 1.5842
2026-08-07 22:08:09 - train: epoch 250, iter:0, loss: 0.4933, lr: 7.893269663304782e-05
2026-08-07 22:08:14 - train: epoch 250, iter:20, loss: 0.4949, lr: 7.893269663304782e-05
2026-08-07 22:08:38 - val epoch: 250, loss: 1.6050
2026-08-07 22:08:40 - train: epoch 251, iter:0, loss: 0.5098, lr: 7.631742512670282e-05
2026-08-07 22:08:45 - train: epoch 251, iter:20, loss: 0.4914, lr: 7.631742512670282e-05
2026-08-07 22:09:09 - val epoch: 251, loss: 1.6136
2026-08-07 22:09:10 - train: epoch 252, iter:0, loss: 0.5260, lr: 7.374916349550603e-05
2026-08-07 22:09:16 - train: epoch 252, iter:20, loss: 0.4948, lr: 7.374916349550603e-05
2026-08-07 22:09:39 - val epoch: 252, loss: 1.6257
2026-08-07 22:09:41 - train: epoch 253, iter:0, loss: 0.4520, lr: 7.122819337828741e-05
2026-08-07 22:09:46 - train: epoch 253, iter:20, loss: 0.4955, lr: 7.122819337828741e-05
2026-08-07 22:10:09 - val epoch: 253, loss: 1.5847
2026-08-07 22:10:12 - train: epoch 254, iter:0, loss: 0.5094, lr: 6.875479122782878e-05
2026-08-07 22:10:17 - train: epoch 254, iter:20, loss: 0.4924, lr: 6.875479122782878e-05
2026-08-07 22:10:40 - val epoch: 254, loss: 1.6130
2026-08-07 22:10:42 - train: epoch 255, iter:0, loss: 0.5167, lr: 6.632922828054862e-05
2026-08-07 22:10:47 - train: epoch 255, iter:20, loss: 0.4902, lr: 6.632922828054862e-05
2026-08-07 22:11:11 - val epoch: 255, loss: 1.6055
2026-08-07 22:11:13 - train: epoch 256, iter:0, loss: 0.4386, lr: 6.395177052675786e-05
2026-08-07 22:11:19 - train: epoch 256, iter:20, loss: 0.4891, lr: 6.395177052675786e-05
2026-08-07 22:11:43 - val epoch: 256, loss: 1.6028
2026-08-07 22:11:45 - train: epoch 257, iter:0, loss: 0.4830, lr: 6.162267868149065e-05
2026-08-07 22:11:50 - train: epoch 257, iter:20, loss: 0.4903, lr: 6.162267868149065e-05
2026-08-07 22:12:13 - val epoch: 257, loss: 1.6230
2026-08-07 22:12:16 - train: epoch 258, iter:0, loss: 0.5032, lr: 5.934220815591413e-05
2026-08-07 22:12:21 - train: epoch 258, iter:20, loss: 0.4918, lr: 5.934220815591413e-05
2026-08-07 22:12:45 - val epoch: 258, loss: 1.6032
2026-08-07 22:12:47 - train: epoch 259, iter:0, loss: 0.4809, lr: 5.711060902932035e-05
2026-08-07 22:12:52 - train: epoch 259, iter:20, loss: 0.4908, lr: 5.711060902932035e-05
2026-08-07 22:13:16 - val epoch: 259, loss: 1.6199
2026-08-07 22:13:18 - train: epoch 260, iter:0, loss: 0.4305, lr: 5.492812602170101e-05
2026-08-07 22:13:23 - train: epoch 260, iter:20, loss: 0.4941, lr: 5.492812602170101e-05
2026-08-07 22:13:46 - val epoch: 260, loss: 1.6012
2026-08-07 22:13:49 - train: epoch 261, iter:0, loss: 0.4604, lr: 5.279499846691256e-05
2026-08-07 22:13:54 - train: epoch 261, iter:20, loss: 0.4919, lr: 5.279499846691256e-05
2026-08-07 22:14:18 - val epoch: 261, loss: 1.6116
2026-08-07 22:14:20 - train: epoch 262, iter:0, loss: 0.4691, lr: 5.071146028642938e-05
2026-08-07 22:14:25 - train: epoch 262, iter:20, loss: 0.4781, lr: 5.071146028642938e-05
2026-08-07 22:14:49 - val epoch: 262, loss: 1.6102
2026-08-07 22:14:51 - train: epoch 263, iter:0, loss: 0.4602, lr: 4.867773996369213e-05
2026-08-07 22:14:56 - train: epoch 263, iter:20, loss: 0.4876, lr: 4.867773996369213e-05
2026-08-07 22:15:20 - val epoch: 263, loss: 1.6177
2026-08-07 22:15:22 - train: epoch 264, iter:0, loss: 0.4563, lr: 4.669406051905255e-05
2026-08-07 22:15:27 - train: epoch 264, iter:20, loss: 0.4953, lr: 4.669406051905255e-05
2026-08-07 22:15:51 - val epoch: 264, loss: 1.5915
2026-08-07 22:15:53 - train: epoch 265, iter:0, loss: 0.4370, lr: 4.476063948531553e-05
2026-08-07 22:15:58 - train: epoch 265, iter:20, loss: 0.4923, lr: 4.476063948531553e-05
2026-08-07 22:16:22 - val epoch: 265, loss: 1.6086
2026-08-07 22:16:24 - train: epoch 266, iter:0, loss: 0.4535, lr: 4.2877688883885086e-05
2026-08-07 22:16:29 - train: epoch 266, iter:20, loss: 0.4884, lr: 4.2877688883885086e-05
2026-08-07 22:16:53 - val epoch: 266, loss: 1.6222
2026-08-07 22:16:55 - train: epoch 267, iter:0, loss: 0.5079, lr: 4.1045415201513684e-05
2026-08-07 22:17:00 - train: epoch 267, iter:20, loss: 0.4837, lr: 4.1045415201513684e-05
2026-08-07 22:17:23 - val epoch: 267, loss: 1.6055
2026-08-07 22:17:26 - train: epoch 268, iter:0, loss: 0.4682, lr: 3.926401936765836e-05
2026-08-07 22:17:31 - train: epoch 268, iter:20, loss: 0.4877, lr: 3.926401936765836e-05
2026-08-07 22:17:55 - val epoch: 268, loss: 1.6206
2026-08-07 22:17:56 - train: epoch 269, iter:0, loss: 0.4999, lr: 3.753369673244687e-05
2026-08-07 22:18:01 - train: epoch 269, iter:20, loss: 0.4837, lr: 3.753369673244687e-05
2026-08-07 22:18:25 - val epoch: 269, loss: 1.6027
2026-08-07 22:18:28 - train: epoch 270, iter:0, loss: 0.4755, lr: 3.5854637045255115e-05
2026-08-07 22:18:33 - train: epoch 270, iter:20, loss: 0.4881, lr: 3.5854637045255115e-05
2026-08-07 22:19:00 - val epoch: 270, loss: 1.6246, miou: 0.7719298414342772, f1_or_dsc: 0.8712871394608305, accuracy: 0.9373037885911394,                 specificity: 0.9583873319895165, sensitivity: 0.8717718040859481, confusion_matrix: [[38396348  1667149]
 [ 1652809 11236782]]
2026-08-07 22:19:02 - train: epoch 271, iter:0, loss: 0.5719, lr: 3.422702443389897e-05
2026-08-07 22:19:07 - train: epoch 271, iter:20, loss: 0.4939, lr: 3.422702443389897e-05
2026-08-07 22:19:31 - val epoch: 271, loss: 1.6133
2026-08-07 22:19:33 - train: epoch 272, iter:0, loss: 0.4377, lr: 3.265103738444294e-05
2026-08-07 22:19:38 - train: epoch 272, iter:20, loss: 0.4868, lr: 3.265103738444294e-05
2026-08-07 22:20:02 - val epoch: 272, loss: 1.6185
2026-08-07 22:20:04 - train: epoch 273, iter:0, loss: 0.4587, lr: 3.112684872162669e-05
2026-08-07 22:20:09 - train: epoch 273, iter:20, loss: 0.4861, lr: 3.112684872162669e-05
2026-08-07 22:20:32 - val epoch: 273, loss: 1.6079
2026-08-07 22:20:34 - train: epoch 274, iter:0, loss: 0.4981, lr: 2.9654625589913163e-05
2026-08-07 22:20:39 - train: epoch 274, iter:20, loss: 0.4865, lr: 2.9654625589913163e-05
2026-08-07 22:21:03 - val epoch: 274, loss: 1.6281
2026-08-07 22:21:05 - train: epoch 275, iter:0, loss: 0.5330, lr: 2.823452943515922e-05
2026-08-07 22:21:10 - train: epoch 275, iter:20, loss: 0.4827, lr: 2.823452943515922e-05
2026-08-07 22:21:34 - val epoch: 275, loss: 1.6207
2026-08-07 22:21:36 - train: epoch 276, iter:0, loss: 0.4430, lr: 2.6866715986911168e-05
2026-08-07 22:21:41 - train: epoch 276, iter:20, loss: 0.4878, lr: 2.6866715986911168e-05
2026-08-07 22:22:04 - val epoch: 276, loss: 1.6098
2026-08-07 22:22:07 - train: epoch 277, iter:0, loss: 0.4602, lr: 2.5551335241327604e-05
2026-08-07 22:22:12 - train: epoch 277, iter:20, loss: 0.4905, lr: 2.5551335241327604e-05
2026-08-07 22:22:36 - val epoch: 277, loss: 1.6151
2026-08-07 22:22:38 - train: epoch 278, iter:0, loss: 0.4648, lr: 2.4288531444730185e-05
2026-08-07 22:22:43 - train: epoch 278, iter:20, loss: 0.4944, lr: 2.4288531444730185e-05
2026-08-07 22:23:07 - val epoch: 278, loss: 1.6118
2026-08-07 22:23:10 - train: epoch 279, iter:0, loss: 0.4902, lr: 2.3078443077785645e-05
2026-08-07 22:23:15 - train: epoch 279, iter:20, loss: 0.4855, lr: 2.3078443077785645e-05
2026-08-07 22:23:39 - val epoch: 279, loss: 1.6176
2026-08-07 22:23:41 - train: epoch 280, iter:0, loss: 0.4343, lr: 2.1921202840320064e-05
2026-08-07 22:23:46 - train: epoch 280, iter:20, loss: 0.4821, lr: 2.1921202840320064e-05
2026-08-07 22:24:10 - val epoch: 280, loss: 1.6170
2026-08-07 22:24:12 - train: epoch 281, iter:0, loss: 0.4952, lr: 2.081693763676623e-05
2026-08-07 22:24:17 - train: epoch 281, iter:20, loss: 0.4875, lr: 2.081693763676623e-05
2026-08-07 22:24:41 - val epoch: 281, loss: 1.6261
2026-08-07 22:24:43 - train: epoch 282, iter:0, loss: 0.5112, lr: 1.9765768562247723e-05
2026-08-07 22:24:48 - train: epoch 282, iter:20, loss: 0.4932, lr: 1.9765768562247723e-05
2026-08-07 22:25:13 - val epoch: 282, loss: 1.6065
2026-08-07 22:25:15 - train: epoch 283, iter:0, loss: 0.4756, lr: 1.876781088929913e-05
2026-08-07 22:25:20 - train: epoch 283, iter:20, loss: 0.4879, lr: 1.876781088929913e-05
2026-08-07 22:25:44 - val epoch: 283, loss: 1.6195
2026-08-07 22:25:46 - train: epoch 284, iter:0, loss: 0.5215, lr: 1.7823174055225262e-05
2026-08-07 22:25:51 - train: epoch 284, iter:20, loss: 0.4888, lr: 1.7823174055225262e-05
2026-08-07 22:26:15 - val epoch: 284, loss: 1.6210
2026-08-07 22:26:18 - train: epoch 285, iter:0, loss: 0.5158, lr: 1.693196165010003e-05
2026-08-07 22:26:23 - train: epoch 285, iter:20, loss: 0.4917, lr: 1.693196165010003e-05
2026-08-07 22:26:46 - val epoch: 285, loss: 1.6136
2026-08-07 22:26:48 - train: epoch 286, iter:0, loss: 0.4808, lr: 1.6094271405406855e-05
2026-08-07 22:26:53 - train: epoch 286, iter:20, loss: 0.4830, lr: 1.6094271405406855e-05
2026-08-07 22:27:17 - val epoch: 286, loss: 1.6187
2026-08-07 22:27:19 - train: epoch 287, iter:0, loss: 0.4878, lr: 1.5310195183320773e-05
2026-08-07 22:27:24 - train: epoch 287, iter:20, loss: 0.4840, lr: 1.5310195183320773e-05
2026-08-07 22:27:48 - val epoch: 287, loss: 1.6172
2026-08-07 22:27:50 - train: epoch 288, iter:0, loss: 0.4866, lr: 1.4579818966635417e-05
2026-08-07 22:27:56 - train: epoch 288, iter:20, loss: 0.4859, lr: 1.4579818966635417e-05
2026-08-07 22:28:20 - val epoch: 288, loss: 1.6161
2026-08-07 22:28:22 - train: epoch 289, iter:0, loss: 0.4235, lr: 1.3903222849333505e-05
2026-08-07 22:28:27 - train: epoch 289, iter:20, loss: 0.4846, lr: 1.3903222849333505e-05
2026-08-07 22:28:51 - val epoch: 289, loss: 1.6199
2026-08-07 22:28:53 - train: epoch 290, iter:0, loss: 0.4595, lr: 1.3280481027803759e-05
2026-08-07 22:28:58 - train: epoch 290, iter:20, loss: 0.4904, lr: 1.3280481027803759e-05
2026-08-07 22:29:22 - val epoch: 290, loss: 1.6186
2026-08-07 22:29:24 - train: epoch 291, iter:0, loss: 0.5024, lr: 1.271166179270472e-05
2026-08-07 22:29:29 - train: epoch 291, iter:20, loss: 0.4917, lr: 1.271166179270472e-05
2026-08-07 22:29:53 - val epoch: 291, loss: 1.6199
2026-08-07 22:29:55 - train: epoch 292, iter:0, loss: 0.5091, lr: 1.21968275214754e-05
2026-08-07 22:30:01 - train: epoch 292, iter:20, loss: 0.4875, lr: 1.21968275214754e-05
2026-08-07 22:30:24 - val epoch: 292, loss: 1.6240
2026-08-07 22:30:27 - train: epoch 293, iter:0, loss: 0.5056, lr: 1.1736034671495336e-05
2026-08-07 22:30:32 - train: epoch 293, iter:20, loss: 0.4828, lr: 1.1736034671495336e-05
2026-08-07 22:30:56 - val epoch: 293, loss: 1.6222
2026-08-07 22:30:58 - train: epoch 294, iter:0, loss: 0.4225, lr: 1.1329333773893242e-05
2026-08-07 22:31:03 - train: epoch 294, iter:20, loss: 0.4869, lr: 1.1329333773893242e-05
2026-08-07 22:31:27 - val epoch: 294, loss: 1.6202
2026-08-07 22:31:29 - train: epoch 295, iter:0, loss: 0.5304, lr: 1.0976769428005577e-05
2026-08-07 22:31:34 - train: epoch 295, iter:20, loss: 0.4882, lr: 1.0976769428005577e-05
2026-08-07 22:31:58 - val epoch: 295, loss: 1.6173
2026-08-07 22:32:00 - train: epoch 296, iter:0, loss: 0.5520, lr: 1.0678380296485951e-05
2026-08-07 22:32:05 - train: epoch 296, iter:20, loss: 0.4845, lr: 1.0678380296485951e-05
2026-08-07 22:32:29 - val epoch: 296, loss: 1.6266
2026-08-07 22:32:32 - train: epoch 297, iter:0, loss: 0.4306, lr: 1.04341991010651e-05
2026-08-07 22:32:37 - train: epoch 297, iter:20, loss: 0.4877, lr: 1.04341991010651e-05
2026-08-07 22:33:01 - val epoch: 297, loss: 1.6273
2026-08-07 22:33:03 - train: epoch 298, iter:0, loss: 0.4376, lr: 1.0244252618962858e-05
2026-08-07 22:33:08 - train: epoch 298, iter:20, loss: 0.4832, lr: 1.0244252618962858e-05
2026-08-07 22:33:31 - val epoch: 298, loss: 1.6198
2026-08-07 22:33:34 - train: epoch 299, iter:0, loss: 0.4667, lr: 1.0108561679951479e-05
2026-08-07 22:33:39 - train: epoch 299, iter:20, loss: 0.4888, lr: 1.0108561679951479e-05
2026-08-07 22:34:02 - val epoch: 299, loss: 1.6227
2026-08-07 22:34:05 - train: epoch 300, iter:0, loss: 0.4978, lr: 1.002714116407149e-05
2026-08-07 22:34:10 - train: epoch 300, iter:20, loss: 0.4854, lr: 1.002714116407149e-05
2026-08-07 22:34:37 - val epoch: 300, loss: 1.6209, miou: 0.7738669138819053, f1_or_dsc: 0.8725197001260775, accuracy: 0.9380432544368329,                 specificity: 0.9595970366740577, sensitivity: 0.8710496710097319, confusion_matrix: [[38444813  1618684]
 [ 1662117 11227474]]
2026-08-07 22:35:04 - test of best model, loss: 2.9227,miou: 0.7466516535882423, f1_or_dsc: 0.8549519900597865, accuracy: 0.9259213929129119,                 specificity: 0.935257823349769, sensitivity: 0.8969018489415219, confusion_matrix: [[37469699  2593798]
 [ 1328893 11560698]]
