2026-08-22 18:12:53 - UNet ISIC18 | params: 31,037,633 | input 256x256 | batch 32 x2 | AdamW lr=0.001 wd=0.01 | Cosine 300ep | seed 42
2026-08-22 18:12:56 - train: epoch 1, iter:0, loss: 1.4500, lr: 0.001
2026-08-22 18:13:06 - train: epoch 1, iter:20, loss: 1.1438, lr: 0.001
2026-08-22 18:13:15 - train: epoch 1, iter:40, loss: 1.0419, lr: 0.001
2026-08-22 18:13:30 - val epoch: 1, loss: 1.5482
2026-08-22 18:13:33 - train: epoch 2, iter:0, loss: 0.9314, lr: 0.0009999728588359286
2026-08-22 18:13:43 - train: epoch 2, iter:20, loss: 0.8047, lr: 0.0009999728588359286
2026-08-22 18:13:52 - train: epoch 2, iter:40, loss: 0.7920, lr: 0.0009999728588359286
2026-08-22 18:14:08 - val epoch: 2, loss: 0.8083
2026-08-22 18:14:10 - train: epoch 3, iter:0, loss: 0.6021, lr: 0.0009998914383200486
2026-08-22 18:14:20 - train: epoch 3, iter:20, loss: 0.6739, lr: 0.0009998914383200486
2026-08-22 18:14:30 - train: epoch 3, iter:40, loss: 0.6535, lr: 0.0009998914383200486
2026-08-22 18:14:45 - val epoch: 3, loss: 0.9623
2026-08-22 18:14:47 - train: epoch 4, iter:0, loss: 0.6866, lr: 0.0009997557473810372
2026-08-22 18:14:57 - train: epoch 4, iter:20, loss: 0.6112, lr: 0.0009997557473810372
2026-08-22 18:15:07 - train: epoch 4, iter:40, loss: 0.6117, lr: 0.0009997557473810372
2026-08-22 18:15:23 - val epoch: 4, loss: 0.6228
2026-08-22 18:15:25 - train: epoch 5, iter:0, loss: 0.5194, lr: 0.000999565800898935
2026-08-22 18:15:35 - train: epoch 5, iter:20, loss: 0.5708, lr: 0.000999565800898935
2026-08-22 18:15:45 - train: epoch 5, iter:40, loss: 0.5610, lr: 0.000999565800898935
2026-08-22 18:16:00 - val epoch: 5, loss: 0.6121
2026-08-22 18:16:03 - train: epoch 6, iter:0, loss: 0.5604, lr: 0.0009993216197035143
2026-08-22 18:16:13 - train: epoch 6, iter:20, loss: 0.6147, lr: 0.0009993216197035143
2026-08-22 18:16:22 - train: epoch 6, iter:40, loss: 0.6055, lr: 0.0009993216197035143
2026-08-22 18:16:38 - val epoch: 6, loss: 0.6840
2026-08-22 18:16:40 - train: epoch 7, iter:0, loss: 0.6528, lr: 0.0009990232305719946
2026-08-22 18:16:50 - train: epoch 7, iter:20, loss: 0.5153, lr: 0.0009990232305719946
2026-08-22 18:17:00 - train: epoch 7, iter:40, loss: 0.5202, lr: 0.0009990232305719946
2026-08-22 18:17:15 - val epoch: 7, loss: 0.5975
2026-08-22 18:17:18 - train: epoch 8, iter:0, loss: 0.5903, lr: 0.0009986706662261067
2026-08-22 18:17:27 - train: epoch 8, iter:20, loss: 0.5528, lr: 0.0009986706662261067
2026-08-22 18:17:37 - train: epoch 8, iter:40, loss: 0.5137, lr: 0.0009986706662261067
2026-08-22 18:17:53 - val epoch: 8, loss: 0.5916
2026-08-22 18:17:55 - train: epoch 9, iter:0, loss: 0.5533, lr: 0.0009982639653285047
2026-08-22 18:18:05 - train: epoch 9, iter:20, loss: 0.4760, lr: 0.0009982639653285047
2026-08-22 18:18:15 - train: epoch 9, iter:40, loss: 0.4798, lr: 0.0009982639653285047
2026-08-22 18:18:30 - val epoch: 9, loss: 0.7042
2026-08-22 18:18:32 - train: epoch 10, iter:0, loss: 0.4648, lr: 0.0009978031724785245
2026-08-22 18:18:42 - train: epoch 10, iter:20, loss: 0.4647, lr: 0.0009978031724785245
2026-08-22 18:18:52 - train: epoch 10, iter:40, loss: 0.4630, lr: 0.0009978031724785245
2026-08-22 18:19:08 - val epoch: 10, loss: 0.6385
2026-08-22 18:19:10 - train: epoch 11, iter:0, loss: 0.4195, lr: 0.0009972883382072953
2026-08-22 18:19:20 - train: epoch 11, iter:20, loss: 0.4565, lr: 0.0009972883382072953
2026-08-22 18:19:29 - train: epoch 11, iter:40, loss: 0.4493, lr: 0.0009972883382072953
2026-08-22 18:19:45 - val epoch: 11, loss: 0.5158
2026-08-22 18:19:47 - train: epoch 12, iter:0, loss: 0.4716, lr: 0.0009967195189721962
2026-08-22 18:19:57 - train: epoch 12, iter:20, loss: 0.4443, lr: 0.0009967195189721962
2026-08-22 18:20:07 - train: epoch 12, iter:40, loss: 0.4384, lr: 0.0009967195189721962
2026-08-22 18:20:22 - val epoch: 12, loss: 0.5070
2026-08-22 18:20:25 - train: epoch 13, iter:0, loss: 0.4535, lr: 0.0009960967771506667
2026-08-22 18:20:35 - train: epoch 13, iter:20, loss: 0.4274, lr: 0.0009960967771506667
2026-08-22 18:20:44 - train: epoch 13, iter:40, loss: 0.4297, lr: 0.0009960967771506667
2026-08-22 18:21:00 - val epoch: 13, loss: 0.5456
2026-08-22 18:21:02 - train: epoch 14, iter:0, loss: 0.5668, lr: 0.0009954201810333646
2026-08-22 18:21:12 - train: epoch 14, iter:20, loss: 0.4255, lr: 0.0009954201810333646
2026-08-22 18:21:22 - train: epoch 14, iter:40, loss: 0.4249, lr: 0.0009954201810333646
2026-08-22 18:21:37 - val epoch: 14, loss: 0.6620
2026-08-22 18:21:39 - train: epoch 15, iter:0, loss: 0.3782, lr: 0.0009946898048166792
2026-08-22 18:21:49 - train: epoch 15, iter:20, loss: 0.3909, lr: 0.0009946898048166792
2026-08-22 18:21:59 - train: epoch 15, iter:40, loss: 0.4047, lr: 0.0009946898048166792
2026-08-22 18:22:14 - val epoch: 15, loss: 0.5184
2026-08-22 18:22:17 - train: epoch 16, iter:0, loss: 0.7609, lr: 0.000993905728594593
2026-08-22 18:22:26 - train: epoch 16, iter:20, loss: 0.4321, lr: 0.000993905728594593
2026-08-22 18:22:36 - train: epoch 16, iter:40, loss: 0.4191, lr: 0.000993905728594593
2026-08-22 18:22:52 - val epoch: 16, loss: 0.5266
2026-08-22 18:22:54 - train: epoch 17, iter:0, loss: 0.3463, lr: 0.0009930680383498998
2026-08-22 18:23:04 - train: epoch 17, iter:20, loss: 0.4210, lr: 0.0009930680383498998
2026-08-22 18:23:14 - train: epoch 17, iter:40, loss: 0.4158, lr: 0.0009930680383498998
2026-08-22 18:23:29 - val epoch: 17, loss: 0.6588
2026-08-22 18:23:31 - train: epoch 18, iter:0, loss: 0.4239, lr: 0.0009921768259447744
2026-08-22 18:23:41 - train: epoch 18, iter:20, loss: 0.4006, lr: 0.0009921768259447744
2026-08-22 18:23:51 - train: epoch 18, iter:40, loss: 0.3893, lr: 0.0009921768259447744
2026-08-22 18:24:06 - val epoch: 18, loss: 0.5102
2026-08-22 18:24:09 - train: epoch 19, iter:0, loss: 0.3989, lr: 0.0009912321891107007
2026-08-22 18:24:18 - train: epoch 19, iter:20, loss: 0.4072, lr: 0.0009912321891107007
2026-08-22 18:24:28 - train: epoch 19, iter:40, loss: 0.4087, lr: 0.0009912321891107007
2026-08-22 18:24:44 - val epoch: 19, loss: 0.4609
2026-08-22 18:24:46 - train: epoch 20, iter:0, loss: 0.3553, lr: 0.0009902342314377522
2026-08-22 18:24:56 - train: epoch 20, iter:20, loss: 0.4115, lr: 0.0009902342314377522
2026-08-22 18:25:06 - train: epoch 20, iter:40, loss: 0.3948, lr: 0.0009902342314377522
2026-08-22 18:25:21 - val epoch: 20, loss: 0.4613
2026-08-22 18:25:23 - train: epoch 21, iter:0, loss: 0.5416, lr: 0.0009891830623632338
2026-08-22 18:25:33 - train: epoch 21, iter:20, loss: 0.3981, lr: 0.0009891830623632338
2026-08-22 18:25:43 - train: epoch 21, iter:40, loss: 0.3948, lr: 0.0009891830623632338
2026-08-22 18:25:59 - val epoch: 21, loss: 0.6406
2026-08-22 18:26:01 - train: epoch 22, iter:0, loss: 0.6223, lr: 0.00098807879715968
2026-08-22 18:26:11 - train: epoch 22, iter:20, loss: 0.4214, lr: 0.00098807879715968
2026-08-22 18:26:20 - train: epoch 22, iter:40, loss: 0.4109, lr: 0.00098807879715968
2026-08-22 18:26:36 - val epoch: 22, loss: 0.4719
2026-08-22 18:26:38 - train: epoch 23, iter:0, loss: 0.3507, lr: 0.0009869215569222143
2026-08-22 18:26:48 - train: epoch 23, iter:20, loss: 0.3838, lr: 0.0009869215569222143
2026-08-22 18:26:58 - train: epoch 23, iter:40, loss: 0.3814, lr: 0.0009869215569222143
2026-08-22 18:27:13 - val epoch: 23, loss: 0.6312
2026-08-22 18:27:15 - train: epoch 24, iter:0, loss: 0.3280, lr: 0.0009857114685552697
2026-08-22 18:27:25 - train: epoch 24, iter:20, loss: 0.3811, lr: 0.0009857114685552697
2026-08-22 18:27:35 - train: epoch 24, iter:40, loss: 0.3677, lr: 0.0009857114685552697
2026-08-22 18:27:50 - val epoch: 24, loss: 0.5247
2026-08-22 18:27:53 - train: epoch 25, iter:0, loss: 0.5141, lr: 0.0009844486647586721
2026-08-22 18:28:03 - train: epoch 25, iter:20, loss: 0.3601, lr: 0.0009844486647586721
2026-08-22 18:28:12 - train: epoch 25, iter:40, loss: 0.3712, lr: 0.0009844486647586721
2026-08-22 18:28:28 - val epoch: 25, loss: 0.4453
2026-08-22 18:28:30 - train: epoch 26, iter:0, loss: 0.3797, lr: 0.0009831332840130884
2026-08-22 18:28:40 - train: epoch 26, iter:20, loss: 0.3717, lr: 0.0009831332840130884
2026-08-22 18:28:50 - train: epoch 26, iter:40, loss: 0.3698, lr: 0.0009831332840130884
2026-08-22 18:29:05 - val epoch: 26, loss: 0.4652
2026-08-22 18:29:07 - train: epoch 27, iter:0, loss: 0.4169, lr: 0.0009817654705648405
2026-08-22 18:29:17 - train: epoch 27, iter:20, loss: 0.3613, lr: 0.0009817654705648405
2026-08-22 18:29:27 - train: epoch 27, iter:40, loss: 0.3759, lr: 0.0009817654705648405
2026-08-22 18:29:43 - val epoch: 27, loss: 0.4861
2026-08-22 18:29:45 - train: epoch 28, iter:0, loss: 0.3488, lr: 0.0009803453744100864
2026-08-22 18:29:54 - train: epoch 28, iter:20, loss: 0.3854, lr: 0.0009803453744100864
2026-08-22 18:30:04 - train: epoch 28, iter:40, loss: 0.3665, lr: 0.0009803453744100864
2026-08-22 18:30:20 - val epoch: 28, loss: 0.4640
2026-08-22 18:30:22 - train: epoch 29, iter:0, loss: 0.5621, lr: 0.0009788731512783728
2026-08-22 18:30:32 - train: epoch 29, iter:20, loss: 0.3463, lr: 0.0009788731512783728
2026-08-22 18:30:42 - train: epoch 29, iter:40, loss: 0.3663, lr: 0.0009788731512783728
2026-08-22 18:30:57 - val epoch: 29, loss: 0.4597
2026-08-22 18:30:59 - train: epoch 30, iter:0, loss: 0.3323, lr: 0.0009773489626155566
2026-08-22 18:31:09 - train: epoch 30, iter:20, loss: 0.3686, lr: 0.0009773489626155566
2026-08-22 18:31:19 - train: epoch 30, iter:40, loss: 0.3722, lr: 0.0009773489626155566
2026-08-22 18:31:38 - val epoch: 30, loss: 0.4625, miou: 0.7026649974557996, f1_or_dsc: 0.8253708139954177, accuracy: 0.9130991567479502, specificity: 0.9354328954359625, sensitivity: 0.8436813084294141
2026-08-22 18:31:41 - train: epoch 31, iter:0, loss: 0.2911, lr: 0.0009757729755661006
2026-08-22 18:31:51 - train: epoch 31, iter:20, loss: 0.3402, lr: 0.0009757729755661006
2026-08-22 18:32:01 - train: epoch 31, iter:40, loss: 0.3538, lr: 0.0009757729755661006
2026-08-22 18:32:16 - val epoch: 31, loss: 0.4509
2026-08-22 18:32:19 - train: epoch 32, iter:0, loss: 0.3547, lr: 0.0009741453629547445
2026-08-22 18:32:28 - train: epoch 32, iter:20, loss: 0.3622, lr: 0.0009741453629547445
2026-08-22 18:32:38 - train: epoch 32, iter:40, loss: 0.3525, lr: 0.0009741453629547445
2026-08-22 18:32:54 - val epoch: 32, loss: 0.4368
2026-08-22 18:32:56 - train: epoch 33, iter:0, loss: 0.3608, lr: 0.0009724663032675527
2026-08-22 18:33:06 - train: epoch 33, iter:20, loss: 0.3311, lr: 0.0009724663032675527
2026-08-22 18:33:16 - train: epoch 33, iter:40, loss: 0.3377, lr: 0.0009724663032675527
2026-08-22 18:33:32 - val epoch: 33, loss: 0.5286
2026-08-22 18:33:34 - train: epoch 34, iter:0, loss: 0.3164, lr: 0.0009707359806323412
2026-08-22 18:33:44 - train: epoch 34, iter:20, loss: 0.3410, lr: 0.0009707359806323412
2026-08-22 18:33:54 - train: epoch 34, iter:40, loss: 0.3496, lr: 0.0009707359806323412
2026-08-22 18:34:10 - val epoch: 34, loss: 0.4672
2026-08-22 18:34:12 - train: epoch 35, iter:0, loss: 0.3629, lr: 0.0009689545847984858
2026-08-22 18:34:22 - train: epoch 35, iter:20, loss: 0.3339, lr: 0.0009689545847984858
2026-08-22 18:34:32 - train: epoch 35, iter:40, loss: 0.3450, lr: 0.0009689545847984858
2026-08-22 18:34:47 - val epoch: 35, loss: 0.4636
2026-08-22 18:34:50 - train: epoch 36, iter:0, loss: 0.2192, lr: 0.0009671223111161144
2026-08-22 18:34:59 - train: epoch 36, iter:20, loss: 0.3331, lr: 0.0009671223111161144
2026-08-22 18:35:09 - train: epoch 36, iter:40, loss: 0.3339, lr: 0.0009671223111161144
2026-08-22 18:35:25 - val epoch: 36, loss: 0.4310
2026-08-22 18:35:28 - train: epoch 37, iter:0, loss: 0.4227, lr: 0.000965239360514684
2026-08-22 18:35:38 - train: epoch 37, iter:20, loss: 0.3289, lr: 0.000965239360514684
2026-08-22 18:35:48 - train: epoch 37, iter:40, loss: 0.3436, lr: 0.000965239360514684
2026-08-22 18:36:03 - val epoch: 37, loss: 0.4745
2026-08-22 18:36:06 - train: epoch 38, iter:0, loss: 0.2439, lr: 0.000963305939480947
2026-08-22 18:36:15 - train: epoch 38, iter:20, loss: 0.3194, lr: 0.000963305939480947
2026-08-22 18:36:25 - train: epoch 38, iter:40, loss: 0.3260, lr: 0.000963305939480947
2026-08-22 18:36:41 - val epoch: 38, loss: 0.4245
2026-08-22 18:36:44 - train: epoch 39, iter:0, loss: 0.3446, lr: 0.0009613222600363074
2026-08-22 18:36:53 - train: epoch 39, iter:20, loss: 0.3246, lr: 0.0009613222600363074
2026-08-22 18:37:03 - train: epoch 39, iter:40, loss: 0.3215, lr: 0.0009613222600363074
2026-08-22 18:37:19 - val epoch: 39, loss: 0.4232
2026-08-22 18:37:22 - train: epoch 40, iter:0, loss: 0.3766, lr: 0.0009592885397135703
2026-08-22 18:37:31 - train: epoch 40, iter:20, loss: 0.3196, lr: 0.0009592885397135703
2026-08-22 18:37:41 - train: epoch 40, iter:40, loss: 0.3334, lr: 0.0009592885397135703
2026-08-22 18:37:57 - val epoch: 40, loss: 0.4334
2026-08-22 18:37:59 - train: epoch 41, iter:0, loss: 0.3329, lr: 0.0009572050015330871
2026-08-22 18:38:09 - train: epoch 41, iter:20, loss: 0.3216, lr: 0.0009572050015330871
2026-08-22 18:38:19 - train: epoch 41, iter:40, loss: 0.3279, lr: 0.0009572050015330871
2026-08-22 18:38:34 - val epoch: 41, loss: 0.4642
2026-08-22 18:38:37 - train: epoch 42, iter:0, loss: 0.2726, lr: 0.0009550718739782986
2026-08-22 18:38:46 - train: epoch 42, iter:20, loss: 0.3237, lr: 0.0009550718739782986
2026-08-22 18:38:56 - train: epoch 42, iter:40, loss: 0.3187, lr: 0.0009550718739782986
2026-08-22 18:39:12 - val epoch: 42, loss: 0.4303
2026-08-22 18:39:14 - train: epoch 43, iter:0, loss: 0.2405, lr: 0.0009528893909706794
2026-08-22 18:39:24 - train: epoch 43, iter:20, loss: 0.3250, lr: 0.0009528893909706794
2026-08-22 18:39:34 - train: epoch 43, iter:40, loss: 0.3303, lr: 0.0009528893909706794
2026-08-22 18:39:50 - val epoch: 43, loss: 0.4518
2026-08-22 18:39:52 - train: epoch 44, iter:0, loss: 0.2552, lr: 0.0009506577918440856
2026-08-22 18:40:02 - train: epoch 44, iter:20, loss: 0.3228, lr: 0.0009506577918440856
2026-08-22 18:40:12 - train: epoch 44, iter:40, loss: 0.3251, lr: 0.0009506577918440856
2026-08-22 18:40:27 - val epoch: 44, loss: 0.4037
2026-08-22 18:40:30 - train: epoch 45, iter:0, loss: 0.3296, lr: 0.000948377321318509
2026-08-22 18:40:40 - train: epoch 45, iter:20, loss: 0.3247, lr: 0.000948377321318509
2026-08-22 18:40:49 - train: epoch 45, iter:40, loss: 0.3171, lr: 0.000948377321318509
2026-08-22 18:41:05 - val epoch: 45, loss: 0.4404
2026-08-22 18:41:07 - train: epoch 46, iter:0, loss: 0.3334, lr: 0.0009460482294732416
2026-08-22 18:41:17 - train: epoch 46, iter:20, loss: 0.3462, lr: 0.0009460482294732416
2026-08-22 18:41:27 - train: epoch 46, iter:40, loss: 0.3272, lr: 0.0009460482294732416
2026-08-22 18:41:43 - val epoch: 46, loss: 0.4441
2026-08-22 18:41:45 - train: epoch 47, iter:0, loss: 0.2347, lr: 0.0009436707717194508
2026-08-22 18:41:55 - train: epoch 47, iter:20, loss: 0.3161, lr: 0.0009436707717194508
2026-08-22 18:42:05 - train: epoch 47, iter:40, loss: 0.3056, lr: 0.0009436707717194508
2026-08-22 18:42:20 - val epoch: 47, loss: 0.4143
2026-08-22 18:42:23 - train: epoch 48, iter:0, loss: 0.3228, lr: 0.0009412452087721706
2026-08-22 18:42:32 - train: epoch 48, iter:20, loss: 0.3032, lr: 0.0009412452087721706
2026-08-22 18:42:42 - train: epoch 48, iter:40, loss: 0.2963, lr: 0.0009412452087721706
2026-08-22 18:42:58 - val epoch: 48, loss: 0.4764
2026-08-22 18:43:00 - train: epoch 49, iter:0, loss: 0.2118, lr: 0.000938771806621712
2026-08-22 18:43:10 - train: epoch 49, iter:20, loss: 0.3047, lr: 0.000938771806621712
2026-08-22 18:43:20 - train: epoch 49, iter:40, loss: 0.3222, lr: 0.000938771806621712
2026-08-22 18:43:36 - val epoch: 49, loss: 0.4402
2026-08-22 18:43:38 - train: epoch 50, iter:0, loss: 0.2659, lr: 0.0009362508365044934
2026-08-22 18:43:48 - train: epoch 50, iter:20, loss: 0.2991, lr: 0.0009362508365044934
2026-08-22 18:43:58 - train: epoch 50, iter:40, loss: 0.3079, lr: 0.0009362508365044934
2026-08-22 18:44:13 - val epoch: 50, loss: 0.4170
2026-08-22 18:44:15 - train: epoch 51, iter:0, loss: 0.2480, lr: 0.0009336825748732968
2026-08-22 18:44:25 - train: epoch 51, iter:20, loss: 0.3089, lr: 0.0009336825748732968
2026-08-22 18:44:35 - train: epoch 51, iter:40, loss: 0.3078, lr: 0.0009336825748732968
2026-08-22 18:44:51 - val epoch: 51, loss: 0.4133
2026-08-22 18:44:53 - train: epoch 52, iter:0, loss: 0.2069, lr: 0.0009310673033669517
2026-08-22 18:45:03 - train: epoch 52, iter:20, loss: 0.2861, lr: 0.0009310673033669517
2026-08-22 18:45:13 - train: epoch 52, iter:40, loss: 0.2961, lr: 0.0009310673033669517
2026-08-22 18:45:29 - val epoch: 52, loss: 0.4252
2026-08-22 18:45:31 - train: epoch 53, iter:0, loss: 0.2314, lr: 0.0009284053087794505
2026-08-22 18:45:41 - train: epoch 53, iter:20, loss: 0.2825, lr: 0.0009284053087794505
2026-08-22 18:45:51 - train: epoch 53, iter:40, loss: 0.2865, lr: 0.0009284053087794505
2026-08-22 18:46:06 - val epoch: 53, loss: 0.3924
2026-08-22 18:46:09 - train: epoch 54, iter:0, loss: 0.2759, lr: 0.0009256968830284974
2026-08-22 18:46:19 - train: epoch 54, iter:20, loss: 0.3048, lr: 0.0009256968830284974
2026-08-22 18:46:29 - train: epoch 54, iter:40, loss: 0.3088, lr: 0.0009256968830284974
2026-08-22 18:46:44 - val epoch: 54, loss: 0.4043
2026-08-22 18:46:47 - train: epoch 55, iter:0, loss: 0.2470, lr: 0.0009229423231234972
2026-08-22 18:46:57 - train: epoch 55, iter:20, loss: 0.2946, lr: 0.0009229423231234972
2026-08-22 18:47:07 - train: epoch 55, iter:40, loss: 0.2843, lr: 0.0009229423231234972
2026-08-22 18:47:22 - val epoch: 55, loss: 0.4164
2026-08-22 18:47:24 - train: epoch 56, iter:0, loss: 0.3137, lr: 0.0009201419311329846
2026-08-22 18:47:34 - train: epoch 56, iter:20, loss: 0.3125, lr: 0.0009201419311329846
2026-08-22 18:47:44 - train: epoch 56, iter:40, loss: 0.3018, lr: 0.0009201419311329846
2026-08-22 18:48:00 - val epoch: 56, loss: 0.4471
2026-08-22 18:48:02 - train: epoch 57, iter:0, loss: 0.3414, lr: 0.0009172960141514989
2026-08-22 18:48:12 - train: epoch 57, iter:20, loss: 0.3033, lr: 0.0009172960141514989
2026-08-22 18:48:22 - train: epoch 57, iter:40, loss: 0.3017, lr: 0.0009172960141514989
2026-08-22 18:48:37 - val epoch: 57, loss: 0.4517
2026-08-22 18:48:40 - train: epoch 58, iter:0, loss: 0.3495, lr: 0.0009144048842659077
2026-08-22 18:48:49 - train: epoch 58, iter:20, loss: 0.2645, lr: 0.0009144048842659077
2026-08-22 18:48:59 - train: epoch 58, iter:40, loss: 0.2824, lr: 0.0009144048842659077
2026-08-22 18:49:15 - val epoch: 58, loss: 0.4297
2026-08-22 18:49:17 - train: epoch 59, iter:0, loss: 0.3008, lr: 0.0009114688585211832
2026-08-22 18:49:27 - train: epoch 59, iter:20, loss: 0.2867, lr: 0.0009114688585211832
2026-08-22 18:49:37 - train: epoch 59, iter:40, loss: 0.3014, lr: 0.0009114688585211832
2026-08-22 18:49:53 - val epoch: 59, loss: 0.3967
2026-08-22 18:49:55 - train: epoch 60, iter:0, loss: 0.4491, lr: 0.0009084882588856339
2026-08-22 18:50:05 - train: epoch 60, iter:20, loss: 0.2936, lr: 0.0009084882588856339
2026-08-22 18:50:15 - train: epoch 60, iter:40, loss: 0.2961, lr: 0.0009084882588856339
2026-08-22 18:50:34 - val epoch: 60, loss: 0.3815, miou: 0.7444605974915861, f1_or_dsc: 0.8535138008414396, accuracy: 0.9298262643341971, specificity: 0.9587687265542496, sensitivity: 0.8398671455129957
2026-08-22 18:50:37 - train: epoch 61, iter:0, loss: 0.1909, lr: 0.0009054634122155986
2026-08-22 18:50:47 - train: epoch 61, iter:20, loss: 0.2586, lr: 0.0009054634122155986
2026-08-22 18:50:57 - train: epoch 61, iter:40, loss: 0.2816, lr: 0.0009054634122155986
2026-08-22 18:51:12 - val epoch: 61, loss: 0.4101
2026-08-22 18:51:15 - train: epoch 62, iter:0, loss: 0.2386, lr: 0.0009023946502196013
2026-08-22 18:51:25 - train: epoch 62, iter:20, loss: 0.2910, lr: 0.0009023946502196013
2026-08-22 18:51:35 - train: epoch 62, iter:40, loss: 0.2886, lr: 0.0009023946502196013
2026-08-22 18:51:50 - val epoch: 62, loss: 0.3686
2026-08-22 18:51:53 - train: epoch 63, iter:0, loss: 0.2232, lr: 0.0008992823094219767
2026-08-22 18:52:03 - train: epoch 63, iter:20, loss: 0.2801, lr: 0.0008992823094219767
2026-08-22 18:52:13 - train: epoch 63, iter:40, loss: 0.2826, lr: 0.0008992823094219767
2026-08-22 18:52:28 - val epoch: 63, loss: 0.3989
2026-08-22 18:52:31 - train: epoch 64, iter:0, loss: 0.3623, lr: 0.0008961267311259662
2026-08-22 18:52:40 - train: epoch 64, iter:20, loss: 0.2991, lr: 0.0008961267311259662
2026-08-22 18:52:50 - train: epoch 64, iter:40, loss: 0.2994, lr: 0.0008961267311259662
2026-08-22 18:53:06 - val epoch: 64, loss: 0.3945
2026-08-22 18:53:08 - train: epoch 65, iter:0, loss: 0.2392, lr: 0.0008929282613762903
2026-08-22 18:53:18 - train: epoch 65, iter:20, loss: 0.2831, lr: 0.0008929282613762903
2026-08-22 18:53:28 - train: epoch 65, iter:40, loss: 0.2947, lr: 0.0008929282613762903
2026-08-22 18:53:43 - val epoch: 65, loss: 0.4659
2026-08-22 18:53:46 - train: epoch 66, iter:0, loss: 0.3039, lr: 0.0008896872509212002
2026-08-22 18:53:56 - train: epoch 66, iter:20, loss: 0.2799, lr: 0.0008896872509212002
2026-08-22 18:54:06 - train: epoch 66, iter:40, loss: 0.2981, lr: 0.0008896872509212002
2026-08-22 18:54:21 - val epoch: 66, loss: 0.4006
2026-08-22 18:54:23 - train: epoch 67, iter:0, loss: 0.1920, lr: 0.0008864040551740152
2026-08-22 18:54:33 - train: epoch 67, iter:20, loss: 0.2667, lr: 0.0008864040551740152
2026-08-22 18:54:43 - train: epoch 67, iter:40, loss: 0.2721, lr: 0.0008864040551740152
2026-08-22 18:54:59 - val epoch: 67, loss: 0.4725
2026-08-22 18:55:01 - train: epoch 68, iter:0, loss: 0.2570, lr: 0.0008830790341741476
2026-08-22 18:55:11 - train: epoch 68, iter:20, loss: 0.2791, lr: 0.0008830790341741476
2026-08-22 18:55:21 - train: epoch 68, iter:40, loss: 0.2853, lr: 0.0008830790341741476
2026-08-22 18:55:36 - val epoch: 68, loss: 0.3982
2026-08-22 18:55:39 - train: epoch 69, iter:0, loss: 0.3388, lr: 0.000879712552547619
2026-08-22 18:55:49 - train: epoch 69, iter:20, loss: 0.2667, lr: 0.000879712552547619
2026-08-22 18:55:59 - train: epoch 69, iter:40, loss: 0.2713, lr: 0.000879712552547619
2026-08-22 18:56:14 - val epoch: 69, loss: 0.3959
2026-08-22 18:56:17 - train: epoch 70, iter:0, loss: 0.2495, lr: 0.0008763049794670771
2026-08-22 18:56:27 - train: epoch 70, iter:20, loss: 0.2796, lr: 0.0008763049794670771
2026-08-22 18:56:36 - train: epoch 70, iter:40, loss: 0.2747, lr: 0.0008763049794670771
2026-08-22 18:56:52 - val epoch: 70, loss: 0.4128
2026-08-22 18:56:54 - train: epoch 71, iter:0, loss: 0.3228, lr: 0.0008728566886113098
2026-08-22 18:57:04 - train: epoch 71, iter:20, loss: 0.2795, lr: 0.0008728566886113098
2026-08-22 18:57:14 - train: epoch 71, iter:40, loss: 0.2770, lr: 0.0008728566886113098
2026-08-22 18:57:30 - val epoch: 71, loss: 0.3680
2026-08-22 18:57:32 - train: epoch 72, iter:0, loss: 0.2775, lr: 0.000869368058124268
2026-08-22 18:57:42 - train: epoch 72, iter:20, loss: 0.2787, lr: 0.000869368058124268
2026-08-22 18:57:52 - train: epoch 72, iter:40, loss: 0.2702, lr: 0.000869368058124268
2026-08-22 18:58:08 - val epoch: 72, loss: 0.4601
2026-08-22 18:58:10 - train: epoch 73, iter:0, loss: 0.2116, lr: 0.0008658394705735983
2026-08-22 18:58:20 - train: epoch 73, iter:20, loss: 0.2543, lr: 0.0008658394705735983
2026-08-22 18:58:30 - train: epoch 73, iter:40, loss: 0.2561, lr: 0.0008658394705735983
2026-08-22 18:58:46 - val epoch: 73, loss: 0.3929
2026-08-22 18:58:48 - train: epoch 74, iter:0, loss: 0.1874, lr: 0.0008622713129086888
2026-08-22 18:58:58 - train: epoch 74, iter:20, loss: 0.2612, lr: 0.0008622713129086888
2026-08-22 18:59:08 - train: epoch 74, iter:40, loss: 0.2522, lr: 0.0008622713129086888
2026-08-22 18:59:23 - val epoch: 74, loss: 0.3994
2026-08-22 18:59:25 - train: epoch 75, iter:0, loss: 0.3836, lr: 0.0008586639764182372
2026-08-22 18:59:35 - train: epoch 75, iter:20, loss: 0.2633, lr: 0.0008586639764182372
2026-08-22 18:59:45 - train: epoch 75, iter:40, loss: 0.2565, lr: 0.0008586639764182372
2026-08-22 19:00:01 - val epoch: 75, loss: 0.3998
2026-08-22 19:00:03 - train: epoch 76, iter:0, loss: 0.1939, lr: 0.0008550178566873405
2026-08-22 19:00:13 - train: epoch 76, iter:20, loss: 0.2737, lr: 0.0008550178566873405
2026-08-22 19:00:23 - train: epoch 76, iter:40, loss: 0.2666, lr: 0.0008550178566873405
2026-08-22 19:00:38 - val epoch: 76, loss: 0.4149
2026-08-22 19:00:41 - train: epoch 77, iter:0, loss: 0.2539, lr: 0.0008513333535541156
2026-08-22 19:00:50 - train: epoch 77, iter:20, loss: 0.2589, lr: 0.0008513333535541156
2026-08-22 19:01:00 - train: epoch 77, iter:40, loss: 0.2635, lr: 0.0008513333535541156
2026-08-22 19:01:16 - val epoch: 77, loss: 0.4078
2026-08-22 19:01:18 - train: epoch 78, iter:0, loss: 0.2433, lr: 0.0008476108710658509
2026-08-22 19:01:28 - train: epoch 78, iter:20, loss: 0.2617, lr: 0.0008476108710658509
2026-08-22 19:01:38 - train: epoch 78, iter:40, loss: 0.2549, lr: 0.0008476108710658509
2026-08-22 19:01:54 - val epoch: 78, loss: 0.4223
2026-08-22 19:01:56 - train: epoch 79, iter:0, loss: 0.2693, lr: 0.0008438508174347005
2026-08-22 19:02:06 - train: epoch 79, iter:20, loss: 0.2593, lr: 0.0008438508174347005
2026-08-22 19:02:16 - train: epoch 79, iter:40, loss: 0.2547, lr: 0.0008438508174347005
2026-08-22 19:02:31 - val epoch: 79, loss: 0.4201
2026-08-22 19:02:34 - train: epoch 80, iter:0, loss: 0.2858, lr: 0.0008400536049929166
2026-08-22 19:02:43 - train: epoch 80, iter:20, loss: 0.2629, lr: 0.0008400536049929166
2026-08-22 19:02:53 - train: epoch 80, iter:40, loss: 0.2733, lr: 0.0008400536049929166
2026-08-22 19:03:09 - val epoch: 80, loss: 0.3843
2026-08-22 19:03:11 - train: epoch 81, iter:0, loss: 0.2009, lr: 0.0008362196501476343
2026-08-22 19:03:21 - train: epoch 81, iter:20, loss: 0.2510, lr: 0.0008362196501476343
2026-08-22 19:03:31 - train: epoch 81, iter:40, loss: 0.2488, lr: 0.0008362196501476343
2026-08-22 19:03:47 - val epoch: 81, loss: 0.4464
2026-08-22 19:03:50 - train: epoch 82, iter:0, loss: 0.3303, lr: 0.0008323493733352072
2026-08-22 19:04:00 - train: epoch 82, iter:20, loss: 0.2527, lr: 0.0008323493733352072
2026-08-22 19:04:10 - train: epoch 82, iter:40, loss: 0.2490, lr: 0.0008323493733352072
2026-08-22 19:04:26 - val epoch: 82, loss: 0.3832
2026-08-22 19:04:29 - train: epoch 83, iter:0, loss: 0.2660, lr: 0.0008284431989751018
2026-08-22 19:04:39 - train: epoch 83, iter:20, loss: 0.2661, lr: 0.0008284431989751018
2026-08-22 19:04:49 - train: epoch 83, iter:40, loss: 0.2583, lr: 0.0008284431989751018
2026-08-22 19:05:04 - val epoch: 83, loss: 0.3518
2026-08-22 19:05:07 - train: epoch 84, iter:0, loss: 0.1937, lr: 0.000824501555423355
2026-08-22 19:05:16 - train: epoch 84, iter:20, loss: 0.2473, lr: 0.000824501555423355
2026-08-22 19:05:26 - train: epoch 84, iter:40, loss: 0.2559, lr: 0.000824501555423355
2026-08-22 19:05:42 - val epoch: 84, loss: 0.3668
2026-08-22 19:05:44 - train: epoch 85, iter:0, loss: 0.1981, lr: 0.0008205248749256009
2026-08-22 19:05:54 - train: epoch 85, iter:20, loss: 0.2445, lr: 0.0008205248749256009
2026-08-22 19:06:04 - train: epoch 85, iter:40, loss: 0.2574, lr: 0.0008205248749256009
2026-08-22 19:06:20 - val epoch: 85, loss: 0.3690
2026-08-22 19:06:22 - train: epoch 86, iter:0, loss: 0.2184, lr: 0.000816513593569669
2026-08-22 19:06:32 - train: epoch 86, iter:20, loss: 0.2631, lr: 0.000816513593569669
2026-08-22 19:06:42 - train: epoch 86, iter:40, loss: 0.2584, lr: 0.000816513593569669
2026-08-22 19:06:58 - val epoch: 86, loss: 0.3814
2026-08-22 19:07:01 - train: epoch 87, iter:0, loss: 0.3822, lr: 0.0008124681512377632
2026-08-22 19:07:11 - train: epoch 87, iter:20, loss: 0.2479, lr: 0.0008124681512377632
2026-08-22 19:07:21 - train: epoch 87, iter:40, loss: 0.2495, lr: 0.0008124681512377632
2026-08-22 19:07:37 - val epoch: 87, loss: 0.3916
2026-08-22 19:07:39 - train: epoch 88, iter:0, loss: 0.2153, lr: 0.000808388991558223
2026-08-22 19:07:49 - train: epoch 88, iter:20, loss: 0.2726, lr: 0.000808388991558223
2026-08-22 19:07:59 - train: epoch 88, iter:40, loss: 0.2693, lr: 0.000808388991558223
2026-08-22 19:08:14 - val epoch: 88, loss: 0.3822
2026-08-22 19:08:17 - train: epoch 89, iter:0, loss: 0.1862, lr: 0.0008042765618568752
2026-08-22 19:08:26 - train: epoch 89, iter:20, loss: 0.2407, lr: 0.0008042765618568752
2026-08-22 19:08:36 - train: epoch 89, iter:40, loss: 0.2443, lr: 0.0008042765618568752
2026-08-22 19:08:52 - val epoch: 89, loss: 0.3749
2026-08-22 19:08:54 - train: epoch 90, iter:0, loss: 0.2584, lr: 0.0008001313131079794
2026-08-22 19:09:04 - train: epoch 90, iter:20, loss: 0.2348, lr: 0.0008001313131079794
2026-08-22 19:09:14 - train: epoch 90, iter:40, loss: 0.2408, lr: 0.0008001313131079794
2026-08-22 19:09:36 - val epoch: 90, loss: 0.3698, miou: 0.7550226627794193, f1_or_dsc: 0.8604135761799159, accuracy: 0.9342924250234471, specificity: 0.9672162167970509, sensitivity: 0.831958515983944
2026-08-22 19:09:38 - train: epoch 91, iter:0, loss: 0.2746, lr: 0.0007959536998847737
2026-08-22 19:09:48 - train: epoch 91, iter:20, loss: 0.2406, lr: 0.0007959536998847737
2026-08-22 19:09:57 - train: epoch 91, iter:40, loss: 0.2383, lr: 0.0007959536998847737
2026-08-22 19:10:14 - val epoch: 91, loss: 0.3718
2026-08-22 19:10:17 - train: epoch 92, iter:0, loss: 0.3076, lr: 0.0007917441803096255
2026-08-22 19:10:26 - train: epoch 92, iter:20, loss: 0.2397, lr: 0.0007917441803096255
2026-08-22 19:10:36 - train: epoch 92, iter:40, loss: 0.2438, lr: 0.0007917441803096255
2026-08-22 19:10:52 - val epoch: 92, loss: 0.3977
2026-08-22 19:10:54 - train: epoch 93, iter:0, loss: 0.2518, lr: 0.0007875032160037932
2026-08-22 19:11:04 - train: epoch 93, iter:20, loss: 0.2538, lr: 0.0007875032160037932
2026-08-22 19:11:14 - train: epoch 93, iter:40, loss: 0.2498, lr: 0.0007875032160037932
2026-08-22 19:11:30 - val epoch: 93, loss: 0.3561
2026-08-22 19:11:32 - train: epoch 94, iter:0, loss: 0.3011, lr: 0.0007832312720368042
2026-08-22 19:11:42 - train: epoch 94, iter:20, loss: 0.2408, lr: 0.0007832312720368042
2026-08-22 19:11:52 - train: epoch 94, iter:40, loss: 0.2497, lr: 0.0007832312720368042
2026-08-22 19:12:08 - val epoch: 94, loss: 0.4083
2026-08-22 19:12:10 - train: epoch 95, iter:0, loss: 0.1692, lr: 0.0007789288168754548
2026-08-22 19:12:20 - train: epoch 95, iter:20, loss: 0.2317, lr: 0.0007789288168754548
2026-08-22 19:12:30 - train: epoch 95, iter:40, loss: 0.2412, lr: 0.0007789288168754548
2026-08-22 19:12:46 - val epoch: 95, loss: 0.3882
2026-08-22 19:12:49 - train: epoch 96, iter:0, loss: 0.2327, lr: 0.0007745963223324379
2026-08-22 19:12:59 - train: epoch 96, iter:20, loss: 0.2275, lr: 0.0007745963223324379
2026-08-22 19:13:09 - train: epoch 96, iter:40, loss: 0.2227, lr: 0.0007745963223324379
2026-08-22 19:13:24 - val epoch: 96, loss: 0.3706
2026-08-22 19:13:27 - train: epoch 97, iter:0, loss: 0.1530, lr: 0.0007702342635146028
2026-08-22 19:13:37 - train: epoch 97, iter:20, loss: 0.2351, lr: 0.0007702342635146028
2026-08-22 19:13:46 - train: epoch 97, iter:40, loss: 0.2319, lr: 0.0007702342635146028
2026-08-22 19:14:03 - val epoch: 97, loss: 0.3653
2026-08-22 19:14:05 - train: epoch 98, iter:0, loss: 0.2070, lr: 0.000765843118770855
2026-08-22 19:14:15 - train: epoch 98, iter:20, loss: 0.2515, lr: 0.000765843118770855
2026-08-22 19:14:25 - train: epoch 98, iter:40, loss: 0.2455, lr: 0.000765843118770855
2026-08-22 19:14:41 - val epoch: 98, loss: 0.3581
2026-08-22 19:14:43 - train: epoch 99, iter:0, loss: 0.2606, lr: 0.0007614233696396991
2026-08-22 19:14:53 - train: epoch 99, iter:20, loss: 0.2472, lr: 0.0007614233696396991
2026-08-22 19:15:03 - train: epoch 99, iter:40, loss: 0.2373, lr: 0.0007614233696396991
2026-08-22 19:15:19 - val epoch: 99, loss: 0.3970
2026-08-22 19:15:21 - train: epoch 100, iter:0, loss: 0.1299, lr: 0.0007569755007964334
2026-08-22 19:15:31 - train: epoch 100, iter:20, loss: 0.2239, lr: 0.0007569755007964334
2026-08-22 19:15:41 - train: epoch 100, iter:40, loss: 0.2327, lr: 0.0007569755007964334
2026-08-22 19:15:57 - val epoch: 100, loss: 0.3581
2026-08-22 19:16:00 - train: epoch 101, iter:0, loss: 0.2295, lr: 0.0007524999999999996
2026-08-22 19:16:10 - train: epoch 101, iter:20, loss: 0.2500, lr: 0.0007524999999999996
2026-08-22 19:16:20 - train: epoch 101, iter:40, loss: 0.2457, lr: 0.0007524999999999996
2026-08-22 19:16:35 - val epoch: 101, loss: 0.4163
2026-08-22 19:16:38 - train: epoch 102, iter:0, loss: 0.3130, lr: 0.0007479973580394943
2026-08-22 19:16:48 - train: epoch 102, iter:20, loss: 0.2475, lr: 0.0007479973580394943
2026-08-22 19:16:58 - train: epoch 102, iter:40, loss: 0.2335, lr: 0.0007479973580394943
2026-08-22 19:17:14 - val epoch: 102, loss: 0.3666
2026-08-22 19:17:17 - train: epoch 103, iter:0, loss: 0.2073, lr: 0.0007434680686803487
2026-08-22 19:17:26 - train: epoch 103, iter:20, loss: 0.2358, lr: 0.0007434680686803487
2026-08-22 19:17:36 - train: epoch 103, iter:40, loss: 0.2339, lr: 0.0007434680686803487
2026-08-22 19:17:52 - val epoch: 103, loss: 0.4229
2026-08-22 19:17:55 - train: epoch 104, iter:0, loss: 0.2515, lr: 0.0007389126286101815
2026-08-22 19:18:05 - train: epoch 104, iter:20, loss: 0.2248, lr: 0.0007389126286101815
2026-08-22 19:18:15 - train: epoch 104, iter:40, loss: 0.2328, lr: 0.0007389126286101815
2026-08-22 19:18:31 - val epoch: 104, loss: 0.4126
2026-08-22 19:18:34 - train: epoch 105, iter:0, loss: 0.1716, lr: 0.0007343315373843313
2026-08-22 19:18:43 - train: epoch 105, iter:20, loss: 0.2696, lr: 0.0007343315373843313
2026-08-22 19:18:53 - train: epoch 105, iter:40, loss: 0.2458, lr: 0.0007343315373843313
2026-08-22 19:19:09 - val epoch: 105, loss: 0.3779
2026-08-22 19:19:12 - train: epoch 106, iter:0, loss: 0.2009, lr: 0.0007297252973710753
2026-08-22 19:19:22 - train: epoch 106, iter:20, loss: 0.2198, lr: 0.0007297252973710753
2026-08-22 19:19:32 - train: epoch 106, iter:40, loss: 0.2334, lr: 0.0007297252973710753
2026-08-22 19:19:47 - val epoch: 106, loss: 0.3801
2026-08-22 19:19:50 - train: epoch 107, iter:0, loss: 0.2793, lr: 0.0007250944136965387
2026-08-22 19:20:00 - train: epoch 107, iter:20, loss: 0.2395, lr: 0.0007250944136965387
2026-08-22 19:20:10 - train: epoch 107, iter:40, loss: 0.2322, lr: 0.0007250944136965387
2026-08-22 19:20:26 - val epoch: 107, loss: 0.3645
2026-08-22 19:20:28 - train: epoch 108, iter:0, loss: 0.2682, lr: 0.0007204393941893019
2026-08-22 19:20:38 - train: epoch 108, iter:20, loss: 0.2320, lr: 0.0007204393941893019
2026-08-22 19:20:48 - train: epoch 108, iter:40, loss: 0.2344, lr: 0.0007204393941893019
2026-08-22 19:21:04 - val epoch: 108, loss: 0.3944
2026-08-22 19:21:07 - train: epoch 109, iter:0, loss: 0.2843, lr: 0.0007157607493247106
2026-08-22 19:21:17 - train: epoch 109, iter:20, loss: 0.2373, lr: 0.0007157607493247106
2026-08-22 19:21:26 - train: epoch 109, iter:40, loss: 0.2295, lr: 0.0007157607493247106
2026-08-22 19:21:42 - val epoch: 109, loss: 0.3766
2026-08-22 19:21:45 - train: epoch 110, iter:0, loss: 0.2268, lr: 0.0007110589921688983
2026-08-22 19:21:54 - train: epoch 110, iter:20, loss: 0.2208, lr: 0.0007110589921688983
2026-08-22 19:22:04 - train: epoch 110, iter:40, loss: 0.2292, lr: 0.0007110589921688983
2026-08-22 19:22:20 - val epoch: 110, loss: 0.3661
2026-08-22 19:22:23 - train: epoch 111, iter:0, loss: 0.1622, lr: 0.0007063346383225208
2026-08-22 19:22:33 - train: epoch 111, iter:20, loss: 0.2127, lr: 0.0007063346383225208
2026-08-22 19:22:43 - train: epoch 111, iter:40, loss: 0.2126, lr: 0.0007063346383225208
2026-08-22 19:22:59 - val epoch: 111, loss: 0.3759
2026-08-22 19:23:02 - train: epoch 112, iter:0, loss: 0.1674, lr: 0.0007015882058642161
2026-08-22 19:23:12 - train: epoch 112, iter:20, loss: 0.2269, lr: 0.0007015882058642161
2026-08-22 19:23:22 - train: epoch 112, iter:40, loss: 0.2232, lr: 0.0007015882058642161
2026-08-22 19:23:38 - val epoch: 112, loss: 0.3887
2026-08-22 19:23:40 - train: epoch 113, iter:0, loss: 0.2376, lr: 0.0006968202152937907
2026-08-22 19:23:50 - train: epoch 113, iter:20, loss: 0.2187, lr: 0.0006968202152937907
2026-08-22 19:24:00 - train: epoch 113, iter:40, loss: 0.2216, lr: 0.0006968202152937907
2026-08-22 19:24:16 - val epoch: 113, loss: 0.3774
2026-08-22 19:24:19 - train: epoch 114, iter:0, loss: 0.1940, lr: 0.000692031189475141
2026-08-22 19:24:28 - train: epoch 114, iter:20, loss: 0.2338, lr: 0.000692031189475141
2026-08-22 19:24:38 - train: epoch 114, iter:40, loss: 0.2334, lr: 0.000692031189475141
2026-08-22 19:24:54 - val epoch: 114, loss: 0.4020
2026-08-22 19:24:56 - train: epoch 115, iter:0, loss: 0.1943, lr: 0.0006872216535789155
2026-08-22 19:25:06 - train: epoch 115, iter:20, loss: 0.2266, lr: 0.0006872216535789155
2026-08-22 19:25:16 - train: epoch 115, iter:40, loss: 0.2265, lr: 0.0006872216535789155
2026-08-22 19:25:32 - val epoch: 115, loss: 0.3625
2026-08-22 19:25:34 - train: epoch 116, iter:0, loss: 0.1694, lr: 0.0006823921350249233
2026-08-22 19:25:44 - train: epoch 116, iter:20, loss: 0.2048, lr: 0.0006823921350249233
2026-08-22 19:25:54 - train: epoch 116, iter:40, loss: 0.2189, lr: 0.0006823921350249233
2026-08-22 19:26:10 - val epoch: 116, loss: 0.3649
2026-08-22 19:26:13 - train: epoch 117, iter:0, loss: 0.2056, lr: 0.0006775431634242984
2026-08-22 19:26:23 - train: epoch 117, iter:20, loss: 0.2278, lr: 0.0006775431634242984
2026-08-22 19:26:33 - train: epoch 117, iter:40, loss: 0.2231, lr: 0.0006775431634242984
2026-08-22 19:26:49 - val epoch: 117, loss: 0.3925
2026-08-22 19:26:51 - train: epoch 118, iter:0, loss: 0.1926, lr: 0.0006726752705214191
2026-08-22 19:27:01 - train: epoch 118, iter:20, loss: 0.2147, lr: 0.0006726752705214191
2026-08-22 19:27:11 - train: epoch 118, iter:40, loss: 0.2176, lr: 0.0006726752705214191
2026-08-22 19:27:27 - val epoch: 118, loss: 0.4061
2026-08-22 19:27:30 - train: epoch 119, iter:0, loss: 0.2758, lr: 0.0006677889901355985
2026-08-22 19:27:40 - train: epoch 119, iter:20, loss: 0.2096, lr: 0.0006677889901355985
2026-08-22 19:27:49 - train: epoch 119, iter:40, loss: 0.2195, lr: 0.0006677889901355985
2026-08-22 19:28:05 - val epoch: 119, loss: 0.4061
2026-08-22 19:28:08 - train: epoch 120, iter:0, loss: 0.2727, lr: 0.0006628848581025445
2026-08-22 19:28:18 - train: epoch 120, iter:20, loss: 0.2140, lr: 0.0006628848581025445
2026-08-22 19:28:28 - train: epoch 120, iter:40, loss: 0.2187, lr: 0.0006628848581025445
2026-08-22 19:28:48 - val epoch: 120, loss: 0.3821, miou: 0.7397515284070012, f1_or_dsc: 0.850410551539337, accuracy: 0.9284037410622776, specificity: 0.9581117195036669, sensitivity: 0.8360652405495256
2026-08-22 19:28:51 - train: epoch 121, iter:0, loss: 0.2522, lr: 0.0006579634122155989
2026-08-22 19:29:01 - train: epoch 121, iter:20, loss: 0.2179, lr: 0.0006579634122155989
2026-08-22 19:29:11 - train: epoch 121, iter:40, loss: 0.2213, lr: 0.0006579634122155989
2026-08-22 19:29:27 - val epoch: 121, loss: 0.3840
2026-08-22 19:29:30 - train: epoch 122, iter:0, loss: 0.2450, lr: 0.0006530251921667629
2026-08-22 19:29:40 - train: epoch 122, iter:20, loss: 0.2210, lr: 0.0006530251921667629
2026-08-22 19:29:50 - train: epoch 122, iter:40, loss: 0.2228, lr: 0.0006530251921667629
2026-08-22 19:30:06 - val epoch: 122, loss: 0.3656
2026-08-22 19:30:09 - train: epoch 123, iter:0, loss: 0.2342, lr: 0.0006480707394875134
2026-08-22 19:30:19 - train: epoch 123, iter:20, loss: 0.2176, lr: 0.0006480707394875134
2026-08-22 19:30:29 - train: epoch 123, iter:40, loss: 0.2109, lr: 0.0006480707394875134
2026-08-22 19:30:44 - val epoch: 123, loss: 0.3566
2026-08-22 19:30:47 - train: epoch 124, iter:0, loss: 0.2108, lr: 0.0006431005974894185
2026-08-22 19:30:57 - train: epoch 124, iter:20, loss: 0.2182, lr: 0.0006431005974894185
2026-08-22 19:31:07 - train: epoch 124, iter:40, loss: 0.2156, lr: 0.0006431005974894185
2026-08-22 19:31:23 - val epoch: 124, loss: 0.3686
2026-08-22 19:31:26 - train: epoch 125, iter:0, loss: 0.1436, lr: 0.0006381153112045565
2026-08-22 19:31:36 - train: epoch 125, iter:20, loss: 0.2062, lr: 0.0006381153112045565
2026-08-22 19:31:45 - train: epoch 125, iter:40, loss: 0.2144, lr: 0.0006381153112045565
2026-08-22 19:32:01 - val epoch: 125, loss: 0.3663
2026-08-22 19:32:04 - train: epoch 126, iter:0, loss: 0.1915, lr: 0.0006331154273257479
2026-08-22 19:32:13 - train: epoch 126, iter:20, loss: 0.2032, lr: 0.0006331154273257479
2026-08-22 19:32:23 - train: epoch 126, iter:40, loss: 0.2123, lr: 0.0006331154273257479
2026-08-22 19:32:39 - val epoch: 126, loss: 0.3860
2026-08-22 19:32:42 - train: epoch 127, iter:0, loss: 0.2059, lr: 0.000628101494146603
2026-08-22 19:32:52 - train: epoch 127, iter:20, loss: 0.2097, lr: 0.000628101494146603
2026-08-22 19:33:02 - train: epoch 127, iter:40, loss: 0.2229, lr: 0.000628101494146603
2026-08-22 19:33:18 - val epoch: 127, loss: 0.3674
2026-08-22 19:33:21 - train: epoch 128, iter:0, loss: 0.2287, lr: 0.0006230740615013976
2026-08-22 19:33:31 - train: epoch 128, iter:20, loss: 0.2065, lr: 0.0006230740615013976
2026-08-22 19:33:41 - train: epoch 128, iter:40, loss: 0.2120, lr: 0.0006230740615013976
2026-08-22 19:33:57 - val epoch: 128, loss: 0.3750
2026-08-22 19:33:59 - train: epoch 129, iter:0, loss: 0.1765, lr: 0.0006180336807047746
2026-08-22 19:34:09 - train: epoch 129, iter:20, loss: 0.2137, lr: 0.0006180336807047746
2026-08-22 19:34:19 - train: epoch 129, iter:40, loss: 0.2183, lr: 0.0006180336807047746
2026-08-22 19:34:35 - val epoch: 129, loss: 0.3864
2026-08-22 19:34:38 - train: epoch 130, iter:0, loss: 0.1526, lr: 0.0006129809044912887
2026-08-22 19:34:48 - train: epoch 130, iter:20, loss: 0.2079, lr: 0.0006129809044912887
2026-08-22 19:34:57 - train: epoch 130, iter:40, loss: 0.2128, lr: 0.0006129809044912887
2026-08-22 19:35:13 - val epoch: 130, loss: 0.3762
2026-08-22 19:35:16 - train: epoch 131, iter:0, loss: 0.1771, lr: 0.0006079162869547909
2026-08-22 19:35:26 - train: epoch 131, iter:20, loss: 0.2063, lr: 0.0006079162869547909
2026-08-22 19:35:35 - train: epoch 131, iter:40, loss: 0.2052, lr: 0.0006079162869547909
2026-08-22 19:35:51 - val epoch: 131, loss: 0.3676
2026-08-22 19:35:53 - train: epoch 132, iter:0, loss: 0.1875, lr: 0.0006028403834876673
2026-08-22 19:36:03 - train: epoch 132, iter:20, loss: 0.2003, lr: 0.0006028403834876673
2026-08-22 19:36:13 - train: epoch 132, iter:40, loss: 0.2031, lr: 0.0006028403834876673
2026-08-22 19:36:29 - val epoch: 132, loss: 0.3561
2026-08-22 19:36:32 - train: epoch 133, iter:0, loss: 0.1672, lr: 0.0005977537507199337
2026-08-22 19:36:42 - train: epoch 133, iter:20, loss: 0.1992, lr: 0.0005977537507199337
2026-08-22 19:36:51 - train: epoch 133, iter:40, loss: 0.2066, lr: 0.0005977537507199337
2026-08-22 19:37:07 - val epoch: 133, loss: 0.3648
2026-08-22 19:37:10 - train: epoch 134, iter:0, loss: 0.2395, lr: 0.0005926569464581937
2026-08-22 19:37:20 - train: epoch 134, iter:20, loss: 0.1954, lr: 0.0005926569464581937
2026-08-22 19:37:30 - train: epoch 134, iter:40, loss: 0.2085, lr: 0.0005926569464581937
2026-08-22 19:37:45 - val epoch: 134, loss: 0.3912
2026-08-22 19:37:48 - train: epoch 135, iter:0, loss: 0.1766, lr: 0.0005875505296244705
2026-08-22 19:37:58 - train: epoch 135, iter:20, loss: 0.2134, lr: 0.0005875505296244705
2026-08-22 19:38:08 - train: epoch 135, iter:40, loss: 0.2093, lr: 0.0005875505296244705
2026-08-22 19:38:23 - val epoch: 135, loss: 0.3780
2026-08-22 19:38:26 - train: epoch 136, iter:0, loss: 0.1871, lr: 0.0005824350601949142
2026-08-22 19:38:36 - train: epoch 136, iter:20, loss: 0.1930, lr: 0.0005824350601949142
2026-08-22 19:38:46 - train: epoch 136, iter:40, loss: 0.2024, lr: 0.0005824350601949142
2026-08-22 19:39:01 - val epoch: 136, loss: 0.4023
2026-08-22 19:39:04 - train: epoch 137, iter:0, loss: 0.2358, lr: 0.0005773110991383937
2026-08-22 19:39:14 - train: epoch 137, iter:20, loss: 0.2080, lr: 0.0005773110991383937
2026-08-22 19:39:24 - train: epoch 137, iter:40, loss: 0.2070, lr: 0.0005773110991383937
2026-08-22 19:39:39 - val epoch: 137, loss: 0.4144
2026-08-22 19:39:42 - train: epoch 138, iter:0, loss: 0.1531, lr: 0.0005721792083549806
2026-08-22 19:39:52 - train: epoch 138, iter:20, loss: 0.2067, lr: 0.0005721792083549806
2026-08-22 19:40:01 - train: epoch 138, iter:40, loss: 0.2015, lr: 0.0005721792083549806
2026-08-22 19:40:17 - val epoch: 138, loss: 0.3491
2026-08-22 19:40:20 - train: epoch 139, iter:0, loss: 0.2688, lr: 0.0005670399506143306
2026-08-22 19:40:30 - train: epoch 139, iter:20, loss: 0.1942, lr: 0.0005670399506143306
2026-08-22 19:40:40 - train: epoch 139, iter:40, loss: 0.1935, lr: 0.0005670399506143306
2026-08-22 19:40:56 - val epoch: 139, loss: 0.3677
2026-08-22 19:40:58 - train: epoch 140, iter:0, loss: 0.2041, lr: 0.000561893889493969
2026-08-22 19:41:08 - train: epoch 140, iter:20, loss: 0.2121, lr: 0.000561893889493969
2026-08-22 19:41:18 - train: epoch 140, iter:40, loss: 0.2134, lr: 0.000561893889493969
2026-08-22 19:41:34 - val epoch: 140, loss: 0.3833
2026-08-22 19:41:36 - train: epoch 141, iter:0, loss: 0.2661, lr: 0.0005567415893174885
2026-08-22 19:41:46 - train: epoch 141, iter:20, loss: 0.2014, lr: 0.0005567415893174885
2026-08-22 19:41:56 - train: epoch 141, iter:40, loss: 0.2043, lr: 0.0005567415893174885
2026-08-22 19:42:12 - val epoch: 141, loss: 0.3612
2026-08-22 19:42:14 - train: epoch 142, iter:0, loss: 0.2151, lr: 0.0005515836150926646
2026-08-22 19:42:24 - train: epoch 142, iter:20, loss: 0.1986, lr: 0.0005515836150926646
2026-08-22 19:42:34 - train: epoch 142, iter:40, loss: 0.1978, lr: 0.0005515836150926646
2026-08-22 19:42:50 - val epoch: 142, loss: 0.3786
2026-08-22 19:42:52 - train: epoch 143, iter:0, loss: 0.2138, lr: 0.0005464205324494961
2026-08-22 19:43:02 - train: epoch 143, iter:20, loss: 0.1961, lr: 0.0005464205324494961
2026-08-22 19:43:12 - train: epoch 143, iter:40, loss: 0.1936, lr: 0.0005464205324494961
2026-08-22 19:43:28 - val epoch: 143, loss: 0.3787
2026-08-22 19:43:30 - train: epoch 144, iter:0, loss: 0.1650, lr: 0.0005412529075781776
2026-08-22 19:43:40 - train: epoch 144, iter:20, loss: 0.2106, lr: 0.0005412529075781776
2026-08-22 19:43:50 - train: epoch 144, iter:40, loss: 0.2056, lr: 0.0005412529075781776
2026-08-22 19:44:06 - val epoch: 144, loss: 0.3850
2026-08-22 19:44:08 - train: epoch 145, iter:0, loss: 0.1431, lr: 0.0005360813071670101
2026-08-22 19:44:18 - train: epoch 145, iter:20, loss: 0.1954, lr: 0.0005360813071670101
2026-08-22 19:44:28 - train: epoch 145, iter:40, loss: 0.1964, lr: 0.0005360813071670101
2026-08-22 19:44:43 - val epoch: 145, loss: 0.3704
2026-08-22 19:44:46 - train: epoch 146, iter:0, loss: 0.1872, lr: 0.0005309062983402573
2026-08-22 19:44:56 - train: epoch 146, iter:20, loss: 0.1956, lr: 0.0005309062983402573
2026-08-22 19:45:06 - train: epoch 146, iter:40, loss: 0.1975, lr: 0.0005309062983402573
2026-08-22 19:45:22 - val epoch: 146, loss: 0.3635
2026-08-22 19:45:24 - train: epoch 147, iter:0, loss: 0.1972, lr: 0.0005257284485959538
2026-08-22 19:45:34 - train: epoch 147, iter:20, loss: 0.1971, lr: 0.0005257284485959538
2026-08-22 19:45:44 - train: epoch 147, iter:40, loss: 0.1948, lr: 0.0005257284485959538
2026-08-22 19:46:00 - val epoch: 147, loss: 0.3756
2026-08-22 19:46:03 - train: epoch 148, iter:0, loss: 0.1721, lr: 0.0005205483257436734
2026-08-22 19:46:13 - train: epoch 148, iter:20, loss: 0.1825, lr: 0.0005205483257436734
2026-08-22 19:46:23 - train: epoch 148, iter:40, loss: 0.1935, lr: 0.0005205483257436734
2026-08-22 19:46:38 - val epoch: 148, loss: 0.3726
2026-08-22 19:46:41 - train: epoch 149, iter:0, loss: 0.1568, lr: 0.0005153664978422616
2026-08-22 19:46:51 - train: epoch 149, iter:20, loss: 0.2047, lr: 0.0005153664978422616
2026-08-22 19:47:00 - train: epoch 149, iter:40, loss: 0.1988, lr: 0.0005153664978422616
2026-08-22 19:47:16 - val epoch: 149, loss: 0.3847
2026-08-22 19:47:19 - train: epoch 150, iter:0, loss: 0.1272, lr: 0.0005101835331375416
2026-08-22 19:47:29 - train: epoch 150, iter:20, loss: 0.1912, lr: 0.0005101835331375416
2026-08-22 19:47:38 - train: epoch 150, iter:40, loss: 0.1920, lr: 0.0005101835331375416
2026-08-22 19:47:59 - val epoch: 150, loss: 0.4150, miou: 0.7299685169863774, f1_or_dsc: 0.8439095969884931, accuracy: 0.9202437259183072, specificity: 0.9313442608367413, sensitivity: 0.8857409827821534
2026-08-22 19:48:02 - train: epoch 151, iter:0, loss: 0.1551, lr: 0.0005049999999999999
2026-08-22 19:48:11 - train: epoch 151, iter:20, loss: 0.1801, lr: 0.0005049999999999999
2026-08-22 19:48:21 - train: epoch 151, iter:40, loss: 0.1836, lr: 0.0005049999999999999
2026-08-22 19:48:37 - val epoch: 151, loss: 0.3826
2026-08-22 19:48:40 - train: epoch 152, iter:0, loss: 0.1580, lr: 0.0004998164668624582
2026-08-22 19:48:50 - train: epoch 152, iter:20, loss: 0.1883, lr: 0.0004998164668624582
2026-08-22 19:49:00 - train: epoch 152, iter:40, loss: 0.1970, lr: 0.0004998164668624582
2026-08-22 19:49:15 - val epoch: 152, loss: 0.4064
2026-08-22 19:49:18 - train: epoch 153, iter:0, loss: 0.2804, lr: 0.0004946335021577383
2026-08-22 19:49:28 - train: epoch 153, iter:20, loss: 0.2005, lr: 0.0004946335021577383
2026-08-22 19:49:38 - train: epoch 153, iter:40, loss: 0.1973, lr: 0.0004946335021577383
2026-08-22 19:49:53 - val epoch: 153, loss: 0.3660
2026-08-22 19:49:56 - train: epoch 154, iter:0, loss: 0.1569, lr: 0.0004894516742563263
2026-08-22 19:50:05 - train: epoch 154, iter:20, loss: 0.1725, lr: 0.0004894516742563263
2026-08-22 19:50:15 - train: epoch 154, iter:40, loss: 0.1837, lr: 0.0004894516742563263
2026-08-22 19:50:31 - val epoch: 154, loss: 0.3654
2026-08-22 19:50:33 - train: epoch 155, iter:0, loss: 0.1581, lr: 0.000484271551404046
2026-08-22 19:50:43 - train: epoch 155, iter:20, loss: 0.1849, lr: 0.000484271551404046
2026-08-22 19:50:53 - train: epoch 155, iter:40, loss: 0.1892, lr: 0.000484271551404046
2026-08-22 19:51:09 - val epoch: 155, loss: 0.3866
2026-08-22 19:51:11 - train: epoch 156, iter:0, loss: 0.1847, lr: 0.0004790937016597426
2026-08-22 19:51:21 - train: epoch 156, iter:20, loss: 0.1879, lr: 0.0004790937016597426
2026-08-22 19:51:31 - train: epoch 156, iter:40, loss: 0.1941, lr: 0.0004790937016597426
2026-08-22 19:51:46 - val epoch: 156, loss: 0.3884
2026-08-22 19:51:49 - train: epoch 157, iter:0, loss: 0.1873, lr: 0.0004739186928329898
2026-08-22 19:51:59 - train: epoch 157, iter:20, loss: 0.2023, lr: 0.0004739186928329898
2026-08-22 19:52:08 - train: epoch 157, iter:40, loss: 0.1925, lr: 0.0004739186928329898
2026-08-22 19:52:24 - val epoch: 157, loss: 0.3848
2026-08-22 19:52:26 - train: epoch 158, iter:0, loss: 0.2384, lr: 0.0004687470924218222
2026-08-22 19:52:36 - train: epoch 158, iter:20, loss: 0.1964, lr: 0.0004687470924218222
2026-08-22 19:52:46 - train: epoch 158, iter:40, loss: 0.1918, lr: 0.0004687470924218222
2026-08-22 19:53:02 - val epoch: 158, loss: 0.3809
2026-08-22 19:53:04 - train: epoch 159, iter:0, loss: 0.1778, lr: 0.00046357946755050356
2026-08-22 19:53:14 - train: epoch 159, iter:20, loss: 0.1926, lr: 0.00046357946755050356
2026-08-22 19:53:24 - train: epoch 159, iter:40, loss: 0.1873, lr: 0.00046357946755050356
2026-08-22 19:53:39 - val epoch: 159, loss: 0.4167
2026-08-22 19:53:42 - train: epoch 160, iter:0, loss: 0.2170, lr: 0.00045841638490733513
2026-08-22 19:53:52 - train: epoch 160, iter:20, loss: 0.1936, lr: 0.00045841638490733513
2026-08-22 19:54:01 - train: epoch 160, iter:40, loss: 0.1889, lr: 0.00045841638490733513
2026-08-22 19:54:17 - val epoch: 160, loss: 0.3894
2026-08-22 19:54:19 - train: epoch 161, iter:0, loss: 0.1572, lr: 0.00045325841068251133
2026-08-22 19:54:29 - train: epoch 161, iter:20, loss: 0.1855, lr: 0.00045325841068251133
2026-08-22 19:54:39 - train: epoch 161, iter:40, loss: 0.1861, lr: 0.00045325841068251133
2026-08-22 19:54:55 - val epoch: 161, loss: 0.4169
2026-08-22 19:54:57 - train: epoch 162, iter:0, loss: 0.1857, lr: 0.0004481061105060308
2026-08-22 19:55:07 - train: epoch 162, iter:20, loss: 0.1885, lr: 0.0004481061105060308
2026-08-22 19:55:17 - train: epoch 162, iter:40, loss: 0.1830, lr: 0.0004481061105060308
2026-08-22 19:55:33 - val epoch: 162, loss: 0.3641
2026-08-22 19:55:35 - train: epoch 163, iter:0, loss: 0.2024, lr: 0.0004429600493856691
2026-08-22 19:55:45 - train: epoch 163, iter:20, loss: 0.1815, lr: 0.0004429600493856691
2026-08-22 19:55:55 - train: epoch 163, iter:40, loss: 0.1808, lr: 0.0004429600493856691
2026-08-22 19:56:10 - val epoch: 163, loss: 0.4058
2026-08-22 19:56:13 - train: epoch 164, iter:0, loss: 0.2047, lr: 0.000437820791645019
2026-08-22 19:56:23 - train: epoch 164, iter:20, loss: 0.1896, lr: 0.000437820791645019
2026-08-22 19:56:33 - train: epoch 164, iter:40, loss: 0.1851, lr: 0.000437820791645019
2026-08-22 19:56:48 - val epoch: 164, loss: 0.3983
2026-08-22 19:56:50 - train: epoch 165, iter:0, loss: 0.2289, lr: 0.00043268890086160604
2026-08-22 19:57:00 - train: epoch 165, iter:20, loss: 0.1877, lr: 0.00043268890086160604
2026-08-22 19:57:10 - train: epoch 165, iter:40, loss: 0.1845, lr: 0.00043268890086160604
2026-08-22 19:57:26 - val epoch: 165, loss: 0.3689
2026-08-22 19:57:28 - train: epoch 166, iter:0, loss: 0.2233, lr: 0.0004275649398050855
2026-08-22 19:57:38 - train: epoch 166, iter:20, loss: 0.1791, lr: 0.0004275649398050855
2026-08-22 19:57:48 - train: epoch 166, iter:40, loss: 0.1794, lr: 0.0004275649398050855
2026-08-22 19:58:04 - val epoch: 166, loss: 0.3756
2026-08-22 19:58:06 - train: epoch 167, iter:0, loss: 0.1710, lr: 0.0004224494703755289
2026-08-22 19:58:16 - train: epoch 167, iter:20, loss: 0.1818, lr: 0.0004224494703755289
2026-08-22 19:58:26 - train: epoch 167, iter:40, loss: 0.1869, lr: 0.0004224494703755289
2026-08-22 19:58:42 - val epoch: 167, loss: 0.3780
2026-08-22 19:58:44 - train: epoch 168, iter:0, loss: 0.1588, lr: 0.00041734305354180595
2026-08-22 19:58:54 - train: epoch 168, iter:20, loss: 0.1880, lr: 0.00041734305354180595
2026-08-22 19:59:04 - train: epoch 168, iter:40, loss: 0.1840, lr: 0.00041734305354180595
2026-08-22 19:59:19 - val epoch: 168, loss: 0.4114
2026-08-22 19:59:21 - train: epoch 169, iter:0, loss: 0.2161, lr: 0.000412246249280066
2026-08-22 19:59:31 - train: epoch 169, iter:20, loss: 0.1789, lr: 0.000412246249280066
2026-08-22 19:59:41 - train: epoch 169, iter:40, loss: 0.1752, lr: 0.000412246249280066
2026-08-22 19:59:57 - val epoch: 169, loss: 0.3852
2026-08-22 19:59:59 - train: epoch 170, iter:0, loss: 0.1996, lr: 0.0004071596165123322
2026-08-22 20:00:09 - train: epoch 170, iter:20, loss: 0.1754, lr: 0.0004071596165123322
2026-08-22 20:00:19 - train: epoch 170, iter:40, loss: 0.1805, lr: 0.0004071596165123322
2026-08-22 20:00:35 - val epoch: 170, loss: 0.3942
2026-08-22 20:00:37 - train: epoch 171, iter:0, loss: 0.1537, lr: 0.0004020837130452088
2026-08-22 20:00:47 - train: epoch 171, iter:20, loss: 0.1815, lr: 0.0004020837130452088
2026-08-22 20:00:56 - train: epoch 171, iter:40, loss: 0.1771, lr: 0.0004020837130452088
2026-08-22 20:01:12 - val epoch: 171, loss: 0.3784
2026-08-22 20:01:15 - train: epoch 172, iter:0, loss: 0.1559, lr: 0.00039701909550871116
2026-08-22 20:01:24 - train: epoch 172, iter:20, loss: 0.1687, lr: 0.00039701909550871116
2026-08-22 20:01:34 - train: epoch 172, iter:40, loss: 0.1763, lr: 0.00039701909550871116
2026-08-22 20:01:50 - val epoch: 172, loss: 0.3782
2026-08-22 20:01:52 - train: epoch 173, iter:0, loss: 0.1541, lr: 0.0003919663192952252
2026-08-22 20:02:02 - train: epoch 173, iter:20, loss: 0.1661, lr: 0.0003919663192952252
2026-08-22 20:02:12 - train: epoch 173, iter:40, loss: 0.1721, lr: 0.0003919663192952252
2026-08-22 20:02:28 - val epoch: 173, loss: 0.4034
2026-08-22 20:02:30 - train: epoch 174, iter:0, loss: 0.1618, lr: 0.0003869259384986023
2026-08-22 20:02:40 - train: epoch 174, iter:20, loss: 0.1759, lr: 0.0003869259384986023
2026-08-22 20:02:50 - train: epoch 174, iter:40, loss: 0.1777, lr: 0.0003869259384986023
2026-08-22 20:03:05 - val epoch: 174, loss: 0.3766
2026-08-22 20:03:08 - train: epoch 175, iter:0, loss: 0.1259, lr: 0.0003818985058533967
2026-08-22 20:03:18 - train: epoch 175, iter:20, loss: 0.1663, lr: 0.0003818985058533967
2026-08-22 20:03:28 - train: epoch 175, iter:40, loss: 0.1716, lr: 0.0003818985058533967
2026-08-22 20:03:43 - val epoch: 175, loss: 0.4011
2026-08-22 20:03:46 - train: epoch 176, iter:0, loss: 0.2030, lr: 0.00037688457267425206
2026-08-22 20:03:55 - train: epoch 176, iter:20, loss: 0.1693, lr: 0.00037688457267425206
2026-08-22 20:04:05 - train: epoch 176, iter:40, loss: 0.1744, lr: 0.00037688457267425206
2026-08-22 20:04:21 - val epoch: 176, loss: 0.3997
2026-08-22 20:04:23 - train: epoch 177, iter:0, loss: 0.1437, lr: 0.0003718846887954434
2026-08-22 20:04:33 - train: epoch 177, iter:20, loss: 0.1629, lr: 0.0003718846887954434
2026-08-22 20:04:43 - train: epoch 177, iter:40, loss: 0.1669, lr: 0.0003718846887954434
2026-08-22 20:04:59 - val epoch: 177, loss: 0.3853
2026-08-22 20:05:01 - train: epoch 178, iter:0, loss: 0.1535, lr: 0.0003668994025105812
2026-08-22 20:05:11 - train: epoch 178, iter:20, loss: 0.1780, lr: 0.0003668994025105812
2026-08-22 20:05:21 - train: epoch 178, iter:40, loss: 0.1755, lr: 0.0003668994025105812
2026-08-22 20:05:36 - val epoch: 178, loss: 0.4070
2026-08-22 20:05:39 - train: epoch 179, iter:0, loss: 0.1509, lr: 0.0003619292605124862
2026-08-22 20:05:49 - train: epoch 179, iter:20, loss: 0.1666, lr: 0.0003619292605124862
2026-08-22 20:05:59 - train: epoch 179, iter:40, loss: 0.1751, lr: 0.0003619292605124862
2026-08-22 20:06:14 - val epoch: 179, loss: 0.3853
2026-08-22 20:06:17 - train: epoch 180, iter:0, loss: 0.1777, lr: 0.00035697480783323686
2026-08-22 20:06:27 - train: epoch 180, iter:20, loss: 0.1715, lr: 0.00035697480783323686
2026-08-22 20:06:36 - train: epoch 180, iter:40, loss: 0.1642, lr: 0.00035697480783323686
2026-08-22 20:06:56 - val epoch: 180, loss: 0.4015, miou: 0.741657079973267, f1_or_dsc: 0.8516683203614925, accuracy: 0.9277016101497235, specificity: 0.9518374294685259, sensitivity: 0.8526825249924532
2026-08-22 20:06:59 - train: epoch 181, iter:0, loss: 0.1834, lr: 0.00035203658778440076
2026-08-22 20:07:08 - train: epoch 181, iter:20, loss: 0.1711, lr: 0.00035203658778440076
2026-08-22 20:07:18 - train: epoch 181, iter:40, loss: 0.1695, lr: 0.00035203658778440076
2026-08-22 20:07:34 - val epoch: 181, loss: 0.4077
2026-08-22 20:07:36 - train: epoch 182, iter:0, loss: 0.1729, lr: 0.00034711514189745505
2026-08-22 20:07:46 - train: epoch 182, iter:20, loss: 0.1611, lr: 0.00034711514189745505
2026-08-22 20:07:56 - train: epoch 182, iter:40, loss: 0.1616, lr: 0.00034711514189745505
2026-08-22 20:08:12 - val epoch: 182, loss: 0.4187
2026-08-22 20:08:14 - train: epoch 183, iter:0, loss: 0.1606, lr: 0.00034221100986440094
2026-08-22 20:08:24 - train: epoch 183, iter:20, loss: 0.1703, lr: 0.00034221100986440094
2026-08-22 20:08:34 - train: epoch 183, iter:40, loss: 0.1768, lr: 0.00034221100986440094
2026-08-22 20:08:49 - val epoch: 183, loss: 0.3786
2026-08-22 20:08:52 - train: epoch 184, iter:0, loss: 0.1694, lr: 0.0003373247294785804
2026-08-22 20:09:02 - train: epoch 184, iter:20, loss: 0.1611, lr: 0.0003373247294785804
2026-08-22 20:09:11 - train: epoch 184, iter:40, loss: 0.1667, lr: 0.0003373247294785804
2026-08-22 20:09:27 - val epoch: 184, loss: 0.3798
2026-08-22 20:09:29 - train: epoch 185, iter:0, loss: 0.1932, lr: 0.0003324568365757012
2026-08-22 20:09:39 - train: epoch 185, iter:20, loss: 0.1628, lr: 0.0003324568365757012
2026-08-22 20:09:49 - train: epoch 185, iter:40, loss: 0.1694, lr: 0.0003324568365757012
2026-08-22 20:10:05 - val epoch: 185, loss: 0.4051
2026-08-22 20:10:07 - train: epoch 186, iter:0, loss: 0.1759, lr: 0.0003276078649750761
2026-08-22 20:10:17 - train: epoch 186, iter:20, loss: 0.1593, lr: 0.0003276078649750761
2026-08-22 20:10:27 - train: epoch 186, iter:40, loss: 0.1650, lr: 0.0003276078649750761
2026-08-22 20:10:42 - val epoch: 186, loss: 0.3908
2026-08-22 20:10:45 - train: epoch 187, iter:0, loss: 0.1611, lr: 0.00032277834642108417
2026-08-22 20:10:54 - train: epoch 187, iter:20, loss: 0.1648, lr: 0.00032277834642108417
2026-08-22 20:11:04 - train: epoch 187, iter:40, loss: 0.1666, lr: 0.00032277834642108417
2026-08-22 20:11:20 - val epoch: 187, loss: 0.3757
2026-08-22 20:11:23 - train: epoch 188, iter:0, loss: 0.1495, lr: 0.00031796881052485835
2026-08-22 20:11:32 - train: epoch 188, iter:20, loss: 0.1555, lr: 0.00031796881052485835
2026-08-22 20:11:42 - train: epoch 188, iter:40, loss: 0.1739, lr: 0.00031796881052485835
2026-08-22 20:11:58 - val epoch: 188, loss: 0.3798
2026-08-22 20:12:00 - train: epoch 189, iter:0, loss: 0.1556, lr: 0.00031317978470620867
2026-08-22 20:12:10 - train: epoch 189, iter:20, loss: 0.1648, lr: 0.00031317978470620867
2026-08-22 20:12:20 - train: epoch 189, iter:40, loss: 0.1657, lr: 0.00031317978470620867
2026-08-22 20:12:36 - val epoch: 189, loss: 0.4139
2026-08-22 20:12:38 - train: epoch 190, iter:0, loss: 0.1140, lr: 0.00030841179413578315
2026-08-22 20:12:48 - train: epoch 190, iter:20, loss: 0.1630, lr: 0.00030841179413578315
2026-08-22 20:12:58 - train: epoch 190, iter:40, loss: 0.1649, lr: 0.00030841179413578315
2026-08-22 20:13:13 - val epoch: 190, loss: 0.3821
2026-08-22 20:13:16 - train: epoch 191, iter:0, loss: 0.2380, lr: 0.0003036653616774785
2026-08-22 20:13:25 - train: epoch 191, iter:20, loss: 0.1617, lr: 0.0003036653616774785
2026-08-22 20:13:35 - train: epoch 191, iter:40, loss: 0.1592, lr: 0.0003036653616774785
2026-08-22 20:13:51 - val epoch: 191, loss: 0.4027
2026-08-22 20:13:53 - train: epoch 192, iter:0, loss: 0.1544, lr: 0.0002989410078311011
2026-08-22 20:14:03 - train: epoch 192, iter:20, loss: 0.1695, lr: 0.0002989410078311011
2026-08-22 20:14:13 - train: epoch 192, iter:40, loss: 0.1664, lr: 0.0002989410078311011
2026-08-22 20:14:29 - val epoch: 192, loss: 0.4010
2026-08-22 20:14:31 - train: epoch 193, iter:0, loss: 0.1713, lr: 0.00029423925067528865
2026-08-22 20:14:41 - train: epoch 193, iter:20, loss: 0.1634, lr: 0.00029423925067528865
2026-08-22 20:14:51 - train: epoch 193, iter:40, loss: 0.1625, lr: 0.00029423925067528865
2026-08-22 20:15:06 - val epoch: 193, loss: 0.3951
2026-08-22 20:15:09 - train: epoch 194, iter:0, loss: 0.2120, lr: 0.0002895606058106975
2026-08-22 20:15:19 - train: epoch 194, iter:20, loss: 0.1576, lr: 0.0002895606058106975
2026-08-22 20:15:29 - train: epoch 194, iter:40, loss: 0.1608, lr: 0.0002895606058106975
2026-08-22 20:15:44 - val epoch: 194, loss: 0.4203
2026-08-22 20:15:47 - train: epoch 195, iter:0, loss: 0.1913, lr: 0.0002849055863034606
2026-08-22 20:15:57 - train: epoch 195, iter:20, loss: 0.1742, lr: 0.0002849055863034606
2026-08-22 20:16:07 - train: epoch 195, iter:40, loss: 0.1697, lr: 0.0002849055863034606
2026-08-22 20:16:22 - val epoch: 195, loss: 0.3782
2026-08-22 20:16:24 - train: epoch 196, iter:0, loss: 0.1640, lr: 0.00028027470262892396
2026-08-22 20:16:34 - train: epoch 196, iter:20, loss: 0.1541, lr: 0.00028027470262892396
2026-08-22 20:16:44 - train: epoch 196, iter:40, loss: 0.1599, lr: 0.00028027470262892396
2026-08-22 20:17:00 - val epoch: 196, loss: 0.3791
2026-08-22 20:17:02 - train: epoch 197, iter:0, loss: 0.1589, lr: 0.0002756684626156682
2026-08-22 20:17:12 - train: epoch 197, iter:20, loss: 0.1569, lr: 0.0002756684626156682
2026-08-22 20:17:22 - train: epoch 197, iter:40, loss: 0.1589, lr: 0.0002756684626156682
2026-08-22 20:17:38 - val epoch: 197, loss: 0.3919
2026-08-22 20:17:40 - train: epoch 198, iter:0, loss: 0.1444, lr: 0.000271087371389818
2026-08-22 20:17:50 - train: epoch 198, iter:20, loss: 0.1626, lr: 0.000271087371389818
2026-08-22 20:18:00 - train: epoch 198, iter:40, loss: 0.1656, lr: 0.000271087371389818
2026-08-22 20:18:15 - val epoch: 198, loss: 0.3721
2026-08-22 20:18:18 - train: epoch 199, iter:0, loss: 0.1174, lr: 0.0002665319313196505
2026-08-22 20:18:28 - train: epoch 199, iter:20, loss: 0.1632, lr: 0.0002665319313196505
2026-08-22 20:18:37 - train: epoch 199, iter:40, loss: 0.1598, lr: 0.0002665319313196505
2026-08-22 20:18:53 - val epoch: 199, loss: 0.4071
2026-08-22 20:18:56 - train: epoch 200, iter:0, loss: 0.1449, lr: 0.00026200264196050494
2026-08-22 20:19:05 - train: epoch 200, iter:20, loss: 0.1555, lr: 0.00026200264196050494
2026-08-22 20:19:15 - train: epoch 200, iter:40, loss: 0.1568, lr: 0.00026200264196050494
2026-08-22 20:19:31 - val epoch: 200, loss: 0.4067
2026-08-22 20:19:33 - train: epoch 201, iter:0, loss: 0.1325, lr: 0.00025749999999999954
2026-08-22 20:19:43 - train: epoch 201, iter:20, loss: 0.1612, lr: 0.00025749999999999954
2026-08-22 20:19:53 - train: epoch 201, iter:40, loss: 0.1614, lr: 0.00025749999999999954
2026-08-22 20:20:09 - val epoch: 201, loss: 0.3913
2026-08-22 20:20:11 - train: epoch 202, iter:0, loss: 0.1678, lr: 0.0002530244992035658
2026-08-22 20:20:21 - train: epoch 202, iter:20, loss: 0.1548, lr: 0.0002530244992035658
2026-08-22 20:20:31 - train: epoch 202, iter:40, loss: 0.1557, lr: 0.0002530244992035658
2026-08-22 20:20:46 - val epoch: 202, loss: 0.3921
2026-08-22 20:20:49 - train: epoch 203, iter:0, loss: 0.1342, lr: 0.0002485766303603003
2026-08-22 20:20:59 - train: epoch 203, iter:20, loss: 0.1554, lr: 0.0002485766303603003
2026-08-22 20:21:08 - train: epoch 203, iter:40, loss: 0.1521, lr: 0.0002485766303603003
2026-08-22 20:21:24 - val epoch: 203, loss: 0.4006
2026-08-22 20:21:26 - train: epoch 204, iter:0, loss: 0.1480, lr: 0.0002441568812291443
2026-08-22 20:21:36 - train: epoch 204, iter:20, loss: 0.1572, lr: 0.0002441568812291443
2026-08-22 20:21:46 - train: epoch 204, iter:40, loss: 0.1545, lr: 0.0002441568812291443
2026-08-22 20:22:02 - val epoch: 204, loss: 0.3953
2026-08-22 20:22:04 - train: epoch 205, iter:0, loss: 0.1223, lr: 0.00023976573648539645
2026-08-22 20:22:14 - train: epoch 205, iter:20, loss: 0.1556, lr: 0.00023976573648539645
2026-08-22 20:22:24 - train: epoch 205, iter:40, loss: 0.1555, lr: 0.00023976573648539645
2026-08-22 20:22:40 - val epoch: 205, loss: 0.4095
2026-08-22 20:22:42 - train: epoch 206, iter:0, loss: 0.1553, lr: 0.00023540367766756144
2026-08-22 20:22:52 - train: epoch 206, iter:20, loss: 0.1529, lr: 0.00023540367766756144
2026-08-22 20:23:02 - train: epoch 206, iter:40, loss: 0.1503, lr: 0.00023540367766756144
2026-08-22 20:23:17 - val epoch: 206, loss: 0.3969
2026-08-22 20:23:20 - train: epoch 207, iter:0, loss: 0.1271, lr: 0.0002310711831245444
2026-08-22 20:23:30 - train: epoch 207, iter:20, loss: 0.1573, lr: 0.0002310711831245444
2026-08-22 20:23:39 - train: epoch 207, iter:40, loss: 0.1562, lr: 0.0002310711831245444
2026-08-22 20:23:55 - val epoch: 207, loss: 0.4078
2026-08-22 20:23:58 - train: epoch 208, iter:0, loss: 0.1398, lr: 0.00022676872796319514
2026-08-22 20:24:07 - train: epoch 208, iter:20, loss: 0.1517, lr: 0.00022676872796319514
2026-08-22 20:24:17 - train: epoch 208, iter:40, loss: 0.1530, lr: 0.00022676872796319514
2026-08-22 20:24:33 - val epoch: 208, loss: 0.3938
2026-08-22 20:24:35 - train: epoch 209, iter:0, loss: 0.1355, lr: 0.00022249678399620604
2026-08-22 20:24:45 - train: epoch 209, iter:20, loss: 0.1549, lr: 0.00022249678399620604
2026-08-22 20:24:55 - train: epoch 209, iter:40, loss: 0.1559, lr: 0.00022249678399620604
2026-08-22 20:25:11 - val epoch: 209, loss: 0.4005
2026-08-22 20:25:13 - train: epoch 210, iter:0, loss: 0.1105, lr: 0.0002182558196903736
2026-08-22 20:25:23 - train: epoch 210, iter:20, loss: 0.1497, lr: 0.0002182558196903736
2026-08-22 20:25:33 - train: epoch 210, iter:40, loss: 0.1522, lr: 0.0002182558196903736
2026-08-22 20:25:52 - val epoch: 210, loss: 0.4071, miou: 0.7441432336367656, f1_or_dsc: 0.8533051865071083, accuracy: 0.9261464411669439, specificity: 0.9402093631516989, sensitivity: 0.882435990404971
2026-08-22 20:25:55 - train: epoch 211, iter:0, loss: 0.1699, lr: 0.00021404630011522552
2026-08-22 20:26:05 - train: epoch 211, iter:20, loss: 0.1519, lr: 0.00021404630011522552
2026-08-22 20:26:15 - train: epoch 211, iter:40, loss: 0.1530, lr: 0.00021404630011522552
2026-08-22 20:26:30 - val epoch: 211, loss: 0.3996
2026-08-22 20:26:32 - train: epoch 212, iter:0, loss: 0.1343, lr: 0.0002098686868920198
2026-08-22 20:26:42 - train: epoch 212, iter:20, loss: 0.1429, lr: 0.0002098686868920198
2026-08-22 20:26:52 - train: epoch 212, iter:40, loss: 0.1432, lr: 0.0002098686868920198
2026-08-22 20:27:08 - val epoch: 212, loss: 0.4053
2026-08-22 20:27:10 - train: epoch 213, iter:0, loss: 0.1537, lr: 0.00020572343814312415
2026-08-22 20:27:20 - train: epoch 213, iter:20, loss: 0.1608, lr: 0.00020572343814312415
2026-08-22 20:27:30 - train: epoch 213, iter:40, loss: 0.1595, lr: 0.00020572343814312415
2026-08-22 20:27:46 - val epoch: 213, loss: 0.4175
2026-08-22 20:27:48 - train: epoch 214, iter:0, loss: 0.1550, lr: 0.00020161100844177644
2026-08-22 20:27:58 - train: epoch 214, iter:20, loss: 0.1577, lr: 0.00020161100844177644
2026-08-22 20:28:08 - train: epoch 214, iter:40, loss: 0.1521, lr: 0.00020161100844177644
2026-08-22 20:28:23 - val epoch: 214, loss: 0.4020
2026-08-22 20:28:26 - train: epoch 215, iter:0, loss: 0.1537, lr: 0.0001975318487622361
2026-08-22 20:28:35 - train: epoch 215, iter:20, loss: 0.1491, lr: 0.0001975318487622361
2026-08-22 20:28:45 - train: epoch 215, iter:40, loss: 0.1516, lr: 0.0001975318487622361
2026-08-22 20:29:01 - val epoch: 215, loss: 0.4002
2026-08-22 20:29:03 - train: epoch 216, iter:0, loss: 0.1799, lr: 0.00019348640643033024
2026-08-22 20:29:13 - train: epoch 216, iter:20, loss: 0.1492, lr: 0.00019348640643033024
2026-08-22 20:29:23 - train: epoch 216, iter:40, loss: 0.1476, lr: 0.00019348640643033024
2026-08-22 20:29:39 - val epoch: 216, loss: 0.3898
2026-08-22 20:29:41 - train: epoch 217, iter:0, loss: 0.1692, lr: 0.00018947512507439828
2026-08-22 20:29:51 - train: epoch 217, iter:20, loss: 0.1441, lr: 0.00018947512507439828
2026-08-22 20:30:01 - train: epoch 217, iter:40, loss: 0.1463, lr: 0.00018947512507439828
2026-08-22 20:30:16 - val epoch: 217, loss: 0.3858
2026-08-22 20:30:19 - train: epoch 218, iter:0, loss: 0.1380, lr: 0.00018549844457664425
2026-08-22 20:30:28 - train: epoch 218, iter:20, loss: 0.1426, lr: 0.00018549844457664425
2026-08-22 20:30:38 - train: epoch 218, iter:40, loss: 0.1502, lr: 0.00018549844457664425
2026-08-22 20:30:54 - val epoch: 218, loss: 0.4129
2026-08-22 20:30:56 - train: epoch 219, iter:0, loss: 0.1377, lr: 0.00018155680102489765
2026-08-22 20:31:06 - train: epoch 219, iter:20, loss: 0.1485, lr: 0.00018155680102489765
2026-08-22 20:31:16 - train: epoch 219, iter:40, loss: 0.1457, lr: 0.00018155680102489765
2026-08-22 20:31:32 - val epoch: 219, loss: 0.4061
2026-08-22 20:31:34 - train: epoch 220, iter:0, loss: 0.1570, lr: 0.00017765062666479195
2026-08-22 20:31:44 - train: epoch 220, iter:20, loss: 0.1487, lr: 0.00017765062666479195
2026-08-22 20:31:54 - train: epoch 220, iter:40, loss: 0.1502, lr: 0.00017765062666479195
2026-08-22 20:32:09 - val epoch: 220, loss: 0.3949
2026-08-22 20:32:12 - train: epoch 221, iter:0, loss: 0.1041, lr: 0.00017378034985236489
2026-08-22 20:32:22 - train: epoch 221, iter:20, loss: 0.1437, lr: 0.00017378034985236489
2026-08-22 20:32:31 - train: epoch 221, iter:40, loss: 0.1439, lr: 0.00017378034985236489
2026-08-22 20:32:47 - val epoch: 221, loss: 0.4053
2026-08-22 20:32:49 - train: epoch 222, iter:0, loss: 0.1308, lr: 0.0001699463950070827
2026-08-22 20:32:59 - train: epoch 222, iter:20, loss: 0.1414, lr: 0.0001699463950070827
2026-08-22 20:33:09 - train: epoch 222, iter:40, loss: 0.1435, lr: 0.0001699463950070827
2026-08-22 20:33:25 - val epoch: 222, loss: 0.3865
2026-08-22 20:33:27 - train: epoch 223, iter:0, loss: 0.1517, lr: 0.0001661491825652988
2026-08-22 20:33:37 - train: epoch 223, iter:20, loss: 0.1467, lr: 0.0001661491825652988
2026-08-22 20:33:47 - train: epoch 223, iter:40, loss: 0.1433, lr: 0.0001661491825652988
2026-08-22 20:34:02 - val epoch: 223, loss: 0.4133
2026-08-22 20:34:05 - train: epoch 224, iter:0, loss: 0.1850, lr: 0.0001623891289341484
2026-08-22 20:34:14 - train: epoch 224, iter:20, loss: 0.1485, lr: 0.0001623891289341484
2026-08-22 20:34:24 - train: epoch 224, iter:40, loss: 0.1449, lr: 0.0001623891289341484
2026-08-22 20:34:40 - val epoch: 224, loss: 0.4083
2026-08-22 20:34:42 - train: epoch 225, iter:0, loss: 0.2138, lr: 0.0001586666464458838
2026-08-22 20:34:52 - train: epoch 225, iter:20, loss: 0.1529, lr: 0.0001586666464458838
2026-08-22 20:35:02 - train: epoch 225, iter:40, loss: 0.1490, lr: 0.0001586666464458838
2026-08-22 20:35:18 - val epoch: 225, loss: 0.4108
2026-08-22 20:35:20 - train: epoch 226, iter:0, loss: 0.1190, lr: 0.00015498214331265874
2026-08-22 20:35:30 - train: epoch 226, iter:20, loss: 0.1450, lr: 0.00015498214331265874
2026-08-22 20:35:40 - train: epoch 226, iter:40, loss: 0.1439, lr: 0.00015498214331265874
2026-08-22 20:35:56 - val epoch: 226, loss: 0.4117
2026-08-22 20:35:58 - train: epoch 227, iter:0, loss: 0.1973, lr: 0.00015133602358176218
2026-08-22 20:36:08 - train: epoch 227, iter:20, loss: 0.1379, lr: 0.00015133602358176218
2026-08-22 20:36:18 - train: epoch 227, iter:40, loss: 0.1422, lr: 0.00015133602358176218
2026-08-22 20:36:33 - val epoch: 227, loss: 0.4035
2026-08-22 20:36:36 - train: epoch 228, iter:0, loss: 0.1931, lr: 0.00014772868709131046
2026-08-22 20:36:46 - train: epoch 228, iter:20, loss: 0.1417, lr: 0.00014772868709131046
2026-08-22 20:36:55 - train: epoch 228, iter:40, loss: 0.1420, lr: 0.00014772868709131046
2026-08-22 20:37:11 - val epoch: 228, loss: 0.4063
2026-08-22 20:37:14 - train: epoch 229, iter:0, loss: 0.1562, lr: 0.00014416052942640113
2026-08-22 20:37:23 - train: epoch 229, iter:20, loss: 0.1415, lr: 0.00014416052942640113
2026-08-22 20:37:33 - train: epoch 229, iter:40, loss: 0.1425, lr: 0.00014416052942640113
2026-08-22 20:37:49 - val epoch: 229, loss: 0.4058
2026-08-22 20:37:51 - train: epoch 230, iter:0, loss: 0.1746, lr: 0.0001406319418757314
2026-08-22 20:38:01 - train: epoch 230, iter:20, loss: 0.1417, lr: 0.0001406319418757314
2026-08-22 20:38:11 - train: epoch 230, iter:40, loss: 0.1399, lr: 0.0001406319418757314
2026-08-22 20:38:27 - val epoch: 230, loss: 0.4230
2026-08-22 20:38:29 - train: epoch 231, iter:0, loss: 0.1176, lr: 0.00013714331138868954
2026-08-22 20:38:39 - train: epoch 231, iter:20, loss: 0.1347, lr: 0.00013714331138868954
2026-08-22 20:38:49 - train: epoch 231, iter:40, loss: 0.1410, lr: 0.00013714331138868954
2026-08-22 20:39:04 - val epoch: 231, loss: 0.4022
2026-08-22 20:39:07 - train: epoch 232, iter:0, loss: 0.1464, lr: 0.00013369502053292226
2026-08-22 20:39:16 - train: epoch 232, iter:20, loss: 0.1438, lr: 0.00013369502053292226
2026-08-22 20:39:26 - train: epoch 232, iter:40, loss: 0.1411, lr: 0.00013369502053292226
2026-08-22 20:39:42 - val epoch: 232, loss: 0.4006
2026-08-22 20:39:44 - train: epoch 233, iter:0, loss: 0.1685, lr: 0.0001302874474523804
2026-08-22 20:39:54 - train: epoch 233, iter:20, loss: 0.1370, lr: 0.0001302874474523804
2026-08-22 20:40:04 - train: epoch 233, iter:40, loss: 0.1401, lr: 0.0001302874474523804
2026-08-22 20:40:20 - val epoch: 233, loss: 0.4124
2026-08-22 20:40:22 - train: epoch 234, iter:0, loss: 0.1633, lr: 0.00012692096582585187
2026-08-22 20:40:32 - train: epoch 234, iter:20, loss: 0.1403, lr: 0.00012692096582585187
2026-08-22 20:40:42 - train: epoch 234, iter:40, loss: 0.1419, lr: 0.00012692096582585187
2026-08-22 20:40:58 - val epoch: 234, loss: 0.4064
2026-08-22 20:41:00 - train: epoch 235, iter:0, loss: 0.1373, lr: 0.00012359594482598416
2026-08-22 20:41:10 - train: epoch 235, iter:20, loss: 0.1390, lr: 0.00012359594482598416
2026-08-22 20:41:20 - train: epoch 235, iter:40, loss: 0.1395, lr: 0.00012359594482598416
2026-08-22 20:41:35 - val epoch: 235, loss: 0.4071
2026-08-22 20:41:38 - train: epoch 236, iter:0, loss: 0.1441, lr: 0.00012031274907879919
2026-08-22 20:41:48 - train: epoch 236, iter:20, loss: 0.1430, lr: 0.00012031274907879919
2026-08-22 20:41:57 - train: epoch 236, iter:40, loss: 0.1418, lr: 0.00012031274907879919
2026-08-22 20:42:13 - val epoch: 236, loss: 0.4056
2026-08-22 20:42:16 - train: epoch 237, iter:0, loss: 0.1524, lr: 0.00011707173862370913
2026-08-22 20:42:26 - train: epoch 237, iter:20, loss: 0.1360, lr: 0.00011707173862370913
2026-08-22 20:42:35 - train: epoch 237, iter:40, loss: 0.1354, lr: 0.00011707173862370913
2026-08-22 20:42:51 - val epoch: 237, loss: 0.4368
2026-08-22 20:42:54 - train: epoch 238, iter:0, loss: 0.1381, lr: 0.00011387326887403316
2026-08-22 20:43:03 - train: epoch 238, iter:20, loss: 0.1369, lr: 0.00011387326887403316
2026-08-22 20:43:13 - train: epoch 238, iter:40, loss: 0.1406, lr: 0.00011387326887403316
2026-08-22 20:43:29 - val epoch: 238, loss: 0.4186
2026-08-22 20:43:31 - train: epoch 239, iter:0, loss: 0.1309, lr: 0.00011071769057802265
2026-08-22 20:43:41 - train: epoch 239, iter:20, loss: 0.1366, lr: 0.00011071769057802265
2026-08-22 20:43:51 - train: epoch 239, iter:40, loss: 0.1378, lr: 0.00011071769057802265
2026-08-22 20:44:07 - val epoch: 239, loss: 0.4067
2026-08-22 20:44:09 - train: epoch 240, iter:0, loss: 0.1208, lr: 0.0001076053497803982
2026-08-22 20:44:19 - train: epoch 240, iter:20, loss: 0.1379, lr: 0.0001076053497803982
2026-08-22 20:44:29 - train: epoch 240, iter:40, loss: 0.1392, lr: 0.0001076053497803982
2026-08-22 20:44:49 - val epoch: 240, loss: 0.4065, miou: 0.7511803569486628, f1_or_dsc: 0.857913182920295, accuracy: 0.9303911794530283, specificity: 0.9519672483907233, sensitivity: 0.8633283243820538
2026-08-22 20:44:51 - train: epoch 241, iter:0, loss: 0.1538, lr: 0.00010453658778440088
2026-08-22 20:45:01 - train: epoch 241, iter:20, loss: 0.1369, lr: 0.00010453658778440088
2026-08-22 20:45:11 - train: epoch 241, iter:40, loss: 0.1374, lr: 0.00010453658778440088
2026-08-22 20:45:27 - val epoch: 241, loss: 0.4115
2026-08-22 20:45:29 - train: epoch 242, iter:0, loss: 0.1646, lr: 0.00010151174111436543
2026-08-22 20:45:39 - train: epoch 242, iter:20, loss: 0.1436, lr: 0.00010151174111436543
2026-08-22 20:45:49 - train: epoch 242, iter:40, loss: 0.1393, lr: 0.00010151174111436543
2026-08-22 20:46:05 - val epoch: 242, loss: 0.4263
2026-08-22 20:46:07 - train: epoch 243, iter:0, loss: 0.1245, lr: 9.853114147881633e-05
2026-08-22 20:46:17 - train: epoch 243, iter:20, loss: 0.1408, lr: 9.853114147881633e-05
2026-08-22 20:46:27 - train: epoch 243, iter:40, loss: 0.1389, lr: 9.853114147881633e-05
2026-08-22 20:46:42 - val epoch: 243, loss: 0.4189
2026-08-22 20:46:45 - train: epoch 244, iter:0, loss: 0.1460, lr: 9.559511573409167e-05
2026-08-22 20:46:55 - train: epoch 244, iter:20, loss: 0.1380, lr: 9.559511573409167e-05
2026-08-22 20:47:05 - train: epoch 244, iter:40, loss: 0.1365, lr: 9.559511573409167e-05
2026-08-22 20:47:20 - val epoch: 244, loss: 0.4228
2026-08-22 20:47:23 - train: epoch 245, iter:0, loss: 0.1237, lr: 9.270398584850061e-05
2026-08-22 20:47:33 - train: epoch 245, iter:20, loss: 0.1344, lr: 9.270398584850061e-05
2026-08-22 20:47:43 - train: epoch 245, iter:40, loss: 0.1377, lr: 9.270398584850061e-05
2026-08-22 20:47:58 - val epoch: 245, loss: 0.4150
2026-08-22 20:48:01 - train: epoch 246, iter:0, loss: 0.1577, lr: 8.985806886701499e-05
2026-08-22 20:48:11 - train: epoch 246, iter:20, loss: 0.1364, lr: 8.985806886701499e-05
2026-08-22 20:48:20 - train: epoch 246, iter:40, loss: 0.1347, lr: 8.985806886701499e-05
2026-08-22 20:48:36 - val epoch: 246, loss: 0.4163
2026-08-22 20:48:38 - train: epoch 247, iter:0, loss: 0.1147, lr: 8.705767687650239e-05
2026-08-22 20:48:48 - train: epoch 247, iter:20, loss: 0.1411, lr: 8.705767687650239e-05
2026-08-22 20:48:58 - train: epoch 247, iter:40, loss: 0.1396, lr: 8.705767687650239e-05
2026-08-22 20:49:14 - val epoch: 247, loss: 0.4262
2026-08-22 20:49:16 - train: epoch 248, iter:0, loss: 0.1221, lr: 8.430311697150229e-05
2026-08-22 20:49:26 - train: epoch 248, iter:20, loss: 0.1329, lr: 8.430311697150229e-05
2026-08-22 20:49:36 - train: epoch 248, iter:40, loss: 0.1351, lr: 8.430311697150229e-05
2026-08-22 20:49:51 - val epoch: 248, loss: 0.4354
2026-08-22 20:49:54 - train: epoch 249, iter:0, loss: 0.1904, lr: 8.159469122054909e-05
2026-08-22 20:50:04 - train: epoch 249, iter:20, loss: 0.1343, lr: 8.159469122054909e-05
2026-08-22 20:50:14 - train: epoch 249, iter:40, loss: 0.1365, lr: 8.159469122054909e-05
2026-08-22 20:50:29 - val epoch: 249, loss: 0.4104
2026-08-22 20:50:31 - train: epoch 250, iter:0, loss: 0.1176, lr: 7.893269663304782e-05
2026-08-22 20:50:41 - train: epoch 250, iter:20, loss: 0.1297, lr: 7.893269663304782e-05
2026-08-22 20:50:51 - train: epoch 250, iter:40, loss: 0.1313, lr: 7.893269663304782e-05
2026-08-22 20:51:07 - val epoch: 250, loss: 0.4177
2026-08-22 20:51:09 - train: epoch 251, iter:0, loss: 0.1313, lr: 7.631742512670282e-05
2026-08-22 20:51:19 - train: epoch 251, iter:20, loss: 0.1362, lr: 7.631742512670282e-05
2026-08-22 20:51:29 - train: epoch 251, iter:40, loss: 0.1338, lr: 7.631742512670282e-05
2026-08-22 20:51:44 - val epoch: 251, loss: 0.4293
2026-08-22 20:51:47 - train: epoch 252, iter:0, loss: 0.1144, lr: 7.374916349550603e-05
2026-08-22 20:51:57 - train: epoch 252, iter:20, loss: 0.1311, lr: 7.374916349550603e-05
2026-08-22 20:52:07 - train: epoch 252, iter:40, loss: 0.1318, lr: 7.374916349550603e-05
2026-08-22 20:52:22 - val epoch: 252, loss: 0.4174
2026-08-22 20:52:25 - train: epoch 253, iter:0, loss: 0.1378, lr: 7.122819337828741e-05
2026-08-22 20:52:34 - train: epoch 253, iter:20, loss: 0.1326, lr: 7.122819337828741e-05
2026-08-22 20:52:44 - train: epoch 253, iter:40, loss: 0.1310, lr: 7.122819337828741e-05
2026-08-22 20:53:00 - val epoch: 253, loss: 0.4133
2026-08-22 20:53:02 - train: epoch 254, iter:0, loss: 0.1500, lr: 6.875479122782878e-05
2026-08-22 20:53:12 - train: epoch 254, iter:20, loss: 0.1344, lr: 6.875479122782878e-05
2026-08-22 20:53:22 - train: epoch 254, iter:40, loss: 0.1323, lr: 6.875479122782878e-05
2026-08-22 20:53:38 - val epoch: 254, loss: 0.4175
2026-08-22 20:53:40 - train: epoch 255, iter:0, loss: 0.1517, lr: 6.632922828054862e-05
2026-08-22 20:53:50 - train: epoch 255, iter:20, loss: 0.1310, lr: 6.632922828054862e-05
2026-08-22 20:54:00 - train: epoch 255, iter:40, loss: 0.1329, lr: 6.632922828054862e-05
2026-08-22 20:54:15 - val epoch: 255, loss: 0.4274
2026-08-22 20:54:18 - train: epoch 256, iter:0, loss: 0.1341, lr: 6.395177052675786e-05
2026-08-22 20:54:27 - train: epoch 256, iter:20, loss: 0.1306, lr: 6.395177052675786e-05
2026-08-22 20:54:37 - train: epoch 256, iter:40, loss: 0.1324, lr: 6.395177052675786e-05
2026-08-22 20:54:53 - val epoch: 256, loss: 0.4167
2026-08-22 20:54:55 - train: epoch 257, iter:0, loss: 0.1485, lr: 6.162267868149065e-05
2026-08-22 20:55:05 - train: epoch 257, iter:20, loss: 0.1348, lr: 6.162267868149065e-05
2026-08-22 20:55:15 - train: epoch 257, iter:40, loss: 0.1318, lr: 6.162267868149065e-05
2026-08-22 20:55:31 - val epoch: 257, loss: 0.4140
2026-08-22 20:55:33 - train: epoch 258, iter:0, loss: 0.1362, lr: 5.934220815591413e-05
2026-08-22 20:55:43 - train: epoch 258, iter:20, loss: 0.1393, lr: 5.934220815591413e-05
2026-08-22 20:55:53 - train: epoch 258, iter:40, loss: 0.1358, lr: 5.934220815591413e-05
2026-08-22 20:56:09 - val epoch: 258, loss: 0.4202
2026-08-22 20:56:11 - train: epoch 259, iter:0, loss: 0.1227, lr: 5.711060902932035e-05
2026-08-22 20:56:21 - train: epoch 259, iter:20, loss: 0.1335, lr: 5.711060902932035e-05
2026-08-22 20:56:31 - train: epoch 259, iter:40, loss: 0.1340, lr: 5.711060902932035e-05
2026-08-22 20:56:46 - val epoch: 259, loss: 0.4168
2026-08-22 20:56:49 - train: epoch 260, iter:0, loss: 0.1402, lr: 5.492812602170101e-05
2026-08-22 20:56:59 - train: epoch 260, iter:20, loss: 0.1321, lr: 5.492812602170101e-05
2026-08-22 20:57:08 - train: epoch 260, iter:40, loss: 0.1324, lr: 5.492812602170101e-05
2026-08-22 20:57:24 - val epoch: 260, loss: 0.4132
2026-08-22 20:57:26 - train: epoch 261, iter:0, loss: 0.1156, lr: 5.279499846691256e-05
2026-08-22 20:57:36 - train: epoch 261, iter:20, loss: 0.1330, lr: 5.279499846691256e-05
2026-08-22 20:57:46 - train: epoch 261, iter:40, loss: 0.1337, lr: 5.279499846691256e-05
2026-08-22 20:58:02 - val epoch: 261, loss: 0.4223
2026-08-22 20:58:04 - train: epoch 262, iter:0, loss: 0.1279, lr: 5.071146028642938e-05
2026-08-22 20:58:14 - train: epoch 262, iter:20, loss: 0.1312, lr: 5.071146028642938e-05
2026-08-22 20:58:24 - train: epoch 262, iter:40, loss: 0.1306, lr: 5.071146028642938e-05
2026-08-22 20:58:39 - val epoch: 262, loss: 0.4213
2026-08-22 20:58:41 - train: epoch 263, iter:0, loss: 0.1570, lr: 4.867773996369213e-05
2026-08-22 20:58:51 - train: epoch 263, iter:20, loss: 0.1290, lr: 4.867773996369213e-05
2026-08-22 20:59:01 - train: epoch 263, iter:40, loss: 0.1296, lr: 4.867773996369213e-05
2026-08-22 20:59:17 - val epoch: 263, loss: 0.4226
2026-08-22 20:59:19 - train: epoch 264, iter:0, loss: 0.1300, lr: 4.669406051905255e-05
2026-08-22 20:59:29 - train: epoch 264, iter:20, loss: 0.1283, lr: 4.669406051905255e-05
2026-08-22 20:59:39 - train: epoch 264, iter:40, loss: 0.1289, lr: 4.669406051905255e-05
2026-08-22 20:59:55 - val epoch: 264, loss: 0.4251
2026-08-22 20:59:57 - train: epoch 265, iter:0, loss: 0.1487, lr: 4.476063948531553e-05
2026-08-22 21:00:07 - train: epoch 265, iter:20, loss: 0.1355, lr: 4.476063948531553e-05
2026-08-22 21:00:17 - train: epoch 265, iter:40, loss: 0.1329, lr: 4.476063948531553e-05
2026-08-22 21:00:33 - val epoch: 265, loss: 0.4299
2026-08-22 21:00:35 - train: epoch 266, iter:0, loss: 0.1391, lr: 4.2877688883885086e-05
2026-08-22 21:00:45 - train: epoch 266, iter:20, loss: 0.1350, lr: 4.2877688883885086e-05
2026-08-22 21:00:55 - train: epoch 266, iter:40, loss: 0.1327, lr: 4.2877688883885086e-05
2026-08-22 21:01:10 - val epoch: 266, loss: 0.4273
2026-08-22 21:01:12 - train: epoch 267, iter:0, loss: 0.1253, lr: 4.1045415201513684e-05
2026-08-22 21:01:22 - train: epoch 267, iter:20, loss: 0.1288, lr: 4.1045415201513684e-05
2026-08-22 21:01:32 - train: epoch 267, iter:40, loss: 0.1312, lr: 4.1045415201513684e-05
2026-08-22 21:01:48 - val epoch: 267, loss: 0.4235
2026-08-22 21:01:50 - train: epoch 268, iter:0, loss: 0.1461, lr: 3.926401936765836e-05
2026-08-22 21:02:00 - train: epoch 268, iter:20, loss: 0.1320, lr: 3.926401936765836e-05
2026-08-22 21:02:10 - train: epoch 268, iter:40, loss: 0.1294, lr: 3.926401936765836e-05
2026-08-22 21:02:26 - val epoch: 268, loss: 0.4307
2026-08-22 21:02:28 - train: epoch 269, iter:0, loss: 0.1378, lr: 3.753369673244687e-05
2026-08-22 21:02:38 - train: epoch 269, iter:20, loss: 0.1291, lr: 3.753369673244687e-05
2026-08-22 21:02:47 - train: epoch 269, iter:40, loss: 0.1300, lr: 3.753369673244687e-05
2026-08-22 21:03:03 - val epoch: 269, loss: 0.4159
2026-08-22 21:03:05 - train: epoch 270, iter:0, loss: 0.1816, lr: 3.5854637045255115e-05
2026-08-22 21:03:15 - train: epoch 270, iter:20, loss: 0.1322, lr: 3.5854637045255115e-05
2026-08-22 21:03:25 - train: epoch 270, iter:40, loss: 0.1311, lr: 3.5854637045255115e-05
2026-08-22 21:03:45 - val epoch: 270, loss: 0.4274, miou: 0.7441810086334113, f1_or_dsc: 0.8533300213106745, accuracy: 0.9276999860706896, specificity: 0.948179660901793, sensitivity: 0.8640449491376414
2026-08-22 21:03:47 - train: epoch 271, iter:0, loss: 0.1341, lr: 3.422702443389897e-05
2026-08-22 21:03:57 - train: epoch 271, iter:20, loss: 0.1300, lr: 3.422702443389897e-05
2026-08-22 21:04:07 - train: epoch 271, iter:40, loss: 0.1297, lr: 3.422702443389897e-05
2026-08-22 21:04:23 - val epoch: 271, loss: 0.4243
2026-08-22 21:04:25 - train: epoch 272, iter:0, loss: 0.1427, lr: 3.265103738444294e-05
2026-08-22 21:04:35 - train: epoch 272, iter:20, loss: 0.1289, lr: 3.265103738444294e-05
2026-08-22 21:04:45 - train: epoch 272, iter:40, loss: 0.1285, lr: 3.265103738444294e-05
2026-08-22 21:05:00 - val epoch: 272, loss: 0.4345
2026-08-22 21:05:03 - train: epoch 273, iter:0, loss: 0.1458, lr: 3.112684872162669e-05
2026-08-22 21:05:13 - train: epoch 273, iter:20, loss: 0.1298, lr: 3.112684872162669e-05
2026-08-22 21:05:22 - train: epoch 273, iter:40, loss: 0.1311, lr: 3.112684872162669e-05
2026-08-22 21:05:38 - val epoch: 273, loss: 0.4263
2026-08-22 21:05:41 - train: epoch 274, iter:0, loss: 0.1323, lr: 2.9654625589913163e-05
2026-08-22 21:05:50 - train: epoch 274, iter:20, loss: 0.1329, lr: 2.9654625589913163e-05
2026-08-22 21:06:00 - train: epoch 274, iter:40, loss: 0.1263, lr: 2.9654625589913163e-05
2026-08-22 21:06:16 - val epoch: 274, loss: 0.4284
2026-08-22 21:06:18 - train: epoch 275, iter:0, loss: 0.1080, lr: 2.823452943515922e-05
2026-08-22 21:06:28 - train: epoch 275, iter:20, loss: 0.1276, lr: 2.823452943515922e-05
2026-08-22 21:06:38 - train: epoch 275, iter:40, loss: 0.1304, lr: 2.823452943515922e-05
2026-08-22 21:06:54 - val epoch: 275, loss: 0.4237
2026-08-22 21:06:56 - train: epoch 276, iter:0, loss: 0.1065, lr: 2.6866715986911168e-05
2026-08-22 21:07:06 - train: epoch 276, iter:20, loss: 0.1301, lr: 2.6866715986911168e-05
2026-08-22 21:07:16 - train: epoch 276, iter:40, loss: 0.1285, lr: 2.6866715986911168e-05
2026-08-22 21:07:32 - val epoch: 276, loss: 0.4273
2026-08-22 21:07:34 - train: epoch 277, iter:0, loss: 0.1204, lr: 2.5551335241327604e-05
2026-08-22 21:07:44 - train: epoch 277, iter:20, loss: 0.1349, lr: 2.5551335241327604e-05
2026-08-22 21:07:54 - train: epoch 277, iter:40, loss: 0.1309, lr: 2.5551335241327604e-05
2026-08-22 21:08:10 - val epoch: 277, loss: 0.4199
2026-08-22 21:08:12 - train: epoch 278, iter:0, loss: 0.1637, lr: 2.4288531444730185e-05
2026-08-22 21:08:22 - train: epoch 278, iter:20, loss: 0.1322, lr: 2.4288531444730185e-05
2026-08-22 21:08:32 - train: epoch 278, iter:40, loss: 0.1293, lr: 2.4288531444730185e-05
2026-08-22 21:08:47 - val epoch: 278, loss: 0.4249
2026-08-22 21:08:50 - train: epoch 279, iter:0, loss: 0.1522, lr: 2.3078443077785645e-05
2026-08-22 21:08:59 - train: epoch 279, iter:20, loss: 0.1281, lr: 2.3078443077785645e-05
2026-08-22 21:09:09 - train: epoch 279, iter:40, loss: 0.1280, lr: 2.3078443077785645e-05
2026-08-22 21:09:25 - val epoch: 279, loss: 0.4270
2026-08-22 21:09:27 - train: epoch 280, iter:0, loss: 0.1293, lr: 2.1921202840320064e-05
2026-08-22 21:09:37 - train: epoch 280, iter:20, loss: 0.1245, lr: 2.1921202840320064e-05
2026-08-22 21:09:47 - train: epoch 280, iter:40, loss: 0.1269, lr: 2.1921202840320064e-05
2026-08-22 21:10:03 - val epoch: 280, loss: 0.4265
2026-08-22 21:10:05 - train: epoch 281, iter:0, loss: 0.1477, lr: 2.081693763676623e-05
2026-08-22 21:10:15 - train: epoch 281, iter:20, loss: 0.1305, lr: 2.081693763676623e-05
2026-08-22 21:10:25 - train: epoch 281, iter:40, loss: 0.1285, lr: 2.081693763676623e-05
2026-08-22 21:10:40 - val epoch: 281, loss: 0.4235
2026-08-22 21:10:43 - train: epoch 282, iter:0, loss: 0.1124, lr: 1.9765768562247723e-05
2026-08-22 21:10:53 - train: epoch 282, iter:20, loss: 0.1286, lr: 1.9765768562247723e-05
2026-08-22 21:11:03 - train: epoch 282, iter:40, loss: 0.1283, lr: 1.9765768562247723e-05
2026-08-22 21:11:18 - val epoch: 282, loss: 0.4222
2026-08-22 21:11:21 - train: epoch 283, iter:0, loss: 0.1192, lr: 1.876781088929913e-05
2026-08-22 21:11:31 - train: epoch 283, iter:20, loss: 0.1286, lr: 1.876781088929913e-05
2026-08-22 21:11:41 - train: epoch 283, iter:40, loss: 0.1264, lr: 1.876781088929913e-05
2026-08-22 21:11:56 - val epoch: 283, loss: 0.4275
2026-08-22 21:11:59 - train: epoch 284, iter:0, loss: 0.1318, lr: 1.7823174055225262e-05
2026-08-22 21:12:09 - train: epoch 284, iter:20, loss: 0.1263, lr: 1.7823174055225262e-05
2026-08-22 21:12:19 - train: epoch 284, iter:40, loss: 0.1249, lr: 1.7823174055225262e-05
2026-08-22 21:12:34 - val epoch: 284, loss: 0.4233
2026-08-22 21:12:36 - train: epoch 285, iter:0, loss: 0.1233, lr: 1.693196165010003e-05
2026-08-22 21:12:46 - train: epoch 285, iter:20, loss: 0.1289, lr: 1.693196165010003e-05
2026-08-22 21:12:56 - train: epoch 285, iter:40, loss: 0.1272, lr: 1.693196165010003e-05
2026-08-22 21:13:12 - val epoch: 285, loss: 0.4254
2026-08-22 21:13:14 - train: epoch 286, iter:0, loss: 0.1287, lr: 1.6094271405406855e-05
2026-08-22 21:13:24 - train: epoch 286, iter:20, loss: 0.1255, lr: 1.6094271405406855e-05
2026-08-22 21:13:34 - train: epoch 286, iter:40, loss: 0.1250, lr: 1.6094271405406855e-05
2026-08-22 21:13:50 - val epoch: 286, loss: 0.4290
2026-08-22 21:13:52 - train: epoch 287, iter:0, loss: 0.1339, lr: 1.5310195183320773e-05
2026-08-22 21:14:02 - train: epoch 287, iter:20, loss: 0.1277, lr: 1.5310195183320773e-05
2026-08-22 21:14:12 - train: epoch 287, iter:40, loss: 0.1256, lr: 1.5310195183320773e-05
2026-08-22 21:14:27 - val epoch: 287, loss: 0.4233
2026-08-22 21:14:30 - train: epoch 288, iter:0, loss: 0.1337, lr: 1.4579818966635417e-05
2026-08-22 21:14:39 - train: epoch 288, iter:20, loss: 0.1249, lr: 1.4579818966635417e-05
2026-08-22 21:14:49 - train: epoch 288, iter:40, loss: 0.1269, lr: 1.4579818966635417e-05
2026-08-22 21:15:05 - val epoch: 288, loss: 0.4293
2026-08-22 21:15:07 - train: epoch 289, iter:0, loss: 0.1437, lr: 1.3903222849333505e-05
2026-08-22 21:15:17 - train: epoch 289, iter:20, loss: 0.1200, lr: 1.3903222849333505e-05
2026-08-22 21:15:27 - train: epoch 289, iter:40, loss: 0.1247, lr: 1.3903222849333505e-05
2026-08-22 21:15:43 - val epoch: 289, loss: 0.4303
2026-08-22 21:15:45 - train: epoch 290, iter:0, loss: 0.1441, lr: 1.3280481027803759e-05
2026-08-22 21:15:55 - train: epoch 290, iter:20, loss: 0.1324, lr: 1.3280481027803759e-05
2026-08-22 21:16:05 - train: epoch 290, iter:40, loss: 0.1297, lr: 1.3280481027803759e-05
2026-08-22 21:16:20 - val epoch: 290, loss: 0.4291
2026-08-22 21:16:22 - train: epoch 291, iter:0, loss: 0.1488, lr: 1.271166179270472e-05
2026-08-22 21:16:32 - train: epoch 291, iter:20, loss: 0.1299, lr: 1.271166179270472e-05
2026-08-22 21:16:42 - train: epoch 291, iter:40, loss: 0.1286, lr: 1.271166179270472e-05
2026-08-22 21:16:58 - val epoch: 291, loss: 0.4243
2026-08-22 21:17:00 - train: epoch 292, iter:0, loss: 0.1309, lr: 1.21968275214754e-05
2026-08-22 21:17:10 - train: epoch 292, iter:20, loss: 0.1326, lr: 1.21968275214754e-05
2026-08-22 21:17:20 - train: epoch 292, iter:40, loss: 0.1316, lr: 1.21968275214754e-05
2026-08-22 21:17:36 - val epoch: 292, loss: 0.4286
2026-08-22 21:17:38 - train: epoch 293, iter:0, loss: 0.1148, lr: 1.1736034671495336e-05
2026-08-22 21:17:48 - train: epoch 293, iter:20, loss: 0.1281, lr: 1.1736034671495336e-05
2026-08-22 21:17:58 - train: epoch 293, iter:40, loss: 0.1304, lr: 1.1736034671495336e-05
2026-08-22 21:18:14 - val epoch: 293, loss: 0.4253
2026-08-22 21:18:16 - train: epoch 294, iter:0, loss: 0.1093, lr: 1.1329333773893242e-05
2026-08-22 21:18:26 - train: epoch 294, iter:20, loss: 0.1279, lr: 1.1329333773893242e-05
2026-08-22 21:18:36 - train: epoch 294, iter:40, loss: 0.1283, lr: 1.1329333773893242e-05
2026-08-22 21:18:51 - val epoch: 294, loss: 0.4324
2026-08-22 21:18:54 - train: epoch 295, iter:0, loss: 0.1067, lr: 1.0976769428005577e-05
2026-08-22 21:19:04 - train: epoch 295, iter:20, loss: 0.1273, lr: 1.0976769428005577e-05
2026-08-22 21:19:14 - train: epoch 295, iter:40, loss: 0.1260, lr: 1.0976769428005577e-05
2026-08-22 21:19:29 - val epoch: 295, loss: 0.4317
2026-08-22 21:19:32 - train: epoch 296, iter:0, loss: 0.1102, lr: 1.0678380296485951e-05
2026-08-22 21:19:41 - train: epoch 296, iter:20, loss: 0.1315, lr: 1.0678380296485951e-05
2026-08-22 21:19:51 - train: epoch 296, iter:40, loss: 0.1267, lr: 1.0678380296485951e-05
2026-08-22 21:20:07 - val epoch: 296, loss: 0.4252
2026-08-22 21:20:09 - train: epoch 297, iter:0, loss: 0.1349, lr: 1.04341991010651e-05
2026-08-22 21:20:19 - train: epoch 297, iter:20, loss: 0.1270, lr: 1.04341991010651e-05
2026-08-22 21:20:29 - train: epoch 297, iter:40, loss: 0.1281, lr: 1.04341991010651e-05
2026-08-22 21:20:45 - val epoch: 297, loss: 0.4251
2026-08-22 21:20:47 - train: epoch 298, iter:0, loss: 0.1498, lr: 1.0244252618962858e-05
2026-08-22 21:20:57 - train: epoch 298, iter:20, loss: 0.1259, lr: 1.0244252618962858e-05
2026-08-22 21:21:07 - train: epoch 298, iter:40, loss: 0.1264, lr: 1.0244252618962858e-05
2026-08-22 21:21:22 - val epoch: 298, loss: 0.4245
2026-08-22 21:21:25 - train: epoch 299, iter:0, loss: 0.1696, lr: 1.0108561679951479e-05
2026-08-22 21:21:35 - train: epoch 299, iter:20, loss: 0.1296, lr: 1.0108561679951479e-05
2026-08-22 21:21:45 - train: epoch 299, iter:40, loss: 0.1270, lr: 1.0108561679951479e-05
2026-08-22 21:22:00 - val epoch: 299, loss: 0.4253
2026-08-22 21:22:03 - train: epoch 300, iter:0, loss: 0.1054, lr: 1.002714116407149e-05
2026-08-22 21:22:13 - train: epoch 300, iter:20, loss: 0.1218, lr: 1.002714116407149e-05
2026-08-22 21:22:22 - train: epoch 300, iter:40, loss: 0.1245, lr: 1.002714116407149e-05
2026-08-22 21:22:42 - val epoch: 300, loss: 0.4279, miou: 0.7474900600110107, f1_or_dsc: 0.8555013583382567, accuracy: 0.9290004390301091, specificity: 0.9500914760386493, sensitivity: 0.8634451628449654
2026-08-22 21:22:54 - test of best model, best_val_loss: 0.3491, miou: 0.769422530556381, f1_or_dsc: 0.8696877283623625, accuracy: 0.9373122677944674, specificity: 0.9623869329230047, sensitivity: 0.8593750569742671, confusion_matrix: [[38556586  1506911]
 [ 1812598 11076993]]
