2026-08-07 19:53:35 - #----------Config info----------#
2026-08-07 19:53:35 - network: ege_hrvit_unet,
2026-08-07 19:53:35 - model_config: {'num_classes': 1, 'input_channels': 3, 'c_list': [8, 16, 24, 32, 48, 64], 'bridge': True, 'gt_ds': True},
2026-08-07 19:53:35 - datasets: isic18,
2026-08-07 19:53:35 - data_path: ./data/isic2018/,
2026-08-07 19:53:35 - criterion: GT_BceDiceLoss(
  (bcedice): BceDiceLoss(
    (bce): BCELoss(
      (bceloss): BCELoss()
    )
    (dice): DiceLoss()
  )
),
2026-08-07 19:53:35 - num_classes: 1,
2026-08-07 19:53:35 - input_size_h: 256,
2026-08-07 19:53:35 - input_size_w: 256,
2026-08-07 19:53:35 - input_channels: 3,
2026-08-07 19:53:35 - distributed: False,
2026-08-07 19:53:35 - local_rank: -1,
2026-08-07 19:53:35 - num_workers: 8,
2026-08-07 19:53:35 - seed: 42,
2026-08-07 19:53:35 - world_size: None,
2026-08-07 19:53:35 - rank: None,
2026-08-07 19:53:35 - amp: False,
2026-08-07 19:53:35 - gpu_id: 0,
2026-08-07 19:53:35 - batch_size: 64,
2026-08-07 19:53:35 - epochs: 300,
2026-08-07 19:53:35 - gradient_accumulation_steps: 1,
2026-08-07 19:53:35 - work_dir: results/ege_hrvit_unet_isic18_Friday_07_August_2026_19h_53m_35s/,
2026-08-07 19:53:35 - print_interval: 20,
2026-08-07 19:53:35 - val_interval: 30,
2026-08-07 19:53:35 - save_interval: 100,
2026-08-07 19:53:35 - threshold: 0.5,
2026-08-07 19:53:35 - lambda_edge: 0.2,
2026-08-07 19:53:35 - edge_warmup_epochs: 20,
2026-08-07 19:53:35 - lambda_router: 0.2,
2026-08-07 19:53:35 - lambda_aux: 0.2,
2026-08-07 19:53:35 - token_size: 8,
2026-08-07 19:53:35 - halting_schedule: {'warmup_epochs': 20, 'transition_end_epoch': 40, 'warmup_keep_ratio': 1.0, 'transition_keep_ratio': 0.4, 'final_min_keep_ratio': 0.15, 'threshold': 0.5},
2026-08-07 19:53:35 - train_transformer: Compose(
    <utils.myNormalize object at 0x7f0d2f8b7850>
    <utils.myToTensor object at 0x7f0d2f8b78b0>
    <utils.myRandomHorizontalFlip object at 0x7f0d2f8b78e0>
    <utils.myRandomVerticalFlip object at 0x7f0d2f8b7940>
    <utils.myRandomRotation object at 0x7f0d2f8b79a0>
    <utils.myResize object at 0x7f0d2f8b7a00>
),
2026-08-07 19:53:35 - test_transformer: Compose(
    <utils.myNormalize object at 0x7f0d2f8b7af0>
    <utils.myToTensor object at 0x7f0d2f8b7b50>
    <utils.myResize object at 0x7f0d2f8b7b80>
),
2026-08-07 19:53:35 - opt: AdamW,
2026-08-07 19:53:35 - lr: 0.001,
2026-08-07 19:53:35 - betas: (0.9, 0.999),
2026-08-07 19:53:35 - eps: 1e-08,
2026-08-07 19:53:35 - weight_decay: 0.01,
2026-08-07 19:53:35 - amsgrad: False,
2026-08-07 19:53:35 - sch: CosineAnnealingLR,
2026-08-07 19:53:35 - T_max: 300,
2026-08-07 19:53:35 - eta_min: 1e-05,
2026-08-07 19:53:35 - last_epoch: -1,
2026-08-07 19:53:41 - train: epoch 1, iter:0, loss: 6.3721, lr: 0.001
2026-08-07 19:53:50 - train: epoch 1, iter:20, loss: 3.3204, lr: 0.001
2026-08-07 19:54:13 - val epoch: 1, loss: 1.9270
2026-08-07 19:54:16 - train: epoch 2, iter:0, loss: 2.0254, lr: 0.0009999728588359286
2026-08-07 19:54:26 - train: epoch 2, iter:20, loss: 1.7958, lr: 0.0009999728588359286
2026-08-07 19:54:49 - val epoch: 2, loss: 1.5645
2026-08-07 19:54:51 - train: epoch 3, iter:0, loss: 1.4939, lr: 0.0009998914383200486
2026-08-07 19:55:00 - train: epoch 3, iter:20, loss: 1.4927, lr: 0.0009998914383200486
2026-08-07 19:55:23 - val epoch: 3, loss: 1.4168
2026-08-07 19:55:26 - train: epoch 4, iter:0, loss: 1.2393, lr: 0.0009997557473810372
