2026-08-25 15:58:51 - pretrained loaded from pretrained_ckpt/swin_tiny_patch4_window7_224.pth
2026-08-25 15:58:51 - loaded 301 keys; skipped layers: ['concat_back_dim', 'layers', 'layers_up', 'norm_up', 'output', 'up']
2026-08-25 15:58:51 - Swin-Unet ISIC18 | params: 41,392,836 | input 256x256 | batch 32x2 | AdamW lr=0.0001 wd=0.01 | Cosine 300ep | seed 42 | pretrain=pretrained_ckpt/swin_tiny_patch4_window7_224.pth
2026-08-25 15:58:54 - train: epoch 1, iter:0, loss: 1.5072, lr: 0.0001
2026-08-25 15:59:02 - train: epoch 1, iter:20, loss: 1.3279, lr: 0.0001
2026-08-25 15:59:09 - train: epoch 1, iter:40, loss: 1.1728, lr: 0.0001
2026-08-25 15:59:38 - val epoch: 1, loss: 0.6892
2026-08-25 15:59:41 - train: epoch 2, iter:0, loss: 0.6358, lr: 9.999753262144806e-05
2026-08-25 15:59:49 - train: epoch 2, iter:20, loss: 0.6703, lr: 9.999753262144806e-05
2026-08-25 15:59:56 - train: epoch 2, iter:40, loss: 0.6452, lr: 9.999753262144806e-05
2026-08-25 16:00:20 - val epoch: 2, loss: 0.4991
2026-08-25 16:00:23 - train: epoch 3, iter:0, loss: 0.4427, lr: 9.999013075636806e-05
2026-08-25 16:00:31 - train: epoch 3, iter:20, loss: 0.4990, lr: 9.999013075636806e-05
2026-08-25 16:00:38 - train: epoch 3, iter:40, loss: 0.4694, lr: 9.999013075636806e-05
2026-08-25 16:01:00 - val epoch: 3, loss: 0.4201
2026-08-25 16:01:03 - train: epoch 4, iter:0, loss: 0.5110, lr: 9.997779521645793e-05
2026-08-25 16:01:10 - train: epoch 4, iter:20, loss: 0.3588, lr: 9.997779521645793e-05
2026-08-25 16:01:18 - train: epoch 4, iter:40, loss: 0.3602, lr: 9.997779521645793e-05
2026-08-25 16:01:43 - val epoch: 4, loss: 0.3697
2026-08-25 16:01:46 - train: epoch 5, iter:0, loss: 0.3248, lr: 9.996052735444864e-05
2026-08-25 16:01:53 - train: epoch 5, iter:20, loss: 0.3308, lr: 9.996052735444864e-05
2026-08-25 16:02:01 - train: epoch 5, iter:40, loss: 0.3050, lr: 9.996052735444864e-05
2026-08-25 16:02:28 - val epoch: 5, loss: 0.3767
2026-08-25 16:02:30 - train: epoch 6, iter:0, loss: 0.2973, lr: 9.993832906395583e-05
2026-08-25 16:02:38 - train: epoch 6, iter:20, loss: 0.2777, lr: 9.993832906395583e-05
2026-08-25 16:02:45 - train: epoch 6, iter:40, loss: 0.2892, lr: 9.993832906395583e-05
2026-08-25 16:03:08 - val epoch: 6, loss: 0.3274
2026-08-25 16:03:11 - train: epoch 7, iter:0, loss: 0.3407, lr: 9.991120277927223e-05
2026-08-25 16:03:19 - train: epoch 7, iter:20, loss: 0.2670, lr: 9.991120277927223e-05
2026-08-25 16:03:26 - train: epoch 7, iter:40, loss: 0.2528, lr: 9.991120277927223e-05
2026-08-25 16:03:48 - val epoch: 7, loss: 0.3479
2026-08-25 16:03:49 - train: epoch 8, iter:0, loss: 0.1722, lr: 9.987915147510061e-05
2026-08-25 16:03:57 - train: epoch 8, iter:20, loss: 0.2382, lr: 9.987915147510061e-05
2026-08-25 16:04:04 - train: epoch 8, iter:40, loss: 0.2484, lr: 9.987915147510061e-05
2026-08-25 16:04:33 - val epoch: 8, loss: 0.3130
2026-08-25 16:04:36 - train: epoch 9, iter:0, loss: 0.2059, lr: 9.98421786662277e-05
2026-08-25 16:04:44 - train: epoch 9, iter:20, loss: 0.2544, lr: 9.98421786662277e-05
2026-08-25 16:04:51 - train: epoch 9, iter:40, loss: 0.2417, lr: 9.98421786662277e-05
2026-08-25 16:05:15 - val epoch: 9, loss: 0.3016
2026-08-25 16:05:19 - train: epoch 10, iter:0, loss: 0.2524, lr: 9.98002884071386e-05
2026-08-25 16:05:26 - train: epoch 10, iter:20, loss: 0.2283, lr: 9.98002884071386e-05
2026-08-25 16:05:34 - train: epoch 10, iter:40, loss: 0.2284, lr: 9.98002884071386e-05
2026-08-25 16:05:55 - val epoch: 10, loss: 0.3244
2026-08-25 16:05:57 - train: epoch 11, iter:0, loss: 0.2129, lr: 9.97534852915723e-05
2026-08-25 16:06:05 - train: epoch 11, iter:20, loss: 0.2302, lr: 9.97534852915723e-05
2026-08-25 16:06:12 - train: epoch 11, iter:40, loss: 0.2251, lr: 9.97534852915723e-05
2026-08-25 16:06:33 - val epoch: 11, loss: 0.3095
2026-08-25 16:06:35 - train: epoch 12, iter:0, loss: 0.1922, lr: 9.970177445201784e-05
2026-08-25 16:06:43 - train: epoch 12, iter:20, loss: 0.2066, lr: 9.970177445201784e-05
2026-08-25 16:06:51 - train: epoch 12, iter:40, loss: 0.2164, lr: 9.970177445201784e-05
2026-08-25 16:07:13 - val epoch: 12, loss: 0.3273
2026-08-25 16:07:15 - train: epoch 13, iter:0, loss: 0.1711, lr: 9.964516155915151e-05
2026-08-25 16:07:23 - train: epoch 13, iter:20, loss: 0.1999, lr: 9.964516155915151e-05
2026-08-25 16:07:30 - train: epoch 13, iter:40, loss: 0.1988, lr: 9.964516155915151e-05
2026-08-25 16:07:59 - val epoch: 13, loss: 0.2857
2026-08-25 16:08:02 - train: epoch 14, iter:0, loss: 0.1744, lr: 9.958365282121496e-05
2026-08-25 16:08:10 - train: epoch 14, iter:20, loss: 0.1856, lr: 9.958365282121496e-05
2026-08-25 16:08:17 - train: epoch 14, iter:40, loss: 0.1977, lr: 9.958365282121496e-05
2026-08-25 16:08:39 - val epoch: 14, loss: 0.2968
2026-08-25 16:08:41 - train: epoch 15, iter:0, loss: 0.1778, lr: 9.951725498333447e-05
2026-08-25 16:08:49 - train: epoch 15, iter:20, loss: 0.1904, lr: 9.951725498333447e-05
2026-08-25 16:08:56 - train: epoch 15, iter:40, loss: 0.1918, lr: 9.951725498333447e-05
2026-08-25 16:09:18 - val epoch: 15, loss: 0.2869
2026-08-25 16:09:20 - train: epoch 16, iter:0, loss: 0.2152, lr: 9.944597532678119e-05
2026-08-25 16:09:27 - train: epoch 16, iter:20, loss: 0.2067, lr: 9.944597532678119e-05
2026-08-25 16:09:35 - train: epoch 16, iter:40, loss: 0.1997, lr: 9.944597532678119e-05
2026-08-25 16:09:57 - val epoch: 16, loss: 0.2971
2026-08-25 16:10:00 - train: epoch 17, iter:0, loss: 0.1591, lr: 9.936982166817271e-05
2026-08-25 16:10:07 - train: epoch 17, iter:20, loss: 0.1844, lr: 9.936982166817271e-05
2026-08-25 16:10:15 - train: epoch 17, iter:40, loss: 0.1810, lr: 9.936982166817271e-05
2026-08-25 16:10:41 - val epoch: 17, loss: 0.3231
2026-08-25 16:10:43 - train: epoch 18, iter:0, loss: 0.1421, lr: 9.928880235861587e-05
2026-08-25 16:10:50 - train: epoch 18, iter:20, loss: 0.1826, lr: 9.928880235861587e-05
2026-08-25 16:10:58 - train: epoch 18, iter:40, loss: 0.1836, lr: 9.928880235861587e-05
2026-08-25 16:11:25 - val epoch: 18, loss: 0.3221
2026-08-25 16:11:27 - train: epoch 19, iter:0, loss: 0.2086, lr: 9.920292628279099e-05
2026-08-25 16:11:34 - train: epoch 19, iter:20, loss: 0.1749, lr: 9.920292628279099e-05
2026-08-25 16:11:42 - train: epoch 19, iter:40, loss: 0.1801, lr: 9.920292628279099e-05
2026-08-25 16:12:07 - val epoch: 19, loss: 0.3031
2026-08-25 16:12:10 - train: epoch 20, iter:0, loss: 0.1561, lr: 9.911220285797748e-05
2026-08-25 16:12:17 - train: epoch 20, iter:20, loss: 0.1748, lr: 9.911220285797748e-05
2026-08-25 16:12:25 - train: epoch 20, iter:40, loss: 0.1720, lr: 9.911220285797748e-05
2026-08-25 16:12:46 - val epoch: 20, loss: 0.3149
2026-08-25 16:12:49 - train: epoch 21, iter:0, loss: 0.1510, lr: 9.901664203302125e-05
2026-08-25 16:12:57 - train: epoch 21, iter:20, loss: 0.1805, lr: 9.901664203302125e-05
2026-08-25 16:13:04 - train: epoch 21, iter:40, loss: 0.1705, lr: 9.901664203302125e-05
2026-08-25 16:13:26 - val epoch: 21, loss: 0.2927
2026-08-25 16:13:28 - train: epoch 22, iter:0, loss: 0.1456, lr: 9.891625428724362e-05
2026-08-25 16:13:35 - train: epoch 22, iter:20, loss: 0.1693, lr: 9.891625428724362e-05
2026-08-25 16:13:43 - train: epoch 22, iter:40, loss: 0.1649, lr: 9.891625428724362e-05
2026-08-25 16:14:04 - val epoch: 22, loss: 0.2977
2026-08-25 16:14:06 - train: epoch 23, iter:0, loss: 0.1338, lr: 9.88110506292922e-05
2026-08-25 16:14:13 - train: epoch 23, iter:20, loss: 0.1612, lr: 9.88110506292922e-05
2026-08-25 16:14:21 - train: epoch 23, iter:40, loss: 0.1664, lr: 9.88110506292922e-05
2026-08-25 16:14:45 - val epoch: 23, loss: 0.3081
2026-08-25 16:14:47 - train: epoch 24, iter:0, loss: 0.1436, lr: 9.87010425959336e-05
2026-08-25 16:14:55 - train: epoch 24, iter:20, loss: 0.1578, lr: 9.87010425959336e-05
2026-08-25 16:15:03 - train: epoch 24, iter:40, loss: 0.1694, lr: 9.87010425959336e-05
2026-08-25 16:15:38 - val epoch: 24, loss: 0.3080
2026-08-25 16:15:41 - train: epoch 25, iter:0, loss: 0.1249, lr: 9.858624225078838e-05
2026-08-25 16:15:48 - train: epoch 25, iter:20, loss: 0.1482, lr: 9.858624225078838e-05
2026-08-25 16:15:56 - train: epoch 25, iter:40, loss: 0.1597, lr: 9.858624225078838e-05
2026-08-25 16:16:22 - val epoch: 25, loss: 0.3051
2026-08-25 16:16:24 - train: epoch 26, iter:0, loss: 0.1392, lr: 9.846666218300805e-05
2026-08-25 16:16:32 - train: epoch 26, iter:20, loss: 0.1447, lr: 9.846666218300805e-05
2026-08-25 16:16:39 - train: epoch 26, iter:40, loss: 0.1582, lr: 9.846666218300805e-05
2026-08-25 16:17:11 - val epoch: 26, loss: 0.2999
2026-08-25 16:17:14 - train: epoch 27, iter:0, loss: 0.1222, lr: 9.83423155058946e-05
2026-08-25 16:17:21 - train: epoch 27, iter:20, loss: 0.1524, lr: 9.83423155058946e-05
2026-08-25 16:17:29 - train: epoch 27, iter:40, loss: 0.1517, lr: 9.83423155058946e-05
2026-08-25 16:17:50 - val epoch: 27, loss: 0.3085
2026-08-25 16:17:52 - train: epoch 28, iter:0, loss: 0.1834, lr: 9.821321585546243e-05
2026-08-25 16:18:00 - train: epoch 28, iter:20, loss: 0.1593, lr: 9.821321585546243e-05
2026-08-25 16:18:07 - train: epoch 28, iter:40, loss: 0.1601, lr: 9.821321585546243e-05
2026-08-25 16:18:28 - val epoch: 28, loss: 0.2913
2026-08-25 16:18:30 - train: epoch 29, iter:0, loss: 0.1367, lr: 9.8079377388943e-05
2026-08-25 16:18:38 - train: epoch 29, iter:20, loss: 0.1421, lr: 9.8079377388943e-05
2026-08-25 16:18:46 - train: epoch 29, iter:40, loss: 0.1460, lr: 9.8079377388943e-05
2026-08-25 16:19:23 - val epoch: 29, loss: 0.3085
2026-08-25 16:19:25 - train: epoch 30, iter:0, loss: 0.1156, lr: 9.794081478323245e-05
2026-08-25 16:19:33 - train: epoch 30, iter:20, loss: 0.1487, lr: 9.794081478323245e-05
2026-08-25 16:19:40 - train: epoch 30, iter:40, loss: 0.1434, lr: 9.794081478323245e-05
2026-08-25 16:20:07 - val epoch: 30, loss: 0.2906, miou: 0.8153034602758433, f1_or_dsc: 0.8982558322804656, accuracy: 0.9509323988810624, specificity: 0.9705905103590932, sensitivity: 0.8898309496399072
2026-08-25 16:20:09 - train: epoch 31, iter:0, loss: 0.1473, lr: 9.779754323328191e-05
2026-08-25 16:20:17 - train: epoch 31, iter:20, loss: 0.1577, lr: 9.779754323328191e-05
2026-08-25 16:20:25 - train: epoch 31, iter:40, loss: 0.1575, lr: 9.779754323328191e-05
2026-08-25 16:20:49 - val epoch: 31, loss: 0.3217
2026-08-25 16:20:51 - train: epoch 32, iter:0, loss: 0.1384, lr: 9.764957845043135e-05
2026-08-25 16:20:58 - train: epoch 32, iter:20, loss: 0.1396, lr: 9.764957845043135e-05
2026-08-25 16:21:06 - train: epoch 32, iter:40, loss: 0.1431, lr: 9.764957845043135e-05
2026-08-25 16:21:35 - val epoch: 32, loss: 0.3105
2026-08-25 16:21:37 - train: epoch 33, iter:0, loss: 0.1322, lr: 9.749693666068665e-05
2026-08-25 16:21:45 - train: epoch 33, iter:20, loss: 0.1334, lr: 9.749693666068665e-05
2026-08-25 16:21:53 - train: epoch 33, iter:40, loss: 0.1383, lr: 9.749693666068665e-05
2026-08-25 16:22:20 - val epoch: 33, loss: 0.3128
2026-08-25 16:22:22 - train: epoch 34, iter:0, loss: 0.1172, lr: 9.733963460294014e-05
2026-08-25 16:22:30 - train: epoch 34, iter:20, loss: 0.1425, lr: 9.733963460294014e-05
2026-08-25 16:22:37 - train: epoch 34, iter:40, loss: 0.1363, lr: 9.733963460294014e-05
2026-08-25 16:23:05 - val epoch: 34, loss: 0.3052
2026-08-25 16:23:09 - train: epoch 35, iter:0, loss: 0.1620, lr: 9.71776895271351e-05
2026-08-25 16:23:16 - train: epoch 35, iter:20, loss: 0.1329, lr: 9.71776895271351e-05
2026-08-25 16:23:24 - train: epoch 35, iter:40, loss: 0.1348, lr: 9.71776895271351e-05
2026-08-25 16:23:51 - val epoch: 35, loss: 0.3176
2026-08-25 16:23:54 - train: epoch 36, iter:0, loss: 0.1233, lr: 9.701111919237405e-05
2026-08-25 16:24:02 - train: epoch 36, iter:20, loss: 0.1431, lr: 9.701111919237405e-05
2026-08-25 16:24:09 - train: epoch 36, iter:40, loss: 0.1352, lr: 9.701111919237405e-05
2026-08-25 16:24:32 - val epoch: 36, loss: 0.3423
2026-08-25 16:24:35 - train: epoch 37, iter:0, loss: 0.1362, lr: 9.68399418649713e-05
2026-08-25 16:24:43 - train: epoch 37, iter:20, loss: 0.1283, lr: 9.68399418649713e-05
2026-08-25 16:24:51 - train: epoch 37, iter:40, loss: 0.1271, lr: 9.68399418649713e-05
2026-08-25 16:25:12 - val epoch: 37, loss: 0.3083
2026-08-25 16:25:14 - train: epoch 38, iter:0, loss: 0.1300, lr: 9.666417631644976e-05
2026-08-25 16:25:22 - train: epoch 38, iter:20, loss: 0.1268, lr: 9.666417631644976e-05
2026-08-25 16:25:30 - train: epoch 38, iter:40, loss: 0.1344, lr: 9.666417631644976e-05
2026-08-25 16:25:53 - val epoch: 38, loss: 0.3176
2026-08-25 16:25:55 - train: epoch 39, iter:0, loss: 0.1527, lr: 9.648384182148252e-05
2026-08-25 16:26:03 - train: epoch 39, iter:20, loss: 0.1287, lr: 9.648384182148252e-05
2026-08-25 16:26:11 - train: epoch 39, iter:40, loss: 0.1245, lr: 9.648384182148252e-05
2026-08-25 16:26:34 - val epoch: 39, loss: 0.3103
2026-08-25 16:26:37 - train: epoch 40, iter:0, loss: 0.1183, lr: 9.629895815577914e-05
2026-08-25 16:26:45 - train: epoch 40, iter:20, loss: 0.1222, lr: 9.629895815577914e-05
2026-08-25 16:26:53 - train: epoch 40, iter:40, loss: 0.1251, lr: 9.629895815577914e-05
2026-08-25 16:27:14 - val epoch: 40, loss: 0.3257
2026-08-25 16:27:16 - train: epoch 41, iter:0, loss: 0.1266, lr: 9.610954559391703e-05
2026-08-25 16:27:24 - train: epoch 41, iter:20, loss: 0.1215, lr: 9.610954559391703e-05
2026-08-25 16:27:31 - train: epoch 41, iter:40, loss: 0.1247, lr: 9.610954559391703e-05
2026-08-25 16:27:53 - val epoch: 41, loss: 0.3424
2026-08-25 16:27:55 - train: epoch 42, iter:0, loss: 0.1284, lr: 9.591562490711808e-05
2026-08-25 16:28:03 - train: epoch 42, iter:20, loss: 0.1168, lr: 9.591562490711808e-05
2026-08-25 16:28:10 - train: epoch 42, iter:40, loss: 0.1228, lr: 9.591562490711808e-05
2026-08-25 16:28:35 - val epoch: 42, loss: 0.3746
2026-08-25 16:28:37 - train: epoch 43, iter:0, loss: 0.1239, lr: 9.571721736097088e-05
2026-08-25 16:28:44 - train: epoch 43, iter:20, loss: 0.1151, lr: 9.571721736097088e-05
2026-08-25 16:28:52 - train: epoch 43, iter:40, loss: 0.1177, lr: 9.571721736097088e-05
2026-08-25 16:29:26 - val epoch: 43, loss: 0.3206
2026-08-25 16:29:28 - train: epoch 44, iter:0, loss: 0.1171, lr: 9.55143447130987e-05
2026-08-25 16:29:36 - train: epoch 44, iter:20, loss: 0.1156, lr: 9.55143447130987e-05
2026-08-25 16:29:44 - train: epoch 44, iter:40, loss: 0.1188, lr: 9.55143447130987e-05
2026-08-25 16:30:15 - val epoch: 44, loss: 0.3062
2026-08-25 16:30:17 - train: epoch 45, iter:0, loss: 0.1301, lr: 9.530702921077357e-05
2026-08-25 16:30:25 - train: epoch 45, iter:20, loss: 0.1124, lr: 9.530702921077357e-05
2026-08-25 16:30:32 - train: epoch 45, iter:40, loss: 0.1118, lr: 9.530702921077357e-05
2026-08-25 16:30:55 - val epoch: 45, loss: 0.3343
2026-08-25 16:30:58 - train: epoch 46, iter:0, loss: 0.0978, lr: 9.509529358847654e-05
2026-08-25 16:31:06 - train: epoch 46, iter:20, loss: 0.1157, lr: 9.509529358847654e-05
2026-08-25 16:31:13 - train: epoch 46, iter:40, loss: 0.1129, lr: 9.509529358847654e-05
2026-08-25 16:31:34 - val epoch: 46, loss: 0.3253
2026-08-25 16:31:37 - train: epoch 47, iter:0, loss: 0.1165, lr: 9.487916106540465e-05
2026-08-25 16:31:44 - train: epoch 47, iter:20, loss: 0.1132, lr: 9.487916106540465e-05
2026-08-25 16:31:52 - train: epoch 47, iter:40, loss: 0.1203, lr: 9.487916106540465e-05
2026-08-25 16:32:13 - val epoch: 47, loss: 0.3493
2026-08-25 16:32:15 - train: epoch 48, iter:0, loss: 0.1167, lr: 9.465865534292464e-05
2026-08-25 16:32:23 - train: epoch 48, iter:20, loss: 0.1097, lr: 9.465865534292464e-05
2026-08-25 16:32:31 - train: epoch 48, iter:40, loss: 0.1109, lr: 9.465865534292464e-05
2026-08-25 16:32:55 - val epoch: 48, loss: 0.3270
2026-08-25 16:32:57 - train: epoch 49, iter:0, loss: 0.1111, lr: 9.443380060197386e-05
2026-08-25 16:33:04 - train: epoch 49, iter:20, loss: 0.1145, lr: 9.443380060197386e-05
2026-08-25 16:33:12 - train: epoch 49, iter:40, loss: 0.1120, lr: 9.443380060197386e-05
2026-08-25 16:33:39 - val epoch: 49, loss: 0.3327
2026-08-25 16:33:41 - train: epoch 50, iter:0, loss: 0.1196, lr: 9.420462150040853e-05
2026-08-25 16:33:49 - train: epoch 50, iter:20, loss: 0.1047, lr: 9.420462150040853e-05
2026-08-25 16:33:56 - train: epoch 50, iter:40, loss: 0.1048, lr: 9.420462150040853e-05
2026-08-25 16:34:23 - val epoch: 50, loss: 0.3439
2026-08-25 16:34:25 - train: epoch 51, iter:0, loss: 0.1107, lr: 9.397114317029975e-05
2026-08-25 16:34:33 - train: epoch 51, iter:20, loss: 0.1155, lr: 9.397114317029975e-05
2026-08-25 16:34:40 - train: epoch 51, iter:40, loss: 0.1095, lr: 9.397114317029975e-05
2026-08-25 16:35:05 - val epoch: 51, loss: 0.3262
2026-08-25 16:35:08 - train: epoch 52, iter:0, loss: 0.0823, lr: 9.373339121517747e-05
2026-08-25 16:35:15 - train: epoch 52, iter:20, loss: 0.1086, lr: 9.373339121517747e-05
2026-08-25 16:35:23 - train: epoch 52, iter:40, loss: 0.1049, lr: 9.373339121517747e-05
2026-08-25 16:35:44 - val epoch: 52, loss: 0.3614
2026-08-25 16:35:46 - train: epoch 53, iter:0, loss: 0.0885, lr: 9.349139170722281e-05
2026-08-25 16:35:54 - train: epoch 53, iter:20, loss: 0.1015, lr: 9.349139170722281e-05
2026-08-25 16:36:02 - train: epoch 53, iter:40, loss: 0.1033, lr: 9.349139170722281e-05
2026-08-25 16:36:23 - val epoch: 53, loss: 0.3277
2026-08-25 16:36:25 - train: epoch 54, iter:0, loss: 0.0795, lr: 9.32451711844089e-05
2026-08-25 16:36:33 - train: epoch 54, iter:20, loss: 0.1080, lr: 9.32451711844089e-05
2026-08-25 16:36:41 - train: epoch 54, iter:40, loss: 0.1077, lr: 9.32451711844089e-05
2026-08-25 16:37:04 - val epoch: 54, loss: 0.3388
2026-08-25 16:37:06 - train: epoch 55, iter:0, loss: 0.1139, lr: 9.29947566475907e-05
2026-08-25 16:37:13 - train: epoch 55, iter:20, loss: 0.1023, lr: 9.29947566475907e-05
2026-08-25 16:37:21 - train: epoch 55, iter:40, loss: 0.1057, lr: 9.29947566475907e-05
2026-08-25 16:37:47 - val epoch: 55, loss: 0.3395
2026-08-25 16:37:49 - train: epoch 56, iter:0, loss: 0.0982, lr: 9.274017555754411e-05
2026-08-25 16:37:57 - train: epoch 56, iter:20, loss: 0.1006, lr: 9.274017555754411e-05
2026-08-25 16:38:04 - train: epoch 56, iter:40, loss: 0.1080, lr: 9.274017555754411e-05
2026-08-25 16:38:31 - val epoch: 56, loss: 0.3348
2026-08-25 16:38:34 - train: epoch 57, iter:0, loss: 0.1136, lr: 9.248145583195451e-05
2026-08-25 16:38:41 - train: epoch 57, iter:20, loss: 0.1043, lr: 9.248145583195451e-05
2026-08-25 16:38:49 - train: epoch 57, iter:40, loss: 0.0986, lr: 9.248145583195451e-05
2026-08-25 16:39:26 - val epoch: 57, loss: 0.3270
2026-08-25 16:39:29 - train: epoch 58, iter:0, loss: 0.0856, lr: 9.22186258423553e-05
2026-08-25 16:39:36 - train: epoch 58, iter:20, loss: 0.0981, lr: 9.22186258423553e-05
2026-08-25 16:39:44 - train: epoch 58, iter:40, loss: 0.0992, lr: 9.22186258423553e-05
2026-08-25 16:40:11 - val epoch: 58, loss: 0.3328
2026-08-25 16:40:13 - train: epoch 59, iter:0, loss: 0.0938, lr: 9.195171441101671e-05
2026-08-25 16:40:20 - train: epoch 59, iter:20, loss: 0.0934, lr: 9.195171441101671e-05
2026-08-25 16:40:28 - train: epoch 59, iter:40, loss: 0.0951, lr: 9.195171441101671e-05
2026-08-25 16:40:54 - val epoch: 59, loss: 0.3434
2026-08-25 16:40:56 - train: epoch 60, iter:0, loss: 0.1017, lr: 9.168075080778497e-05
2026-08-25 16:41:04 - train: epoch 60, iter:20, loss: 0.0999, lr: 9.168075080778497e-05
2026-08-25 16:41:12 - train: epoch 60, iter:40, loss: 0.0988, lr: 9.168075080778497e-05
2026-08-25 16:41:40 - val epoch: 60, loss: 0.3382, miou: 0.806720353767738, f1_or_dsc: 0.8930218249718633, accuracy: 0.9477915433373781, specificity: 0.9647052527641309, sensitivity: 0.8952202595101737
2026-08-25 16:41:43 - train: epoch 61, iter:0, loss: 0.0841, lr: 9.140576474687266e-05
2026-08-25 16:41:50 - train: epoch 61, iter:20, loss: 0.1011, lr: 9.140576474687266e-05
2026-08-25 16:41:58 - train: epoch 61, iter:40, loss: 0.0981, lr: 9.140576474687266e-05
2026-08-25 16:42:20 - val epoch: 61, loss: 0.3344
2026-08-25 16:42:23 - train: epoch 62, iter:0, loss: 0.0899, lr: 9.112678638360019e-05
2026-08-25 16:42:30 - train: epoch 62, iter:20, loss: 0.0940, lr: 9.112678638360019e-05
2026-08-25 16:42:38 - train: epoch 62, iter:40, loss: 0.0937, lr: 9.112678638360019e-05
2026-08-25 16:43:00 - val epoch: 62, loss: 0.3473
2026-08-25 16:43:02 - train: epoch 63, iter:0, loss: 0.1099, lr: 9.084384631108886e-05
2026-08-25 16:43:09 - train: epoch 63, iter:20, loss: 0.0936, lr: 9.084384631108886e-05
2026-08-25 16:43:17 - train: epoch 63, iter:40, loss: 0.0929, lr: 9.084384631108886e-05
2026-08-25 16:43:47 - val epoch: 63, loss: 0.3371
2026-08-25 16:43:49 - train: epoch 64, iter:0, loss: 0.0951, lr: 9.055697555690608e-05
2026-08-25 16:43:57 - train: epoch 64, iter:20, loss: 0.0892, lr: 9.055697555690608e-05
2026-08-25 16:44:04 - train: epoch 64, iter:40, loss: 0.0913, lr: 9.055697555690608e-05
2026-08-25 16:44:32 - val epoch: 64, loss: 0.3353
2026-08-25 16:44:34 - train: epoch 65, iter:0, loss: 0.0834, lr: 9.026620557966282e-05
2026-08-25 16:44:42 - train: epoch 65, iter:20, loss: 0.0885, lr: 9.026620557966282e-05
2026-08-25 16:44:49 - train: epoch 65, iter:40, loss: 0.0900, lr: 9.026620557966282e-05
2026-08-25 16:45:11 - val epoch: 65, loss: 0.3529
2026-08-25 16:45:13 - train: epoch 66, iter:0, loss: 0.0980, lr: 8.997156826556372e-05
2026-08-25 16:45:21 - train: epoch 66, iter:20, loss: 0.0873, lr: 8.997156826556372e-05
2026-08-25 16:45:28 - train: epoch 66, iter:40, loss: 0.0890, lr: 8.997156826556372e-05
2026-08-25 16:45:50 - val epoch: 66, loss: 0.3595
2026-08-25 16:45:52 - train: epoch 67, iter:0, loss: 0.1064, lr: 8.967309592491055e-05
2026-08-25 16:46:00 - train: epoch 67, iter:20, loss: 0.0861, lr: 8.967309592491055e-05
2026-08-25 16:46:07 - train: epoch 67, iter:40, loss: 0.0889, lr: 8.967309592491055e-05
2026-08-25 16:46:29 - val epoch: 67, loss: 0.3553
2026-08-25 16:46:31 - train: epoch 68, iter:0, loss: 0.1062, lr: 8.937082128855894e-05
2026-08-25 16:46:39 - train: epoch 68, iter:20, loss: 0.0861, lr: 8.937082128855894e-05
2026-08-25 16:46:46 - train: epoch 68, iter:40, loss: 0.0872, lr: 8.937082128855894e-05
2026-08-25 16:47:08 - val epoch: 68, loss: 0.3679
2026-08-25 16:47:10 - train: epoch 69, iter:0, loss: 0.0960, lr: 8.906477750432907e-05
2026-08-25 16:47:18 - train: epoch 69, iter:20, loss: 0.0888, lr: 8.906477750432907e-05
2026-08-25 16:47:26 - train: epoch 69, iter:40, loss: 0.0881, lr: 8.906477750432907e-05
2026-08-25 16:47:47 - val epoch: 69, loss: 0.3523
2026-08-25 16:47:49 - train: epoch 70, iter:0, loss: 0.0886, lr: 8.875499813337071e-05
2026-08-25 16:47:57 - train: epoch 70, iter:20, loss: 0.0866, lr: 8.875499813337071e-05
2026-08-25 16:48:05 - train: epoch 70, iter:40, loss: 0.0857, lr: 8.875499813337071e-05
2026-08-25 16:48:26 - val epoch: 70, loss: 0.3465
2026-08-25 16:48:28 - train: epoch 71, iter:0, loss: 0.0815, lr: 8.844151714648278e-05
2026-08-25 16:48:36 - train: epoch 71, iter:20, loss: 0.0849, lr: 8.844151714648278e-05
2026-08-25 16:48:44 - train: epoch 71, iter:40, loss: 0.0863, lr: 8.844151714648278e-05
2026-08-25 16:49:05 - val epoch: 71, loss: 0.3692
2026-08-25 16:49:07 - train: epoch 72, iter:0, loss: 0.0849, lr: 8.812436892038808e-05
2026-08-25 16:49:15 - train: epoch 72, iter:20, loss: 0.0902, lr: 8.812436892038808e-05
2026-08-25 16:49:23 - train: epoch 72, iter:40, loss: 0.0875, lr: 8.812436892038808e-05
2026-08-25 16:49:44 - val epoch: 72, loss: 0.3754
2026-08-25 16:49:46 - train: epoch 73, iter:0, loss: 0.0828, lr: 8.780358823396356e-05
2026-08-25 16:49:54 - train: epoch 73, iter:20, loss: 0.0832, lr: 8.780358823396356e-05
2026-08-25 16:50:02 - train: epoch 73, iter:40, loss: 0.0840, lr: 8.780358823396356e-05
2026-08-25 16:50:23 - val epoch: 73, loss: 0.3566
2026-08-25 16:50:25 - train: epoch 74, iter:0, loss: 0.0846, lr: 8.747921026442633e-05
2026-08-25 16:50:33 - train: epoch 74, iter:20, loss: 0.0864, lr: 8.747921026442633e-05
2026-08-25 16:50:41 - train: epoch 74, iter:40, loss: 0.0851, lr: 8.747921026442633e-05
2026-08-25 16:51:02 - val epoch: 74, loss: 0.3478
2026-08-25 16:51:04 - train: epoch 75, iter:0, loss: 0.0733, lr: 8.715127058347619e-05
2026-08-25 16:51:12 - train: epoch 75, iter:20, loss: 0.0819, lr: 8.715127058347619e-05
2026-08-25 16:51:19 - train: epoch 75, iter:40, loss: 0.0815, lr: 8.715127058347619e-05
2026-08-25 16:51:41 - val epoch: 75, loss: 0.3767
2026-08-25 16:51:44 - train: epoch 76, iter:0, loss: 0.0952, lr: 8.681980515339468e-05
2026-08-25 16:51:51 - train: epoch 76, iter:20, loss: 0.0838, lr: 8.681980515339468e-05
2026-08-25 16:51:59 - train: epoch 76, iter:40, loss: 0.0831, lr: 8.681980515339468e-05
2026-08-25 16:52:20 - val epoch: 76, loss: 0.3855
2026-08-25 16:52:22 - train: epoch 77, iter:0, loss: 0.0679, lr: 8.648485032310149e-05
2026-08-25 16:52:30 - train: epoch 77, iter:20, loss: 0.0807, lr: 8.648485032310149e-05
2026-08-25 16:52:38 - train: epoch 77, iter:40, loss: 0.0809, lr: 8.648485032310149e-05
2026-08-25 16:52:59 - val epoch: 77, loss: 0.3646
2026-08-25 16:53:01 - train: epoch 78, iter:0, loss: 0.0808, lr: 8.614644282416834e-05
2026-08-25 16:53:09 - train: epoch 78, iter:20, loss: 0.0817, lr: 8.614644282416834e-05
2026-08-25 16:53:17 - train: epoch 78, iter:40, loss: 0.0813, lr: 8.614644282416834e-05
2026-08-25 16:53:38 - val epoch: 78, loss: 0.3643
2026-08-25 16:53:40 - train: epoch 79, iter:0, loss: 0.0870, lr: 8.580461976679102e-05
2026-08-25 16:53:48 - train: epoch 79, iter:20, loss: 0.0802, lr: 8.580461976679102e-05
2026-08-25 16:53:56 - train: epoch 79, iter:40, loss: 0.0795, lr: 8.580461976679102e-05
2026-08-25 16:54:17 - val epoch: 79, loss: 0.3534
2026-08-25 16:54:19 - train: epoch 80, iter:0, loss: 0.0764, lr: 8.545941863571975e-05
2026-08-25 16:54:27 - train: epoch 80, iter:20, loss: 0.0783, lr: 8.545941863571975e-05
2026-08-25 16:54:34 - train: epoch 80, iter:40, loss: 0.0784, lr: 8.545941863571975e-05
2026-08-25 16:54:56 - val epoch: 80, loss: 0.3785
2026-08-25 16:54:58 - train: epoch 81, iter:0, loss: 0.0895, lr: 8.511087728614864e-05
2026-08-25 16:55:06 - train: epoch 81, iter:20, loss: 0.0790, lr: 8.511087728614864e-05
2026-08-25 16:55:13 - train: epoch 81, iter:40, loss: 0.0780, lr: 8.511087728614864e-05
2026-08-25 16:55:35 - val epoch: 81, loss: 0.3703
2026-08-25 16:55:38 - train: epoch 82, iter:0, loss: 0.0729, lr: 8.475903393956435e-05
2026-08-25 16:55:45 - train: epoch 82, iter:20, loss: 0.0793, lr: 8.475903393956435e-05
2026-08-25 16:55:53 - train: epoch 82, iter:40, loss: 0.0785, lr: 8.475903393956435e-05
2026-08-25 16:56:14 - val epoch: 82, loss: 0.3569
2026-08-25 16:56:17 - train: epoch 83, iter:0, loss: 0.0827, lr: 8.440392717955477e-05
2026-08-25 16:56:24 - train: epoch 83, iter:20, loss: 0.0768, lr: 8.440392717955477e-05
2026-08-25 16:56:32 - train: epoch 83, iter:40, loss: 0.0761, lr: 8.440392717955477e-05
2026-08-25 16:56:54 - val epoch: 83, loss: 0.3590
2026-08-25 16:56:56 - train: epoch 84, iter:0, loss: 0.0768, lr: 8.40455959475778e-05
2026-08-25 16:57:03 - train: epoch 84, iter:20, loss: 0.0758, lr: 8.40455959475778e-05
2026-08-25 16:57:11 - train: epoch 84, iter:40, loss: 0.0767, lr: 8.40455959475778e-05
2026-08-25 16:57:33 - val epoch: 84, loss: 0.3772
2026-08-25 16:57:35 - train: epoch 85, iter:0, loss: 0.0829, lr: 8.368407953869106e-05
2026-08-25 16:57:43 - train: epoch 85, iter:20, loss: 0.0759, lr: 8.368407953869106e-05
2026-08-25 16:57:50 - train: epoch 85, iter:40, loss: 0.0755, lr: 8.368407953869106e-05
2026-08-25 16:58:12 - val epoch: 85, loss: 0.3881
2026-08-25 16:58:14 - train: epoch 86, iter:0, loss: 0.0763, lr: 8.331941759724271e-05
2026-08-25 16:58:22 - train: epoch 86, iter:20, loss: 0.0764, lr: 8.331941759724271e-05
2026-08-25 16:58:29 - train: epoch 86, iter:40, loss: 0.0760, lr: 8.331941759724271e-05
2026-08-25 16:58:51 - val epoch: 86, loss: 0.3677
2026-08-25 16:58:53 - train: epoch 87, iter:0, loss: 0.0757, lr: 8.2951650112524e-05
2026-08-25 16:59:01 - train: epoch 87, iter:20, loss: 0.0722, lr: 8.2951650112524e-05
2026-08-25 16:59:08 - train: epoch 87, iter:40, loss: 0.0741, lr: 8.2951650112524e-05
2026-08-25 16:59:30 - val epoch: 87, loss: 0.3861
2026-08-25 16:59:32 - train: epoch 88, iter:0, loss: 0.0680, lr: 8.258081741438397e-05
2026-08-25 16:59:40 - train: epoch 88, iter:20, loss: 0.0739, lr: 8.258081741438397e-05
2026-08-25 16:59:47 - train: epoch 88, iter:40, loss: 0.0755, lr: 8.258081741438397e-05
2026-08-25 17:00:09 - val epoch: 88, loss: 0.3717
2026-08-25 17:00:11 - train: epoch 89, iter:0, loss: 0.0696, lr: 8.22069601688069e-05
2026-08-25 17:00:19 - train: epoch 89, iter:20, loss: 0.0747, lr: 8.22069601688069e-05
2026-08-25 17:00:26 - train: epoch 89, iter:40, loss: 0.0752, lr: 8.22069601688069e-05
2026-08-25 17:00:48 - val epoch: 89, loss: 0.3740
2026-08-25 17:00:50 - train: epoch 90, iter:0, loss: 0.0738, lr: 8.183011937345273e-05
2026-08-25 17:00:58 - train: epoch 90, iter:20, loss: 0.0736, lr: 8.183011937345273e-05
2026-08-25 17:01:06 - train: epoch 90, iter:40, loss: 0.0745, lr: 8.183011937345273e-05
2026-08-25 17:01:31 - val epoch: 90, loss: 0.3869, miou: 0.8032794380934942, f1_or_dsc: 0.8909095519247492, accuracy: 0.947919505657536, specificity: 0.9718098497492618, sensitivity: 0.8736634079390106
2026-08-25 17:01:34 - train: epoch 91, iter:0, loss: 0.0615, lr: 8.145033635316131e-05
2026-08-25 17:01:41 - train: epoch 91, iter:20, loss: 0.0736, lr: 8.145033635316131e-05
2026-08-25 17:01:49 - train: epoch 91, iter:40, loss: 0.0728, lr: 8.145033635316131e-05
2026-08-25 17:02:11 - val epoch: 91, loss: 0.3932
2026-08-25 17:02:13 - train: epoch 92, iter:0, loss: 0.0633, lr: 8.106765275542056e-05
2026-08-25 17:02:21 - train: epoch 92, iter:20, loss: 0.0702, lr: 8.106765275542056e-05
2026-08-25 17:02:28 - train: epoch 92, iter:40, loss: 0.0725, lr: 8.106765275542056e-05
2026-08-25 17:02:50 - val epoch: 92, loss: 0.3885
2026-08-25 17:02:52 - train: epoch 93, iter:0, loss: 0.0672, lr: 8.068211054579945e-05
2026-08-25 17:03:00 - train: epoch 93, iter:20, loss: 0.0721, lr: 8.068211054579945e-05
2026-08-25 17:03:07 - train: epoch 93, iter:40, loss: 0.0725, lr: 8.068211054579945e-05
2026-08-25 17:03:29 - val epoch: 93, loss: 0.3877
2026-08-25 17:03:31 - train: epoch 94, iter:0, loss: 0.0672, lr: 8.02937520033459e-05
2026-08-25 17:03:39 - train: epoch 94, iter:20, loss: 0.0707, lr: 8.02937520033459e-05
2026-08-25 17:03:46 - train: epoch 94, iter:40, loss: 0.0702, lr: 8.02937520033459e-05
2026-08-25 17:04:08 - val epoch: 94, loss: 0.3961
2026-08-25 17:04:10 - train: epoch 95, iter:0, loss: 0.0694, lr: 7.99026197159505e-05
2026-08-25 17:04:18 - train: epoch 95, iter:20, loss: 0.0683, lr: 7.99026197159505e-05
2026-08-25 17:04:25 - train: epoch 95, iter:40, loss: 0.0704, lr: 7.99026197159505e-05
2026-08-25 17:04:47 - val epoch: 95, loss: 0.3900
2026-08-25 17:04:49 - train: epoch 96, iter:0, loss: 0.0705, lr: 7.950875657567623e-05
2026-08-25 17:04:57 - train: epoch 96, iter:20, loss: 0.0726, lr: 7.950875657567623e-05
2026-08-25 17:05:04 - train: epoch 96, iter:40, loss: 0.0722, lr: 7.950875657567623e-05
2026-08-25 17:05:26 - val epoch: 96, loss: 0.3611
2026-08-25 17:05:28 - train: epoch 97, iter:0, loss: 0.0775, lr: 7.911220577405486e-05
2026-08-25 17:05:36 - train: epoch 97, iter:20, loss: 0.0727, lr: 7.911220577405486e-05
2026-08-25 17:05:43 - train: epoch 97, iter:40, loss: 0.0706, lr: 7.911220577405486e-05
2026-08-25 17:06:07 - val epoch: 97, loss: 0.3745
2026-08-25 17:06:09 - train: epoch 98, iter:0, loss: 0.0787, lr: 7.871301079735051e-05
2026-08-25 17:06:16 - train: epoch 98, iter:20, loss: 0.0724, lr: 7.871301079735051e-05
2026-08-25 17:06:24 - train: epoch 98, iter:40, loss: 0.0735, lr: 7.871301079735051e-05
2026-08-25 17:06:45 - val epoch: 98, loss: 0.3874
2026-08-25 17:06:48 - train: epoch 99, iter:0, loss: 0.0741, lr: 7.831121542179088e-05
2026-08-25 17:06:55 - train: epoch 99, iter:20, loss: 0.0710, lr: 7.831121542179088e-05
2026-08-25 17:07:03 - train: epoch 99, iter:40, loss: 0.0707, lr: 7.831121542179088e-05
2026-08-25 17:07:24 - val epoch: 99, loss: 0.3708
2026-08-25 17:07:27 - train: epoch 100, iter:0, loss: 0.0676, lr: 7.790686370876673e-05
2026-08-25 17:07:34 - train: epoch 100, iter:20, loss: 0.0687, lr: 7.790686370876673e-05
2026-08-25 17:07:42 - train: epoch 100, iter:40, loss: 0.0685, lr: 7.790686370876673e-05
2026-08-25 17:08:04 - val epoch: 100, loss: 0.3839
2026-08-25 17:08:06 - train: epoch 101, iter:0, loss: 0.0710, lr: 7.750000000000003e-05
2026-08-25 17:08:13 - train: epoch 101, iter:20, loss: 0.0685, lr: 7.750000000000003e-05
2026-08-25 17:08:21 - train: epoch 101, iter:40, loss: 0.0686, lr: 7.750000000000003e-05
2026-08-25 17:08:42 - val epoch: 101, loss: 0.3689
2026-08-25 17:08:45 - train: epoch 102, iter:0, loss: 0.0693, lr: 7.709066891268137e-05
2026-08-25 17:08:52 - train: epoch 102, iter:20, loss: 0.0693, lr: 7.709066891268137e-05
2026-08-25 17:09:00 - train: epoch 102, iter:40, loss: 0.0688, lr: 7.709066891268137e-05
2026-08-25 17:09:21 - val epoch: 102, loss: 0.3882
2026-08-25 17:09:24 - train: epoch 103, iter:0, loss: 0.0737, lr: 7.667891533457722e-05
2026-08-25 17:09:31 - train: epoch 103, iter:20, loss: 0.0694, lr: 7.667891533457722e-05
2026-08-25 17:09:39 - train: epoch 103, iter:40, loss: 0.0673, lr: 7.667891533457722e-05
2026-08-25 17:10:01 - val epoch: 103, loss: 0.3928
2026-08-25 17:10:03 - train: epoch 104, iter:0, loss: 0.0801, lr: 7.626478441910747e-05
2026-08-25 17:10:11 - train: epoch 104, iter:20, loss: 0.0663, lr: 7.626478441910747e-05
2026-08-25 17:10:18 - train: epoch 104, iter:40, loss: 0.0673, lr: 7.626478441910747e-05
2026-08-25 17:10:40 - val epoch: 104, loss: 0.4048
2026-08-25 17:10:43 - train: epoch 105, iter:0, loss: 0.0664, lr: 7.584832158039382e-05
2026-08-25 17:10:50 - train: epoch 105, iter:20, loss: 0.0675, lr: 7.584832158039382e-05
2026-08-25 17:10:58 - train: epoch 105, iter:40, loss: 0.0680, lr: 7.584832158039382e-05
2026-08-25 17:11:19 - val epoch: 105, loss: 0.4025
2026-08-25 17:11:22 - train: epoch 106, iter:0, loss: 0.0652, lr: 7.542957248827964e-05
2026-08-25 17:11:29 - train: epoch 106, iter:20, loss: 0.0672, lr: 7.542957248827964e-05
2026-08-25 17:11:37 - train: epoch 106, iter:40, loss: 0.0685, lr: 7.542957248827964e-05
2026-08-25 17:11:59 - val epoch: 106, loss: 0.3981
2026-08-25 17:12:01 - train: epoch 107, iter:0, loss: 0.0607, lr: 7.500858306332177e-05
2026-08-25 17:12:09 - train: epoch 107, iter:20, loss: 0.0644, lr: 7.500858306332177e-05
2026-08-25 17:12:16 - train: epoch 107, iter:40, loss: 0.0654, lr: 7.500858306332177e-05
2026-08-25 17:12:38 - val epoch: 107, loss: 0.3919
2026-08-25 17:12:41 - train: epoch 108, iter:0, loss: 0.0627, lr: 7.458539947175478e-05
2026-08-25 17:12:48 - train: epoch 108, iter:20, loss: 0.0665, lr: 7.458539947175478e-05
2026-08-25 17:12:56 - train: epoch 108, iter:40, loss: 0.0663, lr: 7.458539947175478e-05
2026-08-25 17:13:18 - val epoch: 108, loss: 0.3880
2026-08-25 17:13:20 - train: epoch 109, iter:0, loss: 0.0690, lr: 7.41600681204283e-05
2026-08-25 17:13:28 - train: epoch 109, iter:20, loss: 0.0653, lr: 7.41600681204283e-05
2026-08-25 17:13:36 - train: epoch 109, iter:40, loss: 0.0659, lr: 7.41600681204283e-05
2026-08-25 17:13:57 - val epoch: 109, loss: 0.3894
2026-08-25 17:14:00 - train: epoch 110, iter:0, loss: 0.0808, lr: 7.373263565171809e-05
2026-08-25 17:14:07 - train: epoch 110, iter:20, loss: 0.0649, lr: 7.373263565171809e-05
2026-08-25 17:14:15 - train: epoch 110, iter:40, loss: 0.0660, lr: 7.373263565171809e-05
2026-08-25 17:14:37 - val epoch: 110, loss: 0.3835
2026-08-25 17:14:39 - train: epoch 111, iter:0, loss: 0.0584, lr: 7.330314893841104e-05
2026-08-25 17:14:47 - train: epoch 111, iter:20, loss: 0.0657, lr: 7.330314893841104e-05
2026-08-25 17:14:54 - train: epoch 111, iter:40, loss: 0.0660, lr: 7.330314893841104e-05
2026-08-25 17:15:16 - val epoch: 111, loss: 0.3924
2026-08-25 17:15:18 - train: epoch 112, iter:0, loss: 0.0661, lr: 7.287165507856516e-05
2026-08-25 17:15:26 - train: epoch 112, iter:20, loss: 0.0652, lr: 7.287165507856516e-05
2026-08-25 17:15:33 - train: epoch 112, iter:40, loss: 0.0645, lr: 7.287165507856516e-05
2026-08-25 17:15:55 - val epoch: 112, loss: 0.4005
2026-08-25 17:15:57 - train: epoch 113, iter:0, loss: 0.0591, lr: 7.243820139034467e-05
2026-08-25 17:16:05 - train: epoch 113, iter:20, loss: 0.0647, lr: 7.243820139034467e-05
2026-08-25 17:16:12 - train: epoch 113, iter:40, loss: 0.0645, lr: 7.243820139034467e-05
2026-08-25 17:16:34 - val epoch: 113, loss: 0.4029
2026-08-25 17:16:36 - train: epoch 114, iter:0, loss: 0.0603, lr: 7.200283540683105e-05
2026-08-25 17:16:44 - train: epoch 114, iter:20, loss: 0.0651, lr: 7.200283540683105e-05
2026-08-25 17:16:51 - train: epoch 114, iter:40, loss: 0.0648, lr: 7.200283540683105e-05
2026-08-25 17:17:13 - val epoch: 114, loss: 0.4027
2026-08-25 17:17:15 - train: epoch 115, iter:0, loss: 0.0596, lr: 7.156560487081054e-05
2026-08-25 17:17:23 - train: epoch 115, iter:20, loss: 0.0644, lr: 7.156560487081054e-05
2026-08-25 17:17:31 - train: epoch 115, iter:40, loss: 0.0655, lr: 7.156560487081054e-05
2026-08-25 17:17:52 - val epoch: 115, loss: 0.4029
2026-08-25 17:17:54 - train: epoch 116, iter:0, loss: 0.0698, lr: 7.112655772953852e-05
2026-08-25 17:18:02 - train: epoch 116, iter:20, loss: 0.0670, lr: 7.112655772953852e-05
2026-08-25 17:18:10 - train: epoch 116, iter:40, loss: 0.0661, lr: 7.112655772953852e-05
2026-08-25 17:18:31 - val epoch: 116, loss: 0.4073
2026-08-25 17:18:33 - train: epoch 117, iter:0, loss: 0.0632, lr: 7.06857421294817e-05
2026-08-25 17:18:41 - train: epoch 117, iter:20, loss: 0.0642, lr: 7.06857421294817e-05
2026-08-25 17:18:49 - train: epoch 117, iter:40, loss: 0.0632, lr: 7.06857421294817e-05
2026-08-25 17:19:10 - val epoch: 117, loss: 0.4155
2026-08-25 17:19:12 - train: epoch 118, iter:0, loss: 0.0599, lr: 7.024320641103815e-05
2026-08-25 17:19:20 - train: epoch 118, iter:20, loss: 0.0690, lr: 7.024320641103815e-05
2026-08-25 17:19:28 - train: epoch 118, iter:40, loss: 0.0674, lr: 7.024320641103815e-05
2026-08-25 17:19:50 - val epoch: 118, loss: 0.3885
2026-08-25 17:19:52 - train: epoch 119, iter:0, loss: 0.0670, lr: 6.979899910323627e-05
2026-08-25 17:19:59 - train: epoch 119, iter:20, loss: 0.0643, lr: 6.979899910323627e-05
2026-08-25 17:20:07 - train: epoch 119, iter:40, loss: 0.0638, lr: 6.979899910323627e-05
2026-08-25 17:20:29 - val epoch: 119, loss: 0.3962
2026-08-25 17:20:31 - train: epoch 120, iter:0, loss: 0.0547, lr: 6.935316891841318e-05
2026-08-25 17:20:39 - train: epoch 120, iter:20, loss: 0.0609, lr: 6.935316891841318e-05
2026-08-25 17:20:46 - train: epoch 120, iter:40, loss: 0.0618, lr: 6.935316891841318e-05
2026-08-25 17:21:12 - val epoch: 120, loss: 0.3979, miou: 0.8038822077322355, f1_or_dsc: 0.8912801559729804, accuracy: 0.9479329515211653, specificity: 0.9708249881431967, sensitivity: 0.8767797985211478
2026-08-25 17:21:15 - train: epoch 121, iter:0, loss: 0.0577, lr: 6.890576474687267e-05
2026-08-25 17:21:22 - train: epoch 121, iter:20, loss: 0.0607, lr: 6.890576474687267e-05
2026-08-25 17:21:30 - train: epoch 121, iter:40, loss: 0.0612, lr: 6.890576474687267e-05
2026-08-25 17:21:51 - val epoch: 121, loss: 0.4102
2026-08-25 17:21:54 - train: epoch 122, iter:0, loss: 0.0585, lr: 6.845683565152394e-05
2026-08-25 17:22:01 - train: epoch 122, iter:20, loss: 0.0630, lr: 6.845683565152394e-05
2026-08-25 17:22:09 - train: epoch 122, iter:40, loss: 0.0628, lr: 6.845683565152394e-05
2026-08-25 17:22:31 - val epoch: 122, loss: 0.4046
2026-08-25 17:22:33 - train: epoch 123, iter:0, loss: 0.0678, lr: 6.800643086250126e-05
2026-08-25 17:22:41 - train: epoch 123, iter:20, loss: 0.0608, lr: 6.800643086250126e-05
2026-08-25 17:22:48 - train: epoch 123, iter:40, loss: 0.0620, lr: 6.800643086250126e-05
2026-08-25 17:23:10 - val epoch: 123, loss: 0.4047
2026-08-25 17:23:12 - train: epoch 124, iter:0, loss: 0.0591, lr: 6.755459977176537e-05
2026-08-25 17:23:20 - train: epoch 124, iter:20, loss: 0.0620, lr: 6.755459977176537e-05
2026-08-25 17:23:28 - train: epoch 124, iter:40, loss: 0.0624, lr: 6.755459977176537e-05
2026-08-25 17:23:49 - val epoch: 124, loss: 0.4067
2026-08-25 17:23:52 - train: epoch 125, iter:0, loss: 0.0606, lr: 6.710139192768701e-05
2026-08-25 17:23:59 - train: epoch 125, iter:20, loss: 0.0604, lr: 6.710139192768701e-05
2026-08-25 17:24:07 - train: epoch 125, iter:40, loss: 0.0607, lr: 6.710139192768701e-05
2026-08-25 17:24:29 - val epoch: 125, loss: 0.4214
2026-08-25 17:24:31 - train: epoch 126, iter:0, loss: 0.0662, lr: 6.66468570296135e-05
2026-08-25 17:24:39 - train: epoch 126, iter:20, loss: 0.0598, lr: 6.66468570296135e-05
2026-08-25 17:24:46 - train: epoch 126, iter:40, loss: 0.0605, lr: 6.66468570296135e-05
2026-08-25 17:25:08 - val epoch: 126, loss: 0.4107
2026-08-25 17:25:10 - train: epoch 127, iter:0, loss: 0.0621, lr: 6.619104492241852e-05
2026-08-25 17:25:18 - train: epoch 127, iter:20, loss: 0.0593, lr: 6.619104492241852e-05
2026-08-25 17:25:26 - train: epoch 127, iter:40, loss: 0.0605, lr: 6.619104492241852e-05
2026-08-25 17:25:48 - val epoch: 127, loss: 0.4312
2026-08-25 17:25:50 - train: epoch 128, iter:0, loss: 0.0620, lr: 6.57340055910362e-05
2026-08-25 17:25:57 - train: epoch 128, iter:20, loss: 0.0606, lr: 6.57340055910362e-05
2026-08-25 17:26:05 - train: epoch 128, iter:40, loss: 0.0609, lr: 6.57340055910362e-05
2026-08-25 17:26:26 - val epoch: 128, loss: 0.3920
2026-08-25 17:26:29 - train: epoch 129, iter:0, loss: 0.0601, lr: 6.527578915497956e-05
2026-08-25 17:26:36 - train: epoch 129, iter:20, loss: 0.0601, lr: 6.527578915497956e-05
2026-08-25 17:26:44 - train: epoch 129, iter:40, loss: 0.0598, lr: 6.527578915497956e-05
2026-08-25 17:27:06 - val epoch: 129, loss: 0.4050
2026-08-25 17:27:08 - train: epoch 130, iter:0, loss: 0.0604, lr: 6.481644586284449e-05
2026-08-25 17:27:16 - train: epoch 130, iter:20, loss: 0.0604, lr: 6.481644586284449e-05
2026-08-25 17:27:23 - train: epoch 130, iter:40, loss: 0.0615, lr: 6.481644586284449e-05
2026-08-25 17:27:48 - val epoch: 130, loss: 0.4087
2026-08-25 17:27:50 - train: epoch 131, iter:0, loss: 0.0579, lr: 6.435602608679923e-05
2026-08-25 17:27:58 - train: epoch 131, iter:20, loss: 0.0588, lr: 6.435602608679923e-05
2026-08-25 17:28:05 - train: epoch 131, iter:40, loss: 0.0590, lr: 6.435602608679923e-05
2026-08-25 17:28:31 - val epoch: 131, loss: 0.4132
2026-08-25 17:28:35 - train: epoch 132, iter:0, loss: 0.0586, lr: 6.389458031706073e-05
2026-08-25 17:28:42 - train: epoch 132, iter:20, loss: 0.0605, lr: 6.389458031706073e-05
2026-08-25 17:28:50 - train: epoch 132, iter:40, loss: 0.0595, lr: 6.389458031706073e-05
2026-08-25 17:29:11 - val epoch: 132, loss: 0.4049
2026-08-25 17:29:14 - train: epoch 133, iter:0, loss: 0.0595, lr: 6.343215915635769e-05
2026-08-25 17:29:21 - train: epoch 133, iter:20, loss: 0.0574, lr: 6.343215915635769e-05
2026-08-25 17:29:29 - train: epoch 133, iter:40, loss: 0.0576, lr: 6.343215915635769e-05
2026-08-25 17:29:50 - val epoch: 133, loss: 0.4161
2026-08-25 17:29:53 - train: epoch 134, iter:0, loss: 0.0559, lr: 6.296881331438133e-05
2026-08-25 17:30:00 - train: epoch 134, iter:20, loss: 0.0608, lr: 6.296881331438133e-05
2026-08-25 17:30:08 - train: epoch 134, iter:40, loss: 0.0587, lr: 6.296881331438133e-05
2026-08-25 17:30:31 - val epoch: 134, loss: 0.4227
2026-08-25 17:30:34 - train: epoch 135, iter:0, loss: 0.0687, lr: 6.250459360222469e-05
2026-08-25 17:30:41 - train: epoch 135, iter:20, loss: 0.0581, lr: 6.250459360222469e-05
2026-08-25 17:30:49 - train: epoch 135, iter:40, loss: 0.0580, lr: 6.250459360222469e-05
2026-08-25 17:31:16 - val epoch: 135, loss: 0.4259
2026-08-25 17:31:18 - train: epoch 136, iter:0, loss: 0.0576, lr: 6.203955092681049e-05
2026-08-25 17:31:25 - train: epoch 136, iter:20, loss: 0.0575, lr: 6.203955092681049e-05
2026-08-25 17:31:33 - train: epoch 136, iter:40, loss: 0.0582, lr: 6.203955092681049e-05
2026-08-25 17:32:01 - val epoch: 136, loss: 0.4187
2026-08-25 17:32:03 - train: epoch 137, iter:0, loss: 0.0608, lr: 6.157373628530863e-05
2026-08-25 17:32:11 - train: epoch 137, iter:20, loss: 0.0587, lr: 6.157373628530863e-05
2026-08-25 17:32:18 - train: epoch 137, iter:40, loss: 0.0585, lr: 6.157373628530863e-05
2026-08-25 17:32:45 - val epoch: 137, loss: 0.4094
2026-08-25 17:32:48 - train: epoch 138, iter:0, loss: 0.0592, lr: 6.11072007595438e-05
2026-08-25 17:32:55 - train: epoch 138, iter:20, loss: 0.0562, lr: 6.11072007595438e-05
2026-08-25 17:33:03 - train: epoch 138, iter:40, loss: 0.0571, lr: 6.11072007595438e-05
2026-08-25 17:33:26 - val epoch: 138, loss: 0.4124
2026-08-25 17:33:29 - train: epoch 139, iter:0, loss: 0.0540, lr: 6.06399955103938e-05
2026-08-25 17:33:36 - train: epoch 139, iter:20, loss: 0.0558, lr: 6.06399955103938e-05
2026-08-25 17:33:44 - train: epoch 139, iter:40, loss: 0.0569, lr: 6.06399955103938e-05
2026-08-25 17:34:06 - val epoch: 139, loss: 0.4179
2026-08-25 17:34:08 - train: epoch 140, iter:0, loss: 0.0559, lr: 6.017217177217911e-05
2026-08-25 17:34:16 - train: epoch 140, iter:20, loss: 0.0565, lr: 6.017217177217911e-05
2026-08-25 17:34:24 - train: epoch 140, iter:40, loss: 0.0563, lr: 6.017217177217911e-05
2026-08-25 17:34:47 - val epoch: 140, loss: 0.4060
2026-08-25 17:34:49 - train: epoch 141, iter:0, loss: 0.0569, lr: 5.970378084704452e-05
2026-08-25 17:34:57 - train: epoch 141, iter:20, loss: 0.0602, lr: 5.970378084704452e-05
2026-08-25 17:35:04 - train: epoch 141, iter:40, loss: 0.0580, lr: 5.970378084704452e-05
2026-08-25 17:35:31 - val epoch: 141, loss: 0.4126
2026-08-25 17:35:33 - train: epoch 142, iter:0, loss: 0.0535, lr: 5.923487409933326e-05
2026-08-25 17:35:41 - train: epoch 142, iter:20, loss: 0.0564, lr: 5.923487409933326e-05
2026-08-25 17:35:48 - train: epoch 142, iter:40, loss: 0.0570, lr: 5.923487409933326e-05
2026-08-25 17:36:17 - val epoch: 142, loss: 0.4189
2026-08-25 17:36:19 - train: epoch 143, iter:0, loss: 0.0473, lr: 5.8765502949954305e-05
2026-08-25 17:36:26 - train: epoch 143, iter:20, loss: 0.0571, lr: 5.8765502949954305e-05
2026-08-25 17:36:34 - train: epoch 143, iter:40, loss: 0.0568, lr: 5.8765502949954305e-05
2026-08-25 17:37:00 - val epoch: 143, loss: 0.4139
2026-08-25 17:37:03 - train: epoch 144, iter:0, loss: 0.0616, lr: 5.8295718870743535e-05
2026-08-25 17:37:11 - train: epoch 144, iter:20, loss: 0.0561, lr: 5.8295718870743535e-05
2026-08-25 17:37:19 - train: epoch 144, iter:40, loss: 0.0565, lr: 5.8295718870743535e-05
2026-08-25 17:37:43 - val epoch: 144, loss: 0.3992
2026-08-25 17:37:46 - train: epoch 145, iter:0, loss: 0.0570, lr: 5.782557337881921e-05
2026-08-25 17:37:54 - train: epoch 145, iter:20, loss: 0.0562, lr: 5.782557337881921e-05
2026-08-25 17:38:02 - train: epoch 145, iter:40, loss: 0.0559, lr: 5.782557337881921e-05
2026-08-25 17:38:23 - val epoch: 145, loss: 0.4023
2026-08-25 17:38:25 - train: epoch 146, iter:0, loss: 0.0544, lr: 5.7355118030932584e-05
2026-08-25 17:38:33 - train: epoch 146, iter:20, loss: 0.0548, lr: 5.7355118030932584e-05
2026-08-25 17:38:40 - train: epoch 146, iter:40, loss: 0.0550, lr: 5.7355118030932584e-05
2026-08-25 17:39:02 - val epoch: 146, loss: 0.4208
2026-08-25 17:39:04 - train: epoch 147, iter:0, loss: 0.0589, lr: 5.68844044178141e-05
2026-08-25 17:39:12 - train: epoch 147, iter:20, loss: 0.0549, lr: 5.68844044178141e-05
2026-08-25 17:39:20 - train: epoch 147, iter:40, loss: 0.0553, lr: 5.68844044178141e-05
2026-08-25 17:39:45 - val epoch: 147, loss: 0.4122
2026-08-25 17:39:47 - train: epoch 148, iter:0, loss: 0.0578, lr: 5.641348415851587e-05
2026-08-25 17:39:55 - train: epoch 148, iter:20, loss: 0.0560, lr: 5.641348415851587e-05
2026-08-25 17:40:03 - train: epoch 148, iter:40, loss: 0.0557, lr: 5.641348415851587e-05
2026-08-25 17:40:30 - val epoch: 148, loss: 0.4178
2026-08-25 17:40:32 - train: epoch 149, iter:0, loss: 0.0538, lr: 5.594240889475117e-05
2026-08-25 17:40:40 - train: epoch 149, iter:20, loss: 0.0549, lr: 5.594240889475117e-05
2026-08-25 17:40:47 - train: epoch 149, iter:40, loss: 0.0548, lr: 5.594240889475117e-05
2026-08-25 17:41:17 - val epoch: 149, loss: 0.4182
2026-08-25 17:41:19 - train: epoch 150, iter:0, loss: 0.0553, lr: 5.547123028523116e-05
2026-08-25 17:41:27 - train: epoch 150, iter:20, loss: 0.0545, lr: 5.547123028523116e-05
2026-08-25 17:41:35 - train: epoch 150, iter:40, loss: 0.0545, lr: 5.547123028523116e-05
2026-08-25 17:42:06 - val epoch: 150, loss: 0.4122, miou: 0.8048671589083707, f1_or_dsc: 0.8918852059950769, accuracy: 0.9480283944913657, specificity: 0.9697002485828933, sensitivity: 0.8806678194831783
2026-08-25 17:42:09 - train: epoch 151, iter:0, loss: 0.0486, lr: 5.5000000000000104e-05
2026-08-25 17:42:16 - train: epoch 151, iter:20, loss: 0.0528, lr: 5.5000000000000104e-05
2026-08-25 17:42:24 - train: epoch 151, iter:40, loss: 0.0536, lr: 5.5000000000000104e-05
2026-08-25 17:42:48 - val epoch: 151, loss: 0.4270
2026-08-25 17:42:51 - train: epoch 152, iter:0, loss: 0.0625, lr: 5.4528769714769045e-05
2026-08-25 17:42:59 - train: epoch 152, iter:20, loss: 0.0564, lr: 5.4528769714769045e-05
2026-08-25 17:43:07 - train: epoch 152, iter:40, loss: 0.0560, lr: 5.4528769714769045e-05
2026-08-25 17:43:29 - val epoch: 152, loss: 0.4079
2026-08-25 17:43:32 - train: epoch 153, iter:0, loss: 0.0527, lr: 5.405759110524905e-05
2026-08-25 17:43:39 - train: epoch 153, iter:20, loss: 0.0560, lr: 5.405759110524905e-05
2026-08-25 17:43:47 - train: epoch 153, iter:40, loss: 0.0561, lr: 5.405759110524905e-05
2026-08-25 17:44:10 - val epoch: 153, loss: 0.4196
2026-08-25 17:44:12 - train: epoch 154, iter:0, loss: 0.0512, lr: 5.3586515841484326e-05
2026-08-25 17:44:20 - train: epoch 154, iter:20, loss: 0.0541, lr: 5.3586515841484326e-05
2026-08-25 17:44:27 - train: epoch 154, iter:40, loss: 0.0542, lr: 5.3586515841484326e-05
2026-08-25 17:44:53 - val epoch: 154, loss: 0.4334
2026-08-25 17:44:56 - train: epoch 155, iter:0, loss: 0.0497, lr: 5.311559558218611e-05
2026-08-25 17:45:03 - train: epoch 155, iter:20, loss: 0.0541, lr: 5.311559558218611e-05
2026-08-25 17:45:11 - train: epoch 155, iter:40, loss: 0.0541, lr: 5.311559558218611e-05
2026-08-25 17:45:39 - val epoch: 155, loss: 0.4249
2026-08-25 17:45:41 - train: epoch 156, iter:0, loss: 0.0508, lr: 5.264488196906762e-05
2026-08-25 17:45:48 - train: epoch 156, iter:20, loss: 0.0538, lr: 5.264488196906762e-05
2026-08-25 17:45:56 - train: epoch 156, iter:40, loss: 0.0550, lr: 5.264488196906762e-05
2026-08-25 17:46:22 - val epoch: 156, loss: 0.4228
2026-08-25 17:46:25 - train: epoch 157, iter:0, loss: 0.0500, lr: 5.2174426621181e-05
2026-08-25 17:46:32 - train: epoch 157, iter:20, loss: 0.0522, lr: 5.2174426621181e-05
2026-08-25 17:46:40 - train: epoch 157, iter:40, loss: 0.0528, lr: 5.2174426621181e-05
2026-08-25 17:47:02 - val epoch: 157, loss: 0.4058
2026-08-25 17:47:05 - train: epoch 158, iter:0, loss: 0.0483, lr: 5.170428112925667e-05
2026-08-25 17:47:13 - train: epoch 158, iter:20, loss: 0.0533, lr: 5.170428112925667e-05
2026-08-25 17:47:20 - train: epoch 158, iter:40, loss: 0.0530, lr: 5.170428112925667e-05
2026-08-25 17:47:47 - val epoch: 158, loss: 0.4133
2026-08-25 17:47:50 - train: epoch 159, iter:0, loss: 0.0535, lr: 5.123449705004589e-05
2026-08-25 17:47:57 - train: epoch 159, iter:20, loss: 0.0521, lr: 5.123449705004589e-05
2026-08-25 17:48:05 - train: epoch 159, iter:40, loss: 0.0528, lr: 5.123449705004589e-05
2026-08-25 17:48:27 - val epoch: 159, loss: 0.4306
2026-08-25 17:48:29 - train: epoch 160, iter:0, loss: 0.0532, lr: 5.076512590066694e-05
2026-08-25 17:48:37 - train: epoch 160, iter:20, loss: 0.0541, lr: 5.076512590066694e-05
2026-08-25 17:48:44 - train: epoch 160, iter:40, loss: 0.0533, lr: 5.076512590066694e-05
2026-08-25 17:49:08 - val epoch: 160, loss: 0.4236
2026-08-25 17:49:10 - train: epoch 161, iter:0, loss: 0.0500, lr: 5.0296219152955685e-05
2026-08-25 17:49:18 - train: epoch 161, iter:20, loss: 0.0527, lr: 5.0296219152955685e-05
2026-08-25 17:49:25 - train: epoch 161, iter:40, loss: 0.0524, lr: 5.0296219152955685e-05
2026-08-25 17:49:51 - val epoch: 161, loss: 0.4216
2026-08-25 17:49:53 - train: epoch 162, iter:0, loss: 0.0518, lr: 4.982782822782109e-05
2026-08-25 17:50:01 - train: epoch 162, iter:20, loss: 0.0523, lr: 4.982782822782109e-05
2026-08-25 17:50:09 - train: epoch 162, iter:40, loss: 0.0529, lr: 4.982782822782109e-05
2026-08-25 17:50:36 - val epoch: 162, loss: 0.4252
2026-08-25 17:50:39 - train: epoch 163, iter:0, loss: 0.0514, lr: 4.9360004489606395e-05
2026-08-25 17:50:46 - train: epoch 163, iter:20, loss: 0.0509, lr: 4.9360004489606395e-05
2026-08-25 17:50:54 - train: epoch 163, iter:40, loss: 0.0518, lr: 4.9360004489606395e-05
2026-08-25 17:51:21 - val epoch: 163, loss: 0.4305
2026-08-25 17:51:24 - train: epoch 164, iter:0, loss: 0.0520, lr: 4.889279924045639e-05
2026-08-25 17:51:31 - train: epoch 164, iter:20, loss: 0.0529, lr: 4.889279924045639e-05
2026-08-25 17:51:39 - train: epoch 164, iter:40, loss: 0.0522, lr: 4.889279924045639e-05
2026-08-25 17:52:01 - val epoch: 164, loss: 0.4326
2026-08-25 17:52:03 - train: epoch 165, iter:0, loss: 0.0491, lr: 4.842626371469157e-05
2026-08-25 17:52:11 - train: epoch 165, iter:20, loss: 0.0517, lr: 4.842626371469157e-05
2026-08-25 17:52:18 - train: epoch 165, iter:40, loss: 0.0521, lr: 4.842626371469157e-05
2026-08-25 17:52:40 - val epoch: 165, loss: 0.4326
2026-08-25 17:52:43 - train: epoch 166, iter:0, loss: 0.0505, lr: 4.79604490731897e-05
2026-08-25 17:52:50 - train: epoch 166, iter:20, loss: 0.0532, lr: 4.79604490731897e-05
2026-08-25 17:52:58 - train: epoch 166, iter:40, loss: 0.0523, lr: 4.79604490731897e-05
2026-08-25 17:53:25 - val epoch: 166, loss: 0.4249
2026-08-25 17:53:27 - train: epoch 167, iter:0, loss: 0.0496, lr: 4.749540639777547e-05
2026-08-25 17:53:35 - train: epoch 167, iter:20, loss: 0.0507, lr: 4.749540639777547e-05
2026-08-25 17:53:42 - train: epoch 167, iter:40, loss: 0.0517, lr: 4.749540639777547e-05
2026-08-25 17:54:09 - val epoch: 167, loss: 0.4454
2026-08-25 17:54:12 - train: epoch 168, iter:0, loss: 0.0508, lr: 4.703118668561883e-05
2026-08-25 17:54:20 - train: epoch 168, iter:20, loss: 0.0515, lr: 4.703118668561883e-05
2026-08-25 17:54:28 - train: epoch 168, iter:40, loss: 0.0520, lr: 4.703118668561883e-05
2026-08-25 17:54:52 - val epoch: 168, loss: 0.4308
2026-08-25 17:54:55 - train: epoch 169, iter:0, loss: 0.0510, lr: 4.656784084364247e-05
2026-08-25 17:55:03 - train: epoch 169, iter:20, loss: 0.0503, lr: 4.656784084364247e-05
2026-08-25 17:55:10 - train: epoch 169, iter:40, loss: 0.0512, lr: 4.656784084364247e-05
2026-08-25 17:55:32 - val epoch: 169, loss: 0.4512
2026-08-25 17:55:34 - train: epoch 170, iter:0, loss: 0.0491, lr: 4.61054196829394e-05
2026-08-25 17:55:42 - train: epoch 170, iter:20, loss: 0.0498, lr: 4.61054196829394e-05
2026-08-25 17:55:49 - train: epoch 170, iter:40, loss: 0.0514, lr: 4.61054196829394e-05
2026-08-25 17:56:11 - val epoch: 170, loss: 0.4464
2026-08-25 17:56:14 - train: epoch 171, iter:0, loss: 0.0532, lr: 4.564397391320091e-05
2026-08-25 17:56:21 - train: epoch 171, iter:20, loss: 0.0505, lr: 4.564397391320091e-05
2026-08-25 17:56:29 - train: epoch 171, iter:40, loss: 0.0507, lr: 4.564397391320091e-05
2026-08-25 17:56:51 - val epoch: 171, loss: 0.4376
2026-08-25 17:56:53 - train: epoch 172, iter:0, loss: 0.0496, lr: 4.518355413715567e-05
2026-08-25 17:57:00 - train: epoch 172, iter:20, loss: 0.0509, lr: 4.518355413715567e-05
2026-08-25 17:57:08 - train: epoch 172, iter:40, loss: 0.0507, lr: 4.518355413715567e-05
2026-08-25 17:57:30 - val epoch: 172, loss: 0.4350
2026-08-25 17:57:33 - train: epoch 173, iter:0, loss: 0.0497, lr: 4.472421084502058e-05
2026-08-25 17:57:40 - train: epoch 173, iter:20, loss: 0.0510, lr: 4.472421084502058e-05
2026-08-25 17:57:48 - train: epoch 173, iter:40, loss: 0.0507, lr: 4.472421084502058e-05
2026-08-25 17:58:12 - val epoch: 173, loss: 0.4331
2026-08-25 17:58:15 - train: epoch 174, iter:0, loss: 0.0458, lr: 4.426599440896395e-05
2026-08-25 17:58:23 - train: epoch 174, iter:20, loss: 0.0506, lr: 4.426599440896395e-05
2026-08-25 17:58:31 - train: epoch 174, iter:40, loss: 0.0502, lr: 4.426599440896395e-05
2026-08-25 17:58:52 - val epoch: 174, loss: 0.4440
2026-08-25 17:58:55 - train: epoch 175, iter:0, loss: 0.0498, lr: 4.380895507758162e-05
2026-08-25 17:59:02 - train: epoch 175, iter:20, loss: 0.0506, lr: 4.380895507758162e-05
2026-08-25 17:59:10 - train: epoch 175, iter:40, loss: 0.0505, lr: 4.380895507758162e-05
2026-08-25 17:59:31 - val epoch: 175, loss: 0.4315
2026-08-25 17:59:34 - train: epoch 176, iter:0, loss: 0.0453, lr: 4.335314297038665e-05
2026-08-25 17:59:41 - train: epoch 176, iter:20, loss: 0.0512, lr: 4.335314297038665e-05
2026-08-25 17:59:49 - train: epoch 176, iter:40, loss: 0.0511, lr: 4.335314297038665e-05
2026-08-25 18:00:11 - val epoch: 176, loss: 0.4387
2026-08-25 18:00:13 - train: epoch 177, iter:0, loss: 0.0588, lr: 4.289860807231313e-05
2026-08-25 18:00:21 - train: epoch 177, iter:20, loss: 0.0492, lr: 4.289860807231313e-05
2026-08-25 18:00:28 - train: epoch 177, iter:40, loss: 0.0499, lr: 4.289860807231313e-05
2026-08-25 18:00:50 - val epoch: 177, loss: 0.4394
2026-08-25 18:00:52 - train: epoch 178, iter:0, loss: 0.0472, lr: 4.2445400228234754e-05
2026-08-25 18:01:00 - train: epoch 178, iter:20, loss: 0.0483, lr: 4.2445400228234754e-05
2026-08-25 18:01:07 - train: epoch 178, iter:40, loss: 0.0496, lr: 4.2445400228234754e-05
2026-08-25 18:01:29 - val epoch: 178, loss: 0.4500
2026-08-25 18:01:32 - train: epoch 179, iter:0, loss: 0.0646, lr: 4.1993569137498844e-05
2026-08-25 18:01:39 - train: epoch 179, iter:20, loss: 0.0503, lr: 4.1993569137498844e-05
2026-08-25 18:01:47 - train: epoch 179, iter:40, loss: 0.0498, lr: 4.1993569137498844e-05
2026-08-25 18:02:09 - val epoch: 179, loss: 0.4407
2026-08-25 18:02:11 - train: epoch 180, iter:0, loss: 0.0421, lr: 4.154316434847618e-05
2026-08-25 18:02:18 - train: epoch 180, iter:20, loss: 0.0496, lr: 4.154316434847618e-05
2026-08-25 18:02:26 - train: epoch 180, iter:40, loss: 0.0501, lr: 4.154316434847618e-05
2026-08-25 18:02:52 - val epoch: 180, loss: 0.4515, miou: 0.8005542544864757, f1_or_dsc: 0.8892309159712564, accuracy: 0.9466631294477104, specificity: 0.968265051850067, sensitivity: 0.8795199164969626
2026-08-25 18:02:54 - train: epoch 181, iter:0, loss: 0.0422, lr: 4.109423525312744e-05
2026-08-25 18:03:02 - train: epoch 181, iter:20, loss: 0.0535, lr: 4.109423525312744e-05
2026-08-25 18:03:09 - train: epoch 181, iter:40, loss: 0.0521, lr: 4.109423525312744e-05
2026-08-25 18:03:31 - val epoch: 181, loss: 0.4247
2026-08-25 18:03:33 - train: epoch 182, iter:0, loss: 0.0535, lr: 4.064683108158692e-05
2026-08-25 18:03:41 - train: epoch 182, iter:20, loss: 0.0515, lr: 4.064683108158692e-05
2026-08-25 18:03:49 - train: epoch 182, iter:40, loss: 0.0503, lr: 4.064683108158692e-05
2026-08-25 18:04:10 - val epoch: 182, loss: 0.4246
2026-08-25 18:04:13 - train: epoch 183, iter:0, loss: 0.0510, lr: 4.020100089676382e-05
2026-08-25 18:04:20 - train: epoch 183, iter:20, loss: 0.0498, lr: 4.020100089676382e-05
2026-08-25 18:04:28 - train: epoch 183, iter:40, loss: 0.0494, lr: 4.020100089676382e-05
2026-08-25 18:04:50 - val epoch: 183, loss: 0.4487
2026-08-25 18:04:52 - train: epoch 184, iter:0, loss: 0.0459, lr: 3.975679358896196e-05
2026-08-25 18:05:00 - train: epoch 184, iter:20, loss: 0.0482, lr: 3.975679358896196e-05
2026-08-25 18:05:08 - train: epoch 184, iter:40, loss: 0.0490, lr: 3.975679358896196e-05
2026-08-25 18:05:29 - val epoch: 184, loss: 0.4316
2026-08-25 18:05:32 - train: epoch 185, iter:0, loss: 0.0544, lr: 3.931425787051839e-05
2026-08-25 18:05:39 - train: epoch 185, iter:20, loss: 0.0490, lr: 3.931425787051839e-05
2026-08-25 18:05:47 - train: epoch 185, iter:40, loss: 0.0486, lr: 3.931425787051839e-05
2026-08-25 18:06:09 - val epoch: 185, loss: 0.4535
2026-08-25 18:06:11 - train: epoch 186, iter:0, loss: 0.0480, lr: 3.8873442270461565e-05
2026-08-25 18:06:19 - train: epoch 186, iter:20, loss: 0.0495, lr: 3.8873442270461565e-05
2026-08-25 18:06:26 - train: epoch 186, iter:40, loss: 0.0487, lr: 3.8873442270461565e-05
2026-08-25 18:06:48 - val epoch: 186, loss: 0.4381
2026-08-25 18:06:50 - train: epoch 187, iter:0, loss: 0.0470, lr: 3.843439512918957e-05
2026-08-25 18:06:58 - train: epoch 187, iter:20, loss: 0.0481, lr: 3.843439512918957e-05
2026-08-25 18:07:06 - train: epoch 187, iter:40, loss: 0.0483, lr: 3.843439512918957e-05
2026-08-25 18:07:27 - val epoch: 187, loss: 0.4429
2026-08-25 18:07:30 - train: epoch 188, iter:0, loss: 0.0491, lr: 3.7997164593169046e-05
2026-08-25 18:07:37 - train: epoch 188, iter:20, loss: 0.0492, lr: 3.7997164593169046e-05
2026-08-25 18:07:45 - train: epoch 188, iter:40, loss: 0.0491, lr: 3.7997164593169046e-05
2026-08-25 18:08:07 - val epoch: 188, loss: 0.4550
2026-08-25 18:08:09 - train: epoch 189, iter:0, loss: 0.0494, lr: 3.756179860965544e-05
2026-08-25 18:08:16 - train: epoch 189, iter:20, loss: 0.0490, lr: 3.756179860965544e-05
2026-08-25 18:08:24 - train: epoch 189, iter:40, loss: 0.0488, lr: 3.756179860965544e-05
2026-08-25 18:08:46 - val epoch: 189, loss: 0.4528
2026-08-25 18:08:48 - train: epoch 190, iter:0, loss: 0.0463, lr: 3.7128344921434934e-05
2026-08-25 18:08:56 - train: epoch 190, iter:20, loss: 0.0491, lr: 3.7128344921434934e-05
2026-08-25 18:09:03 - train: epoch 190, iter:40, loss: 0.0484, lr: 3.7128344921434934e-05
2026-08-25 18:09:25 - val epoch: 190, loss: 0.4516
2026-08-25 18:09:28 - train: epoch 191, iter:0, loss: 0.0505, lr: 3.669685106158906e-05
2026-08-25 18:09:35 - train: epoch 191, iter:20, loss: 0.0481, lr: 3.669685106158906e-05
2026-08-25 18:09:43 - train: epoch 191, iter:40, loss: 0.0479, lr: 3.669685106158906e-05
2026-08-25 18:10:05 - val epoch: 191, loss: 0.4357
2026-08-25 18:10:07 - train: epoch 192, iter:0, loss: 0.0442, lr: 3.6267364348282024e-05
2026-08-25 18:10:15 - train: epoch 192, iter:20, loss: 0.0483, lr: 3.6267364348282024e-05
2026-08-25 18:10:22 - train: epoch 192, iter:40, loss: 0.0483, lr: 3.6267364348282024e-05
2026-08-25 18:10:44 - val epoch: 192, loss: 0.4389
2026-08-25 18:10:46 - train: epoch 193, iter:0, loss: 0.0529, lr: 3.58399318795718e-05
2026-08-25 18:10:54 - train: epoch 193, iter:20, loss: 0.0484, lr: 3.58399318795718e-05
2026-08-25 18:11:01 - train: epoch 193, iter:40, loss: 0.0480, lr: 3.58399318795718e-05
2026-08-25 18:11:23 - val epoch: 193, loss: 0.4477
2026-08-25 18:11:26 - train: epoch 194, iter:0, loss: 0.0494, lr: 3.541460052824533e-05
2026-08-25 18:11:33 - train: epoch 194, iter:20, loss: 0.0474, lr: 3.541460052824533e-05
2026-08-25 18:11:41 - train: epoch 194, iter:40, loss: 0.0477, lr: 3.541460052824533e-05
2026-08-25 18:12:02 - val epoch: 194, loss: 0.4529
2026-08-25 18:12:05 - train: epoch 195, iter:0, loss: 0.0488, lr: 3.499141693667834e-05
2026-08-25 18:12:12 - train: epoch 195, iter:20, loss: 0.0470, lr: 3.499141693667834e-05
2026-08-25 18:12:20 - train: epoch 195, iter:40, loss: 0.0471, lr: 3.499141693667834e-05
2026-08-25 18:12:42 - val epoch: 195, loss: 0.4415
2026-08-25 18:12:44 - train: epoch 196, iter:0, loss: 0.0435, lr: 3.4570427511720465e-05
2026-08-25 18:12:52 - train: epoch 196, iter:20, loss: 0.0478, lr: 3.4570427511720465e-05
2026-08-25 18:12:59 - train: epoch 196, iter:40, loss: 0.0477, lr: 3.4570427511720465e-05
2026-08-25 18:13:21 - val epoch: 196, loss: 0.4345
2026-08-25 18:13:24 - train: epoch 197, iter:0, loss: 0.0497, lr: 3.4151678419606305e-05
2026-08-25 18:13:31 - train: epoch 197, iter:20, loss: 0.0470, lr: 3.4151678419606305e-05
2026-08-25 18:13:39 - train: epoch 197, iter:40, loss: 0.0469, lr: 3.4151678419606305e-05
2026-08-25 18:14:01 - val epoch: 197, loss: 0.4426
2026-08-25 18:14:03 - train: epoch 198, iter:0, loss: 0.0468, lr: 3.373521558089265e-05
2026-08-25 18:14:11 - train: epoch 198, iter:20, loss: 0.0466, lr: 3.373521558089265e-05
2026-08-25 18:14:18 - train: epoch 198, iter:40, loss: 0.0473, lr: 3.373521558089265e-05
2026-08-25 18:14:40 - val epoch: 198, loss: 0.4410
2026-08-25 18:14:43 - train: epoch 199, iter:0, loss: 0.0454, lr: 3.332108466542288e-05
2026-08-25 18:14:50 - train: epoch 199, iter:20, loss: 0.0477, lr: 3.332108466542288e-05
2026-08-25 18:14:58 - train: epoch 199, iter:40, loss: 0.0476, lr: 3.332108466542288e-05
2026-08-25 18:15:20 - val epoch: 199, loss: 0.4389
2026-08-25 18:15:22 - train: epoch 200, iter:0, loss: 0.0465, lr: 3.290933108731874e-05
2026-08-25 18:15:30 - train: epoch 200, iter:20, loss: 0.0464, lr: 3.290933108731874e-05
2026-08-25 18:15:37 - train: epoch 200, iter:40, loss: 0.0469, lr: 3.290933108731874e-05
2026-08-25 18:15:59 - val epoch: 200, loss: 0.4513
2026-08-25 18:16:02 - train: epoch 201, iter:0, loss: 0.0470, lr: 3.2500000000000065e-05
2026-08-25 18:16:09 - train: epoch 201, iter:20, loss: 0.0468, lr: 3.2500000000000065e-05
2026-08-25 18:16:17 - train: epoch 201, iter:40, loss: 0.0472, lr: 3.2500000000000065e-05
2026-08-25 18:16:39 - val epoch: 201, loss: 0.4486
2026-08-25 18:16:41 - train: epoch 202, iter:0, loss: 0.0429, lr: 3.2093136291233364e-05
2026-08-25 18:16:49 - train: epoch 202, iter:20, loss: 0.0456, lr: 3.2093136291233364e-05
2026-08-25 18:16:56 - train: epoch 202, iter:40, loss: 0.0462, lr: 3.2093136291233364e-05
2026-08-25 18:17:21 - val epoch: 202, loss: 0.4484
2026-08-25 18:17:24 - train: epoch 203, iter:0, loss: 0.0424, lr: 3.1688784578209223e-05
2026-08-25 18:17:32 - train: epoch 203, iter:20, loss: 0.0460, lr: 3.1688784578209223e-05
2026-08-25 18:17:39 - train: epoch 203, iter:40, loss: 0.0462, lr: 3.1688784578209223e-05
2026-08-25 18:18:01 - val epoch: 203, loss: 0.4369
2026-08-25 18:18:03 - train: epoch 204, iter:0, loss: 0.0460, lr: 3.128698920264959e-05
2026-08-25 18:18:11 - train: epoch 204, iter:20, loss: 0.0455, lr: 3.128698920264959e-05
2026-08-25 18:18:18 - train: epoch 204, iter:40, loss: 0.0455, lr: 3.128698920264959e-05
2026-08-25 18:18:45 - val epoch: 204, loss: 0.4416
2026-08-25 18:18:48 - train: epoch 205, iter:0, loss: 0.0467, lr: 3.088779422594524e-05
2026-08-25 18:18:55 - train: epoch 205, iter:20, loss: 0.0467, lr: 3.088779422594524e-05
2026-08-25 18:19:03 - train: epoch 205, iter:40, loss: 0.0462, lr: 3.088779422594524e-05
2026-08-25 18:19:31 - val epoch: 205, loss: 0.4379
2026-08-25 18:19:33 - train: epoch 206, iter:0, loss: 0.0377, lr: 3.0491243424323874e-05
2026-08-25 18:19:41 - train: epoch 206, iter:20, loss: 0.0449, lr: 3.0491243424323874e-05
2026-08-25 18:19:48 - train: epoch 206, iter:40, loss: 0.0457, lr: 3.0491243424323874e-05
2026-08-25 18:20:15 - val epoch: 206, loss: 0.4460
2026-08-25 18:20:18 - train: epoch 207, iter:0, loss: 0.0536, lr: 3.0097380284049598e-05
2026-08-25 18:20:25 - train: epoch 207, iter:20, loss: 0.0464, lr: 3.0097380284049598e-05
2026-08-25 18:20:33 - train: epoch 207, iter:40, loss: 0.0469, lr: 3.0097380284049598e-05
2026-08-25 18:21:01 - val epoch: 207, loss: 0.4481
2026-08-25 18:21:03 - train: epoch 208, iter:0, loss: 0.0467, lr: 2.9706247996654208e-05
2026-08-25 18:21:11 - train: epoch 208, iter:20, loss: 0.0463, lr: 2.9706247996654208e-05
2026-08-25 18:21:18 - train: epoch 208, iter:40, loss: 0.0464, lr: 2.9706247996654208e-05
2026-08-25 18:21:46 - val epoch: 208, loss: 0.4388
2026-08-25 18:21:48 - train: epoch 209, iter:0, loss: 0.0503, lr: 2.931788945420065e-05
2026-08-25 18:21:56 - train: epoch 209, iter:20, loss: 0.0456, lr: 2.931788945420065e-05
2026-08-25 18:22:04 - train: epoch 209, iter:40, loss: 0.0456, lr: 2.931788945420065e-05
2026-08-25 18:22:29 - val epoch: 209, loss: 0.4457
2026-08-25 18:22:32 - train: epoch 210, iter:0, loss: 0.0443, lr: 2.893234724457952e-05
2026-08-25 18:22:39 - train: epoch 210, iter:20, loss: 0.0457, lr: 2.893234724457952e-05
2026-08-25 18:22:47 - train: epoch 210, iter:40, loss: 0.0459, lr: 2.893234724457952e-05
2026-08-25 18:23:16 - val epoch: 210, loss: 0.4889, miou: 0.7905388218037184, f1_or_dsc: 0.8830177957352086, accuracy: 0.9445939772199876, specificity: 0.9721093742765391, sensitivity: 0.8590704701180977
2026-08-25 18:23:19 - train: epoch 211, iter:0, loss: 0.0428, lr: 2.8549663646838785e-05
2026-08-25 18:23:27 - train: epoch 211, iter:20, loss: 0.0451, lr: 2.8549663646838785e-05
2026-08-25 18:23:34 - train: epoch 211, iter:40, loss: 0.0455, lr: 2.8549663646838785e-05
2026-08-25 18:23:56 - val epoch: 211, loss: 0.4650
2026-08-25 18:23:59 - train: epoch 212, iter:0, loss: 0.0431, lr: 2.8169880626547352e-05
2026-08-25 18:24:07 - train: epoch 212, iter:20, loss: 0.0446, lr: 2.8169880626547352e-05
2026-08-25 18:24:14 - train: epoch 212, iter:40, loss: 0.0454, lr: 2.8169880626547352e-05
2026-08-25 18:24:36 - val epoch: 212, loss: 0.4613
2026-08-25 18:24:38 - train: epoch 213, iter:0, loss: 0.0479, lr: 2.7793039831193204e-05
2026-08-25 18:24:46 - train: epoch 213, iter:20, loss: 0.0460, lr: 2.7793039831193204e-05
2026-08-25 18:24:54 - train: epoch 213, iter:40, loss: 0.0461, lr: 2.7793039831193204e-05
2026-08-25 18:25:16 - val epoch: 213, loss: 0.4492
2026-08-25 18:25:18 - train: epoch 214, iter:0, loss: 0.0473, lr: 2.7419182585616138e-05
2026-08-25 18:25:26 - train: epoch 214, iter:20, loss: 0.0452, lr: 2.7419182585616138e-05
2026-08-25 18:25:33 - train: epoch 214, iter:40, loss: 0.0458, lr: 2.7419182585616138e-05
2026-08-25 18:25:55 - val epoch: 214, loss: 0.4625
2026-08-25 18:25:57 - train: epoch 215, iter:0, loss: 0.0430, lr: 2.7048349887476105e-05
2026-08-25 18:26:05 - train: epoch 215, iter:20, loss: 0.0458, lr: 2.7048349887476105e-05
2026-08-25 18:26:13 - train: epoch 215, iter:40, loss: 0.0457, lr: 2.7048349887476105e-05
2026-08-25 18:26:34 - val epoch: 215, loss: 0.4540
2026-08-25 18:26:37 - train: epoch 216, iter:0, loss: 0.0469, lr: 2.668058240275739e-05
2026-08-25 18:26:44 - train: epoch 216, iter:20, loss: 0.0448, lr: 2.668058240275739e-05
2026-08-25 18:26:52 - train: epoch 216, iter:40, loss: 0.0456, lr: 2.668058240275739e-05
2026-08-25 18:27:14 - val epoch: 216, loss: 0.4540
2026-08-25 18:27:16 - train: epoch 217, iter:0, loss: 0.0456, lr: 2.631592046130903e-05
2026-08-25 18:27:24 - train: epoch 217, iter:20, loss: 0.0453, lr: 2.631592046130903e-05
2026-08-25 18:27:31 - train: epoch 217, iter:40, loss: 0.0452, lr: 2.631592046130903e-05
2026-08-25 18:27:53 - val epoch: 217, loss: 0.4467
2026-08-25 18:27:55 - train: epoch 218, iter:0, loss: 0.0519, lr: 2.59544040524223e-05
2026-08-25 18:28:03 - train: epoch 218, iter:20, loss: 0.0468, lr: 2.59544040524223e-05
2026-08-25 18:28:11 - train: epoch 218, iter:40, loss: 0.0452, lr: 2.59544040524223e-05
2026-08-25 18:28:32 - val epoch: 218, loss: 0.4477
2026-08-25 18:28:35 - train: epoch 219, iter:0, loss: 0.0411, lr: 2.5596072820445336e-05
2026-08-25 18:28:42 - train: epoch 219, iter:20, loss: 0.0443, lr: 2.5596072820445336e-05
2026-08-25 18:28:50 - train: epoch 219, iter:40, loss: 0.0446, lr: 2.5596072820445336e-05
2026-08-25 18:29:12 - val epoch: 219, loss: 0.4406
2026-08-25 18:29:14 - train: epoch 220, iter:0, loss: 0.0410, lr: 2.5240966060435724e-05
2026-08-25 18:29:22 - train: epoch 220, iter:20, loss: 0.0449, lr: 2.5240966060435724e-05
2026-08-25 18:29:30 - train: epoch 220, iter:40, loss: 0.0457, lr: 2.5240966060435724e-05
2026-08-25 18:29:51 - val epoch: 220, loss: 0.4546
2026-08-25 18:29:54 - train: epoch 221, iter:0, loss: 0.0484, lr: 2.4889122713851445e-05
2026-08-25 18:30:02 - train: epoch 221, iter:20, loss: 0.0449, lr: 2.4889122713851445e-05
2026-08-25 18:30:09 - train: epoch 221, iter:40, loss: 0.0446, lr: 2.4889122713851445e-05
2026-08-25 18:30:31 - val epoch: 221, loss: 0.4526
2026-08-25 18:30:33 - train: epoch 222, iter:0, loss: 0.0449, lr: 2.4540581364280337e-05
2026-08-25 18:30:41 - train: epoch 222, iter:20, loss: 0.0449, lr: 2.4540581364280337e-05
2026-08-25 18:30:48 - train: epoch 222, iter:40, loss: 0.0453, lr: 2.4540581364280337e-05
2026-08-25 18:31:10 - val epoch: 222, loss: 0.4370
2026-08-25 18:31:13 - train: epoch 223, iter:0, loss: 0.0419, lr: 2.419538023320907e-05
2026-08-25 18:31:20 - train: epoch 223, iter:20, loss: 0.0449, lr: 2.419538023320907e-05
2026-08-25 18:31:28 - train: epoch 223, iter:40, loss: 0.0449, lr: 2.419538023320907e-05
2026-08-25 18:31:49 - val epoch: 223, loss: 0.4427
2026-08-25 18:31:51 - train: epoch 224, iter:0, loss: 0.0404, lr: 2.3853557175831762e-05
2026-08-25 18:31:59 - train: epoch 224, iter:20, loss: 0.0447, lr: 2.3853557175831762e-05
2026-08-25 18:32:07 - train: epoch 224, iter:40, loss: 0.0452, lr: 2.3853557175831762e-05
2026-08-25 18:32:28 - val epoch: 224, loss: 0.4453
2026-08-25 18:32:31 - train: epoch 225, iter:0, loss: 0.0439, lr: 2.351514967689861e-05
2026-08-25 18:32:39 - train: epoch 225, iter:20, loss: 0.0443, lr: 2.351514967689861e-05
2026-08-25 18:32:46 - train: epoch 225, iter:40, loss: 0.0445, lr: 2.351514967689861e-05
2026-08-25 18:33:08 - val epoch: 225, loss: 0.4483
2026-08-25 18:33:10 - train: epoch 226, iter:0, loss: 0.0434, lr: 2.318019484660542e-05
2026-08-25 18:33:18 - train: epoch 226, iter:20, loss: 0.0454, lr: 2.318019484660542e-05
2026-08-25 18:33:25 - train: epoch 226, iter:40, loss: 0.0450, lr: 2.318019484660542e-05
2026-08-25 18:33:47 - val epoch: 226, loss: 0.4555
2026-08-25 18:33:50 - train: epoch 227, iter:0, loss: 0.0430, lr: 2.2848729416523915e-05
2026-08-25 18:33:57 - train: epoch 227, iter:20, loss: 0.0442, lr: 2.2848729416523915e-05
2026-08-25 18:34:05 - train: epoch 227, iter:40, loss: 0.0449, lr: 2.2848729416523915e-05
2026-08-25 18:34:27 - val epoch: 227, loss: 0.4552
2026-08-25 18:34:29 - train: epoch 228, iter:0, loss: 0.0529, lr: 2.2520789735573758e-05
2026-08-25 18:34:37 - train: epoch 228, iter:20, loss: 0.0442, lr: 2.2520789735573758e-05
2026-08-25 18:34:44 - train: epoch 228, iter:40, loss: 0.0447, lr: 2.2520789735573758e-05
2026-08-25 18:35:06 - val epoch: 228, loss: 0.4549
2026-08-25 18:35:08 - train: epoch 229, iter:0, loss: 0.0450, lr: 2.2196411766036546e-05
2026-08-25 18:35:16 - train: epoch 229, iter:20, loss: 0.0449, lr: 2.2196411766036546e-05
2026-08-25 18:35:23 - train: epoch 229, iter:40, loss: 0.0443, lr: 2.2196411766036546e-05
2026-08-25 18:35:45 - val epoch: 229, loss: 0.4530
2026-08-25 18:35:48 - train: epoch 230, iter:0, loss: 0.0441, lr: 2.1875631079612026e-05
2026-08-25 18:35:56 - train: epoch 230, iter:20, loss: 0.0437, lr: 2.1875631079612026e-05
2026-08-25 18:36:03 - train: epoch 230, iter:40, loss: 0.0440, lr: 2.1875631079612026e-05
2026-08-25 18:36:25 - val epoch: 230, loss: 0.4515
2026-08-25 18:36:28 - train: epoch 231, iter:0, loss: 0.0448, lr: 2.1558482853517307e-05
2026-08-25 18:36:35 - train: epoch 231, iter:20, loss: 0.0438, lr: 2.1558482853517307e-05
2026-08-25 18:36:43 - train: epoch 231, iter:40, loss: 0.0436, lr: 2.1558482853517307e-05
2026-08-25 18:37:05 - val epoch: 231, loss: 0.4548
2026-08-25 18:37:08 - train: epoch 232, iter:0, loss: 0.0440, lr: 2.124500186662937e-05
2026-08-25 18:37:15 - train: epoch 232, iter:20, loss: 0.0446, lr: 2.124500186662937e-05
2026-08-25 18:37:23 - train: epoch 232, iter:40, loss: 0.0444, lr: 2.124500186662937e-05
2026-08-25 18:37:44 - val epoch: 232, loss: 0.4669
2026-08-25 18:37:47 - train: epoch 233, iter:0, loss: 0.0448, lr: 2.093522249567102e-05
2026-08-25 18:37:54 - train: epoch 233, iter:20, loss: 0.0446, lr: 2.093522249567102e-05
2026-08-25 18:38:02 - train: epoch 233, iter:40, loss: 0.0440, lr: 2.093522249567102e-05
2026-08-25 18:38:24 - val epoch: 233, loss: 0.4709
2026-08-25 18:38:26 - train: epoch 234, iter:0, loss: 0.0419, lr: 2.062917871144115e-05
2026-08-25 18:38:33 - train: epoch 234, iter:20, loss: 0.0443, lr: 2.062917871144115e-05
2026-08-25 18:38:41 - train: epoch 234, iter:40, loss: 0.0438, lr: 2.062917871144115e-05
2026-08-25 18:39:03 - val epoch: 234, loss: 0.4690
2026-08-25 18:39:05 - train: epoch 235, iter:0, loss: 0.0408, lr: 2.0326904075089536e-05
2026-08-25 18:39:13 - train: epoch 235, iter:20, loss: 0.0445, lr: 2.0326904075089536e-05
2026-08-25 18:39:20 - train: epoch 235, iter:40, loss: 0.0441, lr: 2.0326904075089536e-05
2026-08-25 18:39:42 - val epoch: 235, loss: 0.4611
2026-08-25 18:39:44 - train: epoch 236, iter:0, loss: 0.0429, lr: 2.0028431734436354e-05
2026-08-25 18:39:52 - train: epoch 236, iter:20, loss: 0.0430, lr: 2.0028431734436354e-05
2026-08-25 18:40:00 - train: epoch 236, iter:40, loss: 0.0438, lr: 2.0028431734436354e-05
2026-08-25 18:40:21 - val epoch: 236, loss: 0.4429
2026-08-25 18:40:23 - train: epoch 237, iter:0, loss: 0.0428, lr: 1.9733794420337255e-05
2026-08-25 18:40:31 - train: epoch 237, iter:20, loss: 0.0423, lr: 1.9733794420337255e-05
2026-08-25 18:40:39 - train: epoch 237, iter:40, loss: 0.0430, lr: 1.9733794420337255e-05
2026-08-25 18:41:00 - val epoch: 237, loss: 0.4486
2026-08-25 18:41:03 - train: epoch 238, iter:0, loss: 0.0435, lr: 1.9443024443093982e-05
2026-08-25 18:41:10 - train: epoch 238, iter:20, loss: 0.0435, lr: 1.9443024443093982e-05
2026-08-25 18:41:18 - train: epoch 238, iter:40, loss: 0.0438, lr: 1.9443024443093982e-05
2026-08-25 18:41:39 - val epoch: 238, loss: 0.4516
2026-08-25 18:41:42 - train: epoch 239, iter:0, loss: 0.0421, lr: 1.9156153688911208e-05
2026-08-25 18:41:49 - train: epoch 239, iter:20, loss: 0.0435, lr: 1.9156153688911208e-05
2026-08-25 18:41:57 - train: epoch 239, iter:40, loss: 0.0434, lr: 1.9156153688911208e-05
2026-08-25 18:42:19 - val epoch: 239, loss: 0.4507
2026-08-25 18:42:21 - train: epoch 240, iter:0, loss: 0.0403, lr: 1.8873213616399892e-05
2026-08-25 18:42:29 - train: epoch 240, iter:20, loss: 0.0430, lr: 1.8873213616399892e-05
2026-08-25 18:42:36 - train: epoch 240, iter:40, loss: 0.0434, lr: 1.8873213616399892e-05
2026-08-25 18:43:02 - val epoch: 240, loss: 0.4519, miou: 0.8048128020128188, f1_or_dsc: 0.8918518320739423, accuracy: 0.9479857152051264, specificity: 0.9695092767363768, sensitivity: 0.8810860639410514
2026-08-25 18:43:05 - train: epoch 241, iter:0, loss: 0.0414, lr: 1.859423525312741e-05
2026-08-25 18:43:12 - train: epoch 241, iter:20, loss: 0.0425, lr: 1.859423525312741e-05
2026-08-25 18:43:20 - train: epoch 241, iter:40, loss: 0.0427, lr: 1.859423525312741e-05
2026-08-25 18:43:42 - val epoch: 241, loss: 0.4611
2026-08-25 18:43:44 - train: epoch 242, iter:0, loss: 0.0411, lr: 1.8319249192215093e-05
2026-08-25 18:43:52 - train: epoch 242, iter:20, loss: 0.0437, lr: 1.8319249192215093e-05
2026-08-25 18:44:00 - train: epoch 242, iter:40, loss: 0.0439, lr: 1.8319249192215093e-05
2026-08-25 18:44:21 - val epoch: 242, loss: 0.4619
2026-08-25 18:44:24 - train: epoch 243, iter:0, loss: 0.0483, lr: 1.8048285588983354e-05
2026-08-25 18:44:31 - train: epoch 243, iter:20, loss: 0.0436, lr: 1.8048285588983354e-05
2026-08-25 18:44:39 - train: epoch 243, iter:40, loss: 0.0432, lr: 1.8048285588983354e-05
2026-08-25 18:45:01 - val epoch: 243, loss: 0.4651
2026-08-25 18:45:03 - train: epoch 244, iter:0, loss: 0.0496, lr: 1.7781374157644745e-05
2026-08-25 18:45:11 - train: epoch 244, iter:20, loss: 0.0434, lr: 1.7781374157644745e-05
2026-08-25 18:45:18 - train: epoch 244, iter:40, loss: 0.0434, lr: 1.7781374157644745e-05
2026-08-25 18:45:40 - val epoch: 244, loss: 0.4599
2026-08-25 18:45:42 - train: epoch 245, iter:0, loss: 0.0379, lr: 1.7518544168045555e-05
2026-08-25 18:45:50 - train: epoch 245, iter:20, loss: 0.0428, lr: 1.7518544168045555e-05
2026-08-25 18:45:58 - train: epoch 245, iter:40, loss: 0.0429, lr: 1.7518544168045555e-05
2026-08-25 18:46:19 - val epoch: 245, loss: 0.4639
2026-08-25 18:46:22 - train: epoch 246, iter:0, loss: 0.0394, lr: 1.7259824442455953e-05
2026-08-25 18:46:29 - train: epoch 246, iter:20, loss: 0.0433, lr: 1.7259824442455953e-05
2026-08-25 18:46:37 - train: epoch 246, iter:40, loss: 0.0429, lr: 1.7259824442455953e-05
2026-08-25 18:46:59 - val epoch: 246, loss: 0.4599
2026-08-25 18:47:01 - train: epoch 247, iter:0, loss: 0.0406, lr: 1.700524335240935e-05
2026-08-25 18:47:08 - train: epoch 247, iter:20, loss: 0.0430, lr: 1.700524335240935e-05
2026-08-25 18:47:16 - train: epoch 247, iter:40, loss: 0.0431, lr: 1.700524335240935e-05
2026-08-25 18:47:38 - val epoch: 247, loss: 0.4597
2026-08-25 18:47:40 - train: epoch 248, iter:0, loss: 0.0402, lr: 1.675482881559116e-05
2026-08-25 18:47:48 - train: epoch 248, iter:20, loss: 0.0423, lr: 1.675482881559116e-05
2026-08-25 18:47:55 - train: epoch 248, iter:40, loss: 0.0426, lr: 1.675482881559116e-05
2026-08-25 18:48:17 - val epoch: 248, loss: 0.4573
2026-08-25 18:48:19 - train: epoch 249, iter:0, loss: 0.0410, lr: 1.650860829277723e-05
2026-08-25 18:48:27 - train: epoch 249, iter:20, loss: 0.0442, lr: 1.650860829277723e-05
2026-08-25 18:48:34 - train: epoch 249, iter:40, loss: 0.0433, lr: 1.650860829277723e-05
2026-08-25 18:48:56 - val epoch: 249, loss: 0.4561
2026-08-25 18:48:59 - train: epoch 250, iter:0, loss: 0.0418, lr: 1.6266608784822568e-05
2026-08-25 18:49:07 - train: epoch 250, iter:20, loss: 0.0418, lr: 1.6266608784822568e-05
2026-08-25 18:49:14 - train: epoch 250, iter:40, loss: 0.0420, lr: 1.6266608784822568e-05
2026-08-25 18:49:36 - val epoch: 250, loss: 0.4674
2026-08-25 18:49:38 - train: epoch 251, iter:0, loss: 0.0417, lr: 1.6028856829700293e-05
2026-08-25 18:49:46 - train: epoch 251, iter:20, loss: 0.0435, lr: 1.6028856829700293e-05
2026-08-25 18:49:54 - train: epoch 251, iter:40, loss: 0.0428, lr: 1.6028856829700293e-05
2026-08-25 18:50:15 - val epoch: 251, loss: 0.4684
2026-08-25 18:50:18 - train: epoch 252, iter:0, loss: 0.0400, lr: 1.5795378499591492e-05
2026-08-25 18:50:25 - train: epoch 252, iter:20, loss: 0.0430, lr: 1.5795378499591492e-05
2026-08-25 18:50:33 - train: epoch 252, iter:40, loss: 0.0429, lr: 1.5795378499591492e-05
2026-08-25 18:50:55 - val epoch: 252, loss: 0.4586
2026-08-25 18:50:57 - train: epoch 253, iter:0, loss: 0.0448, lr: 1.556619939802616e-05
2026-08-25 18:51:04 - train: epoch 253, iter:20, loss: 0.0437, lr: 1.556619939802616e-05
2026-08-25 18:51:12 - train: epoch 253, iter:40, loss: 0.0430, lr: 1.556619939802616e-05
2026-08-25 18:51:34 - val epoch: 253, loss: 0.4599
2026-08-25 18:51:36 - train: epoch 254, iter:0, loss: 0.0408, lr: 1.5341344657075372e-05
2026-08-25 18:51:44 - train: epoch 254, iter:20, loss: 0.0427, lr: 1.5341344657075372e-05
2026-08-25 18:51:52 - train: epoch 254, iter:40, loss: 0.0428, lr: 1.5341344657075372e-05
2026-08-25 18:52:13 - val epoch: 254, loss: 0.4709
2026-08-25 18:52:16 - train: epoch 255, iter:0, loss: 0.0389, lr: 1.5120838934595356e-05
2026-08-25 18:52:23 - train: epoch 255, iter:20, loss: 0.0432, lr: 1.5120838934595356e-05
2026-08-25 18:52:31 - train: epoch 255, iter:40, loss: 0.0427, lr: 1.5120838934595356e-05
2026-08-25 18:52:53 - val epoch: 255, loss: 0.4646
2026-08-25 18:52:55 - train: epoch 256, iter:0, loss: 0.0431, lr: 1.4904706411523467e-05
2026-08-25 18:53:03 - train: epoch 256, iter:20, loss: 0.0421, lr: 1.4904706411523467e-05
2026-08-25 18:53:11 - train: epoch 256, iter:40, loss: 0.0421, lr: 1.4904706411523467e-05
2026-08-25 18:53:33 - val epoch: 256, loss: 0.4668
2026-08-25 18:53:35 - train: epoch 257, iter:0, loss: 0.0446, lr: 1.4692970789226446e-05
2026-08-25 18:53:43 - train: epoch 257, iter:20, loss: 0.0438, lr: 1.4692970789226446e-05
2026-08-25 18:53:50 - train: epoch 257, iter:40, loss: 0.0432, lr: 1.4692970789226446e-05
2026-08-25 18:54:12 - val epoch: 257, loss: 0.4524
2026-08-25 18:54:15 - train: epoch 258, iter:0, loss: 0.0469, lr: 1.4485655286901307e-05
2026-08-25 18:54:22 - train: epoch 258, iter:20, loss: 0.0422, lr: 1.4485655286901307e-05
2026-08-25 18:54:30 - train: epoch 258, iter:40, loss: 0.0420, lr: 1.4485655286901307e-05
2026-08-25 18:54:51 - val epoch: 258, loss: 0.4547
2026-08-25 18:54:54 - train: epoch 259, iter:0, loss: 0.0392, lr: 1.4282782639029144e-05
2026-08-25 18:55:02 - train: epoch 259, iter:20, loss: 0.0422, lr: 1.4282782639029144e-05
2026-08-25 18:55:09 - train: epoch 259, iter:40, loss: 0.0426, lr: 1.4282782639029144e-05
2026-08-25 18:55:31 - val epoch: 259, loss: 0.4551
2026-08-25 18:55:33 - train: epoch 260, iter:0, loss: 0.0459, lr: 1.4084375092881932e-05
2026-08-25 18:55:41 - train: epoch 260, iter:20, loss: 0.0425, lr: 1.4084375092881932e-05
2026-08-25 18:55:48 - train: epoch 260, iter:40, loss: 0.0420, lr: 1.4084375092881932e-05
2026-08-25 18:56:10 - val epoch: 260, loss: 0.4611
2026-08-25 18:56:12 - train: epoch 261, iter:0, loss: 0.0384, lr: 1.389045440608298e-05
2026-08-25 18:56:20 - train: epoch 261, iter:20, loss: 0.0412, lr: 1.389045440608298e-05
2026-08-25 18:56:27 - train: epoch 261, iter:40, loss: 0.0426, lr: 1.389045440608298e-05
2026-08-25 18:56:49 - val epoch: 261, loss: 0.4630
2026-08-25 18:56:51 - train: epoch 262, iter:0, loss: 0.0464, lr: 1.3701041844220871e-05
2026-08-25 18:56:59 - train: epoch 262, iter:20, loss: 0.0420, lr: 1.3701041844220871e-05
2026-08-25 18:57:07 - train: epoch 262, iter:40, loss: 0.0422, lr: 1.3701041844220871e-05
2026-08-25 18:57:28 - val epoch: 262, loss: 0.4598
2026-08-25 18:57:31 - train: epoch 263, iter:0, loss: 0.0429, lr: 1.3516158178517484e-05
2026-08-25 18:57:38 - train: epoch 263, iter:20, loss: 0.0425, lr: 1.3516158178517484e-05
2026-08-25 18:57:46 - train: epoch 263, iter:40, loss: 0.0424, lr: 1.3516158178517484e-05
2026-08-25 18:58:08 - val epoch: 263, loss: 0.4556
2026-08-25 18:58:10 - train: epoch 264, iter:0, loss: 0.0433, lr: 1.3335823683550249e-05
2026-08-25 18:58:17 - train: epoch 264, iter:20, loss: 0.0414, lr: 1.3335823683550249e-05
2026-08-25 18:58:25 - train: epoch 264, iter:40, loss: 0.0420, lr: 1.3335823683550249e-05
2026-08-25 18:58:47 - val epoch: 264, loss: 0.4601
2026-08-25 18:58:49 - train: epoch 265, iter:0, loss: 0.0427, lr: 1.31600581350287e-05
2026-08-25 18:58:57 - train: epoch 265, iter:20, loss: 0.0433, lr: 1.31600581350287e-05
2026-08-25 18:59:05 - train: epoch 265, iter:40, loss: 0.0428, lr: 1.31600581350287e-05
2026-08-25 18:59:26 - val epoch: 265, loss: 0.4616
2026-08-25 18:59:29 - train: epoch 266, iter:0, loss: 0.0396, lr: 1.2988880807625931e-05
2026-08-25 18:59:36 - train: epoch 266, iter:20, loss: 0.0425, lr: 1.2988880807625931e-05
2026-08-25 18:59:44 - train: epoch 266, iter:40, loss: 0.0423, lr: 1.2988880807625931e-05
2026-08-25 19:00:06 - val epoch: 266, loss: 0.4577
2026-08-25 19:00:08 - train: epoch 267, iter:0, loss: 0.0423, lr: 1.2822310472864893e-05
2026-08-25 19:00:16 - train: epoch 267, iter:20, loss: 0.0422, lr: 1.2822310472864893e-05
2026-08-25 19:00:23 - train: epoch 267, iter:40, loss: 0.0417, lr: 1.2822310472864893e-05
2026-08-25 19:00:45 - val epoch: 267, loss: 0.4524
2026-08-25 19:00:47 - train: epoch 268, iter:0, loss: 0.0431, lr: 1.2660365397059863e-05
2026-08-25 19:00:55 - train: epoch 268, iter:20, loss: 0.0435, lr: 1.2660365397059863e-05
2026-08-25 19:01:03 - train: epoch 268, iter:40, loss: 0.0425, lr: 1.2660365397059863e-05
2026-08-25 19:01:24 - val epoch: 268, loss: 0.4592
2026-08-25 19:01:27 - train: epoch 269, iter:0, loss: 0.0349, lr: 1.2503063339313363e-05
2026-08-25 19:01:34 - train: epoch 269, iter:20, loss: 0.0411, lr: 1.2503063339313363e-05
2026-08-25 19:01:42 - train: epoch 269, iter:40, loss: 0.0414, lr: 1.2503063339313363e-05
2026-08-25 19:02:03 - val epoch: 269, loss: 0.4583
2026-08-25 19:02:06 - train: epoch 270, iter:0, loss: 0.0400, lr: 1.2350421549568658e-05
2026-08-25 19:02:14 - train: epoch 270, iter:20, loss: 0.0423, lr: 1.2350421549568658e-05
2026-08-25 19:02:21 - train: epoch 270, iter:40, loss: 0.0418, lr: 1.2350421549568658e-05
2026-08-25 19:02:47 - val epoch: 270, loss: 0.4547, miou: 0.8053800992290059, f1_or_dsc: 0.8922000409475505, accuracy: 0.9481160003359955, specificity: 0.9693674019519564, sensitivity: 0.8820622780040112
2026-08-25 19:02:49 - train: epoch 271, iter:0, loss: 0.0400, lr: 1.2202456766718098e-05
2026-08-25 19:02:57 - train: epoch 271, iter:20, loss: 0.0417, lr: 1.2202456766718098e-05
2026-08-25 19:03:05 - train: epoch 271, iter:40, loss: 0.0421, lr: 1.2202456766718098e-05
2026-08-25 19:03:26 - val epoch: 271, loss: 0.4521
2026-08-25 19:03:29 - train: epoch 272, iter:0, loss: 0.0417, lr: 1.205918521676755e-05
2026-08-25 19:03:36 - train: epoch 272, iter:20, loss: 0.0417, lr: 1.205918521676755e-05
2026-08-25 19:03:44 - train: epoch 272, iter:40, loss: 0.0418, lr: 1.205918521676755e-05
2026-08-25 19:04:05 - val epoch: 272, loss: 0.4546
2026-08-25 19:04:08 - train: epoch 273, iter:0, loss: 0.0479, lr: 1.192062261105698e-05
2026-08-25 19:04:16 - train: epoch 273, iter:20, loss: 0.0418, lr: 1.192062261105698e-05
2026-08-25 19:04:23 - train: epoch 273, iter:40, loss: 0.0422, lr: 1.192062261105698e-05
2026-08-25 19:04:45 - val epoch: 273, loss: 0.4503
2026-08-25 19:04:47 - train: epoch 274, iter:0, loss: 0.0378, lr: 1.1786784144537568e-05
2026-08-25 19:04:55 - train: epoch 274, iter:20, loss: 0.0414, lr: 1.1786784144537568e-05
2026-08-25 19:05:02 - train: epoch 274, iter:40, loss: 0.0414, lr: 1.1786784144537568e-05
2026-08-25 19:05:24 - val epoch: 274, loss: 0.4535
2026-08-25 19:05:27 - train: epoch 275, iter:0, loss: 0.0421, lr: 1.165768449410539e-05
2026-08-25 19:05:34 - train: epoch 275, iter:20, loss: 0.0419, lr: 1.165768449410539e-05
2026-08-25 19:05:42 - train: epoch 275, iter:40, loss: 0.0416, lr: 1.165768449410539e-05
2026-08-25 19:06:04 - val epoch: 275, loss: 0.4554
2026-08-25 19:06:06 - train: epoch 276, iter:0, loss: 0.0471, lr: 1.153333781699193e-05
2026-08-25 19:06:14 - train: epoch 276, iter:20, loss: 0.0419, lr: 1.153333781699193e-05
2026-08-25 19:06:22 - train: epoch 276, iter:40, loss: 0.0416, lr: 1.153333781699193e-05
2026-08-25 19:06:44 - val epoch: 276, loss: 0.4570
2026-08-25 19:06:46 - train: epoch 277, iter:0, loss: 0.0461, lr: 1.1413757749211606e-05
2026-08-25 19:06:54 - train: epoch 277, iter:20, loss: 0.0421, lr: 1.1413757749211606e-05
2026-08-25 19:07:01 - train: epoch 277, iter:40, loss: 0.0418, lr: 1.1413757749211606e-05
2026-08-25 19:07:23 - val epoch: 277, loss: 0.4612
2026-08-25 19:07:25 - train: epoch 278, iter:0, loss: 0.0395, lr: 1.1298957404066385e-05
2026-08-25 19:07:33 - train: epoch 278, iter:20, loss: 0.0407, lr: 1.1298957404066385e-05
2026-08-25 19:07:40 - train: epoch 278, iter:40, loss: 0.0413, lr: 1.1298957404066385e-05
2026-08-25 19:08:02 - val epoch: 278, loss: 0.4658
2026-08-25 19:08:04 - train: epoch 279, iter:0, loss: 0.0417, lr: 1.118894937070779e-05
2026-08-25 19:08:12 - train: epoch 279, iter:20, loss: 0.0406, lr: 1.118894937070779e-05
2026-08-25 19:08:20 - train: epoch 279, iter:40, loss: 0.0410, lr: 1.118894937070779e-05
2026-08-25 19:08:41 - val epoch: 279, loss: 0.4519
2026-08-25 19:08:44 - train: epoch 280, iter:0, loss: 0.0443, lr: 1.1083745712756373e-05
2026-08-25 19:08:51 - train: epoch 280, iter:20, loss: 0.0418, lr: 1.1083745712756373e-05
2026-08-25 19:08:59 - train: epoch 280, iter:40, loss: 0.0415, lr: 1.1083745712756373e-05
2026-08-25 19:09:21 - val epoch: 280, loss: 0.4545
2026-08-25 19:09:23 - train: epoch 281, iter:0, loss: 0.0377, lr: 1.0983357966978752e-05
2026-08-25 19:09:31 - train: epoch 281, iter:20, loss: 0.0418, lr: 1.0983357966978752e-05
2026-08-25 19:09:38 - train: epoch 281, iter:40, loss: 0.0419, lr: 1.0983357966978752e-05
2026-08-25 19:10:00 - val epoch: 281, loss: 0.4516
2026-08-25 19:10:02 - train: epoch 282, iter:0, loss: 0.0394, lr: 1.0887797142022524e-05
2026-08-25 19:10:10 - train: epoch 282, iter:20, loss: 0.0407, lr: 1.0887797142022524e-05
2026-08-25 19:10:18 - train: epoch 282, iter:40, loss: 0.0412, lr: 1.0887797142022524e-05
2026-08-25 19:10:40 - val epoch: 282, loss: 0.4526
2026-08-25 19:10:42 - train: epoch 283, iter:0, loss: 0.0400, lr: 1.0797073717209015e-05
2026-08-25 19:10:50 - train: epoch 283, iter:20, loss: 0.0412, lr: 1.0797073717209015e-05
2026-08-25 19:10:57 - train: epoch 283, iter:40, loss: 0.0411, lr: 1.0797073717209015e-05
2026-08-25 19:11:19 - val epoch: 283, loss: 0.4548
2026-08-25 19:11:21 - train: epoch 284, iter:0, loss: 0.0414, lr: 1.0711197641384117e-05
2026-08-25 19:11:29 - train: epoch 284, iter:20, loss: 0.0410, lr: 1.0711197641384117e-05
2026-08-25 19:11:36 - train: epoch 284, iter:40, loss: 0.0409, lr: 1.0711197641384117e-05
2026-08-25 19:11:58 - val epoch: 284, loss: 0.4584
2026-08-25 19:12:01 - train: epoch 285, iter:0, loss: 0.0418, lr: 1.0630178331827276e-05
2026-08-25 19:12:08 - train: epoch 285, iter:20, loss: 0.0403, lr: 1.0630178331827276e-05
2026-08-25 19:12:16 - train: epoch 285, iter:40, loss: 0.0403, lr: 1.0630178331827276e-05
2026-08-25 19:12:38 - val epoch: 285, loss: 0.4576
2026-08-25 19:12:40 - train: epoch 286, iter:0, loss: 0.0394, lr: 1.0554024673218807e-05
2026-08-25 19:12:47 - train: epoch 286, iter:20, loss: 0.0415, lr: 1.0554024673218807e-05
2026-08-25 19:12:55 - train: epoch 286, iter:40, loss: 0.0414, lr: 1.0554024673218807e-05
2026-08-25 19:13:17 - val epoch: 286, loss: 0.4517
2026-08-25 19:13:19 - train: epoch 287, iter:0, loss: 0.0386, lr: 1.0482745016665526e-05
2026-08-25 19:13:27 - train: epoch 287, iter:20, loss: 0.0429, lr: 1.0482745016665526e-05
2026-08-25 19:13:34 - train: epoch 287, iter:40, loss: 0.0417, lr: 1.0482745016665526e-05
2026-08-25 19:13:56 - val epoch: 287, loss: 0.4601
2026-08-25 19:13:58 - train: epoch 288, iter:0, loss: 0.0405, lr: 1.0416347178785039e-05
2026-08-25 19:14:06 - train: epoch 288, iter:20, loss: 0.0410, lr: 1.0416347178785039e-05
2026-08-25 19:14:13 - train: epoch 288, iter:40, loss: 0.0413, lr: 1.0416347178785039e-05
2026-08-25 19:14:35 - val epoch: 288, loss: 0.4624
2026-08-25 19:14:37 - train: epoch 289, iter:0, loss: 0.0393, lr: 1.0354838440848501e-05
2026-08-25 19:14:45 - train: epoch 289, iter:20, loss: 0.0406, lr: 1.0354838440848501e-05
2026-08-25 19:14:53 - train: epoch 289, iter:40, loss: 0.0412, lr: 1.0354838440848501e-05
2026-08-25 19:15:14 - val epoch: 289, loss: 0.4616
2026-08-25 19:15:17 - train: epoch 290, iter:0, loss: 0.0438, lr: 1.029822554798216e-05
2026-08-25 19:15:24 - train: epoch 290, iter:20, loss: 0.0407, lr: 1.029822554798216e-05
2026-08-25 19:15:32 - train: epoch 290, iter:40, loss: 0.0408, lr: 1.029822554798216e-05
2026-08-25 19:15:54 - val epoch: 290, loss: 0.4596
2026-08-25 19:15:56 - train: epoch 291, iter:0, loss: 0.0423, lr: 1.0246514708427702e-05
2026-08-25 19:16:04 - train: epoch 291, iter:20, loss: 0.0403, lr: 1.0246514708427702e-05
2026-08-25 19:16:11 - train: epoch 291, iter:40, loss: 0.0410, lr: 1.0246514708427702e-05
2026-08-25 19:16:33 - val epoch: 291, loss: 0.4568
2026-08-25 19:16:35 - train: epoch 292, iter:0, loss: 0.0397, lr: 1.01997115928614e-05
2026-08-25 19:16:43 - train: epoch 292, iter:20, loss: 0.0403, lr: 1.01997115928614e-05
2026-08-25 19:16:50 - train: epoch 292, iter:40, loss: 0.0407, lr: 1.01997115928614e-05
2026-08-25 19:17:12 - val epoch: 292, loss: 0.4578
2026-08-25 19:17:14 - train: epoch 293, iter:0, loss: 0.0388, lr: 1.0157821333772303e-05
2026-08-25 19:17:22 - train: epoch 293, iter:20, loss: 0.0403, lr: 1.0157821333772303e-05
2026-08-25 19:17:29 - train: epoch 293, iter:40, loss: 0.0410, lr: 1.0157821333772303e-05
2026-08-25 19:17:52 - val epoch: 293, loss: 0.4587
2026-08-25 19:17:54 - train: epoch 294, iter:0, loss: 0.0422, lr: 1.0120848524899386e-05
2026-08-25 19:18:01 - train: epoch 294, iter:20, loss: 0.0409, lr: 1.0120848524899386e-05
2026-08-25 19:18:09 - train: epoch 294, iter:40, loss: 0.0412, lr: 1.0120848524899386e-05
2026-08-25 19:18:31 - val epoch: 294, loss: 0.4581
2026-08-25 19:18:34 - train: epoch 295, iter:0, loss: 0.0417, lr: 1.0088797220727781e-05
2026-08-25 19:18:41 - train: epoch 295, iter:20, loss: 0.0412, lr: 1.0088797220727781e-05
2026-08-25 19:18:49 - train: epoch 295, iter:40, loss: 0.0410, lr: 1.0088797220727781e-05
2026-08-25 19:19:12 - val epoch: 295, loss: 0.4590
2026-08-25 19:19:14 - train: epoch 296, iter:0, loss: 0.0403, lr: 1.0061670936044179e-05
2026-08-25 19:19:22 - train: epoch 296, iter:20, loss: 0.0407, lr: 1.0061670936044179e-05
2026-08-25 19:19:29 - train: epoch 296, iter:40, loss: 0.0406, lr: 1.0061670936044179e-05
2026-08-25 19:19:54 - val epoch: 296, loss: 0.4613
2026-08-25 19:19:56 - train: epoch 297, iter:0, loss: 0.0428, lr: 1.0039472645551374e-05
2026-08-25 19:20:04 - train: epoch 297, iter:20, loss: 0.0407, lr: 1.0039472645551374e-05
2026-08-25 19:20:11 - train: epoch 297, iter:40, loss: 0.0411, lr: 1.0039472645551374e-05
2026-08-25 19:20:33 - val epoch: 297, loss: 0.4702
2026-08-25 19:20:35 - train: epoch 298, iter:0, loss: 0.0403, lr: 1.002220478354208e-05
2026-08-25 19:20:43 - train: epoch 298, iter:20, loss: 0.0408, lr: 1.002220478354208e-05
2026-08-25 19:20:51 - train: epoch 298, iter:40, loss: 0.0410, lr: 1.002220478354208e-05
2026-08-25 19:21:14 - val epoch: 298, loss: 0.4702
2026-08-25 19:21:16 - train: epoch 299, iter:0, loss: 0.0369, lr: 1.0009869243631953e-05
2026-08-25 19:21:24 - train: epoch 299, iter:20, loss: 0.0404, lr: 1.0009869243631953e-05
2026-08-25 19:21:31 - train: epoch 299, iter:40, loss: 0.0409, lr: 1.0009869243631953e-05
2026-08-25 19:21:54 - val epoch: 299, loss: 0.4702
2026-08-25 19:21:57 - train: epoch 300, iter:0, loss: 0.0413, lr: 1.0002467378551954e-05
2026-08-25 19:22:04 - train: epoch 300, iter:20, loss: 0.0405, lr: 1.0002467378551954e-05
2026-08-25 19:22:12 - train: epoch 300, iter:40, loss: 0.0408, lr: 1.0002467378551954e-05
2026-08-25 19:22:39 - val epoch: 300, loss: 0.4699, miou: 0.8012658644642813, f1_or_dsc: 0.889669737568238, accuracy: 0.9471128860322555, specificity: 0.9699906126517114, sensitivity: 0.8760042114602395
2026-08-25 19:23:00 - test of best model, best_val_loss: 0.2857, miou: 0.8080963433031686, f1_or_dsc: 0.893864252639189, accuracy: 0.9484549040841584, specificity: 0.966714188728957, sensitivity: 0.8917012960302619, confusion_matrix: [[38729951  1333546]
 [ 1395926 11493665]]
