2026-08-12 19:16:01 - #----------Config info----------#
2026-08-12 19:16:01 - batch_size: 64,
2026-08-12 19:16:01 - exp_name: B1,
2026-08-12 19:16:01 - enable_local_point_aux: True,
2026-08-12 19:16:01 - enable_consistency: False,
2026-08-12 19:16:01 - enable_box_lf: False,
2026-08-12 19:16:20 - val epoch: 1, loss: 0.8457
2026-08-12 19:16:38 - val epoch: 2, loss: 0.6131
2026-08-12 19:16:55 - val epoch: 3, loss: 0.6486
2026-08-12 19:17:13 - val epoch: 4, loss: 0.5062
2026-08-12 19:17:30 - val epoch: 5, loss: 0.5018
2026-08-12 19:17:47 - val epoch: 6, loss: 0.4785
2026-08-12 19:18:05 - val epoch: 7, loss: 0.5184
2026-08-12 19:18:22 - val epoch: 8, loss: 0.4373
2026-08-12 19:18:39 - val epoch: 9, loss: 0.4716
2026-08-12 19:18:57 - val epoch: 10, loss: 0.5264
2026-08-12 19:19:14 - val epoch: 11, loss: 0.4382
2026-08-12 19:19:32 - val epoch: 12, loss: 0.4375
2026-08-12 19:19:49 - val epoch: 13, loss: 0.4250
2026-08-12 19:20:07 - val epoch: 14, loss: 0.4445
2026-08-12 19:20:24 - val epoch: 15, loss: 0.4609
2026-08-12 19:20:41 - val epoch: 16, loss: 0.4565
2026-08-12 19:20:58 - val epoch: 17, loss: 0.4459
2026-08-12 19:21:16 - val epoch: 18, loss: 0.5093
2026-08-12 19:21:33 - val epoch: 19, loss: 0.4330
2026-08-12 19:21:50 - val epoch: 20, loss: 0.5327
2026-08-12 19:22:08 - val epoch: 21, loss: 0.4193
2026-08-12 19:22:25 - val epoch: 22, loss: 0.4373
2026-08-12 19:22:42 - val epoch: 23, loss: 0.4678
2026-08-12 19:23:00 - val epoch: 24, loss: 0.4345
2026-08-12 19:23:17 - val epoch: 25, loss: 0.4073
2026-08-12 19:23:35 - val epoch: 26, loss: 0.5336
2026-08-12 19:23:52 - val epoch: 27, loss: 0.4405
2026-08-12 19:24:09 - val epoch: 28, loss: 0.4895
2026-08-12 19:24:27 - val epoch: 29, loss: 0.4514
2026-08-12 19:24:48 - val epoch: 30, loss: 0.4591, miou: 0.7362, dsc: 0.8480, sens: 0.8881, spec: 0.9336, area_ratio: 1.094, fp_ratio: 0.0664, fn_ratio: 0.1119
2026-08-12 19:25:05 - val epoch: 31, loss: 0.4552
2026-08-12 19:25:23 - val epoch: 32, loss: 0.4405
2026-08-12 19:25:41 - val epoch: 33, loss: 0.4642
2026-08-12 19:25:58 - val epoch: 34, loss: 0.4435
2026-08-12 19:26:16 - val epoch: 35, loss: 0.4252
2026-08-12 19:26:33 - val epoch: 36, loss: 0.4283
2026-08-12 19:26:51 - val epoch: 37, loss: 0.4418
2026-08-12 19:27:08 - val epoch: 38, loss: 0.4535
2026-08-12 19:27:25 - val epoch: 39, loss: 0.4603
2026-08-12 19:27:43 - val epoch: 40, loss: 0.4402
2026-08-12 19:28:00 - val epoch: 41, loss: 0.4528
2026-08-12 19:28:18 - val epoch: 42, loss: 0.4398
2026-08-12 19:28:35 - val epoch: 43, loss: 0.5296
2026-08-12 19:28:52 - val epoch: 44, loss: 0.4523
2026-08-12 19:29:10 - val epoch: 45, loss: 0.4180
2026-08-12 19:29:27 - val epoch: 46, loss: 0.4503
2026-08-12 19:29:44 - val epoch: 47, loss: 0.4702
2026-08-12 19:30:02 - val epoch: 48, loss: 0.5316
2026-08-12 19:30:19 - val epoch: 49, loss: 0.4640
2026-08-12 19:30:37 - val epoch: 50, loss: 0.4477
2026-08-12 19:30:54 - val epoch: 51, loss: 0.4574
2026-08-12 19:31:12 - val epoch: 52, loss: 0.4796
2026-08-12 19:31:29 - val epoch: 53, loss: 0.4841
2026-08-12 19:31:47 - val epoch: 54, loss: 0.4388
2026-08-12 19:32:04 - val epoch: 55, loss: 0.4487
2026-08-12 19:32:21 - val epoch: 56, loss: 0.4371
2026-08-12 19:32:39 - val epoch: 57, loss: 0.4451
2026-08-12 19:32:56 - val epoch: 58, loss: 0.4524
2026-08-12 19:33:14 - val epoch: 59, loss: 0.4847
2026-08-12 19:33:36 - val epoch: 60, loss: 0.4788, miou: 0.7426, dsc: 0.8523, sens: 0.8135, spec: 0.9693, area_ratio: 0.909, fp_ratio: 0.0307, fn_ratio: 0.1865
2026-08-12 19:33:54 - val epoch: 61, loss: 0.4804
2026-08-12 19:34:11 - val epoch: 62, loss: 0.4405
2026-08-12 19:34:28 - val epoch: 63, loss: 0.4784
2026-08-12 19:34:46 - val epoch: 64, loss: 0.4916
2026-08-12 19:35:03 - val epoch: 65, loss: 0.4901
2026-08-12 19:35:21 - val epoch: 66, loss: 0.4695
2026-08-12 19:35:38 - val epoch: 67, loss: 0.4713
2026-08-12 19:35:55 - val epoch: 68, loss: 0.5555
2026-08-12 19:36:13 - val epoch: 69, loss: 0.4659
2026-08-12 19:36:30 - val epoch: 70, loss: 0.4522
2026-08-12 19:36:47 - val epoch: 71, loss: 0.5016
2026-08-12 19:37:05 - val epoch: 72, loss: 0.4873
2026-08-12 19:37:22 - val epoch: 73, loss: 0.4557
2026-08-12 19:37:39 - val epoch: 74, loss: 0.4880
2026-08-12 19:37:57 - val epoch: 75, loss: 0.5505
2026-08-12 19:38:15 - val epoch: 76, loss: 0.4703
2026-08-12 19:38:32 - val epoch: 77, loss: 0.5446
2026-08-12 19:38:50 - val epoch: 78, loss: 0.5003
2026-08-12 19:39:08 - val epoch: 79, loss: 0.5067
2026-08-12 19:39:25 - val epoch: 80, loss: 0.6439
2026-08-12 19:39:42 - val epoch: 81, loss: 0.5028
2026-08-12 19:40:00 - val epoch: 82, loss: 0.4626
2026-08-12 19:40:18 - val epoch: 83, loss: 0.5763
2026-08-12 19:40:35 - val epoch: 84, loss: 0.4882
2026-08-12 19:40:52 - val epoch: 85, loss: 0.5015
2026-08-12 19:41:09 - val epoch: 86, loss: 0.5844
2026-08-12 19:41:27 - val epoch: 87, loss: 0.4931
2026-08-12 19:41:44 - val epoch: 88, loss: 0.5055
2026-08-12 19:42:01 - val epoch: 89, loss: 0.4862
2026-08-12 19:42:22 - val epoch: 90, loss: 0.5221, miou: 0.7402, dsc: 0.8507, sens: 0.8238, spec: 0.9637, area_ratio: 0.937, fp_ratio: 0.0363, fn_ratio: 0.1762
2026-08-12 19:42:39 - val epoch: 91, loss: 0.5864
2026-08-12 19:42:57 - val epoch: 92, loss: 0.5178
2026-08-12 19:43:14 - val epoch: 93, loss: 0.5182
2026-08-12 19:43:31 - val epoch: 94, loss: 0.6024
2026-08-12 19:43:49 - val epoch: 95, loss: 0.5527
2026-08-12 19:44:06 - val epoch: 96, loss: 0.5446
2026-08-12 19:44:23 - val epoch: 97, loss: 0.5885
2026-08-12 19:44:40 - val epoch: 98, loss: 0.7136
2026-08-12 19:44:57 - val epoch: 99, loss: 0.5261
2026-08-12 19:45:15 - val epoch: 100, loss: 0.4985
2026-08-12 19:45:32 - val epoch: 101, loss: 0.5063
2026-08-12 19:45:49 - val epoch: 102, loss: 0.5400
2026-08-12 19:46:07 - val epoch: 103, loss: 0.5495
2026-08-12 19:46:24 - val epoch: 104, loss: 0.5948
2026-08-12 19:46:41 - val epoch: 105, loss: 0.5401
2026-08-12 19:46:58 - val epoch: 106, loss: 0.5595
2026-08-12 19:47:16 - val epoch: 107, loss: 0.5645
2026-08-12 19:47:33 - val epoch: 108, loss: 0.5791
2026-08-12 19:47:50 - val epoch: 109, loss: 0.5318
2026-08-12 19:48:08 - val epoch: 110, loss: 0.5326
2026-08-12 19:48:25 - val epoch: 111, loss: 0.5244
2026-08-12 19:48:42 - val epoch: 112, loss: 0.5715
2026-08-12 19:49:00 - val epoch: 113, loss: 0.6164
2026-08-12 19:49:17 - val epoch: 114, loss: 0.5854
2026-08-12 19:49:34 - val epoch: 115, loss: 0.5731
2026-08-12 19:49:51 - val epoch: 116, loss: 0.6067
2026-08-12 19:50:08 - val epoch: 117, loss: 0.5612
2026-08-12 19:50:26 - val epoch: 118, loss: 0.6317
2026-08-12 19:50:43 - val epoch: 119, loss: 0.6603
2026-08-12 19:51:04 - val epoch: 120, loss: 0.6122, miou: 0.7127, dsc: 0.8322, sens: 0.7605, spec: 0.9784, area_ratio: 0.828, fp_ratio: 0.0216, fn_ratio: 0.2395
2026-08-12 19:51:22 - val epoch: 121, loss: 0.6056
2026-08-12 19:51:39 - val epoch: 122, loss: 0.5571
2026-08-12 19:51:56 - val epoch: 123, loss: 0.5515
2026-08-12 19:52:13 - val epoch: 124, loss: 0.7101
2026-08-12 19:52:30 - val epoch: 125, loss: 0.5367
2026-08-12 19:52:48 - val epoch: 126, loss: 0.6217
2026-08-12 19:53:05 - val epoch: 127, loss: 0.6196
2026-08-12 19:53:22 - val epoch: 128, loss: 0.5575
2026-08-12 19:53:39 - val epoch: 129, loss: 0.5539
2026-08-12 19:53:57 - val epoch: 130, loss: 0.6029
2026-08-12 19:54:14 - val epoch: 131, loss: 0.5339
2026-08-12 19:54:31 - val epoch: 132, loss: 0.5810
2026-08-12 19:54:48 - val epoch: 133, loss: 0.6685
2026-08-12 19:55:06 - val epoch: 134, loss: 0.5211
2026-08-12 19:55:23 - val epoch: 135, loss: 0.6185
2026-08-12 19:55:40 - val epoch: 136, loss: 0.6129
2026-08-12 19:55:57 - val epoch: 137, loss: 0.5916
2026-08-12 19:56:14 - val epoch: 138, loss: 0.5517
2026-08-12 19:56:32 - val epoch: 139, loss: 0.6006
2026-08-12 19:56:49 - val epoch: 140, loss: 0.6815
2026-08-12 19:57:06 - val epoch: 141, loss: 0.5806
2026-08-12 19:57:24 - val epoch: 142, loss: 0.6488
2026-08-12 19:57:41 - val epoch: 143, loss: 0.6499
2026-08-12 19:57:58 - val epoch: 144, loss: 0.5600
2026-08-12 19:58:15 - val epoch: 145, loss: 0.6274
2026-08-12 19:58:33 - val epoch: 146, loss: 0.6029
2026-08-12 19:58:50 - val epoch: 147, loss: 0.6213
2026-08-12 19:59:07 - val epoch: 148, loss: 0.6479
2026-08-12 19:59:24 - val epoch: 149, loss: 0.5863
2026-08-12 19:59:45 - val epoch: 150, loss: 0.6678, miou: 0.7127, dsc: 0.8323, sens: 0.7625, spec: 0.9775, area_ratio: 0.832, fp_ratio: 0.0225, fn_ratio: 0.2375
2026-08-12 20:00:02 - val epoch: 151, loss: 0.6102
2026-08-12 20:00:20 - val epoch: 152, loss: 0.6203
2026-08-12 20:00:37 - val epoch: 153, loss: 0.6368
2026-08-12 20:00:54 - val epoch: 154, loss: 0.6306
2026-08-12 20:01:12 - val epoch: 155, loss: 0.6633
2026-08-12 20:01:29 - val epoch: 156, loss: 0.6732
2026-08-12 20:01:46 - val epoch: 157, loss: 0.6708
2026-08-12 20:02:03 - val epoch: 158, loss: 0.7090
2026-08-12 20:02:21 - val epoch: 159, loss: 0.6243
2026-08-12 20:02:38 - val epoch: 160, loss: 0.7273
2026-08-12 20:02:55 - val epoch: 161, loss: 0.6476
2026-08-12 20:03:12 - val epoch: 162, loss: 0.6349
2026-08-12 20:03:30 - val epoch: 163, loss: 0.7414
2026-08-12 20:03:47 - val epoch: 164, loss: 0.6611
2026-08-12 20:04:04 - val epoch: 165, loss: 0.6346
2026-08-12 20:04:21 - val epoch: 166, loss: 0.6622
2026-08-12 20:04:39 - val epoch: 167, loss: 0.6650
2026-08-12 20:04:56 - val epoch: 168, loss: 0.6902
2026-08-12 20:05:13 - val epoch: 169, loss: 0.6474
2026-08-12 20:05:30 - val epoch: 170, loss: 0.6847
2026-08-12 20:05:47 - val epoch: 171, loss: 0.6550
2026-08-12 20:06:05 - val epoch: 172, loss: 0.7162
2026-08-12 20:06:22 - val epoch: 173, loss: 0.7280
2026-08-12 20:06:40 - val epoch: 174, loss: 0.7308
2026-08-12 20:06:57 - val epoch: 175, loss: 0.6556
2026-08-12 20:07:14 - val epoch: 176, loss: 0.6890
2026-08-12 20:07:32 - val epoch: 177, loss: 0.6574
2026-08-12 20:07:49 - val epoch: 178, loss: 0.6962
2026-08-12 20:08:06 - val epoch: 179, loss: 0.6163
2026-08-12 20:08:27 - val epoch: 180, loss: 0.6704, miou: 0.7243, dsc: 0.8401, sens: 0.7779, spec: 0.9762, area_ratio: 0.852, fp_ratio: 0.0238, fn_ratio: 0.2221
2026-08-12 20:08:44 - val epoch: 181, loss: 0.6350
2026-08-12 20:09:02 - val epoch: 182, loss: 0.7207
2026-08-12 20:09:19 - val epoch: 183, loss: 0.7016
2026-08-12 20:09:36 - val epoch: 184, loss: 0.6818
2026-08-12 20:09:53 - val epoch: 185, loss: 0.7411
2026-08-12 20:10:11 - val epoch: 186, loss: 0.7426
2026-08-12 20:10:28 - val epoch: 187, loss: 0.6801
2026-08-12 20:10:45 - val epoch: 188, loss: 0.6907
2026-08-12 20:11:02 - val epoch: 189, loss: 0.6830
2026-08-12 20:11:20 - val epoch: 190, loss: 0.6807
2026-08-12 20:11:37 - val epoch: 191, loss: 0.7690
2026-08-12 20:11:55 - val epoch: 192, loss: 0.7546
2026-08-12 20:12:12 - val epoch: 193, loss: 0.7372
2026-08-12 20:12:29 - val epoch: 194, loss: 0.7538
2026-08-12 20:12:46 - val epoch: 195, loss: 0.7406
2026-08-12 20:13:04 - val epoch: 196, loss: 0.7282
2026-08-12 20:13:21 - val epoch: 197, loss: 0.7119
2026-08-12 20:13:38 - val epoch: 198, loss: 0.7313
2026-08-12 20:13:56 - val epoch: 199, loss: 0.8136
2026-08-12 20:14:13 - val epoch: 200, loss: 0.8022
2026-08-12 20:14:30 - val epoch: 201, loss: 0.7807
2026-08-12 20:14:48 - val epoch: 202, loss: 0.7132
2026-08-12 20:15:05 - val epoch: 203, loss: 0.7723
2026-08-12 20:15:22 - val epoch: 204, loss: 0.7882
2026-08-12 20:15:39 - val epoch: 205, loss: 0.7705
2026-08-12 20:15:56 - val epoch: 206, loss: 0.7637
2026-08-12 20:16:13 - val epoch: 207, loss: 0.8069
2026-08-12 20:16:31 - val epoch: 208, loss: 0.7434
2026-08-12 20:16:48 - val epoch: 209, loss: 0.7363
2026-08-12 20:17:09 - val epoch: 210, loss: 0.7232, miou: 0.7160, dsc: 0.8345, sens: 0.7669, spec: 0.9772, area_ratio: 0.838, fp_ratio: 0.0228, fn_ratio: 0.2331
2026-08-12 20:17:26 - val epoch: 211, loss: 0.8024
2026-08-12 20:17:44 - val epoch: 212, loss: 0.7653
2026-08-12 20:18:01 - val epoch: 213, loss: 0.8126
2026-08-12 20:18:18 - val epoch: 214, loss: 0.8016
2026-08-12 20:18:35 - val epoch: 215, loss: 0.8166
2026-08-12 20:18:52 - val epoch: 216, loss: 0.8638
2026-08-12 20:19:10 - val epoch: 217, loss: 0.7298
2026-08-12 20:19:27 - val epoch: 218, loss: 0.7177
2026-08-12 20:19:44 - val epoch: 219, loss: 0.7407
2026-08-12 20:20:01 - val epoch: 220, loss: 0.8057
2026-08-12 20:20:19 - val epoch: 221, loss: 0.7677
2026-08-12 20:20:36 - val epoch: 222, loss: 0.7925
2026-08-12 20:20:53 - val epoch: 223, loss: 0.7980
2026-08-12 20:21:10 - val epoch: 224, loss: 0.8094
2026-08-12 20:21:27 - val epoch: 225, loss: 0.7879
2026-08-12 20:21:45 - val epoch: 226, loss: 0.7834
2026-08-12 20:22:02 - val epoch: 227, loss: 0.8143
2026-08-12 20:22:20 - val epoch: 228, loss: 0.8224
2026-08-12 20:22:37 - val epoch: 229, loss: 0.8041
2026-08-12 20:22:54 - val epoch: 230, loss: 0.8425
2026-08-12 20:23:12 - val epoch: 231, loss: 0.8154
2026-08-12 20:23:29 - val epoch: 232, loss: 0.7850
2026-08-12 20:23:47 - val epoch: 233, loss: 0.8478
2026-08-12 20:24:04 - val epoch: 234, loss: 0.8237
2026-08-12 20:24:21 - val epoch: 235, loss: 0.8326
2026-08-12 20:24:38 - val epoch: 236, loss: 0.8382
2026-08-12 20:24:56 - val epoch: 237, loss: 0.8343
2026-08-12 20:25:13 - val epoch: 238, loss: 0.8114
2026-08-12 20:25:31 - val epoch: 239, loss: 0.8263
2026-08-12 20:25:52 - val epoch: 240, loss: 0.8061, miou: 0.7026, dsc: 0.8253, sens: 0.7451, spec: 0.9805, area_ratio: 0.806, fp_ratio: 0.0195, fn_ratio: 0.2549
2026-08-12 20:26:10 - val epoch: 241, loss: 0.8415
2026-08-12 20:26:27 - val epoch: 242, loss: 0.8455
2026-08-12 20:26:44 - val epoch: 243, loss: 0.8788
2026-08-12 20:27:01 - val epoch: 244, loss: 0.8207
2026-08-12 20:27:19 - val epoch: 245, loss: 0.8296
2026-08-12 20:27:36 - val epoch: 246, loss: 0.8552
2026-08-12 20:27:53 - val epoch: 247, loss: 0.8316
2026-08-12 20:28:10 - val epoch: 248, loss: 0.8261
2026-08-12 20:28:28 - val epoch: 249, loss: 0.8206
2026-08-12 20:28:45 - val epoch: 250, loss: 0.8375
2026-08-12 20:29:02 - val epoch: 251, loss: 0.8320
2026-08-12 20:29:19 - val epoch: 252, loss: 0.8450
2026-08-12 20:29:37 - val epoch: 253, loss: 0.8330
2026-08-12 20:29:54 - val epoch: 254, loss: 0.8693
2026-08-12 20:30:11 - val epoch: 255, loss: 0.8730
2026-08-12 20:30:29 - val epoch: 256, loss: 0.8399
2026-08-12 20:30:46 - val epoch: 257, loss: 0.8563
2026-08-12 20:31:03 - val epoch: 258, loss: 0.8741
2026-08-12 20:31:20 - val epoch: 259, loss: 0.8663
2026-08-12 20:31:38 - val epoch: 260, loss: 0.8751
2026-08-12 20:31:55 - val epoch: 261, loss: 0.8698
2026-08-12 20:32:12 - val epoch: 262, loss: 0.8524
2026-08-12 20:32:30 - val epoch: 263, loss: 0.8896
2026-08-12 20:32:47 - val epoch: 264, loss: 0.8613
2026-08-12 20:33:04 - val epoch: 265, loss: 0.8652
2026-08-12 20:33:21 - val epoch: 266, loss: 0.8970
2026-08-12 20:33:38 - val epoch: 267, loss: 0.8561
2026-08-12 20:33:56 - val epoch: 268, loss: 0.8724
2026-08-12 20:34:13 - val epoch: 269, loss: 0.8798
2026-08-12 20:34:34 - val epoch: 270, loss: 0.8733, miou: 0.6915, dsc: 0.8176, sens: 0.7268, spec: 0.9836, area_ratio: 0.778, fp_ratio: 0.0164, fn_ratio: 0.2732
2026-08-12 20:34:51 - val epoch: 271, loss: 0.8653
2026-08-12 20:35:08 - val epoch: 272, loss: 0.8875
2026-08-12 20:35:26 - val epoch: 273, loss: 0.8813
2026-08-12 20:35:43 - val epoch: 274, loss: 0.8788
2026-08-12 20:36:01 - val epoch: 275, loss: 0.8830
2026-08-12 20:36:18 - val epoch: 276, loss: 0.8881
2026-08-12 20:36:35 - val epoch: 277, loss: 0.8858
2026-08-12 20:36:53 - val epoch: 278, loss: 0.8707
2026-08-12 20:37:10 - val epoch: 279, loss: 0.8858
2026-08-12 20:37:28 - val epoch: 280, loss: 0.8852
2026-08-12 20:37:45 - val epoch: 281, loss: 0.8717
2026-08-12 20:38:02 - val epoch: 282, loss: 0.8789
2026-08-12 20:38:19 - val epoch: 283, loss: 0.8897
2026-08-12 20:38:37 - val epoch: 284, loss: 0.8847
2026-08-12 20:38:54 - val epoch: 285, loss: 0.8876
2026-08-12 20:39:11 - val epoch: 286, loss: 0.8806
2026-08-12 20:39:29 - val epoch: 287, loss: 0.8828
2026-08-12 20:39:46 - val epoch: 288, loss: 0.8923
2026-08-12 20:40:04 - val epoch: 289, loss: 0.8764
2026-08-12 20:40:21 - val epoch: 290, loss: 0.8858
2026-08-12 20:40:38 - val epoch: 291, loss: 0.8940
2026-08-12 20:40:55 - val epoch: 292, loss: 0.8893
2026-08-12 20:41:12 - val epoch: 293, loss: 0.8910
2026-08-12 20:41:29 - val epoch: 294, loss: 0.8896
2026-08-12 20:41:46 - val epoch: 295, loss: 0.8959
2026-08-12 20:42:04 - val epoch: 296, loss: 0.8935
2026-08-12 20:42:21 - val epoch: 297, loss: 0.8915
2026-08-12 20:42:38 - val epoch: 298, loss: 0.8850
2026-08-12 20:42:56 - val epoch: 299, loss: 0.8889
2026-08-12 20:43:17 - val epoch: 300, loss: 0.8943, miou: 0.6878, dsc: 0.8150, sens: 0.7226, spec: 0.9837, area_ratio: 0.773, fp_ratio: 0.0163, fn_ratio: 0.2774
2026-08-12 20:43:17 - B1 FINAL: DSC=0.8523 mIoU=0.7426 Sens=0.8135 Spec=0.9693 AreaRatio=0.909
