2026-08-30 21:32:33 - #----------Config info----------#
2026-08-30 21:32:33 - network: ege_dual,
2026-08-30 21:32:33 - fusion_type: scale_cond,
2026-08-30 21:32:33 - work_dir: results/ege_dual_difflr_scf_isic18_Sunday_30_August_2026_21h_32m_33s/,
2026-08-30 21:32:34 - [diff-lr] group1 82,370 lr=0.001; group2 5,259,408 lr=0.0001
2026-08-30 21:32:38 - train: epoch 1, iter:0, loss: 7.2623, lr: 0.001
2026-08-30 21:32:44 - train: epoch 1, iter:20, loss: 2.8635, lr: 0.001
2026-08-30 21:33:05 - val epoch: 1, loss: 1.8866
2026-08-30 21:33:05 - train gamma: g2=0.100 g3=0.100 g4=0.100 g5=0.100
2026-08-30 21:33:07 - train: epoch 2, iter:0, loss: 1.8404, lr: 0.0009999728588359286
2026-08-30 21:33:12 - train: epoch 2, iter:20, loss: 1.5668, lr: 0.0009999728588359286
2026-08-30 21:33:33 - val epoch: 2, loss: 1.4147
2026-08-30 21:33:33 - train gamma: g2=0.100 g3=0.099 g4=0.098 g5=0.096
2026-08-30 21:33:35 - train: epoch 3, iter:0, loss: 1.2487, lr: 0.0009998914383200486
2026-08-30 21:33:41 - train: epoch 3, iter:20, loss: 1.2788, lr: 0.0009998914383200486
2026-08-30 21:34:02 - val epoch: 3, loss: 1.2782
2026-08-30 21:34:02 - train gamma: g2=0.101 g3=0.099 g4=0.093 g5=0.088
2026-08-30 21:34:04 - train: epoch 4, iter:0, loss: 1.2232, lr: 0.0009997557473810372
2026-08-30 21:34:09 - train: epoch 4, iter:20, loss: 1.2422, lr: 0.0009997557473810372
2026-08-30 21:34:30 - val epoch: 4, loss: 1.3814
2026-08-30 21:34:30 - train gamma: g2=0.101 g3=0.099 g4=0.087 g5=0.081
2026-08-30 21:34:32 - train: epoch 5, iter:0, loss: 1.1422, lr: 0.000999565800898935
2026-08-30 21:34:37 - train: epoch 5, iter:20, loss: 1.0661, lr: 0.000999565800898935
2026-08-30 21:34:58 - val epoch: 5, loss: 1.2009
2026-08-30 21:34:58 - train gamma: g2=0.101 g3=0.099 g4=0.084 g5=0.070
2026-08-30 21:35:01 - train: epoch 6, iter:0, loss: 1.1221, lr: 0.0009993216197035143
2026-08-30 21:35:06 - train: epoch 6, iter:20, loss: 1.0765, lr: 0.0009993216197035143
2026-08-30 21:35:27 - val epoch: 6, loss: 1.1237
2026-08-30 21:35:27 - train gamma: g2=0.101 g3=0.099 g4=0.082 g5=0.065
2026-08-30 21:35:29 - train: epoch 7, iter:0, loss: 1.1082, lr: 0.0009990232305719946
2026-08-30 21:35:35 - train: epoch 7, iter:20, loss: 1.0137, lr: 0.0009990232305719946
2026-08-30 21:35:56 - val epoch: 7, loss: 1.3002
2026-08-30 21:35:56 - train gamma: g2=0.101 g3=0.098 g4=0.081 g5=0.061
2026-08-30 21:35:58 - train: epoch 8, iter:0, loss: 1.4133, lr: 0.0009986706662261067
2026-08-30 21:36:03 - train: epoch 8, iter:20, loss: 1.0769, lr: 0.0009986706662261067
2026-08-30 21:36:24 - val epoch: 8, loss: 1.1441
2026-08-30 21:36:24 - train gamma: g2=0.101 g3=0.098 g4=0.079 g5=0.054
2026-08-30 21:36:26 - train: epoch 9, iter:0, loss: 1.0707, lr: 0.0009982639653285047
2026-08-30 21:36:31 - train: epoch 9, iter:20, loss: 0.9984, lr: 0.0009982639653285047
2026-08-30 21:36:52 - val epoch: 9, loss: 1.5001
2026-08-30 21:36:52 - train gamma: g2=0.102 g3=0.098 g4=0.077 g5=0.054
2026-08-30 21:36:54 - train: epoch 10, iter:0, loss: 0.9725, lr: 0.0009978031724785245
2026-08-30 21:37:00 - train: epoch 10, iter:20, loss: 0.9757, lr: 0.0009978031724785245
2026-08-30 21:37:21 - val epoch: 10, loss: 1.0314
2026-08-30 21:37:21 - train gamma: g2=0.102 g3=0.099 g4=0.074 g5=0.046
2026-08-30 21:37:23 - train: epoch 11, iter:0, loss: 0.8125, lr: 0.0009972883382072953
2026-08-30 21:37:28 - train: epoch 11, iter:20, loss: 0.9318, lr: 0.0009972883382072953
2026-08-30 21:37:49 - val epoch: 11, loss: 1.0958
2026-08-30 21:37:49 - train gamma: g2=0.102 g3=0.099 g4=0.076 g5=0.046
2026-08-30 21:37:51 - train: epoch 12, iter:0, loss: 0.9922, lr: 0.0009967195189721962
2026-08-30 21:37:56 - train: epoch 12, iter:20, loss: 0.9087, lr: 0.0009967195189721962
2026-08-30 21:38:17 - val epoch: 12, loss: 0.9905
2026-08-30 21:38:17 - train gamma: g2=0.102 g3=0.098 g4=0.073 g5=0.044
2026-08-30 21:38:19 - train: epoch 13, iter:0, loss: 0.9268, lr: 0.0009960967771506667
2026-08-30 21:38:25 - train: epoch 13, iter:20, loss: 0.9064, lr: 0.0009960967771506667
2026-08-30 21:38:45 - val epoch: 13, loss: 1.0868
2026-08-30 21:38:45 - train gamma: g2=0.102 g3=0.098 g4=0.071 g5=0.040
2026-08-30 21:38:47 - train: epoch 14, iter:0, loss: 1.1608, lr: 0.0009954201810333646
2026-08-30 21:38:53 - train: epoch 14, iter:20, loss: 0.8942, lr: 0.0009954201810333646
2026-08-30 21:39:14 - val epoch: 14, loss: 0.9630
2026-08-30 21:39:14 - train gamma: g2=0.102 g3=0.098 g4=0.067 g5=0.038
2026-08-30 21:39:16 - train: epoch 15, iter:0, loss: 0.8961, lr: 0.0009946898048166792
2026-08-30 21:39:22 - train: epoch 15, iter:20, loss: 0.8744, lr: 0.0009946898048166792
2026-08-30 21:39:43 - val epoch: 15, loss: 1.0197
2026-08-30 21:39:43 - train gamma: g2=0.102 g3=0.099 g4=0.066 g5=0.035
2026-08-30 21:39:45 - train: epoch 16, iter:0, loss: 0.7462, lr: 0.000993905728594593
2026-08-30 21:39:50 - train: epoch 16, iter:20, loss: 0.8084, lr: 0.000993905728594593
2026-08-30 21:40:12 - val epoch: 16, loss: 1.0166
2026-08-30 21:40:12 - train gamma: g2=0.102 g3=0.099 g4=0.066 g5=0.037
2026-08-30 21:40:14 - train: epoch 17, iter:0, loss: 0.7940, lr: 0.0009930680383498998
2026-08-30 21:40:19 - train: epoch 17, iter:20, loss: 0.8369, lr: 0.0009930680383498998
2026-08-30 21:40:40 - val epoch: 17, loss: 0.9611
2026-08-30 21:40:40 - train gamma: g2=0.102 g3=0.098 g4=0.065 g5=0.035
2026-08-30 21:40:42 - train: epoch 18, iter:0, loss: 0.8236, lr: 0.0009921768259447744
2026-08-30 21:40:48 - train: epoch 18, iter:20, loss: 0.8192, lr: 0.0009921768259447744
2026-08-30 21:41:09 - val epoch: 18, loss: 0.9539
2026-08-30 21:41:09 - train gamma: g2=0.102 g3=0.098 g4=0.065 g5=0.033
2026-08-30 21:41:11 - train: epoch 19, iter:0, loss: 0.8806, lr: 0.0009912321891107007
2026-08-30 21:41:16 - train: epoch 19, iter:20, loss: 0.7731, lr: 0.0009912321891107007
2026-08-30 21:41:37 - val epoch: 19, loss: 0.9292
2026-08-30 21:41:37 - train gamma: g2=0.102 g3=0.098 g4=0.062 g5=0.030
2026-08-30 21:41:39 - train: epoch 20, iter:0, loss: 0.8473, lr: 0.0009902342314377522
2026-08-30 21:41:44 - train: epoch 20, iter:20, loss: 0.7545, lr: 0.0009902342314377522
2026-08-30 21:42:05 - val epoch: 20, loss: 0.9191
2026-08-30 21:42:05 - train gamma: g2=0.102 g3=0.098 g4=0.062 g5=0.032
2026-08-30 21:42:07 - train: epoch 21, iter:0, loss: 0.8987, lr: 0.0009891830623632338
2026-08-30 21:42:12 - train: epoch 21, iter:20, loss: 0.7774, lr: 0.0009891830623632338
2026-08-30 21:42:33 - val epoch: 21, loss: 0.9244
2026-08-30 21:42:33 - train gamma: g2=0.102 g3=0.099 g4=0.064 g5=0.034
2026-08-30 21:42:35 - train: epoch 22, iter:0, loss: 0.7084, lr: 0.00098807879715968
2026-08-30 21:42:41 - train: epoch 22, iter:20, loss: 0.7533, lr: 0.00098807879715968
2026-08-30 21:43:02 - val epoch: 22, loss: 0.9296
2026-08-30 21:43:02 - train gamma: g2=0.102 g3=0.099 g4=0.061 g5=0.032
2026-08-30 21:43:04 - train: epoch 23, iter:0, loss: 0.7901, lr: 0.0009869215569222143
2026-08-30 21:43:09 - train: epoch 23, iter:20, loss: 0.8236, lr: 0.0009869215569222143
2026-08-30 21:43:30 - val epoch: 23, loss: 0.8787
2026-08-30 21:43:30 - train gamma: g2=0.102 g3=0.099 g4=0.057 g5=0.028
2026-08-30 21:43:32 - train: epoch 24, iter:0, loss: 0.6363, lr: 0.0009857114685552697
2026-08-30 21:43:37 - train: epoch 24, iter:20, loss: 0.7383, lr: 0.0009857114685552697
2026-08-30 21:43:58 - val epoch: 24, loss: 1.0053
2026-08-30 21:43:58 - train gamma: g2=0.103 g3=0.100 g4=0.059 g5=0.029
2026-08-30 21:44:00 - train: epoch 25, iter:0, loss: 0.7255, lr: 0.0009844486647586721
2026-08-30 21:44:06 - train: epoch 25, iter:20, loss: 0.7588, lr: 0.0009844486647586721
2026-08-30 21:44:27 - val epoch: 25, loss: 1.0018
2026-08-30 21:44:27 - train gamma: g2=0.102 g3=0.099 g4=0.060 g5=0.030
2026-08-30 21:44:29 - train: epoch 26, iter:0, loss: 0.6905, lr: 0.0009831332840130884
2026-08-30 21:44:34 - train: epoch 26, iter:20, loss: 0.7780, lr: 0.0009831332840130884
2026-08-30 21:44:55 - val epoch: 26, loss: 0.8873
2026-08-30 21:44:55 - train gamma: g2=0.103 g3=0.099 g4=0.055 g5=0.027
2026-08-30 21:44:57 - train: epoch 27, iter:0, loss: 0.6327, lr: 0.0009817654705648405
2026-08-30 21:45:03 - train: epoch 27, iter:20, loss: 0.7231, lr: 0.0009817654705648405
2026-08-30 21:45:23 - val epoch: 27, loss: 1.0187
2026-08-30 21:45:23 - train gamma: g2=0.103 g3=0.100 g4=0.060 g5=0.026
2026-08-30 21:45:25 - train: epoch 28, iter:0, loss: 0.7695, lr: 0.0009803453744100864
2026-08-30 21:45:31 - train: epoch 28, iter:20, loss: 0.7354, lr: 0.0009803453744100864
2026-08-30 21:45:52 - val epoch: 28, loss: 0.9131
2026-08-30 21:45:52 - train gamma: g2=0.103 g3=0.100 g4=0.060 g5=0.026
2026-08-30 21:45:53 - train: epoch 29, iter:0, loss: 0.9174, lr: 0.0009788731512783728
2026-08-30 21:45:59 - train: epoch 29, iter:20, loss: 0.7159, lr: 0.0009788731512783728
2026-08-30 21:46:20 - val epoch: 29, loss: 0.8684
2026-08-30 21:46:20 - train gamma: g2=0.103 g3=0.100 g4=0.057 g5=0.027
2026-08-30 21:46:22 - train: epoch 30, iter:0, loss: 0.5767, lr: 0.0009773489626155566
2026-08-30 21:46:27 - train: epoch 30, iter:20, loss: 0.7050, lr: 0.0009773489626155566
2026-08-30 21:46:52 - val epoch: 30, loss: 0.9558, miou: 0.7352522026428377, f1_or_dsc: 0.8474297874660849, accuracy: 0.9175732678706103,                 specificity: 0.9102211671637152, sensitivity: 0.9404251073598844, confusion_matrix: [[36466643  3596854]
 [  767896 12121695]]
2026-08-30 21:46:52 - train gamma: g2=0.103 g3=0.100 g4=0.055 g5=0.024
2026-08-30 21:46:54 - train: epoch 31, iter:0, loss: 0.8316, lr: 0.0009757729755661006
2026-08-30 21:47:00 - train: epoch 31, iter:20, loss: 0.7314, lr: 0.0009757729755661006
2026-08-30 21:47:20 - val epoch: 31, loss: 0.9201
2026-08-30 21:47:20 - train gamma: g2=0.103 g3=0.100 g4=0.054 g5=0.025
2026-08-30 21:47:22 - train: epoch 32, iter:0, loss: 0.8100, lr: 0.0009741453629547445
2026-08-30 21:47:28 - train: epoch 32, iter:20, loss: 0.6981, lr: 0.0009741453629547445
2026-08-30 21:47:49 - val epoch: 32, loss: 0.8841
2026-08-30 21:47:49 - train gamma: g2=0.103 g3=0.100 g4=0.052 g5=0.026
2026-08-30 21:47:51 - train: epoch 33, iter:0, loss: 0.6661, lr: 0.0009724663032675527
2026-08-30 21:47:56 - train: epoch 33, iter:20, loss: 0.7045, lr: 0.0009724663032675527
2026-08-30 21:48:17 - val epoch: 33, loss: 0.8841
2026-08-30 21:48:17 - train gamma: g2=0.103 g3=0.100 g4=0.055 g5=0.025
2026-08-30 21:48:19 - train: epoch 34, iter:0, loss: 0.6944, lr: 0.0009707359806323412
2026-08-30 21:48:25 - train: epoch 34, iter:20, loss: 0.7641, lr: 0.0009707359806323412
2026-08-30 21:48:45 - val epoch: 34, loss: 0.8446
2026-08-30 21:48:45 - train gamma: g2=0.103 g3=0.099 g4=0.052 g5=0.022
2026-08-30 21:48:48 - train: epoch 35, iter:0, loss: 0.7565, lr: 0.0009689545847984858
2026-08-30 21:48:53 - train: epoch 35, iter:20, loss: 0.7038, lr: 0.0009689545847984858
2026-08-30 21:49:14 - val epoch: 35, loss: 1.1729
2026-08-30 21:49:14 - train gamma: g2=0.103 g3=0.102 g4=0.054 g5=0.025
2026-08-30 21:49:16 - train: epoch 36, iter:0, loss: 0.8474, lr: 0.0009671223111161144
2026-08-30 21:49:22 - train: epoch 36, iter:20, loss: 0.6867, lr: 0.0009671223111161144
2026-08-30 21:49:43 - val epoch: 36, loss: 0.9006
2026-08-30 21:49:43 - train gamma: g2=0.103 g3=0.100 g4=0.052 g5=0.024
2026-08-30 21:49:45 - train: epoch 37, iter:0, loss: 0.5164, lr: 0.000965239360514684
2026-08-30 21:49:50 - train: epoch 37, iter:20, loss: 0.6716, lr: 0.000965239360514684
2026-08-30 21:50:11 - val epoch: 37, loss: 0.8476
2026-08-30 21:50:11 - train gamma: g2=0.103 g3=0.100 g4=0.049 g5=0.022
2026-08-30 21:50:13 - train: epoch 38, iter:0, loss: 0.7160, lr: 0.000963305939480947
2026-08-30 21:50:19 - train: epoch 38, iter:20, loss: 0.6831, lr: 0.000963305939480947
2026-08-30 21:50:39 - val epoch: 38, loss: 0.9909
2026-08-30 21:50:39 - train gamma: g2=0.103 g3=0.100 g4=0.059 g5=0.024
2026-08-30 21:50:41 - train: epoch 39, iter:0, loss: 0.7196, lr: 0.0009613222600363074
2026-08-30 21:50:47 - train: epoch 39, iter:20, loss: 0.7179, lr: 0.0009613222600363074
2026-08-30 21:51:08 - val epoch: 39, loss: 0.8894
2026-08-30 21:51:08 - train gamma: g2=0.103 g3=0.100 g4=0.058 g5=0.022
2026-08-30 21:51:10 - train: epoch 40, iter:0, loss: 0.7231, lr: 0.0009592885397135703
2026-08-30 21:51:15 - train: epoch 40, iter:20, loss: 0.7176, lr: 0.0009592885397135703
2026-08-30 21:51:36 - val epoch: 40, loss: 0.8535
2026-08-30 21:51:36 - train gamma: g2=0.103 g3=0.101 g4=0.053 g5=0.020
2026-08-30 21:51:38 - train: epoch 41, iter:0, loss: 0.5365, lr: 0.0009572050015330871
2026-08-30 21:51:43 - train: epoch 41, iter:20, loss: 0.6694, lr: 0.0009572050015330871
2026-08-30 21:52:04 - val epoch: 41, loss: 0.9292
2026-08-30 21:52:04 - train gamma: g2=0.103 g3=0.099 g4=0.052 g5=0.022
2026-08-30 21:52:07 - train: epoch 42, iter:0, loss: 0.7218, lr: 0.0009550718739782986
2026-08-30 21:52:12 - train: epoch 42, iter:20, loss: 0.6360, lr: 0.0009550718739782986
2026-08-30 21:52:33 - val epoch: 42, loss: 0.9789
2026-08-30 21:52:33 - train gamma: g2=0.103 g3=0.099 g4=0.049 g5=0.021
2026-08-30 21:52:35 - train: epoch 43, iter:0, loss: 0.9146, lr: 0.0009528893909706794
2026-08-30 21:52:41 - train: epoch 43, iter:20, loss: 0.6859, lr: 0.0009528893909706794
2026-08-30 21:53:01 - val epoch: 43, loss: 0.9257
2026-08-30 21:53:01 - train gamma: g2=0.103 g3=0.100 g4=0.048 g5=0.023
2026-08-30 21:53:03 - train: epoch 44, iter:0, loss: 0.5537, lr: 0.0009506577918440856
2026-08-30 21:53:08 - train: epoch 44, iter:20, loss: 0.6119, lr: 0.0009506577918440856
2026-08-30 21:53:29 - val epoch: 44, loss: 0.8573
2026-08-30 21:53:29 - train gamma: g2=0.103 g3=0.100 g4=0.045 g5=0.020
2026-08-30 21:53:31 - train: epoch 45, iter:0, loss: 0.5499, lr: 0.000948377321318509
2026-08-30 21:53:37 - train: epoch 45, iter:20, loss: 0.6663, lr: 0.000948377321318509
2026-08-30 21:53:57 - val epoch: 45, loss: 0.8765
2026-08-30 21:53:57 - train gamma: g2=0.103 g3=0.100 g4=0.048 g5=0.022
2026-08-30 21:54:00 - train: epoch 46, iter:0, loss: 0.7237, lr: 0.0009460482294732416
2026-08-30 21:54:05 - train: epoch 46, iter:20, loss: 0.6481, lr: 0.0009460482294732416
2026-08-30 21:54:26 - val epoch: 46, loss: 0.9080
2026-08-30 21:54:26 - train gamma: g2=0.103 g3=0.099 g4=0.046 g5=0.018
2026-08-30 21:54:29 - train: epoch 47, iter:0, loss: 0.5227, lr: 0.0009436707717194508
2026-08-30 21:54:34 - train: epoch 47, iter:20, loss: 0.6604, lr: 0.0009436707717194508
2026-08-30 21:54:55 - val epoch: 47, loss: 0.9033
2026-08-30 21:54:55 - train gamma: g2=0.103 g3=0.100 g4=0.043 g5=0.018
2026-08-30 21:54:57 - train: epoch 48, iter:0, loss: 0.9228, lr: 0.0009412452087721706
2026-08-30 21:55:02 - train: epoch 48, iter:20, loss: 0.6612, lr: 0.0009412452087721706
2026-08-30 21:55:23 - val epoch: 48, loss: 0.8797
2026-08-30 21:55:23 - train gamma: g2=0.103 g3=0.098 g4=0.046 g5=0.019
2026-08-30 21:55:25 - train: epoch 49, iter:0, loss: 0.5449, lr: 0.000938771806621712
2026-08-30 21:55:30 - train: epoch 49, iter:20, loss: 0.6685, lr: 0.000938771806621712
2026-08-30 21:55:51 - val epoch: 49, loss: 0.9711
2026-08-30 21:55:51 - train gamma: g2=0.103 g3=0.100 g4=0.048 g5=0.019
2026-08-30 21:55:53 - train: epoch 50, iter:0, loss: 0.5292, lr: 0.0009362508365044934
2026-08-30 21:55:59 - train: epoch 50, iter:20, loss: 0.6591, lr: 0.0009362508365044934
2026-08-30 21:56:19 - val epoch: 50, loss: 0.8675
2026-08-30 21:56:19 - train gamma: g2=0.103 g3=0.100 g4=0.042 g5=0.019
2026-08-30 21:56:22 - train: epoch 51, iter:0, loss: 0.9107, lr: 0.0009336825748732968
2026-08-30 21:56:27 - train: epoch 51, iter:20, loss: 0.6432, lr: 0.0009336825748732968
2026-08-30 21:56:48 - val epoch: 51, loss: 0.8820
2026-08-30 21:56:48 - train gamma: g2=0.104 g3=0.100 g4=0.047 g5=0.018
2026-08-30 21:56:50 - train: epoch 52, iter:0, loss: 0.5880, lr: 0.0009310673033669517
2026-08-30 21:56:55 - train: epoch 52, iter:20, loss: 0.6679, lr: 0.0009310673033669517
2026-08-30 21:57:16 - val epoch: 52, loss: 0.8535
2026-08-30 21:57:16 - train gamma: g2=0.104 g3=0.100 g4=0.046 g5=0.020
2026-08-30 21:57:18 - train: epoch 53, iter:0, loss: 0.6613, lr: 0.0009284053087794505
2026-08-30 21:57:24 - train: epoch 53, iter:20, loss: 0.6390, lr: 0.0009284053087794505
2026-08-30 21:57:45 - val epoch: 53, loss: 0.8944
2026-08-30 21:57:45 - train gamma: g2=0.104 g3=0.099 g4=0.043 g5=0.018
2026-08-30 21:57:47 - train: epoch 54, iter:0, loss: 0.6265, lr: 0.0009256968830284974
2026-08-30 21:57:52 - train: epoch 54, iter:20, loss: 0.6502, lr: 0.0009256968830284974
2026-08-30 21:58:13 - val epoch: 54, loss: 0.8818
2026-08-30 21:58:13 - train gamma: g2=0.104 g3=0.102 g4=0.043 g5=0.018
2026-08-30 21:58:15 - train: epoch 55, iter:0, loss: 0.4754, lr: 0.0009229423231234972
2026-08-30 21:58:21 - train: epoch 55, iter:20, loss: 0.6377, lr: 0.0009229423231234972
2026-08-30 21:58:41 - val epoch: 55, loss: 0.8672
2026-08-30 21:58:41 - train gamma: g2=0.104 g3=0.099 g4=0.048 g5=0.019
2026-08-30 21:58:43 - train: epoch 56, iter:0, loss: 0.6951, lr: 0.0009201419311329846
2026-08-30 21:58:49 - train: epoch 56, iter:20, loss: 0.6388, lr: 0.0009201419311329846
2026-08-30 21:59:10 - val epoch: 56, loss: 0.9729
2026-08-30 21:59:10 - train gamma: g2=0.104 g3=0.101 g4=0.045 g5=0.019
2026-08-30 21:59:11 - train: epoch 57, iter:0, loss: 0.5572, lr: 0.0009172960141514989
2026-08-30 21:59:17 - train: epoch 57, iter:20, loss: 0.6164, lr: 0.0009172960141514989
2026-08-30 21:59:38 - val epoch: 57, loss: 0.8783
2026-08-30 21:59:38 - train gamma: g2=0.104 g3=0.099 g4=0.043 g5=0.018
2026-08-30 21:59:39 - train: epoch 58, iter:0, loss: 0.6145, lr: 0.0009144048842659077
2026-08-30 21:59:45 - train: epoch 58, iter:20, loss: 0.6287, lr: 0.0009144048842659077
2026-08-30 22:00:06 - val epoch: 58, loss: 0.9047
2026-08-30 22:00:06 - train gamma: g2=0.104 g3=0.102 g4=0.045 g5=0.018
2026-08-30 22:00:08 - train: epoch 59, iter:0, loss: 0.5165, lr: 0.0009114688585211832
2026-08-30 22:00:13 - train: epoch 59, iter:20, loss: 0.6112, lr: 0.0009114688585211832
2026-08-30 22:00:34 - val epoch: 59, loss: 0.8430
2026-08-30 22:00:34 - train gamma: g2=0.104 g3=0.100 g4=0.039 g5=0.019
2026-08-30 22:00:36 - train: epoch 60, iter:0, loss: 0.5460, lr: 0.0009084882588856339
2026-08-30 22:00:41 - train: epoch 60, iter:20, loss: 0.6025, lr: 0.0009084882588856339
2026-08-30 22:01:06 - val epoch: 60, loss: 0.9163, miou: 0.7688417127583234, f1_or_dsc: 0.869316578428485, accuracy: 0.9399893732354192,                 specificity: 0.9785971254581196, sensitivity: 0.8199885473480113, confusion_matrix: [[39206023   857474]
 [ 2320274 10569317]]
2026-08-30 22:01:06 - train gamma: g2=0.104 g3=0.101 g4=0.043 g5=0.021
2026-08-30 22:01:08 - train: epoch 61, iter:0, loss: 0.6153, lr: 0.0009054634122155986
2026-08-30 22:01:14 - train: epoch 61, iter:20, loss: 0.6479, lr: 0.0009054634122155986
2026-08-30 22:01:34 - val epoch: 61, loss: 0.9416
2026-08-30 22:01:34 - train gamma: g2=0.104 g3=0.100 g4=0.042 g5=0.018
2026-08-30 22:01:36 - train: epoch 62, iter:0, loss: 0.7830, lr: 0.0009023946502196013
2026-08-30 22:01:42 - train: epoch 62, iter:20, loss: 0.6490, lr: 0.0009023946502196013
2026-08-30 22:02:02 - val epoch: 62, loss: 0.9004
2026-08-30 22:02:02 - train gamma: g2=0.104 g3=0.102 g4=0.042 g5=0.018
2026-08-30 22:02:04 - train: epoch 63, iter:0, loss: 0.5428, lr: 0.0008992823094219767
2026-08-30 22:02:10 - train: epoch 63, iter:20, loss: 0.6061, lr: 0.0008992823094219767
2026-08-30 22:02:31 - val epoch: 63, loss: 0.8239
2026-08-30 22:02:31 - train gamma: g2=0.104 g3=0.099 g4=0.041 g5=0.017
2026-08-30 22:02:33 - train: epoch 64, iter:0, loss: 0.6009, lr: 0.0008961267311259662
2026-08-30 22:02:38 - train: epoch 64, iter:20, loss: 0.6330, lr: 0.0008961267311259662
2026-08-30 22:02:59 - val epoch: 64, loss: 0.8582
2026-08-30 22:02:59 - train gamma: g2=0.104 g3=0.102 g4=0.044 g5=0.019
2026-08-30 22:03:01 - train: epoch 65, iter:0, loss: 0.4555, lr: 0.0008929282613762903
2026-08-30 22:03:07 - train: epoch 65, iter:20, loss: 0.6006, lr: 0.0008929282613762903
2026-08-30 22:03:29 - val epoch: 65, loss: 0.8403
2026-08-30 22:03:29 - train gamma: g2=0.104 g3=0.101 g4=0.041 g5=0.017
2026-08-30 22:03:31 - train: epoch 66, iter:0, loss: 0.5119, lr: 0.0008896872509212002
2026-08-30 22:03:36 - train: epoch 66, iter:20, loss: 0.6087, lr: 0.0008896872509212002
2026-08-30 22:03:57 - val epoch: 66, loss: 0.8428
2026-08-30 22:03:57 - train gamma: g2=0.104 g3=0.101 g4=0.040 g5=0.018
2026-08-30 22:03:59 - train: epoch 67, iter:0, loss: 0.5633, lr: 0.0008864040551740152
2026-08-30 22:04:05 - train: epoch 67, iter:20, loss: 0.6226, lr: 0.0008864040551740152
2026-08-30 22:04:25 - val epoch: 67, loss: 0.8169
2026-08-30 22:04:25 - train gamma: g2=0.104 g3=0.101 g4=0.038 g5=0.017
2026-08-30 22:04:27 - train: epoch 68, iter:0, loss: 0.4743, lr: 0.0008830790341741476
2026-08-30 22:04:32 - train: epoch 68, iter:20, loss: 0.6065, lr: 0.0008830790341741476
2026-08-30 22:04:53 - val epoch: 68, loss: 1.0775
2026-08-30 22:04:53 - train gamma: g2=0.104 g3=0.101 g4=0.044 g5=0.018
2026-08-30 22:04:55 - train: epoch 69, iter:0, loss: 0.4700, lr: 0.000879712552547619
2026-08-30 22:05:00 - train: epoch 69, iter:20, loss: 0.6047, lr: 0.000879712552547619
2026-08-30 22:05:21 - val epoch: 69, loss: 0.8678
2026-08-30 22:05:21 - train gamma: g2=0.104 g3=0.101 g4=0.042 g5=0.020
2026-08-30 22:05:23 - train: epoch 70, iter:0, loss: 0.7825, lr: 0.0008763049794670771
2026-08-30 22:05:29 - train: epoch 70, iter:20, loss: 0.6206, lr: 0.0008763049794670771
2026-08-30 22:05:50 - val epoch: 70, loss: 0.9080
2026-08-30 22:05:50 - train gamma: g2=0.104 g3=0.101 g4=0.042 g5=0.020
2026-08-30 22:05:52 - train: epoch 71, iter:0, loss: 0.7577, lr: 0.0008728566886113098
2026-08-30 22:05:57 - train: epoch 71, iter:20, loss: 0.6112, lr: 0.0008728566886113098
2026-08-30 22:06:18 - val epoch: 71, loss: 0.8468
2026-08-30 22:06:18 - train gamma: g2=0.104 g3=0.100 g4=0.043 g5=0.018
2026-08-30 22:06:20 - train: epoch 72, iter:0, loss: 0.5267, lr: 0.000869368058124268
2026-08-30 22:06:25 - train: epoch 72, iter:20, loss: 0.5845, lr: 0.000869368058124268
2026-08-30 22:06:46 - val epoch: 72, loss: 0.8435
2026-08-30 22:06:46 - train gamma: g2=0.104 g3=0.101 g4=0.040 g5=0.018
2026-08-30 22:06:48 - train: epoch 73, iter:0, loss: 0.6195, lr: 0.0008658394705735983
2026-08-30 22:06:53 - train: epoch 73, iter:20, loss: 0.5866, lr: 0.0008658394705735983
2026-08-30 22:07:14 - val epoch: 73, loss: 0.8332
2026-08-30 22:07:14 - train gamma: g2=0.105 g3=0.100 g4=0.040 g5=0.017
2026-08-30 22:07:16 - train: epoch 74, iter:0, loss: 0.5531, lr: 0.0008622713129086888
2026-08-30 22:07:21 - train: epoch 74, iter:20, loss: 0.6018, lr: 0.0008622713129086888
2026-08-30 22:07:42 - val epoch: 74, loss: 0.8182
2026-08-30 22:07:42 - train gamma: g2=0.104 g3=0.101 g4=0.041 g5=0.018
2026-08-30 22:07:44 - train: epoch 75, iter:0, loss: 0.6794, lr: 0.0008586639764182372
2026-08-30 22:07:50 - train: epoch 75, iter:20, loss: 0.6018, lr: 0.0008586639764182372
2026-08-30 22:08:11 - val epoch: 75, loss: 0.8695
2026-08-30 22:08:11 - train gamma: g2=0.104 g3=0.102 g4=0.041 g5=0.018
2026-08-30 22:08:13 - train: epoch 76, iter:0, loss: 0.5265, lr: 0.0008550178566873405
2026-08-30 22:08:18 - train: epoch 76, iter:20, loss: 0.5878, lr: 0.0008550178566873405
2026-08-30 22:08:39 - val epoch: 76, loss: 0.7787
2026-08-30 22:08:39 - train gamma: g2=0.105 g3=0.101 g4=0.042 g5=0.016
2026-08-30 22:08:42 - train: epoch 77, iter:0, loss: 0.4831, lr: 0.0008513333535541156
2026-08-30 22:08:47 - train: epoch 77, iter:20, loss: 0.5829, lr: 0.0008513333535541156
2026-08-30 22:09:08 - val epoch: 77, loss: 0.9109
2026-08-30 22:09:08 - train gamma: g2=0.105 g3=0.100 g4=0.040 g5=0.020
2026-08-30 22:09:10 - train: epoch 78, iter:0, loss: 0.5156, lr: 0.0008476108710658509
2026-08-30 22:09:16 - train: epoch 78, iter:20, loss: 0.5821, lr: 0.0008476108710658509
2026-08-30 22:09:37 - val epoch: 78, loss: 0.8214
2026-08-30 22:09:37 - train gamma: g2=0.104 g3=0.101 g4=0.038 g5=0.016
2026-08-30 22:09:39 - train: epoch 79, iter:0, loss: 0.6539, lr: 0.0008438508174347005
2026-08-30 22:09:44 - train: epoch 79, iter:20, loss: 0.5778, lr: 0.0008438508174347005
2026-08-30 22:10:05 - val epoch: 79, loss: 0.8375
2026-08-30 22:10:05 - train gamma: g2=0.105 g3=0.101 g4=0.041 g5=0.017
2026-08-30 22:10:07 - train: epoch 80, iter:0, loss: 0.5575, lr: 0.0008400536049929166
2026-08-30 22:10:13 - train: epoch 80, iter:20, loss: 0.5553, lr: 0.0008400536049929166
2026-08-30 22:10:33 - val epoch: 80, loss: 0.8540
2026-08-30 22:10:33 - train gamma: g2=0.105 g3=0.102 g4=0.041 g5=0.015
2026-08-30 22:10:36 - train: epoch 81, iter:0, loss: 0.4874, lr: 0.0008362196501476343
2026-08-30 22:10:41 - train: epoch 81, iter:20, loss: 0.5644, lr: 0.0008362196501476343
2026-08-30 22:11:02 - val epoch: 81, loss: 0.8097
2026-08-30 22:11:02 - train gamma: g2=0.105 g3=0.102 g4=0.041 g5=0.016
2026-08-30 22:11:04 - train: epoch 82, iter:0, loss: 0.5427, lr: 0.0008323493733352072
2026-08-30 22:11:09 - train: epoch 82, iter:20, loss: 0.5915, lr: 0.0008323493733352072
2026-08-30 22:11:30 - val epoch: 82, loss: 0.9498
2026-08-30 22:11:30 - train gamma: g2=0.104 g3=0.103 g4=0.039 g5=0.016
2026-08-30 22:11:32 - train: epoch 83, iter:0, loss: 0.5421, lr: 0.0008284431989751018
2026-08-30 22:11:37 - train: epoch 83, iter:20, loss: 0.5859, lr: 0.0008284431989751018
2026-08-30 22:11:58 - val epoch: 83, loss: 0.8320
2026-08-30 22:11:58 - train gamma: g2=0.105 g3=0.099 g4=0.037 g5=0.015
2026-08-30 22:12:00 - train: epoch 84, iter:0, loss: 0.4416, lr: 0.000824501555423355
2026-08-30 22:12:06 - train: epoch 84, iter:20, loss: 0.5557, lr: 0.000824501555423355
2026-08-30 22:12:27 - val epoch: 84, loss: 0.8960
2026-08-30 22:12:27 - train gamma: g2=0.105 g3=0.100 g4=0.036 g5=0.015
2026-08-30 22:12:29 - train: epoch 85, iter:0, loss: 0.5974, lr: 0.0008205248749256009
2026-08-30 22:12:34 - train: epoch 85, iter:20, loss: 0.5720, lr: 0.0008205248749256009
2026-08-30 22:12:55 - val epoch: 85, loss: 0.8431
2026-08-30 22:12:55 - train gamma: g2=0.105 g3=0.102 g4=0.038 g5=0.016
2026-08-30 22:12:57 - train: epoch 86, iter:0, loss: 0.5525, lr: 0.000816513593569669
2026-08-30 22:13:03 - train: epoch 86, iter:20, loss: 0.5844, lr: 0.000816513593569669
2026-08-30 22:13:23 - val epoch: 86, loss: 0.8590
2026-08-30 22:13:23 - train gamma: g2=0.105 g3=0.103 g4=0.037 g5=0.016
2026-08-30 22:13:26 - train: epoch 87, iter:0, loss: 0.5803, lr: 0.0008124681512377632
2026-08-30 22:13:31 - train: epoch 87, iter:20, loss: 0.5814, lr: 0.0008124681512377632
2026-08-30 22:13:52 - val epoch: 87, loss: 0.8460
2026-08-30 22:13:52 - train gamma: g2=0.105 g3=0.100 g4=0.035 g5=0.017
2026-08-30 22:13:54 - train: epoch 88, iter:0, loss: 0.5168, lr: 0.000808388991558223
2026-08-30 22:13:59 - train: epoch 88, iter:20, loss: 0.5532, lr: 0.000808388991558223
2026-08-30 22:14:20 - val epoch: 88, loss: 0.9286
2026-08-30 22:14:20 - train gamma: g2=0.105 g3=0.099 g4=0.035 g5=0.016
2026-08-30 22:14:22 - train: epoch 89, iter:0, loss: 0.5427, lr: 0.0008042765618568752
2026-08-30 22:14:27 - train: epoch 89, iter:20, loss: 0.5644, lr: 0.0008042765618568752
2026-08-30 22:14:48 - val epoch: 89, loss: 0.7925
2026-08-30 22:14:48 - train gamma: g2=0.105 g3=0.102 g4=0.038 g5=0.017
2026-08-30 22:14:50 - train: epoch 90, iter:0, loss: 0.5595, lr: 0.0008001313131079794
2026-08-30 22:14:55 - train: epoch 90, iter:20, loss: 0.5673, lr: 0.0008001313131079794
2026-08-30 22:15:20 - val epoch: 90, loss: 0.8776, miou: 0.7682710380011998, f1_or_dsc: 0.8689516725553909, accuracy: 0.9313286696330155,                 specificity: 0.9300434757355305, sensitivity: 0.9353233163100365, confusion_matrix: [[37260794  2802703]
 [  833656 12055935]]
2026-08-30 22:15:21 - train gamma: g2=0.105 g3=0.102 g4=0.035 g5=0.015
2026-08-30 22:15:23 - train: epoch 91, iter:0, loss: 0.6829, lr: 0.0007959536998847737
2026-08-30 22:15:28 - train: epoch 91, iter:20, loss: 0.5992, lr: 0.0007959536998847737
2026-08-30 22:15:49 - val epoch: 91, loss: 0.7972
2026-08-30 22:15:49 - train gamma: g2=0.105 g3=0.103 g4=0.039 g5=0.019
2026-08-30 22:15:51 - train: epoch 92, iter:0, loss: 0.5646, lr: 0.0007917441803096255
2026-08-30 22:15:57 - train: epoch 92, iter:20, loss: 0.5752, lr: 0.0007917441803096255
2026-08-30 22:16:18 - val epoch: 92, loss: 0.8224
2026-08-30 22:16:18 - train gamma: g2=0.105 g3=0.101 g4=0.035 g5=0.018
2026-08-30 22:16:19 - train: epoch 93, iter:0, loss: 0.5260, lr: 0.0007875032160037932
2026-08-30 22:16:25 - train: epoch 93, iter:20, loss: 0.5599, lr: 0.0007875032160037932
2026-08-30 22:16:46 - val epoch: 93, loss: 0.8115
2026-08-30 22:16:46 - train gamma: g2=0.105 g3=0.103 g4=0.037 g5=0.017
2026-08-30 22:16:49 - train: epoch 94, iter:0, loss: 0.4926, lr: 0.0007832312720368042
2026-08-30 22:16:54 - train: epoch 94, iter:20, loss: 0.5399, lr: 0.0007832312720368042
2026-08-30 22:17:15 - val epoch: 94, loss: 0.8215
2026-08-30 22:17:15 - train gamma: g2=0.105 g3=0.104 g4=0.036 g5=0.017
2026-08-30 22:17:17 - train: epoch 95, iter:0, loss: 0.5519, lr: 0.0007789288168754548
2026-08-30 22:17:22 - train: epoch 95, iter:20, loss: 0.5762, lr: 0.0007789288168754548
2026-08-30 22:17:43 - val epoch: 95, loss: 0.8195
2026-08-30 22:17:43 - train gamma: g2=0.105 g3=0.104 g4=0.035 g5=0.014
2026-08-30 22:17:46 - train: epoch 96, iter:0, loss: 0.5241, lr: 0.0007745963223324379
2026-08-30 22:17:51 - train: epoch 96, iter:20, loss: 0.5679, lr: 0.0007745963223324379
2026-08-30 22:18:12 - val epoch: 96, loss: 0.7809
2026-08-30 22:18:12 - train gamma: g2=0.105 g3=0.102 g4=0.038 g5=0.018
2026-08-30 22:18:14 - train: epoch 97, iter:0, loss: 0.5726, lr: 0.0007702342635146028
2026-08-30 22:18:20 - train: epoch 97, iter:20, loss: 0.5580, lr: 0.0007702342635146028
2026-08-30 22:18:41 - val epoch: 97, loss: 0.8026
2026-08-30 22:18:41 - train gamma: g2=0.105 g3=0.104 g4=0.033 g5=0.015
2026-08-30 22:18:43 - train: epoch 98, iter:0, loss: 0.7063, lr: 0.000765843118770855
2026-08-30 22:18:48 - train: epoch 98, iter:20, loss: 0.5508, lr: 0.000765843118770855
2026-08-30 22:19:09 - val epoch: 98, loss: 0.8364
2026-08-30 22:19:09 - train gamma: g2=0.105 g3=0.104 g4=0.038 g5=0.018
2026-08-30 22:19:11 - train: epoch 99, iter:0, loss: 0.3922, lr: 0.0007614233696396991
2026-08-30 22:19:16 - train: epoch 99, iter:20, loss: 0.5382, lr: 0.0007614233696396991
2026-08-30 22:19:37 - val epoch: 99, loss: 0.8063
2026-08-30 22:19:38 - train gamma: g2=0.105 g3=0.103 g4=0.033 g5=0.015
2026-08-30 22:19:40 - train: epoch 100, iter:0, loss: 0.4619, lr: 0.0007569755007964334
2026-08-30 22:19:45 - train: epoch 100, iter:20, loss: 0.5335, lr: 0.0007569755007964334
2026-08-30 22:20:06 - val epoch: 100, loss: 0.8070
2026-08-30 22:20:06 - train gamma: g2=0.106 g3=0.103 g4=0.037 g5=0.017
2026-08-30 22:20:08 - train: epoch 101, iter:0, loss: 0.4703, lr: 0.0007524999999999996
2026-08-30 22:20:14 - train: epoch 101, iter:20, loss: 0.5612, lr: 0.0007524999999999996
2026-08-30 22:20:34 - val epoch: 101, loss: 0.8175
2026-08-30 22:20:34 - train gamma: g2=0.105 g3=0.102 g4=0.035 g5=0.015
2026-08-30 22:20:37 - train: epoch 102, iter:0, loss: 0.4943, lr: 0.0007479973580394943
2026-08-30 22:20:42 - train: epoch 102, iter:20, loss: 0.5609, lr: 0.0007479973580394943
2026-08-30 22:21:03 - val epoch: 102, loss: 0.7931
2026-08-30 22:21:03 - train gamma: g2=0.105 g3=0.104 g4=0.034 g5=0.015
2026-08-30 22:21:05 - train: epoch 103, iter:0, loss: 0.4661, lr: 0.0007434680686803487
2026-08-30 22:21:11 - train: epoch 103, iter:20, loss: 0.5249, lr: 0.0007434680686803487
2026-08-30 22:21:32 - val epoch: 103, loss: 0.8044
2026-08-30 22:21:32 - train gamma: g2=0.106 g3=0.104 g4=0.035 g5=0.019
2026-08-30 22:21:34 - train: epoch 104, iter:0, loss: 0.5755, lr: 0.0007389126286101815
2026-08-30 22:21:39 - train: epoch 104, iter:20, loss: 0.5375, lr: 0.0007389126286101815
2026-08-30 22:22:00 - val epoch: 104, loss: 0.8031
2026-08-30 22:22:00 - train gamma: g2=0.106 g3=0.104 g4=0.034 g5=0.015
2026-08-30 22:22:02 - train: epoch 105, iter:0, loss: 0.4807, lr: 0.0007343315373843313
2026-08-30 22:22:07 - train: epoch 105, iter:20, loss: 0.5631, lr: 0.0007343315373843313
2026-08-30 22:22:28 - val epoch: 105, loss: 0.8570
2026-08-30 22:22:28 - train gamma: g2=0.106 g3=0.105 g4=0.036 g5=0.017
2026-08-30 22:22:30 - train: epoch 106, iter:0, loss: 0.6066, lr: 0.0007297252973710753
2026-08-30 22:22:36 - train: epoch 106, iter:20, loss: 0.5338, lr: 0.0007297252973710753
2026-08-30 22:22:57 - val epoch: 106, loss: 0.9634
2026-08-30 22:22:57 - train gamma: g2=0.106 g3=0.104 g4=0.036 g5=0.016
2026-08-30 22:22:59 - train: epoch 107, iter:0, loss: 0.5641, lr: 0.0007250944136965387
2026-08-30 22:23:04 - train: epoch 107, iter:20, loss: 0.5412, lr: 0.0007250944136965387
2026-08-30 22:23:25 - val epoch: 107, loss: 0.8312
2026-08-30 22:23:25 - train gamma: g2=0.106 g3=0.103 g4=0.037 g5=0.018
2026-08-30 22:23:27 - train: epoch 108, iter:0, loss: 0.4668, lr: 0.0007204393941893019
2026-08-30 22:23:32 - train: epoch 108, iter:20, loss: 0.5641, lr: 0.0007204393941893019
2026-08-30 22:23:53 - val epoch: 108, loss: 0.9151
2026-08-30 22:23:53 - train gamma: g2=0.106 g3=0.104 g4=0.038 g5=0.019
2026-08-30 22:23:55 - train: epoch 109, iter:0, loss: 0.5186, lr: 0.0007157607493247106
2026-08-30 22:24:01 - train: epoch 109, iter:20, loss: 0.5324, lr: 0.0007157607493247106
2026-08-30 22:24:22 - val epoch: 109, loss: 0.8245
2026-08-30 22:24:22 - train gamma: g2=0.106 g3=0.101 g4=0.034 g5=0.016
2026-08-30 22:24:24 - train: epoch 110, iter:0, loss: 0.5183, lr: 0.0007110589921688983
2026-08-30 22:24:29 - train: epoch 110, iter:20, loss: 0.5354, lr: 0.0007110589921688983
2026-08-30 22:24:50 - val epoch: 110, loss: 1.0144
2026-08-30 22:24:50 - train gamma: g2=0.106 g3=0.103 g4=0.035 g5=0.019
2026-08-30 22:24:52 - train: epoch 111, iter:0, loss: 0.5989, lr: 0.0007063346383225208
2026-08-30 22:24:58 - train: epoch 111, iter:20, loss: 0.5611, lr: 0.0007063346383225208
2026-08-30 22:25:18 - val epoch: 111, loss: 0.8215
2026-08-30 22:25:18 - train gamma: g2=0.106 g3=0.103 g4=0.033 g5=0.018
2026-08-30 22:25:20 - train: epoch 112, iter:0, loss: 0.4917, lr: 0.0007015882058642161
2026-08-30 22:25:26 - train: epoch 112, iter:20, loss: 0.5339, lr: 0.0007015882058642161
2026-08-30 22:25:46 - val epoch: 112, loss: 0.8076
2026-08-30 22:25:46 - train gamma: g2=0.106 g3=0.103 g4=0.034 g5=0.017
2026-08-30 22:25:48 - train: epoch 113, iter:0, loss: 0.4882, lr: 0.0006968202152937907
2026-08-30 22:25:54 - train: epoch 113, iter:20, loss: 0.5327, lr: 0.0006968202152937907
2026-08-30 22:26:15 - val epoch: 113, loss: 0.8186
2026-08-30 22:26:15 - train gamma: g2=0.106 g3=0.102 g4=0.034 g5=0.017
2026-08-30 22:26:17 - train: epoch 114, iter:0, loss: 0.6140, lr: 0.000692031189475141
2026-08-30 22:26:22 - train: epoch 114, iter:20, loss: 0.5441, lr: 0.000692031189475141
2026-08-30 22:26:43 - val epoch: 114, loss: 0.9032
2026-08-30 22:26:43 - train gamma: g2=0.106 g3=0.104 g4=0.036 g5=0.017
2026-08-30 22:26:45 - train: epoch 115, iter:0, loss: 0.4973, lr: 0.0006872216535789155
2026-08-30 22:26:50 - train: epoch 115, iter:20, loss: 0.5372, lr: 0.0006872216535789155
2026-08-30 22:27:11 - val epoch: 115, loss: 0.9174
2026-08-30 22:27:11 - train gamma: g2=0.106 g3=0.105 g4=0.033 g5=0.016
2026-08-30 22:27:13 - train: epoch 116, iter:0, loss: 0.4576, lr: 0.0006823921350249233
2026-08-30 22:27:19 - train: epoch 116, iter:20, loss: 0.5260, lr: 0.0006823921350249233
2026-08-30 22:27:39 - val epoch: 116, loss: 0.8650
2026-08-30 22:27:39 - train gamma: g2=0.106 g3=0.104 g4=0.032 g5=0.017
2026-08-30 22:27:41 - train: epoch 117, iter:0, loss: 0.5535, lr: 0.0006775431634242984
2026-08-30 22:27:47 - train: epoch 117, iter:20, loss: 0.5403, lr: 0.0006775431634242984
2026-08-30 22:28:08 - val epoch: 117, loss: 0.8389
2026-08-30 22:28:08 - train gamma: g2=0.106 g3=0.102 g4=0.034 g5=0.017
2026-08-30 22:28:10 - train: epoch 118, iter:0, loss: 0.6604, lr: 0.0006726752705214191
2026-08-30 22:28:15 - train: epoch 118, iter:20, loss: 0.5523, lr: 0.0006726752705214191
2026-08-30 22:28:36 - val epoch: 118, loss: 0.8260
2026-08-30 22:28:36 - train gamma: g2=0.106 g3=0.102 g4=0.033 g5=0.016
2026-08-30 22:28:38 - train: epoch 119, iter:0, loss: 0.5114, lr: 0.0006677889901355985
2026-08-30 22:28:44 - train: epoch 119, iter:20, loss: 0.5539, lr: 0.0006677889901355985
2026-08-30 22:29:04 - val epoch: 119, loss: 0.8055
2026-08-30 22:29:04 - train gamma: g2=0.106 g3=0.103 g4=0.032 g5=0.015
2026-08-30 22:29:06 - train: epoch 120, iter:0, loss: 0.5029, lr: 0.0006628848581025445
2026-08-30 22:29:12 - train: epoch 120, iter:20, loss: 0.5280, lr: 0.0006628848581025445
2026-08-30 22:29:36 - val epoch: 120, loss: 0.8986, miou: 0.7799818506234731, f1_or_dsc: 0.876393037772008, accuracy: 0.9418376695991743,                 specificity: 0.9723267791625878, sensitivity: 0.8470712530754467, confusion_matrix: [[38954811  1108686]
 [ 1971189 10918402]]
2026-08-30 22:29:37 - train gamma: g2=0.106 g3=0.103 g4=0.033 g5=0.016
2026-08-30 22:29:38 - train: epoch 121, iter:0, loss: 0.7455, lr: 0.0006579634122155989
2026-08-30 22:29:44 - train: epoch 121, iter:20, loss: 0.5358, lr: 0.0006579634122155989
2026-08-30 22:30:04 - val epoch: 121, loss: 0.8197
2026-08-30 22:30:04 - train gamma: g2=0.106 g3=0.100 g4=0.034 g5=0.017
2026-08-30 22:30:06 - train: epoch 122, iter:0, loss: 0.6727, lr: 0.0006530251921667629
2026-08-30 22:30:12 - train: epoch 122, iter:20, loss: 0.5363, lr: 0.0006530251921667629
2026-08-30 22:30:33 - val epoch: 122, loss: 0.8163
2026-08-30 22:30:33 - train gamma: g2=0.106 g3=0.102 g4=0.035 g5=0.020
2026-08-30 22:30:35 - train: epoch 123, iter:0, loss: 0.4211, lr: 0.0006480707394875134
2026-08-30 22:30:40 - train: epoch 123, iter:20, loss: 0.5117, lr: 0.0006480707394875134
2026-08-30 22:31:01 - val epoch: 123, loss: 0.9826
2026-08-30 22:31:01 - train gamma: g2=0.106 g3=0.105 g4=0.034 g5=0.018
2026-08-30 22:31:03 - train: epoch 124, iter:0, loss: 0.4931, lr: 0.0006431005974894185
2026-08-30 22:31:08 - train: epoch 124, iter:20, loss: 0.5354, lr: 0.0006431005974894185
2026-08-30 22:31:29 - val epoch: 124, loss: 0.8812
2026-08-30 22:31:29 - train gamma: g2=0.106 g3=0.102 g4=0.034 g5=0.018
2026-08-30 22:31:31 - train: epoch 125, iter:0, loss: 0.5209, lr: 0.0006381153112045565
2026-08-30 22:31:36 - train: epoch 125, iter:20, loss: 0.5253, lr: 0.0006381153112045565
2026-08-30 22:31:57 - val epoch: 125, loss: 0.8329
2026-08-30 22:31:57 - train gamma: g2=0.106 g3=0.102 g4=0.033 g5=0.018
2026-08-30 22:31:59 - train: epoch 126, iter:0, loss: 0.4514, lr: 0.0006331154273257479
2026-08-30 22:32:04 - train: epoch 126, iter:20, loss: 0.5243, lr: 0.0006331154273257479
2026-08-30 22:32:25 - val epoch: 126, loss: 1.1840
2026-08-30 22:32:25 - train gamma: g2=0.106 g3=0.104 g4=0.035 g5=0.018
2026-08-30 22:32:27 - train: epoch 127, iter:0, loss: 0.5204, lr: 0.000628101494146603
2026-08-30 22:32:32 - train: epoch 127, iter:20, loss: 0.5376, lr: 0.000628101494146603
2026-08-30 22:32:53 - val epoch: 127, loss: 0.8235
2026-08-30 22:32:53 - train gamma: g2=0.106 g3=0.102 g4=0.035 g5=0.017
2026-08-30 22:32:55 - train: epoch 128, iter:0, loss: 0.5051, lr: 0.0006230740615013976
2026-08-30 22:33:00 - train: epoch 128, iter:20, loss: 0.5216, lr: 0.0006230740615013976
2026-08-30 22:33:21 - val epoch: 128, loss: 0.8573
2026-08-30 22:33:21 - train gamma: g2=0.106 g3=0.100 g4=0.031 g5=0.015
2026-08-30 22:33:23 - train: epoch 129, iter:0, loss: 0.5302, lr: 0.0006180336807047746
2026-08-30 22:33:29 - train: epoch 129, iter:20, loss: 0.5233, lr: 0.0006180336807047746
2026-08-30 22:33:49 - val epoch: 129, loss: 0.8810
2026-08-30 22:33:49 - train gamma: g2=0.106 g3=0.101 g4=0.034 g5=0.017
2026-08-30 22:33:51 - train: epoch 130, iter:0, loss: 0.4907, lr: 0.0006129809044912887
2026-08-30 22:33:57 - train: epoch 130, iter:20, loss: 0.5096, lr: 0.0006129809044912887
2026-08-30 22:34:18 - val epoch: 130, loss: 0.7846
2026-08-30 22:34:18 - train gamma: g2=0.106 g3=0.102 g4=0.034 g5=0.019
2026-08-30 22:34:20 - train: epoch 131, iter:0, loss: 0.5393, lr: 0.0006079162869547909
2026-08-30 22:34:25 - train: epoch 131, iter:20, loss: 0.5253, lr: 0.0006079162869547909
2026-08-30 22:34:46 - val epoch: 131, loss: 0.8447
2026-08-30 22:34:46 - train gamma: g2=0.106 g3=0.102 g4=0.033 g5=0.020
2026-08-30 22:34:48 - train: epoch 132, iter:0, loss: 0.4183, lr: 0.0006028403834876673
2026-08-30 22:34:53 - train: epoch 132, iter:20, loss: 0.5184, lr: 0.0006028403834876673
2026-08-30 22:35:14 - val epoch: 132, loss: 0.8763
2026-08-30 22:35:14 - train gamma: g2=0.106 g3=0.103 g4=0.031 g5=0.017
2026-08-30 22:35:16 - train: epoch 133, iter:0, loss: 0.5732, lr: 0.0005977537507199337
2026-08-30 22:35:22 - train: epoch 133, iter:20, loss: 0.5043, lr: 0.0005977537507199337
2026-08-30 22:35:42 - val epoch: 133, loss: 0.8069
2026-08-30 22:35:42 - train gamma: g2=0.106 g3=0.103 g4=0.034 g5=0.018
2026-08-30 22:35:44 - train: epoch 134, iter:0, loss: 0.5645, lr: 0.0005926569464581937
2026-08-30 22:35:50 - train: epoch 134, iter:20, loss: 0.5164, lr: 0.0005926569464581937
2026-08-30 22:36:10 - val epoch: 134, loss: 0.8634
2026-08-30 22:36:10 - train gamma: g2=0.106 g3=0.103 g4=0.033 g5=0.018
2026-08-30 22:36:12 - train: epoch 135, iter:0, loss: 0.5407, lr: 0.0005875505296244705
2026-08-30 22:36:18 - train: epoch 135, iter:20, loss: 0.5264, lr: 0.0005875505296244705
2026-08-30 22:36:39 - val epoch: 135, loss: 0.8054
2026-08-30 22:36:39 - train gamma: g2=0.106 g3=0.102 g4=0.032 g5=0.018
2026-08-30 22:36:41 - train: epoch 136, iter:0, loss: 0.5143, lr: 0.0005824350601949142
2026-08-30 22:36:46 - train: epoch 136, iter:20, loss: 0.5058, lr: 0.0005824350601949142
2026-08-30 22:37:07 - val epoch: 136, loss: 0.8486
2026-08-30 22:37:07 - train gamma: g2=0.106 g3=0.103 g4=0.031 g5=0.019
2026-08-30 22:37:09 - train: epoch 137, iter:0, loss: 0.4918, lr: 0.0005773110991383937
2026-08-30 22:37:15 - train: epoch 137, iter:20, loss: 0.4989, lr: 0.0005773110991383937
2026-08-30 22:37:35 - val epoch: 137, loss: 0.8794
2026-08-30 22:37:35 - train gamma: g2=0.106 g3=0.103 g4=0.035 g5=0.019
2026-08-30 22:37:38 - train: epoch 138, iter:0, loss: 0.4751, lr: 0.0005721792083549806
2026-08-30 22:37:43 - train: epoch 138, iter:20, loss: 0.5074, lr: 0.0005721792083549806
2026-08-30 22:38:04 - val epoch: 138, loss: 0.8063
2026-08-30 22:38:04 - train gamma: g2=0.107 g3=0.102 g4=0.033 g5=0.020
2026-08-30 22:38:05 - train: epoch 139, iter:0, loss: 0.4336, lr: 0.0005670399506143306
2026-08-30 22:38:11 - train: epoch 139, iter:20, loss: 0.5035, lr: 0.0005670399506143306
2026-08-30 22:38:32 - val epoch: 139, loss: 0.8143
2026-08-30 22:38:32 - train gamma: g2=0.107 g3=0.102 g4=0.033 g5=0.017
2026-08-30 22:38:34 - train: epoch 140, iter:0, loss: 0.6192, lr: 0.000561893889493969
2026-08-30 22:38:39 - train: epoch 140, iter:20, loss: 0.5170, lr: 0.000561893889493969
2026-08-30 22:39:00 - val epoch: 140, loss: 0.9114
2026-08-30 22:39:00 - train gamma: g2=0.107 g3=0.103 g4=0.033 g5=0.016
2026-08-30 22:39:02 - train: epoch 141, iter:0, loss: 0.6215, lr: 0.0005567415893174885
2026-08-30 22:39:07 - train: epoch 141, iter:20, loss: 0.4933, lr: 0.0005567415893174885
2026-08-30 22:39:28 - val epoch: 141, loss: 0.8310
2026-08-30 22:39:28 - train gamma: g2=0.107 g3=0.103 g4=0.033 g5=0.020
2026-08-30 22:39:30 - train: epoch 142, iter:0, loss: 0.4544, lr: 0.0005515836150926646
2026-08-30 22:39:36 - train: epoch 142, iter:20, loss: 0.4975, lr: 0.0005515836150926646
2026-08-30 22:39:57 - val epoch: 142, loss: 0.9163
2026-08-30 22:39:57 - train gamma: g2=0.107 g3=0.103 g4=0.034 g5=0.020
2026-08-30 22:39:59 - train: epoch 143, iter:0, loss: 0.4997, lr: 0.0005464205324494961
2026-08-30 22:40:04 - train: epoch 143, iter:20, loss: 0.4892, lr: 0.0005464205324494961
2026-08-30 22:40:25 - val epoch: 143, loss: 0.7918
2026-08-30 22:40:25 - train gamma: g2=0.107 g3=0.100 g4=0.033 g5=0.020
2026-08-30 22:40:27 - train: epoch 144, iter:0, loss: 0.4563, lr: 0.0005412529075781776
2026-08-30 22:40:32 - train: epoch 144, iter:20, loss: 0.5008, lr: 0.0005412529075781776
2026-08-30 22:40:53 - val epoch: 144, loss: 0.8131
2026-08-30 22:40:53 - train gamma: g2=0.107 g3=0.101 g4=0.034 g5=0.021
2026-08-30 22:40:55 - train: epoch 145, iter:0, loss: 0.4384, lr: 0.0005360813071670101
2026-08-30 22:41:01 - train: epoch 145, iter:20, loss: 0.4938, lr: 0.0005360813071670101
2026-08-30 22:41:22 - val epoch: 145, loss: 0.8357
2026-08-30 22:41:22 - train gamma: g2=0.107 g3=0.101 g4=0.033 g5=0.019
2026-08-30 22:41:24 - train: epoch 146, iter:0, loss: 0.5257, lr: 0.0005309062983402573
2026-08-30 22:41:29 - train: epoch 146, iter:20, loss: 0.5004, lr: 0.0005309062983402573
2026-08-30 22:41:50 - val epoch: 146, loss: 0.8233
2026-08-30 22:41:50 - train gamma: g2=0.107 g3=0.102 g4=0.034 g5=0.020
2026-08-30 22:41:52 - train: epoch 147, iter:0, loss: 0.5202, lr: 0.0005257284485959538
2026-08-30 22:41:58 - train: epoch 147, iter:20, loss: 0.4844, lr: 0.0005257284485959538
2026-08-30 22:42:19 - val epoch: 147, loss: 0.8593
2026-08-30 22:42:19 - train gamma: g2=0.107 g3=0.101 g4=0.036 g5=0.021
2026-08-30 22:42:21 - train: epoch 148, iter:0, loss: 0.4585, lr: 0.0005205483257436734
2026-08-30 22:42:27 - train: epoch 148, iter:20, loss: 0.4968, lr: 0.0005205483257436734
2026-08-30 22:42:47 - val epoch: 148, loss: 0.8469
2026-08-30 22:42:47 - train gamma: g2=0.107 g3=0.101 g4=0.036 g5=0.020
2026-08-30 22:42:49 - train: epoch 149, iter:0, loss: 0.4767, lr: 0.0005153664978422616
2026-08-30 22:42:55 - train: epoch 149, iter:20, loss: 0.5049, lr: 0.0005153664978422616
2026-08-30 22:43:16 - val epoch: 149, loss: 0.9193
2026-08-30 22:43:16 - train gamma: g2=0.107 g3=0.101 g4=0.035 g5=0.021
2026-08-30 22:43:18 - train: epoch 150, iter:0, loss: 0.4469, lr: 0.0005101835331375416
2026-08-30 22:43:24 - train: epoch 150, iter:20, loss: 0.4915, lr: 0.0005101835331375416
2026-08-30 22:43:49 - val epoch: 150, loss: 0.8243, miou: 0.7912644014788933, f1_or_dsc: 0.8834702468553657, accuracy: 0.9421770832326153,                 specificity: 0.9555901223500285, sensitivity: 0.9004866019410546, confusion_matrix: [[38284282  1779215]
 [ 1282687 11606904]]
2026-08-30 22:43:49 - train gamma: g2=0.107 g3=0.102 g4=0.034 g5=0.020
2026-08-30 22:43:51 - train: epoch 151, iter:0, loss: 0.5020, lr: 0.0005049999999999999
2026-08-30 22:43:56 - train: epoch 151, iter:20, loss: 0.5031, lr: 0.0005049999999999999
2026-08-30 22:44:17 - val epoch: 151, loss: 0.8585
2026-08-30 22:44:17 - train gamma: g2=0.107 g3=0.102 g4=0.036 g5=0.020
2026-08-30 22:44:19 - train: epoch 152, iter:0, loss: 0.5297, lr: 0.0004998164668624582
2026-08-30 22:44:25 - train: epoch 152, iter:20, loss: 0.4797, lr: 0.0004998164668624582
2026-08-30 22:44:46 - val epoch: 152, loss: 0.8066
2026-08-30 22:44:46 - train gamma: g2=0.107 g3=0.101 g4=0.036 g5=0.020
2026-08-30 22:44:48 - train: epoch 153, iter:0, loss: 0.3939, lr: 0.0004946335021577383
2026-08-30 22:44:54 - train: epoch 153, iter:20, loss: 0.4781, lr: 0.0004946335021577383
2026-08-30 22:45:15 - val epoch: 153, loss: 0.8057
2026-08-30 22:45:15 - train gamma: g2=0.107 g3=0.101 g4=0.035 g5=0.020
2026-08-30 22:45:17 - train: epoch 154, iter:0, loss: 0.4829, lr: 0.0004894516742563263
2026-08-30 22:45:22 - train: epoch 154, iter:20, loss: 0.5044, lr: 0.0004894516742563263
2026-08-30 22:45:44 - val epoch: 154, loss: 0.8244
2026-08-30 22:45:44 - train gamma: g2=0.108 g3=0.101 g4=0.034 g5=0.022
2026-08-30 22:45:46 - train: epoch 155, iter:0, loss: 0.6670, lr: 0.000484271551404046
2026-08-30 22:45:51 - train: epoch 155, iter:20, loss: 0.4983, lr: 0.000484271551404046
2026-08-30 22:46:13 - val epoch: 155, loss: 0.9034
2026-08-30 22:46:13 - train gamma: g2=0.107 g3=0.103 g4=0.035 g5=0.023
2026-08-30 22:46:15 - train: epoch 156, iter:0, loss: 0.5007, lr: 0.0004790937016597426
2026-08-30 22:46:21 - train: epoch 156, iter:20, loss: 0.4775, lr: 0.0004790937016597426
2026-08-30 22:46:43 - val epoch: 156, loss: 0.8121
2026-08-30 22:46:43 - train gamma: g2=0.107 g3=0.102 g4=0.035 g5=0.024
2026-08-30 22:46:45 - train: epoch 157, iter:0, loss: 0.5166, lr: 0.0004739186928329898
2026-08-30 22:46:50 - train: epoch 157, iter:20, loss: 0.4761, lr: 0.0004739186928329898
2026-08-30 22:47:11 - val epoch: 157, loss: 0.8358
2026-08-30 22:47:11 - train gamma: g2=0.107 g3=0.101 g4=0.033 g5=0.022
2026-08-30 22:47:13 - train: epoch 158, iter:0, loss: 0.5648, lr: 0.0004687470924218222
2026-08-30 22:47:19 - train: epoch 158, iter:20, loss: 0.4896, lr: 0.0004687470924218222
2026-08-30 22:47:40 - val epoch: 158, loss: 0.8876
2026-08-30 22:47:40 - train gamma: g2=0.107 g3=0.102 g4=0.034 g5=0.023
2026-08-30 22:47:42 - train: epoch 159, iter:0, loss: 0.4974, lr: 0.00046357946755050356
2026-08-30 22:47:47 - train: epoch 159, iter:20, loss: 0.5027, lr: 0.00046357946755050356
2026-08-30 22:48:08 - val epoch: 159, loss: 0.8221
2026-08-30 22:48:08 - train gamma: g2=0.107 g3=0.101 g4=0.035 g5=0.023
2026-08-30 22:48:11 - train: epoch 160, iter:0, loss: 0.5633, lr: 0.00045841638490733513
2026-08-30 22:48:16 - train: epoch 160, iter:20, loss: 0.4873, lr: 0.00045841638490733513
2026-08-30 22:48:38 - val epoch: 160, loss: 0.8266
2026-08-30 22:48:38 - train gamma: g2=0.107 g3=0.103 g4=0.033 g5=0.020
2026-08-30 22:48:39 - train: epoch 161, iter:0, loss: 0.5245, lr: 0.00045325841068251133
2026-08-30 22:48:45 - train: epoch 161, iter:20, loss: 0.4746, lr: 0.00045325841068251133
2026-08-30 22:49:06 - val epoch: 161, loss: 0.8659
2026-08-30 22:49:06 - train gamma: g2=0.107 g3=0.102 g4=0.032 g5=0.019
2026-08-30 22:49:08 - train: epoch 162, iter:0, loss: 0.4336, lr: 0.0004481061105060308
2026-08-30 22:49:13 - train: epoch 162, iter:20, loss: 0.4734, lr: 0.0004481061105060308
2026-08-30 22:49:34 - val epoch: 162, loss: 0.8075
2026-08-30 22:49:34 - train gamma: g2=0.108 g3=0.102 g4=0.033 g5=0.021
2026-08-30 22:49:36 - train: epoch 163, iter:0, loss: 0.5459, lr: 0.0004429600493856691
2026-08-30 22:49:41 - train: epoch 163, iter:20, loss: 0.4842, lr: 0.0004429600493856691
2026-08-30 22:50:02 - val epoch: 163, loss: 0.8631
2026-08-30 22:50:02 - train gamma: g2=0.107 g3=0.102 g4=0.034 g5=0.021
2026-08-30 22:50:04 - train: epoch 164, iter:0, loss: 0.4934, lr: 0.000437820791645019
2026-08-30 22:50:10 - train: epoch 164, iter:20, loss: 0.4761, lr: 0.000437820791645019
2026-08-30 22:50:30 - val epoch: 164, loss: 0.8309
2026-08-30 22:50:30 - train gamma: g2=0.107 g3=0.103 g4=0.036 g5=0.022
2026-08-30 22:50:33 - train: epoch 165, iter:0, loss: 0.4194, lr: 0.00043268890086160604
2026-08-30 22:50:38 - train: epoch 165, iter:20, loss: 0.4637, lr: 0.00043268890086160604
2026-08-30 22:50:59 - val epoch: 165, loss: 0.8291
2026-08-30 22:50:59 - train gamma: g2=0.108 g3=0.102 g4=0.034 g5=0.023
2026-08-30 22:51:01 - train: epoch 166, iter:0, loss: 0.4305, lr: 0.0004275649398050855
2026-08-30 22:51:06 - train: epoch 166, iter:20, loss: 0.4576, lr: 0.0004275649398050855
2026-08-30 22:51:27 - val epoch: 166, loss: 0.8257
2026-08-30 22:51:27 - train gamma: g2=0.107 g3=0.103 g4=0.035 g5=0.024
2026-08-30 22:51:29 - train: epoch 167, iter:0, loss: 0.5325, lr: 0.0004224494703755289
2026-08-30 22:51:35 - train: epoch 167, iter:20, loss: 0.4734, lr: 0.0004224494703755289
2026-08-30 22:51:56 - val epoch: 167, loss: 0.8999
2026-08-30 22:51:56 - train gamma: g2=0.108 g3=0.102 g4=0.036 g5=0.026
2026-08-30 22:51:58 - train: epoch 168, iter:0, loss: 0.4069, lr: 0.00041734305354180595
2026-08-30 22:52:03 - train: epoch 168, iter:20, loss: 0.4878, lr: 0.00041734305354180595
2026-08-30 22:52:24 - val epoch: 168, loss: 0.8321
2026-08-30 22:52:24 - train gamma: g2=0.108 g3=0.102 g4=0.035 g5=0.022
2026-08-30 22:52:27 - train: epoch 169, iter:0, loss: 0.4509, lr: 0.000412246249280066
2026-08-30 22:52:32 - train: epoch 169, iter:20, loss: 0.4669, lr: 0.000412246249280066
2026-08-30 22:52:53 - val epoch: 169, loss: 0.8818
2026-08-30 22:52:53 - train gamma: g2=0.107 g3=0.103 g4=0.036 g5=0.024
2026-08-30 22:52:55 - train: epoch 170, iter:0, loss: 0.4335, lr: 0.0004071596165123322
2026-08-30 22:53:00 - train: epoch 170, iter:20, loss: 0.4690, lr: 0.0004071596165123322
2026-08-30 22:53:21 - val epoch: 170, loss: 0.9551
2026-08-30 22:53:21 - train gamma: g2=0.108 g3=0.103 g4=0.038 g5=0.026
2026-08-30 22:53:23 - train: epoch 171, iter:0, loss: 0.4739, lr: 0.0004020837130452088
2026-08-30 22:53:28 - train: epoch 171, iter:20, loss: 0.4587, lr: 0.0004020837130452088
2026-08-30 22:53:49 - val epoch: 171, loss: 0.8913
2026-08-30 22:53:49 - train gamma: g2=0.108 g3=0.103 g4=0.035 g5=0.025
2026-08-30 22:53:51 - train: epoch 172, iter:0, loss: 0.4313, lr: 0.00039701909550871116
2026-08-30 22:53:56 - train: epoch 172, iter:20, loss: 0.4885, lr: 0.00039701909550871116
2026-08-30 22:54:17 - val epoch: 172, loss: 0.8722
2026-08-30 22:54:17 - train gamma: g2=0.108 g3=0.102 g4=0.037 g5=0.025
2026-08-30 22:54:19 - train: epoch 173, iter:0, loss: 0.5604, lr: 0.0003919663192952252
2026-08-30 22:54:25 - train: epoch 173, iter:20, loss: 0.4676, lr: 0.0003919663192952252
2026-08-30 22:54:45 - val epoch: 173, loss: 0.8286
2026-08-30 22:54:45 - train gamma: g2=0.108 g3=0.102 g4=0.035 g5=0.024
2026-08-30 22:54:47 - train: epoch 174, iter:0, loss: 0.4761, lr: 0.0003869259384986023
2026-08-30 22:54:53 - train: epoch 174, iter:20, loss: 0.4478, lr: 0.0003869259384986023
2026-08-30 22:55:13 - val epoch: 174, loss: 0.8567
2026-08-30 22:55:13 - train gamma: g2=0.108 g3=0.102 g4=0.036 g5=0.025
2026-08-30 22:55:15 - train: epoch 175, iter:0, loss: 0.4299, lr: 0.0003818985058533967
2026-08-30 22:55:21 - train: epoch 175, iter:20, loss: 0.4509, lr: 0.0003818985058533967
2026-08-30 22:55:42 - val epoch: 175, loss: 0.8394
2026-08-30 22:55:42 - train gamma: g2=0.107 g3=0.103 g4=0.036 g5=0.022
2026-08-30 22:55:44 - train: epoch 176, iter:0, loss: 0.4836, lr: 0.00037688457267425206
2026-08-30 22:55:49 - train: epoch 176, iter:20, loss: 0.4646, lr: 0.00037688457267425206
2026-08-30 22:56:10 - val epoch: 176, loss: 0.8396
2026-08-30 22:56:10 - train gamma: g2=0.107 g3=0.103 g4=0.036 g5=0.025
2026-08-30 22:56:12 - train: epoch 177, iter:0, loss: 0.4141, lr: 0.0003718846887954434
2026-08-30 22:56:17 - train: epoch 177, iter:20, loss: 0.4658, lr: 0.0003718846887954434
2026-08-30 22:56:38 - val epoch: 177, loss: 0.9515
2026-08-30 22:56:38 - train gamma: g2=0.108 g3=0.103 g4=0.037 g5=0.027
2026-08-30 22:56:40 - train: epoch 178, iter:0, loss: 0.4550, lr: 0.0003668994025105812
2026-08-30 22:56:45 - train: epoch 178, iter:20, loss: 0.4639, lr: 0.0003668994025105812
2026-08-30 22:57:06 - val epoch: 178, loss: 0.8723
2026-08-30 22:57:06 - train gamma: g2=0.107 g3=0.103 g4=0.036 g5=0.026
2026-08-30 22:57:08 - train: epoch 179, iter:0, loss: 0.4419, lr: 0.0003619292605124862
2026-08-30 22:57:14 - train: epoch 179, iter:20, loss: 0.4583, lr: 0.0003619292605124862
2026-08-30 22:57:34 - val epoch: 179, loss: 0.8968
2026-08-30 22:57:34 - train gamma: g2=0.108 g3=0.102 g4=0.035 g5=0.026
2026-08-30 22:57:37 - train: epoch 180, iter:0, loss: 0.4756, lr: 0.00035697480783323686
2026-08-30 22:57:42 - train: epoch 180, iter:20, loss: 0.4683, lr: 0.00035697480783323686
2026-08-30 22:58:07 - val epoch: 180, loss: 0.8463, miou: 0.7860678117053129, f1_or_dsc: 0.8802216876130657, accuracy: 0.9408928521788946,                 specificity: 0.956549624212784, sensitivity: 0.8922283880070361, confusion_matrix: [[38322723  1740774]
 [ 1389132 11500459]]
2026-08-30 22:58:07 - train gamma: g2=0.108 g3=0.103 g4=0.036 g5=0.026
2026-08-30 22:58:09 - train: epoch 181, iter:0, loss: 0.5687, lr: 0.00035203658778440076
2026-08-30 22:58:14 - train: epoch 181, iter:20, loss: 0.4709, lr: 0.00035203658778440076
2026-08-30 22:58:35 - val epoch: 181, loss: 0.8484
2026-08-30 22:58:35 - train gamma: g2=0.108 g3=0.103 g4=0.036 g5=0.026
2026-08-30 22:58:37 - train: epoch 182, iter:0, loss: 0.4174, lr: 0.00034711514189745505
2026-08-30 22:58:42 - train: epoch 182, iter:20, loss: 0.4609, lr: 0.00034711514189745505
2026-08-30 22:59:03 - val epoch: 182, loss: 0.8769
2026-08-30 22:59:03 - train gamma: g2=0.108 g3=0.103 g4=0.036 g5=0.026
2026-08-30 22:59:05 - train: epoch 183, iter:0, loss: 0.5254, lr: 0.00034221100986440094
2026-08-30 22:59:10 - train: epoch 183, iter:20, loss: 0.4622, lr: 0.00034221100986440094
2026-08-30 22:59:32 - val epoch: 183, loss: 0.8347
2026-08-30 22:59:32 - train gamma: g2=0.108 g3=0.102 g4=0.037 g5=0.028
2026-08-30 22:59:34 - train: epoch 184, iter:0, loss: 0.4582, lr: 0.0003373247294785804
2026-08-30 22:59:39 - train: epoch 184, iter:20, loss: 0.4560, lr: 0.0003373247294785804
2026-08-30 23:00:00 - val epoch: 184, loss: 0.8314
2026-08-30 23:00:00 - train gamma: g2=0.108 g3=0.103 g4=0.037 g5=0.025
2026-08-30 23:00:02 - train: epoch 185, iter:0, loss: 0.4919, lr: 0.0003324568365757012
2026-08-30 23:00:08 - train: epoch 185, iter:20, loss: 0.4722, lr: 0.0003324568365757012
2026-08-30 23:00:28 - val epoch: 185, loss: 0.8567
2026-08-30 23:00:28 - train gamma: g2=0.108 g3=0.102 g4=0.036 g5=0.027
2026-08-30 23:00:30 - train: epoch 186, iter:0, loss: 0.4271, lr: 0.0003276078649750761
2026-08-30 23:00:36 - train: epoch 186, iter:20, loss: 0.4591, lr: 0.0003276078649750761
2026-08-30 23:00:57 - val epoch: 186, loss: 0.8998
2026-08-30 23:00:57 - train gamma: g2=0.108 g3=0.102 g4=0.037 g5=0.027
2026-08-30 23:00:59 - train: epoch 187, iter:0, loss: 0.3928, lr: 0.00032277834642108417
2026-08-30 23:01:04 - train: epoch 187, iter:20, loss: 0.4537, lr: 0.00032277834642108417
2026-08-30 23:01:25 - val epoch: 187, loss: 0.8993
2026-08-30 23:01:25 - train gamma: g2=0.108 g3=0.103 g4=0.038 g5=0.027
2026-08-30 23:01:27 - train: epoch 188, iter:0, loss: 0.5521, lr: 0.00031796881052485835
2026-08-30 23:01:33 - train: epoch 188, iter:20, loss: 0.4489, lr: 0.00031796881052485835
2026-08-30 23:01:54 - val epoch: 188, loss: 0.8913
2026-08-30 23:01:54 - train gamma: g2=0.108 g3=0.102 g4=0.038 g5=0.030
2026-08-30 23:01:56 - train: epoch 189, iter:0, loss: 0.4268, lr: 0.00031317978470620867
2026-08-30 23:02:01 - train: epoch 189, iter:20, loss: 0.4500, lr: 0.00031317978470620867
2026-08-30 23:02:22 - val epoch: 189, loss: 0.8919
2026-08-30 23:02:22 - train gamma: g2=0.108 g3=0.103 g4=0.039 g5=0.028
2026-08-30 23:02:24 - train: epoch 190, iter:0, loss: 0.3894, lr: 0.00030841179413578315
2026-08-30 23:02:30 - train: epoch 190, iter:20, loss: 0.4602, lr: 0.00030841179413578315
2026-08-30 23:02:50 - val epoch: 190, loss: 0.8631
2026-08-30 23:02:50 - train gamma: g2=0.108 g3=0.103 g4=0.038 g5=0.028
2026-08-30 23:02:53 - train: epoch 191, iter:0, loss: 0.4903, lr: 0.0003036653616774785
2026-08-30 23:02:58 - train: epoch 191, iter:20, loss: 0.4540, lr: 0.0003036653616774785
2026-08-30 23:03:19 - val epoch: 191, loss: 0.8466
2026-08-30 23:03:19 - train gamma: g2=0.108 g3=0.103 g4=0.038 g5=0.028
2026-08-30 23:03:21 - train: epoch 192, iter:0, loss: 0.4880, lr: 0.0002989410078311011
2026-08-30 23:03:27 - train: epoch 192, iter:20, loss: 0.4493, lr: 0.0002989410078311011
2026-08-30 23:03:47 - val epoch: 192, loss: 0.9401
2026-08-30 23:03:47 - train gamma: g2=0.108 g3=0.104 g4=0.037 g5=0.027
2026-08-30 23:03:49 - train: epoch 193, iter:0, loss: 0.4260, lr: 0.00029423925067528865
2026-08-30 23:03:55 - train: epoch 193, iter:20, loss: 0.4498, lr: 0.00029423925067528865
2026-08-30 23:04:15 - val epoch: 193, loss: 0.8606
2026-08-30 23:04:15 - train gamma: g2=0.108 g3=0.103 g4=0.037 g5=0.028
2026-08-30 23:04:18 - train: epoch 194, iter:0, loss: 0.3620, lr: 0.0002895606058106975
2026-08-30 23:04:23 - train: epoch 194, iter:20, loss: 0.4421, lr: 0.0002895606058106975
2026-08-30 23:04:44 - val epoch: 194, loss: 0.8562
2026-08-30 23:04:44 - train gamma: g2=0.108 g3=0.103 g4=0.037 g5=0.027
2026-08-30 23:04:46 - train: epoch 195, iter:0, loss: 0.4853, lr: 0.0002849055863034606
2026-08-30 23:04:51 - train: epoch 195, iter:20, loss: 0.4474, lr: 0.0002849055863034606
2026-08-30 23:05:12 - val epoch: 195, loss: 0.9069
2026-08-30 23:05:12 - train gamma: g2=0.108 g3=0.104 g4=0.038 g5=0.028
2026-08-30 23:05:14 - train: epoch 196, iter:0, loss: 0.5024, lr: 0.00028027470262892396
2026-08-30 23:05:20 - train: epoch 196, iter:20, loss: 0.4469, lr: 0.00028027470262892396
2026-08-30 23:05:41 - val epoch: 196, loss: 0.8527
2026-08-30 23:05:41 - train gamma: g2=0.108 g3=0.102 g4=0.037 g5=0.029
2026-08-30 23:05:43 - train: epoch 197, iter:0, loss: 0.4429, lr: 0.0002756684626156682
2026-08-30 23:05:48 - train: epoch 197, iter:20, loss: 0.4427, lr: 0.0002756684626156682
2026-08-30 23:06:09 - val epoch: 197, loss: 0.8379
2026-08-30 23:06:09 - train gamma: g2=0.108 g3=0.103 g4=0.038 g5=0.029
2026-08-30 23:06:11 - train: epoch 198, iter:0, loss: 0.4092, lr: 0.000271087371389818
2026-08-30 23:06:17 - train: epoch 198, iter:20, loss: 0.4479, lr: 0.000271087371389818
2026-08-30 23:06:38 - val epoch: 198, loss: 0.8429
2026-08-30 23:06:38 - train gamma: g2=0.108 g3=0.103 g4=0.037 g5=0.028
2026-08-30 23:06:40 - train: epoch 199, iter:0, loss: 0.3961, lr: 0.0002665319313196505
2026-08-30 23:06:46 - train: epoch 199, iter:20, loss: 0.4336, lr: 0.0002665319313196505
2026-08-30 23:07:07 - val epoch: 199, loss: 0.8548
2026-08-30 23:07:07 - train gamma: g2=0.108 g3=0.104 g4=0.037 g5=0.028
2026-08-30 23:07:08 - train: epoch 200, iter:0, loss: 0.4377, lr: 0.00026200264196050494
2026-08-30 23:07:14 - train: epoch 200, iter:20, loss: 0.4413, lr: 0.00026200264196050494
2026-08-30 23:07:34 - val epoch: 200, loss: 0.8496
2026-08-30 23:07:34 - train gamma: g2=0.108 g3=0.103 g4=0.039 g5=0.030
2026-08-30 23:07:36 - train: epoch 201, iter:0, loss: 0.3625, lr: 0.00025749999999999954
2026-08-30 23:07:42 - train: epoch 201, iter:20, loss: 0.4439, lr: 0.00025749999999999954
2026-08-30 23:08:03 - val epoch: 201, loss: 0.8682
2026-08-30 23:08:03 - train gamma: g2=0.108 g3=0.103 g4=0.039 g5=0.030
2026-08-30 23:08:05 - train: epoch 202, iter:0, loss: 0.4916, lr: 0.0002530244992035658
2026-08-30 23:08:10 - train: epoch 202, iter:20, loss: 0.4505, lr: 0.0002530244992035658
2026-08-30 23:08:31 - val epoch: 202, loss: 0.8395
2026-08-30 23:08:31 - train gamma: g2=0.108 g3=0.103 g4=0.038 g5=0.030
2026-08-30 23:08:33 - train: epoch 203, iter:0, loss: 0.4802, lr: 0.0002485766303603003
2026-08-30 23:08:39 - train: epoch 203, iter:20, loss: 0.4574, lr: 0.0002485766303603003
2026-08-30 23:09:00 - val epoch: 203, loss: 0.8663
2026-08-30 23:09:00 - train gamma: g2=0.108 g3=0.104 g4=0.038 g5=0.029
2026-08-30 23:09:02 - train: epoch 204, iter:0, loss: 0.4465, lr: 0.0002441568812291443
2026-08-30 23:09:08 - train: epoch 204, iter:20, loss: 0.4423, lr: 0.0002441568812291443
2026-08-30 23:09:29 - val epoch: 204, loss: 0.8627
2026-08-30 23:09:29 - train gamma: g2=0.108 g3=0.104 g4=0.038 g5=0.030
2026-08-30 23:09:31 - train: epoch 205, iter:0, loss: 0.4236, lr: 0.00023976573648539645
2026-08-30 23:09:36 - train: epoch 205, iter:20, loss: 0.4265, lr: 0.00023976573648539645
2026-08-30 23:09:57 - val epoch: 205, loss: 0.9028
2026-08-30 23:09:57 - train gamma: g2=0.108 g3=0.103 g4=0.039 g5=0.031
2026-08-30 23:09:59 - train: epoch 206, iter:0, loss: 0.4508, lr: 0.00023540367766756144
2026-08-30 23:10:04 - train: epoch 206, iter:20, loss: 0.4366, lr: 0.00023540367766756144
2026-08-30 23:10:25 - val epoch: 206, loss: 0.9447
2026-08-30 23:10:25 - train gamma: g2=0.108 g3=0.104 g4=0.039 g5=0.031
2026-08-30 23:10:27 - train: epoch 207, iter:0, loss: 0.5009, lr: 0.0002310711831245444
2026-08-30 23:10:33 - train: epoch 207, iter:20, loss: 0.4472, lr: 0.0002310711831245444
2026-08-30 23:10:54 - val epoch: 207, loss: 0.8771
2026-08-30 23:10:54 - train gamma: g2=0.108 g3=0.104 g4=0.040 g5=0.031
2026-08-30 23:10:56 - train: epoch 208, iter:0, loss: 0.3864, lr: 0.00022676872796319514
2026-08-30 23:11:01 - train: epoch 208, iter:20, loss: 0.4401, lr: 0.00022676872796319514
2026-08-30 23:11:22 - val epoch: 208, loss: 0.8764
2026-08-30 23:11:22 - train gamma: g2=0.108 g3=0.103 g4=0.039 g5=0.032
2026-08-30 23:11:24 - train: epoch 209, iter:0, loss: 0.3609, lr: 0.00022249678399620604
2026-08-30 23:11:30 - train: epoch 209, iter:20, loss: 0.4366, lr: 0.00022249678399620604
2026-08-30 23:11:51 - val epoch: 209, loss: 0.8711
2026-08-30 23:11:51 - train gamma: g2=0.108 g3=0.104 g4=0.039 g5=0.031
2026-08-30 23:11:53 - train: epoch 210, iter:0, loss: 0.4368, lr: 0.0002182558196903736
2026-08-30 23:11:58 - train: epoch 210, iter:20, loss: 0.4271, lr: 0.0002182558196903736
2026-08-30 23:12:23 - val epoch: 210, loss: 0.8661, miou: 0.7879678949181737, f1_or_dsc: 0.8814116821199801, accuracy: 0.9425753602887145,                 specificity: 0.963765269916403, sensitivity: 0.876712767689836, confusion_matrix: [[38611807  1451690]
 [ 1589122 11300469]]
2026-08-30 23:12:23 - train gamma: g2=0.108 g3=0.103 g4=0.039 g5=0.032
2026-08-30 23:12:25 - train: epoch 211, iter:0, loss: 0.4309, lr: 0.00021404630011522552
2026-08-30 23:12:30 - train: epoch 211, iter:20, loss: 0.4350, lr: 0.00021404630011522552
2026-08-30 23:12:52 - val epoch: 211, loss: 0.8729
2026-08-30 23:12:52 - train gamma: g2=0.108 g3=0.104 g4=0.039 g5=0.031
2026-08-30 23:12:54 - train: epoch 212, iter:0, loss: 0.4376, lr: 0.0002098686868920198
2026-08-30 23:12:59 - train: epoch 212, iter:20, loss: 0.4273, lr: 0.0002098686868920198
2026-08-30 23:13:20 - val epoch: 212, loss: 0.8642
2026-08-30 23:13:20 - train gamma: g2=0.108 g3=0.105 g4=0.039 g5=0.030
2026-08-30 23:13:22 - train: epoch 213, iter:0, loss: 0.4018, lr: 0.00020572343814312415
2026-08-30 23:13:27 - train: epoch 213, iter:20, loss: 0.4354, lr: 0.00020572343814312415
2026-08-30 23:13:48 - val epoch: 213, loss: 0.8503
2026-08-30 23:13:48 - train gamma: g2=0.108 g3=0.104 g4=0.039 g5=0.031
2026-08-30 23:13:51 - train: epoch 214, iter:0, loss: 0.4479, lr: 0.00020161100844177644
2026-08-30 23:13:56 - train: epoch 214, iter:20, loss: 0.4367, lr: 0.00020161100844177644
2026-08-30 23:14:17 - val epoch: 214, loss: 0.8555
2026-08-30 23:14:17 - train gamma: g2=0.108 g3=0.104 g4=0.039 g5=0.033
2026-08-30 23:14:19 - train: epoch 215, iter:0, loss: 0.5001, lr: 0.0001975318487622361
2026-08-30 23:14:24 - train: epoch 215, iter:20, loss: 0.4227, lr: 0.0001975318487622361
2026-08-30 23:14:45 - val epoch: 215, loss: 0.8687
2026-08-30 23:14:45 - train gamma: g2=0.108 g3=0.105 g4=0.038 g5=0.033
2026-08-30 23:14:48 - train: epoch 216, iter:0, loss: 0.4782, lr: 0.00019348640643033024
2026-08-30 23:14:53 - train: epoch 216, iter:20, loss: 0.4304, lr: 0.00019348640643033024
2026-08-30 23:15:14 - val epoch: 216, loss: 0.8532
2026-08-30 23:15:14 - train gamma: g2=0.108 g3=0.104 g4=0.038 g5=0.033
2026-08-30 23:15:16 - train: epoch 217, iter:0, loss: 0.4559, lr: 0.00018947512507439828
2026-08-30 23:15:21 - train: epoch 217, iter:20, loss: 0.4221, lr: 0.00018947512507439828
2026-08-30 23:15:42 - val epoch: 217, loss: 0.8637
2026-08-30 23:15:42 - train gamma: g2=0.108 g3=0.104 g4=0.040 g5=0.034
2026-08-30 23:15:44 - train: epoch 218, iter:0, loss: 0.4344, lr: 0.00018549844457664425
2026-08-30 23:15:49 - train: epoch 218, iter:20, loss: 0.4290, lr: 0.00018549844457664425
2026-08-30 23:16:10 - val epoch: 218, loss: 0.8676
2026-08-30 23:16:10 - train gamma: g2=0.108 g3=0.105 g4=0.037 g5=0.031
2026-08-30 23:16:12 - train: epoch 219, iter:0, loss: 0.4012, lr: 0.00018155680102489765
2026-08-30 23:16:18 - train: epoch 219, iter:20, loss: 0.4384, lr: 0.00018155680102489765
2026-08-30 23:16:39 - val epoch: 219, loss: 0.8657
2026-08-30 23:16:39 - train gamma: g2=0.108 g3=0.104 g4=0.038 g5=0.033
2026-08-30 23:16:41 - train: epoch 220, iter:0, loss: 0.4435, lr: 0.00017765062666479195
2026-08-30 23:16:46 - train: epoch 220, iter:20, loss: 0.4313, lr: 0.00017765062666479195
2026-08-30 23:17:07 - val epoch: 220, loss: 0.8650
2026-08-30 23:17:07 - train gamma: g2=0.108 g3=0.104 g4=0.038 g5=0.032
2026-08-30 23:17:09 - train: epoch 221, iter:0, loss: 0.4646, lr: 0.00017378034985236489
2026-08-30 23:17:15 - train: epoch 221, iter:20, loss: 0.4364, lr: 0.00017378034985236489
2026-08-30 23:17:36 - val epoch: 221, loss: 0.8646
2026-08-30 23:17:36 - train gamma: g2=0.108 g3=0.104 g4=0.039 g5=0.035
2026-08-30 23:17:38 - train: epoch 222, iter:0, loss: 0.4456, lr: 0.0001699463950070827
2026-08-30 23:17:44 - train: epoch 222, iter:20, loss: 0.4294, lr: 0.0001699463950070827
2026-08-30 23:18:04 - val epoch: 222, loss: 0.8701
2026-08-30 23:18:04 - train gamma: g2=0.108 g3=0.105 g4=0.040 g5=0.035
2026-08-30 23:18:07 - train: epoch 223, iter:0, loss: 0.4085, lr: 0.0001661491825652988
2026-08-30 23:18:12 - train: epoch 223, iter:20, loss: 0.4230, lr: 0.0001661491825652988
2026-08-30 23:18:33 - val epoch: 223, loss: 0.8831
2026-08-30 23:18:33 - train gamma: g2=0.108 g3=0.105 g4=0.039 g5=0.034
2026-08-30 23:18:36 - train: epoch 224, iter:0, loss: 0.3819, lr: 0.0001623891289341484
2026-08-30 23:18:41 - train: epoch 224, iter:20, loss: 0.4320, lr: 0.0001623891289341484
2026-08-30 23:19:02 - val epoch: 224, loss: 0.8821
2026-08-30 23:19:02 - train gamma: g2=0.108 g3=0.105 g4=0.039 g5=0.036
2026-08-30 23:19:04 - train: epoch 225, iter:0, loss: 0.4206, lr: 0.0001586666464458838
2026-08-30 23:19:09 - train: epoch 225, iter:20, loss: 0.4233, lr: 0.0001586666464458838
2026-08-30 23:19:31 - val epoch: 225, loss: 0.9618
2026-08-30 23:19:31 - train gamma: g2=0.108 g3=0.105 g4=0.039 g5=0.034
2026-08-30 23:19:33 - train: epoch 226, iter:0, loss: 0.4255, lr: 0.00015498214331265874
2026-08-30 23:19:38 - train: epoch 226, iter:20, loss: 0.4160, lr: 0.00015498214331265874
2026-08-30 23:19:59 - val epoch: 226, loss: 0.8943
2026-08-30 23:19:59 - train gamma: g2=0.108 g3=0.105 g4=0.039 g5=0.035
2026-08-30 23:20:01 - train: epoch 227, iter:0, loss: 0.5147, lr: 0.00015133602358176218
2026-08-30 23:20:07 - train: epoch 227, iter:20, loss: 0.4260, lr: 0.00015133602358176218
2026-08-30 23:20:28 - val epoch: 227, loss: 0.8997
2026-08-30 23:20:28 - train gamma: g2=0.108 g3=0.104 g4=0.039 g5=0.035
2026-08-30 23:20:30 - train: epoch 228, iter:0, loss: 0.3523, lr: 0.00014772868709131046
2026-08-30 23:20:36 - train: epoch 228, iter:20, loss: 0.4167, lr: 0.00014772868709131046
2026-08-30 23:20:57 - val epoch: 228, loss: 0.8675
2026-08-30 23:20:57 - train gamma: g2=0.109 g3=0.105 g4=0.040 g5=0.035
2026-08-30 23:20:59 - train: epoch 229, iter:0, loss: 0.3824, lr: 0.00014416052942640113
2026-08-30 23:21:04 - train: epoch 229, iter:20, loss: 0.4298, lr: 0.00014416052942640113
2026-08-30 23:21:25 - val epoch: 229, loss: 0.9038
2026-08-30 23:21:25 - train gamma: g2=0.108 g3=0.105 g4=0.040 g5=0.036
2026-08-30 23:21:27 - train: epoch 230, iter:0, loss: 0.4125, lr: 0.0001406319418757314
2026-08-30 23:21:33 - train: epoch 230, iter:20, loss: 0.4179, lr: 0.0001406319418757314
2026-08-30 23:21:54 - val epoch: 230, loss: 0.8820
2026-08-30 23:21:54 - train gamma: g2=0.108 g3=0.104 g4=0.040 g5=0.035
2026-08-30 23:21:56 - train: epoch 231, iter:0, loss: 0.3646, lr: 0.00013714331138868954
2026-08-30 23:22:01 - train: epoch 231, iter:20, loss: 0.4209, lr: 0.00013714331138868954
2026-08-30 23:22:22 - val epoch: 231, loss: 0.9363
2026-08-30 23:22:22 - train gamma: g2=0.108 g3=0.105 g4=0.041 g5=0.036
2026-08-30 23:22:24 - train: epoch 232, iter:0, loss: 0.4412, lr: 0.00013369502053292226
2026-08-30 23:22:30 - train: epoch 232, iter:20, loss: 0.4147, lr: 0.00013369502053292226
2026-08-30 23:22:51 - val epoch: 232, loss: 0.8972
2026-08-30 23:22:51 - train gamma: g2=0.108 g3=0.105 g4=0.041 g5=0.037
2026-08-30 23:22:52 - train: epoch 233, iter:0, loss: 0.4126, lr: 0.0001302874474523804
2026-08-30 23:22:58 - train: epoch 233, iter:20, loss: 0.4145, lr: 0.0001302874474523804
2026-08-30 23:23:19 - val epoch: 233, loss: 0.8889
2026-08-30 23:23:19 - train gamma: g2=0.108 g3=0.105 g4=0.041 g5=0.036
2026-08-30 23:23:21 - train: epoch 234, iter:0, loss: 0.4518, lr: 0.00012692096582585187
2026-08-30 23:23:27 - train: epoch 234, iter:20, loss: 0.4058, lr: 0.00012692096582585187
2026-08-30 23:23:48 - val epoch: 234, loss: 0.8737
2026-08-30 23:23:48 - train gamma: g2=0.108 g3=0.104 g4=0.040 g5=0.037
2026-08-30 23:23:50 - train: epoch 235, iter:0, loss: 0.4162, lr: 0.00012359594482598416
2026-08-30 23:23:55 - train: epoch 235, iter:20, loss: 0.4081, lr: 0.00012359594482598416
2026-08-30 23:24:16 - val epoch: 235, loss: 0.8929
2026-08-30 23:24:16 - train gamma: g2=0.109 g3=0.104 g4=0.040 g5=0.037
2026-08-30 23:24:19 - train: epoch 236, iter:0, loss: 0.5014, lr: 0.00012031274907879919
2026-08-30 23:24:24 - train: epoch 236, iter:20, loss: 0.4184, lr: 0.00012031274907879919
2026-08-30 23:24:45 - val epoch: 236, loss: 0.8816
2026-08-30 23:24:45 - train gamma: g2=0.109 g3=0.105 g4=0.041 g5=0.038
2026-08-30 23:24:47 - train: epoch 237, iter:0, loss: 0.4659, lr: 0.00011707173862370913
2026-08-30 23:24:52 - train: epoch 237, iter:20, loss: 0.4103, lr: 0.00011707173862370913
2026-08-30 23:25:13 - val epoch: 237, loss: 0.9275
2026-08-30 23:25:13 - train gamma: g2=0.108 g3=0.105 g4=0.040 g5=0.038
2026-08-30 23:25:15 - train: epoch 238, iter:0, loss: 0.3988, lr: 0.00011387326887403316
2026-08-30 23:25:20 - train: epoch 238, iter:20, loss: 0.4147, lr: 0.00011387326887403316
2026-08-30 23:25:42 - val epoch: 238, loss: 0.8977
2026-08-30 23:25:42 - train gamma: g2=0.108 g3=0.105 g4=0.041 g5=0.038
2026-08-30 23:25:43 - train: epoch 239, iter:0, loss: 0.3836, lr: 0.00011071769057802265
2026-08-30 23:25:49 - train: epoch 239, iter:20, loss: 0.4227, lr: 0.00011071769057802265
2026-08-30 23:26:10 - val epoch: 239, loss: 0.9052
2026-08-30 23:26:10 - train gamma: g2=0.108 g3=0.104 g4=0.040 g5=0.038
2026-08-30 23:26:12 - train: epoch 240, iter:0, loss: 0.4193, lr: 0.0001076053497803982
2026-08-30 23:26:17 - train: epoch 240, iter:20, loss: 0.4089, lr: 0.0001076053497803982
2026-08-30 23:26:42 - val epoch: 240, loss: 0.9033, miou: 0.7863621876651773, f1_or_dsc: 0.8804062167179809, accuracy: 0.9425552103779103,                 specificity: 0.966331071898192, sensitivity: 0.8686549480119269, confusion_matrix: [[38714602  1348895]
 [ 1692984 11196607]]
2026-08-30 23:26:42 - train gamma: g2=0.108 g3=0.105 g4=0.040 g5=0.037
2026-08-30 23:26:44 - train: epoch 241, iter:0, loss: 0.4529, lr: 0.00010453658778440088
2026-08-30 23:26:49 - train: epoch 241, iter:20, loss: 0.4039, lr: 0.00010453658778440088
2026-08-30 23:27:10 - val epoch: 241, loss: 0.9057
2026-08-30 23:27:10 - train gamma: g2=0.109 g3=0.104 g4=0.040 g5=0.038
2026-08-30 23:27:13 - train: epoch 242, iter:0, loss: 0.4303, lr: 0.00010151174111436543
2026-08-30 23:27:18 - train: epoch 242, iter:20, loss: 0.4233, lr: 0.00010151174111436543
2026-08-30 23:27:39 - val epoch: 242, loss: 0.9204
2026-08-30 23:27:39 - train gamma: g2=0.109 g3=0.105 g4=0.041 g5=0.038
2026-08-30 23:27:41 - train: epoch 243, iter:0, loss: 0.3985, lr: 9.853114147881633e-05
2026-08-30 23:27:46 - train: epoch 243, iter:20, loss: 0.4149, lr: 9.853114147881633e-05
2026-08-30 23:28:07 - val epoch: 243, loss: 0.9104
2026-08-30 23:28:07 - train gamma: g2=0.109 g3=0.105 g4=0.041 g5=0.038
2026-08-30 23:28:09 - train: epoch 244, iter:0, loss: 0.3911, lr: 9.559511573409167e-05
2026-08-30 23:28:15 - train: epoch 244, iter:20, loss: 0.4127, lr: 9.559511573409167e-05
2026-08-30 23:28:35 - val epoch: 244, loss: 0.9034
2026-08-30 23:28:35 - train gamma: g2=0.109 g3=0.105 g4=0.041 g5=0.039
2026-08-30 23:28:37 - train: epoch 245, iter:0, loss: 0.3847, lr: 9.270398584850061e-05
2026-08-30 23:28:43 - train: epoch 245, iter:20, loss: 0.4090, lr: 9.270398584850061e-05
2026-08-30 23:29:03 - val epoch: 245, loss: 0.8957
2026-08-30 23:29:03 - train gamma: g2=0.109 g3=0.104 g4=0.041 g5=0.039
2026-08-30 23:29:05 - train: epoch 246, iter:0, loss: 0.4068, lr: 8.985806886701499e-05
2026-08-30 23:29:11 - train: epoch 246, iter:20, loss: 0.4102, lr: 8.985806886701499e-05
2026-08-30 23:29:31 - val epoch: 246, loss: 0.8972
2026-08-30 23:29:31 - train gamma: g2=0.108 g3=0.105 g4=0.041 g5=0.040
2026-08-30 23:29:33 - train: epoch 247, iter:0, loss: 0.4004, lr: 8.705767687650239e-05
2026-08-30 23:29:39 - train: epoch 247, iter:20, loss: 0.4088, lr: 8.705767687650239e-05
2026-08-30 23:30:00 - val epoch: 247, loss: 0.9039
2026-08-30 23:30:00 - train gamma: g2=0.109 g3=0.105 g4=0.041 g5=0.039
2026-08-30 23:30:02 - train: epoch 248, iter:0, loss: 0.4231, lr: 8.430311697150229e-05
2026-08-30 23:30:07 - train: epoch 248, iter:20, loss: 0.4112, lr: 8.430311697150229e-05
2026-08-30 23:30:28 - val epoch: 248, loss: 0.9198
2026-08-30 23:30:28 - train gamma: g2=0.108 g3=0.105 g4=0.042 g5=0.040
2026-08-30 23:30:30 - train: epoch 249, iter:0, loss: 0.4176, lr: 8.159469122054909e-05
2026-08-30 23:30:36 - train: epoch 249, iter:20, loss: 0.4080, lr: 8.159469122054909e-05
2026-08-30 23:30:56 - val epoch: 249, loss: 0.8964
2026-08-30 23:30:56 - train gamma: g2=0.108 g3=0.105 g4=0.041 g5=0.040
2026-08-30 23:30:58 - train: epoch 250, iter:0, loss: 0.4017, lr: 7.893269663304782e-05
2026-08-30 23:31:03 - train: epoch 250, iter:20, loss: 0.4059, lr: 7.893269663304782e-05
2026-08-30 23:31:24 - val epoch: 250, loss: 0.9068
2026-08-30 23:31:24 - train gamma: g2=0.108 g3=0.105 g4=0.041 g5=0.040
2026-08-30 23:31:26 - train: epoch 251, iter:0, loss: 0.4067, lr: 7.631742512670282e-05
2026-08-30 23:31:32 - train: epoch 251, iter:20, loss: 0.4071, lr: 7.631742512670282e-05
2026-08-30 23:31:53 - val epoch: 251, loss: 0.8966
2026-08-30 23:31:53 - train gamma: g2=0.108 g3=0.105 g4=0.040 g5=0.041
2026-08-30 23:31:55 - train: epoch 252, iter:0, loss: 0.3766, lr: 7.374916349550603e-05
2026-08-30 23:32:00 - train: epoch 252, iter:20, loss: 0.4117, lr: 7.374916349550603e-05
2026-08-30 23:32:21 - val epoch: 252, loss: 0.9153
2026-08-30 23:32:21 - train gamma: g2=0.108 g3=0.105 g4=0.041 g5=0.041
2026-08-30 23:32:23 - train: epoch 253, iter:0, loss: 0.4220, lr: 7.122819337828741e-05
2026-08-30 23:32:29 - train: epoch 253, iter:20, loss: 0.4014, lr: 7.122819337828741e-05
2026-08-30 23:32:50 - val epoch: 253, loss: 0.9204
2026-08-30 23:32:50 - train gamma: g2=0.108 g3=0.105 g4=0.041 g5=0.041
2026-08-30 23:32:52 - train: epoch 254, iter:0, loss: 0.3910, lr: 6.875479122782878e-05
2026-08-30 23:32:57 - train: epoch 254, iter:20, loss: 0.4064, lr: 6.875479122782878e-05
2026-08-30 23:33:18 - val epoch: 254, loss: 0.9028
2026-08-30 23:33:18 - train gamma: g2=0.109 g3=0.105 g4=0.041 g5=0.040
2026-08-30 23:33:20 - train: epoch 255, iter:0, loss: 0.3469, lr: 6.632922828054862e-05
2026-08-30 23:33:25 - train: epoch 255, iter:20, loss: 0.4047, lr: 6.632922828054862e-05
2026-08-30 23:33:46 - val epoch: 255, loss: 0.8994
2026-08-30 23:33:46 - train gamma: g2=0.109 g3=0.105 g4=0.040 g5=0.040
2026-08-30 23:33:48 - train: epoch 256, iter:0, loss: 0.3928, lr: 6.395177052675786e-05
2026-08-30 23:33:53 - train: epoch 256, iter:20, loss: 0.4073, lr: 6.395177052675786e-05
2026-08-30 23:34:14 - val epoch: 256, loss: 0.8994
2026-08-30 23:34:14 - train gamma: g2=0.109 g3=0.105 g4=0.041 g5=0.041
2026-08-30 23:34:16 - train: epoch 257, iter:0, loss: 0.3998, lr: 6.162267868149065e-05
2026-08-30 23:34:22 - train: epoch 257, iter:20, loss: 0.4145, lr: 6.162267868149065e-05
2026-08-30 23:34:43 - val epoch: 257, loss: 0.8995
2026-08-30 23:34:43 - train gamma: g2=0.109 g3=0.105 g4=0.041 g5=0.041
2026-08-30 23:34:45 - train: epoch 258, iter:0, loss: 0.4321, lr: 5.934220815591413e-05
2026-08-30 23:34:50 - train: epoch 258, iter:20, loss: 0.4079, lr: 5.934220815591413e-05
2026-08-30 23:35:11 - val epoch: 258, loss: 0.9038
2026-08-30 23:35:11 - train gamma: g2=0.109 g3=0.105 g4=0.041 g5=0.041
2026-08-30 23:35:13 - train: epoch 259, iter:0, loss: 0.4190, lr: 5.711060902932035e-05
2026-08-30 23:35:19 - train: epoch 259, iter:20, loss: 0.4017, lr: 5.711060902932035e-05
2026-08-30 23:35:40 - val epoch: 259, loss: 0.9243
2026-08-30 23:35:40 - train gamma: g2=0.108 g3=0.105 g4=0.041 g5=0.041
2026-08-30 23:35:42 - train: epoch 260, iter:0, loss: 0.4427, lr: 5.492812602170101e-05
2026-08-30 23:35:48 - train: epoch 260, iter:20, loss: 0.4080, lr: 5.492812602170101e-05
2026-08-30 23:36:09 - val epoch: 260, loss: 0.9087
2026-08-30 23:36:09 - train gamma: g2=0.109 g3=0.105 g4=0.041 g5=0.041
2026-08-30 23:36:10 - train: epoch 261, iter:0, loss: 0.4321, lr: 5.279499846691256e-05
2026-08-30 23:36:16 - train: epoch 261, iter:20, loss: 0.3982, lr: 5.279499846691256e-05
2026-08-30 23:36:37 - val epoch: 261, loss: 0.9092
2026-08-30 23:36:37 - train gamma: g2=0.109 g3=0.105 g4=0.041 g5=0.042
2026-08-30 23:36:39 - train: epoch 262, iter:0, loss: 0.4345, lr: 5.071146028642938e-05
2026-08-30 23:36:45 - train: epoch 262, iter:20, loss: 0.4104, lr: 5.071146028642938e-05
2026-08-30 23:37:06 - val epoch: 262, loss: 0.8876
2026-08-30 23:37:06 - train gamma: g2=0.109 g3=0.105 g4=0.041 g5=0.041
2026-08-30 23:37:08 - train: epoch 263, iter:0, loss: 0.3967, lr: 4.867773996369213e-05
2026-08-30 23:37:13 - train: epoch 263, iter:20, loss: 0.4069, lr: 4.867773996369213e-05
2026-08-30 23:37:34 - val epoch: 263, loss: 0.9296
2026-08-30 23:37:34 - train gamma: g2=0.109 g3=0.105 g4=0.042 g5=0.042
2026-08-30 23:37:36 - train: epoch 264, iter:0, loss: 0.4422, lr: 4.669406051905255e-05
2026-08-30 23:37:42 - train: epoch 264, iter:20, loss: 0.4118, lr: 4.669406051905255e-05
2026-08-30 23:38:03 - val epoch: 264, loss: 0.9205
2026-08-30 23:38:03 - train gamma: g2=0.109 g3=0.105 g4=0.042 g5=0.042
2026-08-30 23:38:05 - train: epoch 265, iter:0, loss: 0.3094, lr: 4.476063948531553e-05
2026-08-30 23:38:10 - train: epoch 265, iter:20, loss: 0.3944, lr: 4.476063948531553e-05
2026-08-30 23:38:31 - val epoch: 265, loss: 0.9193
2026-08-30 23:38:31 - train gamma: g2=0.109 g3=0.105 g4=0.041 g5=0.042
2026-08-30 23:38:33 - train: epoch 266, iter:0, loss: 0.3603, lr: 4.2877688883885086e-05
2026-08-30 23:38:39 - train: epoch 266, iter:20, loss: 0.4045, lr: 4.2877688883885086e-05
2026-08-30 23:39:00 - val epoch: 266, loss: 0.9396
2026-08-30 23:39:00 - train gamma: g2=0.109 g3=0.105 g4=0.042 g5=0.042
2026-08-30 23:39:02 - train: epoch 267, iter:0, loss: 0.4285, lr: 4.1045415201513684e-05
2026-08-30 23:39:08 - train: epoch 267, iter:20, loss: 0.4147, lr: 4.1045415201513684e-05
2026-08-30 23:39:28 - val epoch: 267, loss: 0.9267
2026-08-30 23:39:28 - train gamma: g2=0.109 g3=0.105 g4=0.042 g5=0.042
2026-08-30 23:39:30 - train: epoch 268, iter:0, loss: 0.4152, lr: 3.926401936765836e-05
2026-08-30 23:39:35 - train: epoch 268, iter:20, loss: 0.4098, lr: 3.926401936765836e-05
2026-08-30 23:39:56 - val epoch: 268, loss: 0.9266
2026-08-30 23:39:56 - train gamma: g2=0.109 g3=0.105 g4=0.041 g5=0.041
2026-08-30 23:39:58 - train: epoch 269, iter:0, loss: 0.4136, lr: 3.753369673244687e-05
2026-08-30 23:40:04 - train: epoch 269, iter:20, loss: 0.4031, lr: 3.753369673244687e-05
2026-08-30 23:40:25 - val epoch: 269, loss: 0.9160
2026-08-30 23:40:25 - train gamma: g2=0.109 g3=0.105 g4=0.042 g5=0.042
2026-08-30 23:40:27 - train: epoch 270, iter:0, loss: 0.3824, lr: 3.5854637045255115e-05
2026-08-30 23:40:32 - train: epoch 270, iter:20, loss: 0.3940, lr: 3.5854637045255115e-05
2026-08-30 23:40:57 - val epoch: 270, loss: 0.9120, miou: 0.7847398033930604, f1_or_dsc: 0.8793884709705597, accuracy: 0.9416443475402227,                 specificity: 0.9634168230496704, sensitivity: 0.8739710204924268, confusion_matrix: [[38597847  1465650]
 [ 1624462 11265129]]
2026-08-30 23:40:57 - train gamma: g2=0.109 g3=0.105 g4=0.041 g5=0.042
2026-08-30 23:40:58 - train: epoch 271, iter:0, loss: 0.5072, lr: 3.422702443389897e-05
2026-08-30 23:41:04 - train: epoch 271, iter:20, loss: 0.4053, lr: 3.422702443389897e-05
2026-08-30 23:41:25 - val epoch: 271, loss: 0.9066
2026-08-30 23:41:25 - train gamma: g2=0.109 g3=0.105 g4=0.042 g5=0.043
2026-08-30 23:41:26 - train: epoch 272, iter:0, loss: 0.3778, lr: 3.265103738444294e-05
2026-08-30 23:41:32 - train: epoch 272, iter:20, loss: 0.4107, lr: 3.265103738444294e-05
2026-08-30 23:41:52 - val epoch: 272, loss: 0.9055
2026-08-30 23:41:52 - train gamma: g2=0.109 g3=0.105 g4=0.041 g5=0.042
2026-08-30 23:41:54 - train: epoch 273, iter:0, loss: 0.3797, lr: 3.112684872162669e-05
2026-08-30 23:42:00 - train: epoch 273, iter:20, loss: 0.3939, lr: 3.112684872162669e-05
2026-08-30 23:42:20 - val epoch: 273, loss: 0.9044
2026-08-30 23:42:20 - train gamma: g2=0.109 g3=0.105 g4=0.042 g5=0.043
2026-08-30 23:42:22 - train: epoch 274, iter:0, loss: 0.4080, lr: 2.9654625589913163e-05
2026-08-30 23:42:28 - train: epoch 274, iter:20, loss: 0.4037, lr: 2.9654625589913163e-05
2026-08-30 23:42:49 - val epoch: 274, loss: 0.8935
2026-08-30 23:42:49 - train gamma: g2=0.109 g3=0.105 g4=0.042 g5=0.043
2026-08-30 23:42:50 - train: epoch 275, iter:0, loss: 0.3363, lr: 2.823452943515922e-05
2026-08-30 23:42:56 - train: epoch 275, iter:20, loss: 0.3915, lr: 2.823452943515922e-05
2026-08-30 23:43:17 - val epoch: 275, loss: 0.9151
2026-08-30 23:43:17 - train gamma: g2=0.109 g3=0.105 g4=0.041 g5=0.043
2026-08-30 23:43:18 - train: epoch 276, iter:0, loss: 0.3254, lr: 2.6866715986911168e-05
2026-08-30 23:43:24 - train: epoch 276, iter:20, loss: 0.4108, lr: 2.6866715986911168e-05
2026-08-30 23:43:45 - val epoch: 276, loss: 0.9027
2026-08-30 23:43:45 - train gamma: g2=0.109 g3=0.105 g4=0.042 g5=0.043
2026-08-30 23:43:47 - train: epoch 277, iter:0, loss: 0.4027, lr: 2.5551335241327604e-05
2026-08-30 23:43:52 - train: epoch 277, iter:20, loss: 0.3989, lr: 2.5551335241327604e-05
2026-08-30 23:44:13 - val epoch: 277, loss: 0.9077
2026-08-30 23:44:13 - train gamma: g2=0.109 g3=0.105 g4=0.042 g5=0.043
2026-08-30 23:44:15 - train: epoch 278, iter:0, loss: 0.4399, lr: 2.4288531444730185e-05
2026-08-30 23:44:20 - train: epoch 278, iter:20, loss: 0.4067, lr: 2.4288531444730185e-05
2026-08-30 23:44:41 - val epoch: 278, loss: 0.9364
2026-08-30 23:44:41 - train gamma: g2=0.109 g3=0.105 g4=0.042 g5=0.044
2026-08-30 23:44:43 - train: epoch 279, iter:0, loss: 0.4362, lr: 2.3078443077785645e-05
2026-08-30 23:44:48 - train: epoch 279, iter:20, loss: 0.4059, lr: 2.3078443077785645e-05
2026-08-30 23:45:09 - val epoch: 279, loss: 0.9232
2026-08-30 23:45:09 - train gamma: g2=0.109 g3=0.105 g4=0.042 g5=0.044
2026-08-30 23:45:11 - train: epoch 280, iter:0, loss: 0.4086, lr: 2.1921202840320064e-05
2026-08-30 23:45:17 - train: epoch 280, iter:20, loss: 0.4022, lr: 2.1921202840320064e-05
2026-08-30 23:45:38 - val epoch: 280, loss: 0.9214
2026-08-30 23:45:38 - train gamma: g2=0.109 g3=0.105 g4=0.042 g5=0.044
2026-08-30 23:45:40 - train: epoch 281, iter:0, loss: 0.3978, lr: 2.081693763676623e-05
2026-08-30 23:45:45 - train: epoch 281, iter:20, loss: 0.3933, lr: 2.081693763676623e-05
2026-08-30 23:46:06 - val epoch: 281, loss: 0.9196
2026-08-30 23:46:06 - train gamma: g2=0.109 g3=0.105 g4=0.042 g5=0.044
2026-08-30 23:46:08 - train: epoch 282, iter:0, loss: 0.4068, lr: 1.9765768562247723e-05
2026-08-30 23:46:14 - train: epoch 282, iter:20, loss: 0.4007, lr: 1.9765768562247723e-05
2026-08-30 23:46:35 - val epoch: 282, loss: 0.9230
2026-08-30 23:46:35 - train gamma: g2=0.109 g3=0.105 g4=0.042 g5=0.044
2026-08-30 23:46:37 - train: epoch 283, iter:0, loss: 0.3927, lr: 1.876781088929913e-05
2026-08-30 23:46:42 - train: epoch 283, iter:20, loss: 0.4071, lr: 1.876781088929913e-05
2026-08-30 23:47:03 - val epoch: 283, loss: 0.9301
2026-08-30 23:47:03 - train gamma: g2=0.108 g3=0.105 g4=0.042 g5=0.044
2026-08-30 23:47:05 - train: epoch 284, iter:0, loss: 0.3909, lr: 1.7823174055225262e-05
2026-08-30 23:47:10 - train: epoch 284, iter:20, loss: 0.3912, lr: 1.7823174055225262e-05
2026-08-30 23:47:31 - val epoch: 284, loss: 0.9207
2026-08-30 23:47:31 - train gamma: g2=0.109 g3=0.105 g4=0.042 g5=0.044
2026-08-30 23:47:33 - train: epoch 285, iter:0, loss: 0.4247, lr: 1.693196165010003e-05
2026-08-30 23:47:39 - train: epoch 285, iter:20, loss: 0.3973, lr: 1.693196165010003e-05
2026-08-30 23:48:00 - val epoch: 285, loss: 0.9242
2026-08-30 23:48:00 - train gamma: g2=0.109 g3=0.105 g4=0.042 g5=0.044
2026-08-30 23:48:02 - train: epoch 286, iter:0, loss: 0.4334, lr: 1.6094271405406855e-05
2026-08-30 23:48:07 - train: epoch 286, iter:20, loss: 0.3974, lr: 1.6094271405406855e-05
2026-08-30 23:48:28 - val epoch: 286, loss: 0.9167
2026-08-30 23:48:28 - train gamma: g2=0.109 g3=0.105 g4=0.042 g5=0.044
2026-08-30 23:48:30 - train: epoch 287, iter:0, loss: 0.4306, lr: 1.5310195183320773e-05
2026-08-30 23:48:35 - train: epoch 287, iter:20, loss: 0.3955, lr: 1.5310195183320773e-05
2026-08-30 23:48:56 - val epoch: 287, loss: 0.9212
2026-08-30 23:48:56 - train gamma: g2=0.108 g3=0.105 g4=0.042 g5=0.044
2026-08-30 23:48:58 - train: epoch 288, iter:0, loss: 0.4080, lr: 1.4579818966635417e-05
2026-08-30 23:49:04 - train: epoch 288, iter:20, loss: 0.4010, lr: 1.4579818966635417e-05
2026-08-30 23:49:24 - val epoch: 288, loss: 0.9147
2026-08-30 23:49:24 - train gamma: g2=0.109 g3=0.105 g4=0.042 g5=0.044
2026-08-30 23:49:26 - train: epoch 289, iter:0, loss: 0.3828, lr: 1.3903222849333505e-05
2026-08-30 23:49:32 - train: epoch 289, iter:20, loss: 0.4011, lr: 1.3903222849333505e-05
2026-08-30 23:49:53 - val epoch: 289, loss: 0.9099
2026-08-30 23:49:53 - train gamma: g2=0.109 g3=0.105 g4=0.042 g5=0.044
2026-08-30 23:49:55 - train: epoch 290, iter:0, loss: 0.3596, lr: 1.3280481027803759e-05
2026-08-30 23:50:00 - train: epoch 290, iter:20, loss: 0.4027, lr: 1.3280481027803759e-05
2026-08-30 23:50:21 - val epoch: 290, loss: 0.9201
2026-08-30 23:50:21 - train gamma: g2=0.109 g3=0.105 g4=0.042 g5=0.044
2026-08-30 23:50:23 - train: epoch 291, iter:0, loss: 0.3657, lr: 1.271166179270472e-05
2026-08-30 23:50:29 - train: epoch 291, iter:20, loss: 0.3992, lr: 1.271166179270472e-05
2026-08-30 23:50:49 - val epoch: 291, loss: 0.9198
2026-08-30 23:50:49 - train gamma: g2=0.109 g3=0.105 g4=0.042 g5=0.044
2026-08-30 23:50:52 - train: epoch 292, iter:0, loss: 0.4010, lr: 1.21968275214754e-05
2026-08-30 23:50:57 - train: epoch 292, iter:20, loss: 0.4036, lr: 1.21968275214754e-05
2026-08-30 23:51:18 - val epoch: 292, loss: 0.9245
2026-08-30 23:51:18 - train gamma: g2=0.109 g3=0.105 g4=0.042 g5=0.044
2026-08-30 23:51:19 - train: epoch 293, iter:0, loss: 0.4007, lr: 1.1736034671495336e-05
2026-08-30 23:51:25 - train: epoch 293, iter:20, loss: 0.3952, lr: 1.1736034671495336e-05
2026-08-30 23:51:46 - val epoch: 293, loss: 0.9071
2026-08-30 23:51:46 - train gamma: g2=0.109 g3=0.105 g4=0.042 g5=0.044
2026-08-30 23:51:48 - train: epoch 294, iter:0, loss: 0.4363, lr: 1.1329333773893242e-05
2026-08-30 23:51:53 - train: epoch 294, iter:20, loss: 0.3902, lr: 1.1329333773893242e-05
2026-08-30 23:52:14 - val epoch: 294, loss: 0.9189
2026-08-30 23:52:14 - train gamma: g2=0.109 g3=0.105 g4=0.042 g5=0.044
2026-08-30 23:52:16 - train: epoch 295, iter:0, loss: 0.3748, lr: 1.0976769428005577e-05
2026-08-30 23:52:22 - train: epoch 295, iter:20, loss: 0.4073, lr: 1.0976769428005577e-05
2026-08-30 23:52:42 - val epoch: 295, loss: 0.9190
2026-08-30 23:52:42 - train gamma: g2=0.109 g3=0.105 g4=0.042 g5=0.045
2026-08-30 23:52:44 - train: epoch 296, iter:0, loss: 0.3678, lr: 1.0678380296485951e-05
2026-08-30 23:52:49 - train: epoch 296, iter:20, loss: 0.3985, lr: 1.0678380296485951e-05
2026-08-30 23:53:10 - val epoch: 296, loss: 0.9167
2026-08-30 23:53:10 - train gamma: g2=0.109 g3=0.105 g4=0.042 g5=0.045
2026-08-30 23:53:12 - train: epoch 297, iter:0, loss: 0.3878, lr: 1.04341991010651e-05
2026-08-30 23:53:18 - train: epoch 297, iter:20, loss: 0.3957, lr: 1.04341991010651e-05
2026-08-30 23:53:39 - val epoch: 297, loss: 0.9197
2026-08-30 23:53:39 - train gamma: g2=0.109 g3=0.105 g4=0.042 g5=0.045
2026-08-30 23:53:40 - train: epoch 298, iter:0, loss: 0.3988, lr: 1.0244252618962858e-05
2026-08-30 23:53:46 - train: epoch 298, iter:20, loss: 0.3936, lr: 1.0244252618962858e-05
2026-08-30 23:54:07 - val epoch: 298, loss: 0.9261
2026-08-30 23:54:07 - train gamma: g2=0.109 g3=0.105 g4=0.042 g5=0.045
2026-08-30 23:54:08 - train: epoch 299, iter:0, loss: 0.3750, lr: 1.0108561679951479e-05
2026-08-30 23:54:14 - train: epoch 299, iter:20, loss: 0.4023, lr: 1.0108561679951479e-05
2026-08-30 23:54:35 - val epoch: 299, loss: 0.9332
2026-08-30 23:54:35 - train gamma: g2=0.109 g3=0.105 g4=0.042 g5=0.045
2026-08-30 23:54:37 - train: epoch 300, iter:0, loss: 0.3722, lr: 1.002714116407149e-05
2026-08-30 23:54:42 - train: epoch 300, iter:20, loss: 0.4037, lr: 1.002714116407149e-05
2026-08-30 23:55:07 - val epoch: 300, loss: 0.9056, miou: 0.7862336366398099, f1_or_dsc: 0.8803256421918475, accuracy: 0.9416638364886293,                 specificity: 0.9610333815842387, sensitivity: 0.8814593108501271, confusion_matrix: [[38502358  1561139]
 [ 1527941 11361650]]
2026-08-30 23:55:07 - train gamma: g2=0.109 g3=0.105 g4=0.042 g5=0.045
2026-08-30 23:55:31 - test of best model, loss: 0.7787,miou: 0.8009142820789614, f1_or_dsc: 0.8894529740242741, accuracy: 0.945866877489751,                 specificity: 0.9623395331665631, sensitivity: 0.894666479332044, confusion_matrix: [[38554687  1508810]
 [ 1357706 11531885]]
