2026-08-07 19:52:28 - #----------Config info----------#
2026-08-07 19:52:28 - network: ege_hrvit_unet,
2026-08-07 19:52:28 - model_config: {'num_classes': 1, 'input_channels': 3, 'c_list': [8, 16, 24, 32, 48, 64], 'bridge': True, 'gt_ds': True},
2026-08-07 19:52:28 - datasets: isic18,
2026-08-07 19:52:28 - data_path: ./data/isic2018/,
2026-08-07 19:52:28 - criterion: GT_BceDiceLoss(
  (bcedice): BceDiceLoss(
    (bce): BCELoss(
      (bceloss): BCELoss()
    )
    (dice): DiceLoss()
  )
),
2026-08-07 19:52:28 - num_classes: 1,
2026-08-07 19:52:28 - input_size_h: 256,
2026-08-07 19:52:28 - input_size_w: 256,
2026-08-07 19:52:28 - input_channels: 3,
2026-08-07 19:52:28 - distributed: False,
2026-08-07 19:52:28 - local_rank: -1,
2026-08-07 19:52:28 - num_workers: 8,
2026-08-07 19:52:28 - seed: 42,
2026-08-07 19:52:28 - world_size: None,
2026-08-07 19:52:28 - rank: None,
2026-08-07 19:52:28 - amp: False,
2026-08-07 19:52:28 - gpu_id: 0,
2026-08-07 19:52:28 - batch_size: 64,
2026-08-07 19:52:28 - epochs: 300,
2026-08-07 19:52:28 - gradient_accumulation_steps: 1,
2026-08-07 19:52:28 - work_dir: results/ege_hrvit_unet_isic18_Friday_07_August_2026_19h_52m_28s/,
2026-08-07 19:52:28 - print_interval: 20,
2026-08-07 19:52:28 - val_interval: 30,
2026-08-07 19:52:28 - save_interval: 100,
2026-08-07 19:52:28 - threshold: 0.5,
2026-08-07 19:52:28 - lambda_edge: 0.2,
2026-08-07 19:52:28 - edge_warmup_epochs: 20,
2026-08-07 19:52:28 - lambda_router: 0.2,
2026-08-07 19:52:28 - lambda_aux: 0.2,
2026-08-07 19:52:28 - token_size: 8,
2026-08-07 19:52:28 - halting_schedule: {'warmup_epochs': 20, 'transition_end_epoch': 40, 'warmup_keep_ratio': 1.0, 'transition_keep_ratio': 0.4, 'final_min_keep_ratio': 0.15, 'threshold': 0.5},
2026-08-07 19:52:28 - train_transformer: Compose(
    <utils.myNormalize object at 0x7fb31ea6f7c0>
    <utils.myToTensor object at 0x7fb31ea6f820>
    <utils.myRandomHorizontalFlip object at 0x7fb31ea6f850>
    <utils.myRandomVerticalFlip object at 0x7fb31ea6f8b0>
    <utils.myRandomRotation object at 0x7fb31ea6f910>
    <utils.myResize object at 0x7fb31ea6f970>
),
2026-08-07 19:52:28 - test_transformer: Compose(
    <utils.myNormalize object at 0x7fb31ea6fa60>
    <utils.myToTensor object at 0x7fb31ea6fac0>
    <utils.myResize object at 0x7fb31ea6faf0>
),
2026-08-07 19:52:28 - opt: AdamW,
2026-08-07 19:52:28 - lr: 0.001,
2026-08-07 19:52:28 - betas: (0.9, 0.999),
2026-08-07 19:52:28 - eps: 1e-08,
2026-08-07 19:52:28 - weight_decay: 0.01,
2026-08-07 19:52:28 - amsgrad: False,
2026-08-07 19:52:28 - sch: CosineAnnealingLR,
2026-08-07 19:52:28 - T_max: 300,
2026-08-07 19:52:28 - eta_min: 1e-05,
2026-08-07 19:52:28 - last_epoch: -1,
2026-08-07 19:52:34 - train: epoch 1, iter:0, loss: 6.3328, lr: 0.001
2026-08-07 19:52:43 - train: epoch 1, iter:20, loss: 3.2869, lr: 0.001
2026-08-07 19:53:07 - val epoch: 1, loss: 1.9655
2026-08-07 19:53:09 - train: epoch 2, iter:0, loss: 2.0209, lr: 0.0009999728588359286
2026-08-07 19:53:19 - train: epoch 2, iter:20, loss: 1.7609, lr: 0.0009999728588359286
