2026-09-13 20:55:04 - #----------Config info----------#
2026-09-13 20:55:04 - network: ege_dual,
2026-09-13 20:55:04 - t_embed: 48,
2026-09-13 20:55:04 - t_depths: (2, 2, 2, 2),
2026-09-13 20:55:04 - t_head_dim: 16,
2026-09-13 20:55:04 - t_sr_ratios: (4, 2, 1, 1),
2026-09-13 20:55:04 - t_mlp_ratio: 4.0,
2026-09-13 20:55:04 - t_drop_path_rate: 0.1,
2026-09-13 20:55:04 - diff_lr: True,
2026-09-13 20:55:04 - t_lr: 0.0001,
2026-09-13 20:55:04 - opt: AdamW,
2026-09-13 20:55:04 - lr: 0.001,
2026-09-13 20:55:04 - betas: (0.9, 0.999),
2026-09-13 20:55:04 - eps: 1e-08,
2026-09-13 20:55:04 - weight_decay: 0.01,
2026-09-13 20:55:04 - amsgrad: False,
2026-09-13 20:55:04 - work_dir: results/retrain_ege_dual_difflr_v2_20260912/,
2026-09-13 20:55:04 - epochs: 300,
2026-09-13 20:55:04 - val_interval: 10,
2026-09-13 20:55:04 - save_interval: 10,
2026-09-13 20:55:04 - num_workers: 4,
2026-09-13 20:55:04 - batch_size: 64,
2026-09-13 20:55:04 - gradient_accumulation_steps: 1,
2026-09-13 20:55:04 - seed: 42,
2026-09-13 20:55:04 - [diff-lr] group1 81,146 lr=0.001; group2 5,259,408 lr=0.0001
2026-09-13 20:55:06 - train: epoch 1, iter:0, loss: 12.3420, lr: 0.001
2026-09-13 20:55:11 - train: epoch 1, iter:20, loss: 3.2618, lr: 0.001
2026-09-13 20:55:31 - val epoch: 1, loss: 1.5898
2026-09-13 20:55:31 - train gamma: g2=0.100 g3=0.099 g4=0.100 g5=0.100
2026-09-13 20:55:33 - train: epoch 2, iter:0, loss: 1.6352, lr: 0.0009999728588359286
2026-09-13 20:55:39 - train: epoch 2, iter:20, loss: 1.5014, lr: 0.0009999728588359286
2026-09-13 20:55:59 - val epoch: 2, loss: 1.3317
2026-09-13 20:55:59 - train gamma: g2=0.099 g3=0.099 g4=0.099 g5=0.100
2026-09-13 20:56:01 - train: epoch 3, iter:0, loss: 1.7094, lr: 0.0009998914383200486
2026-09-13 20:56:06 - train: epoch 3, iter:20, loss: 1.3304, lr: 0.0009998914383200486
2026-09-13 20:56:27 - val epoch: 3, loss: 1.2431
2026-09-13 20:56:27 - train gamma: g2=0.099 g3=0.099 g4=0.099 g5=0.099
2026-09-13 20:56:29 - train: epoch 4, iter:0, loss: 1.3900, lr: 0.0009997557473810372
2026-09-13 20:56:34 - train: epoch 4, iter:20, loss: 1.2023, lr: 0.0009997557473810372
2026-09-13 20:56:55 - val epoch: 4, loss: 1.3093
2026-09-13 20:56:55 - train gamma: g2=0.099 g3=0.099 g4=0.098 g5=0.099
2026-09-13 20:56:57 - train: epoch 5, iter:0, loss: 0.9681, lr: 0.000999565800898935
2026-09-13 20:57:02 - train: epoch 5, iter:20, loss: 1.1504, lr: 0.000999565800898935
2026-09-13 20:57:23 - val epoch: 5, loss: 1.1262
2026-09-13 20:57:23 - train gamma: g2=0.099 g3=0.099 g4=0.098 g5=0.099
2026-09-13 20:57:25 - train: epoch 6, iter:0, loss: 1.1245, lr: 0.0009993216197035143
2026-09-13 20:57:30 - train: epoch 6, iter:20, loss: 1.1073, lr: 0.0009993216197035143
2026-09-13 20:57:51 - val epoch: 6, loss: 1.2892
2026-09-13 20:57:51 - train gamma: g2=0.099 g3=0.099 g4=0.097 g5=0.099
2026-09-13 20:57:52 - train: epoch 7, iter:0, loss: 1.2745, lr: 0.0009990232305719946
2026-09-13 20:57:58 - train: epoch 7, iter:20, loss: 1.1788, lr: 0.0009990232305719946
2026-09-13 20:58:19 - val epoch: 7, loss: 1.1269
2026-09-13 20:58:19 - train gamma: g2=0.099 g3=0.099 g4=0.097 g5=0.099
2026-09-13 20:58:21 - train: epoch 8, iter:0, loss: 1.3332, lr: 0.0009986706662261067
2026-09-13 20:58:26 - train: epoch 8, iter:20, loss: 1.0873, lr: 0.0009986706662261067
2026-09-13 20:58:46 - val epoch: 8, loss: 1.1247
2026-09-13 20:58:46 - train gamma: g2=0.098 g3=0.099 g4=0.097 g5=0.098
2026-09-13 20:58:48 - train: epoch 9, iter:0, loss: 0.9378, lr: 0.0009982639653285047
2026-09-13 20:58:54 - train: epoch 9, iter:20, loss: 0.9438, lr: 0.0009982639653285047
2026-09-13 20:59:14 - val epoch: 9, loss: 1.0573
2026-09-13 20:59:14 - train gamma: g2=0.099 g3=0.099 g4=0.096 g5=0.098
2026-09-13 20:59:16 - train: epoch 10, iter:0, loss: 1.0060, lr: 0.0009978031724785245
2026-09-13 20:59:21 - train: epoch 10, iter:20, loss: 0.9609, lr: 0.0009978031724785245
2026-09-13 20:59:44 - val epoch: 10, loss: 1.0839, miou: 0.7219792123642194, f1_or_dsc: 0.8385457933292543, accuracy: 0.9289698836827042,                 specificity: 0.9840472238357026, sensitivity: 0.7577781948240251, confusion_matrix: [[39424373   639124]
 [ 3122140  9767451]]
2026-09-13 20:59:44 - train gamma: g2=0.098 g3=0.099 g4=0.096 g5=0.098
2026-09-13 20:59:46 - train: epoch 11, iter:0, loss: 0.9612, lr: 0.0009972883382072953
2026-09-13 20:59:51 - train: epoch 11, iter:20, loss: 0.9436, lr: 0.0009972883382072953
2026-09-13 21:00:11 - val epoch: 11, loss: 1.4779
2026-09-13 21:00:11 - train gamma: g2=0.099 g3=0.099 g4=0.095 g5=0.098
2026-09-13 21:00:13 - train: epoch 12, iter:0, loss: 0.9249, lr: 0.0009967195189721962
2026-09-13 21:00:19 - train: epoch 12, iter:20, loss: 0.9770, lr: 0.0009967195189721962
2026-09-13 21:00:39 - val epoch: 12, loss: 0.9724
2026-09-13 21:00:39 - train gamma: g2=0.098 g3=0.099 g4=0.095 g5=0.098
2026-09-13 21:00:41 - train: epoch 13, iter:0, loss: 0.8827, lr: 0.0009960967771506667
2026-09-13 21:00:46 - train: epoch 13, iter:20, loss: 0.8972, lr: 0.0009960967771506667
2026-09-13 21:01:06 - val epoch: 13, loss: 1.0028
2026-09-13 21:01:06 - train gamma: g2=0.098 g3=0.099 g4=0.095 g5=0.098
2026-09-13 21:01:08 - train: epoch 14, iter:0, loss: 0.9983, lr: 0.0009954201810333646
2026-09-13 21:01:13 - train: epoch 14, iter:20, loss: 0.8824, lr: 0.0009954201810333646
2026-09-13 21:01:33 - val epoch: 14, loss: 1.0057
2026-09-13 21:01:33 - train gamma: g2=0.098 g3=0.099 g4=0.094 g5=0.098
2026-09-13 21:01:35 - train: epoch 15, iter:0, loss: 0.9020, lr: 0.0009946898048166792
2026-09-13 21:01:40 - train: epoch 15, iter:20, loss: 0.8787, lr: 0.0009946898048166792
2026-09-13 21:02:00 - val epoch: 15, loss: 1.0731
2026-09-13 21:02:00 - train gamma: g2=0.098 g3=0.099 g4=0.094 g5=0.097
2026-09-13 21:02:02 - train: epoch 16, iter:0, loss: 0.8541, lr: 0.000993905728594593
2026-09-13 21:02:07 - train: epoch 16, iter:20, loss: 0.8664, lr: 0.000993905728594593
2026-09-13 21:02:28 - val epoch: 16, loss: 0.9720
2026-09-13 21:02:28 - train gamma: g2=0.099 g3=0.098 g4=0.093 g5=0.097
2026-09-13 21:02:30 - train: epoch 17, iter:0, loss: 0.9770, lr: 0.0009930680383498998
2026-09-13 21:02:35 - train: epoch 17, iter:20, loss: 0.8250, lr: 0.0009930680383498998
2026-09-13 21:02:55 - val epoch: 17, loss: 1.1041
2026-09-13 21:02:55 - train gamma: g2=0.099 g3=0.099 g4=0.093 g5=0.097
2026-09-13 21:02:57 - train: epoch 18, iter:0, loss: 1.0114, lr: 0.0009921768259447744
2026-09-13 21:03:02 - train: epoch 18, iter:20, loss: 0.7878, lr: 0.0009921768259447744
2026-09-13 21:03:23 - val epoch: 18, loss: 1.2838
2026-09-13 21:03:23 - train gamma: g2=0.098 g3=0.099 g4=0.093 g5=0.097
2026-09-13 21:03:24 - train: epoch 19, iter:0, loss: 1.0792, lr: 0.0009912321891107007
2026-09-13 21:03:30 - train: epoch 19, iter:20, loss: 0.8266, lr: 0.0009912321891107007
2026-09-13 21:03:50 - val epoch: 19, loss: 1.0768
2026-09-13 21:03:50 - train gamma: g2=0.098 g3=0.099 g4=0.093 g5=0.097
2026-09-13 21:03:52 - train: epoch 20, iter:0, loss: 0.8453, lr: 0.0009902342314377522
2026-09-13 21:03:57 - train: epoch 20, iter:20, loss: 0.7805, lr: 0.0009902342314377522
2026-09-13 21:04:19 - val epoch: 20, loss: 0.9920, miou: 0.7462341646929119, f1_or_dsc: 0.8546782324856674, accuracy: 0.9329548259772876,                 specificity: 0.9725269863486954, sensitivity: 0.8099564214256294, confusion_matrix: [[38962832  1100665]
 [ 2449584 10440007]]
2026-09-13 21:04:19 - train gamma: g2=0.098 g3=0.099 g4=0.093 g5=0.097
2026-09-13 21:04:21 - train: epoch 21, iter:0, loss: 0.8831, lr: 0.0009891830623632338
2026-09-13 21:04:27 - train: epoch 21, iter:20, loss: 0.7810, lr: 0.0009891830623632338
2026-09-13 21:04:47 - val epoch: 21, loss: 0.9517
2026-09-13 21:04:47 - train gamma: g2=0.098 g3=0.099 g4=0.093 g5=0.097
2026-09-13 21:04:49 - train: epoch 22, iter:0, loss: 0.8250, lr: 0.00098807879715968
2026-09-13 21:04:55 - train: epoch 22, iter:20, loss: 0.7834, lr: 0.00098807879715968
2026-09-13 21:05:14 - val epoch: 22, loss: 1.0369
2026-09-13 21:05:14 - train gamma: g2=0.098 g3=0.099 g4=0.093 g5=0.096
2026-09-13 21:05:16 - train: epoch 23, iter:0, loss: 0.7216, lr: 0.0009869215569222143
2026-09-13 21:05:22 - train: epoch 23, iter:20, loss: 0.8351, lr: 0.0009869215569222143
2026-09-13 21:05:42 - val epoch: 23, loss: 1.0320
2026-09-13 21:05:42 - train gamma: g2=0.098 g3=0.099 g4=0.092 g5=0.096
2026-09-13 21:05:44 - train: epoch 24, iter:0, loss: 0.6839, lr: 0.0009857114685552697
2026-09-13 21:05:49 - train: epoch 24, iter:20, loss: 0.7943, lr: 0.0009857114685552697
2026-09-13 21:06:09 - val epoch: 24, loss: 1.0120
2026-09-13 21:06:09 - train gamma: g2=0.098 g3=0.099 g4=0.092 g5=0.096
2026-09-13 21:06:11 - train: epoch 25, iter:0, loss: 0.6669, lr: 0.0009844486647586721
2026-09-13 21:06:16 - train: epoch 25, iter:20, loss: 0.7117, lr: 0.0009844486647586721
2026-09-13 21:06:37 - val epoch: 25, loss: 0.9246
2026-09-13 21:06:37 - train gamma: g2=0.099 g3=0.099 g4=0.092 g5=0.096
2026-09-13 21:06:39 - train: epoch 26, iter:0, loss: 0.7686, lr: 0.0009831332840130884
2026-09-13 21:06:44 - train: epoch 26, iter:20, loss: 0.7956, lr: 0.0009831332840130884
2026-09-13 21:07:04 - val epoch: 26, loss: 0.9663
2026-09-13 21:07:04 - train gamma: g2=0.099 g3=0.099 g4=0.092 g5=0.096
2026-09-13 21:07:06 - train: epoch 27, iter:0, loss: 0.7072, lr: 0.0009817654705648405
2026-09-13 21:07:12 - train: epoch 27, iter:20, loss: 0.7654, lr: 0.0009817654705648405
2026-09-13 21:07:33 - val epoch: 27, loss: 1.6230
2026-09-13 21:07:33 - train gamma: g2=0.099 g3=0.099 g4=0.092 g5=0.096
2026-09-13 21:07:34 - train: epoch 28, iter:0, loss: 0.7983, lr: 0.0009803453744100864
2026-09-13 21:07:40 - train: epoch 28, iter:20, loss: 0.7866, lr: 0.0009803453744100864
2026-09-13 21:08:01 - val epoch: 28, loss: 0.8989
2026-09-13 21:08:01 - train gamma: g2=0.099 g3=0.099 g4=0.091 g5=0.095
2026-09-13 21:08:03 - train: epoch 29, iter:0, loss: 0.7808, lr: 0.0009788731512783728
2026-09-13 21:08:08 - train: epoch 29, iter:20, loss: 0.7642, lr: 0.0009788731512783728
2026-09-13 21:08:29 - val epoch: 29, loss: 0.9956
2026-09-13 21:08:29 - train gamma: g2=0.099 g3=0.099 g4=0.091 g5=0.095
2026-09-13 21:08:31 - train: epoch 30, iter:0, loss: 0.7367, lr: 0.0009773489626155566
2026-09-13 21:08:37 - train: epoch 30, iter:20, loss: 0.7025, lr: 0.0009773489626155566
2026-09-13 21:08:59 - val epoch: 30, loss: 0.9366, miou: 0.7604242556183474, f1_or_dsc: 0.8639102229947963, accuracy: 0.9352224557706625,                 specificity: 0.96435413513703, sensitivity: 0.84467521118397, confusion_matrix: [[38635399  1428098]
 [ 2002073 10887518]]
2026-09-13 21:08:59 - train gamma: g2=0.099 g3=0.099 g4=0.092 g5=0.095
2026-09-13 21:09:01 - train: epoch 31, iter:0, loss: 0.6594, lr: 0.0009757729755661006
2026-09-13 21:09:07 - train: epoch 31, iter:20, loss: 0.6965, lr: 0.0009757729755661006
2026-09-13 21:09:27 - val epoch: 31, loss: 0.9588
2026-09-13 21:09:27 - train gamma: g2=0.099 g3=0.099 g4=0.092 g5=0.095
2026-09-13 21:09:29 - train: epoch 32, iter:0, loss: 0.6224, lr: 0.0009741453629547445
2026-09-13 21:09:35 - train: epoch 32, iter:20, loss: 0.7084, lr: 0.0009741453629547445
2026-09-13 21:09:55 - val epoch: 32, loss: 0.9235
2026-09-13 21:09:55 - train gamma: g2=0.099 g3=0.100 g4=0.092 g5=0.095
2026-09-13 21:09:57 - train: epoch 33, iter:0, loss: 0.6515, lr: 0.0009724663032675527
2026-09-13 21:10:02 - train: epoch 33, iter:20, loss: 0.7224, lr: 0.0009724663032675527
2026-09-13 21:10:22 - val epoch: 33, loss: 1.0005
2026-09-13 21:10:22 - train gamma: g2=0.099 g3=0.100 g4=0.092 g5=0.095
2026-09-13 21:10:24 - train: epoch 34, iter:0, loss: 0.5831, lr: 0.0009707359806323412
2026-09-13 21:10:30 - train: epoch 34, iter:20, loss: 0.6882, lr: 0.0009707359806323412
2026-09-13 21:10:50 - val epoch: 34, loss: 0.8896
2026-09-13 21:10:50 - train gamma: g2=0.099 g3=0.100 g4=0.092 g5=0.094
2026-09-13 21:10:52 - train: epoch 35, iter:0, loss: 0.6629, lr: 0.0009689545847984858
2026-09-13 21:10:58 - train: epoch 35, iter:20, loss: 0.7337, lr: 0.0009689545847984858
2026-09-13 21:11:18 - val epoch: 35, loss: 0.9125
2026-09-13 21:11:18 - train gamma: g2=0.099 g3=0.100 g4=0.091 g5=0.094
2026-09-13 21:11:20 - train: epoch 36, iter:0, loss: 0.7827, lr: 0.0009671223111161144
2026-09-13 21:11:25 - train: epoch 36, iter:20, loss: 0.6920, lr: 0.0009671223111161144
2026-09-13 21:11:46 - val epoch: 36, loss: 0.8815
2026-09-13 21:11:46 - train gamma: g2=0.099 g3=0.100 g4=0.091 g5=0.094
2026-09-13 21:11:48 - train: epoch 37, iter:0, loss: 0.8173, lr: 0.000965239360514684
2026-09-13 21:11:54 - train: epoch 37, iter:20, loss: 0.6984, lr: 0.000965239360514684
2026-09-13 21:12:14 - val epoch: 37, loss: 1.2026
2026-09-13 21:12:14 - train gamma: g2=0.099 g3=0.100 g4=0.091 g5=0.094
2026-09-13 21:12:15 - train: epoch 38, iter:0, loss: 0.8458, lr: 0.000963305939480947
2026-09-13 21:12:21 - train: epoch 38, iter:20, loss: 0.7722, lr: 0.000963305939480947
2026-09-13 21:12:41 - val epoch: 38, loss: 0.9326
2026-09-13 21:12:41 - train gamma: g2=0.098 g3=0.100 g4=0.091 g5=0.094
2026-09-13 21:12:43 - train: epoch 39, iter:0, loss: 0.6674, lr: 0.0009613222600363074
2026-09-13 21:12:48 - train: epoch 39, iter:20, loss: 0.6986, lr: 0.0009613222600363074
2026-09-13 21:13:09 - val epoch: 39, loss: 0.9963
2026-09-13 21:13:09 - train gamma: g2=0.098 g3=0.100 g4=0.092 g5=0.094
2026-09-13 21:13:11 - train: epoch 40, iter:0, loss: 0.7236, lr: 0.0009592885397135703
2026-09-13 21:13:16 - train: epoch 40, iter:20, loss: 0.6511, lr: 0.0009592885397135703
2026-09-13 21:13:39 - val epoch: 40, loss: 0.9649, miou: 0.7486718854478871, f1_or_dsc: 0.8562748582832392, accuracy: 0.9331715083358312,                 specificity: 0.970279479097893, sensitivity: 0.817832311358832, confusion_matrix: [[38872789  1190708]
 [ 2348067 10541524]]
2026-09-13 21:13:39 - train gamma: g2=0.098 g3=0.100 g4=0.092 g5=0.094
2026-09-13 21:13:41 - train: epoch 41, iter:0, loss: 0.8133, lr: 0.0009572050015330871
2026-09-13 21:13:47 - train: epoch 41, iter:20, loss: 0.6459, lr: 0.0009572050015330871
2026-09-13 21:14:07 - val epoch: 41, loss: 0.9820
2026-09-13 21:14:07 - train gamma: g2=0.098 g3=0.100 g4=0.092 g5=0.093
2026-09-13 21:14:09 - train: epoch 42, iter:0, loss: 0.5029, lr: 0.0009550718739782986
2026-09-13 21:14:14 - train: epoch 42, iter:20, loss: 0.6944, lr: 0.0009550718739782986
2026-09-13 21:14:35 - val epoch: 42, loss: 0.9802
2026-09-13 21:14:35 - train gamma: g2=0.099 g3=0.100 g4=0.092 g5=0.093
2026-09-13 21:14:37 - train: epoch 43, iter:0, loss: 0.5883, lr: 0.0009528893909706794
2026-09-13 21:14:43 - train: epoch 43, iter:20, loss: 0.6570, lr: 0.0009528893909706794
2026-09-13 21:15:03 - val epoch: 43, loss: 0.9006
2026-09-13 21:15:03 - train gamma: g2=0.099 g3=0.100 g4=0.091 g5=0.093
2026-09-13 21:15:05 - train: epoch 44, iter:0, loss: 0.6711, lr: 0.0009506577918440856
2026-09-13 21:15:11 - train: epoch 44, iter:20, loss: 0.6524, lr: 0.0009506577918440856
2026-09-13 21:15:31 - val epoch: 44, loss: 0.8858
2026-09-13 21:15:31 - train gamma: g2=0.099 g3=0.100 g4=0.092 g5=0.093
2026-09-13 21:15:33 - train: epoch 45, iter:0, loss: 0.6895, lr: 0.000948377321318509
2026-09-13 21:15:39 - train: epoch 45, iter:20, loss: 0.6719, lr: 0.000948377321318509
2026-09-13 21:15:59 - val epoch: 45, loss: 0.8215
2026-09-13 21:15:59 - train gamma: g2=0.099 g3=0.100 g4=0.091 g5=0.093
2026-09-13 21:16:01 - train: epoch 46, iter:0, loss: 0.6017, lr: 0.0009460482294732416
2026-09-13 21:16:06 - train: epoch 46, iter:20, loss: 0.6736, lr: 0.0009460482294732416
2026-09-13 21:16:27 - val epoch: 46, loss: 0.8664
2026-09-13 21:16:27 - train gamma: g2=0.099 g3=0.100 g4=0.091 g5=0.093
2026-09-13 21:16:28 - train: epoch 47, iter:0, loss: 0.5795, lr: 0.0009436707717194508
2026-09-13 21:16:34 - train: epoch 47, iter:20, loss: 0.6440, lr: 0.0009436707717194508
2026-09-13 21:16:54 - val epoch: 47, loss: 0.8686
2026-09-13 21:16:54 - train gamma: g2=0.099 g3=0.100 g4=0.091 g5=0.093
2026-09-13 21:16:56 - train: epoch 48, iter:0, loss: 0.6328, lr: 0.0009412452087721706
2026-09-13 21:17:02 - train: epoch 48, iter:20, loss: 0.6620, lr: 0.0009412452087721706
2026-09-13 21:17:23 - val epoch: 48, loss: 1.1897
2026-09-13 21:17:23 - train gamma: g2=0.099 g3=0.100 g4=0.091 g5=0.092
2026-09-13 21:17:25 - train: epoch 49, iter:0, loss: 0.8144, lr: 0.000938771806621712
2026-09-13 21:17:30 - train: epoch 49, iter:20, loss: 0.6545, lr: 0.000938771806621712
2026-09-13 21:17:51 - val epoch: 49, loss: 0.9817
2026-09-13 21:17:51 - train gamma: g2=0.099 g3=0.100 g4=0.091 g5=0.092
2026-09-13 21:17:53 - train: epoch 50, iter:0, loss: 0.5614, lr: 0.0009362508365044934
2026-09-13 21:17:58 - train: epoch 50, iter:20, loss: 0.6661, lr: 0.0009362508365044934
2026-09-13 21:18:21 - val epoch: 50, loss: 0.9869, miou: 0.7484169500482556, f1_or_dsc: 0.8561080925549247, accuracy: 0.9341378353609897,                 specificity: 0.9757123548151575, sensitivity: 0.8049156873945806, confusion_matrix: [[39090449   973048]
 [ 2514557 10375034]]
2026-09-13 21:18:21 - train gamma: g2=0.099 g3=0.100 g4=0.091 g5=0.092
2026-09-13 21:18:23 - train: epoch 51, iter:0, loss: 0.4773, lr: 0.0009336825748732968
2026-09-13 21:18:29 - train: epoch 51, iter:20, loss: 0.6558, lr: 0.0009336825748732968
2026-09-13 21:18:49 - val epoch: 51, loss: 0.8931
2026-09-13 21:18:49 - train gamma: g2=0.099 g3=0.101 g4=0.091 g5=0.092
2026-09-13 21:18:51 - train: epoch 52, iter:0, loss: 0.6677, lr: 0.0009310673033669517
2026-09-13 21:18:56 - train: epoch 52, iter:20, loss: 0.6644, lr: 0.0009310673033669517
2026-09-13 21:19:17 - val epoch: 52, loss: 0.8939
2026-09-13 21:19:17 - train gamma: g2=0.099 g3=0.101 g4=0.091 g5=0.092
2026-09-13 21:19:19 - train: epoch 53, iter:0, loss: 0.6869, lr: 0.0009284053087794505
2026-09-13 21:19:24 - train: epoch 53, iter:20, loss: 0.6561, lr: 0.0009284053087794505
2026-09-13 21:19:45 - val epoch: 53, loss: 0.8857
2026-09-13 21:19:45 - train gamma: g2=0.099 g3=0.100 g4=0.090 g5=0.092
2026-09-13 21:19:47 - train: epoch 54, iter:0, loss: 0.6397, lr: 0.0009256968830284974
2026-09-13 21:19:52 - train: epoch 54, iter:20, loss: 0.7135, lr: 0.0009256968830284974
2026-09-13 21:20:12 - val epoch: 54, loss: 0.9093
2026-09-13 21:20:12 - train gamma: g2=0.099 g3=0.101 g4=0.090 g5=0.092
2026-09-13 21:20:14 - train: epoch 55, iter:0, loss: 0.5016, lr: 0.0009229423231234972
2026-09-13 21:20:20 - train: epoch 55, iter:20, loss: 0.6163, lr: 0.0009229423231234972
2026-09-13 21:20:41 - val epoch: 55, loss: 0.8583
2026-09-13 21:20:41 - train gamma: g2=0.099 g3=0.101 g4=0.090 g5=0.091
2026-09-13 21:20:43 - train: epoch 56, iter:0, loss: 0.6036, lr: 0.0009201419311329846
2026-09-13 21:20:48 - train: epoch 56, iter:20, loss: 0.6274, lr: 0.0009201419311329846
2026-09-13 21:21:09 - val epoch: 56, loss: 0.8525
2026-09-13 21:21:09 - train gamma: g2=0.099 g3=0.100 g4=0.090 g5=0.091
2026-09-13 21:21:11 - train: epoch 57, iter:0, loss: 0.9330, lr: 0.0009172960141514989
2026-09-13 21:21:16 - train: epoch 57, iter:20, loss: 0.6205, lr: 0.0009172960141514989
2026-09-13 21:21:37 - val epoch: 57, loss: 0.8552
2026-09-13 21:21:37 - train gamma: g2=0.099 g3=0.100 g4=0.090 g5=0.091
2026-09-13 21:21:39 - train: epoch 58, iter:0, loss: 0.6786, lr: 0.0009144048842659077
2026-09-13 21:21:44 - train: epoch 58, iter:20, loss: 0.6282, lr: 0.0009144048842659077
2026-09-13 21:22:05 - val epoch: 58, loss: 0.8209
2026-09-13 21:22:05 - train gamma: g2=0.099 g3=0.101 g4=0.090 g5=0.091
2026-09-13 21:22:07 - train: epoch 59, iter:0, loss: 0.5204, lr: 0.0009114688585211832
2026-09-13 21:22:13 - train: epoch 59, iter:20, loss: 0.6245, lr: 0.0009114688585211832
2026-09-13 21:22:34 - val epoch: 59, loss: 0.9312
2026-09-13 21:22:34 - train gamma: g2=0.099 g3=0.101 g4=0.090 g5=0.091
2026-09-13 21:22:36 - train: epoch 60, iter:0, loss: 0.5880, lr: 0.0009084882588856339
2026-09-13 21:22:41 - train: epoch 60, iter:20, loss: 0.6320, lr: 0.0009084882588856339
2026-09-13 21:23:04 - val epoch: 60, loss: 0.8322, miou: 0.7790827832682323, f1_or_dsc: 0.8758252180227748, accuracy: 0.9397630219412322,                 specificity: 0.961336300722825, sensitivity: 0.8727088392486619, confusion_matrix: [[38514494  1549003]
 [ 1640731 11248860]]
2026-09-13 21:23:04 - train gamma: g2=0.099 g3=0.101 g4=0.090 g5=0.091
2026-09-13 21:23:06 - train: epoch 61, iter:0, loss: 0.7178, lr: 0.0009054634122155986
2026-09-13 21:23:12 - train: epoch 61, iter:20, loss: 0.6029, lr: 0.0009054634122155986
2026-09-13 21:23:32 - val epoch: 61, loss: 1.0084
2026-09-13 21:23:32 - train gamma: g2=0.099 g3=0.101 g4=0.090 g5=0.091
2026-09-13 21:23:34 - train: epoch 62, iter:0, loss: 0.7180, lr: 0.0009023946502196013
2026-09-13 21:23:39 - train: epoch 62, iter:20, loss: 0.6230, lr: 0.0009023946502196013
2026-09-13 21:23:59 - val epoch: 62, loss: 1.0266
2026-09-13 21:23:59 - train gamma: g2=0.099 g3=0.101 g4=0.090 g5=0.091
2026-09-13 21:24:01 - train: epoch 63, iter:0, loss: 0.7912, lr: 0.0008992823094219767
2026-09-13 21:24:06 - train: epoch 63, iter:20, loss: 0.6303, lr: 0.0008992823094219767
2026-09-13 21:24:27 - val epoch: 63, loss: 0.8587
2026-09-13 21:24:27 - train gamma: g2=0.099 g3=0.101 g4=0.090 g5=0.091
2026-09-13 21:24:29 - train: epoch 64, iter:0, loss: 0.5385, lr: 0.0008961267311259662
2026-09-13 21:24:35 - train: epoch 64, iter:20, loss: 0.6204, lr: 0.0008961267311259662
2026-09-13 21:24:55 - val epoch: 64, loss: 0.8607
2026-09-13 21:24:55 - train gamma: g2=0.099 g3=0.101 g4=0.090 g5=0.091
2026-09-13 21:24:57 - train: epoch 65, iter:0, loss: 0.4722, lr: 0.0008929282613762903
2026-09-13 21:25:03 - train: epoch 65, iter:20, loss: 0.6006, lr: 0.0008929282613762903
2026-09-13 21:25:23 - val epoch: 65, loss: 0.8404
2026-09-13 21:25:23 - train gamma: g2=0.099 g3=0.101 g4=0.090 g5=0.090
2026-09-13 21:25:26 - train: epoch 66, iter:0, loss: 0.4672, lr: 0.0008896872509212002
2026-09-13 21:25:31 - train: epoch 66, iter:20, loss: 0.6065, lr: 0.0008896872509212002
2026-09-13 21:25:51 - val epoch: 66, loss: 1.0039
2026-09-13 21:25:51 - train gamma: g2=0.099 g3=0.101 g4=0.090 g5=0.090
2026-09-13 21:25:53 - train: epoch 67, iter:0, loss: 0.6400, lr: 0.0008864040551740152
2026-09-13 21:25:59 - train: epoch 67, iter:20, loss: 0.5844, lr: 0.0008864040551740152
2026-09-13 21:26:19 - val epoch: 67, loss: 1.0562
2026-09-13 21:26:19 - train gamma: g2=0.099 g3=0.101 g4=0.090 g5=0.090
2026-09-13 21:26:20 - train: epoch 68, iter:0, loss: 0.6776, lr: 0.0008830790341741476
2026-09-13 21:26:26 - train: epoch 68, iter:20, loss: 0.6266, lr: 0.0008830790341741476
2026-09-13 21:26:47 - val epoch: 68, loss: 0.8863
2026-09-13 21:26:47 - train gamma: g2=0.099 g3=0.102 g4=0.090 g5=0.090
2026-09-13 21:26:49 - train: epoch 69, iter:0, loss: 0.5515, lr: 0.000879712552547619
2026-09-13 21:26:54 - train: epoch 69, iter:20, loss: 0.5782, lr: 0.000879712552547619
2026-09-13 21:27:15 - val epoch: 69, loss: 0.8462
2026-09-13 21:27:15 - train gamma: g2=0.099 g3=0.102 g4=0.090 g5=0.090
2026-09-13 21:27:16 - train: epoch 70, iter:0, loss: 0.4811, lr: 0.0008763049794670771
2026-09-13 21:27:22 - train: epoch 70, iter:20, loss: 0.5864, lr: 0.0008763049794670771
2026-09-13 21:27:45 - val epoch: 70, loss: 0.7992, miou: 0.7986986214778692, f1_or_dsc: 0.8880849876024617, accuracy: 0.946355668625029,                 specificity: 0.9695045841854494, sensitivity: 0.8744040831086106, confusion_matrix: [[38841744  1221753]
 [ 1618880 11270711]]
2026-09-13 21:27:45 - train gamma: g2=0.099 g3=0.102 g4=0.090 g5=0.090
2026-09-13 21:27:47 - train: epoch 71, iter:0, loss: 0.6578, lr: 0.0008728566886113098
2026-09-13 21:27:52 - train: epoch 71, iter:20, loss: 0.5974, lr: 0.0008728566886113098
2026-09-13 21:28:13 - val epoch: 71, loss: 0.8233
2026-09-13 21:28:13 - train gamma: g2=0.099 g3=0.102 g4=0.090 g5=0.090
2026-09-13 21:28:14 - train: epoch 72, iter:0, loss: 0.5772, lr: 0.000869368058124268
2026-09-13 21:28:20 - train: epoch 72, iter:20, loss: 0.5866, lr: 0.000869368058124268
2026-09-13 21:28:40 - val epoch: 72, loss: 0.8843
2026-09-13 21:28:40 - train gamma: g2=0.099 g3=0.102 g4=0.090 g5=0.090
2026-09-13 21:28:42 - train: epoch 73, iter:0, loss: 0.5692, lr: 0.0008658394705735983
2026-09-13 21:28:48 - train: epoch 73, iter:20, loss: 0.5979, lr: 0.0008658394705735983
2026-09-13 21:29:08 - val epoch: 73, loss: 1.0091
2026-09-13 21:29:08 - train gamma: g2=0.099 g3=0.102 g4=0.090 g5=0.090
2026-09-13 21:29:11 - train: epoch 74, iter:0, loss: 0.5175, lr: 0.0008622713129086888
2026-09-13 21:29:16 - train: epoch 74, iter:20, loss: 0.6055, lr: 0.0008622713129086888
2026-09-13 21:29:37 - val epoch: 74, loss: 0.8696
2026-09-13 21:29:37 - train gamma: g2=0.099 g3=0.102 g4=0.090 g5=0.090
2026-09-13 21:29:39 - train: epoch 75, iter:0, loss: 0.7226, lr: 0.0008586639764182372
2026-09-13 21:29:44 - train: epoch 75, iter:20, loss: 0.5863, lr: 0.0008586639764182372
2026-09-13 21:30:05 - val epoch: 75, loss: 0.8704
2026-09-13 21:30:05 - train gamma: g2=0.099 g3=0.102 g4=0.090 g5=0.090
2026-09-13 21:30:07 - train: epoch 76, iter:0, loss: 0.8024, lr: 0.0008550178566873405
2026-09-13 21:30:12 - train: epoch 76, iter:20, loss: 0.5872, lr: 0.0008550178566873405
2026-09-13 21:30:32 - val epoch: 76, loss: 0.8400
2026-09-13 21:30:32 - train gamma: g2=0.099 g3=0.102 g4=0.090 g5=0.090
2026-09-13 21:30:34 - train: epoch 77, iter:0, loss: 0.5832, lr: 0.0008513333535541156
2026-09-13 21:30:40 - train: epoch 77, iter:20, loss: 0.5680, lr: 0.0008513333535541156
2026-09-13 21:31:00 - val epoch: 77, loss: 0.8301
2026-09-13 21:31:00 - train gamma: g2=0.099 g3=0.103 g4=0.090 g5=0.089
2026-09-13 21:31:03 - train: epoch 78, iter:0, loss: 0.6447, lr: 0.0008476108710658509
2026-09-13 21:31:08 - train: epoch 78, iter:20, loss: 0.5782, lr: 0.0008476108710658509
2026-09-13 21:31:28 - val epoch: 78, loss: 0.8384
2026-09-13 21:31:28 - train gamma: g2=0.099 g3=0.102 g4=0.089 g5=0.090
2026-09-13 21:31:30 - train: epoch 79, iter:0, loss: 0.5550, lr: 0.0008438508174347005
2026-09-13 21:31:36 - train: epoch 79, iter:20, loss: 0.5819, lr: 0.0008438508174347005
2026-09-13 21:31:56 - val epoch: 79, loss: 0.9636
2026-09-13 21:31:56 - train gamma: g2=0.099 g3=0.103 g4=0.089 g5=0.089
2026-09-13 21:31:58 - train: epoch 80, iter:0, loss: 0.6519, lr: 0.0008400536049929166
2026-09-13 21:32:04 - train: epoch 80, iter:20, loss: 0.5833, lr: 0.0008400536049929166
2026-09-13 21:32:27 - val epoch: 80, loss: 0.7865, miou: 0.7956211322321423, f1_or_dsc: 0.8861792924469575, accuracy: 0.9444079635166885,                 specificity: 0.9622123850047338, sensitivity: 0.8890681636058119, confusion_matrix: [[38549593  1513904]
 [ 1429866 11459725]]
2026-09-13 21:32:27 - train gamma: g2=0.099 g3=0.103 g4=0.090 g5=0.089
2026-09-13 21:32:29 - train: epoch 81, iter:0, loss: 0.5851, lr: 0.0008362196501476343
2026-09-13 21:32:34 - train: epoch 81, iter:20, loss: 0.5722, lr: 0.0008362196501476343
2026-09-13 21:32:54 - val epoch: 81, loss: 0.8543
2026-09-13 21:32:54 - train gamma: g2=0.099 g3=0.103 g4=0.090 g5=0.089
2026-09-13 21:32:56 - train: epoch 82, iter:0, loss: 0.6086, lr: 0.0008323493733352072
2026-09-13 21:33:01 - train: epoch 82, iter:20, loss: 0.5548, lr: 0.0008323493733352072
2026-09-13 21:33:22 - val epoch: 82, loss: 0.8207
2026-09-13 21:33:22 - train gamma: g2=0.099 g3=0.103 g4=0.090 g5=0.089
2026-09-13 21:33:24 - train: epoch 83, iter:0, loss: 0.6200, lr: 0.0008284431989751018
2026-09-13 21:33:29 - train: epoch 83, iter:20, loss: 0.5489, lr: 0.0008284431989751018
2026-09-13 21:33:49 - val epoch: 83, loss: 0.8618
2026-09-13 21:33:49 - train gamma: g2=0.099 g3=0.103 g4=0.089 g5=0.089
2026-09-13 21:33:51 - train: epoch 84, iter:0, loss: 0.5442, lr: 0.000824501555423355
2026-09-13 21:33:57 - train: epoch 84, iter:20, loss: 0.5649, lr: 0.000824501555423355
2026-09-13 21:34:17 - val epoch: 84, loss: 0.8036
2026-09-13 21:34:17 - train gamma: g2=0.099 g3=0.103 g4=0.089 g5=0.089
2026-09-13 21:34:19 - train: epoch 85, iter:0, loss: 0.4664, lr: 0.0008205248749256009
2026-09-13 21:34:24 - train: epoch 85, iter:20, loss: 0.5655, lr: 0.0008205248749256009
2026-09-13 21:34:44 - val epoch: 85, loss: 0.8271
2026-09-13 21:34:44 - train gamma: g2=0.099 g3=0.103 g4=0.089 g5=0.089
2026-09-13 21:34:46 - train: epoch 86, iter:0, loss: 0.6177, lr: 0.000816513593569669
2026-09-13 21:34:51 - train: epoch 86, iter:20, loss: 0.5623, lr: 0.000816513593569669
2026-09-13 21:35:12 - val epoch: 86, loss: 0.8370
2026-09-13 21:35:12 - train gamma: g2=0.099 g3=0.103 g4=0.089 g5=0.089
2026-09-13 21:35:13 - train: epoch 87, iter:0, loss: 0.5256, lr: 0.0008124681512377632
2026-09-13 21:35:19 - train: epoch 87, iter:20, loss: 0.5506, lr: 0.0008124681512377632
2026-09-13 21:35:39 - val epoch: 87, loss: 0.8151
2026-09-13 21:35:39 - train gamma: g2=0.099 g3=0.103 g4=0.089 g5=0.089
2026-09-13 21:35:41 - train: epoch 88, iter:0, loss: 0.4831, lr: 0.000808388991558223
2026-09-13 21:35:46 - train: epoch 88, iter:20, loss: 0.5840, lr: 0.000808388991558223
2026-09-13 21:36:06 - val epoch: 88, loss: 0.8344
2026-09-13 21:36:06 - train gamma: g2=0.099 g3=0.103 g4=0.090 g5=0.089
2026-09-13 21:36:08 - train: epoch 89, iter:0, loss: 0.5494, lr: 0.0008042765618568752
2026-09-13 21:36:14 - train: epoch 89, iter:20, loss: 0.5980, lr: 0.0008042765618568752
2026-09-13 21:36:34 - val epoch: 89, loss: 0.8151
2026-09-13 21:36:34 - train gamma: g2=0.099 g3=0.103 g4=0.089 g5=0.089
2026-09-13 21:36:35 - train: epoch 90, iter:0, loss: 0.5018, lr: 0.0008001313131079794
2026-09-13 21:36:41 - train: epoch 90, iter:20, loss: 0.5657, lr: 0.0008001313131079794
2026-09-13 21:37:04 - val epoch: 90, loss: 0.7967, miou: 0.7917941568129832, f1_or_dsc: 0.8838003559754056, accuracy: 0.9428186699895575,                 specificity: 0.9587314357506036, sensitivity: 0.8933585247196749, confusion_matrix: [[38410134  1653363]
 [ 1374565 11515026]]
2026-09-13 21:37:04 - train gamma: g2=0.099 g3=0.103 g4=0.090 g5=0.089
2026-09-13 21:37:06 - train: epoch 91, iter:0, loss: 0.4592, lr: 0.0007959536998847737
2026-09-13 21:37:11 - train: epoch 91, iter:20, loss: 0.5587, lr: 0.0007959536998847737
2026-09-13 21:37:31 - val epoch: 91, loss: 0.7941
2026-09-13 21:37:31 - train gamma: g2=0.099 g3=0.103 g4=0.090 g5=0.089
2026-09-13 21:37:33 - train: epoch 92, iter:0, loss: 0.5821, lr: 0.0007917441803096255
2026-09-13 21:37:39 - train: epoch 92, iter:20, loss: 0.5492, lr: 0.0007917441803096255
2026-09-13 21:37:59 - val epoch: 92, loss: 0.9221
2026-09-13 21:37:59 - train gamma: g2=0.099 g3=0.104 g4=0.090 g5=0.089
2026-09-13 21:38:01 - train: epoch 93, iter:0, loss: 0.5889, lr: 0.0007875032160037932
2026-09-13 21:38:06 - train: epoch 93, iter:20, loss: 0.5749, lr: 0.0007875032160037932
2026-09-13 21:38:26 - val epoch: 93, loss: 1.1549
2026-09-13 21:38:26 - train gamma: g2=0.100 g3=0.104 g4=0.089 g5=0.089
2026-09-13 21:38:28 - train: epoch 94, iter:0, loss: 0.7805, lr: 0.0007832312720368042
2026-09-13 21:38:34 - train: epoch 94, iter:20, loss: 0.5799, lr: 0.0007832312720368042
2026-09-13 21:38:54 - val epoch: 94, loss: 0.8223
2026-09-13 21:38:54 - train gamma: g2=0.100 g3=0.104 g4=0.089 g5=0.089
2026-09-13 21:38:56 - train: epoch 95, iter:0, loss: 0.6668, lr: 0.0007789288168754548
2026-09-13 21:39:02 - train: epoch 95, iter:20, loss: 0.5674, lr: 0.0007789288168754548
2026-09-13 21:39:22 - val epoch: 95, loss: 0.8412
2026-09-13 21:39:22 - train gamma: g2=0.099 g3=0.104 g4=0.089 g5=0.089
2026-09-13 21:39:24 - train: epoch 96, iter:0, loss: 0.4977, lr: 0.0007745963223324379
2026-09-13 21:39:29 - train: epoch 96, iter:20, loss: 0.5430, lr: 0.0007745963223324379
2026-09-13 21:39:49 - val epoch: 96, loss: 0.7848
2026-09-13 21:39:49 - train gamma: g2=0.099 g3=0.104 g4=0.089 g5=0.089
2026-09-13 21:39:51 - train: epoch 97, iter:0, loss: 0.5226, lr: 0.0007702342635146028
2026-09-13 21:39:57 - train: epoch 97, iter:20, loss: 0.5458, lr: 0.0007702342635146028
2026-09-13 21:40:16 - val epoch: 97, loss: 0.8220
2026-09-13 21:40:16 - train gamma: g2=0.099 g3=0.104 g4=0.089 g5=0.089
2026-09-13 21:40:19 - train: epoch 98, iter:0, loss: 0.5108, lr: 0.000765843118770855
2026-09-13 21:40:24 - train: epoch 98, iter:20, loss: 0.5430, lr: 0.000765843118770855
2026-09-13 21:40:44 - val epoch: 98, loss: 0.7926
2026-09-13 21:40:44 - train gamma: g2=0.100 g3=0.104 g4=0.089 g5=0.088
2026-09-13 21:40:46 - train: epoch 99, iter:0, loss: 0.5667, lr: 0.0007614233696396991
2026-09-13 21:40:52 - train: epoch 99, iter:20, loss: 0.5694, lr: 0.0007614233696396991
2026-09-13 21:41:13 - val epoch: 99, loss: 0.7967
2026-09-13 21:41:13 - train gamma: g2=0.100 g3=0.104 g4=0.089 g5=0.089
2026-09-13 21:41:15 - train: epoch 100, iter:0, loss: 0.4679, lr: 0.0007569755007964334
2026-09-13 21:41:20 - train: epoch 100, iter:20, loss: 0.5458, lr: 0.0007569755007964334
2026-09-13 21:41:43 - val epoch: 100, loss: 0.9006, miou: 0.7761568218545628, f1_or_dsc: 0.8739733026998636, accuracy: 0.9423837756166363,                 specificity: 0.9815219575066051, sensitivity: 0.8207342653463559, confusion_matrix: [[39323202   740295]
 [ 2310662 10578929]]
2026-09-13 21:41:43 - train gamma: g2=0.100 g3=0.104 g4=0.089 g5=0.089
2026-09-13 21:41:45 - train: epoch 101, iter:0, loss: 0.5120, lr: 0.0007524999999999996
2026-09-13 21:41:51 - train: epoch 101, iter:20, loss: 0.5414, lr: 0.0007524999999999996
2026-09-13 21:42:11 - val epoch: 101, loss: 0.8834
2026-09-13 21:42:11 - train gamma: g2=0.100 g3=0.103 g4=0.089 g5=0.089
2026-09-13 21:42:13 - train: epoch 102, iter:0, loss: 0.6561, lr: 0.0007479973580394943
2026-09-13 21:42:18 - train: epoch 102, iter:20, loss: 0.5514, lr: 0.0007479973580394943
2026-09-13 21:42:39 - val epoch: 102, loss: 0.9071
2026-09-13 21:42:39 - train gamma: g2=0.100 g3=0.104 g4=0.089 g5=0.089
2026-09-13 21:42:41 - train: epoch 103, iter:0, loss: 0.5401, lr: 0.0007434680686803487
2026-09-13 21:42:46 - train: epoch 103, iter:20, loss: 0.5686, lr: 0.0007434680686803487
2026-09-13 21:43:06 - val epoch: 103, loss: 0.8008
2026-09-13 21:43:06 - train gamma: g2=0.100 g3=0.104 g4=0.089 g5=0.089
2026-09-13 21:43:08 - train: epoch 104, iter:0, loss: 0.4656, lr: 0.0007389126286101815
2026-09-13 21:43:14 - train: epoch 104, iter:20, loss: 0.5403, lr: 0.0007389126286101815
2026-09-13 21:43:34 - val epoch: 104, loss: 0.8288
2026-09-13 21:43:34 - train gamma: g2=0.100 g3=0.104 g4=0.089 g5=0.089
2026-09-13 21:43:36 - train: epoch 105, iter:0, loss: 0.6363, lr: 0.0007343315373843313
2026-09-13 21:43:41 - train: epoch 105, iter:20, loss: 0.5432, lr: 0.0007343315373843313
2026-09-13 21:44:01 - val epoch: 105, loss: 0.8031
2026-09-13 21:44:01 - train gamma: g2=0.100 g3=0.104 g4=0.089 g5=0.089
2026-09-13 21:44:03 - train: epoch 106, iter:0, loss: 0.4067, lr: 0.0007297252973710753
2026-09-13 21:44:08 - train: epoch 106, iter:20, loss: 0.5400, lr: 0.0007297252973710753
2026-09-13 21:44:29 - val epoch: 106, loss: 0.7997
2026-09-13 21:44:29 - train gamma: g2=0.100 g3=0.104 g4=0.089 g5=0.089
2026-09-13 21:44:31 - train: epoch 107, iter:0, loss: 0.5658, lr: 0.0007250944136965387
2026-09-13 21:44:36 - train: epoch 107, iter:20, loss: 0.5302, lr: 0.0007250944136965387
2026-09-13 21:44:57 - val epoch: 107, loss: 0.8476
2026-09-13 21:44:57 - train gamma: g2=0.100 g3=0.104 g4=0.089 g5=0.089
2026-09-13 21:44:59 - train: epoch 108, iter:0, loss: 0.5024, lr: 0.0007204393941893019
2026-09-13 21:45:04 - train: epoch 108, iter:20, loss: 0.5223, lr: 0.0007204393941893019
2026-09-13 21:45:24 - val epoch: 108, loss: 0.8268
2026-09-13 21:45:24 - train gamma: g2=0.100 g3=0.105 g4=0.089 g5=0.089
2026-09-13 21:45:26 - train: epoch 109, iter:0, loss: 0.6069, lr: 0.0007157607493247106
2026-09-13 21:45:32 - train: epoch 109, iter:20, loss: 0.5432, lr: 0.0007157607493247106
2026-09-13 21:45:52 - val epoch: 109, loss: 0.8232
2026-09-13 21:45:52 - train gamma: g2=0.100 g3=0.104 g4=0.089 g5=0.089
2026-09-13 21:45:54 - train: epoch 110, iter:0, loss: 0.5359, lr: 0.0007110589921688983
2026-09-13 21:45:59 - train: epoch 110, iter:20, loss: 0.5622, lr: 0.0007110589921688983
2026-09-13 21:46:22 - val epoch: 110, loss: 0.7921, miou: 0.7979962950730136, f1_or_dsc: 0.8876506556323114, accuracy: 0.9445143784626876,                 specificity: 0.9586814650753028, sensitivity: 0.9004801626366578, confusion_matrix: [[38408132  1655365]
 [ 1282770 11606821]]
2026-09-13 21:46:22 - train gamma: g2=0.100 g3=0.105 g4=0.089 g5=0.089
2026-09-13 21:46:24 - train: epoch 111, iter:0, loss: 0.4899, lr: 0.0007063346383225208
2026-09-13 21:46:29 - train: epoch 111, iter:20, loss: 0.5344, lr: 0.0007063346383225208
2026-09-13 21:46:50 - val epoch: 111, loss: 0.8191
2026-09-13 21:46:50 - train gamma: g2=0.100 g3=0.104 g4=0.090 g5=0.089
2026-09-13 21:46:52 - train: epoch 112, iter:0, loss: 0.5116, lr: 0.0007015882058642161
2026-09-13 21:46:58 - train: epoch 112, iter:20, loss: 0.5317, lr: 0.0007015882058642161
2026-09-13 21:47:18 - val epoch: 112, loss: 0.8411
2026-09-13 21:47:18 - train gamma: g2=0.100 g3=0.105 g4=0.090 g5=0.089
2026-09-13 21:47:20 - train: epoch 113, iter:0, loss: 0.5057, lr: 0.0006968202152937907
2026-09-13 21:47:26 - train: epoch 113, iter:20, loss: 0.5498, lr: 0.0006968202152937907
2026-09-13 21:47:46 - val epoch: 113, loss: 0.9916
2026-09-13 21:47:46 - train gamma: g2=0.100 g3=0.105 g4=0.090 g5=0.089
2026-09-13 21:47:48 - train: epoch 114, iter:0, loss: 0.7019, lr: 0.000692031189475141
2026-09-13 21:47:54 - train: epoch 114, iter:20, loss: 0.5428, lr: 0.000692031189475141
2026-09-13 21:48:14 - val epoch: 114, loss: 0.8159
2026-09-13 21:48:14 - train gamma: g2=0.100 g3=0.104 g4=0.090 g5=0.089
2026-09-13 21:48:16 - train: epoch 115, iter:0, loss: 0.6334, lr: 0.0006872216535789155
2026-09-13 21:48:21 - train: epoch 115, iter:20, loss: 0.5286, lr: 0.0006872216535789155
2026-09-13 21:48:41 - val epoch: 115, loss: 0.8533
2026-09-13 21:48:41 - train gamma: g2=0.100 g3=0.104 g4=0.090 g5=0.089
2026-09-13 21:48:43 - train: epoch 116, iter:0, loss: 0.6170, lr: 0.0006823921350249233
2026-09-13 21:48:49 - train: epoch 116, iter:20, loss: 0.5309, lr: 0.0006823921350249233
2026-09-13 21:49:09 - val epoch: 116, loss: 0.8418
2026-09-13 21:49:09 - train gamma: g2=0.100 g3=0.105 g4=0.090 g5=0.089
2026-09-13 21:49:11 - train: epoch 117, iter:0, loss: 0.4979, lr: 0.0006775431634242984
2026-09-13 21:49:16 - train: epoch 117, iter:20, loss: 0.5482, lr: 0.0006775431634242984
2026-09-13 21:49:36 - val epoch: 117, loss: 0.8519
2026-09-13 21:49:36 - train gamma: g2=0.100 g3=0.105 g4=0.090 g5=0.089
2026-09-13 21:49:38 - train: epoch 118, iter:0, loss: 0.5550, lr: 0.0006726752705214191
2026-09-13 21:49:44 - train: epoch 118, iter:20, loss: 0.5239, lr: 0.0006726752705214191
2026-09-13 21:50:04 - val epoch: 118, loss: 0.8112
2026-09-13 21:50:04 - train gamma: g2=0.100 g3=0.105 g4=0.090 g5=0.089
2026-09-13 21:50:07 - train: epoch 119, iter:0, loss: 0.4857, lr: 0.0006677889901355985
2026-09-13 21:50:12 - train: epoch 119, iter:20, loss: 0.4995, lr: 0.0006677889901355985
2026-09-13 21:50:32 - val epoch: 119, loss: 0.7926
2026-09-13 21:50:32 - train gamma: g2=0.100 g3=0.105 g4=0.090 g5=0.090
2026-09-13 21:50:35 - train: epoch 120, iter:0, loss: 0.5232, lr: 0.0006628848581025445
2026-09-13 21:50:40 - train: epoch 120, iter:20, loss: 0.5328, lr: 0.0006628848581025445
2026-09-13 21:51:03 - val epoch: 120, loss: 0.8044, miou: 0.7918775133539416, f1_or_dsc: 0.883852280585571, accuracy: 0.9433767110994546,                 specificity: 0.9621300157597326, sensitivity: 0.885087587340824, confusion_matrix: [[38546293  1517204]
 [ 1481174 11408417]]
2026-09-13 21:51:03 - train gamma: g2=0.100 g3=0.105 g4=0.090 g5=0.090
2026-09-13 21:51:05 - train: epoch 121, iter:0, loss: 0.5071, lr: 0.0006579634122155989
2026-09-13 21:51:10 - train: epoch 121, iter:20, loss: 0.5331, lr: 0.0006579634122155989
2026-09-13 21:51:30 - val epoch: 121, loss: 0.7936
2026-09-13 21:51:30 - train gamma: g2=0.100 g3=0.105 g4=0.090 g5=0.089
2026-09-13 21:51:33 - train: epoch 122, iter:0, loss: 0.4934, lr: 0.0006530251921667629
2026-09-13 21:51:39 - train: epoch 122, iter:20, loss: 0.4932, lr: 0.0006530251921667629
2026-09-13 21:51:59 - val epoch: 122, loss: 0.8443
2026-09-13 21:51:59 - train gamma: g2=0.100 g3=0.105 g4=0.090 g5=0.089
2026-09-13 21:52:01 - train: epoch 123, iter:0, loss: 0.5603, lr: 0.0006480707394875134
2026-09-13 21:52:07 - train: epoch 123, iter:20, loss: 0.5183, lr: 0.0006480707394875134
2026-09-13 21:52:27 - val epoch: 123, loss: 0.8404
2026-09-13 21:52:27 - train gamma: g2=0.100 g3=0.105 g4=0.090 g5=0.090
2026-09-13 21:52:29 - train: epoch 124, iter:0, loss: 0.5625, lr: 0.0006431005974894185
2026-09-13 21:52:35 - train: epoch 124, iter:20, loss: 0.5207, lr: 0.0006431005974894185
2026-09-13 21:52:55 - val epoch: 124, loss: 0.8343
2026-09-13 21:52:55 - train gamma: g2=0.100 g3=0.105 g4=0.090 g5=0.090
2026-09-13 21:52:57 - train: epoch 125, iter:0, loss: 0.4787, lr: 0.0006381153112045565
2026-09-13 21:53:02 - train: epoch 125, iter:20, loss: 0.4978, lr: 0.0006381153112045565
2026-09-13 21:53:23 - val epoch: 125, loss: 0.8141
2026-09-13 21:53:23 - train gamma: g2=0.100 g3=0.105 g4=0.090 g5=0.090
2026-09-13 21:53:25 - train: epoch 126, iter:0, loss: 0.4497, lr: 0.0006331154273257479
2026-09-13 21:53:31 - train: epoch 126, iter:20, loss: 0.5017, lr: 0.0006331154273257479
2026-09-13 21:53:52 - val epoch: 126, loss: 0.8816
2026-09-13 21:53:52 - train gamma: g2=0.100 g3=0.105 g4=0.090 g5=0.090
2026-09-13 21:53:54 - train: epoch 127, iter:0, loss: 0.5859, lr: 0.000628101494146603
2026-09-13 21:53:59 - train: epoch 127, iter:20, loss: 0.5152, lr: 0.000628101494146603
2026-09-13 21:54:20 - val epoch: 127, loss: 0.8140
2026-09-13 21:54:20 - train gamma: g2=0.100 g3=0.105 g4=0.090 g5=0.090
2026-09-13 21:54:22 - train: epoch 128, iter:0, loss: 0.4986, lr: 0.0006230740615013976
2026-09-13 21:54:28 - train: epoch 128, iter:20, loss: 0.5087, lr: 0.0006230740615013976
2026-09-13 21:54:48 - val epoch: 128, loss: 0.8080
2026-09-13 21:54:48 - train gamma: g2=0.100 g3=0.105 g4=0.090 g5=0.090
2026-09-13 21:54:50 - train: epoch 129, iter:0, loss: 0.4482, lr: 0.0006180336807047746
2026-09-13 21:54:56 - train: epoch 129, iter:20, loss: 0.5035, lr: 0.0006180336807047746
2026-09-13 21:55:16 - val epoch: 129, loss: 0.8304
2026-09-13 21:55:16 - train gamma: g2=0.100 g3=0.105 g4=0.090 g5=0.090
2026-09-13 21:55:18 - train: epoch 130, iter:0, loss: 0.4327, lr: 0.0006129809044912887
2026-09-13 21:55:23 - train: epoch 130, iter:20, loss: 0.5182, lr: 0.0006129809044912887
2026-09-13 21:55:46 - val epoch: 130, loss: 0.8237, miou: 0.7914898481468344, f1_or_dsc: 0.8836107544405825, accuracy: 0.9440602406416789,                 specificity: 0.9671314263954542, sensitivity: 0.8723502553339357, confusion_matrix: [[38746667  1316830]
 [ 1645353 11244238]]
2026-09-13 21:55:46 - train gamma: g2=0.100 g3=0.105 g4=0.090 g5=0.090
2026-09-13 21:55:48 - train: epoch 131, iter:0, loss: 0.5082, lr: 0.0006079162869547909
2026-09-13 21:55:53 - train: epoch 131, iter:20, loss: 0.4862, lr: 0.0006079162869547909
2026-09-13 21:56:14 - val epoch: 131, loss: 0.8355
2026-09-13 21:56:14 - train gamma: g2=0.100 g3=0.105 g4=0.090 g5=0.090
2026-09-13 21:56:16 - train: epoch 132, iter:0, loss: 0.4791, lr: 0.0006028403834876673
2026-09-13 21:56:21 - train: epoch 132, iter:20, loss: 0.4930, lr: 0.0006028403834876673
2026-09-13 21:56:42 - val epoch: 132, loss: 0.8174
2026-09-13 21:56:42 - train gamma: g2=0.100 g3=0.105 g4=0.090 g5=0.090
2026-09-13 21:56:44 - train: epoch 133, iter:0, loss: 0.5844, lr: 0.0005977537507199337
2026-09-13 21:56:50 - train: epoch 133, iter:20, loss: 0.4874, lr: 0.0005977537507199337
2026-09-13 21:57:10 - val epoch: 133, loss: 0.8524
2026-09-13 21:57:10 - train gamma: g2=0.100 g3=0.106 g4=0.090 g5=0.090
2026-09-13 21:57:12 - train: epoch 134, iter:0, loss: 0.4365, lr: 0.0005926569464581937
2026-09-13 21:57:18 - train: epoch 134, iter:20, loss: 0.5065, lr: 0.0005926569464581937
2026-09-13 21:57:38 - val epoch: 134, loss: 0.8334
2026-09-13 21:57:38 - train gamma: g2=0.100 g3=0.106 g4=0.090 g5=0.090
2026-09-13 21:57:41 - train: epoch 135, iter:0, loss: 0.5798, lr: 0.0005875505296244705
2026-09-13 21:57:46 - train: epoch 135, iter:20, loss: 0.4970, lr: 0.0005875505296244705
2026-09-13 21:58:07 - val epoch: 135, loss: 0.8419
2026-09-13 21:58:07 - train gamma: g2=0.100 g3=0.106 g4=0.090 g5=0.090
2026-09-13 21:58:09 - train: epoch 136, iter:0, loss: 0.4404, lr: 0.0005824350601949142
2026-09-13 21:58:15 - train: epoch 136, iter:20, loss: 0.4973, lr: 0.0005824350601949142
2026-09-13 21:58:35 - val epoch: 136, loss: 0.8543
2026-09-13 21:58:35 - train gamma: g2=0.100 g3=0.106 g4=0.090 g5=0.091
2026-09-13 21:58:37 - train: epoch 137, iter:0, loss: 0.5281, lr: 0.0005773110991383937
2026-09-13 21:58:43 - train: epoch 137, iter:20, loss: 0.4841, lr: 0.0005773110991383937
2026-09-13 21:59:04 - val epoch: 137, loss: 0.8250
2026-09-13 21:59:04 - train gamma: g2=0.100 g3=0.106 g4=0.090 g5=0.091
2026-09-13 21:59:06 - train: epoch 138, iter:0, loss: 0.4884, lr: 0.0005721792083549806
2026-09-13 21:59:11 - train: epoch 138, iter:20, loss: 0.5005, lr: 0.0005721792083549806
2026-09-13 21:59:31 - val epoch: 138, loss: 0.8126
2026-09-13 21:59:31 - train gamma: g2=0.100 g3=0.106 g4=0.090 g5=0.091
2026-09-13 21:59:33 - train: epoch 139, iter:0, loss: 0.5081, lr: 0.0005670399506143306
2026-09-13 21:59:39 - train: epoch 139, iter:20, loss: 0.4831, lr: 0.0005670399506143306
2026-09-13 21:59:59 - val epoch: 139, loss: 0.8985
2026-09-13 21:59:59 - train gamma: g2=0.100 g3=0.106 g4=0.090 g5=0.091
2026-09-13 22:00:01 - train: epoch 140, iter:0, loss: 0.5363, lr: 0.000561893889493969
2026-09-13 22:00:07 - train: epoch 140, iter:20, loss: 0.5074, lr: 0.000561893889493969
2026-09-13 22:00:30 - val epoch: 140, loss: 0.8146, miou: 0.7886066190717859, f1_or_dsc: 0.881811137969556, accuracy: 0.9418378584455736,                 specificity: 0.9580724817905936, sensitivity: 0.8913773136789213, confusion_matrix: [[38383734  1679763]
 [ 1400102 11489489]]
2026-09-13 22:00:30 - train gamma: g2=0.100 g3=0.106 g4=0.090 g5=0.091
2026-09-13 22:00:32 - train: epoch 141, iter:0, loss: 0.5300, lr: 0.0005567415893174885
2026-09-13 22:00:37 - train: epoch 141, iter:20, loss: 0.4788, lr: 0.0005567415893174885
2026-09-13 22:00:58 - val epoch: 141, loss: 0.8170
2026-09-13 22:00:58 - train gamma: g2=0.100 g3=0.106 g4=0.090 g5=0.091
2026-09-13 22:01:00 - train: epoch 142, iter:0, loss: 0.4077, lr: 0.0005515836150926646
2026-09-13 22:01:05 - train: epoch 142, iter:20, loss: 0.4900, lr: 0.0005515836150926646
2026-09-13 22:01:25 - val epoch: 142, loss: 0.8088
2026-09-13 22:01:25 - train gamma: g2=0.100 g3=0.106 g4=0.091 g5=0.091
2026-09-13 22:01:28 - train: epoch 143, iter:0, loss: 0.3811, lr: 0.0005464205324494961
2026-09-13 22:01:33 - train: epoch 143, iter:20, loss: 0.4792, lr: 0.0005464205324494961
2026-09-13 22:01:53 - val epoch: 143, loss: 0.8484
2026-09-13 22:01:53 - train gamma: g2=0.100 g3=0.106 g4=0.090 g5=0.091
2026-09-13 22:01:55 - train: epoch 144, iter:0, loss: 0.5897, lr: 0.0005412529075781776
2026-09-13 22:02:01 - train: epoch 144, iter:20, loss: 0.5028, lr: 0.0005412529075781776
2026-09-13 22:02:21 - val epoch: 144, loss: 0.8706
2026-09-13 22:02:21 - train gamma: g2=0.100 g3=0.106 g4=0.091 g5=0.091
2026-09-13 22:02:24 - train: epoch 145, iter:0, loss: 0.5178, lr: 0.0005360813071670101
2026-09-13 22:02:29 - train: epoch 145, iter:20, loss: 0.4706, lr: 0.0005360813071670101
2026-09-13 22:02:49 - val epoch: 145, loss: 0.8044
2026-09-13 22:02:49 - train gamma: g2=0.100 g3=0.106 g4=0.091 g5=0.091
2026-09-13 22:02:51 - train: epoch 146, iter:0, loss: 0.4372, lr: 0.0005309062983402573
2026-09-13 22:02:57 - train: epoch 146, iter:20, loss: 0.5032, lr: 0.0005309062983402573
2026-09-13 22:03:17 - val epoch: 146, loss: 0.8279
2026-09-13 22:03:17 - train gamma: g2=0.101 g3=0.106 g4=0.090 g5=0.091
2026-09-13 22:03:19 - train: epoch 147, iter:0, loss: 0.4726, lr: 0.0005257284485959538
2026-09-13 22:03:25 - train: epoch 147, iter:20, loss: 0.4942, lr: 0.0005257284485959538
2026-09-13 22:03:44 - val epoch: 147, loss: 0.8142
2026-09-13 22:03:44 - train gamma: g2=0.101 g3=0.106 g4=0.090 g5=0.091
2026-09-13 22:03:47 - train: epoch 148, iter:0, loss: 0.4811, lr: 0.0005205483257436734
2026-09-13 22:03:52 - train: epoch 148, iter:20, loss: 0.4967, lr: 0.0005205483257436734
2026-09-13 22:04:12 - val epoch: 148, loss: 0.7994
2026-09-13 22:04:12 - train gamma: g2=0.100 g3=0.106 g4=0.090 g5=0.091
2026-09-13 22:04:14 - train: epoch 149, iter:0, loss: 0.4281, lr: 0.0005153664978422616
2026-09-13 22:04:20 - train: epoch 149, iter:20, loss: 0.4588, lr: 0.0005153664978422616
2026-09-13 22:04:41 - val epoch: 149, loss: 0.8335
2026-09-13 22:04:41 - train gamma: g2=0.100 g3=0.106 g4=0.091 g5=0.091
2026-09-13 22:04:43 - train: epoch 150, iter:0, loss: 0.4181, lr: 0.0005101835331375416
2026-09-13 22:04:48 - train: epoch 150, iter:20, loss: 0.4651, lr: 0.0005101835331375416
2026-09-13 22:05:11 - val epoch: 150, loss: 0.8428, miou: 0.784946099114579, f1_or_dsc: 0.8795179860097185, accuracy: 0.9424925511426264,                 specificity: 0.9682861932896172, sensitivity: 0.8623206120349358, confusion_matrix: [[38792931  1270566]
 [ 1774631 11114960]]
2026-09-13 22:05:11 - train gamma: g2=0.100 g3=0.106 g4=0.091 g5=0.092
2026-09-13 22:05:13 - train: epoch 151, iter:0, loss: 0.5143, lr: 0.0005049999999999999
2026-09-13 22:05:19 - train: epoch 151, iter:20, loss: 0.4774, lr: 0.0005049999999999999
2026-09-13 22:05:39 - val epoch: 151, loss: 0.8219
2026-09-13 22:05:39 - train gamma: g2=0.101 g3=0.107 g4=0.091 g5=0.092
2026-09-13 22:05:41 - train: epoch 152, iter:0, loss: 0.4789, lr: 0.0004998164668624582
2026-09-13 22:05:46 - train: epoch 152, iter:20, loss: 0.4731, lr: 0.0004998164668624582
2026-09-13 22:06:06 - val epoch: 152, loss: 0.8107
2026-09-13 22:06:06 - train gamma: g2=0.100 g3=0.107 g4=0.091 g5=0.092
2026-09-13 22:06:09 - train: epoch 153, iter:0, loss: 0.5248, lr: 0.0004946335021577383
2026-09-13 22:06:14 - train: epoch 153, iter:20, loss: 0.4851, lr: 0.0004946335021577383
2026-09-13 22:06:34 - val epoch: 153, loss: 0.8051
2026-09-13 22:06:34 - train gamma: g2=0.100 g3=0.107 g4=0.091 g5=0.092
2026-09-13 22:06:36 - train: epoch 154, iter:0, loss: 0.4687, lr: 0.0004894516742563263
2026-09-13 22:06:42 - train: epoch 154, iter:20, loss: 0.4785, lr: 0.0004894516742563263
2026-09-13 22:07:02 - val epoch: 154, loss: 0.8294
2026-09-13 22:07:02 - train gamma: g2=0.100 g3=0.106 g4=0.091 g5=0.092
2026-09-13 22:07:05 - train: epoch 155, iter:0, loss: 0.5923, lr: 0.000484271551404046
2026-09-13 22:07:10 - train: epoch 155, iter:20, loss: 0.4874, lr: 0.000484271551404046
2026-09-13 22:07:31 - val epoch: 155, loss: 0.8609
2026-09-13 22:07:31 - train gamma: g2=0.100 g3=0.107 g4=0.091 g5=0.092
2026-09-13 22:07:33 - train: epoch 156, iter:0, loss: 0.4690, lr: 0.0004790937016597426
2026-09-13 22:07:38 - train: epoch 156, iter:20, loss: 0.4745, lr: 0.0004790937016597426
2026-09-13 22:07:58 - val epoch: 156, loss: 0.8350
2026-09-13 22:07:58 - train gamma: g2=0.100 g3=0.107 g4=0.091 g5=0.092
2026-09-13 22:08:00 - train: epoch 157, iter:0, loss: 0.4562, lr: 0.0004739186928329898
2026-09-13 22:08:05 - train: epoch 157, iter:20, loss: 0.4704, lr: 0.0004739186928329898
2026-09-13 22:08:26 - val epoch: 157, loss: 0.8232
2026-09-13 22:08:26 - train gamma: g2=0.101 g3=0.107 g4=0.091 g5=0.092
2026-09-13 22:08:28 - train: epoch 158, iter:0, loss: 0.4422, lr: 0.0004687470924218222
2026-09-13 22:08:33 - train: epoch 158, iter:20, loss: 0.4755, lr: 0.0004687470924218222
2026-09-13 22:08:53 - val epoch: 158, loss: 0.8360
2026-09-13 22:08:53 - train gamma: g2=0.101 g3=0.107 g4=0.091 g5=0.093
2026-09-13 22:08:56 - train: epoch 159, iter:0, loss: 0.4475, lr: 0.00046357946755050356
2026-09-13 22:09:01 - train: epoch 159, iter:20, loss: 0.4504, lr: 0.00046357946755050356
2026-09-13 22:09:21 - val epoch: 159, loss: 0.8422
2026-09-13 22:09:21 - train gamma: g2=0.101 g3=0.107 g4=0.091 g5=0.093
2026-09-13 22:09:24 - train: epoch 160, iter:0, loss: 0.3982, lr: 0.00045841638490733513
2026-09-13 22:09:29 - train: epoch 160, iter:20, loss: 0.4744, lr: 0.00045841638490733513
2026-09-13 22:09:53 - val epoch: 160, loss: 0.8151, miou: 0.7930692145125071, f1_or_dsc: 0.8845940893900449, accuracy: 0.9437747993091545,                 specificity: 0.9626018168109489, sensitivity: 0.8852565608947561, confusion_matrix: [[38565195  1498302]
 [ 1478996 11410595]]
2026-09-13 22:09:53 - train gamma: g2=0.101 g3=0.107 g4=0.091 g5=0.093
2026-09-13 22:09:55 - train: epoch 161, iter:0, loss: 0.4821, lr: 0.00045325841068251133
2026-09-13 22:10:00 - train: epoch 161, iter:20, loss: 0.4661, lr: 0.00045325841068251133
2026-09-13 22:10:20 - val epoch: 161, loss: 0.8421
2026-09-13 22:10:20 - train gamma: g2=0.101 g3=0.107 g4=0.091 g5=0.093
2026-09-13 22:10:22 - train: epoch 162, iter:0, loss: 0.3943, lr: 0.0004481061105060308
2026-09-13 22:10:28 - train: epoch 162, iter:20, loss: 0.4792, lr: 0.0004481061105060308
2026-09-13 22:10:47 - val epoch: 162, loss: 0.8158
2026-09-13 22:10:47 - train gamma: g2=0.101 g3=0.107 g4=0.091 g5=0.093
2026-09-13 22:10:50 - train: epoch 163, iter:0, loss: 0.5664, lr: 0.0004429600493856691
2026-09-13 22:10:55 - train: epoch 163, iter:20, loss: 0.4702, lr: 0.0004429600493856691
2026-09-13 22:11:15 - val epoch: 163, loss: 0.8745
2026-09-13 22:11:15 - train gamma: g2=0.101 g3=0.107 g4=0.091 g5=0.093
2026-09-13 22:11:17 - train: epoch 164, iter:0, loss: 0.5191, lr: 0.000437820791645019
2026-09-13 22:11:23 - train: epoch 164, iter:20, loss: 0.4708, lr: 0.000437820791645019
2026-09-13 22:11:43 - val epoch: 164, loss: 0.8449
2026-09-13 22:11:43 - train gamma: g2=0.101 g3=0.107 g4=0.091 g5=0.093
2026-09-13 22:11:45 - train: epoch 165, iter:0, loss: 0.4525, lr: 0.00043268890086160604
2026-09-13 22:11:51 - train: epoch 165, iter:20, loss: 0.4573, lr: 0.00043268890086160604
2026-09-13 22:12:12 - val epoch: 165, loss: 0.8409
2026-09-13 22:12:12 - train gamma: g2=0.101 g3=0.107 g4=0.091 g5=0.093
2026-09-13 22:12:14 - train: epoch 166, iter:0, loss: 0.5452, lr: 0.0004275649398050855
2026-09-13 22:12:19 - train: epoch 166, iter:20, loss: 0.4732, lr: 0.0004275649398050855
2026-09-13 22:12:40 - val epoch: 166, loss: 1.0050
2026-09-13 22:12:40 - train gamma: g2=0.101 g3=0.107 g4=0.092 g5=0.093
2026-09-13 22:12:42 - train: epoch 167, iter:0, loss: 0.5258, lr: 0.0004224494703755289
2026-09-13 22:12:47 - train: epoch 167, iter:20, loss: 0.4566, lr: 0.0004224494703755289
2026-09-13 22:13:08 - val epoch: 167, loss: 0.8340
2026-09-13 22:13:08 - train gamma: g2=0.101 g3=0.107 g4=0.092 g5=0.093
2026-09-13 22:13:10 - train: epoch 168, iter:0, loss: 0.4971, lr: 0.00041734305354180595
2026-09-13 22:13:15 - train: epoch 168, iter:20, loss: 0.4552, lr: 0.00041734305354180595
2026-09-13 22:13:36 - val epoch: 168, loss: 0.8308
2026-09-13 22:13:36 - train gamma: g2=0.101 g3=0.107 g4=0.092 g5=0.094
2026-09-13 22:13:38 - train: epoch 169, iter:0, loss: 0.3873, lr: 0.000412246249280066
2026-09-13 22:13:44 - train: epoch 169, iter:20, loss: 0.4399, lr: 0.000412246249280066
2026-09-13 22:14:04 - val epoch: 169, loss: 0.8276
2026-09-13 22:14:04 - train gamma: g2=0.101 g3=0.107 g4=0.092 g5=0.094
2026-09-13 22:14:07 - train: epoch 170, iter:0, loss: 0.4506, lr: 0.0004071596165123322
2026-09-13 22:14:12 - train: epoch 170, iter:20, loss: 0.4573, lr: 0.0004071596165123322
2026-09-13 22:14:34 - val epoch: 170, loss: 0.8437, miou: 0.7872414653809228, f1_or_dsc: 0.8809570286163145, accuracy: 0.9425661634690691,                 specificity: 0.9649303454463798, sensitivity: 0.873053691152807, confusion_matrix: [[38658484  1405013]
 [ 1636286 11253305]]
2026-09-13 22:14:34 - train gamma: g2=0.101 g3=0.107 g4=0.092 g5=0.094
2026-09-13 22:14:36 - train: epoch 171, iter:0, loss: 0.4787, lr: 0.0004020837130452088
2026-09-13 22:14:42 - train: epoch 171, iter:20, loss: 0.4479, lr: 0.0004020837130452088
2026-09-13 22:15:02 - val epoch: 171, loss: 0.8345
2026-09-13 22:15:02 - train gamma: g2=0.101 g3=0.107 g4=0.092 g5=0.094
2026-09-13 22:15:04 - train: epoch 172, iter:0, loss: 0.4316, lr: 0.00039701909550871116
2026-09-13 22:15:10 - train: epoch 172, iter:20, loss: 0.4527, lr: 0.00039701909550871116
2026-09-13 22:15:30 - val epoch: 172, loss: 0.8480
2026-09-13 22:15:30 - train gamma: g2=0.101 g3=0.107 g4=0.092 g5=0.094
2026-09-13 22:15:32 - train: epoch 173, iter:0, loss: 0.4941, lr: 0.0003919663192952252
2026-09-13 22:15:38 - train: epoch 173, iter:20, loss: 0.4433, lr: 0.0003919663192952252
2026-09-13 22:15:58 - val epoch: 173, loss: 0.8035
2026-09-13 22:15:58 - train gamma: g2=0.101 g3=0.107 g4=0.092 g5=0.094
2026-09-13 22:16:00 - train: epoch 174, iter:0, loss: 0.5536, lr: 0.0003869259384986023
2026-09-13 22:16:05 - train: epoch 174, iter:20, loss: 0.4402, lr: 0.0003869259384986023
2026-09-13 22:16:26 - val epoch: 174, loss: 0.8181
2026-09-13 22:16:26 - train gamma: g2=0.101 g3=0.107 g4=0.092 g5=0.095
2026-09-13 22:16:28 - train: epoch 175, iter:0, loss: 0.5687, lr: 0.0003818985058533967
2026-09-13 22:16:33 - train: epoch 175, iter:20, loss: 0.4383, lr: 0.0003818985058533967
2026-09-13 22:16:54 - val epoch: 175, loss: 0.8264
2026-09-13 22:16:54 - train gamma: g2=0.101 g3=0.107 g4=0.092 g5=0.095
2026-09-13 22:16:56 - train: epoch 176, iter:0, loss: 0.4676, lr: 0.00037688457267425206
2026-09-13 22:17:02 - train: epoch 176, iter:20, loss: 0.4428, lr: 0.00037688457267425206
2026-09-13 22:17:22 - val epoch: 176, loss: 0.8591
2026-09-13 22:17:22 - train gamma: g2=0.101 g3=0.107 g4=0.092 g5=0.095
2026-09-13 22:17:23 - train: epoch 177, iter:0, loss: 0.4831, lr: 0.0003718846887954434
2026-09-13 22:17:29 - train: epoch 177, iter:20, loss: 0.4448, lr: 0.0003718846887954434
2026-09-13 22:17:49 - val epoch: 177, loss: 0.8433
2026-09-13 22:17:49 - train gamma: g2=0.101 g3=0.107 g4=0.092 g5=0.095
2026-09-13 22:17:51 - train: epoch 178, iter:0, loss: 0.4757, lr: 0.0003668994025105812
2026-09-13 22:17:57 - train: epoch 178, iter:20, loss: 0.4389, lr: 0.0003668994025105812
2026-09-13 22:18:17 - val epoch: 178, loss: 0.8424
2026-09-13 22:18:17 - train gamma: g2=0.101 g3=0.107 g4=0.092 g5=0.095
2026-09-13 22:18:19 - train: epoch 179, iter:0, loss: 0.4100, lr: 0.0003619292605124862
2026-09-13 22:18:25 - train: epoch 179, iter:20, loss: 0.4552, lr: 0.0003619292605124862
2026-09-13 22:18:45 - val epoch: 179, loss: 0.9076
2026-09-13 22:18:45 - train gamma: g2=0.101 g3=0.107 g4=0.092 g5=0.095
2026-09-13 22:18:47 - train: epoch 180, iter:0, loss: 0.4319, lr: 0.00035697480783323686
2026-09-13 22:18:52 - train: epoch 180, iter:20, loss: 0.4360, lr: 0.00035697480783323686
2026-09-13 22:19:15 - val epoch: 180, loss: 0.8336, miou: 0.7930872839710728, f1_or_dsc: 0.8846053296576357, accuracy: 0.9440842807883083,                 specificity: 0.9645473783778785, sensitivity: 0.8804807693277467, confusion_matrix: [[38643141  1420356]
 [ 1540554 11349037]]
2026-09-13 22:19:15 - train gamma: g2=0.101 g3=0.107 g4=0.092 g5=0.095
2026-09-13 22:19:17 - train: epoch 181, iter:0, loss: 0.3927, lr: 0.00035203658778440076
2026-09-13 22:19:22 - train: epoch 181, iter:20, loss: 0.4395, lr: 0.00035203658778440076
2026-09-13 22:19:43 - val epoch: 181, loss: 0.8709
2026-09-13 22:19:43 - train gamma: g2=0.101 g3=0.107 g4=0.092 g5=0.096
2026-09-13 22:19:45 - train: epoch 182, iter:0, loss: 0.4796, lr: 0.00034711514189745505
2026-09-13 22:19:51 - train: epoch 182, iter:20, loss: 0.4428, lr: 0.00034711514189745505
2026-09-13 22:20:11 - val epoch: 182, loss: 0.8396
2026-09-13 22:20:11 - train gamma: g2=0.101 g3=0.107 g4=0.092 g5=0.096
2026-09-13 22:20:13 - train: epoch 183, iter:0, loss: 0.4806, lr: 0.00034221100986440094
2026-09-13 22:20:18 - train: epoch 183, iter:20, loss: 0.4361, lr: 0.00034221100986440094
2026-09-13 22:20:39 - val epoch: 183, loss: 0.8298
2026-09-13 22:20:39 - train gamma: g2=0.101 g3=0.107 g4=0.092 g5=0.096
2026-09-13 22:20:41 - train: epoch 184, iter:0, loss: 0.4058, lr: 0.0003373247294785804
2026-09-13 22:20:46 - train: epoch 184, iter:20, loss: 0.4354, lr: 0.0003373247294785804
2026-09-13 22:21:06 - val epoch: 184, loss: 0.8219
2026-09-13 22:21:06 - train gamma: g2=0.101 g3=0.107 g4=0.092 g5=0.096
2026-09-13 22:21:08 - train: epoch 185, iter:0, loss: 0.4456, lr: 0.0003324568365757012
2026-09-13 22:21:14 - train: epoch 185, iter:20, loss: 0.4439, lr: 0.0003324568365757012
2026-09-13 22:21:35 - val epoch: 185, loss: 0.8407
2026-09-13 22:21:35 - train gamma: g2=0.101 g3=0.107 g4=0.092 g5=0.096
2026-09-13 22:21:36 - train: epoch 186, iter:0, loss: 0.3674, lr: 0.0003276078649750761
2026-09-13 22:21:42 - train: epoch 186, iter:20, loss: 0.4341, lr: 0.0003276078649750761
2026-09-13 22:22:02 - val epoch: 186, loss: 0.8369
2026-09-13 22:22:02 - train gamma: g2=0.101 g3=0.107 g4=0.092 g5=0.096
2026-09-13 22:22:04 - train: epoch 187, iter:0, loss: 0.4276, lr: 0.00032277834642108417
2026-09-13 22:22:10 - train: epoch 187, iter:20, loss: 0.4512, lr: 0.00032277834642108417
2026-09-13 22:22:30 - val epoch: 187, loss: 0.8461
2026-09-13 22:22:30 - train gamma: g2=0.101 g3=0.107 g4=0.092 g5=0.096
2026-09-13 22:22:32 - train: epoch 188, iter:0, loss: 0.4074, lr: 0.00031796881052485835
2026-09-13 22:22:37 - train: epoch 188, iter:20, loss: 0.4406, lr: 0.00031796881052485835
2026-09-13 22:22:58 - val epoch: 188, loss: 0.8450
2026-09-13 22:22:58 - train gamma: g2=0.101 g3=0.108 g4=0.092 g5=0.096
2026-09-13 22:23:00 - train: epoch 189, iter:0, loss: 0.4437, lr: 0.00031317978470620867
2026-09-13 22:23:05 - train: epoch 189, iter:20, loss: 0.4370, lr: 0.00031317978470620867
2026-09-13 22:23:26 - val epoch: 189, loss: 0.8982
2026-09-13 22:23:26 - train gamma: g2=0.101 g3=0.107 g4=0.092 g5=0.096
2026-09-13 22:23:28 - train: epoch 190, iter:0, loss: 0.5194, lr: 0.00030841179413578315
2026-09-13 22:23:33 - train: epoch 190, iter:20, loss: 0.4431, lr: 0.00030841179413578315
2026-09-13 22:23:56 - val epoch: 190, loss: 0.8328, miou: 0.7907551791097284, f1_or_dsc: 0.8831527484430912, accuracy: 0.9441527753773302,                 specificity: 0.9689609471684412, sensitivity: 0.8670438806010214, confusion_matrix: [[38819964  1243533]
 [ 1713750 11175841]]
2026-09-13 22:23:56 - train gamma: g2=0.101 g3=0.108 g4=0.092 g5=0.096
2026-09-13 22:23:57 - train: epoch 191, iter:0, loss: 0.3907, lr: 0.0003036653616774785
2026-09-13 22:24:03 - train: epoch 191, iter:20, loss: 0.4330, lr: 0.0003036653616774785
2026-09-13 22:24:23 - val epoch: 191, loss: 0.8452
2026-09-13 22:24:23 - train gamma: g2=0.101 g3=0.108 g4=0.092 g5=0.097
2026-09-13 22:24:26 - train: epoch 192, iter:0, loss: 0.4684, lr: 0.0002989410078311011
2026-09-13 22:24:31 - train: epoch 192, iter:20, loss: 0.4383, lr: 0.0002989410078311011
2026-09-13 22:24:52 - val epoch: 192, loss: 0.8282
2026-09-13 22:24:52 - train gamma: g2=0.101 g3=0.108 g4=0.093 g5=0.096
2026-09-13 22:24:54 - train: epoch 193, iter:0, loss: 0.5209, lr: 0.00029423925067528865
2026-09-13 22:24:59 - train: epoch 193, iter:20, loss: 0.4446, lr: 0.00029423925067528865
2026-09-13 22:25:19 - val epoch: 193, loss: 0.8430
2026-09-13 22:25:19 - train gamma: g2=0.101 g3=0.108 g4=0.092 g5=0.097
2026-09-13 22:25:21 - train: epoch 194, iter:0, loss: 0.4342, lr: 0.0002895606058106975
2026-09-13 22:25:27 - train: epoch 194, iter:20, loss: 0.4332, lr: 0.0002895606058106975
2026-09-13 22:25:47 - val epoch: 194, loss: 0.8639
2026-09-13 22:25:47 - train gamma: g2=0.101 g3=0.108 g4=0.092 g5=0.097
2026-09-13 22:25:49 - train: epoch 195, iter:0, loss: 0.3850, lr: 0.0002849055863034606
2026-09-13 22:25:54 - train: epoch 195, iter:20, loss: 0.4261, lr: 0.0002849055863034606
2026-09-13 22:26:15 - val epoch: 195, loss: 0.8442
2026-09-13 22:26:15 - train gamma: g2=0.101 g3=0.108 g4=0.092 g5=0.097
2026-09-13 22:26:17 - train: epoch 196, iter:0, loss: 0.4590, lr: 0.00028027470262892396
2026-09-13 22:26:22 - train: epoch 196, iter:20, loss: 0.4174, lr: 0.00028027470262892396
2026-09-13 22:26:43 - val epoch: 196, loss: 0.8395
2026-09-13 22:26:43 - train gamma: g2=0.101 g3=0.108 g4=0.093 g5=0.097
2026-09-13 22:26:45 - train: epoch 197, iter:0, loss: 0.3970, lr: 0.0002756684626156682
2026-09-13 22:26:50 - train: epoch 197, iter:20, loss: 0.4384, lr: 0.0002756684626156682
2026-09-13 22:27:10 - val epoch: 197, loss: 0.8412
2026-09-13 22:27:10 - train gamma: g2=0.101 g3=0.108 g4=0.092 g5=0.097
2026-09-13 22:27:12 - train: epoch 198, iter:0, loss: 0.5430, lr: 0.000271087371389818
2026-09-13 22:27:18 - train: epoch 198, iter:20, loss: 0.4477, lr: 0.000271087371389818
2026-09-13 22:27:38 - val epoch: 198, loss: 0.8249
2026-09-13 22:27:38 - train gamma: g2=0.101 g3=0.108 g4=0.093 g5=0.097
2026-09-13 22:27:40 - train: epoch 199, iter:0, loss: 0.4065, lr: 0.0002665319313196505
2026-09-13 22:27:45 - train: epoch 199, iter:20, loss: 0.4359, lr: 0.0002665319313196505
2026-09-13 22:28:05 - val epoch: 199, loss: 0.8781
2026-09-13 22:28:05 - train gamma: g2=0.101 g3=0.108 g4=0.093 g5=0.097
2026-09-13 22:28:07 - train: epoch 200, iter:0, loss: 0.3824, lr: 0.00026200264196050494
2026-09-13 22:28:13 - train: epoch 200, iter:20, loss: 0.4329, lr: 0.00026200264196050494
2026-09-13 22:28:36 - val epoch: 200, loss: 0.8527, miou: 0.7900527776109711, f1_or_dsc: 0.8827145070721171, accuracy: 0.9435493167084043,                 specificity: 0.9663420794245694, sensitivity: 0.8727047274036857, confusion_matrix: [[38715043  1348454]
 [ 1640784 11248807]]
2026-09-13 22:28:36 - train gamma: g2=0.102 g3=0.108 g4=0.093 g5=0.098
2026-09-13 22:28:39 - train: epoch 201, iter:0, loss: 0.4605, lr: 0.00025749999999999954
2026-09-13 22:28:45 - train: epoch 201, iter:20, loss: 0.4292, lr: 0.00025749999999999954
2026-09-13 22:29:05 - val epoch: 201, loss: 0.8459
2026-09-13 22:29:05 - train gamma: g2=0.102 g3=0.108 g4=0.093 g5=0.098
2026-09-13 22:29:07 - train: epoch 202, iter:0, loss: 0.4557, lr: 0.0002530244992035658
2026-09-13 22:29:13 - train: epoch 202, iter:20, loss: 0.4270, lr: 0.0002530244992035658
2026-09-13 22:29:33 - val epoch: 202, loss: 0.8757
2026-09-13 22:29:33 - train gamma: g2=0.101 g3=0.108 g4=0.093 g5=0.098
2026-09-13 22:29:35 - train: epoch 203, iter:0, loss: 0.4071, lr: 0.0002485766303603003
2026-09-13 22:29:40 - train: epoch 203, iter:20, loss: 0.4248, lr: 0.0002485766303603003
2026-09-13 22:30:00 - val epoch: 203, loss: 0.9088
2026-09-13 22:30:00 - train gamma: g2=0.101 g3=0.108 g4=0.093 g5=0.098
2026-09-13 22:30:02 - train: epoch 204, iter:0, loss: 0.3897, lr: 0.0002441568812291443
2026-09-13 22:30:07 - train: epoch 204, iter:20, loss: 0.4277, lr: 0.0002441568812291443
2026-09-13 22:30:27 - val epoch: 204, loss: 0.8482
2026-09-13 22:30:27 - train gamma: g2=0.102 g3=0.108 g4=0.093 g5=0.098
2026-09-13 22:30:29 - train: epoch 205, iter:0, loss: 0.4118, lr: 0.00023976573648539645
2026-09-13 22:30:35 - train: epoch 205, iter:20, loss: 0.4030, lr: 0.00023976573648539645
2026-09-13 22:30:55 - val epoch: 205, loss: 0.8606
2026-09-13 22:30:55 - train gamma: g2=0.102 g3=0.108 g4=0.093 g5=0.098
2026-09-13 22:30:57 - train: epoch 206, iter:0, loss: 0.4632, lr: 0.00023540367766756144
2026-09-13 22:31:02 - train: epoch 206, iter:20, loss: 0.4107, lr: 0.00023540367766756144
2026-09-13 22:31:22 - val epoch: 206, loss: 0.8674
2026-09-13 22:31:22 - train gamma: g2=0.102 g3=0.109 g4=0.093 g5=0.098
2026-09-13 22:31:24 - train: epoch 207, iter:0, loss: 0.3723, lr: 0.0002310711831245444
2026-09-13 22:31:30 - train: epoch 207, iter:20, loss: 0.4284, lr: 0.0002310711831245444
2026-09-13 22:31:50 - val epoch: 207, loss: 0.8313
2026-09-13 22:31:50 - train gamma: g2=0.102 g3=0.109 g4=0.093 g5=0.098
2026-09-13 22:31:52 - train: epoch 208, iter:0, loss: 0.4211, lr: 0.00022676872796319514
2026-09-13 22:31:58 - train: epoch 208, iter:20, loss: 0.4233, lr: 0.00022676872796319514
2026-09-13 22:32:18 - val epoch: 208, loss: 0.8294
2026-09-13 22:32:18 - train gamma: g2=0.102 g3=0.109 g4=0.093 g5=0.099
2026-09-13 22:32:20 - train: epoch 209, iter:0, loss: 0.3728, lr: 0.00022249678399620604
2026-09-13 22:32:25 - train: epoch 209, iter:20, loss: 0.4294, lr: 0.00022249678399620604
2026-09-13 22:32:45 - val epoch: 209, loss: 0.8449
2026-09-13 22:32:45 - train gamma: g2=0.102 g3=0.109 g4=0.093 g5=0.099
2026-09-13 22:32:48 - train: epoch 210, iter:0, loss: 0.3927, lr: 0.0002182558196903736
2026-09-13 22:32:53 - train: epoch 210, iter:20, loss: 0.4163, lr: 0.0002182558196903736
2026-09-13 22:33:16 - val epoch: 210, loss: 0.8398, miou: 0.7908640645019525, f1_or_dsc: 0.8832206532905058, accuracy: 0.943796705491472,                 specificity: 0.9665269359786541, sensitivity: 0.8731464792017063, confusion_matrix: [[38722449  1341048]
 [ 1635090 11254501]]
2026-09-13 22:33:16 - train gamma: g2=0.102 g3=0.109 g4=0.093 g5=0.099
2026-09-13 22:33:18 - train: epoch 211, iter:0, loss: 0.5003, lr: 0.00021404630011522552
2026-09-13 22:33:23 - train: epoch 211, iter:20, loss: 0.4202, lr: 0.00021404630011522552
2026-09-13 22:33:43 - val epoch: 211, loss: 0.8306
2026-09-13 22:33:43 - train gamma: g2=0.102 g3=0.109 g4=0.093 g5=0.099
2026-09-13 22:33:45 - train: epoch 212, iter:0, loss: 0.4296, lr: 0.0002098686868920198
2026-09-13 22:33:51 - train: epoch 212, iter:20, loss: 0.4237, lr: 0.0002098686868920198
2026-09-13 22:34:11 - val epoch: 212, loss: 0.8553
2026-09-13 22:34:11 - train gamma: g2=0.102 g3=0.109 g4=0.093 g5=0.099
2026-09-13 22:34:13 - train: epoch 213, iter:0, loss: 0.4025, lr: 0.00020572343814312415
2026-09-13 22:34:18 - train: epoch 213, iter:20, loss: 0.4210, lr: 0.00020572343814312415
2026-09-13 22:34:38 - val epoch: 213, loss: 0.8822
2026-09-13 22:34:38 - train gamma: g2=0.102 g3=0.109 g4=0.093 g5=0.099
2026-09-13 22:34:40 - train: epoch 214, iter:0, loss: 0.4543, lr: 0.00020161100844177644
2026-09-13 22:34:45 - train: epoch 214, iter:20, loss: 0.4290, lr: 0.00020161100844177644
2026-09-13 22:35:05 - val epoch: 214, loss: 0.8642
2026-09-13 22:35:05 - train gamma: g2=0.102 g3=0.109 g4=0.093 g5=0.099
2026-09-13 22:35:08 - train: epoch 215, iter:0, loss: 0.4110, lr: 0.0001975318487622361
2026-09-13 22:35:13 - train: epoch 215, iter:20, loss: 0.4197, lr: 0.0001975318487622361
2026-09-13 22:35:34 - val epoch: 215, loss: 0.8586
2026-09-13 22:35:34 - train gamma: g2=0.102 g3=0.109 g4=0.093 g5=0.099
2026-09-13 22:35:36 - train: epoch 216, iter:0, loss: 0.3488, lr: 0.00019348640643033024
2026-09-13 22:35:42 - train: epoch 216, iter:20, loss: 0.4269, lr: 0.00019348640643033024
2026-09-13 22:36:02 - val epoch: 216, loss: 0.8838
2026-09-13 22:36:02 - train gamma: g2=0.102 g3=0.109 g4=0.093 g5=0.099
2026-09-13 22:36:04 - train: epoch 217, iter:0, loss: 0.3993, lr: 0.00018947512507439828
2026-09-13 22:36:10 - train: epoch 217, iter:20, loss: 0.4175, lr: 0.00018947512507439828
2026-09-13 22:36:30 - val epoch: 217, loss: 0.8433
2026-09-13 22:36:30 - train gamma: g2=0.102 g3=0.109 g4=0.093 g5=0.099
2026-09-13 22:36:32 - train: epoch 218, iter:0, loss: 0.3571, lr: 0.00018549844457664425
2026-09-13 22:36:37 - train: epoch 218, iter:20, loss: 0.4049, lr: 0.00018549844457664425
2026-09-13 22:36:57 - val epoch: 218, loss: 0.8696
2026-09-13 22:36:57 - train gamma: g2=0.102 g3=0.109 g4=0.093 g5=0.099
2026-09-13 22:36:59 - train: epoch 219, iter:0, loss: 0.4313, lr: 0.00018155680102489765
2026-09-13 22:37:05 - train: epoch 219, iter:20, loss: 0.4033, lr: 0.00018155680102489765
2026-09-13 22:37:26 - val epoch: 219, loss: 0.8632
2026-09-13 22:37:26 - train gamma: g2=0.102 g3=0.109 g4=0.093 g5=0.099
2026-09-13 22:37:29 - train: epoch 220, iter:0, loss: 0.4084, lr: 0.00017765062666479195
2026-09-13 22:37:34 - train: epoch 220, iter:20, loss: 0.4126, lr: 0.00017765062666479195
2026-09-13 22:38:00 - val epoch: 220, loss: 0.8727, miou: 0.7851727658202998, f1_or_dsc: 0.8796602556946439, accuracy: 0.9413919920968538,                 specificity: 0.9611420590668858, sensitivity: 0.8800047262942633, confusion_matrix: [[38506712  1556785]
 [ 1546690 11342901]]
2026-09-13 22:38:00 - train gamma: g2=0.102 g3=0.109 g4=0.093 g5=0.100
2026-09-13 22:38:02 - train: epoch 221, iter:0, loss: 0.4022, lr: 0.00017378034985236489
2026-09-13 22:38:08 - train: epoch 221, iter:20, loss: 0.4218, lr: 0.00017378034985236489
2026-09-13 22:38:31 - val epoch: 221, loss: 0.9142
2026-09-13 22:38:31 - train gamma: g2=0.102 g3=0.109 g4=0.093 g5=0.100
2026-09-13 22:38:33 - train: epoch 222, iter:0, loss: 0.4440, lr: 0.0001699463950070827
2026-09-13 22:38:38 - train: epoch 222, iter:20, loss: 0.4080, lr: 0.0001699463950070827
2026-09-13 22:39:02 - val epoch: 222, loss: 0.8629
2026-09-13 22:39:02 - train gamma: g2=0.102 g3=0.109 g4=0.093 g5=0.100
2026-09-13 22:39:05 - train: epoch 223, iter:0, loss: 0.4132, lr: 0.0001661491825652988
2026-09-13 22:39:10 - train: epoch 223, iter:20, loss: 0.4008, lr: 0.0001661491825652988
2026-09-13 22:39:31 - val epoch: 223, loss: 0.8786
2026-09-13 22:39:31 - train gamma: g2=0.102 g3=0.109 g4=0.093 g5=0.100
2026-09-13 22:39:33 - train: epoch 224, iter:0, loss: 0.3641, lr: 0.0001623891289341484
2026-09-13 22:39:38 - train: epoch 224, iter:20, loss: 0.4067, lr: 0.0001623891289341484
2026-09-13 22:40:04 - val epoch: 224, loss: 0.8877
2026-09-13 22:40:04 - train gamma: g2=0.102 g3=0.109 g4=0.093 g5=0.100
2026-09-13 22:40:06 - train: epoch 225, iter:0, loss: 0.4182, lr: 0.0001586666464458838
2026-09-13 22:40:11 - train: epoch 225, iter:20, loss: 0.4190, lr: 0.0001586666464458838
2026-09-13 22:40:34 - val epoch: 225, loss: 0.8785
2026-09-13 22:40:34 - train gamma: g2=0.102 g3=0.109 g4=0.094 g5=0.100
2026-09-13 22:40:36 - train: epoch 226, iter:0, loss: 0.3550, lr: 0.00015498214331265874
2026-09-13 22:40:41 - train: epoch 226, iter:20, loss: 0.4070, lr: 0.00015498214331265874
2026-09-13 22:41:10 - val epoch: 226, loss: 0.8910
2026-09-13 22:41:10 - train gamma: g2=0.102 g3=0.109 g4=0.093 g5=0.100
2026-09-13 22:41:12 - train: epoch 227, iter:0, loss: 0.3624, lr: 0.00015133602358176218
2026-09-13 22:41:17 - train: epoch 227, iter:20, loss: 0.4099, lr: 0.00015133602358176218
2026-09-13 22:41:59 - val epoch: 227, loss: 0.8563
2026-09-13 22:41:59 - train gamma: g2=0.102 g3=0.109 g4=0.094 g5=0.100
2026-09-13 22:42:02 - train: epoch 228, iter:0, loss: 0.3709, lr: 0.00014772868709131046
2026-09-13 22:42:07 - train: epoch 228, iter:20, loss: 0.3988, lr: 0.00014772868709131046
2026-09-13 22:42:53 - val epoch: 228, loss: 0.8636
2026-09-13 22:42:53 - train gamma: g2=0.102 g3=0.109 g4=0.094 g5=0.100
2026-09-13 22:42:54 - train: epoch 229, iter:0, loss: 0.3817, lr: 0.00014416052942640113
2026-09-13 22:43:00 - train: epoch 229, iter:20, loss: 0.4176, lr: 0.00014416052942640113
2026-09-13 22:43:25 - val epoch: 229, loss: 0.8858
2026-09-13 22:43:25 - train gamma: g2=0.102 g3=0.109 g4=0.094 g5=0.100
2026-09-13 22:43:27 - train: epoch 230, iter:0, loss: 0.4639, lr: 0.0001406319418757314
2026-09-13 22:43:33 - train: epoch 230, iter:20, loss: 0.3987, lr: 0.0001406319418757314
2026-09-13 22:43:59 - val epoch: 230, loss: 0.8828, miou: 0.7843990579785116, f1_or_dsc: 0.8791744811467589, accuracy: 0.941953696826897,                 specificity: 0.9658795636336988, sensitivity: 0.8675871872117586, confusion_matrix: [[38696513  1366984]
 [ 1706747 11182844]]
2026-09-13 22:43:59 - train gamma: g2=0.102 g3=0.109 g4=0.094 g5=0.101
2026-09-13 22:44:01 - train: epoch 231, iter:0, loss: 0.3655, lr: 0.00013714331138868954
2026-09-13 22:44:06 - train: epoch 231, iter:20, loss: 0.3975, lr: 0.00013714331138868954
2026-09-13 22:44:32 - val epoch: 231, loss: 0.9016
2026-09-13 22:44:32 - train gamma: g2=0.102 g3=0.109 g4=0.094 g5=0.101
2026-09-13 22:44:34 - train: epoch 232, iter:0, loss: 0.3423, lr: 0.00013369502053292226
2026-09-13 22:44:40 - train: epoch 232, iter:20, loss: 0.4040, lr: 0.00013369502053292226
2026-09-13 22:45:00 - val epoch: 232, loss: 0.8966
2026-09-13 22:45:00 - train gamma: g2=0.102 g3=0.109 g4=0.094 g5=0.101
2026-09-13 22:45:02 - train: epoch 233, iter:0, loss: 0.3821, lr: 0.0001302874474523804
2026-09-13 22:45:08 - train: epoch 233, iter:20, loss: 0.4073, lr: 0.0001302874474523804
2026-09-13 22:45:28 - val epoch: 233, loss: 0.8542
2026-09-13 22:45:28 - train gamma: g2=0.102 g3=0.109 g4=0.094 g5=0.101
2026-09-13 22:45:30 - train: epoch 234, iter:0, loss: 0.4196, lr: 0.00012692096582585187
2026-09-13 22:45:35 - train: epoch 234, iter:20, loss: 0.4298, lr: 0.00012692096582585187
2026-09-13 22:45:55 - val epoch: 234, loss: 0.8759
2026-09-13 22:45:55 - train gamma: g2=0.102 g3=0.109 g4=0.094 g5=0.101
2026-09-13 22:45:57 - train: epoch 235, iter:0, loss: 0.4288, lr: 0.00012359594482598416
2026-09-13 22:46:03 - train: epoch 235, iter:20, loss: 0.4003, lr: 0.00012359594482598416
2026-09-13 22:46:23 - val epoch: 235, loss: 0.8703
2026-09-13 22:46:23 - train gamma: g2=0.102 g3=0.109 g4=0.094 g5=0.101
2026-09-13 22:46:25 - train: epoch 236, iter:0, loss: 0.4460, lr: 0.00012031274907879919
2026-09-13 22:46:30 - train: epoch 236, iter:20, loss: 0.4046, lr: 0.00012031274907879919
2026-09-13 22:46:51 - val epoch: 236, loss: 0.8639
2026-09-13 22:46:51 - train gamma: g2=0.102 g3=0.109 g4=0.094 g5=0.101
2026-09-13 22:46:52 - train: epoch 237, iter:0, loss: 0.3561, lr: 0.00011707173862370913
2026-09-13 22:46:58 - train: epoch 237, iter:20, loss: 0.3890, lr: 0.00011707173862370913
2026-09-13 22:47:18 - val epoch: 237, loss: 0.8665
2026-09-13 22:47:18 - train gamma: g2=0.102 g3=0.109 g4=0.094 g5=0.101
2026-09-13 22:47:20 - train: epoch 238, iter:0, loss: 0.3831, lr: 0.00011387326887403316
2026-09-13 22:47:26 - train: epoch 238, iter:20, loss: 0.3994, lr: 0.00011387326887403316
2026-09-13 22:47:46 - val epoch: 238, loss: 0.8732
2026-09-13 22:47:46 - train gamma: g2=0.102 g3=0.109 g4=0.094 g5=0.101
2026-09-13 22:47:50 - train: epoch 239, iter:0, loss: 0.3670, lr: 0.00011071769057802265
2026-09-13 22:47:55 - train: epoch 239, iter:20, loss: 0.3971, lr: 0.00011071769057802265
2026-09-13 22:48:16 - val epoch: 239, loss: 0.8635
2026-09-13 22:48:16 - train gamma: g2=0.102 g3=0.109 g4=0.094 g5=0.101
2026-09-13 22:48:18 - train: epoch 240, iter:0, loss: 0.4051, lr: 0.0001076053497803982
2026-09-13 22:48:24 - train: epoch 240, iter:20, loss: 0.3965, lr: 0.0001076053497803982
2026-09-13 22:48:47 - val epoch: 240, loss: 0.8582, miou: 0.7891280574963705, f1_or_dsc: 0.8821370322710635, accuracy: 0.9430859631831103,                 specificity: 0.9649962658027581, sensitivity: 0.8749842411601734, confusion_matrix: [[38661125  1402372]
 [ 1611402 11278189]]
2026-09-13 22:48:47 - train gamma: g2=0.102 g3=0.109 g4=0.094 g5=0.101
2026-09-13 22:48:49 - train: epoch 241, iter:0, loss: 0.3960, lr: 0.00010453658778440088
2026-09-13 22:48:54 - train: epoch 241, iter:20, loss: 0.3985, lr: 0.00010453658778440088
2026-09-13 22:49:15 - val epoch: 241, loss: 0.8632
2026-09-13 22:49:15 - train gamma: g2=0.102 g3=0.109 g4=0.094 g5=0.101
2026-09-13 22:49:17 - train: epoch 242, iter:0, loss: 0.3583, lr: 0.00010151174111436543
2026-09-13 22:49:22 - train: epoch 242, iter:20, loss: 0.4009, lr: 0.00010151174111436543
2026-09-13 22:49:43 - val epoch: 242, loss: 0.8614
2026-09-13 22:49:43 - train gamma: g2=0.102 g3=0.109 g4=0.094 g5=0.101
2026-09-13 22:49:45 - train: epoch 243, iter:0, loss: 0.3655, lr: 9.853114147881633e-05
2026-09-13 22:49:51 - train: epoch 243, iter:20, loss: 0.3893, lr: 9.853114147881633e-05
2026-09-13 22:50:11 - val epoch: 243, loss: 0.8657
2026-09-13 22:50:11 - train gamma: g2=0.102 g3=0.109 g4=0.094 g5=0.101
2026-09-13 22:50:13 - train: epoch 244, iter:0, loss: 0.3972, lr: 9.559511573409167e-05
2026-09-13 22:50:18 - train: epoch 244, iter:20, loss: 0.3841, lr: 9.559511573409167e-05
2026-09-13 22:50:39 - val epoch: 244, loss: 0.8768
2026-09-13 22:50:39 - train gamma: g2=0.102 g3=0.109 g4=0.094 g5=0.101
2026-09-13 22:50:41 - train: epoch 245, iter:0, loss: 0.3898, lr: 9.270398584850061e-05
2026-09-13 22:50:46 - train: epoch 245, iter:20, loss: 0.4044, lr: 9.270398584850061e-05
2026-09-13 22:51:06 - val epoch: 245, loss: 0.8527
2026-09-13 22:51:06 - train gamma: g2=0.102 g3=0.109 g4=0.094 g5=0.101
2026-09-13 22:51:09 - train: epoch 246, iter:0, loss: 0.4359, lr: 8.985806886701499e-05
2026-09-13 22:51:14 - train: epoch 246, iter:20, loss: 0.4015, lr: 8.985806886701499e-05
2026-09-13 22:51:34 - val epoch: 246, loss: 0.8855
2026-09-13 22:51:34 - train gamma: g2=0.102 g3=0.109 g4=0.094 g5=0.102
2026-09-13 22:51:36 - train: epoch 247, iter:0, loss: 0.5053, lr: 8.705767687650239e-05
2026-09-13 22:51:42 - train: epoch 247, iter:20, loss: 0.3993, lr: 8.705767687650239e-05
2026-09-13 22:52:02 - val epoch: 247, loss: 0.8774
2026-09-13 22:52:02 - train gamma: g2=0.102 g3=0.109 g4=0.094 g5=0.102
2026-09-13 22:52:04 - train: epoch 248, iter:0, loss: 0.4176, lr: 8.430311697150229e-05
2026-09-13 22:52:09 - train: epoch 248, iter:20, loss: 0.4077, lr: 8.430311697150229e-05
2026-09-13 22:52:29 - val epoch: 248, loss: 0.8758
2026-09-13 22:52:29 - train gamma: g2=0.102 g3=0.109 g4=0.094 g5=0.102
2026-09-13 22:52:31 - train: epoch 249, iter:0, loss: 0.3529, lr: 8.159469122054909e-05
2026-09-13 22:52:37 - train: epoch 249, iter:20, loss: 0.4035, lr: 8.159469122054909e-05
2026-09-13 22:52:57 - val epoch: 249, loss: 0.8738
2026-09-13 22:52:57 - train gamma: g2=0.102 g3=0.109 g4=0.094 g5=0.102
2026-09-13 22:52:59 - train: epoch 250, iter:0, loss: 0.4608, lr: 7.893269663304782e-05
2026-09-13 22:53:05 - train: epoch 250, iter:20, loss: 0.4037, lr: 7.893269663304782e-05
2026-09-13 22:53:28 - val epoch: 250, loss: 0.8735, miou: 0.7855059244892342, f1_or_dsc: 0.8798693005893417, accuracy: 0.9422936958841758,                 specificity: 0.9661383528252664, sensitivity: 0.8681796032162696, confusion_matrix: [[38706881  1356616]
 [ 1699111 11190480]]
2026-09-13 22:53:28 - train gamma: g2=0.102 g3=0.110 g4=0.094 g5=0.102
2026-09-13 22:53:30 - train: epoch 251, iter:0, loss: 0.4237, lr: 7.631742512670282e-05
2026-09-13 22:53:35 - train: epoch 251, iter:20, loss: 0.3962, lr: 7.631742512670282e-05
2026-09-13 22:53:56 - val epoch: 251, loss: 0.8894
2026-09-13 22:53:56 - train gamma: g2=0.102 g3=0.110 g4=0.094 g5=0.102
2026-09-13 22:53:57 - train: epoch 252, iter:0, loss: 0.4023, lr: 7.374916349550603e-05
2026-09-13 22:54:03 - train: epoch 252, iter:20, loss: 0.4012, lr: 7.374916349550603e-05
2026-09-13 22:54:24 - val epoch: 252, loss: 0.8675
2026-09-13 22:54:24 - train gamma: g2=0.102 g3=0.110 g4=0.094 g5=0.102
2026-09-13 22:54:26 - train: epoch 253, iter:0, loss: 0.4397, lr: 7.122819337828741e-05
2026-09-13 22:54:31 - train: epoch 253, iter:20, loss: 0.3966, lr: 7.122819337828741e-05
2026-09-13 22:54:52 - val epoch: 253, loss: 0.8769
2026-09-13 22:54:52 - train gamma: g2=0.102 g3=0.110 g4=0.094 g5=0.102
2026-09-13 22:54:54 - train: epoch 254, iter:0, loss: 0.4028, lr: 6.875479122782878e-05
2026-09-13 22:55:00 - train: epoch 254, iter:20, loss: 0.4004, lr: 6.875479122782878e-05
2026-09-13 22:55:21 - val epoch: 254, loss: 0.8727
2026-09-13 22:55:21 - train gamma: g2=0.102 g3=0.110 g4=0.094 g5=0.102
2026-09-13 22:55:23 - train: epoch 255, iter:0, loss: 0.3882, lr: 6.632922828054862e-05
2026-09-13 22:55:28 - train: epoch 255, iter:20, loss: 0.3989, lr: 6.632922828054862e-05
2026-09-13 22:55:52 - val epoch: 255, loss: 0.8653
2026-09-13 22:55:52 - train gamma: g2=0.102 g3=0.110 g4=0.094 g5=0.102
2026-09-13 22:55:54 - train: epoch 256, iter:0, loss: 0.3900, lr: 6.395177052675786e-05
2026-09-13 22:56:00 - train: epoch 256, iter:20, loss: 0.4022, lr: 6.395177052675786e-05
2026-09-13 22:56:20 - val epoch: 256, loss: 0.8751
2026-09-13 22:56:20 - train gamma: g2=0.102 g3=0.110 g4=0.094 g5=0.102
2026-09-13 22:56:23 - train: epoch 257, iter:0, loss: 0.3612, lr: 6.162267868149065e-05
2026-09-13 22:56:28 - train: epoch 257, iter:20, loss: 0.4014, lr: 6.162267868149065e-05
2026-09-13 22:56:51 - val epoch: 257, loss: 0.8927
2026-09-13 22:56:51 - train gamma: g2=0.102 g3=0.110 g4=0.094 g5=0.102
2026-09-13 22:56:53 - train: epoch 258, iter:0, loss: 0.3897, lr: 5.934220815591413e-05
2026-09-13 22:56:58 - train: epoch 258, iter:20, loss: 0.4108, lr: 5.934220815591413e-05
2026-09-13 22:57:26 - val epoch: 258, loss: 0.8661
2026-09-13 22:57:26 - train gamma: g2=0.102 g3=0.110 g4=0.094 g5=0.102
2026-09-13 22:57:28 - train: epoch 259, iter:0, loss: 0.3955, lr: 5.711060902932035e-05
2026-09-13 22:57:34 - train: epoch 259, iter:20, loss: 0.3847, lr: 5.711060902932035e-05
2026-09-13 22:58:07 - val epoch: 259, loss: 0.8760
2026-09-13 22:58:07 - train gamma: g2=0.102 g3=0.110 g4=0.094 g5=0.102
2026-09-13 22:58:10 - train: epoch 260, iter:0, loss: 0.3829, lr: 5.492812602170101e-05
2026-09-13 22:58:16 - train: epoch 260, iter:20, loss: 0.4001, lr: 5.492812602170101e-05
2026-09-13 22:59:59 - val epoch: 260, loss: 0.8724, miou: 0.7845810829436397, f1_or_dsc: 0.8792888039017931, accuracy: 0.941500182199006,                 specificity: 0.9627962831102836, sensitivity: 0.8753075252736879, confusion_matrix: [[38572986  1490511]
 [ 1607235 11282356]]
2026-09-13 22:59:59 - train gamma: g2=0.102 g3=0.110 g4=0.094 g5=0.102
2026-09-13 23:00:01 - train: epoch 261, iter:0, loss: 0.4440, lr: 5.279499846691256e-05
2026-09-13 23:00:06 - train: epoch 261, iter:20, loss: 0.3910, lr: 5.279499846691256e-05
2026-09-13 23:00:33 - val epoch: 261, loss: 0.8787
2026-09-13 23:00:33 - train gamma: g2=0.102 g3=0.110 g4=0.094 g5=0.102
2026-09-13 23:00:35 - train: epoch 262, iter:0, loss: 0.4272, lr: 5.071146028642938e-05
2026-09-13 23:00:41 - train: epoch 262, iter:20, loss: 0.3911, lr: 5.071146028642938e-05
2026-09-13 23:01:03 - val epoch: 262, loss: 0.8946
2026-09-13 23:01:03 - train gamma: g2=0.102 g3=0.110 g4=0.094 g5=0.102
2026-09-13 23:01:06 - train: epoch 263, iter:0, loss: 0.4053, lr: 4.867773996369213e-05
2026-09-13 23:01:11 - train: epoch 263, iter:20, loss: 0.3978, lr: 4.867773996369213e-05
2026-09-13 23:01:38 - val epoch: 263, loss: 0.8798
2026-09-13 23:01:38 - train gamma: g2=0.102 g3=0.110 g4=0.094 g5=0.102
2026-09-13 23:01:40 - train: epoch 264, iter:0, loss: 0.3845, lr: 4.669406051905255e-05
2026-09-13 23:01:45 - train: epoch 264, iter:20, loss: 0.3929, lr: 4.669406051905255e-05
2026-09-13 23:02:17 - val epoch: 264, loss: 0.8750
2026-09-13 23:02:17 - train gamma: g2=0.102 g3=0.110 g4=0.094 g5=0.102
2026-09-13 23:02:19 - train: epoch 265, iter:0, loss: 0.3538, lr: 4.476063948531553e-05
2026-09-13 23:02:24 - train: epoch 265, iter:20, loss: 0.3869, lr: 4.476063948531553e-05
2026-09-13 23:03:06 - val epoch: 265, loss: 0.8705
2026-09-13 23:03:06 - train gamma: g2=0.102 g3=0.110 g4=0.094 g5=0.102
2026-09-13 23:03:08 - train: epoch 266, iter:0, loss: 0.3942, lr: 4.2877688883885086e-05
2026-09-13 23:03:14 - train: epoch 266, iter:20, loss: 0.3923, lr: 4.2877688883885086e-05
2026-09-13 23:03:34 - val epoch: 266, loss: 0.8719
2026-09-13 23:03:34 - train gamma: g2=0.102 g3=0.110 g4=0.094 g5=0.102
2026-09-13 23:03:36 - train: epoch 267, iter:0, loss: 0.4079, lr: 4.1045415201513684e-05
2026-09-13 23:03:42 - train: epoch 267, iter:20, loss: 0.3977, lr: 4.1045415201513684e-05
2026-09-13 23:04:08 - val epoch: 267, loss: 0.8855
2026-09-13 23:04:08 - train gamma: g2=0.102 g3=0.110 g4=0.094 g5=0.102
2026-09-13 23:04:10 - train: epoch 268, iter:0, loss: 0.4466, lr: 3.926401936765836e-05
2026-09-13 23:04:15 - train: epoch 268, iter:20, loss: 0.3955, lr: 3.926401936765836e-05
2026-09-13 23:04:36 - val epoch: 268, loss: 0.8685
2026-09-13 23:04:36 - train gamma: g2=0.102 g3=0.110 g4=0.094 g5=0.102
2026-09-13 23:04:39 - train: epoch 269, iter:0, loss: 0.3996, lr: 3.753369673244687e-05
2026-09-13 23:04:44 - train: epoch 269, iter:20, loss: 0.3976, lr: 3.753369673244687e-05
2026-09-13 23:05:06 - val epoch: 269, loss: 0.8849
2026-09-13 23:05:06 - train gamma: g2=0.102 g3=0.110 g4=0.094 g5=0.102
2026-09-13 23:05:08 - train: epoch 270, iter:0, loss: 0.4128, lr: 3.5854637045255115e-05
2026-09-13 23:05:13 - train: epoch 270, iter:20, loss: 0.3916, lr: 3.5854637045255115e-05
2026-09-13 23:06:00 - val epoch: 270, loss: 0.8849, miou: 0.7852484148312768, f1_or_dsc: 0.8797077295324084, accuracy: 0.9419548676745726,                 specificity: 0.9644793613498093, sensitivity: 0.8719441136650495, confusion_matrix: [[38640416  1423081]
 [ 1650588 11239003]]
2026-09-13 23:06:00 - train gamma: g2=0.102 g3=0.110 g4=0.094 g5=0.102
2026-09-13 23:06:02 - train: epoch 271, iter:0, loss: 0.3994, lr: 3.422702443389897e-05
2026-09-13 23:06:07 - train: epoch 271, iter:20, loss: 0.3912, lr: 3.422702443389897e-05
2026-09-13 23:06:34 - val epoch: 271, loss: 0.8766
2026-09-13 23:06:34 - train gamma: g2=0.102 g3=0.110 g4=0.094 g5=0.103
2026-09-13 23:06:36 - train: epoch 272, iter:0, loss: 0.3807, lr: 3.265103738444294e-05
2026-09-13 23:06:42 - train: epoch 272, iter:20, loss: 0.3919, lr: 3.265103738444294e-05
2026-09-13 23:07:06 - val epoch: 272, loss: 0.8792
2026-09-13 23:07:06 - train gamma: g2=0.102 g3=0.110 g4=0.094 g5=0.103
2026-09-13 23:07:08 - train: epoch 273, iter:0, loss: 0.4271, lr: 3.112684872162669e-05
2026-09-13 23:07:14 - train: epoch 273, iter:20, loss: 0.4037, lr: 3.112684872162669e-05
2026-09-13 23:07:35 - val epoch: 273, loss: 0.8867
2026-09-13 23:07:35 - train gamma: g2=0.102 g3=0.110 g4=0.094 g5=0.103
2026-09-13 23:07:37 - train: epoch 274, iter:0, loss: 0.3459, lr: 2.9654625589913163e-05
2026-09-13 23:07:42 - train: epoch 274, iter:20, loss: 0.3907, lr: 2.9654625589913163e-05
2026-09-13 23:08:08 - val epoch: 274, loss: 0.8809
2026-09-13 23:08:08 - train gamma: g2=0.102 g3=0.110 g4=0.094 g5=0.103
2026-09-13 23:08:10 - train: epoch 275, iter:0, loss: 0.4086, lr: 2.823452943515922e-05
2026-09-13 23:08:16 - train: epoch 275, iter:20, loss: 0.3859, lr: 2.823452943515922e-05
2026-09-13 23:08:40 - val epoch: 275, loss: 0.8848
2026-09-13 23:08:40 - train gamma: g2=0.102 g3=0.110 g4=0.094 g5=0.103
2026-09-13 23:08:42 - train: epoch 276, iter:0, loss: 0.3955, lr: 2.6866715986911168e-05
2026-09-13 23:08:47 - train: epoch 276, iter:20, loss: 0.3969, lr: 2.6866715986911168e-05
2026-09-13 23:09:08 - val epoch: 276, loss: 0.8818
2026-09-13 23:09:08 - train gamma: g2=0.102 g3=0.110 g4=0.094 g5=0.103
2026-09-13 23:09:10 - train: epoch 277, iter:0, loss: 0.4039, lr: 2.5551335241327604e-05
2026-09-13 23:09:16 - train: epoch 277, iter:20, loss: 0.3905, lr: 2.5551335241327604e-05
2026-09-13 23:09:48 - val epoch: 277, loss: 0.8890
2026-09-13 23:09:48 - train gamma: g2=0.102 g3=0.110 g4=0.094 g5=0.103
2026-09-13 23:09:50 - train: epoch 278, iter:0, loss: 0.3925, lr: 2.4288531444730185e-05
2026-09-13 23:09:55 - train: epoch 278, iter:20, loss: 0.3812, lr: 2.4288531444730185e-05
2026-09-13 23:10:16 - val epoch: 278, loss: 0.8931
2026-09-13 23:10:16 - train gamma: g2=0.102 g3=0.110 g4=0.094 g5=0.103
2026-09-13 23:10:18 - train: epoch 279, iter:0, loss: 0.3418, lr: 2.3078443077785645e-05
2026-09-13 23:10:24 - train: epoch 279, iter:20, loss: 0.3884, lr: 2.3078443077785645e-05
2026-09-13 23:11:00 - val epoch: 279, loss: 0.8909
2026-09-13 23:11:00 - train gamma: g2=0.102 g3=0.110 g4=0.094 g5=0.103
2026-09-13 23:11:02 - train: epoch 280, iter:0, loss: 0.3465, lr: 2.1921202840320064e-05
2026-09-13 23:11:07 - train: epoch 280, iter:20, loss: 0.3806, lr: 2.1921202840320064e-05
2026-09-13 23:13:25 - val epoch: 280, loss: 0.8979, miou: 0.7828421424427412, f1_or_dsc: 0.878195689686961, accuracy: 0.941238554397432,                 specificity: 0.9640781232851441, sensitivity: 0.8702484818951974, confusion_matrix: [[38624341  1439156]
 [ 1672444 11217147]]
2026-09-13 23:13:25 - train gamma: g2=0.102 g3=0.110 g4=0.094 g5=0.103
2026-09-13 23:13:27 - train: epoch 281, iter:0, loss: 0.4465, lr: 2.081693763676623e-05
2026-09-13 23:13:33 - train: epoch 281, iter:20, loss: 0.3877, lr: 2.081693763676623e-05
2026-09-13 23:13:57 - val epoch: 281, loss: 0.8920
2026-09-13 23:13:57 - train gamma: g2=0.102 g3=0.110 g4=0.094 g5=0.103
2026-09-13 23:13:59 - train: epoch 282, iter:0, loss: 0.3596, lr: 1.9765768562247723e-05
2026-09-13 23:14:04 - train: epoch 282, iter:20, loss: 0.3903, lr: 1.9765768562247723e-05
2026-09-13 23:14:27 - val epoch: 282, loss: 0.8884
2026-09-13 23:14:27 - train gamma: g2=0.102 g3=0.110 g4=0.094 g5=0.103
2026-09-13 23:14:29 - train: epoch 283, iter:0, loss: 0.3675, lr: 1.876781088929913e-05
2026-09-13 23:14:35 - train: epoch 283, iter:20, loss: 0.3861, lr: 1.876781088929913e-05
2026-09-13 23:14:56 - val epoch: 283, loss: 0.8784
2026-09-13 23:14:56 - train gamma: g2=0.102 g3=0.110 g4=0.094 g5=0.103
2026-09-13 23:14:58 - train: epoch 284, iter:0, loss: 0.3450, lr: 1.7823174055225262e-05
2026-09-13 23:15:03 - train: epoch 284, iter:20, loss: 0.3762, lr: 1.7823174055225262e-05
2026-09-13 23:15:30 - val epoch: 284, loss: 0.8832
2026-09-13 23:15:30 - train gamma: g2=0.102 g3=0.110 g4=0.094 g5=0.103
2026-09-13 23:15:32 - train: epoch 285, iter:0, loss: 0.3573, lr: 1.693196165010003e-05
2026-09-13 23:15:37 - train: epoch 285, iter:20, loss: 0.3873, lr: 1.693196165010003e-05
2026-09-13 23:15:57 - val epoch: 285, loss: 0.8717
2026-09-13 23:15:57 - train gamma: g2=0.102 g3=0.110 g4=0.094 g5=0.103
2026-09-13 23:15:59 - train: epoch 286, iter:0, loss: 0.3687, lr: 1.6094271405406855e-05
2026-09-13 23:16:04 - train: epoch 286, iter:20, loss: 0.3884, lr: 1.6094271405406855e-05
2026-09-13 23:16:26 - val epoch: 286, loss: 0.8772
2026-09-13 23:16:26 - train gamma: g2=0.102 g3=0.110 g4=0.094 g5=0.103
2026-09-13 23:16:28 - train: epoch 287, iter:0, loss: 0.4769, lr: 1.5310195183320773e-05
2026-09-13 23:16:34 - train: epoch 287, iter:20, loss: 0.3882, lr: 1.5310195183320773e-05
2026-09-13 23:17:11 - val epoch: 287, loss: 0.8894
2026-09-13 23:17:11 - train gamma: g2=0.102 g3=0.110 g4=0.094 g5=0.103
2026-09-13 23:17:14 - train: epoch 288, iter:0, loss: 0.3924, lr: 1.4579818966635417e-05
2026-09-13 23:17:20 - train: epoch 288, iter:20, loss: 0.3853, lr: 1.4579818966635417e-05
2026-09-13 23:18:04 - val epoch: 288, loss: 0.8831
2026-09-13 23:18:04 - train gamma: g2=0.102 g3=0.110 g4=0.094 g5=0.103
2026-09-13 23:18:06 - train: epoch 289, iter:0, loss: 0.4395, lr: 1.3903222849333505e-05
2026-09-13 23:18:12 - train: epoch 289, iter:20, loss: 0.3813, lr: 1.3903222849333505e-05
2026-09-13 23:18:35 - val epoch: 289, loss: 0.8857
2026-09-13 23:18:35 - train gamma: g2=0.102 g3=0.110 g4=0.094 g5=0.103
2026-09-13 23:18:37 - train: epoch 290, iter:0, loss: 0.3832, lr: 1.3280481027803759e-05
2026-09-13 23:18:42 - train: epoch 290, iter:20, loss: 0.3793, lr: 1.3280481027803759e-05
2026-09-13 23:21:39 - val epoch: 290, loss: 0.8871, miou: 0.7858323739803663, f1_or_dsc: 0.8800740600629361, accuracy: 0.9420251751890277,                 specificity: 0.9639391688648646, sensitivity: 0.8739119806051255, confusion_matrix: [[38618774  1444723]
 [ 1625223 11264368]]
2026-09-13 23:21:39 - train gamma: g2=0.102 g3=0.110 g4=0.094 g5=0.103
2026-09-13 23:21:41 - train: epoch 291, iter:0, loss: 0.4160, lr: 1.271166179270472e-05
2026-09-13 23:21:47 - train: epoch 291, iter:20, loss: 0.3881, lr: 1.271166179270472e-05
2026-09-13 23:22:09 - val epoch: 291, loss: 0.8894
2026-09-13 23:22:09 - train gamma: g2=0.102 g3=0.110 g4=0.094 g5=0.103
2026-09-13 23:22:11 - train: epoch 292, iter:0, loss: 0.3757, lr: 1.21968275214754e-05
2026-09-13 23:22:16 - train: epoch 292, iter:20, loss: 0.3843, lr: 1.21968275214754e-05
2026-09-13 23:22:42 - val epoch: 292, loss: 0.8897
2026-09-13 23:22:42 - train gamma: g2=0.102 g3=0.110 g4=0.094 g5=0.103
2026-09-13 23:22:44 - train: epoch 293, iter:0, loss: 0.3604, lr: 1.1736034671495336e-05
2026-09-13 23:22:50 - train: epoch 293, iter:20, loss: 0.3873, lr: 1.1736034671495336e-05
2026-09-13 23:23:10 - val epoch: 293, loss: 0.8930
2026-09-13 23:23:10 - train gamma: g2=0.102 g3=0.110 g4=0.094 g5=0.103
2026-09-13 23:23:12 - train: epoch 294, iter:0, loss: 0.3307, lr: 1.1329333773893242e-05
2026-09-13 23:23:18 - train: epoch 294, iter:20, loss: 0.3805, lr: 1.1329333773893242e-05
2026-09-13 23:23:42 - val epoch: 294, loss: 0.8952
2026-09-13 23:23:42 - train gamma: g2=0.102 g3=0.110 g4=0.094 g5=0.103
2026-09-13 23:23:44 - train: epoch 295, iter:0, loss: 0.3447, lr: 1.0976769428005577e-05
2026-09-13 23:23:49 - train: epoch 295, iter:20, loss: 0.3825, lr: 1.0976769428005577e-05
2026-09-13 23:24:14 - val epoch: 295, loss: 0.8913
2026-09-13 23:24:14 - train gamma: g2=0.102 g3=0.110 g4=0.094 g5=0.103
2026-09-13 23:24:16 - train: epoch 296, iter:0, loss: 0.4074, lr: 1.0678380296485951e-05
2026-09-13 23:24:22 - train: epoch 296, iter:20, loss: 0.3910, lr: 1.0678380296485951e-05
2026-09-13 23:24:42 - val epoch: 296, loss: 0.8888
2026-09-13 23:24:42 - train gamma: g2=0.102 g3=0.110 g4=0.094 g5=0.103
2026-09-13 23:24:44 - train: epoch 297, iter:0, loss: 0.3377, lr: 1.04341991010651e-05
2026-09-13 23:24:49 - train: epoch 297, iter:20, loss: 0.3825, lr: 1.04341991010651e-05
2026-09-13 23:25:15 - val epoch: 297, loss: 0.8827
2026-09-13 23:25:15 - train gamma: g2=0.102 g3=0.110 g4=0.094 g5=0.103
2026-09-13 23:25:16 - train: epoch 298, iter:0, loss: 0.4059, lr: 1.0244252618962858e-05
2026-09-13 23:25:22 - train: epoch 298, iter:20, loss: 0.3828, lr: 1.0244252618962858e-05
2026-09-13 23:25:45 - val epoch: 298, loss: 0.8919
2026-09-13 23:25:45 - train gamma: g2=0.102 g3=0.110 g4=0.094 g5=0.103
2026-09-13 23:25:47 - train: epoch 299, iter:0, loss: 0.3659, lr: 1.0108561679951479e-05
2026-09-13 23:25:53 - train: epoch 299, iter:20, loss: 0.3785, lr: 1.0108561679951479e-05
2026-09-13 23:26:13 - val epoch: 299, loss: 0.8814
2026-09-13 23:26:13 - train gamma: g2=0.102 g3=0.110 g4=0.094 g5=0.103
2026-09-13 23:26:15 - train: epoch 300, iter:0, loss: 0.3644, lr: 1.002714116407149e-05
2026-09-13 23:26:21 - train: epoch 300, iter:20, loss: 0.3825, lr: 1.002714116407149e-05
2026-09-13 23:30:00 - val epoch: 300, loss: 0.8884, miou: 0.7840548912035685, f1_or_dsc: 0.8789582597143357, accuracy: 0.9411936278390413,                 specificity: 0.9617945732495593, sensitivity: 0.8771616570300795, confusion_matrix: [[38532854  1530643]
 [ 1583336 11306255]]
2026-09-13 23:30:00 - train gamma: g2=0.102 g3=0.110 g4=0.094 g5=0.103
2026-09-13 23:31:37 - evaluation split=V_dev, loss: 0.7848,miou: 0.797160448916328, f1_or_dsc: 0.8871333101026219, accuracy: 0.9448758493555655,                 specificity: 0.9625328762489206, sensitivity: 0.8899941821272684, confusion_matrix: [[38562433  1501064]
 [ 1417930 11471661]]
