2026-08-26 15:43:44 - PTU ISIC18 | depths=[2, 2, 4, 2] | embed=(64, 128, 256, 512) | heads=(2, 4, 8, 16) | sr=(4, 2, 1, 1) | params: 14,185,281 | batch 64 | AdamW lr=0.0001 wd=0.01 | Cosine 300ep | seed 42
2026-08-26 15:43:47 - train: epoch 1, iter:0, loss: 9.4527, lr: 0.0001
2026-08-26 15:43:56 - train: epoch 1, iter:20, loss: 1.9679, lr: 0.0001
2026-08-26 15:44:10 - val epoch: 1, loss: 1.0038
2026-08-26 15:44:12 - train: epoch 2, iter:0, loss: 1.0032, lr: 9.999753262144806e-05
2026-08-26 15:44:21 - train: epoch 2, iter:20, loss: 0.9278, lr: 9.999753262144806e-05
2026-08-26 15:44:34 - val epoch: 2, loss: 0.8339
2026-08-26 15:44:36 - train: epoch 3, iter:0, loss: 0.7975, lr: 9.999013075636806e-05
2026-08-26 15:44:45 - train: epoch 3, iter:20, loss: 0.7789, lr: 9.999013075636806e-05
2026-08-26 15:44:59 - val epoch: 3, loss: 0.7198
2026-08-26 15:45:01 - train: epoch 4, iter:0, loss: 0.7584, lr: 9.997779521645793e-05
2026-08-26 15:45:10 - train: epoch 4, iter:20, loss: 0.6309, lr: 9.997779521645793e-05
2026-08-26 15:45:23 - val epoch: 4, loss: 0.6654
2026-08-26 15:45:26 - train: epoch 5, iter:0, loss: 0.6360, lr: 9.996052735444864e-05
2026-08-26 15:45:34 - train: epoch 5, iter:20, loss: 0.5952, lr: 9.996052735444864e-05
2026-08-26 15:45:48 - val epoch: 5, loss: 0.6430
2026-08-26 15:45:50 - train: epoch 6, iter:0, loss: 0.5736, lr: 9.993832906395583e-05
2026-08-26 15:45:59 - train: epoch 6, iter:20, loss: 0.5854, lr: 9.993832906395583e-05
2026-08-26 15:46:12 - val epoch: 6, loss: 0.5694
2026-08-26 15:46:14 - train: epoch 7, iter:0, loss: 0.5415, lr: 9.991120277927223e-05
2026-08-26 15:46:23 - train: epoch 7, iter:20, loss: 0.5435, lr: 9.991120277927223e-05
2026-08-26 15:46:37 - val epoch: 7, loss: 0.7003
2026-08-26 15:46:39 - train: epoch 8, iter:0, loss: 0.6182, lr: 9.987915147510061e-05
2026-08-26 15:46:48 - train: epoch 8, iter:20, loss: 0.5432, lr: 9.987915147510061e-05
2026-08-26 15:47:02 - val epoch: 8, loss: 0.5517
2026-08-26 15:47:04 - train: epoch 9, iter:0, loss: 0.5429, lr: 9.98421786662277e-05
2026-08-26 15:47:13 - train: epoch 9, iter:20, loss: 0.5190, lr: 9.98421786662277e-05
2026-08-26 15:47:26 - val epoch: 9, loss: 0.6396
2026-08-26 15:47:28 - train: epoch 10, iter:0, loss: 0.5520, lr: 9.98002884071386e-05
2026-08-26 15:47:37 - train: epoch 10, iter:20, loss: 0.5242, lr: 9.98002884071386e-05
2026-08-26 15:47:51 - val epoch: 10, loss: 0.6336
2026-08-26 15:47:53 - train: epoch 11, iter:0, loss: 0.5335, lr: 9.97534852915723e-05
2026-08-26 15:48:02 - train: epoch 11, iter:20, loss: 0.5169, lr: 9.97534852915723e-05
2026-08-26 15:48:16 - val epoch: 11, loss: 0.5829
2026-08-26 15:48:18 - train: epoch 12, iter:0, loss: 0.4424, lr: 9.970177445201784e-05
2026-08-26 15:48:26 - train: epoch 12, iter:20, loss: 0.4833, lr: 9.970177445201784e-05
2026-08-26 15:48:40 - val epoch: 12, loss: 0.5272
2026-08-26 15:48:42 - train: epoch 13, iter:0, loss: 0.3631, lr: 9.964516155915151e-05
2026-08-26 15:48:51 - train: epoch 13, iter:20, loss: 0.4838, lr: 9.964516155915151e-05
2026-08-26 15:49:05 - val epoch: 13, loss: 0.5474
2026-08-26 15:49:06 - train: epoch 14, iter:0, loss: 0.4734, lr: 9.958365282121496e-05
2026-08-26 15:49:15 - train: epoch 14, iter:20, loss: 0.4603, lr: 9.958365282121496e-05
2026-08-26 15:49:29 - val epoch: 14, loss: 0.5269
2026-08-26 15:49:31 - train: epoch 15, iter:0, loss: 0.6381, lr: 9.951725498333447e-05
2026-08-26 15:49:40 - train: epoch 15, iter:20, loss: 0.4677, lr: 9.951725498333447e-05
2026-08-26 15:49:53 - val epoch: 15, loss: 0.5717
2026-08-26 15:49:56 - train: epoch 16, iter:0, loss: 0.3761, lr: 9.944597532678119e-05
2026-08-26 15:50:05 - train: epoch 16, iter:20, loss: 0.4414, lr: 9.944597532678119e-05
2026-08-26 15:50:18 - val epoch: 16, loss: 0.5237
2026-08-26 15:50:20 - train: epoch 17, iter:0, loss: 0.4999, lr: 9.936982166817271e-05
2026-08-26 15:50:29 - train: epoch 17, iter:20, loss: 0.4390, lr: 9.936982166817271e-05
2026-08-26 15:50:42 - val epoch: 17, loss: 0.5687
2026-08-26 15:50:45 - train: epoch 18, iter:0, loss: 0.4308, lr: 9.928880235861587e-05
2026-08-26 15:50:53 - train: epoch 18, iter:20, loss: 0.4350, lr: 9.928880235861587e-05
2026-08-26 15:51:07 - val epoch: 18, loss: 0.5262
2026-08-26 15:51:09 - train: epoch 19, iter:0, loss: 0.4767, lr: 9.920292628279099e-05
2026-08-26 15:51:18 - train: epoch 19, iter:20, loss: 0.4098, lr: 9.920292628279099e-05
2026-08-26 15:51:31 - val epoch: 19, loss: 0.4958
2026-08-26 15:51:34 - train: epoch 20, iter:0, loss: 0.3427, lr: 9.911220285797748e-05
2026-08-26 15:51:42 - train: epoch 20, iter:20, loss: 0.4192, lr: 9.911220285797748e-05
2026-08-26 15:51:56 - val epoch: 20, loss: 0.5596
2026-08-26 15:51:58 - train: epoch 21, iter:0, loss: 0.4286, lr: 9.901664203302125e-05
2026-08-26 15:52:07 - train: epoch 21, iter:20, loss: 0.4121, lr: 9.901664203302125e-05
2026-08-26 15:52:21 - val epoch: 21, loss: 0.5073
2026-08-26 15:52:23 - train: epoch 22, iter:0, loss: 0.4514, lr: 9.891625428724362e-05
2026-08-26 15:52:32 - train: epoch 22, iter:20, loss: 0.4048, lr: 9.891625428724362e-05
2026-08-26 15:52:45 - val epoch: 22, loss: 0.5211
2026-08-26 15:52:47 - train: epoch 23, iter:0, loss: 0.3987, lr: 9.88110506292922e-05
2026-08-26 15:52:56 - train: epoch 23, iter:20, loss: 0.3942, lr: 9.88110506292922e-05
2026-08-26 15:53:10 - val epoch: 23, loss: 0.5199
2026-08-26 15:53:12 - train: epoch 24, iter:0, loss: 0.4624, lr: 9.87010425959336e-05
2026-08-26 15:53:21 - train: epoch 24, iter:20, loss: 0.4015, lr: 9.87010425959336e-05
2026-08-26 15:53:34 - val epoch: 24, loss: 0.5176
2026-08-26 15:53:36 - train: epoch 25, iter:0, loss: 0.4329, lr: 9.858624225078838e-05
2026-08-26 15:53:45 - train: epoch 25, iter:20, loss: 0.3921, lr: 9.858624225078838e-05
2026-08-26 15:53:58 - val epoch: 25, loss: 0.4991
2026-08-26 15:54:00 - train: epoch 26, iter:0, loss: 0.3686, lr: 9.846666218300805e-05
2026-08-26 15:54:09 - train: epoch 26, iter:20, loss: 0.4006, lr: 9.846666218300805e-05
2026-08-26 15:54:22 - val epoch: 26, loss: 0.5038
2026-08-26 15:54:24 - train: epoch 27, iter:0, loss: 0.3337, lr: 9.83423155058946e-05
2026-08-26 15:54:33 - train: epoch 27, iter:20, loss: 0.4232, lr: 9.83423155058946e-05
2026-08-26 15:54:47 - val epoch: 27, loss: 0.5802
2026-08-26 15:54:49 - train: epoch 28, iter:0, loss: 0.4288, lr: 9.821321585546243e-05
2026-08-26 15:54:58 - train: epoch 28, iter:20, loss: 0.3970, lr: 9.821321585546243e-05
2026-08-26 15:55:12 - val epoch: 28, loss: 0.4979
2026-08-26 15:55:14 - train: epoch 29, iter:0, loss: 0.3328, lr: 9.8079377388943e-05
2026-08-26 15:55:22 - train: epoch 29, iter:20, loss: 0.3643, lr: 9.8079377388943e-05
2026-08-26 15:55:36 - val epoch: 29, loss: 0.4954
2026-08-26 15:55:38 - train: epoch 30, iter:0, loss: 0.3758, lr: 9.794081478323245e-05
2026-08-26 15:55:47 - train: epoch 30, iter:20, loss: 0.3803, lr: 9.794081478323245e-05
2026-08-26 15:56:04 - val epoch: 30, loss: 0.5500, miou: 0.6787015090120132, f1_or_dsc: 0.8086029652900684, accuracy: 0.9121140961599822, specificity: 0.9601918674248531, sensitivity: 0.7626785054700339
2026-08-26 15:56:06 - train: epoch 31, iter:0, loss: 0.3101, lr: 9.779754323328191e-05
2026-08-26 15:56:15 - train: epoch 31, iter:20, loss: 0.3847, lr: 9.779754323328191e-05
2026-08-26 15:56:29 - val epoch: 31, loss: 0.5185
2026-08-26 15:56:31 - train: epoch 32, iter:0, loss: 0.3425, lr: 9.764957845043135e-05
2026-08-26 15:56:40 - train: epoch 32, iter:20, loss: 0.3634, lr: 9.764957845043135e-05
2026-08-26 15:56:54 - val epoch: 32, loss: 0.5282
2026-08-26 15:56:56 - train: epoch 33, iter:0, loss: 0.4036, lr: 9.749693666068665e-05
2026-08-26 15:57:05 - train: epoch 33, iter:20, loss: 0.3622, lr: 9.749693666068665e-05
2026-08-26 15:57:19 - val epoch: 33, loss: 0.6225
2026-08-26 15:57:21 - train: epoch 34, iter:0, loss: 0.3355, lr: 9.733963460294014e-05
2026-08-26 15:57:29 - train: epoch 34, iter:20, loss: 0.3452, lr: 9.733963460294014e-05
2026-08-26 15:57:43 - val epoch: 34, loss: 0.5035
2026-08-26 15:57:45 - train: epoch 35, iter:0, loss: 0.4258, lr: 9.71776895271351e-05
2026-08-26 15:57:54 - train: epoch 35, iter:20, loss: 0.3788, lr: 9.71776895271351e-05
2026-08-26 15:58:08 - val epoch: 35, loss: 0.5072
2026-08-26 15:58:10 - train: epoch 36, iter:0, loss: 0.3239, lr: 9.701111919237405e-05
2026-08-26 15:58:19 - train: epoch 36, iter:20, loss: 0.3665, lr: 9.701111919237405e-05
2026-08-26 15:58:33 - val epoch: 36, loss: 0.4764
2026-08-26 15:58:36 - train: epoch 37, iter:0, loss: 0.3425, lr: 9.68399418649713e-05
2026-08-26 15:58:45 - train: epoch 37, iter:20, loss: 0.3679, lr: 9.68399418649713e-05
2026-08-26 15:58:59 - val epoch: 37, loss: 0.5093
2026-08-26 15:59:01 - train: epoch 38, iter:0, loss: 0.3300, lr: 9.666417631644976e-05
2026-08-26 15:59:10 - train: epoch 38, iter:20, loss: 0.3463, lr: 9.666417631644976e-05
2026-08-26 15:59:24 - val epoch: 38, loss: 0.4860
2026-08-26 15:59:26 - train: epoch 39, iter:0, loss: 0.3385, lr: 9.648384182148252e-05
2026-08-26 15:59:35 - train: epoch 39, iter:20, loss: 0.3481, lr: 9.648384182148252e-05
2026-08-26 15:59:49 - val epoch: 39, loss: 0.5601
2026-08-26 15:59:51 - train: epoch 40, iter:0, loss: 0.3224, lr: 9.629895815577914e-05
2026-08-26 15:59:59 - train: epoch 40, iter:20, loss: 0.3475, lr: 9.629895815577914e-05
2026-08-26 16:00:14 - val epoch: 40, loss: 0.5084
2026-08-26 16:00:16 - train: epoch 41, iter:0, loss: 0.3484, lr: 9.610954559391703e-05
2026-08-26 16:00:24 - train: epoch 41, iter:20, loss: 0.3587, lr: 9.610954559391703e-05
2026-08-26 16:00:38 - val epoch: 41, loss: 0.4818
2026-08-26 16:00:41 - train: epoch 42, iter:0, loss: 0.3509, lr: 9.591562490711808e-05
2026-08-26 16:00:49 - train: epoch 42, iter:20, loss: 0.3623, lr: 9.591562490711808e-05
2026-08-26 16:01:03 - val epoch: 42, loss: 0.4719
2026-08-26 16:01:05 - train: epoch 43, iter:0, loss: 0.2930, lr: 9.571721736097088e-05
2026-08-26 16:01:14 - train: epoch 43, iter:20, loss: 0.3315, lr: 9.571721736097088e-05
2026-08-26 16:01:28 - val epoch: 43, loss: 0.4639
2026-08-26 16:01:30 - train: epoch 44, iter:0, loss: 0.3383, lr: 9.55143447130987e-05
2026-08-26 16:01:39 - train: epoch 44, iter:20, loss: 0.3470, lr: 9.55143447130987e-05
2026-08-26 16:01:53 - val epoch: 44, loss: 0.4833
2026-08-26 16:01:55 - train: epoch 45, iter:0, loss: 0.2969, lr: 9.530702921077357e-05
2026-08-26 16:02:03 - train: epoch 45, iter:20, loss: 0.3462, lr: 9.530702921077357e-05
2026-08-26 16:02:17 - val epoch: 45, loss: 0.4489
2026-08-26 16:02:19 - train: epoch 46, iter:0, loss: 0.3032, lr: 9.509529358847654e-05
2026-08-26 16:02:28 - train: epoch 46, iter:20, loss: 0.3434, lr: 9.509529358847654e-05
2026-08-26 16:02:42 - val epoch: 46, loss: 0.4629
2026-08-26 16:02:44 - train: epoch 47, iter:0, loss: 0.3256, lr: 9.487916106540465e-05
2026-08-26 16:02:53 - train: epoch 47, iter:20, loss: 0.3135, lr: 9.487916106540465e-05
2026-08-26 16:03:07 - val epoch: 47, loss: 0.4529
2026-08-26 16:03:09 - train: epoch 48, iter:0, loss: 0.3488, lr: 9.465865534292464e-05
2026-08-26 16:03:18 - train: epoch 48, iter:20, loss: 0.3208, lr: 9.465865534292464e-05
2026-08-26 16:03:32 - val epoch: 48, loss: 0.5439
2026-08-26 16:03:34 - train: epoch 49, iter:0, loss: 0.2941, lr: 9.443380060197386e-05
2026-08-26 16:03:43 - train: epoch 49, iter:20, loss: 0.3381, lr: 9.443380060197386e-05
2026-08-26 16:03:57 - val epoch: 49, loss: 0.5312
2026-08-26 16:03:59 - train: epoch 50, iter:0, loss: 0.3245, lr: 9.420462150040853e-05
2026-08-26 16:04:08 - train: epoch 50, iter:20, loss: 0.3152, lr: 9.420462150040853e-05
2026-08-26 16:04:22 - val epoch: 50, loss: 0.4577
2026-08-26 16:04:24 - train: epoch 51, iter:0, loss: 0.3848, lr: 9.397114317029975e-05
2026-08-26 16:04:32 - train: epoch 51, iter:20, loss: 0.3179, lr: 9.397114317029975e-05
2026-08-26 16:04:46 - val epoch: 51, loss: 0.4661
2026-08-26 16:04:49 - train: epoch 52, iter:0, loss: 0.4093, lr: 9.373339121517747e-05
2026-08-26 16:04:57 - train: epoch 52, iter:20, loss: 0.3395, lr: 9.373339121517747e-05
2026-08-26 16:05:11 - val epoch: 52, loss: 0.4582
2026-08-26 16:05:14 - train: epoch 53, iter:0, loss: 0.2473, lr: 9.349139170722281e-05
2026-08-26 16:05:23 - train: epoch 53, iter:20, loss: 0.3185, lr: 9.349139170722281e-05
2026-08-26 16:05:36 - val epoch: 53, loss: 0.5249
2026-08-26 16:05:39 - train: epoch 54, iter:0, loss: 0.2468, lr: 9.32451711844089e-05
2026-08-26 16:05:48 - train: epoch 54, iter:20, loss: 0.3145, lr: 9.32451711844089e-05
2026-08-26 16:06:02 - val epoch: 54, loss: 0.5022
2026-08-26 16:06:04 - train: epoch 55, iter:0, loss: 0.3688, lr: 9.29947566475907e-05
2026-08-26 16:06:13 - train: epoch 55, iter:20, loss: 0.3194, lr: 9.29947566475907e-05
2026-08-26 16:06:26 - val epoch: 55, loss: 0.4636
2026-08-26 16:06:28 - train: epoch 56, iter:0, loss: 0.4036, lr: 9.274017555754411e-05
2026-08-26 16:06:37 - train: epoch 56, iter:20, loss: 0.3230, lr: 9.274017555754411e-05
2026-08-26 16:06:51 - val epoch: 56, loss: 0.4520
2026-08-26 16:06:53 - train: epoch 57, iter:0, loss: 0.3244, lr: 9.248145583195451e-05
2026-08-26 16:07:02 - train: epoch 57, iter:20, loss: 0.3153, lr: 9.248145583195451e-05
2026-08-26 16:07:16 - val epoch: 57, loss: 0.5306
2026-08-26 16:07:18 - train: epoch 58, iter:0, loss: 0.2922, lr: 9.22186258423553e-05
2026-08-26 16:07:27 - train: epoch 58, iter:20, loss: 0.3001, lr: 9.22186258423553e-05
2026-08-26 16:07:41 - val epoch: 58, loss: 0.4734
2026-08-26 16:07:43 - train: epoch 59, iter:0, loss: 0.4278, lr: 9.195171441101671e-05
2026-08-26 16:07:52 - train: epoch 59, iter:20, loss: 0.3181, lr: 9.195171441101671e-05
2026-08-26 16:08:06 - val epoch: 59, loss: 0.5043
2026-08-26 16:08:08 - train: epoch 60, iter:0, loss: 0.3465, lr: 9.168075080778497e-05
2026-08-26 16:08:17 - train: epoch 60, iter:20, loss: 0.3178, lr: 9.168075080778497e-05
2026-08-26 16:08:35 - val epoch: 60, loss: 0.4682, miou: 0.6967289979186612, f1_or_dsc: 0.8212613785387328, accuracy: 0.917617665659083, specificity: 0.962686732014432, sensitivity: 0.7775337479676431
2026-08-26 16:08:37 - train: epoch 61, iter:0, loss: 0.3309, lr: 9.140576474687266e-05
2026-08-26 16:08:46 - train: epoch 61, iter:20, loss: 0.2978, lr: 9.140576474687266e-05
2026-08-26 16:09:00 - val epoch: 61, loss: 0.4523
2026-08-26 16:09:02 - train: epoch 62, iter:0, loss: 0.3744, lr: 9.112678638360019e-05
2026-08-26 16:09:11 - train: epoch 62, iter:20, loss: 0.3102, lr: 9.112678638360019e-05
2026-08-26 16:09:25 - val epoch: 62, loss: 0.4669
2026-08-26 16:09:27 - train: epoch 63, iter:0, loss: 0.2632, lr: 9.084384631108886e-05
2026-08-26 16:09:36 - train: epoch 63, iter:20, loss: 0.2958, lr: 9.084384631108886e-05
2026-08-26 16:09:50 - val epoch: 63, loss: 0.4532
2026-08-26 16:09:52 - train: epoch 64, iter:0, loss: 0.3223, lr: 9.055697555690608e-05
2026-08-26 16:10:00 - train: epoch 64, iter:20, loss: 0.2918, lr: 9.055697555690608e-05
2026-08-26 16:10:14 - val epoch: 64, loss: 0.4832
2026-08-26 16:10:17 - train: epoch 65, iter:0, loss: 0.2220, lr: 9.026620557966282e-05
2026-08-26 16:10:26 - train: epoch 65, iter:20, loss: 0.2947, lr: 9.026620557966282e-05
2026-08-26 16:10:39 - val epoch: 65, loss: 0.4716
2026-08-26 16:10:42 - train: epoch 66, iter:0, loss: 0.2686, lr: 8.997156826556372e-05
2026-08-26 16:10:51 - train: epoch 66, iter:20, loss: 0.2878, lr: 8.997156826556372e-05
2026-08-26 16:11:05 - val epoch: 66, loss: 0.4628
2026-08-26 16:11:07 - train: epoch 67, iter:0, loss: 0.3151, lr: 8.967309592491055e-05
2026-08-26 16:11:16 - train: epoch 67, iter:20, loss: 0.2875, lr: 8.967309592491055e-05
2026-08-26 16:11:30 - val epoch: 67, loss: 0.4849
2026-08-26 16:11:32 - train: epoch 68, iter:0, loss: 0.2527, lr: 8.937082128855894e-05
2026-08-26 16:11:41 - train: epoch 68, iter:20, loss: 0.2905, lr: 8.937082128855894e-05
2026-08-26 16:11:55 - val epoch: 68, loss: 0.4916
2026-08-26 16:11:57 - train: epoch 69, iter:0, loss: 0.3566, lr: 8.906477750432907e-05
2026-08-26 16:12:05 - train: epoch 69, iter:20, loss: 0.2948, lr: 8.906477750432907e-05
2026-08-26 16:12:20 - val epoch: 69, loss: 0.4707
2026-08-26 16:12:22 - train: epoch 70, iter:0, loss: 0.2709, lr: 8.875499813337071e-05
2026-08-26 16:12:31 - train: epoch 70, iter:20, loss: 0.2843, lr: 8.875499813337071e-05
2026-08-26 16:12:45 - val epoch: 70, loss: 0.4633
2026-08-26 16:12:47 - train: epoch 71, iter:0, loss: 0.2949, lr: 8.844151714648278e-05
2026-08-26 16:12:56 - train: epoch 71, iter:20, loss: 0.2909, lr: 8.844151714648278e-05
2026-08-26 16:13:10 - val epoch: 71, loss: 0.4603
2026-08-26 16:13:12 - train: epoch 72, iter:0, loss: 0.2998, lr: 8.812436892038808e-05
2026-08-26 16:13:20 - train: epoch 72, iter:20, loss: 0.2864, lr: 8.812436892038808e-05
2026-08-26 16:13:34 - val epoch: 72, loss: 0.4411
2026-08-26 16:13:37 - train: epoch 73, iter:0, loss: 0.2655, lr: 8.780358823396356e-05
2026-08-26 16:13:45 - train: epoch 73, iter:20, loss: 0.2819, lr: 8.780358823396356e-05
2026-08-26 16:13:59 - val epoch: 73, loss: 0.4577
2026-08-26 16:14:02 - train: epoch 74, iter:0, loss: 0.3107, lr: 8.747921026442633e-05
2026-08-26 16:14:10 - train: epoch 74, iter:20, loss: 0.2754, lr: 8.747921026442633e-05
2026-08-26 16:14:24 - val epoch: 74, loss: 0.4739
2026-08-26 16:14:26 - train: epoch 75, iter:0, loss: 0.2873, lr: 8.715127058347619e-05
2026-08-26 16:14:35 - train: epoch 75, iter:20, loss: 0.2716, lr: 8.715127058347619e-05
2026-08-26 16:14:49 - val epoch: 75, loss: 0.4627
2026-08-26 16:14:52 - train: epoch 76, iter:0, loss: 0.2829, lr: 8.681980515339468e-05
2026-08-26 16:15:00 - train: epoch 76, iter:20, loss: 0.2805, lr: 8.681980515339468e-05
2026-08-26 16:15:15 - val epoch: 76, loss: 0.4508
2026-08-26 16:15:17 - train: epoch 77, iter:0, loss: 0.3146, lr: 8.648485032310149e-05
2026-08-26 16:15:26 - train: epoch 77, iter:20, loss: 0.2710, lr: 8.648485032310149e-05
2026-08-26 16:15:40 - val epoch: 77, loss: 0.4630
2026-08-26 16:15:42 - train: epoch 78, iter:0, loss: 0.2609, lr: 8.614644282416834e-05
2026-08-26 16:15:51 - train: epoch 78, iter:20, loss: 0.2614, lr: 8.614644282416834e-05
2026-08-26 16:16:05 - val epoch: 78, loss: 0.4345
2026-08-26 16:16:07 - train: epoch 79, iter:0, loss: 0.2537, lr: 8.580461976679102e-05
2026-08-26 16:16:16 - train: epoch 79, iter:20, loss: 0.2668, lr: 8.580461976679102e-05
2026-08-26 16:16:30 - val epoch: 79, loss: 0.4494
2026-08-26 16:16:32 - train: epoch 80, iter:0, loss: 0.3662, lr: 8.545941863571975e-05
2026-08-26 16:16:41 - train: epoch 80, iter:20, loss: 0.2715, lr: 8.545941863571975e-05
2026-08-26 16:16:54 - val epoch: 80, loss: 0.4539
2026-08-26 16:16:57 - train: epoch 81, iter:0, loss: 0.2179, lr: 8.511087728614864e-05
2026-08-26 16:17:06 - train: epoch 81, iter:20, loss: 0.2734, lr: 8.511087728614864e-05
2026-08-26 16:17:19 - val epoch: 81, loss: 0.4508
2026-08-26 16:17:21 - train: epoch 82, iter:0, loss: 0.2143, lr: 8.475903393956435e-05
2026-08-26 16:17:30 - train: epoch 82, iter:20, loss: 0.2708, lr: 8.475903393956435e-05
2026-08-26 16:17:44 - val epoch: 82, loss: 0.4669
2026-08-26 16:17:46 - train: epoch 83, iter:0, loss: 0.3339, lr: 8.440392717955477e-05
2026-08-26 16:17:55 - train: epoch 83, iter:20, loss: 0.2700, lr: 8.440392717955477e-05
2026-08-26 16:18:09 - val epoch: 83, loss: 0.4774
2026-08-26 16:18:11 - train: epoch 84, iter:0, loss: 0.2650, lr: 8.40455959475778e-05
2026-08-26 16:18:20 - train: epoch 84, iter:20, loss: 0.2595, lr: 8.40455959475778e-05
2026-08-26 16:18:34 - val epoch: 84, loss: 0.4787
2026-08-26 16:18:36 - train: epoch 85, iter:0, loss: 0.2917, lr: 8.368407953869106e-05
2026-08-26 16:18:45 - train: epoch 85, iter:20, loss: 0.2632, lr: 8.368407953869106e-05
2026-08-26 16:18:59 - val epoch: 85, loss: 0.4534
2026-08-26 16:19:01 - train: epoch 86, iter:0, loss: 0.2796, lr: 8.331941759724271e-05
2026-08-26 16:19:10 - train: epoch 86, iter:20, loss: 0.2645, lr: 8.331941759724271e-05
2026-08-26 16:19:24 - val epoch: 86, loss: 0.4382
2026-08-26 16:19:27 - train: epoch 87, iter:0, loss: 0.2654, lr: 8.2951650112524e-05
2026-08-26 16:19:35 - train: epoch 87, iter:20, loss: 0.2587, lr: 8.2951650112524e-05
2026-08-26 16:19:49 - val epoch: 87, loss: 0.4771
2026-08-26 16:19:51 - train: epoch 88, iter:0, loss: 0.2282, lr: 8.258081741438397e-05
2026-08-26 16:20:00 - train: epoch 88, iter:20, loss: 0.2647, lr: 8.258081741438397e-05
2026-08-26 16:20:14 - val epoch: 88, loss: 0.5023
2026-08-26 16:20:16 - train: epoch 89, iter:0, loss: 0.2387, lr: 8.22069601688069e-05
2026-08-26 16:20:25 - train: epoch 89, iter:20, loss: 0.2715, lr: 8.22069601688069e-05
2026-08-26 16:20:39 - val epoch: 89, loss: 0.5143
2026-08-26 16:20:41 - train: epoch 90, iter:0, loss: 0.3207, lr: 8.183011937345273e-05
2026-08-26 16:20:50 - train: epoch 90, iter:20, loss: 0.2605, lr: 8.183011937345273e-05
2026-08-26 16:21:08 - val epoch: 90, loss: 0.4838, miou: 0.6942636406213331, f1_or_dsc: 0.8195461721255229, accuracy: 0.9150485803585241, specificity: 0.9544755167028979, sensitivity: 0.7925015619192262
2026-08-26 16:21:10 - train: epoch 91, iter:0, loss: 0.2058, lr: 8.145033635316131e-05
2026-08-26 16:21:19 - train: epoch 91, iter:20, loss: 0.2504, lr: 8.145033635316131e-05
2026-08-26 16:21:33 - val epoch: 91, loss: 0.4389
2026-08-26 16:21:35 - train: epoch 92, iter:0, loss: 0.2487, lr: 8.106765275542056e-05
2026-08-26 16:21:44 - train: epoch 92, iter:20, loss: 0.2606, lr: 8.106765275542056e-05
2026-08-26 16:21:57 - val epoch: 92, loss: 0.4499
2026-08-26 16:21:59 - train: epoch 93, iter:0, loss: 0.2514, lr: 8.068211054579945e-05
2026-08-26 16:22:08 - train: epoch 93, iter:20, loss: 0.2608, lr: 8.068211054579945e-05
2026-08-26 16:22:22 - val epoch: 93, loss: 0.4875
2026-08-26 16:22:24 - train: epoch 94, iter:0, loss: 0.2429, lr: 8.02937520033459e-05
2026-08-26 16:22:33 - train: epoch 94, iter:20, loss: 0.2617, lr: 8.02937520033459e-05
2026-08-26 16:22:47 - val epoch: 94, loss: 0.4525
2026-08-26 16:22:49 - train: epoch 95, iter:0, loss: 0.2706, lr: 7.99026197159505e-05
2026-08-26 16:22:58 - train: epoch 95, iter:20, loss: 0.2488, lr: 7.99026197159505e-05
2026-08-26 16:23:12 - val epoch: 95, loss: 0.4413
2026-08-26 16:23:14 - train: epoch 96, iter:0, loss: 0.2007, lr: 7.950875657567623e-05
2026-08-26 16:23:23 - train: epoch 96, iter:20, loss: 0.2532, lr: 7.950875657567623e-05
2026-08-26 16:23:37 - val epoch: 96, loss: 0.4551
2026-08-26 16:23:39 - train: epoch 97, iter:0, loss: 0.2531, lr: 7.911220577405486e-05
2026-08-26 16:23:48 - train: epoch 97, iter:20, loss: 0.2499, lr: 7.911220577405486e-05
2026-08-26 16:24:02 - val epoch: 97, loss: 0.4506
2026-08-26 16:24:04 - train: epoch 98, iter:0, loss: 0.2748, lr: 7.871301079735051e-05
2026-08-26 16:24:13 - train: epoch 98, iter:20, loss: 0.2457, lr: 7.871301079735051e-05
2026-08-26 16:24:27 - val epoch: 98, loss: 0.4612
2026-08-26 16:24:29 - train: epoch 99, iter:0, loss: 0.2084, lr: 7.831121542179088e-05
2026-08-26 16:24:38 - train: epoch 99, iter:20, loss: 0.2526, lr: 7.831121542179088e-05
2026-08-26 16:24:52 - val epoch: 99, loss: 0.4737
2026-08-26 16:24:54 - train: epoch 100, iter:0, loss: 0.2575, lr: 7.790686370876673e-05
2026-08-26 16:25:03 - train: epoch 100, iter:20, loss: 0.2422, lr: 7.790686370876673e-05
2026-08-26 16:25:17 - val epoch: 100, loss: 0.4647
2026-08-26 16:25:19 - train: epoch 101, iter:0, loss: 0.2222, lr: 7.750000000000003e-05
2026-08-26 16:25:28 - train: epoch 101, iter:20, loss: 0.2324, lr: 7.750000000000003e-05
2026-08-26 16:25:42 - val epoch: 101, loss: 0.5043
2026-08-26 16:25:44 - train: epoch 102, iter:0, loss: 0.2409, lr: 7.709066891268137e-05
2026-08-26 16:25:53 - train: epoch 102, iter:20, loss: 0.2437, lr: 7.709066891268137e-05
2026-08-26 16:26:07 - val epoch: 102, loss: 0.4172
2026-08-26 16:26:09 - train: epoch 103, iter:0, loss: 0.3106, lr: 7.667891533457722e-05
2026-08-26 16:26:18 - train: epoch 103, iter:20, loss: 0.2372, lr: 7.667891533457722e-05
2026-08-26 16:26:32 - val epoch: 103, loss: 0.4827
2026-08-26 16:26:34 - train: epoch 104, iter:0, loss: 0.1920, lr: 7.626478441910747e-05
2026-08-26 16:26:43 - train: epoch 104, iter:20, loss: 0.2332, lr: 7.626478441910747e-05
2026-08-26 16:26:57 - val epoch: 104, loss: 0.4491
2026-08-26 16:26:59 - train: epoch 105, iter:0, loss: 0.2324, lr: 7.584832158039382e-05
2026-08-26 16:27:08 - train: epoch 105, iter:20, loss: 0.2380, lr: 7.584832158039382e-05
2026-08-26 16:27:23 - val epoch: 105, loss: 0.4995
2026-08-26 16:27:26 - train: epoch 106, iter:0, loss: 0.2087, lr: 7.542957248827964e-05
2026-08-26 16:27:34 - train: epoch 106, iter:20, loss: 0.2407, lr: 7.542957248827964e-05
2026-08-26 16:27:52 - val epoch: 106, loss: 0.4492
2026-08-26 16:27:54 - train: epoch 107, iter:0, loss: 0.2865, lr: 7.500858306332177e-05
2026-08-26 16:28:03 - train: epoch 107, iter:20, loss: 0.2328, lr: 7.500858306332177e-05
2026-08-26 16:28:21 - val epoch: 107, loss: 0.4664
2026-08-26 16:28:24 - train: epoch 108, iter:0, loss: 0.2127, lr: 7.458539947175478e-05
2026-08-26 16:28:32 - train: epoch 108, iter:20, loss: 0.2368, lr: 7.458539947175478e-05
2026-08-26 16:28:50 - val epoch: 108, loss: 0.4903
2026-08-26 16:28:53 - train: epoch 109, iter:0, loss: 0.2148, lr: 7.41600681204283e-05
2026-08-26 16:29:02 - train: epoch 109, iter:20, loss: 0.2327, lr: 7.41600681204283e-05
2026-08-26 16:29:25 - val epoch: 109, loss: 0.4401
2026-08-26 16:29:29 - train: epoch 110, iter:0, loss: 0.2443, lr: 7.373263565171809e-05
2026-08-26 16:29:38 - train: epoch 110, iter:20, loss: 0.2337, lr: 7.373263565171809e-05
2026-08-26 16:29:52 - val epoch: 110, loss: 0.4644
2026-08-26 16:29:54 - train: epoch 111, iter:0, loss: 0.2494, lr: 7.330314893841104e-05
2026-08-26 16:30:03 - train: epoch 111, iter:20, loss: 0.2333, lr: 7.330314893841104e-05
2026-08-26 16:30:17 - val epoch: 111, loss: 0.4694
2026-08-26 16:30:20 - train: epoch 112, iter:0, loss: 0.2776, lr: 7.287165507856516e-05
2026-08-26 16:30:28 - train: epoch 112, iter:20, loss: 0.2357, lr: 7.287165507856516e-05
2026-08-26 16:30:42 - val epoch: 112, loss: 0.4861
2026-08-26 16:30:44 - train: epoch 113, iter:0, loss: 0.2961, lr: 7.243820139034467e-05
2026-08-26 16:30:53 - train: epoch 113, iter:20, loss: 0.2402, lr: 7.243820139034467e-05
2026-08-26 16:31:07 - val epoch: 113, loss: 0.4906
2026-08-26 16:31:09 - train: epoch 114, iter:0, loss: 0.1732, lr: 7.200283540683105e-05
2026-08-26 16:31:18 - train: epoch 114, iter:20, loss: 0.2213, lr: 7.200283540683105e-05
2026-08-26 16:31:32 - val epoch: 114, loss: 0.4995
2026-08-26 16:31:34 - train: epoch 115, iter:0, loss: 0.1974, lr: 7.156560487081054e-05
2026-08-26 16:31:43 - train: epoch 115, iter:20, loss: 0.2204, lr: 7.156560487081054e-05
2026-08-26 16:31:57 - val epoch: 115, loss: 0.4959
2026-08-26 16:31:59 - train: epoch 116, iter:0, loss: 0.2100, lr: 7.112655772953852e-05
2026-08-26 16:32:08 - train: epoch 116, iter:20, loss: 0.2294, lr: 7.112655772953852e-05
2026-08-26 16:32:23 - val epoch: 116, loss: 0.4511
2026-08-26 16:32:26 - train: epoch 117, iter:0, loss: 0.2111, lr: 7.06857421294817e-05
2026-08-26 16:32:35 - train: epoch 117, iter:20, loss: 0.2219, lr: 7.06857421294817e-05
2026-08-26 16:32:51 - val epoch: 117, loss: 0.4406
2026-08-26 16:32:53 - train: epoch 118, iter:0, loss: 0.2051, lr: 7.024320641103815e-05
2026-08-26 16:33:02 - train: epoch 118, iter:20, loss: 0.2238, lr: 7.024320641103815e-05
2026-08-26 16:33:15 - val epoch: 118, loss: 0.4493
2026-08-26 16:33:18 - train: epoch 119, iter:0, loss: 0.2420, lr: 6.979899910323627e-05
2026-08-26 16:33:27 - train: epoch 119, iter:20, loss: 0.2164, lr: 6.979899910323627e-05
2026-08-26 16:33:41 - val epoch: 119, loss: 0.4583
2026-08-26 16:33:43 - train: epoch 120, iter:0, loss: 0.2898, lr: 6.935316891841318e-05
2026-08-26 16:33:51 - train: epoch 120, iter:20, loss: 0.2358, lr: 6.935316891841318e-05
2026-08-26 16:34:09 - val epoch: 120, loss: 0.4240, miou: 0.7197445361417737, f1_or_dsc: 0.8370365726022447, accuracy: 0.9210728560343827, specificity: 0.9494961710406857, sensitivity: 0.8327273534125327
2026-08-26 16:34:12 - train: epoch 121, iter:0, loss: 0.2238, lr: 6.890576474687267e-05
2026-08-26 16:34:21 - train: epoch 121, iter:20, loss: 0.2239, lr: 6.890576474687267e-05
2026-08-26 16:34:35 - val epoch: 121, loss: 0.4705
2026-08-26 16:34:37 - train: epoch 122, iter:0, loss: 0.2374, lr: 6.845683565152394e-05
2026-08-26 16:34:46 - train: epoch 122, iter:20, loss: 0.2275, lr: 6.845683565152394e-05
2026-08-26 16:35:00 - val epoch: 122, loss: 0.4929
2026-08-26 16:35:02 - train: epoch 123, iter:0, loss: 0.2256, lr: 6.800643086250126e-05
2026-08-26 16:35:11 - train: epoch 123, iter:20, loss: 0.2149, lr: 6.800643086250126e-05
2026-08-26 16:35:25 - val epoch: 123, loss: 0.4630
2026-08-26 16:35:26 - train: epoch 124, iter:0, loss: 0.2576, lr: 6.755459977176537e-05
2026-08-26 16:35:35 - train: epoch 124, iter:20, loss: 0.2220, lr: 6.755459977176537e-05
2026-08-26 16:35:49 - val epoch: 124, loss: 0.5358
2026-08-26 16:35:51 - train: epoch 125, iter:0, loss: 0.1744, lr: 6.710139192768701e-05
2026-08-26 16:36:00 - train: epoch 125, iter:20, loss: 0.2126, lr: 6.710139192768701e-05
2026-08-26 16:36:14 - val epoch: 125, loss: 0.4631
2026-08-26 16:36:16 - train: epoch 126, iter:0, loss: 0.2989, lr: 6.66468570296135e-05
2026-08-26 16:36:25 - train: epoch 126, iter:20, loss: 0.2231, lr: 6.66468570296135e-05
2026-08-26 16:36:39 - val epoch: 126, loss: 0.4785
2026-08-26 16:36:41 - train: epoch 127, iter:0, loss: 0.2392, lr: 6.619104492241852e-05
2026-08-26 16:36:50 - train: epoch 127, iter:20, loss: 0.2214, lr: 6.619104492241852e-05
2026-08-26 16:37:04 - val epoch: 127, loss: 0.4347
2026-08-26 16:37:06 - train: epoch 128, iter:0, loss: 0.1673, lr: 6.57340055910362e-05
2026-08-26 16:37:15 - train: epoch 128, iter:20, loss: 0.2154, lr: 6.57340055910362e-05
2026-08-26 16:37:29 - val epoch: 128, loss: 0.4490
2026-08-26 16:37:31 - train: epoch 129, iter:0, loss: 0.2461, lr: 6.527578915497956e-05
2026-08-26 16:37:40 - train: epoch 129, iter:20, loss: 0.2145, lr: 6.527578915497956e-05
2026-08-26 16:37:56 - val epoch: 129, loss: 0.4933
2026-08-26 16:37:58 - train: epoch 130, iter:0, loss: 0.2012, lr: 6.481644586284449e-05
2026-08-26 16:38:07 - train: epoch 130, iter:20, loss: 0.2080, lr: 6.481644586284449e-05
2026-08-26 16:38:21 - val epoch: 130, loss: 0.4597
2026-08-26 16:38:22 - train: epoch 131, iter:0, loss: 0.1680, lr: 6.435602608679923e-05
2026-08-26 16:38:31 - train: epoch 131, iter:20, loss: 0.2091, lr: 6.435602608679923e-05
2026-08-26 16:38:45 - val epoch: 131, loss: 0.4669
2026-08-26 16:38:48 - train: epoch 132, iter:0, loss: 0.2100, lr: 6.389458031706073e-05
2026-08-26 16:38:56 - train: epoch 132, iter:20, loss: 0.2092, lr: 6.389458031706073e-05
2026-08-26 16:39:10 - val epoch: 132, loss: 0.4406
2026-08-26 16:39:13 - train: epoch 133, iter:0, loss: 0.2037, lr: 6.343215915635769e-05
2026-08-26 16:39:22 - train: epoch 133, iter:20, loss: 0.2181, lr: 6.343215915635769e-05
2026-08-26 16:39:36 - val epoch: 133, loss: 0.4622
2026-08-26 16:39:38 - train: epoch 134, iter:0, loss: 0.1953, lr: 6.296881331438133e-05
2026-08-26 16:39:47 - train: epoch 134, iter:20, loss: 0.2111, lr: 6.296881331438133e-05
2026-08-26 16:40:03 - val epoch: 134, loss: 0.4348
2026-08-26 16:40:06 - train: epoch 135, iter:0, loss: 0.1890, lr: 6.250459360222469e-05
2026-08-26 16:40:15 - train: epoch 135, iter:20, loss: 0.2087, lr: 6.250459360222469e-05
2026-08-26 16:40:29 - val epoch: 135, loss: 0.4815
2026-08-26 16:40:31 - train: epoch 136, iter:0, loss: 0.1978, lr: 6.203955092681049e-05
2026-08-26 16:40:40 - train: epoch 136, iter:20, loss: 0.2093, lr: 6.203955092681049e-05
2026-08-26 16:40:57 - val epoch: 136, loss: 0.4245
2026-08-26 16:41:00 - train: epoch 137, iter:0, loss: 0.2037, lr: 6.157373628530863e-05
2026-08-26 16:41:09 - train: epoch 137, iter:20, loss: 0.2141, lr: 6.157373628530863e-05
2026-08-26 16:41:23 - val epoch: 137, loss: 0.4587
2026-08-26 16:41:25 - train: epoch 138, iter:0, loss: 0.2037, lr: 6.11072007595438e-05
2026-08-26 16:41:34 - train: epoch 138, iter:20, loss: 0.2118, lr: 6.11072007595438e-05
2026-08-26 16:41:48 - val epoch: 138, loss: 0.5052
2026-08-26 16:41:50 - train: epoch 139, iter:0, loss: 0.2139, lr: 6.06399955103938e-05
2026-08-26 16:41:59 - train: epoch 139, iter:20, loss: 0.2032, lr: 6.06399955103938e-05
2026-08-26 16:42:13 - val epoch: 139, loss: 0.4903
2026-08-26 16:42:15 - train: epoch 140, iter:0, loss: 0.2017, lr: 6.017217177217911e-05
2026-08-26 16:42:24 - train: epoch 140, iter:20, loss: 0.2044, lr: 6.017217177217911e-05
2026-08-26 16:42:38 - val epoch: 140, loss: 0.4889
2026-08-26 16:42:40 - train: epoch 141, iter:0, loss: 0.1784, lr: 5.970378084704452e-05
2026-08-26 16:42:49 - train: epoch 141, iter:20, loss: 0.2065, lr: 5.970378084704452e-05
2026-08-26 16:43:03 - val epoch: 141, loss: 0.4632
2026-08-26 16:43:05 - train: epoch 142, iter:0, loss: 0.1554, lr: 5.923487409933326e-05
2026-08-26 16:43:14 - train: epoch 142, iter:20, loss: 0.2026, lr: 5.923487409933326e-05
2026-08-26 16:43:28 - val epoch: 142, loss: 0.4802
2026-08-26 16:43:29 - train: epoch 143, iter:0, loss: 0.1728, lr: 5.8765502949954305e-05
2026-08-26 16:43:38 - train: epoch 143, iter:20, loss: 0.1979, lr: 5.8765502949954305e-05
2026-08-26 16:43:52 - val epoch: 143, loss: 0.4472
2026-08-26 16:43:55 - train: epoch 144, iter:0, loss: 0.1839, lr: 5.8295718870743535e-05
2026-08-26 16:44:04 - train: epoch 144, iter:20, loss: 0.1951, lr: 5.8295718870743535e-05
2026-08-26 16:44:17 - val epoch: 144, loss: 0.4628
2026-08-26 16:44:19 - train: epoch 145, iter:0, loss: 0.1812, lr: 5.782557337881921e-05
2026-08-26 16:44:28 - train: epoch 145, iter:20, loss: 0.1940, lr: 5.782557337881921e-05
2026-08-26 16:44:42 - val epoch: 145, loss: 0.4333
2026-08-26 16:44:44 - train: epoch 146, iter:0, loss: 0.1909, lr: 5.7355118030932584e-05
2026-08-26 16:44:53 - train: epoch 146, iter:20, loss: 0.1979, lr: 5.7355118030932584e-05
2026-08-26 16:45:07 - val epoch: 146, loss: 0.4800
2026-08-26 16:45:09 - train: epoch 147, iter:0, loss: 0.2249, lr: 5.68844044178141e-05
2026-08-26 16:45:18 - train: epoch 147, iter:20, loss: 0.1980, lr: 5.68844044178141e-05
2026-08-26 16:45:32 - val epoch: 147, loss: 0.4398
2026-08-26 16:45:34 - train: epoch 148, iter:0, loss: 0.1986, lr: 5.641348415851587e-05
2026-08-26 16:45:43 - train: epoch 148, iter:20, loss: 0.1950, lr: 5.641348415851587e-05
2026-08-26 16:45:57 - val epoch: 148, loss: 0.4422
2026-08-26 16:45:59 - train: epoch 149, iter:0, loss: 0.1839, lr: 5.594240889475117e-05
2026-08-26 16:46:08 - train: epoch 149, iter:20, loss: 0.1888, lr: 5.594240889475117e-05
2026-08-26 16:46:22 - val epoch: 149, loss: 0.4510
2026-08-26 16:46:24 - train: epoch 150, iter:0, loss: 0.1855, lr: 5.547123028523116e-05
2026-08-26 16:46:33 - train: epoch 150, iter:20, loss: 0.1923, lr: 5.547123028523116e-05
2026-08-26 16:46:50 - val epoch: 150, loss: 0.4752, miou: 0.7083139414867319, f1_or_dsc: 0.8292550031761633, accuracy: 0.9209611911584835, specificity: 0.9635772433944046, sensitivity: 0.7885017453230285
2026-08-26 16:46:53 - train: epoch 151, iter:0, loss: 0.1862, lr: 5.5000000000000104e-05
2026-08-26 16:47:02 - train: epoch 151, iter:20, loss: 0.1980, lr: 5.5000000000000104e-05
2026-08-26 16:47:16 - val epoch: 151, loss: 0.4577
2026-08-26 16:47:18 - train: epoch 152, iter:0, loss: 0.1791, lr: 5.4528769714769045e-05
2026-08-26 16:47:27 - train: epoch 152, iter:20, loss: 0.1985, lr: 5.4528769714769045e-05
2026-08-26 16:47:41 - val epoch: 152, loss: 0.4511
2026-08-26 16:47:43 - train: epoch 153, iter:0, loss: 0.1982, lr: 5.405759110524905e-05
2026-08-26 16:47:52 - train: epoch 153, iter:20, loss: 0.1926, lr: 5.405759110524905e-05
2026-08-26 16:48:06 - val epoch: 153, loss: 0.4560
2026-08-26 16:48:09 - train: epoch 154, iter:0, loss: 0.1558, lr: 5.3586515841484326e-05
2026-08-26 16:48:17 - train: epoch 154, iter:20, loss: 0.1931, lr: 5.3586515841484326e-05
2026-08-26 16:48:31 - val epoch: 154, loss: 0.5007
2026-08-26 16:48:33 - train: epoch 155, iter:0, loss: 0.2038, lr: 5.311559558218611e-05
2026-08-26 16:48:42 - train: epoch 155, iter:20, loss: 0.1882, lr: 5.311559558218611e-05
2026-08-26 16:48:56 - val epoch: 155, loss: 0.4572
2026-08-26 16:48:58 - train: epoch 156, iter:0, loss: 0.2074, lr: 5.264488196906762e-05
2026-08-26 16:49:07 - train: epoch 156, iter:20, loss: 0.1943, lr: 5.264488196906762e-05
2026-08-26 16:49:21 - val epoch: 156, loss: 0.4803
2026-08-26 16:49:23 - train: epoch 157, iter:0, loss: 0.1640, lr: 5.2174426621181e-05
2026-08-26 16:49:32 - train: epoch 157, iter:20, loss: 0.1917, lr: 5.2174426621181e-05
2026-08-26 16:49:46 - val epoch: 157, loss: 0.4639
2026-08-26 16:49:48 - train: epoch 158, iter:0, loss: 0.1724, lr: 5.170428112925667e-05
2026-08-26 16:49:57 - train: epoch 158, iter:20, loss: 0.1828, lr: 5.170428112925667e-05
2026-08-26 16:50:11 - val epoch: 158, loss: 0.4615
2026-08-26 16:50:13 - train: epoch 159, iter:0, loss: 0.1465, lr: 5.123449705004589e-05
2026-08-26 16:50:22 - train: epoch 159, iter:20, loss: 0.1846, lr: 5.123449705004589e-05
2026-08-26 16:50:36 - val epoch: 159, loss: 0.4402
2026-08-26 16:50:38 - train: epoch 160, iter:0, loss: 0.1811, lr: 5.076512590066694e-05
2026-08-26 16:50:47 - train: epoch 160, iter:20, loss: 0.1862, lr: 5.076512590066694e-05
2026-08-26 16:51:01 - val epoch: 160, loss: 0.4746
2026-08-26 16:51:03 - train: epoch 161, iter:0, loss: 0.2133, lr: 5.0296219152955685e-05
2026-08-26 16:51:12 - train: epoch 161, iter:20, loss: 0.1898, lr: 5.0296219152955685e-05
2026-08-26 16:51:26 - val epoch: 161, loss: 0.4570
2026-08-26 16:51:28 - train: epoch 162, iter:0, loss: 0.1935, lr: 4.982782822782109e-05
2026-08-26 16:51:37 - train: epoch 162, iter:20, loss: 0.1870, lr: 4.982782822782109e-05
2026-08-26 16:51:50 - val epoch: 162, loss: 0.4599
2026-08-26 16:51:53 - train: epoch 163, iter:0, loss: 0.1905, lr: 4.9360004489606395e-05
2026-08-26 16:52:02 - train: epoch 163, iter:20, loss: 0.1908, lr: 4.9360004489606395e-05
2026-08-26 16:52:16 - val epoch: 163, loss: 0.4755
2026-08-26 16:52:18 - train: epoch 164, iter:0, loss: 0.1952, lr: 4.889279924045639e-05
2026-08-26 16:52:27 - train: epoch 164, iter:20, loss: 0.1816, lr: 4.889279924045639e-05
2026-08-26 16:52:41 - val epoch: 164, loss: 0.4602
2026-08-26 16:52:43 - train: epoch 165, iter:0, loss: 0.2127, lr: 4.842626371469157e-05
2026-08-26 16:52:52 - train: epoch 165, iter:20, loss: 0.1857, lr: 4.842626371469157e-05
2026-08-26 16:53:06 - val epoch: 165, loss: 0.4481
2026-08-26 16:53:08 - train: epoch 166, iter:0, loss: 0.2105, lr: 4.79604490731897e-05
2026-08-26 16:53:17 - train: epoch 166, iter:20, loss: 0.1793, lr: 4.79604490731897e-05
2026-08-26 16:53:30 - val epoch: 166, loss: 0.4247
2026-08-26 16:53:33 - train: epoch 167, iter:0, loss: 0.1522, lr: 4.749540639777547e-05
2026-08-26 16:53:41 - train: epoch 167, iter:20, loss: 0.1787, lr: 4.749540639777547e-05
2026-08-26 16:53:55 - val epoch: 167, loss: 0.4628
2026-08-26 16:53:58 - train: epoch 168, iter:0, loss: 0.1861, lr: 4.703118668561883e-05
2026-08-26 16:54:07 - train: epoch 168, iter:20, loss: 0.1838, lr: 4.703118668561883e-05
2026-08-26 16:54:21 - val epoch: 168, loss: 0.4634
2026-08-26 16:54:23 - train: epoch 169, iter:0, loss: 0.1557, lr: 4.656784084364247e-05
2026-08-26 16:54:32 - train: epoch 169, iter:20, loss: 0.1807, lr: 4.656784084364247e-05
2026-08-26 16:54:45 - val epoch: 169, loss: 0.4592
2026-08-26 16:54:48 - train: epoch 170, iter:0, loss: 0.2101, lr: 4.61054196829394e-05
2026-08-26 16:54:57 - train: epoch 170, iter:20, loss: 0.1792, lr: 4.61054196829394e-05
2026-08-26 16:55:11 - val epoch: 170, loss: 0.4519
2026-08-26 16:55:12 - train: epoch 171, iter:0, loss: 0.1957, lr: 4.564397391320091e-05
2026-08-26 16:55:21 - train: epoch 171, iter:20, loss: 0.1803, lr: 4.564397391320091e-05
2026-08-26 16:55:35 - val epoch: 171, loss: 0.4548
2026-08-26 16:55:38 - train: epoch 172, iter:0, loss: 0.1480, lr: 4.518355413715567e-05
2026-08-26 16:55:46 - train: epoch 172, iter:20, loss: 0.1747, lr: 4.518355413715567e-05
2026-08-26 16:56:00 - val epoch: 172, loss: 0.4643
2026-08-26 16:56:03 - train: epoch 173, iter:0, loss: 0.1572, lr: 4.472421084502058e-05
2026-08-26 16:56:12 - train: epoch 173, iter:20, loss: 0.1737, lr: 4.472421084502058e-05
2026-08-26 16:56:26 - val epoch: 173, loss: 0.4398
2026-08-26 16:56:28 - train: epoch 174, iter:0, loss: 0.1770, lr: 4.426599440896395e-05
2026-08-26 16:56:37 - train: epoch 174, iter:20, loss: 0.1777, lr: 4.426599440896395e-05
2026-08-26 16:56:51 - val epoch: 174, loss: 0.4561
2026-08-26 16:56:53 - train: epoch 175, iter:0, loss: 0.2017, lr: 4.380895507758162e-05
2026-08-26 16:57:02 - train: epoch 175, iter:20, loss: 0.1754, lr: 4.380895507758162e-05
2026-08-26 16:57:16 - val epoch: 175, loss: 0.4668
2026-08-26 16:57:19 - train: epoch 176, iter:0, loss: 0.1599, lr: 4.335314297038665e-05
2026-08-26 16:57:27 - train: epoch 176, iter:20, loss: 0.1751, lr: 4.335314297038665e-05
2026-08-26 16:57:41 - val epoch: 176, loss: 0.4540
2026-08-26 16:57:43 - train: epoch 177, iter:0, loss: 0.2099, lr: 4.289860807231313e-05
2026-08-26 16:57:52 - train: epoch 177, iter:20, loss: 0.1785, lr: 4.289860807231313e-05
2026-08-26 16:58:06 - val epoch: 177, loss: 0.4585
2026-08-26 16:58:08 - train: epoch 178, iter:0, loss: 0.1732, lr: 4.2445400228234754e-05
2026-08-26 16:58:17 - train: epoch 178, iter:20, loss: 0.1715, lr: 4.2445400228234754e-05
2026-08-26 16:58:31 - val epoch: 178, loss: 0.4480
2026-08-26 16:58:33 - train: epoch 179, iter:0, loss: 0.1514, lr: 4.1993569137498844e-05
2026-08-26 16:58:42 - train: epoch 179, iter:20, loss: 0.1828, lr: 4.1993569137498844e-05
2026-08-26 16:58:56 - val epoch: 179, loss: 0.4643
2026-08-26 16:58:58 - train: epoch 180, iter:0, loss: 0.1453, lr: 4.154316434847618e-05
2026-08-26 16:59:07 - train: epoch 180, iter:20, loss: 0.1720, lr: 4.154316434847618e-05
2026-08-26 16:59:25 - val epoch: 180, loss: 0.4940, miou: 0.7076291495496594, f1_or_dsc: 0.8287855120490034, accuracy: 0.9211937554992071, specificity: 0.9654674678049198, sensitivity: 0.7835819615998677
2026-08-26 16:59:27 - train: epoch 181, iter:0, loss: 0.1749, lr: 4.109423525312744e-05
2026-08-26 16:59:36 - train: epoch 181, iter:20, loss: 0.1710, lr: 4.109423525312744e-05
2026-08-26 16:59:50 - val epoch: 181, loss: 0.4610
2026-08-26 16:59:52 - train: epoch 182, iter:0, loss: 0.1785, lr: 4.064683108158692e-05
2026-08-26 17:00:01 - train: epoch 182, iter:20, loss: 0.1778, lr: 4.064683108158692e-05
2026-08-26 17:00:18 - val epoch: 182, loss: 0.4851
2026-08-26 17:00:20 - train: epoch 183, iter:0, loss: 0.1413, lr: 4.020100089676382e-05
2026-08-26 17:00:29 - train: epoch 183, iter:20, loss: 0.1717, lr: 4.020100089676382e-05
2026-08-26 17:00:48 - val epoch: 183, loss: 0.5023
2026-08-26 17:00:51 - train: epoch 184, iter:0, loss: 0.1941, lr: 3.975679358896196e-05
2026-08-26 17:01:00 - train: epoch 184, iter:20, loss: 0.1686, lr: 3.975679358896196e-05
2026-08-26 17:01:16 - val epoch: 184, loss: 0.4779
2026-08-26 17:01:18 - train: epoch 185, iter:0, loss: 0.1879, lr: 3.931425787051839e-05
2026-08-26 17:01:26 - train: epoch 185, iter:20, loss: 0.1744, lr: 3.931425787051839e-05
2026-08-26 17:01:40 - val epoch: 185, loss: 0.4676
2026-08-26 17:01:42 - train: epoch 186, iter:0, loss: 0.2099, lr: 3.8873442270461565e-05
2026-08-26 17:01:51 - train: epoch 186, iter:20, loss: 0.1693, lr: 3.8873442270461565e-05
2026-08-26 17:02:09 - val epoch: 186, loss: 0.4708
2026-08-26 17:02:11 - train: epoch 187, iter:0, loss: 0.1793, lr: 3.843439512918957e-05
2026-08-26 17:02:20 - train: epoch 187, iter:20, loss: 0.1752, lr: 3.843439512918957e-05
2026-08-26 17:02:34 - val epoch: 187, loss: 0.4597
2026-08-26 17:02:36 - train: epoch 188, iter:0, loss: 0.1661, lr: 3.7997164593169046e-05
2026-08-26 17:02:45 - train: epoch 188, iter:20, loss: 0.1673, lr: 3.7997164593169046e-05
2026-08-26 17:02:59 - val epoch: 188, loss: 0.4656
2026-08-26 17:03:02 - train: epoch 189, iter:0, loss: 0.1673, lr: 3.756179860965544e-05
2026-08-26 17:03:10 - train: epoch 189, iter:20, loss: 0.1740, lr: 3.756179860965544e-05
2026-08-26 17:03:24 - val epoch: 189, loss: 0.4864
2026-08-26 17:03:27 - train: epoch 190, iter:0, loss: 0.1270, lr: 3.7128344921434934e-05
2026-08-26 17:03:35 - train: epoch 190, iter:20, loss: 0.1636, lr: 3.7128344921434934e-05
2026-08-26 17:03:49 - val epoch: 190, loss: 0.4777
2026-08-26 17:03:51 - train: epoch 191, iter:0, loss: 0.1941, lr: 3.669685106158906e-05
2026-08-26 17:04:00 - train: epoch 191, iter:20, loss: 0.1676, lr: 3.669685106158906e-05
2026-08-26 17:04:14 - val epoch: 191, loss: 0.4631
2026-08-26 17:04:16 - train: epoch 192, iter:0, loss: 0.1701, lr: 3.6267364348282024e-05
2026-08-26 17:04:25 - train: epoch 192, iter:20, loss: 0.1665, lr: 3.6267364348282024e-05
2026-08-26 17:04:39 - val epoch: 192, loss: 0.4608
2026-08-26 17:04:41 - train: epoch 193, iter:0, loss: 0.1830, lr: 3.58399318795718e-05
2026-08-26 17:04:50 - train: epoch 193, iter:20, loss: 0.1661, lr: 3.58399318795718e-05
2026-08-26 17:05:04 - val epoch: 193, loss: 0.4615
2026-08-26 17:05:06 - train: epoch 194, iter:0, loss: 0.1599, lr: 3.541460052824533e-05
2026-08-26 17:05:15 - train: epoch 194, iter:20, loss: 0.1690, lr: 3.541460052824533e-05
2026-08-26 17:05:28 - val epoch: 194, loss: 0.4771
2026-08-26 17:05:31 - train: epoch 195, iter:0, loss: 0.1670, lr: 3.499141693667834e-05
2026-08-26 17:05:39 - train: epoch 195, iter:20, loss: 0.1651, lr: 3.499141693667834e-05
2026-08-26 17:05:53 - val epoch: 195, loss: 0.4908
2026-08-26 17:05:55 - train: epoch 196, iter:0, loss: 0.1724, lr: 3.4570427511720465e-05
2026-08-26 17:06:04 - train: epoch 196, iter:20, loss: 0.1669, lr: 3.4570427511720465e-05
2026-08-26 17:06:18 - val epoch: 196, loss: 0.4532
2026-08-26 17:06:20 - train: epoch 197, iter:0, loss: 0.1456, lr: 3.4151678419606305e-05
2026-08-26 17:06:29 - train: epoch 197, iter:20, loss: 0.1620, lr: 3.4151678419606305e-05
2026-08-26 17:06:43 - val epoch: 197, loss: 0.5073
2026-08-26 17:06:45 - train: epoch 198, iter:0, loss: 0.1602, lr: 3.373521558089265e-05
2026-08-26 17:06:54 - train: epoch 198, iter:20, loss: 0.1644, lr: 3.373521558089265e-05
2026-08-26 17:07:08 - val epoch: 198, loss: 0.4571
2026-08-26 17:07:10 - train: epoch 199, iter:0, loss: 0.1909, lr: 3.332108466542288e-05
2026-08-26 17:07:19 - train: epoch 199, iter:20, loss: 0.1600, lr: 3.332108466542288e-05
2026-08-26 17:07:33 - val epoch: 199, loss: 0.4899
2026-08-26 17:07:34 - train: epoch 200, iter:0, loss: 0.1722, lr: 3.290933108731874e-05
2026-08-26 17:07:43 - train: epoch 200, iter:20, loss: 0.1586, lr: 3.290933108731874e-05
2026-08-26 17:07:57 - val epoch: 200, loss: 0.4796
2026-08-26 17:08:00 - train: epoch 201, iter:0, loss: 0.1750, lr: 3.2500000000000065e-05
2026-08-26 17:08:09 - train: epoch 201, iter:20, loss: 0.1623, lr: 3.2500000000000065e-05
2026-08-26 17:08:22 - val epoch: 201, loss: 0.4675
2026-08-26 17:08:24 - train: epoch 202, iter:0, loss: 0.1761, lr: 3.2093136291233364e-05
2026-08-26 17:08:33 - train: epoch 202, iter:20, loss: 0.1596, lr: 3.2093136291233364e-05
2026-08-26 17:08:47 - val epoch: 202, loss: 0.4855
2026-08-26 17:08:49 - train: epoch 203, iter:0, loss: 0.1662, lr: 3.1688784578209223e-05
2026-08-26 17:08:58 - train: epoch 203, iter:20, loss: 0.1587, lr: 3.1688784578209223e-05
2026-08-26 17:09:12 - val epoch: 203, loss: 0.4677
2026-08-26 17:09:14 - train: epoch 204, iter:0, loss: 0.1347, lr: 3.128698920264959e-05
2026-08-26 17:09:23 - train: epoch 204, iter:20, loss: 0.1601, lr: 3.128698920264959e-05
2026-08-26 17:09:36 - val epoch: 204, loss: 0.5081
2026-08-26 17:09:39 - train: epoch 205, iter:0, loss: 0.1694, lr: 3.088779422594524e-05
2026-08-26 17:09:48 - train: epoch 205, iter:20, loss: 0.1600, lr: 3.088779422594524e-05
2026-08-26 17:10:01 - val epoch: 205, loss: 0.4770
2026-08-26 17:10:04 - train: epoch 206, iter:0, loss: 0.1808, lr: 3.0491243424323874e-05
2026-08-26 17:10:13 - train: epoch 206, iter:20, loss: 0.1574, lr: 3.0491243424323874e-05
2026-08-26 17:10:26 - val epoch: 206, loss: 0.4457
2026-08-26 17:10:29 - train: epoch 207, iter:0, loss: 0.1896, lr: 3.0097380284049598e-05
2026-08-26 17:10:38 - train: epoch 207, iter:20, loss: 0.1635, lr: 3.0097380284049598e-05
2026-08-26 17:10:51 - val epoch: 207, loss: 0.4533
2026-08-26 17:10:53 - train: epoch 208, iter:0, loss: 0.1770, lr: 2.9706247996654208e-05
2026-08-26 17:11:02 - train: epoch 208, iter:20, loss: 0.1563, lr: 2.9706247996654208e-05
2026-08-26 17:11:16 - val epoch: 208, loss: 0.4724
2026-08-26 17:11:18 - train: epoch 209, iter:0, loss: 0.1283, lr: 2.931788945420065e-05
2026-08-26 17:11:27 - train: epoch 209, iter:20, loss: 0.1539, lr: 2.931788945420065e-05
2026-08-26 17:11:41 - val epoch: 209, loss: 0.4692
2026-08-26 17:11:43 - train: epoch 210, iter:0, loss: 0.1462, lr: 2.893234724457952e-05
2026-08-26 17:11:52 - train: epoch 210, iter:20, loss: 0.1539, lr: 2.893234724457952e-05
2026-08-26 17:12:10 - val epoch: 210, loss: 0.4697, miou: 0.7180503764715472, f1_or_dsc: 0.8358897810042638, accuracy: 0.9214903198846496, specificity: 0.9536898139470951, sensitivity: 0.821407676938702
2026-08-26 17:12:12 - train: epoch 211, iter:0, loss: 0.1574, lr: 2.8549663646838785e-05
2026-08-26 17:12:21 - train: epoch 211, iter:20, loss: 0.1547, lr: 2.8549663646838785e-05
2026-08-26 17:12:35 - val epoch: 211, loss: 0.4681
2026-08-26 17:12:37 - train: epoch 212, iter:0, loss: 0.1517, lr: 2.8169880626547352e-05
2026-08-26 17:12:46 - train: epoch 212, iter:20, loss: 0.1525, lr: 2.8169880626547352e-05
2026-08-26 17:13:00 - val epoch: 212, loss: 0.4687
2026-08-26 17:13:02 - train: epoch 213, iter:0, loss: 0.1782, lr: 2.7793039831193204e-05
2026-08-26 17:13:11 - train: epoch 213, iter:20, loss: 0.1526, lr: 2.7793039831193204e-05
2026-08-26 17:13:25 - val epoch: 213, loss: 0.4988
2026-08-26 17:13:27 - train: epoch 214, iter:0, loss: 0.1603, lr: 2.7419182585616138e-05
2026-08-26 17:13:36 - train: epoch 214, iter:20, loss: 0.1545, lr: 2.7419182585616138e-05
2026-08-26 17:13:50 - val epoch: 214, loss: 0.4627
2026-08-26 17:13:52 - train: epoch 215, iter:0, loss: 0.1335, lr: 2.7048349887476105e-05
2026-08-26 17:14:01 - train: epoch 215, iter:20, loss: 0.1584, lr: 2.7048349887476105e-05
2026-08-26 17:14:15 - val epoch: 215, loss: 0.4944
2026-08-26 17:14:17 - train: epoch 216, iter:0, loss: 0.1391, lr: 2.668058240275739e-05
2026-08-26 17:14:26 - train: epoch 216, iter:20, loss: 0.1547, lr: 2.668058240275739e-05
2026-08-26 17:14:40 - val epoch: 216, loss: 0.4714
2026-08-26 17:14:42 - train: epoch 217, iter:0, loss: 0.1602, lr: 2.631592046130903e-05
2026-08-26 17:14:51 - train: epoch 217, iter:20, loss: 0.1514, lr: 2.631592046130903e-05
2026-08-26 17:15:05 - val epoch: 217, loss: 0.4773
2026-08-26 17:15:07 - train: epoch 218, iter:0, loss: 0.1359, lr: 2.59544040524223e-05
2026-08-26 17:15:16 - train: epoch 218, iter:20, loss: 0.1531, lr: 2.59544040524223e-05
2026-08-26 17:15:30 - val epoch: 218, loss: 0.5164
2026-08-26 17:15:32 - train: epoch 219, iter:0, loss: 0.1390, lr: 2.5596072820445336e-05
2026-08-26 17:15:41 - train: epoch 219, iter:20, loss: 0.1509, lr: 2.5596072820445336e-05
2026-08-26 17:15:55 - val epoch: 219, loss: 0.4767
2026-08-26 17:15:57 - train: epoch 220, iter:0, loss: 0.1648, lr: 2.5240966060435724e-05
2026-08-26 17:16:06 - train: epoch 220, iter:20, loss: 0.1549, lr: 2.5240966060435724e-05
2026-08-26 17:16:20 - val epoch: 220, loss: 0.4804
2026-08-26 17:16:22 - train: epoch 221, iter:0, loss: 0.1363, lr: 2.4889122713851445e-05
2026-08-26 17:16:31 - train: epoch 221, iter:20, loss: 0.1478, lr: 2.4889122713851445e-05
2026-08-26 17:16:45 - val epoch: 221, loss: 0.4542
2026-08-26 17:16:48 - train: epoch 222, iter:0, loss: 0.1377, lr: 2.4540581364280337e-05
2026-08-26 17:16:57 - train: epoch 222, iter:20, loss: 0.1484, lr: 2.4540581364280337e-05
2026-08-26 17:17:11 - val epoch: 222, loss: 0.5029
2026-08-26 17:17:13 - train: epoch 223, iter:0, loss: 0.1280, lr: 2.419538023320907e-05
2026-08-26 17:17:22 - train: epoch 223, iter:20, loss: 0.1473, lr: 2.419538023320907e-05
2026-08-26 17:17:36 - val epoch: 223, loss: 0.4830
2026-08-26 17:17:38 - train: epoch 224, iter:0, loss: 0.1614, lr: 2.3853557175831762e-05
2026-08-26 17:17:47 - train: epoch 224, iter:20, loss: 0.1515, lr: 2.3853557175831762e-05
2026-08-26 17:18:01 - val epoch: 224, loss: 0.4817
2026-08-26 17:18:03 - train: epoch 225, iter:0, loss: 0.1441, lr: 2.351514967689861e-05
2026-08-26 17:18:12 - train: epoch 225, iter:20, loss: 0.1467, lr: 2.351514967689861e-05
2026-08-26 17:18:26 - val epoch: 225, loss: 0.4726
2026-08-26 17:18:28 - train: epoch 226, iter:0, loss: 0.1691, lr: 2.318019484660542e-05
2026-08-26 17:18:37 - train: epoch 226, iter:20, loss: 0.1485, lr: 2.318019484660542e-05
2026-08-26 17:18:51 - val epoch: 226, loss: 0.4720
2026-08-26 17:18:53 - train: epoch 227, iter:0, loss: 0.1565, lr: 2.2848729416523915e-05
2026-08-26 17:19:02 - train: epoch 227, iter:20, loss: 0.1469, lr: 2.2848729416523915e-05
2026-08-26 17:19:16 - val epoch: 227, loss: 0.4671
2026-08-26 17:19:18 - train: epoch 228, iter:0, loss: 0.1431, lr: 2.2520789735573758e-05
2026-08-26 17:19:26 - train: epoch 228, iter:20, loss: 0.1468, lr: 2.2520789735573758e-05
2026-08-26 17:19:40 - val epoch: 228, loss: 0.4680
2026-08-26 17:19:43 - train: epoch 229, iter:0, loss: 0.1398, lr: 2.2196411766036546e-05
2026-08-26 17:19:52 - train: epoch 229, iter:20, loss: 0.1446, lr: 2.2196411766036546e-05
2026-08-26 17:20:06 - val epoch: 229, loss: 0.4911
2026-08-26 17:20:08 - train: epoch 230, iter:0, loss: 0.1343, lr: 2.1875631079612026e-05
2026-08-26 17:20:16 - train: epoch 230, iter:20, loss: 0.1479, lr: 2.1875631079612026e-05
2026-08-26 17:20:30 - val epoch: 230, loss: 0.4802
2026-08-26 17:20:33 - train: epoch 231, iter:0, loss: 0.1537, lr: 2.1558482853517307e-05
2026-08-26 17:20:42 - train: epoch 231, iter:20, loss: 0.1472, lr: 2.1558482853517307e-05
2026-08-26 17:20:55 - val epoch: 231, loss: 0.4992
2026-08-26 17:20:58 - train: epoch 232, iter:0, loss: 0.1451, lr: 2.124500186662937e-05
2026-08-26 17:21:07 - train: epoch 232, iter:20, loss: 0.1465, lr: 2.124500186662937e-05
2026-08-26 17:21:21 - val epoch: 232, loss: 0.4873
2026-08-26 17:21:23 - train: epoch 233, iter:0, loss: 0.1392, lr: 2.093522249567102e-05
2026-08-26 17:21:32 - train: epoch 233, iter:20, loss: 0.1458, lr: 2.093522249567102e-05
2026-08-26 17:21:45 - val epoch: 233, loss: 0.5085
2026-08-26 17:21:47 - train: epoch 234, iter:0, loss: 0.1593, lr: 2.062917871144115e-05
2026-08-26 17:21:56 - train: epoch 234, iter:20, loss: 0.1487, lr: 2.062917871144115e-05
2026-08-26 17:22:10 - val epoch: 234, loss: 0.4991
2026-08-26 17:22:12 - train: epoch 235, iter:0, loss: 0.1408, lr: 2.0326904075089536e-05
2026-08-26 17:22:21 - train: epoch 235, iter:20, loss: 0.1474, lr: 2.0326904075089536e-05
2026-08-26 17:22:35 - val epoch: 235, loss: 0.4809
2026-08-26 17:22:37 - train: epoch 236, iter:0, loss: 0.1148, lr: 2.0028431734436354e-05
2026-08-26 17:22:46 - train: epoch 236, iter:20, loss: 0.1456, lr: 2.0028431734436354e-05
2026-08-26 17:23:00 - val epoch: 236, loss: 0.4846
2026-08-26 17:23:02 - train: epoch 237, iter:0, loss: 0.1412, lr: 1.9733794420337255e-05
2026-08-26 17:23:11 - train: epoch 237, iter:20, loss: 0.1409, lr: 1.9733794420337255e-05
2026-08-26 17:23:25 - val epoch: 237, loss: 0.4882
2026-08-26 17:23:27 - train: epoch 238, iter:0, loss: 0.1508, lr: 1.9443024443093982e-05
2026-08-26 17:23:36 - train: epoch 238, iter:20, loss: 0.1471, lr: 1.9443024443093982e-05
2026-08-26 17:23:50 - val epoch: 238, loss: 0.4668
2026-08-26 17:23:52 - train: epoch 239, iter:0, loss: 0.1267, lr: 1.9156153688911208e-05
2026-08-26 17:24:01 - train: epoch 239, iter:20, loss: 0.1446, lr: 1.9156153688911208e-05
2026-08-26 17:24:15 - val epoch: 239, loss: 0.4835
2026-08-26 17:24:17 - train: epoch 240, iter:0, loss: 0.1757, lr: 1.8873213616399892e-05
2026-08-26 17:24:26 - train: epoch 240, iter:20, loss: 0.1464, lr: 1.8873213616399892e-05
2026-08-26 17:24:44 - val epoch: 240, loss: 0.4765, miou: 0.7132634634877827, f1_or_dsc: 0.8326372197720878, accuracy: 0.9204307027382426, specificity: 0.9549496640295778, sensitivity: 0.8131386791093682
2026-08-26 17:24:47 - train: epoch 241, iter:0, loss: 0.1405, lr: 1.859423525312741e-05
2026-08-26 17:24:56 - train: epoch 241, iter:20, loss: 0.1443, lr: 1.859423525312741e-05
2026-08-26 17:25:10 - val epoch: 241, loss: 0.4892
2026-08-26 17:25:12 - train: epoch 242, iter:0, loss: 0.1330, lr: 1.8319249192215093e-05
2026-08-26 17:25:21 - train: epoch 242, iter:20, loss: 0.1449, lr: 1.8319249192215093e-05
2026-08-26 17:25:35 - val epoch: 242, loss: 0.4876
2026-08-26 17:25:37 - train: epoch 243, iter:0, loss: 0.1507, lr: 1.8048285588983354e-05
2026-08-26 17:25:46 - train: epoch 243, iter:20, loss: 0.1450, lr: 1.8048285588983354e-05
2026-08-26 17:26:00 - val epoch: 243, loss: 0.4938
2026-08-26 17:26:02 - train: epoch 244, iter:0, loss: 0.1617, lr: 1.7781374157644745e-05
2026-08-26 17:26:11 - train: epoch 244, iter:20, loss: 0.1427, lr: 1.7781374157644745e-05
2026-08-26 17:26:25 - val epoch: 244, loss: 0.4742
2026-08-26 17:26:27 - train: epoch 245, iter:0, loss: 0.1240, lr: 1.7518544168045555e-05
2026-08-26 17:26:36 - train: epoch 245, iter:20, loss: 0.1407, lr: 1.7518544168045555e-05
2026-08-26 17:26:50 - val epoch: 245, loss: 0.5041
2026-08-26 17:26:53 - train: epoch 246, iter:0, loss: 0.1610, lr: 1.7259824442455953e-05
2026-08-26 17:27:01 - train: epoch 246, iter:20, loss: 0.1419, lr: 1.7259824442455953e-05
2026-08-26 17:27:15 - val epoch: 246, loss: 0.5071
2026-08-26 17:27:18 - train: epoch 247, iter:0, loss: 0.1489, lr: 1.700524335240935e-05
2026-08-26 17:27:26 - train: epoch 247, iter:20, loss: 0.1400, lr: 1.700524335240935e-05
2026-08-26 17:27:41 - val epoch: 247, loss: 0.4935
2026-08-26 17:27:43 - train: epoch 248, iter:0, loss: 0.1457, lr: 1.675482881559116e-05
2026-08-26 17:27:52 - train: epoch 248, iter:20, loss: 0.1424, lr: 1.675482881559116e-05
2026-08-26 17:28:06 - val epoch: 248, loss: 0.4987
2026-08-26 17:28:08 - train: epoch 249, iter:0, loss: 0.1177, lr: 1.650860829277723e-05
2026-08-26 17:28:17 - train: epoch 249, iter:20, loss: 0.1425, lr: 1.650860829277723e-05
2026-08-26 17:28:31 - val epoch: 249, loss: 0.5054
2026-08-26 17:28:33 - train: epoch 250, iter:0, loss: 0.1516, lr: 1.6266608784822568e-05
2026-08-26 17:28:42 - train: epoch 250, iter:20, loss: 0.1437, lr: 1.6266608784822568e-05
2026-08-26 17:28:56 - val epoch: 250, loss: 0.5053
2026-08-26 17:28:58 - train: epoch 251, iter:0, loss: 0.1327, lr: 1.6028856829700293e-05
2026-08-26 17:29:07 - train: epoch 251, iter:20, loss: 0.1395, lr: 1.6028856829700293e-05
2026-08-26 17:29:21 - val epoch: 251, loss: 0.5056
2026-08-26 17:29:23 - train: epoch 252, iter:0, loss: 0.1288, lr: 1.5795378499591492e-05
2026-08-26 17:29:32 - train: epoch 252, iter:20, loss: 0.1406, lr: 1.5795378499591492e-05
2026-08-26 17:29:46 - val epoch: 252, loss: 0.4817
2026-08-26 17:29:49 - train: epoch 253, iter:0, loss: 0.1420, lr: 1.556619939802616e-05
2026-08-26 17:29:58 - train: epoch 253, iter:20, loss: 0.1416, lr: 1.556619939802616e-05
2026-08-26 17:30:11 - val epoch: 253, loss: 0.4773
2026-08-26 17:30:14 - train: epoch 254, iter:0, loss: 0.1355, lr: 1.5341344657075372e-05
2026-08-26 17:30:23 - train: epoch 254, iter:20, loss: 0.1390, lr: 1.5341344657075372e-05
2026-08-26 17:30:37 - val epoch: 254, loss: 0.4957
2026-08-26 17:30:39 - train: epoch 255, iter:0, loss: 0.1392, lr: 1.5120838934595356e-05
2026-08-26 17:30:48 - train: epoch 255, iter:20, loss: 0.1356, lr: 1.5120838934595356e-05
2026-08-26 17:31:02 - val epoch: 255, loss: 0.4921
2026-08-26 17:31:04 - train: epoch 256, iter:0, loss: 0.1276, lr: 1.4904706411523467e-05
2026-08-26 17:31:13 - train: epoch 256, iter:20, loss: 0.1390, lr: 1.4904706411523467e-05
2026-08-26 17:31:27 - val epoch: 256, loss: 0.4919
2026-08-26 17:31:29 - train: epoch 257, iter:0, loss: 0.1448, lr: 1.4692970789226446e-05
2026-08-26 17:31:38 - train: epoch 257, iter:20, loss: 0.1397, lr: 1.4692970789226446e-05
2026-08-26 17:31:52 - val epoch: 257, loss: 0.5148
2026-08-26 17:31:54 - train: epoch 258, iter:0, loss: 0.1072, lr: 1.4485655286901307e-05
2026-08-26 17:32:03 - train: epoch 258, iter:20, loss: 0.1352, lr: 1.4485655286901307e-05
2026-08-26 17:32:17 - val epoch: 258, loss: 0.4976
2026-08-26 17:32:20 - train: epoch 259, iter:0, loss: 0.1410, lr: 1.4282782639029144e-05
2026-08-26 17:32:29 - train: epoch 259, iter:20, loss: 0.1362, lr: 1.4282782639029144e-05
2026-08-26 17:32:42 - val epoch: 259, loss: 0.4949
2026-08-26 17:32:44 - train: epoch 260, iter:0, loss: 0.1371, lr: 1.4084375092881932e-05
2026-08-26 17:32:53 - train: epoch 260, iter:20, loss: 0.1407, lr: 1.4084375092881932e-05
2026-08-26 17:33:07 - val epoch: 260, loss: 0.5110
2026-08-26 17:33:09 - train: epoch 261, iter:0, loss: 0.1426, lr: 1.389045440608298e-05
2026-08-26 17:33:18 - train: epoch 261, iter:20, loss: 0.1340, lr: 1.389045440608298e-05
2026-08-26 17:33:32 - val epoch: 261, loss: 0.4905
2026-08-26 17:33:34 - train: epoch 262, iter:0, loss: 0.1202, lr: 1.3701041844220871e-05
2026-08-26 17:33:43 - train: epoch 262, iter:20, loss: 0.1365, lr: 1.3701041844220871e-05
2026-08-26 17:33:57 - val epoch: 262, loss: 0.4996
2026-08-26 17:33:59 - train: epoch 263, iter:0, loss: 0.1473, lr: 1.3516158178517484e-05
2026-08-26 17:34:08 - train: epoch 263, iter:20, loss: 0.1386, lr: 1.3516158178517484e-05
2026-08-26 17:34:22 - val epoch: 263, loss: 0.4794
2026-08-26 17:34:24 - train: epoch 264, iter:0, loss: 0.1450, lr: 1.3335823683550249e-05
2026-08-26 17:34:33 - train: epoch 264, iter:20, loss: 0.1350, lr: 1.3335823683550249e-05
2026-08-26 17:34:47 - val epoch: 264, loss: 0.4991
2026-08-26 17:34:50 - train: epoch 265, iter:0, loss: 0.1192, lr: 1.31600581350287e-05
2026-08-26 17:34:59 - train: epoch 265, iter:20, loss: 0.1383, lr: 1.31600581350287e-05
2026-08-26 17:35:12 - val epoch: 265, loss: 0.5131
2026-08-26 17:35:14 - train: epoch 266, iter:0, loss: 0.1216, lr: 1.2988880807625931e-05
2026-08-26 17:35:24 - train: epoch 266, iter:20, loss: 0.1349, lr: 1.2988880807625931e-05
2026-08-26 17:35:37 - val epoch: 266, loss: 0.5034
2026-08-26 17:35:40 - train: epoch 267, iter:0, loss: 0.1403, lr: 1.2822310472864893e-05
2026-08-26 17:35:49 - train: epoch 267, iter:20, loss: 0.1393, lr: 1.2822310472864893e-05
2026-08-26 17:36:03 - val epoch: 267, loss: 0.5291
2026-08-26 17:36:05 - train: epoch 268, iter:0, loss: 0.1476, lr: 1.2660365397059863e-05
2026-08-26 17:36:14 - train: epoch 268, iter:20, loss: 0.1368, lr: 1.2660365397059863e-05
2026-08-26 17:36:28 - val epoch: 268, loss: 0.4983
2026-08-26 17:36:30 - train: epoch 269, iter:0, loss: 0.1290, lr: 1.2503063339313363e-05
2026-08-26 17:36:39 - train: epoch 269, iter:20, loss: 0.1358, lr: 1.2503063339313363e-05
2026-08-26 17:36:53 - val epoch: 269, loss: 0.5087
2026-08-26 17:36:55 - train: epoch 270, iter:0, loss: 0.1191, lr: 1.2350421549568658e-05
2026-08-26 17:37:04 - train: epoch 270, iter:20, loss: 0.1325, lr: 1.2350421549568658e-05
2026-08-26 17:37:22 - val epoch: 270, loss: 0.5043, miou: 0.7069181686331625, f1_or_dsc: 0.8282976672504888, accuracy: 0.9197542360513518, specificity: 0.9598398262637932, sensitivity: 0.7951599860693795
2026-08-26 17:37:24 - train: epoch 271, iter:0, loss: 0.1200, lr: 1.2202456766718098e-05
2026-08-26 17:37:33 - train: epoch 271, iter:20, loss: 0.1367, lr: 1.2202456766718098e-05
2026-08-26 17:37:47 - val epoch: 271, loss: 0.4975
2026-08-26 17:37:49 - train: epoch 272, iter:0, loss: 0.1390, lr: 1.205918521676755e-05
2026-08-26 17:37:58 - train: epoch 272, iter:20, loss: 0.1287, lr: 1.205918521676755e-05
2026-08-26 17:38:12 - val epoch: 272, loss: 0.4936
2026-08-26 17:38:14 - train: epoch 273, iter:0, loss: 0.1314, lr: 1.192062261105698e-05
2026-08-26 17:38:23 - train: epoch 273, iter:20, loss: 0.1327, lr: 1.192062261105698e-05
2026-08-26 17:38:37 - val epoch: 273, loss: 0.4971
2026-08-26 17:38:39 - train: epoch 274, iter:0, loss: 0.1328, lr: 1.1786784144537568e-05
2026-08-26 17:38:48 - train: epoch 274, iter:20, loss: 0.1356, lr: 1.1786784144537568e-05
2026-08-26 17:39:02 - val epoch: 274, loss: 0.4995
2026-08-26 17:39:04 - train: epoch 275, iter:0, loss: 0.1484, lr: 1.165768449410539e-05
2026-08-26 17:39:13 - train: epoch 275, iter:20, loss: 0.1354, lr: 1.165768449410539e-05
2026-08-26 17:39:27 - val epoch: 275, loss: 0.4847
2026-08-26 17:39:29 - train: epoch 276, iter:0, loss: 0.1231, lr: 1.153333781699193e-05
2026-08-26 17:39:38 - train: epoch 276, iter:20, loss: 0.1332, lr: 1.153333781699193e-05
2026-08-26 17:39:51 - val epoch: 276, loss: 0.4938
2026-08-26 17:39:54 - train: epoch 277, iter:0, loss: 0.1334, lr: 1.1413757749211606e-05
2026-08-26 17:40:03 - train: epoch 277, iter:20, loss: 0.1390, lr: 1.1413757749211606e-05
2026-08-26 17:40:17 - val epoch: 277, loss: 0.5177
2026-08-26 17:40:19 - train: epoch 278, iter:0, loss: 0.1333, lr: 1.1298957404066385e-05
2026-08-26 17:40:28 - train: epoch 278, iter:20, loss: 0.1347, lr: 1.1298957404066385e-05
2026-08-26 17:40:42 - val epoch: 278, loss: 0.5009
2026-08-26 17:40:44 - train: epoch 279, iter:0, loss: 0.1362, lr: 1.118894937070779e-05
2026-08-26 17:40:53 - train: epoch 279, iter:20, loss: 0.1353, lr: 1.118894937070779e-05
2026-08-26 17:41:07 - val epoch: 279, loss: 0.4960
2026-08-26 17:41:09 - train: epoch 280, iter:0, loss: 0.1347, lr: 1.1083745712756373e-05
2026-08-26 17:41:18 - train: epoch 280, iter:20, loss: 0.1332, lr: 1.1083745712756373e-05
2026-08-26 17:41:32 - val epoch: 280, loss: 0.4940
2026-08-26 17:41:35 - train: epoch 281, iter:0, loss: 0.1247, lr: 1.0983357966978752e-05
2026-08-26 17:41:44 - train: epoch 281, iter:20, loss: 0.1342, lr: 1.0983357966978752e-05
2026-08-26 17:41:57 - val epoch: 281, loss: 0.5029
2026-08-26 17:41:59 - train: epoch 282, iter:0, loss: 0.1258, lr: 1.0887797142022524e-05
2026-08-26 17:42:08 - train: epoch 282, iter:20, loss: 0.1350, lr: 1.0887797142022524e-05
2026-08-26 17:42:22 - val epoch: 282, loss: 0.5006
2026-08-26 17:42:24 - train: epoch 283, iter:0, loss: 0.1256, lr: 1.0797073717209015e-05
2026-08-26 17:42:33 - train: epoch 283, iter:20, loss: 0.1362, lr: 1.0797073717209015e-05
2026-08-26 17:42:47 - val epoch: 283, loss: 0.4886
2026-08-26 17:42:49 - train: epoch 284, iter:0, loss: 0.1517, lr: 1.0711197641384117e-05
2026-08-26 17:42:58 - train: epoch 284, iter:20, loss: 0.1324, lr: 1.0711197641384117e-05
2026-08-26 17:43:12 - val epoch: 284, loss: 0.5009
2026-08-26 17:43:14 - train: epoch 285, iter:0, loss: 0.1225, lr: 1.0630178331827276e-05
2026-08-26 17:43:23 - train: epoch 285, iter:20, loss: 0.1346, lr: 1.0630178331827276e-05
2026-08-26 17:43:37 - val epoch: 285, loss: 0.5090
2026-08-26 17:43:39 - train: epoch 286, iter:0, loss: 0.1338, lr: 1.0554024673218807e-05
2026-08-26 17:43:48 - train: epoch 286, iter:20, loss: 0.1340, lr: 1.0554024673218807e-05
2026-08-26 17:44:02 - val epoch: 286, loss: 0.5057
2026-08-26 17:44:04 - train: epoch 287, iter:0, loss: 0.1102, lr: 1.0482745016665526e-05
2026-08-26 17:44:13 - train: epoch 287, iter:20, loss: 0.1328, lr: 1.0482745016665526e-05
2026-08-26 17:44:27 - val epoch: 287, loss: 0.4975
2026-08-26 17:44:29 - train: epoch 288, iter:0, loss: 0.1219, lr: 1.0416347178785039e-05
2026-08-26 17:44:38 - train: epoch 288, iter:20, loss: 0.1327, lr: 1.0416347178785039e-05
2026-08-26 17:44:52 - val epoch: 288, loss: 0.5010
2026-08-26 17:44:54 - train: epoch 289, iter:0, loss: 0.1139, lr: 1.0354838440848501e-05
2026-08-26 17:45:03 - train: epoch 289, iter:20, loss: 0.1279, lr: 1.0354838440848501e-05
2026-08-26 17:45:17 - val epoch: 289, loss: 0.4888
2026-08-26 17:45:20 - train: epoch 290, iter:0, loss: 0.1388, lr: 1.029822554798216e-05
2026-08-26 17:45:29 - train: epoch 290, iter:20, loss: 0.1315, lr: 1.029822554798216e-05
2026-08-26 17:45:42 - val epoch: 290, loss: 0.5083
2026-08-26 17:45:45 - train: epoch 291, iter:0, loss: 0.1250, lr: 1.0246514708427702e-05
2026-08-26 17:45:54 - train: epoch 291, iter:20, loss: 0.1310, lr: 1.0246514708427702e-05
2026-08-26 17:46:08 - val epoch: 291, loss: 0.4882
2026-08-26 17:46:10 - train: epoch 292, iter:0, loss: 0.1339, lr: 1.01997115928614e-05
2026-08-26 17:46:19 - train: epoch 292, iter:20, loss: 0.1338, lr: 1.01997115928614e-05
2026-08-26 17:46:33 - val epoch: 292, loss: 0.4923
2026-08-26 17:46:35 - train: epoch 293, iter:0, loss: 0.1333, lr: 1.0157821333772303e-05
2026-08-26 17:46:44 - train: epoch 293, iter:20, loss: 0.1323, lr: 1.0157821333772303e-05
2026-08-26 17:46:58 - val epoch: 293, loss: 0.4976
2026-08-26 17:47:00 - train: epoch 294, iter:0, loss: 0.1554, lr: 1.0120848524899386e-05
2026-08-26 17:47:09 - train: epoch 294, iter:20, loss: 0.1358, lr: 1.0120848524899386e-05
2026-08-26 17:47:22 - val epoch: 294, loss: 0.5094
2026-08-26 17:47:25 - train: epoch 295, iter:0, loss: 0.1326, lr: 1.0088797220727781e-05
2026-08-26 17:47:33 - train: epoch 295, iter:20, loss: 0.1331, lr: 1.0088797220727781e-05
2026-08-26 17:47:47 - val epoch: 295, loss: 0.5106
2026-08-26 17:47:50 - train: epoch 296, iter:0, loss: 0.1546, lr: 1.0061670936044179e-05
2026-08-26 17:47:58 - train: epoch 296, iter:20, loss: 0.1325, lr: 1.0061670936044179e-05
2026-08-26 17:48:12 - val epoch: 296, loss: 0.4977
2026-08-26 17:48:15 - train: epoch 297, iter:0, loss: 0.1416, lr: 1.0039472645551374e-05
2026-08-26 17:48:23 - train: epoch 297, iter:20, loss: 0.1286, lr: 1.0039472645551374e-05
2026-08-26 17:48:37 - val epoch: 297, loss: 0.4967
2026-08-26 17:48:39 - train: epoch 298, iter:0, loss: 0.1381, lr: 1.002220478354208e-05
2026-08-26 17:48:48 - train: epoch 298, iter:20, loss: 0.1338, lr: 1.002220478354208e-05
2026-08-26 17:49:02 - val epoch: 298, loss: 0.5033
2026-08-26 17:49:04 - train: epoch 299, iter:0, loss: 0.1369, lr: 1.0009869243631953e-05
2026-08-26 17:49:13 - train: epoch 299, iter:20, loss: 0.1317, lr: 1.0009869243631953e-05
2026-08-26 17:49:27 - val epoch: 299, loss: 0.5054
2026-08-26 17:49:30 - train: epoch 300, iter:0, loss: 0.1543, lr: 1.0002467378551954e-05
2026-08-26 17:49:39 - train: epoch 300, iter:20, loss: 0.1346, lr: 1.0002467378551954e-05
2026-08-26 17:49:57 - val epoch: 300, loss: 0.5016, miou: 0.7100039146352789, f1_or_dsc: 0.8304120342165571, accuracy: 0.9202165320368096, specificity: 0.9580961192678712, sensitivity: 0.802478992545225
2026-08-26 17:50:11 - test of best model, best_val_loss: 0.4172, miou: 0.7206012275537612, f1_or_dsc: 0.8376156148374544, accuracy: 0.9192907125642984, specificity: 0.9399241908413537, sensitivity: 0.8551576229222478, confusion_matrix: [[37656650  2406847]
 [ 1866959 11022632]]
