2026-08-12 14:26:37 - #----------Config info----------#
2026-08-12 14:26:37 - batch_size: 32,
2026-08-12 14:26:37 - weak_mode: full,
2026-08-12 14:27:01 - val epoch: 1, loss: 0.7272
2026-08-12 14:27:23 - val epoch: 2, loss: 0.7854
2026-08-12 14:27:44 - val epoch: 3, loss: 0.4954
2026-08-12 14:28:06 - val epoch: 4, loss: 0.5900
2026-08-12 14:28:28 - val epoch: 5, loss: 0.5097
2026-08-12 14:28:49 - val epoch: 6, loss: 0.4737
2026-08-12 14:29:11 - val epoch: 7, loss: 0.4816
2026-08-12 14:29:33 - val epoch: 8, loss: 0.4861
2026-08-12 14:29:55 - val epoch: 9, loss: 0.4618
2026-08-12 14:30:16 - val epoch: 10, loss: 0.4733
2026-08-12 14:30:38 - val epoch: 11, loss: 0.4640
2026-08-12 14:31:00 - val epoch: 12, loss: 0.4248
2026-08-12 14:31:21 - val epoch: 13, loss: 0.4954
2026-08-12 14:31:43 - val epoch: 14, loss: 0.4772
2026-08-12 14:32:05 - val epoch: 15, loss: 0.4557
2026-08-12 14:32:26 - val epoch: 16, loss: 0.4504
2026-08-12 14:32:48 - val epoch: 17, loss: 0.5044
2026-08-12 14:33:09 - val epoch: 18, loss: 0.4988
2026-08-12 14:33:31 - val epoch: 19, loss: 0.4793
2026-08-12 14:33:52 - val epoch: 20, loss: 0.5007
2026-08-12 14:34:14 - val epoch: 21, loss: 0.4376
2026-08-12 14:34:36 - val epoch: 22, loss: 0.4487
2026-08-12 14:34:57 - val epoch: 23, loss: 0.4415
2026-08-12 14:35:19 - val epoch: 24, loss: 0.4392
2026-08-12 14:35:40 - val epoch: 25, loss: 0.4219
2026-08-12 14:36:02 - val epoch: 26, loss: 0.4623
2026-08-12 14:36:24 - val epoch: 27, loss: 0.4577
2026-08-12 14:36:45 - val epoch: 28, loss: 0.4473
2026-08-12 14:37:07 - val epoch: 29, loss: 0.4412
2026-08-12 14:37:33 - val epoch: 30, loss: 0.4636, miou: 0.7239, dsc: 0.8398, accuracy: 0.9236, specificity: 0.9562, sensitivity: 0.8225
2026-08-12 14:37:55 - val epoch: 31, loss: 0.4201
2026-08-12 14:38:17 - val epoch: 32, loss: 0.4225
2026-08-12 14:38:39 - val epoch: 33, loss: 0.4995
2026-08-12 14:39:00 - val epoch: 34, loss: 0.4240
2026-08-12 14:39:22 - val epoch: 35, loss: 0.4561
2026-08-12 14:39:43 - val epoch: 36, loss: 0.4599
2026-08-12 14:40:05 - val epoch: 37, loss: 0.4799
2026-08-12 14:40:27 - val epoch: 38, loss: 0.4099
2026-08-12 14:40:49 - val epoch: 39, loss: 0.4082
2026-08-12 14:41:11 - val epoch: 40, loss: 0.4571
2026-08-12 14:41:32 - val epoch: 41, loss: 0.4400
2026-08-12 14:41:55 - val epoch: 42, loss: 0.4398
2026-08-12 14:42:16 - val epoch: 43, loss: 0.4467
2026-08-12 14:42:38 - val epoch: 44, loss: 0.4185
2026-08-12 14:43:00 - val epoch: 45, loss: 0.4387
2026-08-12 14:43:21 - val epoch: 46, loss: 0.4603
2026-08-12 14:43:43 - val epoch: 47, loss: 0.4136
2026-08-12 14:44:04 - val epoch: 48, loss: 0.4659
2026-08-12 14:44:26 - val epoch: 49, loss: 0.4860
2026-08-12 14:44:48 - val epoch: 50, loss: 0.4877
2026-08-12 14:45:09 - val epoch: 51, loss: 0.4718
2026-08-12 14:45:31 - val epoch: 52, loss: 0.4727
2026-08-12 14:45:53 - val epoch: 53, loss: 0.4825
2026-08-12 14:46:14 - val epoch: 54, loss: 0.4735
2026-08-12 14:46:36 - val epoch: 55, loss: 0.4853
2026-08-12 14:46:58 - val epoch: 56, loss: 0.4983
2026-08-12 14:47:20 - val epoch: 57, loss: 0.4494
2026-08-12 14:47:41 - val epoch: 58, loss: 0.4372
2026-08-12 14:48:03 - val epoch: 59, loss: 0.4714
2026-08-12 14:48:28 - val epoch: 60, loss: 0.4722, miou: 0.7446, dsc: 0.8536, accuracy: 0.9294, specificity: 0.9562, sensitivity: 0.8461
2026-08-12 14:48:50 - val epoch: 61, loss: 0.4513
2026-08-12 14:49:12 - val epoch: 62, loss: 0.4677
2026-08-12 14:49:33 - val epoch: 63, loss: 0.4644
2026-08-12 14:49:54 - val epoch: 64, loss: 0.4948
2026-08-12 14:50:16 - val epoch: 65, loss: 0.4885
2026-08-12 14:50:38 - val epoch: 66, loss: 0.5085
2026-08-12 14:50:59 - val epoch: 67, loss: 0.4898
2026-08-12 14:51:21 - val epoch: 68, loss: 0.4590
2026-08-12 14:51:43 - val epoch: 69, loss: 0.5117
2026-08-12 14:52:05 - val epoch: 70, loss: 0.4983
2026-08-12 14:52:26 - val epoch: 71, loss: 0.4727
2026-08-12 14:52:48 - val epoch: 72, loss: 0.4798
2026-08-12 14:53:10 - val epoch: 73, loss: 0.4944
2026-08-12 14:53:31 - val epoch: 74, loss: 0.4799
2026-08-12 14:53:53 - val epoch: 75, loss: 0.5392
2026-08-12 14:54:14 - val epoch: 76, loss: 0.5136
2026-08-12 14:54:36 - val epoch: 77, loss: 0.4926
2026-08-12 14:54:57 - val epoch: 78, loss: 0.4864
2026-08-12 14:55:19 - val epoch: 79, loss: 0.5263
2026-08-12 14:55:41 - val epoch: 80, loss: 0.5182
2026-08-12 14:56:02 - val epoch: 81, loss: 0.5590
2026-08-12 14:56:25 - val epoch: 82, loss: 0.4959
2026-08-12 14:56:46 - val epoch: 83, loss: 0.4982
2026-08-12 14:57:08 - val epoch: 84, loss: 0.4952
2026-08-12 14:57:30 - val epoch: 85, loss: 0.5246
2026-08-12 14:57:51 - val epoch: 86, loss: 0.5329
2026-08-12 14:58:13 - val epoch: 87, loss: 0.5715
2026-08-12 14:58:34 - val epoch: 88, loss: 0.5189
2026-08-12 14:58:56 - val epoch: 89, loss: 0.5134
2026-08-12 14:59:22 - val epoch: 90, loss: 0.4993, miou: 0.7435, dsc: 0.8529, accuracy: 0.9302, specificity: 0.9620, sensitivity: 0.8313
2026-08-12 14:59:44 - val epoch: 91, loss: 0.4765
2026-08-12 15:00:05 - val epoch: 92, loss: 0.4865
2026-08-12 15:00:26 - val epoch: 93, loss: 0.4950
2026-08-12 15:00:48 - val epoch: 94, loss: 0.4848
2026-08-12 15:01:09 - val epoch: 95, loss: 0.5148
2026-08-12 15:01:31 - val epoch: 96, loss: 0.5628
2026-08-12 15:01:53 - val epoch: 97, loss: 0.4835
2026-08-12 15:02:15 - val epoch: 98, loss: 0.5765
2026-08-12 15:02:36 - val epoch: 99, loss: 0.5418
2026-08-12 15:02:58 - val epoch: 100, loss: 0.5483
2026-08-12 15:03:20 - val epoch: 101, loss: 0.5224
2026-08-12 15:03:42 - val epoch: 102, loss: 0.5484
2026-08-12 15:04:04 - val epoch: 103, loss: 0.5662
2026-08-12 15:04:25 - val epoch: 104, loss: 0.5420
2026-08-12 15:04:47 - val epoch: 105, loss: 0.5443
2026-08-12 15:05:08 - val epoch: 106, loss: 0.5066
2026-08-12 15:05:30 - val epoch: 107, loss: 0.5493
2026-08-12 15:05:52 - val epoch: 108, loss: 0.5197
2026-08-12 15:06:14 - val epoch: 109, loss: 0.5405
2026-08-12 15:06:36 - val epoch: 110, loss: 0.5398
2026-08-12 15:06:57 - val epoch: 111, loss: 0.5316
2026-08-12 15:07:19 - val epoch: 112, loss: 0.5956
2026-08-12 15:07:40 - val epoch: 113, loss: 0.4628
2026-08-12 15:08:02 - val epoch: 114, loss: 0.5905
2026-08-12 15:08:23 - val epoch: 115, loss: 0.5515
2026-08-12 15:08:45 - val epoch: 116, loss: 0.5636
2026-08-12 15:09:07 - val epoch: 117, loss: 0.5426
2026-08-12 15:09:28 - val epoch: 118, loss: 0.5329
2026-08-12 15:09:50 - val epoch: 119, loss: 0.5890
2026-08-12 15:10:16 - val epoch: 120, loss: 0.5722, miou: 0.7469, dsc: 0.8551, accuracy: 0.9303, specificity: 0.9579, sensitivity: 0.8446
2026-08-12 15:10:38 - val epoch: 121, loss: 0.5695
2026-08-12 15:10:59 - val epoch: 122, loss: 0.5512
2026-08-12 15:11:21 - val epoch: 123, loss: 0.6115
2026-08-12 15:11:43 - val epoch: 124, loss: 0.6058
2026-08-12 15:12:05 - val epoch: 125, loss: 0.6166
2026-08-12 15:12:27 - val epoch: 126, loss: 0.5351
2026-08-12 15:12:48 - val epoch: 127, loss: 0.5951
2026-08-12 15:13:09 - val epoch: 128, loss: 0.6008
2026-08-12 15:13:31 - val epoch: 129, loss: 0.5617
2026-08-12 15:13:52 - val epoch: 130, loss: 0.5542
2026-08-12 15:14:14 - val epoch: 131, loss: 0.6410
2026-08-12 15:14:36 - val epoch: 132, loss: 0.5471
2026-08-12 15:14:58 - val epoch: 133, loss: 0.6400
2026-08-12 15:15:19 - val epoch: 134, loss: 0.6152
2026-08-12 15:15:41 - val epoch: 135, loss: 0.5822
2026-08-12 15:16:03 - val epoch: 136, loss: 0.6113
2026-08-12 15:16:24 - val epoch: 137, loss: 0.5601
2026-08-12 15:16:46 - val epoch: 138, loss: 0.5854
2026-08-12 15:17:08 - val epoch: 139, loss: 0.6219
2026-08-12 15:17:29 - val epoch: 140, loss: 0.6309
2026-08-12 15:17:52 - val epoch: 141, loss: 0.6847
2026-08-12 15:18:13 - val epoch: 142, loss: 0.6171
2026-08-12 15:18:35 - val epoch: 143, loss: 0.7038
2026-08-12 15:18:56 - val epoch: 144, loss: 0.6151
2026-08-12 15:19:18 - val epoch: 145, loss: 0.6130
2026-08-12 15:19:40 - val epoch: 146, loss: 0.6076
2026-08-12 15:20:01 - val epoch: 147, loss: 0.6252
2026-08-12 15:20:23 - val epoch: 148, loss: 0.5966
2026-08-12 15:20:45 - val epoch: 149, loss: 0.6354
2026-08-12 15:21:11 - val epoch: 150, loss: 0.5995, miou: 0.7454, dsc: 0.8541, accuracy: 0.9312, specificity: 0.9647, sensitivity: 0.8272
2026-08-12 15:21:32 - val epoch: 151, loss: 0.6474
2026-08-12 15:21:54 - val epoch: 152, loss: 0.6506
2026-08-12 15:22:16 - val epoch: 153, loss: 0.5980
2026-08-12 15:22:38 - val epoch: 154, loss: 0.6128
2026-08-12 15:23:00 - val epoch: 155, loss: 0.6493
2026-08-12 15:23:23 - val epoch: 156, loss: 0.6743
2026-08-12 15:23:45 - val epoch: 157, loss: 0.6655
2026-08-12 15:24:07 - val epoch: 158, loss: 0.6227
2026-08-12 15:24:29 - val epoch: 159, loss: 0.6573
2026-08-12 15:24:51 - val epoch: 160, loss: 0.6522
2026-08-12 15:25:13 - val epoch: 161, loss: 0.6237
2026-08-12 15:25:35 - val epoch: 162, loss: 0.6451
2026-08-12 15:25:57 - val epoch: 163, loss: 0.6166
2026-08-12 15:26:19 - val epoch: 164, loss: 0.6724
2026-08-12 15:26:41 - val epoch: 165, loss: 0.6607
2026-08-12 15:27:02 - val epoch: 166, loss: 0.6936
2026-08-12 15:27:24 - val epoch: 167, loss: 0.6429
2026-08-12 15:27:46 - val epoch: 168, loss: 0.6328
2026-08-12 15:28:08 - val epoch: 169, loss: 0.6597
2026-08-12 15:28:30 - val epoch: 170, loss: 0.6682
2026-08-12 15:28:52 - val epoch: 171, loss: 0.6546
2026-08-12 15:29:14 - val epoch: 172, loss: 0.6548
2026-08-12 15:29:36 - val epoch: 173, loss: 0.6907
2026-08-12 15:29:57 - val epoch: 174, loss: 0.6359
2026-08-12 15:30:19 - val epoch: 175, loss: 0.6773
2026-08-12 15:30:41 - val epoch: 176, loss: 0.6595
2026-08-12 15:31:03 - val epoch: 177, loss: 0.6719
2026-08-12 15:31:25 - val epoch: 178, loss: 0.6742
2026-08-12 15:31:47 - val epoch: 179, loss: 0.6738
2026-08-12 15:32:13 - val epoch: 180, loss: 0.7595, miou: 0.7154, dsc: 0.8341, accuracy: 0.9253, specificity: 0.9748, sensitivity: 0.7716
2026-08-12 15:32:35 - val epoch: 181, loss: 0.7411
2026-08-12 15:32:57 - val epoch: 182, loss: 0.6659
2026-08-12 15:33:19 - val epoch: 183, loss: 0.6437
2026-08-12 15:33:41 - val epoch: 184, loss: 0.7260
2026-08-12 15:34:03 - val epoch: 185, loss: 0.6788
2026-08-12 15:34:25 - val epoch: 186, loss: 0.6925
2026-08-12 15:34:47 - val epoch: 187, loss: 0.7234
2026-08-12 15:35:09 - val epoch: 188, loss: 0.7041
2026-08-12 15:35:31 - val epoch: 189, loss: 0.7169
2026-08-12 15:35:53 - val epoch: 190, loss: 0.6487
2026-08-12 15:36:15 - val epoch: 191, loss: 0.7007
2026-08-12 15:36:37 - val epoch: 192, loss: 0.7038
2026-08-12 15:36:58 - val epoch: 193, loss: 0.7176
2026-08-12 15:37:21 - val epoch: 194, loss: 0.6775
2026-08-12 15:37:42 - val epoch: 195, loss: 0.6713
2026-08-12 15:38:04 - val epoch: 196, loss: 0.7261
2026-08-12 15:38:26 - val epoch: 197, loss: 0.7804
2026-08-12 15:38:48 - val epoch: 198, loss: 0.7072
2026-08-12 15:39:10 - val epoch: 199, loss: 0.6870
2026-08-12 15:39:32 - val epoch: 200, loss: 0.7162
2026-08-12 15:39:54 - val epoch: 201, loss: 0.6885
2026-08-12 15:40:16 - val epoch: 202, loss: 0.7355
2026-08-12 15:40:37 - val epoch: 203, loss: 0.7363
2026-08-12 15:40:59 - val epoch: 204, loss: 0.7096
2026-08-12 15:41:21 - val epoch: 205, loss: 0.7644
2026-08-12 15:41:43 - val epoch: 206, loss: 0.7060
2026-08-12 15:42:04 - val epoch: 207, loss: 0.7123
2026-08-12 15:42:26 - val epoch: 208, loss: 0.7143
2026-08-12 15:42:48 - val epoch: 209, loss: 0.7007
2026-08-12 15:43:15 - val epoch: 210, loss: 0.7033, miou: 0.7404, dsc: 0.8509, accuracy: 0.9307, specificity: 0.9688, sensitivity: 0.8122
2026-08-12 15:43:37 - val epoch: 211, loss: 0.7466
2026-08-12 15:43:58 - val epoch: 212, loss: 0.7582
2026-08-12 15:44:20 - val epoch: 213, loss: 0.7378
2026-08-12 15:44:42 - val epoch: 214, loss: 0.7323
2026-08-12 15:45:04 - val epoch: 215, loss: 0.7316
2026-08-12 15:45:26 - val epoch: 216, loss: 0.7402
2026-08-12 15:45:48 - val epoch: 217, loss: 0.7419
2026-08-12 15:46:10 - val epoch: 218, loss: 0.7803
2026-08-12 15:46:32 - val epoch: 219, loss: 0.7578
2026-08-12 15:46:54 - val epoch: 220, loss: 0.7721
2026-08-12 15:47:16 - val epoch: 221, loss: 0.7810
2026-08-12 15:47:37 - val epoch: 222, loss: 0.7384
2026-08-12 15:47:59 - val epoch: 223, loss: 0.7407
2026-08-12 15:48:22 - val epoch: 224, loss: 0.7252
2026-08-12 15:48:44 - val epoch: 225, loss: 0.7780
2026-08-12 15:49:06 - val epoch: 226, loss: 0.7670
2026-08-12 15:49:28 - val epoch: 227, loss: 0.7913
2026-08-12 15:49:50 - val epoch: 228, loss: 0.7564
2026-08-12 15:50:12 - val epoch: 229, loss: 0.7745
2026-08-12 15:50:35 - val epoch: 230, loss: 0.7684
2026-08-12 15:50:57 - val epoch: 231, loss: 0.7640
2026-08-12 15:51:19 - val epoch: 232, loss: 0.7962
2026-08-12 15:51:41 - val epoch: 233, loss: 0.7856
2026-08-12 15:52:03 - val epoch: 234, loss: 0.7678
2026-08-12 15:52:26 - val epoch: 235, loss: 0.7853
2026-08-12 15:52:48 - val epoch: 236, loss: 0.7626
2026-08-12 15:53:10 - val epoch: 237, loss: 0.7719
2026-08-12 15:53:32 - val epoch: 238, loss: 0.8092
2026-08-12 15:53:54 - val epoch: 239, loss: 0.7728
2026-08-12 15:54:20 - val epoch: 240, loss: 0.8014, miou: 0.7254, dsc: 0.8409, accuracy: 0.9275, specificity: 0.9726, sensitivity: 0.7871
2026-08-12 15:54:42 - val epoch: 241, loss: 0.7693
2026-08-12 15:55:04 - val epoch: 242, loss: 0.8052
2026-08-12 15:55:26 - val epoch: 243, loss: 0.8184
2026-08-12 15:55:48 - val epoch: 244, loss: 0.7768
2026-08-12 15:56:10 - val epoch: 245, loss: 0.8150
2026-08-12 15:56:32 - val epoch: 246, loss: 0.8094
2026-08-12 15:56:54 - val epoch: 247, loss: 0.7985
2026-08-12 15:57:16 - val epoch: 248, loss: 0.8084
2026-08-12 15:57:38 - val epoch: 249, loss: 0.8076
2026-08-12 15:58:00 - val epoch: 250, loss: 0.7975
2026-08-12 15:58:22 - val epoch: 251, loss: 0.8126
2026-08-12 15:58:44 - val epoch: 252, loss: 0.7996
2026-08-12 15:59:06 - val epoch: 253, loss: 0.8064
2026-08-12 15:59:27 - val epoch: 254, loss: 0.8014
2026-08-12 15:59:48 - val epoch: 255, loss: 0.8300
2026-08-12 16:00:10 - val epoch: 256, loss: 0.8102
2026-08-12 16:00:32 - val epoch: 257, loss: 0.8195
2026-08-12 16:00:54 - val epoch: 258, loss: 0.8421
2026-08-12 16:01:16 - val epoch: 259, loss: 0.8296
2026-08-12 16:01:38 - val epoch: 260, loss: 0.8397
2026-08-12 16:02:00 - val epoch: 261, loss: 0.8111
2026-08-12 16:02:22 - val epoch: 262, loss: 0.8279
2026-08-12 16:02:44 - val epoch: 263, loss: 0.8498
2026-08-12 16:03:06 - val epoch: 264, loss: 0.8237
2026-08-12 16:03:27 - val epoch: 265, loss: 0.8414
2026-08-12 16:03:49 - val epoch: 266, loss: 0.8392
2026-08-12 16:04:11 - val epoch: 267, loss: 0.8483
2026-08-12 16:04:33 - val epoch: 268, loss: 0.8420
2026-08-12 16:04:55 - val epoch: 269, loss: 0.8330
2026-08-12 16:05:21 - val epoch: 270, loss: 0.8222, miou: 0.7278, dsc: 0.8424, accuracy: 0.9284, specificity: 0.9742, sensitivity: 0.7861
2026-08-12 16:05:42 - val epoch: 271, loss: 0.8260
2026-08-12 16:06:04 - val epoch: 272, loss: 0.8465
2026-08-12 16:06:26 - val epoch: 273, loss: 0.8305
2026-08-12 16:06:47 - val epoch: 274, loss: 0.8433
2026-08-12 16:07:09 - val epoch: 275, loss: 0.8341
2026-08-12 16:07:31 - val epoch: 276, loss: 0.8395
2026-08-12 16:07:52 - val epoch: 277, loss: 0.8546
2026-08-12 16:08:15 - val epoch: 278, loss: 0.8474
2026-08-12 16:08:36 - val epoch: 279, loss: 0.8554
2026-08-12 16:08:58 - val epoch: 280, loss: 0.8437
2026-08-12 16:09:19 - val epoch: 281, loss: 0.8544
2026-08-12 16:09:42 - val epoch: 282, loss: 0.8489
2026-08-12 16:10:03 - val epoch: 283, loss: 0.8518
2026-08-12 16:10:25 - val epoch: 284, loss: 0.8509
2026-08-12 16:10:47 - val epoch: 285, loss: 0.8523
2026-08-12 16:11:09 - val epoch: 286, loss: 0.8485
2026-08-12 16:11:31 - val epoch: 287, loss: 0.8548
2026-08-12 16:11:54 - val epoch: 288, loss: 0.8459
2026-08-12 16:12:16 - val epoch: 289, loss: 0.8513
2026-08-12 16:12:38 - val epoch: 290, loss: 0.8521
2026-08-12 16:13:01 - val epoch: 291, loss: 0.8470
2026-08-12 16:13:23 - val epoch: 292, loss: 0.8529
2026-08-12 16:13:46 - val epoch: 293, loss: 0.8410
2026-08-12 16:14:08 - val epoch: 294, loss: 0.8554
2026-08-12 16:14:31 - val epoch: 295, loss: 0.8515
2026-08-12 16:14:53 - val epoch: 296, loss: 0.8514
2026-08-12 16:15:16 - val epoch: 297, loss: 0.8493
2026-08-12 16:15:38 - val epoch: 298, loss: 0.8538
2026-08-12 16:16:01 - val epoch: 299, loss: 0.8551
2026-08-12 16:16:27 - val epoch: 300, loss: 0.8526, miou: 0.7219, dsc: 0.8385, accuracy: 0.9271, specificity: 0.9753, sensitivity: 0.7773
2026-08-12 16:16:47 - test of best model, loss: 2.5544,miou: 0.7499903169903321, f1_or_dsc: 0.8571365335097171, accuracy: 0.9278366164405747,                 specificity: 0.940222067983731, sensitivity: 0.8893400884481129, confusion_matrix: [[37668584  2394913]
 [ 1426361 11463230]]
