2026-09-12 15:22:02 - #----------Config info----------#
2026-09-12 15:22:02 - network: ege_wave_unet,
2026-09-12 15:22:02 - model_config: {'num_classes': 1, 'input_channels': 3, 'c_list': [8, 16, 24, 32, 48, 64], 'bridge': True, 'gt_ds': True},
2026-09-12 15:22:02 - datasets: isic18,
2026-09-12 15:22:02 - data_path: ./data/isic2018/,
2026-09-12 15:22:02 - criterion: GT_BceDiceLoss(
  (bcedice): BceDiceLoss(
    (bce): BCELoss(
      (bceloss): BCELoss()
    )
    (dice): DiceLoss()
  )
),
2026-09-12 15:22:02 - num_classes: 1,
2026-09-12 15:22:02 - input_size_h: 256,
2026-09-12 15:22:02 - input_size_w: 256,
2026-09-12 15:22:02 - input_channels: 3,
2026-09-12 15:22:02 - distributed: False,
2026-09-12 15:22:02 - local_rank: -1,
2026-09-12 15:22:02 - num_workers: 4,
2026-09-12 15:22:02 - seed: 42,
2026-09-12 15:22:02 - world_size: None,
2026-09-12 15:22:02 - rank: None,
2026-09-12 15:22:02 - amp: False,
2026-09-12 15:22:02 - gpu_id: 0,
2026-09-12 15:22:02 - batch_size: 64,
2026-09-12 15:22:02 - epochs: 300,
2026-09-12 15:22:02 - gradient_accumulation_steps: 1,
2026-09-12 15:22:02 - work_dir: results/retrain_ege_dual_difflr_v1_20260912/,
2026-09-12 15:22:02 - print_interval: 20,
2026-09-12 15:22:02 - val_interval: 10,
2026-09-12 15:22:02 - save_interval: 10,
2026-09-12 15:22:02 - threshold: 0.5,
2026-09-12 15:22:02 - lambda_edge: 0.2,
2026-09-12 15:22:02 - edge_warmup_epochs: 20,
2026-09-12 15:22:02 - lambda_router: 0.2,
2026-09-12 15:22:02 - lambda_aux: 0.2,
2026-09-12 15:22:02 - token_size: 8,
2026-09-12 15:22:02 - halting_schedule: {'warmup_epochs': 20, 'transition_end_epoch': 40, 'warmup_keep_ratio': 1.0, 'transition_keep_ratio': 0.4, 'final_min_keep_ratio': 0.15, 'threshold': 0.5},
2026-09-12 15:22:02 - train_transformer: Compose(
    <utils.myNormalize object at 0x7f16f9e98b20>
    <utils.myToTensor object at 0x7f16f9e98a60>
    <utils.myRandomHorizontalFlip object at 0x7f16f9e98910>
    <utils.myRandomVerticalFlip object at 0x7f16f9e986d0>
    <utils.myRandomRotation object at 0x7f16f95ccd00>
    <utils.myResize object at 0x7f16f95ccd90>
),
2026-09-12 15:22:02 - test_transformer: Compose(
    <utils.myNormalize object at 0x7f16f8e5fd60>
    <utils.myToTensor object at 0x7f16f8e90460>
    <utils.myResize object at 0x7f16f8e904f0>
),
2026-09-12 15:22:02 - opt: AdamW,
2026-09-12 15:22:02 - lr: 0.001,
2026-09-12 15:22:02 - betas: (0.9, 0.999),
2026-09-12 15:22:02 - eps: 1e-08,
2026-09-12 15:22:02 - weight_decay: 0.01,
2026-09-12 15:22:02 - amsgrad: False,
2026-09-12 15:22:02 - sch: CosineAnnealingLR,
2026-09-12 15:22:02 - T_max: 300,
2026-09-12 15:22:02 - eta_min: 1e-05,
2026-09-12 15:22:02 - last_epoch: -1,
2026-09-12 15:22:05 - train: epoch 1, iter:0, loss: 5.6018, lr: 0.001
2026-09-12 15:22:08 - train: epoch 1, iter:20, loss: 3.1305, lr: 0.001
2026-09-12 15:22:25 - val epoch: 1, loss: 1.8569
2026-09-12 15:22:26 - train: epoch 2, iter:0, loss: 1.9077, lr: 0.0009999728588359286
2026-09-12 15:22:30 - train: epoch 2, iter:20, loss: 1.7242, lr: 0.0009999728588359286
2026-09-12 15:22:46 - val epoch: 2, loss: 1.4561
2026-09-12 15:22:48 - train: epoch 3, iter:0, loss: 1.8579, lr: 0.0009998914383200486
2026-09-12 15:22:51 - train: epoch 3, iter:20, loss: 1.4256, lr: 0.0009998914383200486
2026-09-12 15:23:08 - val epoch: 3, loss: 1.3582
2026-09-12 15:23:09 - train: epoch 4, iter:0, loss: 1.5595, lr: 0.0009997557473810372
2026-09-12 15:23:13 - train: epoch 4, iter:20, loss: 1.3161, lr: 0.0009997557473810372
2026-09-12 15:23:29 - val epoch: 4, loss: 1.3394
2026-09-12 15:23:31 - train: epoch 5, iter:0, loss: 1.0330, lr: 0.000999565800898935
2026-09-12 15:23:34 - train: epoch 5, iter:20, loss: 1.2174, lr: 0.000999565800898935
2026-09-12 15:23:50 - val epoch: 5, loss: 1.3508
2026-09-12 15:23:52 - train: epoch 6, iter:0, loss: 1.1124, lr: 0.0009993216197035143
2026-09-12 15:23:56 - train: epoch 6, iter:20, loss: 1.2026, lr: 0.0009993216197035143
2026-09-12 15:24:12 - val epoch: 6, loss: 1.1803
2026-09-12 15:24:14 - train: epoch 7, iter:0, loss: 1.0031, lr: 0.0009990232305719946
2026-09-12 15:24:17 - train: epoch 7, iter:20, loss: 1.1373, lr: 0.0009990232305719946
2026-09-12 15:24:36 - val epoch: 7, loss: 1.1735
2026-09-12 15:24:38 - train: epoch 8, iter:0, loss: 1.3002, lr: 0.0009986706662261067
2026-09-12 15:24:41 - train: epoch 8, iter:20, loss: 1.0953, lr: 0.0009986706662261067
2026-09-12 15:24:58 - val epoch: 8, loss: 1.2013
2026-09-12 15:24:59 - train: epoch 9, iter:0, loss: 0.9147, lr: 0.0009982639653285047
2026-09-12 15:25:02 - train: epoch 9, iter:20, loss: 1.0341, lr: 0.0009982639653285047
2026-09-12 15:25:22 - val epoch: 9, loss: 1.1817
2026-09-12 15:25:24 - train: epoch 10, iter:0, loss: 1.1530, lr: 0.0009978031724785245
2026-09-12 15:25:27 - train: epoch 10, iter:20, loss: 1.0594, lr: 0.0009978031724785245
2026-09-12 15:25:45 - val epoch: 10, loss: 1.1038, miou: 0.7443137005061142, f1_or_dsc: 0.853417249764364, accuracy: 0.9331531146965405,                 specificity: 0.9761748706060283, sensitivity: 0.7994326584916465, confusion_matrix: [[39108979   954518]
 [ 2585231 10304360]]
2026-09-12 15:25:47 - train: epoch 11, iter:0, loss: 1.0140, lr: 0.0009972883382072953
2026-09-12 15:25:50 - train: epoch 11, iter:20, loss: 0.9823, lr: 0.0009972883382072953
2026-09-12 15:26:10 - val epoch: 11, loss: 1.1237
2026-09-12 15:26:11 - train: epoch 12, iter:0, loss: 0.7991, lr: 0.0009967195189721962
2026-09-12 15:26:14 - train: epoch 12, iter:20, loss: 1.0163, lr: 0.0009967195189721962
2026-09-12 15:26:31 - val epoch: 12, loss: 1.0684
2026-09-12 15:26:32 - train: epoch 13, iter:0, loss: 0.9504, lr: 0.0009960967771506667
2026-09-12 15:26:36 - train: epoch 13, iter:20, loss: 0.9602, lr: 0.0009960967771506667
2026-09-12 15:26:54 - val epoch: 13, loss: 1.0253
2026-09-12 15:26:56 - train: epoch 14, iter:0, loss: 0.9775, lr: 0.0009954201810333646
2026-09-12 15:27:00 - train: epoch 14, iter:20, loss: 0.9480, lr: 0.0009954201810333646
2026-09-12 15:27:23 - val epoch: 14, loss: 1.0171
2026-09-12 15:27:24 - train: epoch 15, iter:0, loss: 1.0051, lr: 0.0009946898048166792
2026-09-12 15:27:27 - train: epoch 15, iter:20, loss: 0.9419, lr: 0.0009946898048166792
2026-09-12 15:27:44 - val epoch: 15, loss: 1.0315
2026-09-12 15:27:45 - train: epoch 16, iter:0, loss: 0.9673, lr: 0.000993905728594593
2026-09-12 15:27:49 - train: epoch 16, iter:20, loss: 0.9154, lr: 0.000993905728594593
2026-09-12 15:28:11 - val epoch: 16, loss: 1.0325
2026-09-12 15:28:13 - train: epoch 17, iter:0, loss: 1.0280, lr: 0.0009930680383498998
2026-09-12 15:28:16 - train: epoch 17, iter:20, loss: 0.8887, lr: 0.0009930680383498998
2026-09-12 15:28:32 - val epoch: 17, loss: 0.9858
2026-09-12 15:28:34 - train: epoch 18, iter:0, loss: 0.9218, lr: 0.0009921768259447744
2026-09-12 15:28:37 - train: epoch 18, iter:20, loss: 0.8735, lr: 0.0009921768259447744
2026-09-12 15:28:59 - val epoch: 18, loss: 1.0431
2026-09-12 15:29:00 - train: epoch 19, iter:0, loss: 1.0442, lr: 0.0009912321891107007
2026-09-12 15:29:04 - train: epoch 19, iter:20, loss: 0.9251, lr: 0.0009912321891107007
2026-09-12 15:29:20 - val epoch: 19, loss: 0.9610
2026-09-12 15:29:22 - train: epoch 20, iter:0, loss: 0.9580, lr: 0.0009902342314377522
2026-09-12 15:29:25 - train: epoch 20, iter:20, loss: 0.8575, lr: 0.0009902342314377522
2026-09-12 15:29:49 - val epoch: 20, loss: 0.9466, miou: 0.7686411042741239, f1_or_dsc: 0.8691883304268058, accuracy: 0.9374483316251547,                 specificity: 0.9643779473369486, sensitivity: 0.8537455532917996, confusion_matrix: [[38636353  1427144]
 [ 1885160 11004431]]
2026-09-12 15:29:51 - train: epoch 21, iter:0, loss: 0.8714, lr: 0.0009891830623632338
2026-09-12 15:29:54 - train: epoch 21, iter:20, loss: 0.8244, lr: 0.0009891830623632338
2026-09-12 15:30:10 - val epoch: 21, loss: 1.0137
2026-09-12 15:30:12 - train: epoch 22, iter:0, loss: 1.0156, lr: 0.00098807879715968
2026-09-12 15:30:16 - train: epoch 22, iter:20, loss: 0.8206, lr: 0.00098807879715968
2026-09-12 15:30:37 - val epoch: 22, loss: 0.9436
2026-09-12 15:30:38 - train: epoch 23, iter:0, loss: 0.7019, lr: 0.0009869215569222143
2026-09-12 15:30:42 - train: epoch 23, iter:20, loss: 0.8880, lr: 0.0009869215569222143
2026-09-12 15:30:58 - val epoch: 23, loss: 0.9730
2026-09-12 15:30:59 - train: epoch 24, iter:0, loss: 0.8033, lr: 0.0009857114685552697
2026-09-12 15:31:03 - train: epoch 24, iter:20, loss: 0.8402, lr: 0.0009857114685552697
2026-09-12 15:31:25 - val epoch: 24, loss: 0.9987
2026-09-12 15:31:26 - train: epoch 25, iter:0, loss: 0.7779, lr: 0.0009844486647586721
2026-09-12 15:31:30 - train: epoch 25, iter:20, loss: 0.8045, lr: 0.0009844486647586721
2026-09-12 15:31:46 - val epoch: 25, loss: 0.9421
2026-09-12 15:31:47 - train: epoch 26, iter:0, loss: 0.7816, lr: 0.0009831332840130884
2026-09-12 15:31:51 - train: epoch 26, iter:20, loss: 0.8343, lr: 0.0009831332840130884
2026-09-12 15:32:07 - val epoch: 26, loss: 1.0309
2026-09-12 15:32:09 - train: epoch 27, iter:0, loss: 0.7750, lr: 0.0009817654705648405
2026-09-12 15:32:12 - train: epoch 27, iter:20, loss: 0.7868, lr: 0.0009817654705648405
2026-09-12 15:32:28 - val epoch: 27, loss: 1.0572
2026-09-12 15:32:30 - train: epoch 28, iter:0, loss: 0.7023, lr: 0.0009803453744100864
2026-09-12 15:32:33 - train: epoch 28, iter:20, loss: 0.7958, lr: 0.0009803453744100864
2026-09-12 15:32:49 - val epoch: 28, loss: 0.9666
2026-09-12 15:32:51 - train: epoch 29, iter:0, loss: 0.8749, lr: 0.0009788731512783728
2026-09-12 15:32:54 - train: epoch 29, iter:20, loss: 0.7595, lr: 0.0009788731512783728
2026-09-12 15:33:10 - val epoch: 29, loss: 1.0325
2026-09-12 15:33:12 - train: epoch 30, iter:0, loss: 0.7513, lr: 0.0009773489626155566
2026-09-12 15:33:15 - train: epoch 30, iter:20, loss: 0.7413, lr: 0.0009773489626155566
2026-09-12 15:33:34 - val epoch: 30, loss: 0.9886, miou: 0.7543625539569512, f1_or_dsc: 0.8599847873582257, accuracy: 0.9356340087286317,                 specificity: 0.9753877201483435, sensitivity: 0.8120713062191035, confusion_matrix: [[39077443   986054]
 [ 2422324 10467267]]
2026-09-12 15:33:35 - train: epoch 31, iter:0, loss: 0.7382, lr: 0.0009757729755661006
2026-09-12 15:33:38 - train: epoch 31, iter:20, loss: 0.7801, lr: 0.0009757729755661006
2026-09-12 15:33:54 - val epoch: 31, loss: 1.0196
2026-09-12 15:33:56 - train: epoch 32, iter:0, loss: 0.7618, lr: 0.0009741453629547445
2026-09-12 15:33:59 - train: epoch 32, iter:20, loss: 0.7710, lr: 0.0009741453629547445
2026-09-12 15:34:16 - val epoch: 32, loss: 0.9400
2026-09-12 15:34:17 - train: epoch 33, iter:0, loss: 0.6753, lr: 0.0009724663032675527
2026-09-12 15:34:20 - train: epoch 33, iter:20, loss: 0.7567, lr: 0.0009724663032675527
2026-09-12 15:34:37 - val epoch: 33, loss: 1.0135
2026-09-12 15:34:38 - train: epoch 34, iter:0, loss: 0.7060, lr: 0.0009707359806323412
2026-09-12 15:34:41 - train: epoch 34, iter:20, loss: 0.7750, lr: 0.0009707359806323412
2026-09-12 15:34:58 - val epoch: 34, loss: 0.8889
2026-09-12 15:34:59 - train: epoch 35, iter:0, loss: 0.5883, lr: 0.0009689545847984858
2026-09-12 15:35:03 - train: epoch 35, iter:20, loss: 0.7434, lr: 0.0009689545847984858
2026-09-12 15:35:19 - val epoch: 35, loss: 1.0332
2026-09-12 15:35:20 - train: epoch 36, iter:0, loss: 0.9455, lr: 0.0009671223111161144
2026-09-12 15:35:24 - train: epoch 36, iter:20, loss: 0.7440, lr: 0.0009671223111161144
2026-09-12 15:35:40 - val epoch: 36, loss: 0.9295
2026-09-12 15:35:42 - train: epoch 37, iter:0, loss: 0.9046, lr: 0.000965239360514684
2026-09-12 15:35:45 - train: epoch 37, iter:20, loss: 0.7358, lr: 0.000965239360514684
2026-09-12 15:36:01 - val epoch: 37, loss: 1.0905
2026-09-12 15:36:03 - train: epoch 38, iter:0, loss: 0.8496, lr: 0.000963305939480947
2026-09-12 15:36:06 - train: epoch 38, iter:20, loss: 0.7442, lr: 0.000963305939480947
2026-09-12 15:36:22 - val epoch: 38, loss: 1.3168
2026-09-12 15:36:24 - train: epoch 39, iter:0, loss: 0.8757, lr: 0.0009613222600363074
2026-09-12 15:36:27 - train: epoch 39, iter:20, loss: 0.7779, lr: 0.0009613222600363074
2026-09-12 15:36:43 - val epoch: 39, loss: 0.9212
2026-09-12 15:36:45 - train: epoch 40, iter:0, loss: 0.7661, lr: 0.0009592885397135703
2026-09-12 15:36:48 - train: epoch 40, iter:20, loss: 0.7178, lr: 0.0009592885397135703
2026-09-12 15:37:07 - val epoch: 40, loss: 1.0320, miou: 0.749550128908728, f1_or_dsc: 0.8568489882324842, accuracy: 0.9349853968856359,                 specificity: 0.9786197145995518, sensitivity: 0.7993609727414935, confusion_matrix: [[39206928   856569]
 [ 2586155 10303436]]
2026-09-12 15:37:09 - train: epoch 41, iter:0, loss: 1.1424, lr: 0.0009572050015330871
2026-09-12 15:37:12 - train: epoch 41, iter:20, loss: 0.7166, lr: 0.0009572050015330871
2026-09-12 15:37:28 - val epoch: 41, loss: 0.9887
2026-09-12 15:37:30 - train: epoch 42, iter:0, loss: 0.5459, lr: 0.0009550718739782986
2026-09-12 15:37:33 - train: epoch 42, iter:20, loss: 0.7348, lr: 0.0009550718739782986
2026-09-12 15:37:50 - val epoch: 42, loss: 0.9081
2026-09-12 15:37:51 - train: epoch 43, iter:0, loss: 0.6953, lr: 0.0009528893909706794
2026-09-12 15:37:55 - train: epoch 43, iter:20, loss: 0.7023, lr: 0.0009528893909706794
2026-09-12 15:38:11 - val epoch: 43, loss: 1.0147
2026-09-12 15:38:13 - train: epoch 44, iter:0, loss: 0.7781, lr: 0.0009506577918440856
2026-09-12 15:38:16 - train: epoch 44, iter:20, loss: 0.6797, lr: 0.0009506577918440856
2026-09-12 15:38:33 - val epoch: 44, loss: 0.9738
2026-09-12 15:38:34 - train: epoch 45, iter:0, loss: 0.7446, lr: 0.000948377321318509
2026-09-12 15:38:37 - train: epoch 45, iter:20, loss: 0.7173, lr: 0.000948377321318509
2026-09-12 15:38:54 - val epoch: 45, loss: 0.9454
2026-09-12 15:38:55 - train: epoch 46, iter:0, loss: 0.6833, lr: 0.0009460482294732416
2026-09-12 15:38:59 - train: epoch 46, iter:20, loss: 0.6942, lr: 0.0009460482294732416
2026-09-12 15:39:15 - val epoch: 46, loss: 0.9158
2026-09-12 15:39:17 - train: epoch 47, iter:0, loss: 0.6156, lr: 0.0009436707717194508
2026-09-12 15:39:20 - train: epoch 47, iter:20, loss: 0.6798, lr: 0.0009436707717194508
2026-09-12 15:39:37 - val epoch: 47, loss: 0.8989
2026-09-12 15:39:39 - train: epoch 48, iter:0, loss: 0.6386, lr: 0.0009412452087721706
2026-09-12 15:39:42 - train: epoch 48, iter:20, loss: 0.6773, lr: 0.0009412452087721706
2026-09-12 15:39:58 - val epoch: 48, loss: 1.0276
2026-09-12 15:39:59 - train: epoch 49, iter:0, loss: 0.9203, lr: 0.000938771806621712
2026-09-12 15:40:03 - train: epoch 49, iter:20, loss: 0.7282, lr: 0.000938771806621712
2026-09-12 15:40:19 - val epoch: 49, loss: 0.9289
2026-09-12 15:40:20 - train: epoch 50, iter:0, loss: 0.6335, lr: 0.0009362508365044934
2026-09-12 15:40:24 - train: epoch 50, iter:20, loss: 0.7162, lr: 0.0009362508365044934
2026-09-12 15:40:43 - val epoch: 50, loss: 0.9560, miou: 0.7614524674911637, f1_or_dsc: 0.8645733921798074, accuracy: 0.9388091210091468,                 specificity: 0.9826865088686592, sensitivity: 0.8024291849136252, confusion_matrix: [[39369858   693639]
 [ 2546607 10342984]]
2026-09-12 15:40:44 - train: epoch 51, iter:0, loss: 0.5655, lr: 0.0009336825748732968
2026-09-12 15:40:47 - train: epoch 51, iter:20, loss: 0.6979, lr: 0.0009336825748732968
2026-09-12 15:41:04 - val epoch: 51, loss: 0.8868
2026-09-12 15:41:05 - train: epoch 52, iter:0, loss: 0.6360, lr: 0.0009310673033669517
2026-09-12 15:41:09 - train: epoch 52, iter:20, loss: 0.6896, lr: 0.0009310673033669517
2026-09-12 15:41:25 - val epoch: 52, loss: 0.8670
2026-09-12 15:41:26 - train: epoch 53, iter:0, loss: 0.7702, lr: 0.0009284053087794505
2026-09-12 15:41:30 - train: epoch 53, iter:20, loss: 0.6929, lr: 0.0009284053087794505
2026-09-12 15:41:47 - val epoch: 53, loss: 1.0332
2026-09-12 15:41:48 - train: epoch 54, iter:0, loss: 0.9356, lr: 0.0009256968830284974
2026-09-12 15:41:52 - train: epoch 54, iter:20, loss: 0.7048, lr: 0.0009256968830284974
2026-09-12 15:42:08 - val epoch: 54, loss: 0.8605
2026-09-12 15:42:10 - train: epoch 55, iter:0, loss: 0.5138, lr: 0.0009229423231234972
2026-09-12 15:42:13 - train: epoch 55, iter:20, loss: 0.6774, lr: 0.0009229423231234972
2026-09-12 15:42:30 - val epoch: 55, loss: 0.9071
2026-09-12 15:42:31 - train: epoch 56, iter:0, loss: 0.6747, lr: 0.0009201419311329846
2026-09-12 15:42:35 - train: epoch 56, iter:20, loss: 0.6532, lr: 0.0009201419311329846
2026-09-12 15:42:51 - val epoch: 56, loss: 0.9014
2026-09-12 15:42:53 - train: epoch 57, iter:0, loss: 0.9126, lr: 0.0009172960141514989
2026-09-12 15:42:56 - train: epoch 57, iter:20, loss: 0.6993, lr: 0.0009172960141514989
2026-09-12 15:43:12 - val epoch: 57, loss: 0.8951
2026-09-12 15:43:14 - train: epoch 58, iter:0, loss: 0.6616, lr: 0.0009144048842659077
2026-09-12 15:43:17 - train: epoch 58, iter:20, loss: 0.6755, lr: 0.0009144048842659077
2026-09-12 15:43:34 - val epoch: 58, loss: 0.8604
2026-09-12 15:43:35 - train: epoch 59, iter:0, loss: 0.5789, lr: 0.0009114688585211832
2026-09-12 15:43:38 - train: epoch 59, iter:20, loss: 0.6509, lr: 0.0009114688585211832
2026-09-12 15:43:55 - val epoch: 59, loss: 0.8373
2026-09-12 15:43:56 - train: epoch 60, iter:0, loss: 0.6315, lr: 0.0009084882588856339
2026-09-12 15:44:00 - train: epoch 60, iter:20, loss: 0.6456, lr: 0.0009084882588856339
2026-09-12 15:44:18 - val epoch: 60, loss: 0.9233, miou: 0.7632429288982799, f1_or_dsc: 0.8657263459155614, accuracy: 0.9306971672737953,                 specificity: 0.9348364173002671, sensitivity: 0.9178315277808272, confusion_matrix: [[37452816  2610681]
 [ 1059118 11830473]]
2026-09-12 15:44:19 - train: epoch 61, iter:0, loss: 0.8196, lr: 0.0009054634122155986
2026-09-12 15:44:23 - train: epoch 61, iter:20, loss: 0.6550, lr: 0.0009054634122155986
2026-09-12 15:44:39 - val epoch: 61, loss: 0.9585
2026-09-12 15:44:40 - train: epoch 62, iter:0, loss: 0.6806, lr: 0.0009023946502196013
2026-09-12 15:44:44 - train: epoch 62, iter:20, loss: 0.6607, lr: 0.0009023946502196013
2026-09-12 15:45:00 - val epoch: 62, loss: 0.9486
2026-09-12 15:45:01 - train: epoch 63, iter:0, loss: 0.7847, lr: 0.0008992823094219767
2026-09-12 15:45:05 - train: epoch 63, iter:20, loss: 0.6712, lr: 0.0008992823094219767
2026-09-12 15:45:21 - val epoch: 63, loss: 0.9022
2026-09-12 15:45:22 - train: epoch 64, iter:0, loss: 0.5395, lr: 0.0008961267311259662
2026-09-12 15:45:26 - train: epoch 64, iter:20, loss: 0.6517, lr: 0.0008961267311259662
2026-09-12 15:45:42 - val epoch: 64, loss: 0.9116
2026-09-12 15:45:44 - train: epoch 65, iter:0, loss: 0.5745, lr: 0.0008929282613762903
2026-09-12 15:45:47 - train: epoch 65, iter:20, loss: 0.6506, lr: 0.0008929282613762903
2026-09-12 15:46:03 - val epoch: 65, loss: 0.8935
2026-09-12 15:46:05 - train: epoch 66, iter:0, loss: 0.5171, lr: 0.0008896872509212002
2026-09-12 15:46:08 - train: epoch 66, iter:20, loss: 0.6555, lr: 0.0008896872509212002
2026-09-12 15:46:25 - val epoch: 66, loss: 0.8772
2026-09-12 15:46:26 - train: epoch 67, iter:0, loss: 0.6660, lr: 0.0008864040551740152
2026-09-12 15:46:29 - train: epoch 67, iter:20, loss: 0.6191, lr: 0.0008864040551740152
2026-09-12 15:46:46 - val epoch: 67, loss: 0.9414
2026-09-12 15:46:47 - train: epoch 68, iter:0, loss: 0.6253, lr: 0.0008830790341741476
2026-09-12 15:46:50 - train: epoch 68, iter:20, loss: 0.6234, lr: 0.0008830790341741476
2026-09-12 15:47:06 - val epoch: 68, loss: 0.9210
2026-09-12 15:47:08 - train: epoch 69, iter:0, loss: 0.5921, lr: 0.000879712552547619
2026-09-12 15:47:12 - train: epoch 69, iter:20, loss: 0.6144, lr: 0.000879712552547619
2026-09-12 15:47:28 - val epoch: 69, loss: 0.9013
2026-09-12 15:47:29 - train: epoch 70, iter:0, loss: 0.5261, lr: 0.0008763049794670771
2026-09-12 15:47:32 - train: epoch 70, iter:20, loss: 0.6263, lr: 0.0008763049794670771
2026-09-12 15:47:51 - val epoch: 70, loss: 0.8487, miou: 0.7820166489886993, f1_or_dsc: 0.8776760300556075, accuracy: 0.940220294612469,                 specificity: 0.9592583742752162, sensitivity: 0.8810460316390178, confusion_matrix: [[38431245  1632252]
 [ 1533268 11356323]]
2026-09-12 15:47:53 - train: epoch 71, iter:0, loss: 0.7883, lr: 0.0008728566886113098
2026-09-12 15:47:56 - train: epoch 71, iter:20, loss: 0.6426, lr: 0.0008728566886113098
2026-09-12 15:48:12 - val epoch: 71, loss: 0.8415
2026-09-12 15:48:14 - train: epoch 72, iter:0, loss: 0.6369, lr: 0.000869368058124268
2026-09-12 15:48:17 - train: epoch 72, iter:20, loss: 0.6495, lr: 0.000869368058124268
2026-09-12 15:48:34 - val epoch: 72, loss: 0.8822
2026-09-12 15:48:35 - train: epoch 73, iter:0, loss: 0.6134, lr: 0.0008658394705735983
2026-09-12 15:48:38 - train: epoch 73, iter:20, loss: 0.6377, lr: 0.0008658394705735983
2026-09-12 15:48:55 - val epoch: 73, loss: 0.8727
2026-09-12 15:48:56 - train: epoch 74, iter:0, loss: 0.4879, lr: 0.0008622713129086888
2026-09-12 15:49:00 - train: epoch 74, iter:20, loss: 0.6328, lr: 0.0008622713129086888
2026-09-12 15:49:16 - val epoch: 74, loss: 0.9053
2026-09-12 15:49:17 - train: epoch 75, iter:0, loss: 0.7634, lr: 0.0008586639764182372
2026-09-12 15:49:21 - train: epoch 75, iter:20, loss: 0.6216, lr: 0.0008586639764182372
2026-09-12 15:49:37 - val epoch: 75, loss: 0.9063
2026-09-12 15:49:38 - train: epoch 76, iter:0, loss: 0.8482, lr: 0.0008550178566873405
2026-09-12 15:49:42 - train: epoch 76, iter:20, loss: 0.6377, lr: 0.0008550178566873405
2026-09-12 15:49:58 - val epoch: 76, loss: 0.8651
2026-09-12 15:50:00 - train: epoch 77, iter:0, loss: 0.7240, lr: 0.0008513333535541156
2026-09-12 15:50:03 - train: epoch 77, iter:20, loss: 0.6363, lr: 0.0008513333535541156
2026-09-12 15:50:19 - val epoch: 77, loss: 0.8273
2026-09-12 15:50:21 - train: epoch 78, iter:0, loss: 0.6588, lr: 0.0008476108710658509
2026-09-12 15:50:24 - train: epoch 78, iter:20, loss: 0.6233, lr: 0.0008476108710658509
2026-09-12 15:50:41 - val epoch: 78, loss: 0.8681
2026-09-12 15:50:42 - train: epoch 79, iter:0, loss: 0.5918, lr: 0.0008438508174347005
2026-09-12 15:50:46 - train: epoch 79, iter:20, loss: 0.6320, lr: 0.0008438508174347005
2026-09-12 15:51:02 - val epoch: 79, loss: 0.9560
2026-09-12 15:51:03 - train: epoch 80, iter:0, loss: 0.7631, lr: 0.0008400536049929166
2026-09-12 15:51:07 - train: epoch 80, iter:20, loss: 0.6265, lr: 0.0008400536049929166
2026-09-12 15:51:26 - val epoch: 80, loss: 0.8614, miou: 0.7755186335840094, f1_or_dsc: 0.8735685662938613, accuracy: 0.9375472493691019,                 specificity: 0.9540120524176908, sensitivity: 0.8863712587932386, confusion_matrix: [[38221059  1842438]
 [ 1464628 11424963]]
2026-09-12 15:51:28 - train: epoch 81, iter:0, loss: 0.6948, lr: 0.0008362196501476343
2026-09-12 15:51:31 - train: epoch 81, iter:20, loss: 0.5982, lr: 0.0008362196501476343
2026-09-12 15:51:49 - val epoch: 81, loss: 0.8827
2026-09-12 15:51:50 - train: epoch 82, iter:0, loss: 0.7544, lr: 0.0008323493733352072
2026-09-12 15:51:53 - train: epoch 82, iter:20, loss: 0.6059, lr: 0.0008323493733352072
2026-09-12 15:52:10 - val epoch: 82, loss: 0.9006
2026-09-12 15:52:11 - train: epoch 83, iter:0, loss: 0.6837, lr: 0.0008284431989751018
2026-09-12 15:52:14 - train: epoch 83, iter:20, loss: 0.6050, lr: 0.0008284431989751018
2026-09-12 15:52:31 - val epoch: 83, loss: 0.8918
2026-09-12 15:52:32 - train: epoch 84, iter:0, loss: 0.6777, lr: 0.000824501555423355
2026-09-12 15:52:36 - train: epoch 84, iter:20, loss: 0.6297, lr: 0.000824501555423355
2026-09-12 15:52:52 - val epoch: 84, loss: 0.8262
2026-09-12 15:52:54 - train: epoch 85, iter:0, loss: 0.4776, lr: 0.0008205248749256009
2026-09-12 15:52:57 - train: epoch 85, iter:20, loss: 0.6186, lr: 0.0008205248749256009
2026-09-12 15:53:13 - val epoch: 85, loss: 0.9406
2026-09-12 15:53:15 - train: epoch 86, iter:0, loss: 0.7555, lr: 0.000816513593569669
2026-09-12 15:53:18 - train: epoch 86, iter:20, loss: 0.6183, lr: 0.000816513593569669
2026-09-12 15:53:34 - val epoch: 86, loss: 0.8431
2026-09-12 15:53:36 - train: epoch 87, iter:0, loss: 0.5247, lr: 0.0008124681512377632
2026-09-12 15:53:39 - train: epoch 87, iter:20, loss: 0.5898, lr: 0.0008124681512377632
2026-09-12 15:53:55 - val epoch: 87, loss: 0.8431
2026-09-12 15:53:56 - train: epoch 88, iter:0, loss: 0.5155, lr: 0.000808388991558223
2026-09-12 15:54:00 - train: epoch 88, iter:20, loss: 0.6077, lr: 0.000808388991558223
2026-09-12 15:54:16 - val epoch: 88, loss: 0.8325
2026-09-12 15:54:17 - train: epoch 89, iter:0, loss: 0.5764, lr: 0.0008042765618568752
2026-09-12 15:54:21 - train: epoch 89, iter:20, loss: 0.6296, lr: 0.0008042765618568752
2026-09-12 15:54:37 - val epoch: 89, loss: 0.8246
2026-09-12 15:54:38 - train: epoch 90, iter:0, loss: 0.6307, lr: 0.0008001313131079794
2026-09-12 15:54:42 - train: epoch 90, iter:20, loss: 0.6162, lr: 0.0008001313131079794
2026-09-12 15:55:01 - val epoch: 90, loss: 0.8931, miou: 0.7763121330821454, f1_or_dsc: 0.8740717564487243, accuracy: 0.9410031951299989,                 specificity: 0.9731281570353182, sensitivity: 0.8411522134410626, confusion_matrix: [[38986917  1076580]
 [ 2047483 10842108]]
2026-09-12 15:55:03 - train: epoch 91, iter:0, loss: 0.5505, lr: 0.0007959536998847737
2026-09-12 15:55:06 - train: epoch 91, iter:20, loss: 0.6325, lr: 0.0007959536998847737
2026-09-12 15:55:24 - val epoch: 91, loss: 0.8566
2026-09-12 15:55:25 - train: epoch 92, iter:0, loss: 0.5879, lr: 0.0007917441803096255
2026-09-12 15:55:29 - train: epoch 92, iter:20, loss: 0.6009, lr: 0.0007917441803096255
2026-09-12 15:55:45 - val epoch: 92, loss: 0.9650
2026-09-12 15:55:47 - train: epoch 93, iter:0, loss: 0.6279, lr: 0.0007875032160037932
2026-09-12 15:55:50 - train: epoch 93, iter:20, loss: 0.5956, lr: 0.0007875032160037932
2026-09-12 15:56:06 - val epoch: 93, loss: 0.9949
2026-09-12 15:56:08 - train: epoch 94, iter:0, loss: 0.6594, lr: 0.0007832312720368042
2026-09-12 15:56:11 - train: epoch 94, iter:20, loss: 0.5897, lr: 0.0007832312720368042
2026-09-12 15:56:27 - val epoch: 94, loss: 0.9202
2026-09-12 15:56:29 - train: epoch 95, iter:0, loss: 0.6296, lr: 0.0007789288168754548
2026-09-12 15:56:32 - train: epoch 95, iter:20, loss: 0.6143, lr: 0.0007789288168754548
2026-09-12 15:56:49 - val epoch: 95, loss: 0.9933
2026-09-12 15:56:50 - train: epoch 96, iter:0, loss: 0.5080, lr: 0.0007745963223324379
2026-09-12 15:56:53 - train: epoch 96, iter:20, loss: 0.6153, lr: 0.0007745963223324379
2026-09-12 15:57:10 - val epoch: 96, loss: 0.9266
2026-09-12 15:57:11 - train: epoch 97, iter:0, loss: 0.6914, lr: 0.0007702342635146028
2026-09-12 15:57:15 - train: epoch 97, iter:20, loss: 0.6111, lr: 0.0007702342635146028
2026-09-12 15:57:31 - val epoch: 97, loss: 0.8493
2026-09-12 15:57:32 - train: epoch 98, iter:0, loss: 0.5607, lr: 0.000765843118770855
2026-09-12 15:57:35 - train: epoch 98, iter:20, loss: 0.5831, lr: 0.000765843118770855
2026-09-12 15:57:52 - val epoch: 98, loss: 0.8990
2026-09-12 15:57:53 - train: epoch 99, iter:0, loss: 0.5664, lr: 0.0007614233696396991
2026-09-12 15:57:56 - train: epoch 99, iter:20, loss: 0.5955, lr: 0.0007614233696396991
2026-09-12 15:58:12 - val epoch: 99, loss: 0.9212
2026-09-12 15:58:14 - train: epoch 100, iter:0, loss: 0.5221, lr: 0.0007569755007964334
2026-09-12 15:58:18 - train: epoch 100, iter:20, loss: 0.5810, lr: 0.0007569755007964334
2026-09-12 15:58:38 - val epoch: 100, loss: 0.8928, miou: 0.772015327882482, f1_or_dsc: 0.8713415913902085, accuracy: 0.9393856312968943,                 specificity: 0.9703204640373755, sensitivity: 0.8432338155648228, confusion_matrix: [[38874431  1189066]
 [ 2020652 10868939]]
2026-09-12 15:58:40 - train: epoch 101, iter:0, loss: 0.5301, lr: 0.0007524999999999996
2026-09-12 15:58:43 - train: epoch 101, iter:20, loss: 0.5846, lr: 0.0007524999999999996
2026-09-12 15:59:01 - val epoch: 101, loss: 0.8363
2026-09-12 15:59:03 - train: epoch 102, iter:0, loss: 0.5781, lr: 0.0007479973580394943
2026-09-12 15:59:06 - train: epoch 102, iter:20, loss: 0.5973, lr: 0.0007479973580394943
2026-09-12 15:59:22 - val epoch: 102, loss: 0.8306
2026-09-12 15:59:24 - train: epoch 103, iter:0, loss: 0.5892, lr: 0.0007434680686803487
2026-09-12 15:59:27 - train: epoch 103, iter:20, loss: 0.5978, lr: 0.0007434680686803487
2026-09-12 15:59:43 - val epoch: 103, loss: 0.8574
2026-09-12 15:59:45 - train: epoch 104, iter:0, loss: 0.4936, lr: 0.0007389126286101815
2026-09-12 15:59:48 - train: epoch 104, iter:20, loss: 0.5874, lr: 0.0007389126286101815
2026-09-12 16:00:04 - val epoch: 104, loss: 0.8611
2026-09-12 16:00:06 - train: epoch 105, iter:0, loss: 0.6256, lr: 0.0007343315373843313
2026-09-12 16:00:09 - train: epoch 105, iter:20, loss: 0.5958, lr: 0.0007343315373843313
2026-09-12 16:00:25 - val epoch: 105, loss: 0.9076
2026-09-12 16:00:27 - train: epoch 106, iter:0, loss: 0.4450, lr: 0.0007297252973710753
2026-09-12 16:00:30 - train: epoch 106, iter:20, loss: 0.6002, lr: 0.0007297252973710753
2026-09-12 16:00:47 - val epoch: 106, loss: 0.8674
2026-09-12 16:00:48 - train: epoch 107, iter:0, loss: 0.5937, lr: 0.0007250944136965387
2026-09-12 16:00:52 - train: epoch 107, iter:20, loss: 0.5798, lr: 0.0007250944136965387
2026-09-12 16:01:09 - val epoch: 107, loss: 0.9104
2026-09-12 16:01:10 - train: epoch 108, iter:0, loss: 0.5289, lr: 0.0007204393941893019
2026-09-12 16:01:14 - train: epoch 108, iter:20, loss: 0.5674, lr: 0.0007204393941893019
2026-09-12 16:01:30 - val epoch: 108, loss: 0.8681
2026-09-12 16:01:31 - train: epoch 109, iter:0, loss: 0.5445, lr: 0.0007157607493247106
2026-09-12 16:01:35 - train: epoch 109, iter:20, loss: 0.5870, lr: 0.0007157607493247106
2026-09-12 16:01:51 - val epoch: 109, loss: 0.8440
2026-09-12 16:01:53 - train: epoch 110, iter:0, loss: 0.5757, lr: 0.0007110589921688983
2026-09-12 16:01:56 - train: epoch 110, iter:20, loss: 0.6158, lr: 0.0007110589921688983
2026-09-12 16:02:15 - val epoch: 110, loss: 0.8426, miou: 0.7890597494976933, f1_or_dsc: 0.8820943512023388, accuracy: 0.944625457914749,                 specificity: 0.9747580946316294, sensitivity: 0.8509670322355457, confusion_matrix: [[39052218  1011279]
 [ 1920974 10968617]]
2026-09-12 16:02:17 - train: epoch 111, iter:0, loss: 0.5634, lr: 0.0007063346383225208
2026-09-12 16:02:20 - train: epoch 111, iter:20, loss: 0.5827, lr: 0.0007063346383225208
2026-09-12 16:02:36 - val epoch: 111, loss: 0.8432
2026-09-12 16:02:38 - train: epoch 112, iter:0, loss: 0.5280, lr: 0.0007015882058642161
2026-09-12 16:02:41 - train: epoch 112, iter:20, loss: 0.5712, lr: 0.0007015882058642161
2026-09-12 16:02:57 - val epoch: 112, loss: 0.9873
2026-09-12 16:02:59 - train: epoch 113, iter:0, loss: 0.5773, lr: 0.0006968202152937907
2026-09-12 16:03:02 - train: epoch 113, iter:20, loss: 0.5945, lr: 0.0006968202152937907
2026-09-12 16:03:19 - val epoch: 113, loss: 0.9471
2026-09-12 16:03:20 - train: epoch 114, iter:0, loss: 0.6624, lr: 0.000692031189475141
2026-09-12 16:03:24 - train: epoch 114, iter:20, loss: 0.5731, lr: 0.000692031189475141
2026-09-12 16:03:40 - val epoch: 114, loss: 0.9017
2026-09-12 16:03:42 - train: epoch 115, iter:0, loss: 0.7544, lr: 0.0006872216535789155
2026-09-12 16:03:45 - train: epoch 115, iter:20, loss: 0.5778, lr: 0.0006872216535789155
2026-09-12 16:04:01 - val epoch: 115, loss: 0.8641
2026-09-12 16:04:03 - train: epoch 116, iter:0, loss: 0.5152, lr: 0.0006823921350249233
2026-09-12 16:04:06 - train: epoch 116, iter:20, loss: 0.5842, lr: 0.0006823921350249233
2026-09-12 16:04:23 - val epoch: 116, loss: 0.8955
2026-09-12 16:04:24 - train: epoch 117, iter:0, loss: 0.5769, lr: 0.0006775431634242984
2026-09-12 16:04:28 - train: epoch 117, iter:20, loss: 0.5960, lr: 0.0006775431634242984
2026-09-12 16:04:44 - val epoch: 117, loss: 0.8721
2026-09-12 16:04:46 - train: epoch 118, iter:0, loss: 0.6173, lr: 0.0006726752705214191
2026-09-12 16:04:49 - train: epoch 118, iter:20, loss: 0.5882, lr: 0.0006726752705214191
2026-09-12 16:05:05 - val epoch: 118, loss: 0.8643
2026-09-12 16:05:07 - train: epoch 119, iter:0, loss: 0.5119, lr: 0.0006677889901355985
2026-09-12 16:05:10 - train: epoch 119, iter:20, loss: 0.5406, lr: 0.0006677889901355985
2026-09-12 16:05:26 - val epoch: 119, loss: 0.8757
2026-09-12 16:05:28 - train: epoch 120, iter:0, loss: 0.5839, lr: 0.0006628848581025445
2026-09-12 16:05:31 - train: epoch 120, iter:20, loss: 0.5641, lr: 0.0006628848581025445
2026-09-12 16:05:50 - val epoch: 120, loss: 0.8337, miou: 0.7849947957791348, f1_or_dsc: 0.879548554018603, accuracy: 0.9418873362021871,                 specificity: 0.9644856264045049, sensitivity: 0.8716472074249679, confusion_matrix: [[38640667  1422830]
 [ 1654415 11235176]]
2026-09-12 16:05:52 - train: epoch 121, iter:0, loss: 0.5680, lr: 0.0006579634122155989
2026-09-12 16:05:55 - train: epoch 121, iter:20, loss: 0.5543, lr: 0.0006579634122155989
2026-09-12 16:06:12 - val epoch: 121, loss: 0.8252
2026-09-12 16:06:13 - train: epoch 122, iter:0, loss: 0.5279, lr: 0.0006530251921667629
2026-09-12 16:06:17 - train: epoch 122, iter:20, loss: 0.5496, lr: 0.0006530251921667629
2026-09-12 16:06:33 - val epoch: 122, loss: 0.8507
2026-09-12 16:06:35 - train: epoch 123, iter:0, loss: 0.5852, lr: 0.0006480707394875134
2026-09-12 16:06:38 - train: epoch 123, iter:20, loss: 0.5643, lr: 0.0006480707394875134
2026-09-12 16:06:55 - val epoch: 123, loss: 0.8886
2026-09-12 16:06:56 - train: epoch 124, iter:0, loss: 0.6134, lr: 0.0006431005974894185
2026-09-12 16:06:59 - train: epoch 124, iter:20, loss: 0.5599, lr: 0.0006431005974894185
2026-09-12 16:07:16 - val epoch: 124, loss: 0.8461
2026-09-12 16:07:17 - train: epoch 125, iter:0, loss: 0.4680, lr: 0.0006381153112045565
2026-09-12 16:07:20 - train: epoch 125, iter:20, loss: 0.5723, lr: 0.0006381153112045565
2026-09-12 16:07:37 - val epoch: 125, loss: 0.8187
2026-09-12 16:07:38 - train: epoch 126, iter:0, loss: 0.4896, lr: 0.0006331154273257479
2026-09-12 16:07:41 - train: epoch 126, iter:20, loss: 0.5617, lr: 0.0006331154273257479
2026-09-12 16:07:58 - val epoch: 126, loss: 0.8632
2026-09-12 16:07:59 - train: epoch 127, iter:0, loss: 0.5861, lr: 0.000628101494146603
2026-09-12 16:08:03 - train: epoch 127, iter:20, loss: 0.5493, lr: 0.000628101494146603
2026-09-12 16:08:19 - val epoch: 127, loss: 0.8072
2026-09-12 16:08:21 - train: epoch 128, iter:0, loss: 0.5071, lr: 0.0006230740615013976
2026-09-12 16:08:24 - train: epoch 128, iter:20, loss: 0.5496, lr: 0.0006230740615013976
2026-09-12 16:08:40 - val epoch: 128, loss: 0.8621
2026-09-12 16:08:42 - train: epoch 129, iter:0, loss: 0.5344, lr: 0.0006180336807047746
2026-09-12 16:08:45 - train: epoch 129, iter:20, loss: 0.5658, lr: 0.0006180336807047746
2026-09-12 16:09:01 - val epoch: 129, loss: 0.8702
2026-09-12 16:09:03 - train: epoch 130, iter:0, loss: 0.5368, lr: 0.0006129809044912887
2026-09-12 16:09:06 - train: epoch 130, iter:20, loss: 0.5597, lr: 0.0006129809044912887
2026-09-12 16:09:27 - val epoch: 130, loss: 0.8992, miou: 0.7788623614284811, f1_or_dsc: 0.8756859196267784, accuracy: 0.9423750131437094,                 specificity: 0.9773072730021546, sensitivity: 0.8337983726558895, confusion_matrix: [[39154347   909150]
 [ 2142271 10747320]]
2026-09-12 16:09:28 - train: epoch 131, iter:0, loss: 0.5663, lr: 0.0006079162869547909
2026-09-12 16:09:31 - train: epoch 131, iter:20, loss: 0.5425, lr: 0.0006079162869547909
2026-09-12 16:09:49 - val epoch: 131, loss: 0.8974
2026-09-12 16:09:50 - train: epoch 132, iter:0, loss: 0.5464, lr: 0.0006028403834876673
2026-09-12 16:09:54 - train: epoch 132, iter:20, loss: 0.5319, lr: 0.0006028403834876673
2026-09-12 16:10:10 - val epoch: 132, loss: 0.8359
2026-09-12 16:10:12 - train: epoch 133, iter:0, loss: 0.6617, lr: 0.0005977537507199337
2026-09-12 16:10:15 - train: epoch 133, iter:20, loss: 0.5478, lr: 0.0005977537507199337
2026-09-12 16:10:31 - val epoch: 133, loss: 0.8316
2026-09-12 16:10:32 - train: epoch 134, iter:0, loss: 0.4541, lr: 0.0005926569464581937
2026-09-12 16:10:36 - train: epoch 134, iter:20, loss: 0.5494, lr: 0.0005926569464581937
2026-09-12 16:10:52 - val epoch: 134, loss: 0.8891
2026-09-12 16:10:53 - train: epoch 135, iter:0, loss: 0.6638, lr: 0.0005875505296244705
2026-09-12 16:10:57 - train: epoch 135, iter:20, loss: 0.5479, lr: 0.0005875505296244705
2026-09-12 16:11:13 - val epoch: 135, loss: 0.8665
2026-09-12 16:11:14 - train: epoch 136, iter:0, loss: 0.5079, lr: 0.0005824350601949142
2026-09-12 16:11:17 - train: epoch 136, iter:20, loss: 0.5579, lr: 0.0005824350601949142
2026-09-12 16:11:34 - val epoch: 136, loss: 0.8034
2026-09-12 16:11:35 - train: epoch 137, iter:0, loss: 0.5485, lr: 0.0005773110991383937
2026-09-12 16:11:39 - train: epoch 137, iter:20, loss: 0.5491, lr: 0.0005773110991383937
2026-09-12 16:11:55 - val epoch: 137, loss: 0.9015
2026-09-12 16:11:56 - train: epoch 138, iter:0, loss: 0.4796, lr: 0.0005721792083549806
2026-09-12 16:12:00 - train: epoch 138, iter:20, loss: 0.5892, lr: 0.0005721792083549806
2026-09-12 16:12:16 - val epoch: 138, loss: 0.8321
2026-09-12 16:12:17 - train: epoch 139, iter:0, loss: 0.5815, lr: 0.0005670399506143306
2026-09-12 16:12:21 - train: epoch 139, iter:20, loss: 0.5430, lr: 0.0005670399506143306
2026-09-12 16:12:37 - val epoch: 139, loss: 0.8510
2026-09-12 16:12:39 - train: epoch 140, iter:0, loss: 0.5580, lr: 0.000561893889493969
2026-09-12 16:12:42 - train: epoch 140, iter:20, loss: 0.5735, lr: 0.000561893889493969
2026-09-12 16:13:02 - val epoch: 140, loss: 0.8844, miou: 0.771923919536472, f1_or_dsc: 0.8712833672208727, accuracy: 0.9357486762622795,                 specificity: 0.9493846979957841, sensitivity: 0.8933651191880332, confusion_matrix: [[38035671  2027826]
 [ 1374480 11515111]]
2026-09-12 16:13:04 - train: epoch 141, iter:0, loss: 0.6805, lr: 0.0005567415893174885
2026-09-12 16:13:07 - train: epoch 141, iter:20, loss: 0.5598, lr: 0.0005567415893174885
2026-09-12 16:13:25 - val epoch: 141, loss: 0.8606
2026-09-12 16:13:26 - train: epoch 142, iter:0, loss: 0.4261, lr: 0.0005515836150926646
2026-09-12 16:13:30 - train: epoch 142, iter:20, loss: 0.5669, lr: 0.0005515836150926646
2026-09-12 16:13:46 - val epoch: 142, loss: 0.9034
2026-09-12 16:13:48 - train: epoch 143, iter:0, loss: 0.4093, lr: 0.0005464205324494961
2026-09-12 16:13:51 - train: epoch 143, iter:20, loss: 0.5518, lr: 0.0005464205324494961
2026-09-12 16:14:08 - val epoch: 143, loss: 0.8657
2026-09-12 16:14:09 - train: epoch 144, iter:0, loss: 0.5527, lr: 0.0005412529075781776
2026-09-12 16:14:13 - train: epoch 144, iter:20, loss: 0.5611, lr: 0.0005412529075781776
2026-09-12 16:14:29 - val epoch: 144, loss: 0.8943
2026-09-12 16:14:30 - train: epoch 145, iter:0, loss: 0.5564, lr: 0.0005360813071670101
2026-09-12 16:14:34 - train: epoch 145, iter:20, loss: 0.5196, lr: 0.0005360813071670101
2026-09-12 16:14:50 - val epoch: 145, loss: 0.8348
2026-09-12 16:14:52 - train: epoch 146, iter:0, loss: 0.4664, lr: 0.0005309062983402573
2026-09-12 16:14:54 - train: epoch 146, iter:20, loss: 0.5740, lr: 0.0005309062983402573
2026-09-12 16:15:11 - val epoch: 146, loss: 0.8660
2026-09-12 16:15:12 - train: epoch 147, iter:0, loss: 0.4861, lr: 0.0005257284485959538
2026-09-12 16:15:16 - train: epoch 147, iter:20, loss: 0.5553, lr: 0.0005257284485959538
2026-09-12 16:15:32 - val epoch: 147, loss: 0.8210
2026-09-12 16:15:34 - train: epoch 148, iter:0, loss: 0.5387, lr: 0.0005205483257436734
2026-09-12 16:15:37 - train: epoch 148, iter:20, loss: 0.5419, lr: 0.0005205483257436734
2026-09-12 16:15:53 - val epoch: 148, loss: 0.8252
2026-09-12 16:15:55 - train: epoch 149, iter:0, loss: 0.4947, lr: 0.0005153664978422616
2026-09-12 16:15:58 - train: epoch 149, iter:20, loss: 0.5245, lr: 0.0005153664978422616
2026-09-12 16:16:14 - val epoch: 149, loss: 0.8906
2026-09-12 16:16:16 - train: epoch 150, iter:0, loss: 0.4684, lr: 0.0005101835331375416
2026-09-12 16:16:19 - train: epoch 150, iter:20, loss: 0.5271, lr: 0.0005101835331375416
2026-09-12 16:16:38 - val epoch: 150, loss: 0.8306, miou: 0.7870849867495135, f1_or_dsc: 0.8808590442932698, accuracy: 0.9412541342253732,                 specificity: 0.9570477834224007, sensitivity: 0.8921642277090095, confusion_matrix: [[38342681  1720816]
 [ 1389959 11499632]]
2026-09-12 16:16:39 - train: epoch 151, iter:0, loss: 0.5505, lr: 0.0005049999999999999
2026-09-12 16:16:43 - train: epoch 151, iter:20, loss: 0.5344, lr: 0.0005049999999999999
2026-09-12 16:16:59 - val epoch: 151, loss: 0.8262
2026-09-12 16:17:01 - train: epoch 152, iter:0, loss: 0.7278, lr: 0.0004998164668624582
2026-09-12 16:17:04 - train: epoch 152, iter:20, loss: 0.5299, lr: 0.0004998164668624582
2026-09-12 16:17:20 - val epoch: 152, loss: 0.8165
2026-09-12 16:17:22 - train: epoch 153, iter:0, loss: 0.7395, lr: 0.0004946335021577383
2026-09-12 16:17:25 - train: epoch 153, iter:20, loss: 0.5610, lr: 0.0004946335021577383
2026-09-12 16:17:42 - val epoch: 153, loss: 0.8249
2026-09-12 16:17:43 - train: epoch 154, iter:0, loss: 0.5670, lr: 0.0004894516742563263
2026-09-12 16:17:47 - train: epoch 154, iter:20, loss: 0.5535, lr: 0.0004894516742563263
2026-09-12 16:18:04 - val epoch: 154, loss: 0.8187
2026-09-12 16:18:06 - train: epoch 155, iter:0, loss: 0.6550, lr: 0.000484271551404046
2026-09-12 16:18:09 - train: epoch 155, iter:20, loss: 0.5565, lr: 0.000484271551404046
2026-09-12 16:18:26 - val epoch: 155, loss: 0.8702
2026-09-12 16:18:27 - train: epoch 156, iter:0, loss: 0.5291, lr: 0.0004790937016597426
2026-09-12 16:18:30 - train: epoch 156, iter:20, loss: 0.5418, lr: 0.0004790937016597426
2026-09-12 16:18:47 - val epoch: 156, loss: 0.8232
2026-09-12 16:18:48 - train: epoch 157, iter:0, loss: 0.4809, lr: 0.0004739186928329898
2026-09-12 16:18:52 - train: epoch 157, iter:20, loss: 0.5340, lr: 0.0004739186928329898
2026-09-12 16:19:08 - val epoch: 157, loss: 0.8459
2026-09-12 16:19:10 - train: epoch 158, iter:0, loss: 0.4819, lr: 0.0004687470924218222
2026-09-12 16:19:13 - train: epoch 158, iter:20, loss: 0.5498, lr: 0.0004687470924218222
2026-09-12 16:19:30 - val epoch: 158, loss: 0.8954
2026-09-12 16:19:31 - train: epoch 159, iter:0, loss: 0.5225, lr: 0.00046357946755050356
2026-09-12 16:19:35 - train: epoch 159, iter:20, loss: 0.5137, lr: 0.00046357946755050356
2026-09-12 16:19:51 - val epoch: 159, loss: 0.8395
2026-09-12 16:19:53 - train: epoch 160, iter:0, loss: 0.4296, lr: 0.00045841638490733513
2026-09-12 16:19:56 - train: epoch 160, iter:20, loss: 0.5379, lr: 0.00045841638490733513
2026-09-12 16:20:15 - val epoch: 160, loss: 0.7989, miou: 0.7932619634488226, f1_or_dsc: 0.8847139789026828, accuracy: 0.9438240126808091,                 specificity: 0.962581623865735, sensitivity: 0.8855215033587954, confusion_matrix: [[38564386  1499111]
 [ 1475581 11414010]]
2026-09-12 16:20:17 - train: epoch 161, iter:0, loss: 0.6551, lr: 0.00045325841068251133
2026-09-12 16:20:20 - train: epoch 161, iter:20, loss: 0.5276, lr: 0.00045325841068251133
2026-09-12 16:20:37 - val epoch: 161, loss: 0.8333
2026-09-12 16:20:38 - train: epoch 162, iter:0, loss: 0.4402, lr: 0.0004481061105060308
2026-09-12 16:20:42 - train: epoch 162, iter:20, loss: 0.5421, lr: 0.0004481061105060308
2026-09-12 16:20:59 - val epoch: 162, loss: 0.8302
2026-09-12 16:21:00 - train: epoch 163, iter:0, loss: 0.6208, lr: 0.0004429600493856691
2026-09-12 16:21:04 - train: epoch 163, iter:20, loss: 0.5217, lr: 0.0004429600493856691
2026-09-12 16:21:20 - val epoch: 163, loss: 0.8847
2026-09-12 16:21:22 - train: epoch 164, iter:0, loss: 0.5405, lr: 0.000437820791645019
2026-09-12 16:21:26 - train: epoch 164, iter:20, loss: 0.5356, lr: 0.000437820791645019
2026-09-12 16:21:42 - val epoch: 164, loss: 0.8829
2026-09-12 16:21:44 - train: epoch 165, iter:0, loss: 0.4739, lr: 0.00043268890086160604
2026-09-12 16:21:47 - train: epoch 165, iter:20, loss: 0.5180, lr: 0.00043268890086160604
2026-09-12 16:22:04 - val epoch: 165, loss: 0.8299
2026-09-12 16:22:06 - train: epoch 166, iter:0, loss: 0.6779, lr: 0.0004275649398050855
2026-09-12 16:22:09 - train: epoch 166, iter:20, loss: 0.5507, lr: 0.0004275649398050855
2026-09-12 16:22:26 - val epoch: 166, loss: 0.8597
2026-09-12 16:22:27 - train: epoch 167, iter:0, loss: 0.5303, lr: 0.0004224494703755289
2026-09-12 16:22:31 - train: epoch 167, iter:20, loss: 0.5339, lr: 0.0004224494703755289
2026-09-12 16:22:47 - val epoch: 167, loss: 0.8633
2026-09-12 16:22:49 - train: epoch 168, iter:0, loss: 0.6348, lr: 0.00041734305354180595
2026-09-12 16:22:52 - train: epoch 168, iter:20, loss: 0.5346, lr: 0.00041734305354180595
2026-09-12 16:23:09 - val epoch: 168, loss: 0.8704
2026-09-12 16:23:11 - train: epoch 169, iter:0, loss: 0.4295, lr: 0.000412246249280066
2026-09-12 16:23:15 - train: epoch 169, iter:20, loss: 0.5228, lr: 0.000412246249280066
2026-09-12 16:23:31 - val epoch: 169, loss: 0.8477
2026-09-12 16:23:33 - train: epoch 170, iter:0, loss: 0.5991, lr: 0.0004071596165123322
2026-09-12 16:23:36 - train: epoch 170, iter:20, loss: 0.5369, lr: 0.0004071596165123322
2026-09-12 16:23:56 - val epoch: 170, loss: 0.8684, miou: 0.7805494660153023, f1_or_dsc: 0.8767512286666167, accuracy: 0.9394290470840907,                 specificity: 0.9569161423926623, sensitivity: 0.8850755621338179, confusion_matrix: [[38337407  1726090]
 [ 1481329 11408262]]
2026-09-12 16:23:58 - train: epoch 171, iter:0, loss: 0.5772, lr: 0.0004020837130452088
2026-09-12 16:24:02 - train: epoch 171, iter:20, loss: 0.5199, lr: 0.0004020837130452088
2026-09-12 16:24:19 - val epoch: 171, loss: 0.8848
2026-09-12 16:24:21 - train: epoch 172, iter:0, loss: 0.4366, lr: 0.00039701909550871116
2026-09-12 16:24:24 - train: epoch 172, iter:20, loss: 0.5208, lr: 0.00039701909550871116
2026-09-12 16:24:40 - val epoch: 172, loss: 0.8413
2026-09-12 16:24:42 - train: epoch 173, iter:0, loss: 0.5059, lr: 0.0003919663192952252
2026-09-12 16:24:45 - train: epoch 173, iter:20, loss: 0.5334, lr: 0.0003919663192952252
2026-09-12 16:25:02 - val epoch: 173, loss: 0.8165
2026-09-12 16:25:04 - train: epoch 174, iter:0, loss: 0.7975, lr: 0.0003869259384986023
2026-09-12 16:25:07 - train: epoch 174, iter:20, loss: 0.5197, lr: 0.0003869259384986023
2026-09-12 16:25:23 - val epoch: 174, loss: 0.8485
2026-09-12 16:25:25 - train: epoch 175, iter:0, loss: 0.6660, lr: 0.0003818985058533967
2026-09-12 16:25:28 - train: epoch 175, iter:20, loss: 0.5245, lr: 0.0003818985058533967
2026-09-12 16:25:45 - val epoch: 175, loss: 0.8350
2026-09-12 16:25:46 - train: epoch 176, iter:0, loss: 0.6576, lr: 0.00037688457267425206
2026-09-12 16:25:49 - train: epoch 176, iter:20, loss: 0.5129, lr: 0.00037688457267425206
2026-09-12 16:26:06 - val epoch: 176, loss: 0.8131
2026-09-12 16:26:08 - train: epoch 177, iter:0, loss: 0.5513, lr: 0.0003718846887954434
2026-09-12 16:26:11 - train: epoch 177, iter:20, loss: 0.5403, lr: 0.0003718846887954434
2026-09-12 16:26:27 - val epoch: 177, loss: 0.8561
2026-09-12 16:26:29 - train: epoch 178, iter:0, loss: 0.6957, lr: 0.0003668994025105812
2026-09-12 16:26:32 - train: epoch 178, iter:20, loss: 0.5243, lr: 0.0003668994025105812
2026-09-12 16:26:48 - val epoch: 178, loss: 0.9505
2026-09-12 16:26:50 - train: epoch 179, iter:0, loss: 0.4715, lr: 0.0003619292605124862
2026-09-12 16:26:53 - train: epoch 179, iter:20, loss: 0.5471, lr: 0.0003619292605124862
2026-09-12 16:27:10 - val epoch: 179, loss: 0.8576
2026-09-12 16:27:11 - train: epoch 180, iter:0, loss: 0.4773, lr: 0.00035697480783323686
2026-09-12 16:27:14 - train: epoch 180, iter:20, loss: 0.5067, lr: 0.00035697480783323686
2026-09-12 16:27:34 - val epoch: 180, loss: 0.8394, miou: 0.7862182939819361, f1_or_dsc: 0.8803160247891707, accuracy: 0.9409650670419826,                 specificity: 0.9567390485159096, sensitivity: 0.8919362918497569, confusion_matrix: [[38330312  1733185]
 [ 1392897 11496694]]
2026-09-12 16:27:36 - train: epoch 181, iter:0, loss: 0.4748, lr: 0.00035203658778440076
2026-09-12 16:27:40 - train: epoch 181, iter:20, loss: 0.5289, lr: 0.00035203658778440076
2026-09-12 16:27:58 - val epoch: 181, loss: 0.8382
2026-09-12 16:27:59 - train: epoch 182, iter:0, loss: 0.5634, lr: 0.00034711514189745505
2026-09-12 16:28:03 - train: epoch 182, iter:20, loss: 0.5211, lr: 0.00034711514189745505
2026-09-12 16:28:19 - val epoch: 182, loss: 0.8737
2026-09-12 16:28:21 - train: epoch 183, iter:0, loss: 0.5438, lr: 0.00034221100986440094
2026-09-12 16:28:24 - train: epoch 183, iter:20, loss: 0.5104, lr: 0.00034221100986440094
2026-09-12 16:28:46 - val epoch: 183, loss: 0.8270
2026-09-12 16:28:47 - train: epoch 184, iter:0, loss: 0.4696, lr: 0.0003373247294785804
2026-09-12 16:28:50 - train: epoch 184, iter:20, loss: 0.5137, lr: 0.0003373247294785804
2026-09-12 16:29:07 - val epoch: 184, loss: 0.8507
2026-09-12 16:29:08 - train: epoch 185, iter:0, loss: 0.4933, lr: 0.0003324568365757012
2026-09-12 16:29:11 - train: epoch 185, iter:20, loss: 0.5186, lr: 0.0003324568365757012
2026-09-12 16:29:27 - val epoch: 185, loss: 0.8509
2026-09-12 16:29:29 - train: epoch 186, iter:0, loss: 0.4097, lr: 0.0003276078649750761
2026-09-12 16:29:32 - train: epoch 186, iter:20, loss: 0.5054, lr: 0.0003276078649750761
2026-09-12 16:29:48 - val epoch: 186, loss: 0.8411
2026-09-12 16:29:50 - train: epoch 187, iter:0, loss: 0.4638, lr: 0.00032277834642108417
2026-09-12 16:29:53 - train: epoch 187, iter:20, loss: 0.5303, lr: 0.00032277834642108417
2026-09-12 16:30:09 - val epoch: 187, loss: 0.8530
2026-09-12 16:30:10 - train: epoch 188, iter:0, loss: 0.4656, lr: 0.00031796881052485835
2026-09-12 16:30:14 - train: epoch 188, iter:20, loss: 0.5116, lr: 0.00031796881052485835
2026-09-12 16:30:30 - val epoch: 188, loss: 0.8994
2026-09-12 16:30:31 - train: epoch 189, iter:0, loss: 0.4645, lr: 0.00031317978470620867
2026-09-12 16:30:35 - train: epoch 189, iter:20, loss: 0.5222, lr: 0.00031317978470620867
2026-09-12 16:30:51 - val epoch: 189, loss: 0.9465
2026-09-12 16:30:52 - train: epoch 190, iter:0, loss: 0.6814, lr: 0.00030841179413578315
2026-09-12 16:30:56 - train: epoch 190, iter:20, loss: 0.5308, lr: 0.00030841179413578315
2026-09-12 16:31:14 - val epoch: 190, loss: 0.8415, miou: 0.7901984087755438, f1_or_dsc: 0.8828053973257881, accuracy: 0.9441704325156637,                 specificity: 0.9700083594799526, sensitivity: 0.8638608470974758, confusion_matrix: [[38861927  1201570]
 [ 1754778 11134813]]
2026-09-12 16:31:16 - train: epoch 191, iter:0, loss: 0.5219, lr: 0.0003036653616774785
2026-09-12 16:31:19 - train: epoch 191, iter:20, loss: 0.5375, lr: 0.0003036653616774785
2026-09-12 16:31:35 - val epoch: 191, loss: 0.8558
2026-09-12 16:31:37 - train: epoch 192, iter:0, loss: 0.5125, lr: 0.0002989410078311011
2026-09-12 16:31:40 - train: epoch 192, iter:20, loss: 0.5119, lr: 0.0002989410078311011
2026-09-12 16:31:56 - val epoch: 192, loss: 0.8655
2026-09-12 16:31:58 - train: epoch 193, iter:0, loss: 0.5797, lr: 0.00029423925067528865
2026-09-12 16:32:01 - train: epoch 193, iter:20, loss: 0.5120, lr: 0.00029423925067528865
2026-09-12 16:32:18 - val epoch: 193, loss: 0.8451
2026-09-12 16:32:19 - train: epoch 194, iter:0, loss: 0.5005, lr: 0.0002895606058106975
2026-09-12 16:32:23 - train: epoch 194, iter:20, loss: 0.4985, lr: 0.0002895606058106975
2026-09-12 16:32:39 - val epoch: 194, loss: 0.8589
2026-09-12 16:32:40 - train: epoch 195, iter:0, loss: 0.4074, lr: 0.0002849055863034606
2026-09-12 16:32:44 - train: epoch 195, iter:20, loss: 0.5146, lr: 0.0002849055863034606
2026-09-12 16:33:00 - val epoch: 195, loss: 0.8935
2026-09-12 16:33:02 - train: epoch 196, iter:0, loss: 0.5466, lr: 0.00028027470262892396
2026-09-12 16:33:05 - train: epoch 196, iter:20, loss: 0.4855, lr: 0.00028027470262892396
2026-09-12 16:33:21 - val epoch: 196, loss: 0.8530
2026-09-12 16:33:23 - train: epoch 197, iter:0, loss: 0.4636, lr: 0.0002756684626156682
2026-09-12 16:33:26 - train: epoch 197, iter:20, loss: 0.5038, lr: 0.0002756684626156682
2026-09-12 16:33:42 - val epoch: 197, loss: 0.8610
2026-09-12 16:33:44 - train: epoch 198, iter:0, loss: 0.5975, lr: 0.000271087371389818
2026-09-12 16:33:47 - train: epoch 198, iter:20, loss: 0.5173, lr: 0.000271087371389818
2026-09-12 16:34:03 - val epoch: 198, loss: 0.8545
2026-09-12 16:34:05 - train: epoch 199, iter:0, loss: 0.4701, lr: 0.0002665319313196505
2026-09-12 16:34:08 - train: epoch 199, iter:20, loss: 0.5112, lr: 0.0002665319313196505
2026-09-12 16:34:24 - val epoch: 199, loss: 0.8537
2026-09-12 16:34:26 - train: epoch 200, iter:0, loss: 0.4866, lr: 0.00026200264196050494
2026-09-12 16:34:29 - train: epoch 200, iter:20, loss: 0.5235, lr: 0.00026200264196050494
2026-09-12 16:34:49 - val epoch: 200, loss: 0.8967, miou: 0.7808238249687456, f1_or_dsc: 0.8769242796742676, accuracy: 0.9414917596495977,                 specificity: 0.9688985462252584, sensitivity: 0.8563058362363865, confusion_matrix: [[38817464  1246033]
 [ 1852159 11037432]]
2026-09-12 16:34:51 - train: epoch 201, iter:0, loss: 0.6014, lr: 0.00025749999999999954
2026-09-12 16:34:55 - train: epoch 201, iter:20, loss: 0.5159, lr: 0.00025749999999999954
2026-09-12 16:35:12 - val epoch: 201, loss: 0.8743
2026-09-12 16:35:14 - train: epoch 202, iter:0, loss: 0.4863, lr: 0.0002530244992035658
2026-09-12 16:35:17 - train: epoch 202, iter:20, loss: 0.4900, lr: 0.0002530244992035658
2026-09-12 16:35:33 - val epoch: 202, loss: 0.8957
2026-09-12 16:35:35 - train: epoch 203, iter:0, loss: 0.4758, lr: 0.0002485766303603003
2026-09-12 16:35:38 - train: epoch 203, iter:20, loss: 0.4934, lr: 0.0002485766303603003
2026-09-12 16:35:54 - val epoch: 203, loss: 0.8824
2026-09-12 16:35:56 - train: epoch 204, iter:0, loss: 0.5006, lr: 0.0002441568812291443
2026-09-12 16:35:59 - train: epoch 204, iter:20, loss: 0.5208, lr: 0.0002441568812291443
2026-09-12 16:36:16 - val epoch: 204, loss: 0.8511
2026-09-12 16:36:17 - train: epoch 205, iter:0, loss: 0.5353, lr: 0.00023976573648539645
2026-09-12 16:36:21 - train: epoch 205, iter:20, loss: 0.4815, lr: 0.00023976573648539645
2026-09-12 16:36:37 - val epoch: 205, loss: 0.8552
2026-09-12 16:36:38 - train: epoch 206, iter:0, loss: 0.5380, lr: 0.00023540367766756144
2026-09-12 16:36:42 - train: epoch 206, iter:20, loss: 0.5006, lr: 0.00023540367766756144
2026-09-12 16:36:58 - val epoch: 206, loss: 0.8690
2026-09-12 16:36:59 - train: epoch 207, iter:0, loss: 0.4397, lr: 0.0002310711831245444
2026-09-12 16:37:03 - train: epoch 207, iter:20, loss: 0.5184, lr: 0.0002310711831245444
2026-09-12 16:37:19 - val epoch: 207, loss: 0.8691
2026-09-12 16:37:20 - train: epoch 208, iter:0, loss: 0.4852, lr: 0.00022676872796319514
2026-09-12 16:37:24 - train: epoch 208, iter:20, loss: 0.5080, lr: 0.00022676872796319514
2026-09-12 16:37:40 - val epoch: 208, loss: 0.8737
2026-09-12 16:37:42 - train: epoch 209, iter:0, loss: 0.4455, lr: 0.00022249678399620604
2026-09-12 16:37:45 - train: epoch 209, iter:20, loss: 0.5223, lr: 0.00022249678399620604
2026-09-12 16:38:01 - val epoch: 209, loss: 0.8424
2026-09-12 16:38:03 - train: epoch 210, iter:0, loss: 0.5042, lr: 0.0002182558196903736
2026-09-12 16:38:06 - train: epoch 210, iter:20, loss: 0.5036, lr: 0.0002182558196903736
2026-09-12 16:38:26 - val epoch: 210, loss: 0.8958, miou: 0.7815314390598552, f1_or_dsc: 0.8773703589225266, accuracy: 0.9424214693579344,                 specificity: 0.9733804565287948, sensitivity: 0.8461945766937058, confusion_matrix: [[38997025  1066472]
 [ 1982489 10907102]]
2026-09-12 16:38:28 - train: epoch 211, iter:0, loss: 0.6057, lr: 0.00021404630011522552
2026-09-12 16:38:31 - train: epoch 211, iter:20, loss: 0.5144, lr: 0.00021404630011522552
2026-09-12 16:38:49 - val epoch: 211, loss: 0.8337
2026-09-12 16:38:50 - train: epoch 212, iter:0, loss: 0.5213, lr: 0.0002098686868920198
2026-09-12 16:38:54 - train: epoch 212, iter:20, loss: 0.5056, lr: 0.0002098686868920198
2026-09-12 16:39:10 - val epoch: 212, loss: 0.8649
2026-09-12 16:39:11 - train: epoch 213, iter:0, loss: 0.4585, lr: 0.00020572343814312415
2026-09-12 16:39:14 - train: epoch 213, iter:20, loss: 0.5021, lr: 0.00020572343814312415
2026-09-12 16:39:31 - val epoch: 213, loss: 0.8543
2026-09-12 16:39:32 - train: epoch 214, iter:0, loss: 0.5615, lr: 0.00020161100844177644
2026-09-12 16:39:35 - train: epoch 214, iter:20, loss: 0.5184, lr: 0.00020161100844177644
2026-09-12 16:39:51 - val epoch: 214, loss: 0.9220
2026-09-12 16:39:53 - train: epoch 215, iter:0, loss: 0.4794, lr: 0.0001975318487622361
2026-09-12 16:39:56 - train: epoch 215, iter:20, loss: 0.4983, lr: 0.0001975318487622361
2026-09-12 16:40:13 - val epoch: 215, loss: 0.8455
2026-09-12 16:40:14 - train: epoch 216, iter:0, loss: 0.3670, lr: 0.00019348640643033024
2026-09-12 16:40:17 - train: epoch 216, iter:20, loss: 0.5113, lr: 0.00019348640643033024
2026-09-12 16:40:34 - val epoch: 216, loss: 0.8684
2026-09-12 16:40:35 - train: epoch 217, iter:0, loss: 0.4645, lr: 0.00018947512507439828
2026-09-12 16:40:39 - train: epoch 217, iter:20, loss: 0.5067, lr: 0.00018947512507439828
2026-09-12 16:40:55 - val epoch: 217, loss: 0.8474
2026-09-12 16:40:57 - train: epoch 218, iter:0, loss: 0.5395, lr: 0.00018549844457664425
2026-09-12 16:41:00 - train: epoch 218, iter:20, loss: 0.5244, lr: 0.00018549844457664425
2026-09-12 16:41:16 - val epoch: 218, loss: 0.8644
2026-09-12 16:41:17 - train: epoch 219, iter:0, loss: 0.5102, lr: 0.00018155680102489765
2026-09-12 16:41:21 - train: epoch 219, iter:20, loss: 0.4999, lr: 0.00018155680102489765
2026-09-12 16:41:37 - val epoch: 219, loss: 0.8753
2026-09-12 16:41:39 - train: epoch 220, iter:0, loss: 0.5183, lr: 0.00017765062666479195
2026-09-12 16:41:42 - train: epoch 220, iter:20, loss: 0.4912, lr: 0.00017765062666479195
2026-09-12 16:42:02 - val epoch: 220, loss: 0.8708, miou: 0.7838196411107703, f1_or_dsc: 0.8788104167556895, accuracy: 0.9413530519693205,                 specificity: 0.963160979182621, sensitivity: 0.8735695337423818, confusion_matrix: [[38587597  1475900]
 [ 1629637 11259954]]
2026-09-12 16:42:03 - train: epoch 221, iter:0, loss: 0.4458, lr: 0.00017378034985236489
2026-09-12 16:42:06 - train: epoch 221, iter:20, loss: 0.5047, lr: 0.00017378034985236489
2026-09-12 16:42:24 - val epoch: 221, loss: 0.8951
2026-09-12 16:42:25 - train: epoch 222, iter:0, loss: 0.4931, lr: 0.0001699463950070827
2026-09-12 16:42:29 - train: epoch 222, iter:20, loss: 0.4893, lr: 0.0001699463950070827
2026-09-12 16:42:45 - val epoch: 222, loss: 0.8783
2026-09-12 16:42:47 - train: epoch 223, iter:0, loss: 0.5174, lr: 0.0001661491825652988
2026-09-12 16:42:50 - train: epoch 223, iter:20, loss: 0.5025, lr: 0.0001661491825652988
2026-09-12 16:43:06 - val epoch: 223, loss: 0.8571
2026-09-12 16:43:08 - train: epoch 224, iter:0, loss: 0.4614, lr: 0.0001623891289341484
2026-09-12 16:43:11 - train: epoch 224, iter:20, loss: 0.4967, lr: 0.0001623891289341484
2026-09-12 16:43:28 - val epoch: 224, loss: 0.8549
2026-09-12 16:43:29 - train: epoch 225, iter:0, loss: 0.5132, lr: 0.0001586666464458838
2026-09-12 16:43:32 - train: epoch 225, iter:20, loss: 0.5031, lr: 0.0001586666464458838
2026-09-12 16:43:49 - val epoch: 225, loss: 0.8614
2026-09-12 16:43:50 - train: epoch 226, iter:0, loss: 0.4829, lr: 0.00015498214331265874
2026-09-12 16:43:54 - train: epoch 226, iter:20, loss: 0.5062, lr: 0.00015498214331265874
2026-09-12 16:44:10 - val epoch: 226, loss: 0.8909
2026-09-12 16:44:12 - train: epoch 227, iter:0, loss: 0.3966, lr: 0.00015133602358176218
2026-09-12 16:44:15 - train: epoch 227, iter:20, loss: 0.5048, lr: 0.00015133602358176218
2026-09-12 16:44:31 - val epoch: 227, loss: 0.8442
2026-09-12 16:44:33 - train: epoch 228, iter:0, loss: 0.4455, lr: 0.00014772868709131046
2026-09-12 16:44:36 - train: epoch 228, iter:20, loss: 0.4951, lr: 0.00014772868709131046
2026-09-12 16:44:53 - val epoch: 228, loss: 0.8882
2026-09-12 16:44:54 - train: epoch 229, iter:0, loss: 0.4648, lr: 0.00014416052942640113
2026-09-12 16:44:58 - train: epoch 229, iter:20, loss: 0.5194, lr: 0.00014416052942640113
2026-09-12 16:45:14 - val epoch: 229, loss: 0.8997
2026-09-12 16:45:16 - train: epoch 230, iter:0, loss: 0.5180, lr: 0.0001406319418757314
2026-09-12 16:45:19 - train: epoch 230, iter:20, loss: 0.4892, lr: 0.0001406319418757314
2026-09-12 16:45:39 - val epoch: 230, loss: 0.8437, miou: 0.7861585038667671, f1_or_dsc: 0.8802785443339447, accuracy: 0.9413802647354579,                 specificity: 0.9594073877275366, sensitivity: 0.8853482627959258, confusion_matrix: [[38437215  1626282]
 [ 1477814 11411777]]
2026-09-12 16:45:41 - train: epoch 231, iter:0, loss: 0.4450, lr: 0.00013714331138868954
2026-09-12 16:45:45 - train: epoch 231, iter:20, loss: 0.4867, lr: 0.00013714331138868954
2026-09-12 16:46:02 - val epoch: 231, loss: 0.8402
2026-09-12 16:46:03 - train: epoch 232, iter:0, loss: 0.4606, lr: 0.00013369502053292226
2026-09-12 16:46:06 - train: epoch 232, iter:20, loss: 0.4809, lr: 0.00013369502053292226
2026-09-12 16:46:22 - val epoch: 232, loss: 0.8896
2026-09-12 16:46:24 - train: epoch 233, iter:0, loss: 0.4367, lr: 0.0001302874474523804
2026-09-12 16:46:27 - train: epoch 233, iter:20, loss: 0.4952, lr: 0.0001302874474523804
2026-09-12 16:46:44 - val epoch: 233, loss: 0.8583
2026-09-12 16:46:45 - train: epoch 234, iter:0, loss: 0.5233, lr: 0.00012692096582585187
2026-09-12 16:46:48 - train: epoch 234, iter:20, loss: 0.5130, lr: 0.00012692096582585187
2026-09-12 16:47:05 - val epoch: 234, loss: 0.8638
2026-09-12 16:47:06 - train: epoch 235, iter:0, loss: 0.5083, lr: 0.00012359594482598416
2026-09-12 16:47:10 - train: epoch 235, iter:20, loss: 0.4896, lr: 0.00012359594482598416
2026-09-12 16:47:26 - val epoch: 235, loss: 0.8566
2026-09-12 16:47:27 - train: epoch 236, iter:0, loss: 0.5348, lr: 0.00012031274907879919
2026-09-12 16:47:31 - train: epoch 236, iter:20, loss: 0.4913, lr: 0.00012031274907879919
2026-09-12 16:47:47 - val epoch: 236, loss: 0.8429
2026-09-12 16:47:48 - train: epoch 237, iter:0, loss: 0.4003, lr: 0.00011707173862370913
2026-09-12 16:47:52 - train: epoch 237, iter:20, loss: 0.4782, lr: 0.00011707173862370913
2026-09-12 16:48:08 - val epoch: 237, loss: 0.8703
2026-09-12 16:48:10 - train: epoch 238, iter:0, loss: 0.4742, lr: 0.00011387326887403316
2026-09-12 16:48:13 - train: epoch 238, iter:20, loss: 0.4911, lr: 0.00011387326887403316
2026-09-12 16:48:29 - val epoch: 238, loss: 0.8875
2026-09-12 16:48:31 - train: epoch 239, iter:0, loss: 0.4014, lr: 0.00011071769057802265
2026-09-12 16:48:34 - train: epoch 239, iter:20, loss: 0.4937, lr: 0.00011071769057802265
2026-09-12 16:48:51 - val epoch: 239, loss: 0.8451
2026-09-12 16:48:52 - train: epoch 240, iter:0, loss: 0.4846, lr: 0.0001076053497803982
2026-09-12 16:48:55 - train: epoch 240, iter:20, loss: 0.4847, lr: 0.0001076053497803982
2026-09-12 16:49:16 - val epoch: 240, loss: 0.8492, miou: 0.7874697083098889, f1_or_dsc: 0.8810999197904924, accuracy: 0.9424499285103071,                 specificity: 0.9638243012086538, sensitivity: 0.8760139867898058, confusion_matrix: [[38614172  1449325]
 [ 1598129 11291462]]
2026-09-12 16:49:17 - train: epoch 241, iter:0, loss: 0.4983, lr: 0.00010453658778440088
2026-09-12 16:49:21 - train: epoch 241, iter:20, loss: 0.4948, lr: 0.00010453658778440088
2026-09-12 16:49:39 - val epoch: 241, loss: 0.8564
2026-09-12 16:49:40 - train: epoch 242, iter:0, loss: 0.4174, lr: 0.00010151174111436543
2026-09-12 16:49:43 - train: epoch 242, iter:20, loss: 0.4834, lr: 0.00010151174111436543
2026-09-12 16:50:00 - val epoch: 242, loss: 0.8693
2026-09-12 16:50:01 - train: epoch 243, iter:0, loss: 0.5332, lr: 9.853114147881633e-05
2026-09-12 16:50:05 - train: epoch 243, iter:20, loss: 0.4904, lr: 9.853114147881633e-05
2026-09-12 16:50:21 - val epoch: 243, loss: 0.8544
2026-09-12 16:50:22 - train: epoch 244, iter:0, loss: 0.5965, lr: 9.559511573409167e-05
2026-09-12 16:50:26 - train: epoch 244, iter:20, loss: 0.4854, lr: 9.559511573409167e-05
2026-09-12 16:50:43 - val epoch: 244, loss: 0.8553
2026-09-12 16:50:44 - train: epoch 245, iter:0, loss: 0.4447, lr: 9.270398584850061e-05
2026-09-12 16:50:48 - train: epoch 245, iter:20, loss: 0.4968, lr: 9.270398584850061e-05
2026-09-12 16:51:04 - val epoch: 245, loss: 0.8622
2026-09-12 16:51:06 - train: epoch 246, iter:0, loss: 0.5929, lr: 8.985806886701499e-05
2026-09-12 16:51:10 - train: epoch 246, iter:20, loss: 0.4915, lr: 8.985806886701499e-05
2026-09-12 16:51:26 - val epoch: 246, loss: 0.8720
2026-09-12 16:51:28 - train: epoch 247, iter:0, loss: 0.5884, lr: 8.705767687650239e-05
2026-09-12 16:51:31 - train: epoch 247, iter:20, loss: 0.4923, lr: 8.705767687650239e-05
2026-09-12 16:51:48 - val epoch: 247, loss: 0.8599
2026-09-12 16:51:49 - train: epoch 248, iter:0, loss: 0.4704, lr: 8.430311697150229e-05
2026-09-12 16:51:53 - train: epoch 248, iter:20, loss: 0.4993, lr: 8.430311697150229e-05
2026-09-12 16:52:09 - val epoch: 248, loss: 0.8754
2026-09-12 16:52:11 - train: epoch 249, iter:0, loss: 0.4815, lr: 8.159469122054909e-05
2026-09-12 16:52:14 - train: epoch 249, iter:20, loss: 0.4961, lr: 8.159469122054909e-05
2026-09-12 16:52:31 - val epoch: 249, loss: 0.8618
2026-09-12 16:52:32 - train: epoch 250, iter:0, loss: 0.5744, lr: 7.893269663304782e-05
2026-09-12 16:52:36 - train: epoch 250, iter:20, loss: 0.5037, lr: 7.893269663304782e-05
2026-09-12 16:52:56 - val epoch: 250, loss: 0.8593, miou: 0.7874717008950994, f1_or_dsc: 0.8811011670850653, accuracy: 0.9431618605509843,                 specificity: 0.9682485031199348, sensitivity: 0.8651874213852092, confusion_matrix: [[38791421  1272076]
 [ 1737679 11151912]]
2026-09-12 16:52:58 - train: epoch 251, iter:0, loss: 0.5099, lr: 7.631742512670282e-05
2026-09-12 16:53:01 - train: epoch 251, iter:20, loss: 0.4977, lr: 7.631742512670282e-05
2026-09-12 16:53:24 - val epoch: 251, loss: 0.8812
2026-09-12 16:53:26 - train: epoch 252, iter:0, loss: 0.4747, lr: 7.374916349550603e-05
2026-09-12 16:53:29 - train: epoch 252, iter:20, loss: 0.4960, lr: 7.374916349550603e-05
2026-09-12 16:53:46 - val epoch: 252, loss: 0.8618
2026-09-12 16:53:47 - train: epoch 253, iter:0, loss: 0.5287, lr: 7.122819337828741e-05
2026-09-12 16:53:51 - train: epoch 253, iter:20, loss: 0.4818, lr: 7.122819337828741e-05
2026-09-12 16:54:07 - val epoch: 253, loss: 0.8683
2026-09-12 16:54:09 - train: epoch 254, iter:0, loss: 0.4787, lr: 6.875479122782878e-05
2026-09-12 16:54:12 - train: epoch 254, iter:20, loss: 0.4883, lr: 6.875479122782878e-05
2026-09-12 16:54:28 - val epoch: 254, loss: 0.8462
2026-09-12 16:54:30 - train: epoch 255, iter:0, loss: 0.4637, lr: 6.632922828054862e-05
2026-09-12 16:54:33 - train: epoch 255, iter:20, loss: 0.5113, lr: 6.632922828054862e-05
2026-09-12 16:54:50 - val epoch: 255, loss: 0.8626
2026-09-12 16:54:51 - train: epoch 256, iter:0, loss: 0.4804, lr: 6.395177052675786e-05
2026-09-12 16:54:55 - train: epoch 256, iter:20, loss: 0.4891, lr: 6.395177052675786e-05
2026-09-12 16:55:12 - val epoch: 256, loss: 0.8490
2026-09-12 16:55:13 - train: epoch 257, iter:0, loss: 0.4435, lr: 6.162267868149065e-05
2026-09-12 16:55:16 - train: epoch 257, iter:20, loss: 0.4867, lr: 6.162267868149065e-05
2026-09-12 16:55:33 - val epoch: 257, loss: 0.8626
2026-09-12 16:55:34 - train: epoch 258, iter:0, loss: 0.5075, lr: 5.934220815591413e-05
2026-09-12 16:55:38 - train: epoch 258, iter:20, loss: 0.4993, lr: 5.934220815591413e-05
2026-09-12 16:55:54 - val epoch: 258, loss: 0.8758
2026-09-12 16:55:56 - train: epoch 259, iter:0, loss: 0.5455, lr: 5.711060902932035e-05
2026-09-12 16:55:59 - train: epoch 259, iter:20, loss: 0.4864, lr: 5.711060902932035e-05
2026-09-12 16:56:15 - val epoch: 259, loss: 0.8500
2026-09-12 16:56:17 - train: epoch 260, iter:0, loss: 0.4699, lr: 5.492812602170101e-05
2026-09-12 16:56:20 - train: epoch 260, iter:20, loss: 0.4908, lr: 5.492812602170101e-05
2026-09-12 16:56:39 - val epoch: 260, loss: 0.8616, miou: 0.786960858853339, f1_or_dsc: 0.880781305258491, accuracy: 0.9424758382362894,                 specificity: 0.9648399139995193, sensitivity: 0.8729636960552123, confusion_matrix: [[38654861  1408636]
 [ 1637446 11252145]]
2026-09-12 16:56:41 - train: epoch 261, iter:0, loss: 0.5882, lr: 5.279499846691256e-05
2026-09-12 16:56:45 - train: epoch 261, iter:20, loss: 0.4782, lr: 5.279499846691256e-05
2026-09-12 16:57:02 - val epoch: 261, loss: 0.8618
2026-09-12 16:57:03 - train: epoch 262, iter:0, loss: 0.5556, lr: 5.071146028642938e-05
2026-09-12 16:57:07 - train: epoch 262, iter:20, loss: 0.4848, lr: 5.071146028642938e-05
2026-09-12 16:57:24 - val epoch: 262, loss: 0.8647
2026-09-12 16:57:26 - train: epoch 263, iter:0, loss: 0.4641, lr: 4.867773996369213e-05
2026-09-12 16:57:29 - train: epoch 263, iter:20, loss: 0.4935, lr: 4.867773996369213e-05
2026-09-12 16:57:46 - val epoch: 263, loss: 0.8672
2026-09-12 16:57:47 - train: epoch 264, iter:0, loss: 0.4677, lr: 4.669406051905255e-05
2026-09-12 16:57:51 - train: epoch 264, iter:20, loss: 0.4774, lr: 4.669406051905255e-05
2026-09-12 16:58:07 - val epoch: 264, loss: 0.8622
2026-09-12 16:58:09 - train: epoch 265, iter:0, loss: 0.3816, lr: 4.476063948531553e-05
2026-09-12 16:58:12 - train: epoch 265, iter:20, loss: 0.4845, lr: 4.476063948531553e-05
2026-09-12 16:58:29 - val epoch: 265, loss: 0.8670
2026-09-12 16:58:31 - train: epoch 266, iter:0, loss: 0.5038, lr: 4.2877688883885086e-05
2026-09-12 16:58:35 - train: epoch 266, iter:20, loss: 0.4844, lr: 4.2877688883885086e-05
2026-09-12 16:58:51 - val epoch: 266, loss: 0.8647
2026-09-12 16:58:52 - train: epoch 267, iter:0, loss: 0.4998, lr: 4.1045415201513684e-05
2026-09-12 16:58:56 - train: epoch 267, iter:20, loss: 0.4845, lr: 4.1045415201513684e-05
2026-09-12 16:59:12 - val epoch: 267, loss: 0.8654
2026-09-12 16:59:13 - train: epoch 268, iter:0, loss: 0.5373, lr: 3.926401936765836e-05
2026-09-12 16:59:17 - train: epoch 268, iter:20, loss: 0.4815, lr: 3.926401936765836e-05
2026-09-12 16:59:33 - val epoch: 268, loss: 0.8622
2026-09-12 16:59:34 - train: epoch 269, iter:0, loss: 0.4692, lr: 3.753369673244687e-05
2026-09-12 16:59:38 - train: epoch 269, iter:20, loss: 0.4861, lr: 3.753369673244687e-05
2026-09-12 16:59:54 - val epoch: 269, loss: 0.8638
2026-09-12 16:59:56 - train: epoch 270, iter:0, loss: 0.5234, lr: 3.5854637045255115e-05
2026-09-12 16:59:59 - train: epoch 270, iter:20, loss: 0.4848, lr: 3.5854637045255115e-05
2026-09-12 17:00:18 - val epoch: 270, loss: 0.8561, miou: 0.7863179054609039, f1_or_dsc: 0.8803784623745559, accuracy: 0.9418809154246113,                 specificity: 0.962233875889566, sensitivity: 0.8786197327750741, confusion_matrix: [[38550454  1513043]
 [ 1564542 11325049]]
2026-09-12 17:00:20 - train: epoch 271, iter:0, loss: 0.4745, lr: 3.422702443389897e-05
2026-09-12 17:00:23 - train: epoch 271, iter:20, loss: 0.5002, lr: 3.422702443389897e-05
2026-09-12 17:00:39 - val epoch: 271, loss: 0.8587
2026-09-12 17:00:41 - train: epoch 272, iter:0, loss: 0.5045, lr: 3.265103738444294e-05
2026-09-12 17:00:44 - train: epoch 272, iter:20, loss: 0.4889, lr: 3.265103738444294e-05
2026-09-12 17:01:00 - val epoch: 272, loss: 0.8634
2026-09-12 17:01:02 - train: epoch 273, iter:0, loss: 0.4873, lr: 3.112684872162669e-05
2026-09-12 17:01:05 - train: epoch 273, iter:20, loss: 0.5098, lr: 3.112684872162669e-05
2026-09-12 17:01:22 - val epoch: 273, loss: 0.8662
2026-09-12 17:01:23 - train: epoch 274, iter:0, loss: 0.4915, lr: 2.9654625589913163e-05
2026-09-12 17:01:27 - train: epoch 274, iter:20, loss: 0.4948, lr: 2.9654625589913163e-05
2026-09-12 17:01:44 - val epoch: 274, loss: 0.8595
2026-09-12 17:01:45 - train: epoch 275, iter:0, loss: 0.5184, lr: 2.823452943515922e-05
2026-09-12 17:01:49 - train: epoch 275, iter:20, loss: 0.5014, lr: 2.823452943515922e-05
2026-09-12 17:02:05 - val epoch: 275, loss: 0.8582
2026-09-12 17:02:06 - train: epoch 276, iter:0, loss: 0.5594, lr: 2.6866715986911168e-05
2026-09-12 17:02:10 - train: epoch 276, iter:20, loss: 0.4850, lr: 2.6866715986911168e-05
2026-09-12 17:02:26 - val epoch: 276, loss: 0.8741
2026-09-12 17:02:28 - train: epoch 277, iter:0, loss: 0.5025, lr: 2.5551335241327604e-05
2026-09-12 17:02:31 - train: epoch 277, iter:20, loss: 0.4867, lr: 2.5551335241327604e-05
2026-09-12 17:02:48 - val epoch: 277, loss: 0.8692
2026-09-12 17:02:49 - train: epoch 278, iter:0, loss: 0.5519, lr: 2.4288531444730185e-05
2026-09-12 17:02:53 - train: epoch 278, iter:20, loss: 0.4793, lr: 2.4288531444730185e-05
2026-09-12 17:03:09 - val epoch: 278, loss: 0.8665
2026-09-12 17:03:11 - train: epoch 279, iter:0, loss: 0.4278, lr: 2.3078443077785645e-05
2026-09-12 17:03:14 - train: epoch 279, iter:20, loss: 0.4811, lr: 2.3078443077785645e-05
2026-09-12 17:03:30 - val epoch: 279, loss: 0.8616
2026-09-12 17:03:32 - train: epoch 280, iter:0, loss: 0.4396, lr: 2.1921202840320064e-05
2026-09-12 17:03:35 - train: epoch 280, iter:20, loss: 0.4847, lr: 2.1921202840320064e-05
2026-09-12 17:03:54 - val epoch: 280, loss: 0.8641, miou: 0.7857759798480211, f1_or_dsc: 0.8800386932238776, accuracy: 0.9418591036654935,                 specificity: 0.9630087208812551, sensitivity: 0.8761217481609773, confusion_matrix: [[38581497  1482000]
 [ 1596740 11292851]]
2026-09-12 17:03:56 - train: epoch 281, iter:0, loss: 0.7075, lr: 2.081693763676623e-05
2026-09-12 17:03:59 - train: epoch 281, iter:20, loss: 0.4847, lr: 2.081693763676623e-05
2026-09-12 17:04:16 - val epoch: 281, loss: 0.8748
2026-09-12 17:04:18 - train: epoch 282, iter:0, loss: 0.4073, lr: 1.9765768562247723e-05
2026-09-12 17:04:21 - train: epoch 282, iter:20, loss: 0.4903, lr: 1.9765768562247723e-05
2026-09-12 17:04:38 - val epoch: 282, loss: 0.8699
2026-09-12 17:04:39 - train: epoch 283, iter:0, loss: 0.4550, lr: 1.876781088929913e-05
2026-09-12 17:04:43 - train: epoch 283, iter:20, loss: 0.4716, lr: 1.876781088929913e-05
2026-09-12 17:04:59 - val epoch: 283, loss: 0.8633
2026-09-12 17:05:01 - train: epoch 284, iter:0, loss: 0.4237, lr: 1.7823174055225262e-05
2026-09-12 17:05:05 - train: epoch 284, iter:20, loss: 0.4644, lr: 1.7823174055225262e-05
2026-09-12 17:05:21 - val epoch: 284, loss: 0.8706
2026-09-12 17:05:23 - train: epoch 285, iter:0, loss: 0.4189, lr: 1.693196165010003e-05
2026-09-12 17:05:26 - train: epoch 285, iter:20, loss: 0.4880, lr: 1.693196165010003e-05
2026-09-12 17:05:43 - val epoch: 285, loss: 0.8721
2026-09-12 17:05:44 - train: epoch 286, iter:0, loss: 0.5681, lr: 1.6094271405406855e-05
2026-09-12 17:05:48 - train: epoch 286, iter:20, loss: 0.4875, lr: 1.6094271405406855e-05
2026-09-12 17:06:05 - val epoch: 286, loss: 0.8689
2026-09-12 17:06:06 - train: epoch 287, iter:0, loss: 0.6997, lr: 1.5310195183320773e-05
2026-09-12 17:06:10 - train: epoch 287, iter:20, loss: 0.4871, lr: 1.5310195183320773e-05
2026-09-12 17:06:26 - val epoch: 287, loss: 0.8684
2026-09-12 17:06:28 - train: epoch 288, iter:0, loss: 0.4822, lr: 1.4579818966635417e-05
2026-09-12 17:06:32 - train: epoch 288, iter:20, loss: 0.4885, lr: 1.4579818966635417e-05
2026-09-12 17:06:48 - val epoch: 288, loss: 0.8760
2026-09-12 17:06:49 - train: epoch 289, iter:0, loss: 0.5370, lr: 1.3903222849333505e-05
2026-09-12 17:06:54 - train: epoch 289, iter:20, loss: 0.4712, lr: 1.3903222849333505e-05
2026-09-12 17:07:10 - val epoch: 289, loss: 0.8707
2026-09-12 17:07:12 - train: epoch 290, iter:0, loss: 0.4917, lr: 1.3280481027803759e-05
2026-09-12 17:07:15 - train: epoch 290, iter:20, loss: 0.4861, lr: 1.3280481027803759e-05
2026-09-12 17:07:34 - val epoch: 290, loss: 0.8729, miou: 0.7859453184184686, f1_or_dsc: 0.8801448849670906, accuracy: 0.9422753777834448,                 specificity: 0.9652953160828671, sensitivity: 0.8707246800926421, confusion_matrix: [[38673106  1390391]
 [ 1666306 11223285]]
2026-09-12 17:07:35 - train: epoch 291, iter:0, loss: 0.4485, lr: 1.271166179270472e-05
2026-09-12 17:07:39 - train: epoch 291, iter:20, loss: 0.4780, lr: 1.271166179270472e-05
2026-09-12 17:07:55 - val epoch: 291, loss: 0.8757
2026-09-12 17:07:57 - train: epoch 292, iter:0, loss: 0.4618, lr: 1.21968275214754e-05
2026-09-12 17:08:00 - train: epoch 292, iter:20, loss: 0.4820, lr: 1.21968275214754e-05
2026-09-12 17:08:16 - val epoch: 292, loss: 0.8701
2026-09-12 17:08:18 - train: epoch 293, iter:0, loss: 0.4556, lr: 1.1736034671495336e-05
2026-09-12 17:08:21 - train: epoch 293, iter:20, loss: 0.4868, lr: 1.1736034671495336e-05
2026-09-12 17:08:37 - val epoch: 293, loss: 0.8753
2026-09-12 17:08:39 - train: epoch 294, iter:0, loss: 0.3816, lr: 1.1329333773893242e-05
2026-09-12 17:08:42 - train: epoch 294, iter:20, loss: 0.4813, lr: 1.1329333773893242e-05
2026-09-12 17:08:58 - val epoch: 294, loss: 0.8715
2026-09-12 17:09:00 - train: epoch 295, iter:0, loss: 0.4421, lr: 1.0976769428005577e-05
2026-09-12 17:09:03 - train: epoch 295, iter:20, loss: 0.4776, lr: 1.0976769428005577e-05
2026-09-12 17:09:20 - val epoch: 295, loss: 0.8679
2026-09-12 17:09:21 - train: epoch 296, iter:0, loss: 0.4761, lr: 1.0678380296485951e-05
2026-09-12 17:09:24 - train: epoch 296, iter:20, loss: 0.4887, lr: 1.0678380296485951e-05
2026-09-12 17:09:41 - val epoch: 296, loss: 0.8729
2026-09-12 17:09:43 - train: epoch 297, iter:0, loss: 0.4197, lr: 1.04341991010651e-05
2026-09-12 17:09:46 - train: epoch 297, iter:20, loss: 0.4801, lr: 1.04341991010651e-05
2026-09-12 17:10:02 - val epoch: 297, loss: 0.8724
2026-09-12 17:10:04 - train: epoch 298, iter:0, loss: 0.4655, lr: 1.0244252618962858e-05
2026-09-12 17:10:07 - train: epoch 298, iter:20, loss: 0.4863, lr: 1.0244252618962858e-05
2026-09-12 17:10:24 - val epoch: 298, loss: 0.8703
2026-09-12 17:10:25 - train: epoch 299, iter:0, loss: 0.4627, lr: 1.0108561679951479e-05
2026-09-12 17:10:29 - train: epoch 299, iter:20, loss: 0.4657, lr: 1.0108561679951479e-05
2026-09-12 17:10:45 - val epoch: 299, loss: 0.8733
2026-09-12 17:10:47 - train: epoch 300, iter:0, loss: 0.4725, lr: 1.002714116407149e-05
2026-09-12 17:10:50 - train: epoch 300, iter:20, loss: 0.4807, lr: 1.002714116407149e-05
2026-09-12 17:11:09 - val epoch: 300, loss: 0.8711, miou: 0.7858586900774195, f1_or_dsc: 0.8800905630930423, accuracy: 0.9421485674263227,                 specificity: 0.9646568046718438, sensitivity: 0.8721883417402461, confusion_matrix: [[38647525  1415972]
 [ 1647440 11242151]]
2026-09-12 17:11:39 - evaluation split=V_dev, loss: 0.7989,miou: 0.7932619634488226, f1_or_dsc: 0.8847139789026828, accuracy: 0.9438240126808091,                 specificity: 0.962581623865735, sensitivity: 0.8855215033587954, confusion_matrix: [[38564386  1499111]
 [ 1475581 11414010]]
