2026-08-29 19:53:18 - #----------Config info----------#
2026-08-29 19:53:18 - network: ege_dual,
2026-08-29 19:53:18 - t_embed: 48,
2026-08-29 19:53:18 - t_depths: (2, 2, 2, 2),
2026-08-29 19:53:18 - t_head_dim: 16,
2026-08-29 19:53:18 - t_sr_ratios: (4, 2, 1, 1),
2026-08-29 19:53:18 - t_mlp_ratio: 4.0,
2026-08-29 19:53:18 - t_drop_path_rate: 0.1,
2026-08-29 19:53:18 - diff_lr: True,
2026-08-29 19:53:18 - t_lr: 0.0001,
2026-08-29 19:53:18 - opt: AdamW,
2026-08-29 19:53:18 - lr: 0.001,
2026-08-29 19:53:18 - betas: (0.9, 0.999),
2026-08-29 19:53:18 - eps: 1e-08,
2026-08-29 19:53:18 - weight_decay: 0.01,
2026-08-29 19:53:18 - amsgrad: False,
2026-08-29 19:53:18 - work_dir: results/ege_dual_difflr_isic18_Saturday_29_August_2026_19h_53m_18s/,
2026-08-29 19:53:18 - [diff-lr] group1 81,146 lr=0.001; group2 5,259,408 lr=0.0001
2026-08-29 19:53:23 - train: epoch 1, iter:0, loss: 11.4693, lr: 0.001
2026-08-29 19:53:29 - train: epoch 1, iter:20, loss: 3.2196, lr: 0.001
2026-08-29 19:53:49 - val epoch: 1, loss: 1.6628
2026-08-29 19:53:49 - train gamma: g2=0.099 g3=0.100 g4=0.100 g5=0.100
2026-08-29 19:53:52 - train: epoch 2, iter:0, loss: 1.8617, lr: 0.0009999728588359286
2026-08-29 19:53:57 - train: epoch 2, iter:20, loss: 1.5551, lr: 0.0009999728588359286
2026-08-29 19:54:18 - val epoch: 2, loss: 1.3573
2026-08-29 19:54:18 - train gamma: g2=0.098 g3=0.100 g4=0.099 g5=0.099
2026-08-29 19:54:20 - train: epoch 3, iter:0, loss: 1.2603, lr: 0.0009998914383200486
2026-08-29 19:54:26 - train: epoch 3, iter:20, loss: 1.3682, lr: 0.0009998914383200486
2026-08-29 19:54:51 - val epoch: 3, loss: 1.2953
2026-08-29 19:54:51 - train gamma: g2=0.098 g3=0.100 g4=0.099 g5=0.099
2026-08-29 19:54:54 - train: epoch 4, iter:0, loss: 1.2993, lr: 0.0009997557473810372
2026-08-29 19:55:00 - train: epoch 4, iter:20, loss: 1.1929, lr: 0.0009997557473810372
2026-08-29 19:55:22 - val epoch: 4, loss: 1.3175
2026-08-29 19:55:22 - train gamma: g2=0.097 g3=0.099 g4=0.099 g5=0.099
2026-08-29 19:55:24 - train: epoch 5, iter:0, loss: 1.2331, lr: 0.000999565800898935
2026-08-29 19:55:30 - train: epoch 5, iter:20, loss: 1.1883, lr: 0.000999565800898935
2026-08-29 19:55:58 - val epoch: 5, loss: 1.1495
2026-08-29 19:55:58 - train gamma: g2=0.098 g3=0.099 g4=0.098 g5=0.098
2026-08-29 19:56:01 - train: epoch 6, iter:0, loss: 1.1235, lr: 0.0009993216197035143
2026-08-29 19:56:07 - train: epoch 6, iter:20, loss: 1.0639, lr: 0.0009993216197035143
2026-08-29 19:56:27 - val epoch: 6, loss: 1.1992
2026-08-29 19:56:27 - train gamma: g2=0.098 g3=0.099 g4=0.098 g5=0.098
2026-08-29 19:56:29 - train: epoch 7, iter:0, loss: 1.0010, lr: 0.0009990232305719946
2026-08-29 19:56:35 - train: epoch 7, iter:20, loss: 1.0502, lr: 0.0009990232305719946
2026-08-29 19:56:55 - val epoch: 7, loss: 1.1304
2026-08-29 19:56:55 - train gamma: g2=0.098 g3=0.099 g4=0.098 g5=0.098
2026-08-29 19:56:57 - train: epoch 8, iter:0, loss: 1.0417, lr: 0.0009986706662261067
2026-08-29 19:57:03 - train: epoch 8, iter:20, loss: 0.9900, lr: 0.0009986706662261067
2026-08-29 19:57:23 - val epoch: 8, loss: 1.3339
2026-08-29 19:57:23 - train gamma: g2=0.098 g3=0.099 g4=0.097 g5=0.098
2026-08-29 19:57:26 - train: epoch 9, iter:0, loss: 1.1230, lr: 0.0009982639653285047
2026-08-29 19:57:31 - train: epoch 9, iter:20, loss: 1.0571, lr: 0.0009982639653285047
2026-08-29 19:57:51 - val epoch: 9, loss: 1.0809
2026-08-29 19:57:51 - train gamma: g2=0.097 g3=0.099 g4=0.097 g5=0.097
2026-08-29 19:57:54 - train: epoch 10, iter:0, loss: 0.8593, lr: 0.0009978031724785245
2026-08-29 19:57:59 - train: epoch 10, iter:20, loss: 0.9532, lr: 0.0009978031724785245
2026-08-29 19:58:19 - val epoch: 10, loss: 1.1413
2026-08-29 19:58:19 - train gamma: g2=0.098 g3=0.099 g4=0.096 g5=0.097
2026-08-29 19:58:21 - train: epoch 11, iter:0, loss: 0.9247, lr: 0.0009972883382072953
2026-08-29 19:58:27 - train: epoch 11, iter:20, loss: 0.9082, lr: 0.0009972883382072953
2026-08-29 19:58:47 - val epoch: 11, loss: 1.0728
2026-08-29 19:58:47 - train gamma: g2=0.097 g3=0.099 g4=0.096 g5=0.097
2026-08-29 19:58:49 - train: epoch 12, iter:0, loss: 0.8803, lr: 0.0009967195189721962
2026-08-29 19:58:55 - train: epoch 12, iter:20, loss: 0.9299, lr: 0.0009967195189721962
2026-08-29 19:59:15 - val epoch: 12, loss: 1.0317
2026-08-29 19:59:15 - train gamma: g2=0.098 g3=0.099 g4=0.095 g5=0.097
2026-08-29 19:59:18 - train: epoch 13, iter:0, loss: 0.8586, lr: 0.0009960967771506667
2026-08-29 19:59:23 - train: epoch 13, iter:20, loss: 0.8556, lr: 0.0009960967771506667
2026-08-29 19:59:44 - val epoch: 13, loss: 1.1172
2026-08-29 19:59:44 - train gamma: g2=0.098 g3=0.099 g4=0.095 g5=0.097
2026-08-29 19:59:46 - train: epoch 14, iter:0, loss: 1.0182, lr: 0.0009954201810333646
2026-08-29 19:59:51 - train: epoch 14, iter:20, loss: 0.8770, lr: 0.0009954201810333646
2026-08-29 20:00:11 - val epoch: 14, loss: 1.0550
2026-08-29 20:00:11 - train gamma: g2=0.098 g3=0.099 g4=0.095 g5=0.096
2026-08-29 20:00:14 - train: epoch 15, iter:0, loss: 1.0415, lr: 0.0009946898048166792
2026-08-29 20:00:19 - train: epoch 15, iter:20, loss: 0.8281, lr: 0.0009946898048166792
2026-08-29 20:00:40 - val epoch: 15, loss: 0.9750
2026-08-29 20:00:40 - train gamma: g2=0.098 g3=0.099 g4=0.095 g5=0.096
2026-08-29 20:00:42 - train: epoch 16, iter:0, loss: 0.7966, lr: 0.000993905728594593
2026-08-29 20:00:47 - train: epoch 16, iter:20, loss: 0.8524, lr: 0.000993905728594593
2026-08-29 20:01:08 - val epoch: 16, loss: 0.9685
2026-08-29 20:01:08 - train gamma: g2=0.098 g3=0.099 g4=0.095 g5=0.096
2026-08-29 20:01:10 - train: epoch 17, iter:0, loss: 0.7584, lr: 0.0009930680383498998
2026-08-29 20:01:16 - train: epoch 17, iter:20, loss: 0.7926, lr: 0.0009930680383498998
2026-08-29 20:01:36 - val epoch: 17, loss: 0.9758
2026-08-29 20:01:36 - train gamma: g2=0.098 g3=0.099 g4=0.095 g5=0.096
2026-08-29 20:01:38 - train: epoch 18, iter:0, loss: 0.5951, lr: 0.0009921768259447744
2026-08-29 20:01:44 - train: epoch 18, iter:20, loss: 0.7936, lr: 0.0009921768259447744
2026-08-29 20:02:05 - val epoch: 18, loss: 1.0205
2026-08-29 20:02:05 - train gamma: g2=0.098 g3=0.099 g4=0.095 g5=0.095
2026-08-29 20:02:07 - train: epoch 19, iter:0, loss: 0.7313, lr: 0.0009912321891107007
2026-08-29 20:02:12 - train: epoch 19, iter:20, loss: 0.8091, lr: 0.0009912321891107007
2026-08-29 20:02:34 - val epoch: 19, loss: 0.9658
2026-08-29 20:02:34 - train gamma: g2=0.098 g3=0.100 g4=0.095 g5=0.095
2026-08-29 20:02:36 - train: epoch 20, iter:0, loss: 0.6430, lr: 0.0009902342314377522
2026-08-29 20:02:42 - train: epoch 20, iter:20, loss: 0.8028, lr: 0.0009902342314377522
2026-08-29 20:03:03 - val epoch: 20, loss: 1.0315
2026-08-29 20:03:03 - train gamma: g2=0.098 g3=0.100 g4=0.095 g5=0.095
2026-08-29 20:03:06 - train: epoch 21, iter:0, loss: 0.8191, lr: 0.0009891830623632338
2026-08-29 20:03:11 - train: epoch 21, iter:20, loss: 0.7763, lr: 0.0009891830623632338
2026-08-29 20:03:32 - val epoch: 21, loss: 0.9429
2026-08-29 20:03:32 - train gamma: g2=0.098 g3=0.100 g4=0.094 g5=0.095
2026-08-29 20:03:34 - train: epoch 22, iter:0, loss: 0.6410, lr: 0.00098807879715968
2026-08-29 20:03:40 - train: epoch 22, iter:20, loss: 0.7921, lr: 0.00098807879715968
2026-08-29 20:04:00 - val epoch: 22, loss: 1.0079
2026-08-29 20:04:00 - train gamma: g2=0.098 g3=0.100 g4=0.094 g5=0.094
2026-08-29 20:04:03 - train: epoch 23, iter:0, loss: 0.7077, lr: 0.0009869215569222143
2026-08-29 20:04:08 - train: epoch 23, iter:20, loss: 0.7878, lr: 0.0009869215569222143
2026-08-29 20:04:29 - val epoch: 23, loss: 0.9267
2026-08-29 20:04:29 - train gamma: g2=0.098 g3=0.100 g4=0.094 g5=0.094
2026-08-29 20:04:31 - train: epoch 24, iter:0, loss: 0.8400, lr: 0.0009857114685552697
2026-08-29 20:04:37 - train: epoch 24, iter:20, loss: 0.7762, lr: 0.0009857114685552697
2026-08-29 20:04:58 - val epoch: 24, loss: 1.4542
2026-08-29 20:04:58 - train gamma: g2=0.098 g3=0.100 g4=0.094 g5=0.094
2026-08-29 20:05:00 - train: epoch 25, iter:0, loss: 1.0095, lr: 0.0009844486647586721
2026-08-29 20:05:05 - train: epoch 25, iter:20, loss: 0.7885, lr: 0.0009844486647586721
2026-08-29 20:05:26 - val epoch: 25, loss: 1.1803
2026-08-29 20:05:26 - train gamma: g2=0.097 g3=0.100 g4=0.093 g5=0.094
2026-08-29 20:05:28 - train: epoch 26, iter:0, loss: 0.7172, lr: 0.0009831332840130884
2026-08-29 20:05:34 - train: epoch 26, iter:20, loss: 0.7856, lr: 0.0009831332840130884
2026-08-29 20:05:55 - val epoch: 26, loss: 0.9035
2026-08-29 20:05:55 - train gamma: g2=0.097 g3=0.100 g4=0.093 g5=0.094
2026-08-29 20:05:58 - train: epoch 27, iter:0, loss: 0.6857, lr: 0.0009817654705648405
2026-08-29 20:06:03 - train: epoch 27, iter:20, loss: 0.7345, lr: 0.0009817654705648405
2026-08-29 20:06:24 - val epoch: 27, loss: 0.9983
2026-08-29 20:06:24 - train gamma: g2=0.098 g3=0.100 g4=0.093 g5=0.093
2026-08-29 20:06:27 - train: epoch 28, iter:0, loss: 0.8607, lr: 0.0009803453744100864
2026-08-29 20:06:32 - train: epoch 28, iter:20, loss: 0.7419, lr: 0.0009803453744100864
2026-08-29 20:06:53 - val epoch: 28, loss: 1.0419
2026-08-29 20:06:53 - train gamma: g2=0.098 g3=0.100 g4=0.093 g5=0.093
2026-08-29 20:06:55 - train: epoch 29, iter:0, loss: 0.7192, lr: 0.0009788731512783728
2026-08-29 20:07:01 - train: epoch 29, iter:20, loss: 0.7844, lr: 0.0009788731512783728
2026-08-29 20:07:21 - val epoch: 29, loss: 1.0728
2026-08-29 20:07:21 - train gamma: g2=0.098 g3=0.100 g4=0.093 g5=0.093
2026-08-29 20:07:23 - train: epoch 30, iter:0, loss: 0.8115, lr: 0.0009773489626155566
2026-08-29 20:07:28 - train: epoch 30, iter:20, loss: 0.7357, lr: 0.0009773489626155566
2026-08-29 20:07:53 - val epoch: 30, loss: 0.9177, miou: 0.7653878278761391, f1_or_dsc: 0.8671044580577445, accuracy: 0.9346857731885249,                 specificity: 0.9537698369166326, sensitivity: 0.875368582292487, confusion_matrix: [[38211355  1852142]
 [ 1606448 11283143]]
2026-08-29 20:07:53 - train gamma: g2=0.098 g3=0.100 g4=0.092 g5=0.093
2026-08-29 20:07:55 - train: epoch 31, iter:0, loss: 0.8978, lr: 0.0009757729755661006
2026-08-29 20:08:01 - train: epoch 31, iter:20, loss: 0.6869, lr: 0.0009757729755661006
2026-08-29 20:08:21 - val epoch: 31, loss: 0.9322
2026-08-29 20:08:21 - train gamma: g2=0.098 g3=0.100 g4=0.092 g5=0.092
2026-08-29 20:08:24 - train: epoch 32, iter:0, loss: 0.6224, lr: 0.0009741453629547445
2026-08-29 20:08:29 - train: epoch 32, iter:20, loss: 0.7167, lr: 0.0009741453629547445
2026-08-29 20:08:50 - val epoch: 32, loss: 1.1293
2026-08-29 20:08:50 - train gamma: g2=0.098 g3=0.100 g4=0.092 g5=0.092
2026-08-29 20:08:53 - train: epoch 33, iter:0, loss: 0.6686, lr: 0.0009724663032675527
2026-08-29 20:08:58 - train: epoch 33, iter:20, loss: 0.7446, lr: 0.0009724663032675527
2026-08-29 20:09:19 - val epoch: 33, loss: 0.9163
2026-08-29 20:09:19 - train gamma: g2=0.098 g3=0.100 g4=0.092 g5=0.092
2026-08-29 20:09:21 - train: epoch 34, iter:0, loss: 0.6418, lr: 0.0009707359806323412
2026-08-29 20:09:27 - train: epoch 34, iter:20, loss: 0.7233, lr: 0.0009707359806323412
2026-08-29 20:09:47 - val epoch: 34, loss: 1.0149
2026-08-29 20:09:47 - train gamma: g2=0.098 g3=0.100 g4=0.092 g5=0.092
2026-08-29 20:09:50 - train: epoch 35, iter:0, loss: 0.6926, lr: 0.0009689545847984858
2026-08-29 20:09:55 - train: epoch 35, iter:20, loss: 0.7233, lr: 0.0009689545847984858
2026-08-29 20:10:16 - val epoch: 35, loss: 0.9801
2026-08-29 20:10:16 - train gamma: g2=0.098 g3=0.100 g4=0.091 g5=0.091
2026-08-29 20:10:18 - train: epoch 36, iter:0, loss: 0.7228, lr: 0.0009671223111161144
2026-08-29 20:10:24 - train: epoch 36, iter:20, loss: 0.6924, lr: 0.0009671223111161144
2026-08-29 20:10:44 - val epoch: 36, loss: 0.9950
2026-08-29 20:10:44 - train gamma: g2=0.098 g3=0.100 g4=0.092 g5=0.091
2026-08-29 20:10:47 - train: epoch 37, iter:0, loss: 0.7978, lr: 0.000965239360514684
2026-08-29 20:10:52 - train: epoch 37, iter:20, loss: 0.6680, lr: 0.000965239360514684
2026-08-29 20:11:13 - val epoch: 37, loss: 1.0137
2026-08-29 20:11:13 - train gamma: g2=0.098 g3=0.100 g4=0.092 g5=0.091
2026-08-29 20:11:15 - train: epoch 38, iter:0, loss: 0.5626, lr: 0.000963305939480947
2026-08-29 20:11:21 - train: epoch 38, iter:20, loss: 0.6681, lr: 0.000963305939480947
2026-08-29 20:11:41 - val epoch: 38, loss: 0.8679
2026-08-29 20:11:41 - train gamma: g2=0.098 g3=0.100 g4=0.092 g5=0.091
2026-08-29 20:11:43 - train: epoch 39, iter:0, loss: 0.5759, lr: 0.0009613222600363074
2026-08-29 20:11:49 - train: epoch 39, iter:20, loss: 0.7043, lr: 0.0009613222600363074
2026-08-29 20:12:09 - val epoch: 39, loss: 0.9696
2026-08-29 20:12:09 - train gamma: g2=0.098 g3=0.101 g4=0.091 g5=0.091
2026-08-29 20:12:11 - train: epoch 40, iter:0, loss: 0.8254, lr: 0.0009592885397135703
2026-08-29 20:12:17 - train: epoch 40, iter:20, loss: 0.6702, lr: 0.0009592885397135703
2026-08-29 20:12:38 - val epoch: 40, loss: 0.9258
2026-08-29 20:12:38 - train gamma: g2=0.098 g3=0.101 g4=0.091 g5=0.091
2026-08-29 20:12:40 - train: epoch 41, iter:0, loss: 0.7011, lr: 0.0009572050015330871
2026-08-29 20:12:46 - train: epoch 41, iter:20, loss: 0.6651, lr: 0.0009572050015330871
2026-08-29 20:13:06 - val epoch: 41, loss: 0.8910
2026-08-29 20:13:06 - train gamma: g2=0.098 g3=0.101 g4=0.091 g5=0.090
2026-08-29 20:13:08 - train: epoch 42, iter:0, loss: 0.5669, lr: 0.0009550718739782986
2026-08-29 20:13:14 - train: epoch 42, iter:20, loss: 0.6952, lr: 0.0009550718739782986
2026-08-29 20:13:34 - val epoch: 42, loss: 0.9127
2026-08-29 20:13:34 - train gamma: g2=0.098 g3=0.101 g4=0.091 g5=0.090
2026-08-29 20:13:37 - train: epoch 43, iter:0, loss: 0.6280, lr: 0.0009528893909706794
2026-08-29 20:13:42 - train: epoch 43, iter:20, loss: 0.6554, lr: 0.0009528893909706794
2026-08-29 20:14:03 - val epoch: 43, loss: 0.9188
2026-08-29 20:14:03 - train gamma: g2=0.098 g3=0.101 g4=0.091 g5=0.090
2026-08-29 20:14:05 - train: epoch 44, iter:0, loss: 0.5096, lr: 0.0009506577918440856
2026-08-29 20:14:10 - train: epoch 44, iter:20, loss: 0.6714, lr: 0.0009506577918440856
2026-08-29 20:14:31 - val epoch: 44, loss: 0.8745
2026-08-29 20:14:31 - train gamma: g2=0.098 g3=0.101 g4=0.091 g5=0.090
2026-08-29 20:14:33 - train: epoch 45, iter:0, loss: 0.6467, lr: 0.000948377321318509
2026-08-29 20:14:38 - train: epoch 45, iter:20, loss: 0.6367, lr: 0.000948377321318509
2026-08-29 20:14:59 - val epoch: 45, loss: 1.0758
2026-08-29 20:14:59 - train gamma: g2=0.099 g3=0.101 g4=0.091 g5=0.090
2026-08-29 20:15:01 - train: epoch 46, iter:0, loss: 0.6747, lr: 0.0009460482294732416
2026-08-29 20:15:06 - train: epoch 46, iter:20, loss: 0.6419, lr: 0.0009460482294732416
2026-08-29 20:15:26 - val epoch: 46, loss: 0.9270
2026-08-29 20:15:26 - train gamma: g2=0.098 g3=0.101 g4=0.091 g5=0.090
2026-08-29 20:15:29 - train: epoch 47, iter:0, loss: 0.9326, lr: 0.0009436707717194508
2026-08-29 20:15:34 - train: epoch 47, iter:20, loss: 0.6764, lr: 0.0009436707717194508
2026-08-29 20:15:55 - val epoch: 47, loss: 0.9572
2026-08-29 20:15:55 - train gamma: g2=0.098 g3=0.101 g4=0.091 g5=0.090
2026-08-29 20:15:57 - train: epoch 48, iter:0, loss: 0.5197, lr: 0.0009412452087721706
2026-08-29 20:16:02 - train: epoch 48, iter:20, loss: 0.6108, lr: 0.0009412452087721706
2026-08-29 20:16:22 - val epoch: 48, loss: 0.9097
2026-08-29 20:16:22 - train gamma: g2=0.098 g3=0.101 g4=0.091 g5=0.090
2026-08-29 20:16:25 - train: epoch 49, iter:0, loss: 0.5947, lr: 0.000938771806621712
2026-08-29 20:16:30 - train: epoch 49, iter:20, loss: 0.6222, lr: 0.000938771806621712
2026-08-29 20:16:51 - val epoch: 49, loss: 0.9718
2026-08-29 20:16:51 - train gamma: g2=0.098 g3=0.101 g4=0.091 g5=0.090
2026-08-29 20:16:53 - train: epoch 50, iter:0, loss: 0.5542, lr: 0.0009362508365044934
2026-08-29 20:16:59 - train: epoch 50, iter:20, loss: 0.6287, lr: 0.0009362508365044934
2026-08-29 20:17:19 - val epoch: 50, loss: 0.8524
2026-08-29 20:17:19 - train gamma: g2=0.098 g3=0.101 g4=0.091 g5=0.090
2026-08-29 20:17:22 - train: epoch 51, iter:0, loss: 0.6722, lr: 0.0009336825748732968
2026-08-29 20:17:27 - train: epoch 51, iter:20, loss: 0.6109, lr: 0.0009336825748732968
2026-08-29 20:17:47 - val epoch: 51, loss: 0.8823
2026-08-29 20:17:47 - train gamma: g2=0.098 g3=0.102 g4=0.090 g5=0.089
2026-08-29 20:17:49 - train: epoch 52, iter:0, loss: 0.6455, lr: 0.0009310673033669517
2026-08-29 20:17:55 - train: epoch 52, iter:20, loss: 0.6218, lr: 0.0009310673033669517
2026-08-29 20:18:15 - val epoch: 52, loss: 0.9129
2026-08-29 20:18:15 - train gamma: g2=0.098 g3=0.102 g4=0.090 g5=0.089
2026-08-29 20:18:17 - train: epoch 53, iter:0, loss: 0.6231, lr: 0.0009284053087794505
2026-08-29 20:18:23 - train: epoch 53, iter:20, loss: 0.6346, lr: 0.0009284053087794505
2026-08-29 20:18:43 - val epoch: 53, loss: 0.8839
2026-08-29 20:18:43 - train gamma: g2=0.098 g3=0.102 g4=0.091 g5=0.089
2026-08-29 20:18:48 - train: epoch 54, iter:0, loss: 0.4826, lr: 0.0009256968830284974
2026-08-29 20:18:54 - train: epoch 54, iter:20, loss: 0.6222, lr: 0.0009256968830284974
2026-08-29 20:19:15 - val epoch: 54, loss: 0.8517
2026-08-29 20:19:15 - train gamma: g2=0.098 g3=0.102 g4=0.091 g5=0.089
2026-08-29 20:19:17 - train: epoch 55, iter:0, loss: 0.5041, lr: 0.0009229423231234972
2026-08-29 20:19:23 - train: epoch 55, iter:20, loss: 0.6230, lr: 0.0009229423231234972
2026-08-29 20:19:43 - val epoch: 55, loss: 0.8823
2026-08-29 20:19:43 - train gamma: g2=0.098 g3=0.102 g4=0.091 g5=0.089
2026-08-29 20:19:45 - train: epoch 56, iter:0, loss: 0.6145, lr: 0.0009201419311329846
2026-08-29 20:19:51 - train: epoch 56, iter:20, loss: 0.6591, lr: 0.0009201419311329846
2026-08-29 20:20:11 - val epoch: 56, loss: 0.8886
2026-08-29 20:20:11 - train gamma: g2=0.098 g3=0.102 g4=0.090 g5=0.089
2026-08-29 20:20:14 - train: epoch 57, iter:0, loss: 0.7200, lr: 0.0009172960141514989
2026-08-29 20:20:19 - train: epoch 57, iter:20, loss: 0.6407, lr: 0.0009172960141514989
2026-08-29 20:20:39 - val epoch: 57, loss: 0.9132
2026-08-29 20:20:39 - train gamma: g2=0.098 g3=0.102 g4=0.090 g5=0.089
2026-08-29 20:20:42 - train: epoch 58, iter:0, loss: 0.7133, lr: 0.0009144048842659077
2026-08-29 20:20:47 - train: epoch 58, iter:20, loss: 0.6202, lr: 0.0009144048842659077
2026-08-29 20:21:08 - val epoch: 58, loss: 0.8565
2026-08-29 20:21:08 - train gamma: g2=0.098 g3=0.102 g4=0.090 g5=0.088
2026-08-29 20:21:11 - train: epoch 59, iter:0, loss: 0.6445, lr: 0.0009114688585211832
2026-08-29 20:21:16 - train: epoch 59, iter:20, loss: 0.6003, lr: 0.0009114688585211832
2026-08-29 20:21:36 - val epoch: 59, loss: 0.9553
2026-08-29 20:21:36 - train gamma: g2=0.098 g3=0.102 g4=0.090 g5=0.088
2026-08-29 20:21:39 - train: epoch 60, iter:0, loss: 0.6875, lr: 0.0009084882588856339
2026-08-29 20:21:44 - train: epoch 60, iter:20, loss: 0.6475, lr: 0.0009084882588856339
2026-08-29 20:22:08 - val epoch: 60, loss: 1.1153, miou: 0.7146360342547453, f1_or_dsc: 0.8335716968241099, accuracy: 0.9272666591228825,                 specificity: 0.9848478029763602, sensitivity: 0.7482926339555692, confusion_matrix: [[39456447   607050]
 [ 3244405  9645186]]
2026-08-29 20:22:08 - train gamma: g2=0.098 g3=0.102 g4=0.090 g5=0.088
2026-08-29 20:22:11 - train: epoch 61, iter:0, loss: 0.5717, lr: 0.0009054634122155986
2026-08-29 20:22:16 - train: epoch 61, iter:20, loss: 0.6088, lr: 0.0009054634122155986
2026-08-29 20:22:36 - val epoch: 61, loss: 1.0282
2026-08-29 20:22:36 - train gamma: g2=0.099 g3=0.102 g4=0.090 g5=0.088
2026-08-29 20:22:39 - train: epoch 62, iter:0, loss: 0.5110, lr: 0.0009023946502196013
2026-08-29 20:22:44 - train: epoch 62, iter:20, loss: 0.6130, lr: 0.0009023946502196013
2026-08-29 20:23:04 - val epoch: 62, loss: 0.8186
2026-08-29 20:23:04 - train gamma: g2=0.099 g3=0.102 g4=0.091 g5=0.088
2026-08-29 20:23:07 - train: epoch 63, iter:0, loss: 0.5278, lr: 0.0008992823094219767
2026-08-29 20:23:13 - train: epoch 63, iter:20, loss: 0.6054, lr: 0.0008992823094219767
2026-08-29 20:23:33 - val epoch: 63, loss: 0.8653
2026-08-29 20:23:33 - train gamma: g2=0.098 g3=0.102 g4=0.091 g5=0.088
2026-08-29 20:23:35 - train: epoch 64, iter:0, loss: 0.6106, lr: 0.0008961267311259662
2026-08-29 20:23:41 - train: epoch 64, iter:20, loss: 0.5766, lr: 0.0008961267311259662
2026-08-29 20:24:01 - val epoch: 64, loss: 1.0028
2026-08-29 20:24:01 - train gamma: g2=0.098 g3=0.103 g4=0.091 g5=0.088
2026-08-29 20:24:03 - train: epoch 65, iter:0, loss: 0.6811, lr: 0.0008929282613762903
2026-08-29 20:24:09 - train: epoch 65, iter:20, loss: 0.6209, lr: 0.0008929282613762903
2026-08-29 20:24:29 - val epoch: 65, loss: 0.8789
2026-08-29 20:24:29 - train gamma: g2=0.098 g3=0.103 g4=0.091 g5=0.088
2026-08-29 20:24:31 - train: epoch 66, iter:0, loss: 0.5979, lr: 0.0008896872509212002
2026-08-29 20:24:37 - train: epoch 66, iter:20, loss: 0.5807, lr: 0.0008896872509212002
2026-08-29 20:24:57 - val epoch: 66, loss: 0.8447
2026-08-29 20:24:57 - train gamma: g2=0.098 g3=0.103 g4=0.091 g5=0.088
2026-08-29 20:25:00 - train: epoch 67, iter:0, loss: 0.6002, lr: 0.0008864040551740152
2026-08-29 20:25:05 - train: epoch 67, iter:20, loss: 0.5800, lr: 0.0008864040551740152
2026-08-29 20:25:25 - val epoch: 67, loss: 0.8518
2026-08-29 20:25:25 - train gamma: g2=0.098 g3=0.103 g4=0.091 g5=0.088
2026-08-29 20:25:27 - train: epoch 68, iter:0, loss: 0.5359, lr: 0.0008830790341741476
2026-08-29 20:25:33 - train: epoch 68, iter:20, loss: 0.5978, lr: 0.0008830790341741476
2026-08-29 20:25:53 - val epoch: 68, loss: 0.8688
2026-08-29 20:25:53 - train gamma: g2=0.098 g3=0.103 g4=0.091 g5=0.088
2026-08-29 20:25:56 - train: epoch 69, iter:0, loss: 0.5675, lr: 0.000879712552547619
2026-08-29 20:26:01 - train: epoch 69, iter:20, loss: 0.5886, lr: 0.000879712552547619
2026-08-29 20:26:21 - val epoch: 69, loss: 0.7991
2026-08-29 20:26:21 - train gamma: g2=0.098 g3=0.103 g4=0.091 g5=0.088
2026-08-29 20:26:24 - train: epoch 70, iter:0, loss: 0.5760, lr: 0.0008763049794670771
2026-08-29 20:26:29 - train: epoch 70, iter:20, loss: 0.6006, lr: 0.0008763049794670771
2026-08-29 20:26:50 - val epoch: 70, loss: 0.8606
2026-08-29 20:26:50 - train gamma: g2=0.098 g3=0.103 g4=0.091 g5=0.088
2026-08-29 20:26:52 - train: epoch 71, iter:0, loss: 0.4966, lr: 0.0008728566886113098
2026-08-29 20:26:58 - train: epoch 71, iter:20, loss: 0.5432, lr: 0.0008728566886113098
2026-08-29 20:27:18 - val epoch: 71, loss: 0.9000
2026-08-29 20:27:18 - train gamma: g2=0.099 g3=0.104 g4=0.091 g5=0.088
2026-08-29 20:27:20 - train: epoch 72, iter:0, loss: 0.8575, lr: 0.000869368058124268
2026-08-29 20:27:25 - train: epoch 72, iter:20, loss: 0.5871, lr: 0.000869368058124268
2026-08-29 20:27:46 - val epoch: 72, loss: 0.9214
2026-08-29 20:27:46 - train gamma: g2=0.098 g3=0.103 g4=0.091 g5=0.088
2026-08-29 20:27:48 - train: epoch 73, iter:0, loss: 0.5555, lr: 0.0008658394705735983
2026-08-29 20:27:54 - train: epoch 73, iter:20, loss: 0.6051, lr: 0.0008658394705735983
2026-08-29 20:28:14 - val epoch: 73, loss: 0.8143
2026-08-29 20:28:14 - train gamma: g2=0.098 g3=0.104 g4=0.091 g5=0.088
2026-08-29 20:28:17 - train: epoch 74, iter:0, loss: 0.6071, lr: 0.0008622713129086888
2026-08-29 20:28:22 - train: epoch 74, iter:20, loss: 0.6069, lr: 0.0008622713129086888
2026-08-29 20:28:42 - val epoch: 74, loss: 0.8728
2026-08-29 20:28:42 - train gamma: g2=0.098 g3=0.103 g4=0.091 g5=0.088
2026-08-29 20:28:44 - train: epoch 75, iter:0, loss: 0.6029, lr: 0.0008586639764182372
2026-08-29 20:28:50 - train: epoch 75, iter:20, loss: 0.5679, lr: 0.0008586639764182372
2026-08-29 20:29:10 - val epoch: 75, loss: 0.8356
2026-08-29 20:29:10 - train gamma: g2=0.099 g3=0.104 g4=0.090 g5=0.088
2026-08-29 20:29:12 - train: epoch 76, iter:0, loss: 0.6024, lr: 0.0008550178566873405
2026-08-29 20:29:17 - train: epoch 76, iter:20, loss: 0.5671, lr: 0.0008550178566873405
2026-08-29 20:29:38 - val epoch: 76, loss: 0.8625
2026-08-29 20:29:38 - train gamma: g2=0.099 g3=0.104 g4=0.091 g5=0.088
2026-08-29 20:29:40 - train: epoch 77, iter:0, loss: 0.5126, lr: 0.0008513333535541156
2026-08-29 20:29:45 - train: epoch 77, iter:20, loss: 0.5679, lr: 0.0008513333535541156
2026-08-29 20:30:06 - val epoch: 77, loss: 0.9744
2026-08-29 20:30:06 - train gamma: g2=0.099 g3=0.104 g4=0.091 g5=0.088
2026-08-29 20:30:08 - train: epoch 78, iter:0, loss: 0.4777, lr: 0.0008476108710658509
2026-08-29 20:30:13 - train: epoch 78, iter:20, loss: 0.5532, lr: 0.0008476108710658509
2026-08-29 20:30:34 - val epoch: 78, loss: 0.8391
2026-08-29 20:30:34 - train gamma: g2=0.099 g3=0.104 g4=0.091 g5=0.088
2026-08-29 20:30:36 - train: epoch 79, iter:0, loss: 0.4295, lr: 0.0008438508174347005
2026-08-29 20:30:42 - train: epoch 79, iter:20, loss: 0.5675, lr: 0.0008438508174347005
2026-08-29 20:31:02 - val epoch: 79, loss: 0.9034
2026-08-29 20:31:02 - train gamma: g2=0.098 g3=0.104 g4=0.091 g5=0.088
2026-08-29 20:31:04 - train: epoch 80, iter:0, loss: 0.4238, lr: 0.0008400536049929166
2026-08-29 20:31:10 - train: epoch 80, iter:20, loss: 0.5499, lr: 0.0008400536049929166
2026-08-29 20:31:30 - val epoch: 80, loss: 0.8215
2026-08-29 20:31:30 - train gamma: g2=0.099 g3=0.104 g4=0.091 g5=0.087
2026-08-29 20:31:32 - train: epoch 81, iter:0, loss: 0.5361, lr: 0.0008362196501476343
2026-08-29 20:31:38 - train: epoch 81, iter:20, loss: 0.5414, lr: 0.0008362196501476343
2026-08-29 20:31:58 - val epoch: 81, loss: 0.8493
2026-08-29 20:31:58 - train gamma: g2=0.098 g3=0.104 g4=0.090 g5=0.088
2026-08-29 20:32:01 - train: epoch 82, iter:0, loss: 0.5304, lr: 0.0008323493733352072
2026-08-29 20:32:06 - train: epoch 82, iter:20, loss: 0.5493, lr: 0.0008323493733352072
2026-08-29 20:32:27 - val epoch: 82, loss: 0.8736
2026-08-29 20:32:27 - train gamma: g2=0.098 g3=0.104 g4=0.090 g5=0.088
2026-08-29 20:32:29 - train: epoch 83, iter:0, loss: 0.5561, lr: 0.0008284431989751018
2026-08-29 20:32:34 - train: epoch 83, iter:20, loss: 0.5575, lr: 0.0008284431989751018
2026-08-29 20:32:55 - val epoch: 83, loss: 0.9403
2026-08-29 20:32:55 - train gamma: g2=0.098 g3=0.104 g4=0.090 g5=0.088
2026-08-29 20:32:57 - train: epoch 84, iter:0, loss: 0.8255, lr: 0.000824501555423355
2026-08-29 20:33:03 - train: epoch 84, iter:20, loss: 0.5671, lr: 0.000824501555423355
2026-08-29 20:33:23 - val epoch: 84, loss: 0.8887
2026-08-29 20:33:23 - train gamma: g2=0.098 g3=0.104 g4=0.091 g5=0.088
2026-08-29 20:33:26 - train: epoch 85, iter:0, loss: 0.7356, lr: 0.0008205248749256009
2026-08-29 20:33:31 - train: epoch 85, iter:20, loss: 0.5666, lr: 0.0008205248749256009
2026-08-29 20:33:52 - val epoch: 85, loss: 0.8221
2026-08-29 20:33:52 - train gamma: g2=0.099 g3=0.104 g4=0.091 g5=0.088
2026-08-29 20:33:54 - train: epoch 86, iter:0, loss: 0.4374, lr: 0.000816513593569669
2026-08-29 20:33:59 - train: epoch 86, iter:20, loss: 0.5427, lr: 0.000816513593569669
2026-08-29 20:34:20 - val epoch: 86, loss: 0.8953
2026-08-29 20:34:20 - train gamma: g2=0.099 g3=0.105 g4=0.091 g5=0.088
2026-08-29 20:34:22 - train: epoch 87, iter:0, loss: 0.7805, lr: 0.0008124681512377632
2026-08-29 20:34:27 - train: epoch 87, iter:20, loss: 0.5650, lr: 0.0008124681512377632
2026-08-29 20:34:48 - val epoch: 87, loss: 0.8448
2026-08-29 20:34:48 - train gamma: g2=0.099 g3=0.105 g4=0.091 g5=0.088
2026-08-29 20:34:50 - train: epoch 88, iter:0, loss: 0.5839, lr: 0.000808388991558223
2026-08-29 20:34:56 - train: epoch 88, iter:20, loss: 0.5406, lr: 0.000808388991558223
2026-08-29 20:35:16 - val epoch: 88, loss: 0.8750
2026-08-29 20:35:16 - train gamma: g2=0.099 g3=0.105 g4=0.091 g5=0.088
2026-08-29 20:35:18 - train: epoch 89, iter:0, loss: 0.4624, lr: 0.0008042765618568752
2026-08-29 20:35:23 - train: epoch 89, iter:20, loss: 0.5477, lr: 0.0008042765618568752
2026-08-29 20:35:44 - val epoch: 89, loss: 0.8929
2026-08-29 20:35:44 - train gamma: g2=0.099 g3=0.104 g4=0.091 g5=0.087
2026-08-29 20:35:46 - train: epoch 90, iter:0, loss: 0.4924, lr: 0.0008001313131079794
2026-08-29 20:35:51 - train: epoch 90, iter:20, loss: 0.5683, lr: 0.0008001313131079794
2026-08-29 20:36:15 - val epoch: 90, loss: 0.8458, miou: 0.7872914259485351, f1_or_dsc: 0.8809883094814389, accuracy: 0.9437813333945699,                 specificity: 0.9723973671095162, sensitivity: 0.8548368214321153, confusion_matrix: [[38957639  1105858]
 [ 1871094 11018497]]
2026-08-29 20:36:16 - train gamma: g2=0.099 g3=0.105 g4=0.091 g5=0.087
2026-08-29 20:36:18 - train: epoch 91, iter:0, loss: 0.5428, lr: 0.0007959536998847737
2026-08-29 20:36:23 - train: epoch 91, iter:20, loss: 0.5481, lr: 0.0007959536998847737
2026-08-29 20:36:44 - val epoch: 91, loss: 0.8390
2026-08-29 20:36:44 - train gamma: g2=0.099 g3=0.105 g4=0.090 g5=0.087
2026-08-29 20:36:46 - train: epoch 92, iter:0, loss: 0.3969, lr: 0.0007917441803096255
2026-08-29 20:36:51 - train: epoch 92, iter:20, loss: 0.5360, lr: 0.0007917441803096255
2026-08-29 20:37:12 - val epoch: 92, loss: 0.9256
2026-08-29 20:37:12 - train gamma: g2=0.099 g3=0.105 g4=0.091 g5=0.088
2026-08-29 20:37:14 - train: epoch 93, iter:0, loss: 0.5335, lr: 0.0007875032160037932
2026-08-29 20:37:20 - train: epoch 93, iter:20, loss: 0.5468, lr: 0.0007875032160037932
2026-08-29 20:37:40 - val epoch: 93, loss: 0.8786
2026-08-29 20:37:40 - train gamma: g2=0.099 g3=0.105 g4=0.091 g5=0.088
2026-08-29 20:37:42 - train: epoch 94, iter:0, loss: 0.5924, lr: 0.0007832312720368042
2026-08-29 20:37:48 - train: epoch 94, iter:20, loss: 0.5330, lr: 0.0007832312720368042
2026-08-29 20:38:08 - val epoch: 94, loss: 0.8316
2026-08-29 20:38:08 - train gamma: g2=0.099 g3=0.105 g4=0.091 g5=0.088
2026-08-29 20:38:11 - train: epoch 95, iter:0, loss: 0.4647, lr: 0.0007789288168754548
2026-08-29 20:38:17 - train: epoch 95, iter:20, loss: 0.5460, lr: 0.0007789288168754548
2026-08-29 20:38:38 - val epoch: 95, loss: 0.8718
2026-08-29 20:38:38 - train gamma: g2=0.098 g3=0.105 g4=0.091 g5=0.088
2026-08-29 20:38:40 - train: epoch 96, iter:0, loss: 0.5137, lr: 0.0007745963223324379
2026-08-29 20:38:45 - train: epoch 96, iter:20, loss: 0.5542, lr: 0.0007745963223324379
2026-08-29 20:39:06 - val epoch: 96, loss: 0.8734
2026-08-29 20:39:06 - train gamma: g2=0.098 g3=0.105 g4=0.091 g5=0.088
2026-08-29 20:39:08 - train: epoch 97, iter:0, loss: 0.6132, lr: 0.0007702342635146028
2026-08-29 20:39:13 - train: epoch 97, iter:20, loss: 0.5431, lr: 0.0007702342635146028
2026-08-29 20:39:34 - val epoch: 97, loss: 0.7923
2026-08-29 20:39:34 - train gamma: g2=0.098 g3=0.105 g4=0.091 g5=0.088
2026-08-29 20:39:36 - train: epoch 98, iter:0, loss: 0.4264, lr: 0.000765843118770855
2026-08-29 20:39:42 - train: epoch 98, iter:20, loss: 0.5343, lr: 0.000765843118770855
2026-08-29 20:40:02 - val epoch: 98, loss: 0.8374
2026-08-29 20:40:02 - train gamma: g2=0.099 g3=0.106 g4=0.091 g5=0.088
2026-08-29 20:40:05 - train: epoch 99, iter:0, loss: 0.4661, lr: 0.0007614233696396991
2026-08-29 20:40:10 - train: epoch 99, iter:20, loss: 0.5167, lr: 0.0007614233696396991
2026-08-29 20:40:31 - val epoch: 99, loss: 0.8581
2026-08-29 20:40:31 - train gamma: g2=0.098 g3=0.106 g4=0.090 g5=0.088
2026-08-29 20:40:33 - train: epoch 100, iter:0, loss: 0.4719, lr: 0.0007569755007964334
2026-08-29 20:40:39 - train: epoch 100, iter:20, loss: 0.5398, lr: 0.0007569755007964334
2026-08-29 20:40:59 - val epoch: 100, loss: 0.8195
2026-08-29 20:40:59 - train gamma: g2=0.099 g3=0.106 g4=0.091 g5=0.088
2026-08-29 20:41:01 - train: epoch 101, iter:0, loss: 0.5689, lr: 0.0007524999999999996
2026-08-29 20:41:07 - train: epoch 101, iter:20, loss: 0.5300, lr: 0.0007524999999999996
2026-08-29 20:41:27 - val epoch: 101, loss: 0.8985
2026-08-29 20:41:27 - train gamma: g2=0.099 g3=0.105 g4=0.091 g5=0.088
2026-08-29 20:41:30 - train: epoch 102, iter:0, loss: 0.6087, lr: 0.0007479973580394943
2026-08-29 20:41:35 - train: epoch 102, iter:20, loss: 0.5216, lr: 0.0007479973580394943
2026-08-29 20:41:55 - val epoch: 102, loss: 0.8911
2026-08-29 20:41:55 - train gamma: g2=0.099 g3=0.105 g4=0.091 g5=0.088
2026-08-29 20:41:58 - train: epoch 103, iter:0, loss: 0.5125, lr: 0.0007434680686803487
2026-08-29 20:42:03 - train: epoch 103, iter:20, loss: 0.5195, lr: 0.0007434680686803487
2026-08-29 20:42:23 - val epoch: 103, loss: 0.8565
2026-08-29 20:42:23 - train gamma: g2=0.098 g3=0.106 g4=0.091 g5=0.088
2026-08-29 20:42:26 - train: epoch 104, iter:0, loss: 0.4697, lr: 0.0007389126286101815
2026-08-29 20:42:31 - train: epoch 104, iter:20, loss: 0.5336, lr: 0.0007389126286101815
2026-08-29 20:42:52 - val epoch: 104, loss: 0.8625
2026-08-29 20:42:52 - train gamma: g2=0.098 g3=0.106 g4=0.091 g5=0.088
2026-08-29 20:42:54 - train: epoch 105, iter:0, loss: 0.5180, lr: 0.0007343315373843313
2026-08-29 20:42:59 - train: epoch 105, iter:20, loss: 0.5285, lr: 0.0007343315373843313
2026-08-29 20:43:20 - val epoch: 105, loss: 0.8321
2026-08-29 20:43:20 - train gamma: g2=0.099 g3=0.106 g4=0.091 g5=0.088
2026-08-29 20:43:22 - train: epoch 106, iter:0, loss: 0.6489, lr: 0.0007297252973710753
2026-08-29 20:43:28 - train: epoch 106, iter:20, loss: 0.5186, lr: 0.0007297252973710753
2026-08-29 20:43:48 - val epoch: 106, loss: 0.8724
2026-08-29 20:43:48 - train gamma: g2=0.098 g3=0.106 g4=0.091 g5=0.088
2026-08-29 20:43:51 - train: epoch 107, iter:0, loss: 0.4474, lr: 0.0007250944136965387
2026-08-29 20:43:56 - train: epoch 107, iter:20, loss: 0.5278, lr: 0.0007250944136965387
2026-08-29 20:44:16 - val epoch: 107, loss: 0.9161
2026-08-29 20:44:16 - train gamma: g2=0.099 g3=0.106 g4=0.091 g5=0.088
2026-08-29 20:44:19 - train: epoch 108, iter:0, loss: 0.4912, lr: 0.0007204393941893019
2026-08-29 20:44:24 - train: epoch 108, iter:20, loss: 0.5079, lr: 0.0007204393941893019
2026-08-29 20:44:44 - val epoch: 108, loss: 0.8642
2026-08-29 20:44:44 - train gamma: g2=0.099 g3=0.106 g4=0.091 g5=0.089
2026-08-29 20:44:47 - train: epoch 109, iter:0, loss: 0.5347, lr: 0.0007157607493247106
2026-08-29 20:44:52 - train: epoch 109, iter:20, loss: 0.5059, lr: 0.0007157607493247106
2026-08-29 20:45:12 - val epoch: 109, loss: 0.9134
2026-08-29 20:45:12 - train gamma: g2=0.099 g3=0.106 g4=0.091 g5=0.089
2026-08-29 20:45:15 - train: epoch 110, iter:0, loss: 0.4990, lr: 0.0007110589921688983
2026-08-29 20:45:20 - train: epoch 110, iter:20, loss: 0.5158, lr: 0.0007110589921688983
2026-08-29 20:45:41 - val epoch: 110, loss: 0.8508
2026-08-29 20:45:41 - train gamma: g2=0.099 g3=0.106 g4=0.091 g5=0.089
2026-08-29 20:45:43 - train: epoch 111, iter:0, loss: 0.3827, lr: 0.0007063346383225208
2026-08-29 20:45:48 - train: epoch 111, iter:20, loss: 0.5084, lr: 0.0007063346383225208
2026-08-29 20:46:08 - val epoch: 111, loss: 0.8862
2026-08-29 20:46:08 - train gamma: g2=0.099 g3=0.106 g4=0.091 g5=0.089
2026-08-29 20:46:11 - train: epoch 112, iter:0, loss: 0.5225, lr: 0.0007015882058642161
2026-08-29 20:46:16 - train: epoch 112, iter:20, loss: 0.5110, lr: 0.0007015882058642161
2026-08-29 20:46:37 - val epoch: 112, loss: 0.8884
2026-08-29 20:46:37 - train gamma: g2=0.099 g3=0.106 g4=0.092 g5=0.089
2026-08-29 20:46:39 - train: epoch 113, iter:0, loss: 0.5271, lr: 0.0006968202152937907
2026-08-29 20:46:44 - train: epoch 113, iter:20, loss: 0.4965, lr: 0.0006968202152937907
2026-08-29 20:47:04 - val epoch: 113, loss: 0.8960
2026-08-29 20:47:04 - train gamma: g2=0.099 g3=0.106 g4=0.092 g5=0.089
2026-08-29 20:47:07 - train: epoch 114, iter:0, loss: 0.5070, lr: 0.000692031189475141
2026-08-29 20:47:12 - train: epoch 114, iter:20, loss: 0.5219, lr: 0.000692031189475141
2026-08-29 20:47:33 - val epoch: 114, loss: 0.8400
2026-08-29 20:47:33 - train gamma: g2=0.099 g3=0.106 g4=0.091 g5=0.089
2026-08-29 20:47:35 - train: epoch 115, iter:0, loss: 0.4987, lr: 0.0006872216535789155
2026-08-29 20:47:41 - train: epoch 115, iter:20, loss: 0.4810, lr: 0.0006872216535789155
2026-08-29 20:48:01 - val epoch: 115, loss: 0.8796
2026-08-29 20:48:01 - train gamma: g2=0.099 g3=0.106 g4=0.091 g5=0.089
2026-08-29 20:48:03 - train: epoch 116, iter:0, loss: 0.5003, lr: 0.0006823921350249233
2026-08-29 20:48:09 - train: epoch 116, iter:20, loss: 0.5061, lr: 0.0006823921350249233
2026-08-29 20:48:29 - val epoch: 116, loss: 0.8784
2026-08-29 20:48:29 - train gamma: g2=0.099 g3=0.106 g4=0.092 g5=0.089
2026-08-29 20:48:32 - train: epoch 117, iter:0, loss: 0.5295, lr: 0.0006775431634242984
2026-08-29 20:48:37 - train: epoch 117, iter:20, loss: 0.4805, lr: 0.0006775431634242984
2026-08-29 20:48:58 - val epoch: 117, loss: 0.8489
2026-08-29 20:48:58 - train gamma: g2=0.099 g3=0.106 g4=0.092 g5=0.089
2026-08-29 20:49:00 - train: epoch 118, iter:0, loss: 0.5461, lr: 0.0006726752705214191
2026-08-29 20:49:06 - train: epoch 118, iter:20, loss: 0.5070, lr: 0.0006726752705214191
2026-08-29 20:49:26 - val epoch: 118, loss: 0.9224
2026-08-29 20:49:26 - train gamma: g2=0.099 g3=0.106 g4=0.092 g5=0.089
2026-08-29 20:49:28 - train: epoch 119, iter:0, loss: 0.5083, lr: 0.0006677889901355985
2026-08-29 20:49:34 - train: epoch 119, iter:20, loss: 0.5225, lr: 0.0006677889901355985
2026-08-29 20:49:54 - val epoch: 119, loss: 0.8566
2026-08-29 20:49:54 - train gamma: g2=0.099 g3=0.106 g4=0.092 g5=0.090
2026-08-29 20:49:56 - train: epoch 120, iter:0, loss: 0.4745, lr: 0.0006628848581025445
2026-08-29 20:50:02 - train: epoch 120, iter:20, loss: 0.5350, lr: 0.0006628848581025445
2026-08-29 20:50:26 - val epoch: 120, loss: 0.8549, miou: 0.7891331536053697, f1_or_dsc: 0.8821402163557798, accuracy: 0.9427446233163966,                 specificity: 0.9628481008535026, sensitivity: 0.8802588848629875, confusion_matrix: [[38575062  1488435]
 [ 1543414 11346177]]
2026-08-29 20:50:27 - train gamma: g2=0.099 g3=0.107 g4=0.092 g5=0.090
2026-08-29 20:50:29 - train: epoch 121, iter:0, loss: 0.6010, lr: 0.0006579634122155989
2026-08-29 20:50:34 - train: epoch 121, iter:20, loss: 0.5176, lr: 0.0006579634122155989
2026-08-29 20:50:55 - val epoch: 121, loss: 0.8568
2026-08-29 20:50:55 - train gamma: g2=0.099 g3=0.107 g4=0.092 g5=0.090
2026-08-29 20:50:57 - train: epoch 122, iter:0, loss: 0.4011, lr: 0.0006530251921667629
2026-08-29 20:51:03 - train: epoch 122, iter:20, loss: 0.4854, lr: 0.0006530251921667629
2026-08-29 20:51:23 - val epoch: 122, loss: 0.8327
2026-08-29 20:51:23 - train gamma: g2=0.099 g3=0.107 g4=0.092 g5=0.090
2026-08-29 20:51:26 - train: epoch 123, iter:0, loss: 0.4679, lr: 0.0006480707394875134
2026-08-29 20:51:31 - train: epoch 123, iter:20, loss: 0.4783, lr: 0.0006480707394875134
2026-08-29 20:51:52 - val epoch: 123, loss: 0.8809
2026-08-29 20:51:52 - train gamma: g2=0.099 g3=0.107 g4=0.092 g5=0.090
2026-08-29 20:51:54 - train: epoch 124, iter:0, loss: 0.5108, lr: 0.0006431005974894185
2026-08-29 20:52:00 - train: epoch 124, iter:20, loss: 0.4831, lr: 0.0006431005974894185
2026-08-29 20:52:21 - val epoch: 124, loss: 0.8291
2026-08-29 20:52:21 - train gamma: g2=0.099 g3=0.107 g4=0.092 g5=0.090
2026-08-29 20:52:24 - train: epoch 125, iter:0, loss: 0.5481, lr: 0.0006381153112045565
2026-08-29 20:52:29 - train: epoch 125, iter:20, loss: 0.4830, lr: 0.0006381153112045565
2026-08-29 20:52:50 - val epoch: 125, loss: 0.8764
2026-08-29 20:52:50 - train gamma: g2=0.099 g3=0.107 g4=0.092 g5=0.090
2026-08-29 20:52:52 - train: epoch 126, iter:0, loss: 0.5699, lr: 0.0006331154273257479
2026-08-29 20:52:57 - train: epoch 126, iter:20, loss: 0.5091, lr: 0.0006331154273257479
2026-08-29 20:53:18 - val epoch: 126, loss: 0.8760
2026-08-29 20:53:18 - train gamma: g2=0.099 g3=0.107 g4=0.092 g5=0.090
2026-08-29 20:53:20 - train: epoch 127, iter:0, loss: 0.4138, lr: 0.000628101494146603
2026-08-29 20:53:26 - train: epoch 127, iter:20, loss: 0.4824, lr: 0.000628101494146603
2026-08-29 20:53:46 - val epoch: 127, loss: 0.9140
2026-08-29 20:53:46 - train gamma: g2=0.099 g3=0.107 g4=0.092 g5=0.090
2026-08-29 20:53:49 - train: epoch 128, iter:0, loss: 0.4392, lr: 0.0006230740615013976
2026-08-29 20:53:55 - train: epoch 128, iter:20, loss: 0.4899, lr: 0.0006230740615013976
2026-08-29 20:54:15 - val epoch: 128, loss: 0.8450
2026-08-29 20:54:15 - train gamma: g2=0.099 g3=0.107 g4=0.092 g5=0.090
2026-08-29 20:54:18 - train: epoch 129, iter:0, loss: 0.5219, lr: 0.0006180336807047746
2026-08-29 20:54:23 - train: epoch 129, iter:20, loss: 0.4685, lr: 0.0006180336807047746
2026-08-29 20:54:43 - val epoch: 129, loss: 0.9219
2026-08-29 20:54:43 - train gamma: g2=0.099 g3=0.107 g4=0.092 g5=0.090
2026-08-29 20:54:46 - train: epoch 130, iter:0, loss: 0.7388, lr: 0.0006129809044912887
2026-08-29 20:54:52 - train: epoch 130, iter:20, loss: 0.4881, lr: 0.0006129809044912887
2026-08-29 20:55:12 - val epoch: 130, loss: 0.8367
2026-08-29 20:55:12 - train gamma: g2=0.099 g3=0.107 g4=0.092 g5=0.090
2026-08-29 20:55:15 - train: epoch 131, iter:0, loss: 0.4854, lr: 0.0006079162869547909
2026-08-29 20:55:20 - train: epoch 131, iter:20, loss: 0.4792, lr: 0.0006079162869547909
2026-08-29 20:55:41 - val epoch: 131, loss: 0.8978
2026-08-29 20:55:41 - train gamma: g2=0.099 g3=0.107 g4=0.092 g5=0.091
2026-08-29 20:55:44 - train: epoch 132, iter:0, loss: 0.5772, lr: 0.0006028403834876673
2026-08-29 20:55:49 - train: epoch 132, iter:20, loss: 0.4826, lr: 0.0006028403834876673
2026-08-29 20:56:10 - val epoch: 132, loss: 0.9109
2026-08-29 20:56:10 - train gamma: g2=0.099 g3=0.107 g4=0.092 g5=0.091
2026-08-29 20:56:12 - train: epoch 133, iter:0, loss: 0.5010, lr: 0.0005977537507199337
2026-08-29 20:56:18 - train: epoch 133, iter:20, loss: 0.4784, lr: 0.0005977537507199337
2026-08-29 20:56:39 - val epoch: 133, loss: 0.9447
2026-08-29 20:56:39 - train gamma: g2=0.099 g3=0.107 g4=0.092 g5=0.091
2026-08-29 20:56:41 - train: epoch 134, iter:0, loss: 0.4381, lr: 0.0005926569464581937
2026-08-29 20:56:47 - train: epoch 134, iter:20, loss: 0.4563, lr: 0.0005926569464581937
2026-08-29 20:57:07 - val epoch: 134, loss: 0.8125
2026-08-29 20:57:07 - train gamma: g2=0.099 g3=0.107 g4=0.092 g5=0.091
2026-08-29 20:57:10 - train: epoch 135, iter:0, loss: 0.4976, lr: 0.0005875505296244705
2026-08-29 20:57:15 - train: epoch 135, iter:20, loss: 0.4621, lr: 0.0005875505296244705
2026-08-29 20:57:36 - val epoch: 135, loss: 0.8629
2026-08-29 20:57:36 - train gamma: g2=0.099 g3=0.108 g4=0.092 g5=0.091
2026-08-29 20:57:38 - train: epoch 136, iter:0, loss: 0.4450, lr: 0.0005824350601949142
2026-08-29 20:57:44 - train: epoch 136, iter:20, loss: 0.4790, lr: 0.0005824350601949142
2026-08-29 20:58:05 - val epoch: 136, loss: 0.8884
2026-08-29 20:58:05 - train gamma: g2=0.099 g3=0.108 g4=0.092 g5=0.091
2026-08-29 20:58:07 - train: epoch 137, iter:0, loss: 0.4388, lr: 0.0005773110991383937
2026-08-29 20:58:13 - train: epoch 137, iter:20, loss: 0.4863, lr: 0.0005773110991383937
2026-08-29 20:58:33 - val epoch: 137, loss: 0.9087
2026-08-29 20:58:33 - train gamma: g2=0.099 g3=0.108 g4=0.092 g5=0.091
2026-08-29 20:58:35 - train: epoch 138, iter:0, loss: 0.4340, lr: 0.0005721792083549806
2026-08-29 20:58:40 - train: epoch 138, iter:20, loss: 0.4727, lr: 0.0005721792083549806
2026-08-29 20:59:01 - val epoch: 138, loss: 0.8989
2026-08-29 20:59:01 - train gamma: g2=0.099 g3=0.108 g4=0.092 g5=0.091
2026-08-29 20:59:03 - train: epoch 139, iter:0, loss: 0.6422, lr: 0.0005670399506143306
2026-08-29 20:59:09 - train: epoch 139, iter:20, loss: 0.4587, lr: 0.0005670399506143306
2026-08-29 20:59:29 - val epoch: 139, loss: 0.8844
2026-08-29 20:59:29 - train gamma: g2=0.099 g3=0.108 g4=0.092 g5=0.092
2026-08-29 20:59:32 - train: epoch 140, iter:0, loss: 0.4049, lr: 0.000561893889493969
2026-08-29 20:59:37 - train: epoch 140, iter:20, loss: 0.4594, lr: 0.000561893889493969
2026-08-29 20:59:58 - val epoch: 140, loss: 0.9569
2026-08-29 20:59:58 - train gamma: g2=0.099 g3=0.108 g4=0.092 g5=0.092
2026-08-29 21:00:00 - train: epoch 141, iter:0, loss: 0.5158, lr: 0.0005567415893174885
2026-08-29 21:00:06 - train: epoch 141, iter:20, loss: 0.4604, lr: 0.0005567415893174885
2026-08-29 21:00:26 - val epoch: 141, loss: 0.8741
2026-08-29 21:00:26 - train gamma: g2=0.100 g3=0.108 g4=0.092 g5=0.092
2026-08-29 21:00:28 - train: epoch 142, iter:0, loss: 0.5595, lr: 0.0005515836150926646
2026-08-29 21:00:34 - train: epoch 142, iter:20, loss: 0.4515, lr: 0.0005515836150926646
2026-08-29 21:00:55 - val epoch: 142, loss: 0.9051
2026-08-29 21:00:55 - train gamma: g2=0.099 g3=0.108 g4=0.093 g5=0.092
2026-08-29 21:00:57 - train: epoch 143, iter:0, loss: 0.5014, lr: 0.0005464205324494961
2026-08-29 21:01:03 - train: epoch 143, iter:20, loss: 0.4751, lr: 0.0005464205324494961
2026-08-29 21:01:23 - val epoch: 143, loss: 0.9621
2026-08-29 21:01:23 - train gamma: g2=0.100 g3=0.108 g4=0.093 g5=0.092
2026-08-29 21:01:26 - train: epoch 144, iter:0, loss: 0.4856, lr: 0.0005412529075781776
2026-08-29 21:01:31 - train: epoch 144, iter:20, loss: 0.4622, lr: 0.0005412529075781776
2026-08-29 21:01:52 - val epoch: 144, loss: 0.8741
2026-08-29 21:01:52 - train gamma: g2=0.100 g3=0.108 g4=0.093 g5=0.092
2026-08-29 21:01:54 - train: epoch 145, iter:0, loss: 0.4786, lr: 0.0005360813071670101
2026-08-29 21:01:59 - train: epoch 145, iter:20, loss: 0.4698, lr: 0.0005360813071670101
2026-08-29 21:02:20 - val epoch: 145, loss: 0.8727
2026-08-29 21:02:20 - train gamma: g2=0.099 g3=0.108 g4=0.093 g5=0.093
2026-08-29 21:02:23 - train: epoch 146, iter:0, loss: 0.4501, lr: 0.0005309062983402573
2026-08-29 21:02:28 - train: epoch 146, iter:20, loss: 0.4547, lr: 0.0005309062983402573
2026-08-29 21:02:55 - val epoch: 146, loss: 0.8474
2026-08-29 21:02:55 - train gamma: g2=0.100 g3=0.108 g4=0.093 g5=0.093
2026-08-29 21:02:57 - train: epoch 147, iter:0, loss: 0.4253, lr: 0.0005257284485959538
2026-08-29 21:03:03 - train: epoch 147, iter:20, loss: 0.4544, lr: 0.0005257284485959538
2026-08-29 21:03:23 - val epoch: 147, loss: 0.9181
2026-08-29 21:03:23 - train gamma: g2=0.100 g3=0.108 g4=0.093 g5=0.093
2026-08-29 21:03:25 - train: epoch 148, iter:0, loss: 0.4936, lr: 0.0005205483257436734
2026-08-29 21:03:31 - train: epoch 148, iter:20, loss: 0.4538, lr: 0.0005205483257436734
2026-08-29 21:03:52 - val epoch: 148, loss: 0.8843
2026-08-29 21:03:52 - train gamma: g2=0.100 g3=0.108 g4=0.093 g5=0.093
2026-08-29 21:03:54 - train: epoch 149, iter:0, loss: 0.4585, lr: 0.0005153664978422616
2026-08-29 21:04:00 - train: epoch 149, iter:20, loss: 0.4563, lr: 0.0005153664978422616
2026-08-29 21:04:20 - val epoch: 149, loss: 0.8623
2026-08-29 21:04:20 - train gamma: g2=0.100 g3=0.108 g4=0.093 g5=0.093
2026-08-29 21:04:22 - train: epoch 150, iter:0, loss: 0.4746, lr: 0.0005101835331375416
2026-08-29 21:04:28 - train: epoch 150, iter:20, loss: 0.4431, lr: 0.0005101835331375416
2026-08-29 21:04:52 - val epoch: 150, loss: 0.9592, miou: 0.7719014819187099, f1_or_dsc: 0.8712690742634897, accuracy: 0.9398446413550047,                 specificity: 0.9731556134503186, sensitivity: 0.8363072963292629, confusion_matrix: [[38988017  1075480]
 [ 2109932 10779659]]
2026-08-29 21:04:52 - train gamma: g2=0.100 g3=0.108 g4=0.093 g5=0.093
2026-08-29 21:04:53 - train: epoch 151, iter:0, loss: 0.3776, lr: 0.0005049999999999999
2026-08-29 21:04:59 - train: epoch 151, iter:20, loss: 0.4482, lr: 0.0005049999999999999
2026-08-29 21:05:19 - val epoch: 151, loss: 0.8788
2026-08-29 21:05:19 - train gamma: g2=0.100 g3=0.108 g4=0.093 g5=0.093
2026-08-29 21:05:21 - train: epoch 152, iter:0, loss: 0.5432, lr: 0.0004998164668624582
2026-08-29 21:05:26 - train: epoch 152, iter:20, loss: 0.4553, lr: 0.0004998164668624582
2026-08-29 21:05:47 - val epoch: 152, loss: 0.9188
2026-08-29 21:05:47 - train gamma: g2=0.100 g3=0.108 g4=0.093 g5=0.094
2026-08-29 21:05:49 - train: epoch 153, iter:0, loss: 0.4625, lr: 0.0004946335021577383
2026-08-29 21:05:54 - train: epoch 153, iter:20, loss: 0.4479, lr: 0.0004946335021577383
2026-08-29 21:06:14 - val epoch: 153, loss: 0.8983
2026-08-29 21:06:14 - train gamma: g2=0.100 g3=0.108 g4=0.093 g5=0.094
2026-08-29 21:06:17 - train: epoch 154, iter:0, loss: 0.4218, lr: 0.0004894516742563263
2026-08-29 21:06:22 - train: epoch 154, iter:20, loss: 0.4396, lr: 0.0004894516742563263
2026-08-29 21:06:42 - val epoch: 154, loss: 0.9030
2026-08-29 21:06:42 - train gamma: g2=0.100 g3=0.108 g4=0.093 g5=0.094
2026-08-29 21:06:44 - train: epoch 155, iter:0, loss: 0.4794, lr: 0.000484271551404046
2026-08-29 21:06:49 - train: epoch 155, iter:20, loss: 0.4590, lr: 0.000484271551404046
2026-08-29 21:07:10 - val epoch: 155, loss: 0.9685
2026-08-29 21:07:10 - train gamma: g2=0.100 g3=0.108 g4=0.093 g5=0.094
2026-08-29 21:07:12 - train: epoch 156, iter:0, loss: 0.3931, lr: 0.0004790937016597426
2026-08-29 21:07:17 - train: epoch 156, iter:20, loss: 0.4426, lr: 0.0004790937016597426
2026-08-29 21:07:38 - val epoch: 156, loss: 0.9127
2026-08-29 21:07:38 - train gamma: g2=0.100 g3=0.108 g4=0.093 g5=0.094
2026-08-29 21:07:40 - train: epoch 157, iter:0, loss: 0.4080, lr: 0.0004739186928329898
2026-08-29 21:07:45 - train: epoch 157, iter:20, loss: 0.4445, lr: 0.0004739186928329898
2026-08-29 21:08:06 - val epoch: 157, loss: 0.8439
2026-08-29 21:08:06 - train gamma: g2=0.100 g3=0.108 g4=0.093 g5=0.094
2026-08-29 21:08:08 - train: epoch 158, iter:0, loss: 0.4613, lr: 0.0004687470924218222
2026-08-29 21:08:13 - train: epoch 158, iter:20, loss: 0.4371, lr: 0.0004687470924218222
2026-08-29 21:08:34 - val epoch: 158, loss: 0.9413
2026-08-29 21:08:34 - train gamma: g2=0.100 g3=0.108 g4=0.093 g5=0.094
2026-08-29 21:08:36 - train: epoch 159, iter:0, loss: 0.4096, lr: 0.00046357946755050356
2026-08-29 21:08:42 - train: epoch 159, iter:20, loss: 0.4380, lr: 0.00046357946755050356
2026-08-29 21:09:02 - val epoch: 159, loss: 0.9037
2026-08-29 21:09:02 - train gamma: g2=0.100 g3=0.109 g4=0.093 g5=0.095
2026-08-29 21:09:04 - train: epoch 160, iter:0, loss: 0.4290, lr: 0.00045841638490733513
2026-08-29 21:09:10 - train: epoch 160, iter:20, loss: 0.4428, lr: 0.00045841638490733513
2026-08-29 21:09:30 - val epoch: 160, loss: 0.8998
2026-08-29 21:09:30 - train gamma: g2=0.100 g3=0.108 g4=0.093 g5=0.095
2026-08-29 21:09:32 - train: epoch 161, iter:0, loss: 0.4303, lr: 0.00045325841068251133
2026-08-29 21:09:38 - train: epoch 161, iter:20, loss: 0.4498, lr: 0.00045325841068251133
2026-08-29 21:09:58 - val epoch: 161, loss: 0.8787
2026-08-29 21:09:58 - train gamma: g2=0.100 g3=0.108 g4=0.093 g5=0.095
2026-08-29 21:10:00 - train: epoch 162, iter:0, loss: 0.3936, lr: 0.0004481061105060308
2026-08-29 21:10:06 - train: epoch 162, iter:20, loss: 0.4207, lr: 0.0004481061105060308
2026-08-29 21:10:26 - val epoch: 162, loss: 0.8692
2026-08-29 21:10:26 - train gamma: g2=0.100 g3=0.108 g4=0.093 g5=0.095
2026-08-29 21:10:29 - train: epoch 163, iter:0, loss: 0.3815, lr: 0.0004429600493856691
2026-08-29 21:10:34 - train: epoch 163, iter:20, loss: 0.4417, lr: 0.0004429600493856691
2026-08-29 21:10:55 - val epoch: 163, loss: 0.8826
2026-08-29 21:10:55 - train gamma: g2=0.100 g3=0.108 g4=0.093 g5=0.095
2026-08-29 21:10:57 - train: epoch 164, iter:0, loss: 0.4990, lr: 0.000437820791645019
2026-08-29 21:11:03 - train: epoch 164, iter:20, loss: 0.4371, lr: 0.000437820791645019
2026-08-29 21:11:23 - val epoch: 164, loss: 0.8978
2026-08-29 21:11:23 - train gamma: g2=0.100 g3=0.108 g4=0.094 g5=0.095
2026-08-29 21:11:25 - train: epoch 165, iter:0, loss: 0.4625, lr: 0.00043268890086160604
2026-08-29 21:11:30 - train: epoch 165, iter:20, loss: 0.4294, lr: 0.00043268890086160604
2026-08-29 21:11:51 - val epoch: 165, loss: 0.8928
2026-08-29 21:11:51 - train gamma: g2=0.100 g3=0.108 g4=0.094 g5=0.095
2026-08-29 21:11:53 - train: epoch 166, iter:0, loss: 0.4479, lr: 0.0004275649398050855
2026-08-29 21:11:58 - train: epoch 166, iter:20, loss: 0.4333, lr: 0.0004275649398050855
2026-08-29 21:12:18 - val epoch: 166, loss: 0.8579
2026-08-29 21:12:18 - train gamma: g2=0.100 g3=0.109 g4=0.094 g5=0.095
2026-08-29 21:12:21 - train: epoch 167, iter:0, loss: 0.4042, lr: 0.0004224494703755289
2026-08-29 21:12:26 - train: epoch 167, iter:20, loss: 0.4276, lr: 0.0004224494703755289
2026-08-29 21:12:46 - val epoch: 167, loss: 0.8863
2026-08-29 21:12:46 - train gamma: g2=0.100 g3=0.109 g4=0.094 g5=0.095
2026-08-29 21:12:49 - train: epoch 168, iter:0, loss: 0.4271, lr: 0.00041734305354180595
2026-08-29 21:12:54 - train: epoch 168, iter:20, loss: 0.4349, lr: 0.00041734305354180595
2026-08-29 21:13:15 - val epoch: 168, loss: 0.8886
2026-08-29 21:13:15 - train gamma: g2=0.100 g3=0.109 g4=0.094 g5=0.096
2026-08-29 21:13:17 - train: epoch 169, iter:0, loss: 0.4157, lr: 0.000412246249280066
2026-08-29 21:13:22 - train: epoch 169, iter:20, loss: 0.4247, lr: 0.000412246249280066
2026-08-29 21:13:42 - val epoch: 169, loss: 0.8922
2026-08-29 21:13:42 - train gamma: g2=0.100 g3=0.109 g4=0.094 g5=0.096
2026-08-29 21:13:45 - train: epoch 170, iter:0, loss: 0.4844, lr: 0.0004071596165123322
2026-08-29 21:13:50 - train: epoch 170, iter:20, loss: 0.4240, lr: 0.0004071596165123322
2026-08-29 21:14:10 - val epoch: 170, loss: 0.9447
2026-08-29 21:14:10 - train gamma: g2=0.100 g3=0.109 g4=0.094 g5=0.096
2026-08-29 21:14:12 - train: epoch 171, iter:0, loss: 0.4771, lr: 0.0004020837130452088
2026-08-29 21:14:18 - train: epoch 171, iter:20, loss: 0.4296, lr: 0.0004020837130452088
2026-08-29 21:14:38 - val epoch: 171, loss: 0.8949
2026-08-29 21:14:38 - train gamma: g2=0.100 g3=0.109 g4=0.094 g5=0.096
2026-08-29 21:14:40 - train: epoch 172, iter:0, loss: 0.4309, lr: 0.00039701909550871116
2026-08-29 21:14:46 - train: epoch 172, iter:20, loss: 0.4210, lr: 0.00039701909550871116
2026-08-29 21:15:06 - val epoch: 172, loss: 0.8947
2026-08-29 21:15:06 - train gamma: g2=0.100 g3=0.109 g4=0.094 g5=0.096
2026-08-29 21:15:08 - train: epoch 173, iter:0, loss: 0.4310, lr: 0.0003919663192952252
2026-08-29 21:15:14 - train: epoch 173, iter:20, loss: 0.4112, lr: 0.0003919663192952252
2026-08-29 21:15:34 - val epoch: 173, loss: 0.9110
2026-08-29 21:15:34 - train gamma: g2=0.100 g3=0.109 g4=0.094 g5=0.096
2026-08-29 21:15:36 - train: epoch 174, iter:0, loss: 0.4429, lr: 0.0003869259384986023
2026-08-29 21:15:42 - train: epoch 174, iter:20, loss: 0.4231, lr: 0.0003869259384986023
2026-08-29 21:16:02 - val epoch: 174, loss: 0.9173
2026-08-29 21:16:02 - train gamma: g2=0.100 g3=0.109 g4=0.094 g5=0.096
2026-08-29 21:16:04 - train: epoch 175, iter:0, loss: 0.5051, lr: 0.0003818985058533967
2026-08-29 21:16:10 - train: epoch 175, iter:20, loss: 0.4291, lr: 0.0003818985058533967
2026-08-29 21:16:30 - val epoch: 175, loss: 0.8857
2026-08-29 21:16:30 - train gamma: g2=0.100 g3=0.109 g4=0.094 g5=0.096
2026-08-29 21:16:32 - train: epoch 176, iter:0, loss: 0.4719, lr: 0.00037688457267425206
2026-08-29 21:16:38 - train: epoch 176, iter:20, loss: 0.4163, lr: 0.00037688457267425206
2026-08-29 21:16:58 - val epoch: 176, loss: 0.9112
2026-08-29 21:16:58 - train gamma: g2=0.100 g3=0.109 g4=0.094 g5=0.097
2026-08-29 21:17:00 - train: epoch 177, iter:0, loss: 0.4138, lr: 0.0003718846887954434
2026-08-29 21:17:05 - train: epoch 177, iter:20, loss: 0.4188, lr: 0.0003718846887954434
2026-08-29 21:17:26 - val epoch: 177, loss: 0.8871
2026-08-29 21:17:26 - train gamma: g2=0.100 g3=0.109 g4=0.094 g5=0.097
2026-08-29 21:17:28 - train: epoch 178, iter:0, loss: 0.3064, lr: 0.0003668994025105812
2026-08-29 21:17:33 - train: epoch 178, iter:20, loss: 0.4147, lr: 0.0003668994025105812
2026-08-29 21:17:54 - val epoch: 178, loss: 0.9201
2026-08-29 21:17:54 - train gamma: g2=0.100 g3=0.109 g4=0.094 g5=0.097
2026-08-29 21:17:56 - train: epoch 179, iter:0, loss: 0.3697, lr: 0.0003619292605124862
2026-08-29 21:18:02 - train: epoch 179, iter:20, loss: 0.4041, lr: 0.0003619292605124862
2026-08-29 21:18:22 - val epoch: 179, loss: 0.9010
2026-08-29 21:18:22 - train gamma: g2=0.100 g3=0.109 g4=0.094 g5=0.097
2026-08-29 21:18:24 - train: epoch 180, iter:0, loss: 0.4142, lr: 0.00035697480783323686
2026-08-29 21:18:30 - train: epoch 180, iter:20, loss: 0.4126, lr: 0.00035697480783323686
2026-08-29 21:18:54 - val epoch: 180, loss: 0.9319, miou: 0.7809074755146969, f1_or_dsc: 0.8769770313744213, accuracy: 0.9416399851883992,                 specificity: 0.9696580405849244, sensitivity: 0.854554112694499, confusion_matrix: [[38847892  1215605]
 [ 1874738 11014853]]
2026-08-29 21:18:54 - train gamma: g2=0.100 g3=0.109 g4=0.094 g5=0.097
2026-08-29 21:18:56 - train: epoch 181, iter:0, loss: 0.4031, lr: 0.00035203658778440076
2026-08-29 21:19:02 - train: epoch 181, iter:20, loss: 0.4142, lr: 0.00035203658778440076
2026-08-29 21:19:22 - val epoch: 181, loss: 0.9072
2026-08-29 21:19:22 - train gamma: g2=0.100 g3=0.109 g4=0.094 g5=0.097
2026-08-29 21:19:24 - train: epoch 182, iter:0, loss: 0.3725, lr: 0.00034711514189745505
2026-08-29 21:19:30 - train: epoch 182, iter:20, loss: 0.4013, lr: 0.00034711514189745505
2026-08-29 21:19:50 - val epoch: 182, loss: 0.9088
2026-08-29 21:19:50 - train gamma: g2=0.100 g3=0.109 g4=0.094 g5=0.097
2026-08-29 21:19:53 - train: epoch 183, iter:0, loss: 0.3828, lr: 0.00034221100986440094
2026-08-29 21:19:58 - train: epoch 183, iter:20, loss: 0.4123, lr: 0.00034221100986440094
2026-08-29 21:20:18 - val epoch: 183, loss: 0.9062
2026-08-29 21:20:18 - train gamma: g2=0.100 g3=0.109 g4=0.094 g5=0.097
2026-08-29 21:20:21 - train: epoch 184, iter:0, loss: 0.4012, lr: 0.0003373247294785804
2026-08-29 21:20:26 - train: epoch 184, iter:20, loss: 0.4108, lr: 0.0003373247294785804
2026-08-29 21:20:47 - val epoch: 184, loss: 0.9029
2026-08-29 21:20:47 - train gamma: g2=0.100 g3=0.109 g4=0.094 g5=0.098
2026-08-29 21:20:50 - train: epoch 185, iter:0, loss: 0.4900, lr: 0.0003324568365757012
2026-08-29 21:20:55 - train: epoch 185, iter:20, loss: 0.4067, lr: 0.0003324568365757012
2026-08-29 21:21:16 - val epoch: 185, loss: 0.9309
2026-08-29 21:21:16 - train gamma: g2=0.100 g3=0.109 g4=0.094 g5=0.098
2026-08-29 21:21:18 - train: epoch 186, iter:0, loss: 0.3895, lr: 0.0003276078649750761
2026-08-29 21:21:24 - train: epoch 186, iter:20, loss: 0.4075, lr: 0.0003276078649750761
2026-08-29 21:21:44 - val epoch: 186, loss: 0.9133
2026-08-29 21:21:44 - train gamma: g2=0.100 g3=0.109 g4=0.094 g5=0.098
2026-08-29 21:21:47 - train: epoch 187, iter:0, loss: 0.4064, lr: 0.00032277834642108417
2026-08-29 21:21:52 - train: epoch 187, iter:20, loss: 0.4026, lr: 0.00032277834642108417
2026-08-29 21:22:13 - val epoch: 187, loss: 0.9243
2026-08-29 21:22:13 - train gamma: g2=0.100 g3=0.109 g4=0.095 g5=0.098
2026-08-29 21:22:15 - train: epoch 188, iter:0, loss: 0.3901, lr: 0.00031796881052485835
2026-08-29 21:22:21 - train: epoch 188, iter:20, loss: 0.4035, lr: 0.00031796881052485835
2026-08-29 21:22:41 - val epoch: 188, loss: 0.9128
2026-08-29 21:22:41 - train gamma: g2=0.100 g3=0.109 g4=0.095 g5=0.098
2026-08-29 21:22:43 - train: epoch 189, iter:0, loss: 0.5106, lr: 0.00031317978470620867
2026-08-29 21:22:49 - train: epoch 189, iter:20, loss: 0.4000, lr: 0.00031317978470620867
2026-08-29 21:23:09 - val epoch: 189, loss: 0.9026
2026-08-29 21:23:09 - train gamma: g2=0.101 g3=0.109 g4=0.095 g5=0.098
2026-08-29 21:23:11 - train: epoch 190, iter:0, loss: 0.3585, lr: 0.00030841179413578315
2026-08-29 21:23:17 - train: epoch 190, iter:20, loss: 0.3955, lr: 0.00030841179413578315
2026-08-29 21:23:37 - val epoch: 190, loss: 0.9029
2026-08-29 21:23:37 - train gamma: g2=0.100 g3=0.109 g4=0.095 g5=0.098
2026-08-29 21:23:39 - train: epoch 191, iter:0, loss: 0.4047, lr: 0.0003036653616774785
2026-08-29 21:23:45 - train: epoch 191, iter:20, loss: 0.3949, lr: 0.0003036653616774785
2026-08-29 21:24:05 - val epoch: 191, loss: 0.8915
2026-08-29 21:24:05 - train gamma: g2=0.101 g3=0.109 g4=0.095 g5=0.099
2026-08-29 21:24:07 - train: epoch 192, iter:0, loss: 0.3986, lr: 0.0002989410078311011
2026-08-29 21:24:13 - train: epoch 192, iter:20, loss: 0.4066, lr: 0.0002989410078311011
2026-08-29 21:24:33 - val epoch: 192, loss: 0.9208
2026-08-29 21:24:33 - train gamma: g2=0.100 g3=0.109 g4=0.095 g5=0.099
2026-08-29 21:24:36 - train: epoch 193, iter:0, loss: 0.3796, lr: 0.00029423925067528865
2026-08-29 21:24:41 - train: epoch 193, iter:20, loss: 0.4058, lr: 0.00029423925067528865
2026-08-29 21:25:01 - val epoch: 193, loss: 0.8977
2026-08-29 21:25:01 - train gamma: g2=0.101 g3=0.110 g4=0.095 g5=0.099
2026-08-29 21:25:03 - train: epoch 194, iter:0, loss: 0.4197, lr: 0.0002895606058106975
2026-08-29 21:25:09 - train: epoch 194, iter:20, loss: 0.3940, lr: 0.0002895606058106975
2026-08-29 21:25:29 - val epoch: 194, loss: 0.9200
2026-08-29 21:25:29 - train gamma: g2=0.101 g3=0.109 g4=0.095 g5=0.099
2026-08-29 21:25:31 - train: epoch 195, iter:0, loss: 0.4380, lr: 0.0002849055863034606
2026-08-29 21:25:37 - train: epoch 195, iter:20, loss: 0.4051, lr: 0.0002849055863034606
2026-08-29 21:25:57 - val epoch: 195, loss: 0.9030
2026-08-29 21:25:57 - train gamma: g2=0.101 g3=0.109 g4=0.095 g5=0.099
2026-08-29 21:25:59 - train: epoch 196, iter:0, loss: 0.3954, lr: 0.00028027470262892396
2026-08-29 21:26:05 - train: epoch 196, iter:20, loss: 0.3836, lr: 0.00028027470262892396
2026-08-29 21:26:25 - val epoch: 196, loss: 0.9182
2026-08-29 21:26:25 - train gamma: g2=0.101 g3=0.110 g4=0.095 g5=0.099
2026-08-29 21:26:27 - train: epoch 197, iter:0, loss: 0.3869, lr: 0.0002756684626156682
2026-08-29 21:26:33 - train: epoch 197, iter:20, loss: 0.3970, lr: 0.0002756684626156682
2026-08-29 21:26:53 - val epoch: 197, loss: 0.9327
2026-08-29 21:26:53 - train gamma: g2=0.101 g3=0.109 g4=0.095 g5=0.100
2026-08-29 21:26:55 - train: epoch 198, iter:0, loss: 0.3570, lr: 0.000271087371389818
2026-08-29 21:27:00 - train: epoch 198, iter:20, loss: 0.3883, lr: 0.000271087371389818
2026-08-29 21:27:21 - val epoch: 198, loss: 0.9187
2026-08-29 21:27:21 - train gamma: g2=0.101 g3=0.110 g4=0.095 g5=0.100
2026-08-29 21:27:23 - train: epoch 199, iter:0, loss: 0.3457, lr: 0.0002665319313196505
2026-08-29 21:27:29 - train: epoch 199, iter:20, loss: 0.3890, lr: 0.0002665319313196505
2026-08-29 21:27:49 - val epoch: 199, loss: 0.9273
2026-08-29 21:27:49 - train gamma: g2=0.101 g3=0.109 g4=0.095 g5=0.100
2026-08-29 21:27:51 - train: epoch 200, iter:0, loss: 0.3703, lr: 0.00026200264196050494
2026-08-29 21:27:57 - train: epoch 200, iter:20, loss: 0.4033, lr: 0.00026200264196050494
2026-08-29 21:28:17 - val epoch: 200, loss: 0.9109
2026-08-29 21:28:17 - train gamma: g2=0.101 g3=0.110 g4=0.095 g5=0.100
2026-08-29 21:28:19 - train: epoch 201, iter:0, loss: 0.4021, lr: 0.00025749999999999954
2026-08-29 21:28:25 - train: epoch 201, iter:20, loss: 0.3997, lr: 0.00025749999999999954
2026-08-29 21:28:45 - val epoch: 201, loss: 0.9115
2026-08-29 21:28:45 - train gamma: g2=0.101 g3=0.110 g4=0.095 g5=0.100
2026-08-29 21:28:46 - train: epoch 202, iter:0, loss: 0.4296, lr: 0.0002530244992035658
2026-08-29 21:28:52 - train: epoch 202, iter:20, loss: 0.3910, lr: 0.0002530244992035658
2026-08-29 21:29:12 - val epoch: 202, loss: 0.9420
2026-08-29 21:29:12 - train gamma: g2=0.101 g3=0.110 g4=0.095 g5=0.100
2026-08-29 21:29:14 - train: epoch 203, iter:0, loss: 0.3725, lr: 0.0002485766303603003
2026-08-29 21:29:20 - train: epoch 203, iter:20, loss: 0.3944, lr: 0.0002485766303603003
2026-08-29 21:29:40 - val epoch: 203, loss: 0.9251
2026-08-29 21:29:40 - train gamma: g2=0.101 g3=0.110 g4=0.095 g5=0.100
2026-08-29 21:29:42 - train: epoch 204, iter:0, loss: 0.3783, lr: 0.0002441568812291443
2026-08-29 21:29:47 - train: epoch 204, iter:20, loss: 0.3804, lr: 0.0002441568812291443
2026-08-29 21:30:08 - val epoch: 204, loss: 0.9301
2026-08-29 21:30:08 - train gamma: g2=0.101 g3=0.110 g4=0.095 g5=0.100
2026-08-29 21:30:10 - train: epoch 205, iter:0, loss: 0.4369, lr: 0.00023976573648539645
2026-08-29 21:30:16 - train: epoch 205, iter:20, loss: 0.3941, lr: 0.00023976573648539645
2026-08-29 21:30:36 - val epoch: 205, loss: 0.9235
2026-08-29 21:30:36 - train gamma: g2=0.101 g3=0.110 g4=0.095 g5=0.101
2026-08-29 21:30:38 - train: epoch 206, iter:0, loss: 0.3852, lr: 0.00023540367766756144
2026-08-29 21:30:44 - train: epoch 206, iter:20, loss: 0.3808, lr: 0.00023540367766756144
2026-08-29 21:31:05 - val epoch: 206, loss: 0.9279
2026-08-29 21:31:05 - train gamma: g2=0.101 g3=0.110 g4=0.095 g5=0.101
2026-08-29 21:31:08 - train: epoch 207, iter:0, loss: 0.3662, lr: 0.0002310711831245444
2026-08-29 21:31:13 - train: epoch 207, iter:20, loss: 0.3908, lr: 0.0002310711831245444
2026-08-29 21:31:34 - val epoch: 207, loss: 0.9121
2026-08-29 21:31:34 - train gamma: g2=0.101 g3=0.110 g4=0.095 g5=0.101
2026-08-29 21:31:36 - train: epoch 208, iter:0, loss: 0.3628, lr: 0.00022676872796319514
2026-08-29 21:31:41 - train: epoch 208, iter:20, loss: 0.3934, lr: 0.00022676872796319514
2026-08-29 21:32:02 - val epoch: 208, loss: 0.9144
2026-08-29 21:32:02 - train gamma: g2=0.101 g3=0.110 g4=0.095 g5=0.101
2026-08-29 21:32:04 - train: epoch 209, iter:0, loss: 0.4069, lr: 0.00022249678399620604
2026-08-29 21:32:09 - train: epoch 209, iter:20, loss: 0.3844, lr: 0.00022249678399620604
2026-08-29 21:32:30 - val epoch: 209, loss: 0.9146
2026-08-29 21:32:30 - train gamma: g2=0.101 g3=0.110 g4=0.095 g5=0.101
2026-08-29 21:32:32 - train: epoch 210, iter:0, loss: 0.3604, lr: 0.0002182558196903736
2026-08-29 21:32:38 - train: epoch 210, iter:20, loss: 0.3851, lr: 0.0002182558196903736
2026-08-29 21:33:07 - val epoch: 210, loss: 0.9336, miou: 0.7831174043671296, f1_or_dsc: 0.8783688639336414, accuracy: 0.9422521119070525,                 specificity: 0.9698010385863222, sensitivity: 0.8566243878490791, confusion_matrix: [[38853621  1209876]
 [ 1848053 11041538]]
2026-08-29 21:33:07 - train gamma: g2=0.101 g3=0.110 g4=0.095 g5=0.101
2026-08-29 21:33:09 - train: epoch 211, iter:0, loss: 0.4776, lr: 0.00021404630011522552
2026-08-29 21:33:15 - train: epoch 211, iter:20, loss: 0.3873, lr: 0.00021404630011522552
2026-08-29 21:33:36 - val epoch: 211, loss: 0.9105
2026-08-29 21:33:36 - train gamma: g2=0.101 g3=0.110 g4=0.096 g5=0.101
2026-08-29 21:33:38 - train: epoch 212, iter:0, loss: 0.3731, lr: 0.0002098686868920198
2026-08-29 21:33:44 - train: epoch 212, iter:20, loss: 0.3783, lr: 0.0002098686868920198
2026-08-29 21:34:08 - val epoch: 212, loss: 0.9286
2026-08-29 21:34:08 - train gamma: g2=0.101 g3=0.110 g4=0.096 g5=0.101
2026-08-29 21:34:10 - train: epoch 213, iter:0, loss: 0.3673, lr: 0.00020572343814312415
2026-08-29 21:34:16 - train: epoch 213, iter:20, loss: 0.3816, lr: 0.00020572343814312415
2026-08-29 21:34:43 - val epoch: 213, loss: 0.9343
2026-08-29 21:34:43 - train gamma: g2=0.101 g3=0.110 g4=0.096 g5=0.101
2026-08-29 21:34:44 - train: epoch 214, iter:0, loss: 0.3882, lr: 0.00020161100844177644
2026-08-29 21:34:50 - train: epoch 214, iter:20, loss: 0.3767, lr: 0.00020161100844177644
2026-08-29 21:35:15 - val epoch: 214, loss: 0.9318
2026-08-29 21:35:15 - train gamma: g2=0.101 g3=0.110 g4=0.096 g5=0.102
2026-08-29 21:35:17 - train: epoch 215, iter:0, loss: 0.3464, lr: 0.0001975318487622361
2026-08-29 21:35:23 - train: epoch 215, iter:20, loss: 0.3808, lr: 0.0001975318487622361
2026-08-29 21:35:43 - val epoch: 215, loss: 0.9218
2026-08-29 21:35:43 - train gamma: g2=0.101 g3=0.110 g4=0.096 g5=0.102
2026-08-29 21:35:46 - train: epoch 216, iter:0, loss: 0.3452, lr: 0.00019348640643033024
2026-08-29 21:35:51 - train: epoch 216, iter:20, loss: 0.3809, lr: 0.00019348640643033024
2026-08-29 21:36:16 - val epoch: 216, loss: 0.9143
2026-08-29 21:36:16 - train gamma: g2=0.101 g3=0.110 g4=0.096 g5=0.102
2026-08-29 21:36:18 - train: epoch 217, iter:0, loss: 0.3636, lr: 0.00018947512507439828
2026-08-29 21:36:23 - train: epoch 217, iter:20, loss: 0.3666, lr: 0.00018947512507439828
2026-08-29 21:36:48 - val epoch: 217, loss: 0.9451
2026-08-29 21:36:48 - train gamma: g2=0.101 g3=0.110 g4=0.096 g5=0.102
2026-08-29 21:36:50 - train: epoch 218, iter:0, loss: 0.3684, lr: 0.00018549844457664425
2026-08-29 21:36:56 - train: epoch 218, iter:20, loss: 0.3707, lr: 0.00018549844457664425
2026-08-29 21:37:19 - val epoch: 218, loss: 0.9192
2026-08-29 21:37:19 - train gamma: g2=0.101 g3=0.110 g4=0.096 g5=0.102
2026-08-29 21:37:22 - train: epoch 219, iter:0, loss: 0.3256, lr: 0.00018155680102489765
2026-08-29 21:37:27 - train: epoch 219, iter:20, loss: 0.3644, lr: 0.00018155680102489765
2026-08-29 21:37:57 - val epoch: 219, loss: 0.9462
2026-08-29 21:37:57 - train gamma: g2=0.101 g3=0.110 g4=0.096 g5=0.102
2026-08-29 21:38:00 - train: epoch 220, iter:0, loss: 0.3655, lr: 0.00017765062666479195
2026-08-29 21:38:05 - train: epoch 220, iter:20, loss: 0.3862, lr: 0.00017765062666479195
2026-08-29 21:38:28 - val epoch: 220, loss: 0.9321
2026-08-29 21:38:28 - train gamma: g2=0.101 g3=0.110 g4=0.096 g5=0.102
2026-08-29 21:38:31 - train: epoch 221, iter:0, loss: 0.3498, lr: 0.00017378034985236489
2026-08-29 21:38:36 - train: epoch 221, iter:20, loss: 0.3779, lr: 0.00017378034985236489
2026-08-29 21:38:57 - val epoch: 221, loss: 0.9210
2026-08-29 21:38:57 - train gamma: g2=0.101 g3=0.110 g4=0.096 g5=0.102
2026-08-29 21:38:59 - train: epoch 222, iter:0, loss: 0.3539, lr: 0.0001699463950070827
2026-08-29 21:39:05 - train: epoch 222, iter:20, loss: 0.3797, lr: 0.0001699463950070827
2026-08-29 21:39:25 - val epoch: 222, loss: 0.9239
2026-08-29 21:39:25 - train gamma: g2=0.101 g3=0.110 g4=0.096 g5=0.102
2026-08-29 21:39:28 - train: epoch 223, iter:0, loss: 0.3716, lr: 0.0001661491825652988
2026-08-29 21:39:33 - train: epoch 223, iter:20, loss: 0.3785, lr: 0.0001661491825652988
2026-08-29 21:39:53 - val epoch: 223, loss: 0.9365
2026-08-29 21:39:53 - train gamma: g2=0.101 g3=0.110 g4=0.096 g5=0.102
2026-08-29 21:39:55 - train: epoch 224, iter:0, loss: 0.3292, lr: 0.0001623891289341484
2026-08-29 21:40:01 - train: epoch 224, iter:20, loss: 0.3651, lr: 0.0001623891289341484
2026-08-29 21:40:21 - val epoch: 224, loss: 0.9668
2026-08-29 21:40:21 - train gamma: g2=0.101 g3=0.110 g4=0.096 g5=0.102
2026-08-29 21:40:24 - train: epoch 225, iter:0, loss: 0.3929, lr: 0.0001586666464458838
2026-08-29 21:40:29 - train: epoch 225, iter:20, loss: 0.3737, lr: 0.0001586666464458838
2026-08-29 21:40:49 - val epoch: 225, loss: 0.9364
2026-08-29 21:40:49 - train gamma: g2=0.101 g3=0.110 g4=0.096 g5=0.103
2026-08-29 21:40:51 - train: epoch 226, iter:0, loss: 0.3311, lr: 0.00015498214331265874
2026-08-29 21:40:57 - train: epoch 226, iter:20, loss: 0.3665, lr: 0.00015498214331265874
2026-08-29 21:41:18 - val epoch: 226, loss: 0.9432
2026-08-29 21:41:18 - train gamma: g2=0.101 g3=0.110 g4=0.096 g5=0.103
2026-08-29 21:41:20 - train: epoch 227, iter:0, loss: 0.2951, lr: 0.00015133602358176218
2026-08-29 21:41:25 - train: epoch 227, iter:20, loss: 0.3632, lr: 0.00015133602358176218
2026-08-29 21:41:46 - val epoch: 227, loss: 0.9201
2026-08-29 21:41:46 - train gamma: g2=0.101 g3=0.110 g4=0.096 g5=0.103
2026-08-29 21:41:48 - train: epoch 228, iter:0, loss: 0.3612, lr: 0.00014772868709131046
2026-08-29 21:41:53 - train: epoch 228, iter:20, loss: 0.3688, lr: 0.00014772868709131046
2026-08-29 21:42:14 - val epoch: 228, loss: 0.9489
2026-08-29 21:42:14 - train gamma: g2=0.101 g3=0.110 g4=0.096 g5=0.103
2026-08-29 21:42:16 - train: epoch 229, iter:0, loss: 0.3234, lr: 0.00014416052942640113
2026-08-29 21:42:21 - train: epoch 229, iter:20, loss: 0.3719, lr: 0.00014416052942640113
2026-08-29 21:42:42 - val epoch: 229, loss: 0.9524
2026-08-29 21:42:42 - train gamma: g2=0.101 g3=0.110 g4=0.096 g5=0.103
2026-08-29 21:42:44 - train: epoch 230, iter:0, loss: 0.3508, lr: 0.0001406319418757314
2026-08-29 21:42:50 - train: epoch 230, iter:20, loss: 0.3736, lr: 0.0001406319418757314
2026-08-29 21:43:10 - val epoch: 230, loss: 0.9530
2026-08-29 21:43:10 - train gamma: g2=0.101 g3=0.110 g4=0.097 g5=0.103
2026-08-29 21:43:13 - train: epoch 231, iter:0, loss: 0.3857, lr: 0.00013714331138868954
2026-08-29 21:43:18 - train: epoch 231, iter:20, loss: 0.3690, lr: 0.00013714331138868954
2026-08-29 21:43:38 - val epoch: 231, loss: 0.9384
2026-08-29 21:43:38 - train gamma: g2=0.101 g3=0.110 g4=0.097 g5=0.103
2026-08-29 21:43:41 - train: epoch 232, iter:0, loss: 0.3950, lr: 0.00013369502053292226
2026-08-29 21:43:46 - train: epoch 232, iter:20, loss: 0.3741, lr: 0.00013369502053292226
2026-08-29 21:44:07 - val epoch: 232, loss: 0.9574
2026-08-29 21:44:07 - train gamma: g2=0.101 g3=0.110 g4=0.097 g5=0.103
2026-08-29 21:44:09 - train: epoch 233, iter:0, loss: 0.4355, lr: 0.0001302874474523804
2026-08-29 21:44:15 - train: epoch 233, iter:20, loss: 0.3645, lr: 0.0001302874474523804
2026-08-29 21:44:35 - val epoch: 233, loss: 0.9453
2026-08-29 21:44:35 - train gamma: g2=0.101 g3=0.110 g4=0.097 g5=0.103
2026-08-29 21:44:38 - train: epoch 234, iter:0, loss: 0.3364, lr: 0.00012692096582585187
2026-08-29 21:44:43 - train: epoch 234, iter:20, loss: 0.3638, lr: 0.00012692096582585187
2026-08-29 21:45:03 - val epoch: 234, loss: 0.9679
2026-08-29 21:45:03 - train gamma: g2=0.101 g3=0.110 g4=0.097 g5=0.103
2026-08-29 21:45:06 - train: epoch 235, iter:0, loss: 0.4108, lr: 0.00012359594482598416
2026-08-29 21:45:11 - train: epoch 235, iter:20, loss: 0.3630, lr: 0.00012359594482598416
2026-08-29 21:45:31 - val epoch: 235, loss: 0.9498
2026-08-29 21:45:31 - train gamma: g2=0.101 g3=0.110 g4=0.097 g5=0.103
2026-08-29 21:45:33 - train: epoch 236, iter:0, loss: 0.3401, lr: 0.00012031274907879919
2026-08-29 21:45:39 - train: epoch 236, iter:20, loss: 0.3705, lr: 0.00012031274907879919
2026-08-29 21:46:00 - val epoch: 236, loss: 0.9268
2026-08-29 21:46:00 - train gamma: g2=0.101 g3=0.110 g4=0.097 g5=0.104
2026-08-29 21:46:02 - train: epoch 237, iter:0, loss: 0.3452, lr: 0.00011707173862370913
2026-08-29 21:46:07 - train: epoch 237, iter:20, loss: 0.3582, lr: 0.00011707173862370913
2026-08-29 21:46:28 - val epoch: 237, loss: 0.9194
2026-08-29 21:46:28 - train gamma: g2=0.101 g3=0.110 g4=0.097 g5=0.104
2026-08-29 21:46:31 - train: epoch 238, iter:0, loss: 0.3715, lr: 0.00011387326887403316
2026-08-29 21:46:36 - train: epoch 238, iter:20, loss: 0.3646, lr: 0.00011387326887403316
2026-08-29 21:46:57 - val epoch: 238, loss: 0.9522
2026-08-29 21:46:57 - train gamma: g2=0.101 g3=0.110 g4=0.097 g5=0.104
2026-08-29 21:46:59 - train: epoch 239, iter:0, loss: 0.4243, lr: 0.00011071769057802265
2026-08-29 21:47:05 - train: epoch 239, iter:20, loss: 0.3671, lr: 0.00011071769057802265
2026-08-29 21:47:25 - val epoch: 239, loss: 0.9446
2026-08-29 21:47:25 - train gamma: g2=0.101 g3=0.110 g4=0.097 g5=0.104
2026-08-29 21:47:28 - train: epoch 240, iter:0, loss: 0.3672, lr: 0.0001076053497803982
2026-08-29 21:47:34 - train: epoch 240, iter:20, loss: 0.3601, lr: 0.0001076053497803982
2026-08-29 21:47:58 - val epoch: 240, loss: 0.9407, miou: 0.7825823552985237, f1_or_dsc: 0.8780322019595745, accuracy: 0.9402178018399985,                 specificity: 0.9583000954709471, sensitivity: 0.8840143182200273, confusion_matrix: [[38392853  1670644]
 [ 1495008 11394583]]
2026-08-29 21:47:58 - train gamma: g2=0.101 g3=0.110 g4=0.097 g5=0.104
2026-08-29 21:48:01 - train: epoch 241, iter:0, loss: 0.4001, lr: 0.00010453658778440088
2026-08-29 21:48:06 - train: epoch 241, iter:20, loss: 0.3645, lr: 0.00010453658778440088
2026-08-29 21:48:26 - val epoch: 241, loss: 0.9223
2026-08-29 21:48:26 - train gamma: g2=0.101 g3=0.111 g4=0.097 g5=0.104
2026-08-29 21:48:28 - train: epoch 242, iter:0, loss: 0.3738, lr: 0.00010151174111436543
2026-08-29 21:48:34 - train: epoch 242, iter:20, loss: 0.3552, lr: 0.00010151174111436543
2026-08-29 21:48:54 - val epoch: 242, loss: 0.9299
2026-08-29 21:48:54 - train gamma: g2=0.101 g3=0.111 g4=0.097 g5=0.104
2026-08-29 21:48:57 - train: epoch 243, iter:0, loss: 0.3575, lr: 9.853114147881633e-05
2026-08-29 21:49:02 - train: epoch 243, iter:20, loss: 0.3650, lr: 9.853114147881633e-05
2026-08-29 21:49:22 - val epoch: 243, loss: 0.9325
2026-08-29 21:49:22 - train gamma: g2=0.101 g3=0.111 g4=0.097 g5=0.104
2026-08-29 21:49:24 - train: epoch 244, iter:0, loss: 0.3471, lr: 9.559511573409167e-05
2026-08-29 21:49:30 - train: epoch 244, iter:20, loss: 0.3534, lr: 9.559511573409167e-05
2026-08-29 21:49:50 - val epoch: 244, loss: 0.9209
2026-08-29 21:49:50 - train gamma: g2=0.101 g3=0.111 g4=0.097 g5=0.104
2026-08-29 21:49:53 - train: epoch 245, iter:0, loss: 0.3422, lr: 9.270398584850061e-05
2026-08-29 21:49:58 - train: epoch 245, iter:20, loss: 0.3576, lr: 9.270398584850061e-05
2026-08-29 21:50:19 - val epoch: 245, loss: 0.9380
2026-08-29 21:50:19 - train gamma: g2=0.101 g3=0.111 g4=0.097 g5=0.104
2026-08-29 21:50:21 - train: epoch 246, iter:0, loss: 0.3373, lr: 8.985806886701499e-05
2026-08-29 21:50:27 - train: epoch 246, iter:20, loss: 0.3576, lr: 8.985806886701499e-05
2026-08-29 21:50:47 - val epoch: 246, loss: 0.9509
2026-08-29 21:50:47 - train gamma: g2=0.101 g3=0.111 g4=0.097 g5=0.104
2026-08-29 21:50:50 - train: epoch 247, iter:0, loss: 0.3762, lr: 8.705767687650239e-05
2026-08-29 21:50:55 - train: epoch 247, iter:20, loss: 0.3617, lr: 8.705767687650239e-05
2026-08-29 21:51:15 - val epoch: 247, loss: 0.9615
2026-08-29 21:51:15 - train gamma: g2=0.101 g3=0.111 g4=0.097 g5=0.104
2026-08-29 21:51:18 - train: epoch 248, iter:0, loss: 0.2864, lr: 8.430311697150229e-05
2026-08-29 21:51:23 - train: epoch 248, iter:20, loss: 0.3600, lr: 8.430311697150229e-05
2026-08-29 21:51:43 - val epoch: 248, loss: 0.9724
2026-08-29 21:51:43 - train gamma: g2=0.101 g3=0.111 g4=0.097 g5=0.104
2026-08-29 21:51:46 - train: epoch 249, iter:0, loss: 0.3720, lr: 8.159469122054909e-05
2026-08-29 21:51:51 - train: epoch 249, iter:20, loss: 0.3690, lr: 8.159469122054909e-05
2026-08-29 21:52:12 - val epoch: 249, loss: 0.9459
2026-08-29 21:52:12 - train gamma: g2=0.101 g3=0.111 g4=0.097 g5=0.104
2026-08-29 21:52:14 - train: epoch 250, iter:0, loss: 0.3892, lr: 7.893269663304782e-05
2026-08-29 21:52:19 - train: epoch 250, iter:20, loss: 0.3518, lr: 7.893269663304782e-05
2026-08-29 21:52:40 - val epoch: 250, loss: 0.9517
2026-08-29 21:52:40 - train gamma: g2=0.101 g3=0.111 g4=0.097 g5=0.104
2026-08-29 21:52:42 - train: epoch 251, iter:0, loss: 0.3093, lr: 7.631742512670282e-05
2026-08-29 21:52:47 - train: epoch 251, iter:20, loss: 0.3590, lr: 7.631742512670282e-05
2026-08-29 21:53:07 - val epoch: 251, loss: 0.9445
2026-08-29 21:53:07 - train gamma: g2=0.101 g3=0.111 g4=0.097 g5=0.104
2026-08-29 21:53:09 - train: epoch 252, iter:0, loss: 0.3773, lr: 7.374916349550603e-05
2026-08-29 21:53:15 - train: epoch 252, iter:20, loss: 0.3646, lr: 7.374916349550603e-05
2026-08-29 21:53:35 - val epoch: 252, loss: 0.9449
2026-08-29 21:53:35 - train gamma: g2=0.101 g3=0.111 g4=0.097 g5=0.105
2026-08-29 21:53:37 - train: epoch 253, iter:0, loss: 0.3202, lr: 7.122819337828741e-05
2026-08-29 21:53:42 - train: epoch 253, iter:20, loss: 0.3583, lr: 7.122819337828741e-05
2026-08-29 21:54:03 - val epoch: 253, loss: 0.9606
2026-08-29 21:54:03 - train gamma: g2=0.101 g3=0.111 g4=0.097 g5=0.105
2026-08-29 21:54:05 - train: epoch 254, iter:0, loss: 0.3321, lr: 6.875479122782878e-05
2026-08-29 21:54:11 - train: epoch 254, iter:20, loss: 0.3604, lr: 6.875479122782878e-05
2026-08-29 21:54:31 - val epoch: 254, loss: 0.9371
2026-08-29 21:54:31 - train gamma: g2=0.101 g3=0.111 g4=0.097 g5=0.105
2026-08-29 21:54:34 - train: epoch 255, iter:0, loss: 0.3565, lr: 6.632922828054862e-05
2026-08-29 21:54:39 - train: epoch 255, iter:20, loss: 0.3548, lr: 6.632922828054862e-05
2026-08-29 21:54:59 - val epoch: 255, loss: 0.9349
2026-08-29 21:54:59 - train gamma: g2=0.101 g3=0.111 g4=0.097 g5=0.105
2026-08-29 21:55:02 - train: epoch 256, iter:0, loss: 0.3632, lr: 6.395177052675786e-05
2026-08-29 21:55:07 - train: epoch 256, iter:20, loss: 0.3526, lr: 6.395177052675786e-05
2026-08-29 21:55:30 - val epoch: 256, loss: 0.9644
2026-08-29 21:55:30 - train gamma: g2=0.101 g3=0.111 g4=0.097 g5=0.105
2026-08-29 21:55:33 - train: epoch 257, iter:0, loss: 0.3434, lr: 6.162267868149065e-05
2026-08-29 21:55:38 - train: epoch 257, iter:20, loss: 0.3510, lr: 6.162267868149065e-05
2026-08-29 21:56:02 - val epoch: 257, loss: 0.9389
2026-08-29 21:56:02 - train gamma: g2=0.101 g3=0.111 g4=0.097 g5=0.105
2026-08-29 21:56:04 - train: epoch 258, iter:0, loss: 0.3243, lr: 5.934220815591413e-05
2026-08-29 21:56:09 - train: epoch 258, iter:20, loss: 0.3535, lr: 5.934220815591413e-05
2026-08-29 21:56:30 - val epoch: 258, loss: 0.9398
2026-08-29 21:56:30 - train gamma: g2=0.101 g3=0.111 g4=0.097 g5=0.105
2026-08-29 21:56:32 - train: epoch 259, iter:0, loss: 0.3723, lr: 5.711060902932035e-05
2026-08-29 21:56:38 - train: epoch 259, iter:20, loss: 0.3537, lr: 5.711060902932035e-05
2026-08-29 21:56:58 - val epoch: 259, loss: 0.9528
2026-08-29 21:56:58 - train gamma: g2=0.101 g3=0.111 g4=0.097 g5=0.105
2026-08-29 21:56:59 - train: epoch 260, iter:0, loss: 0.3446, lr: 5.492812602170101e-05
2026-08-29 21:57:05 - train: epoch 260, iter:20, loss: 0.3435, lr: 5.492812602170101e-05
2026-08-29 21:57:26 - val epoch: 260, loss: 0.9347
2026-08-29 21:57:26 - train gamma: g2=0.101 g3=0.111 g4=0.097 g5=0.105
2026-08-29 21:57:29 - train: epoch 261, iter:0, loss: 0.3711, lr: 5.279499846691256e-05
2026-08-29 21:57:34 - train: epoch 261, iter:20, loss: 0.3539, lr: 5.279499846691256e-05
2026-08-29 21:57:58 - val epoch: 261, loss: 0.9454
2026-08-29 21:57:58 - train gamma: g2=0.101 g3=0.111 g4=0.097 g5=0.105
2026-08-29 21:58:00 - train: epoch 262, iter:0, loss: 0.3205, lr: 5.071146028642938e-05
2026-08-29 21:58:06 - train: epoch 262, iter:20, loss: 0.3488, lr: 5.071146028642938e-05
2026-08-29 21:58:29 - val epoch: 262, loss: 0.9581
2026-08-29 21:58:29 - train gamma: g2=0.101 g3=0.111 g4=0.097 g5=0.105
2026-08-29 21:58:32 - train: epoch 263, iter:0, loss: 0.3478, lr: 4.867773996369213e-05
2026-08-29 21:58:37 - train: epoch 263, iter:20, loss: 0.3487, lr: 4.867773996369213e-05
2026-08-29 21:58:57 - val epoch: 263, loss: 0.9479
2026-08-29 21:58:57 - train gamma: g2=0.101 g3=0.111 g4=0.097 g5=0.105
2026-08-29 21:58:59 - train: epoch 264, iter:0, loss: 0.3415, lr: 4.669406051905255e-05
2026-08-29 21:59:05 - train: epoch 264, iter:20, loss: 0.3437, lr: 4.669406051905255e-05
2026-08-29 21:59:25 - val epoch: 264, loss: 0.9414
2026-08-29 21:59:25 - train gamma: g2=0.101 g3=0.111 g4=0.097 g5=0.105
2026-08-29 21:59:28 - train: epoch 265, iter:0, loss: 0.4125, lr: 4.476063948531553e-05
2026-08-29 21:59:33 - train: epoch 265, iter:20, loss: 0.3522, lr: 4.476063948531553e-05
2026-08-29 21:59:54 - val epoch: 265, loss: 0.9478
2026-08-29 21:59:54 - train gamma: g2=0.101 g3=0.111 g4=0.097 g5=0.105
2026-08-29 21:59:56 - train: epoch 266, iter:0, loss: 0.3467, lr: 4.2877688883885086e-05
2026-08-29 22:00:02 - train: epoch 266, iter:20, loss: 0.3492, lr: 4.2877688883885086e-05
2026-08-29 22:00:22 - val epoch: 266, loss: 0.9569
2026-08-29 22:00:22 - train gamma: g2=0.101 g3=0.111 g4=0.097 g5=0.105
2026-08-29 22:00:24 - train: epoch 267, iter:0, loss: 0.3690, lr: 4.1045415201513684e-05
2026-08-29 22:00:29 - train: epoch 267, iter:20, loss: 0.3590, lr: 4.1045415201513684e-05
2026-08-29 22:00:50 - val epoch: 267, loss: 0.9540
2026-08-29 22:00:50 - train gamma: g2=0.101 g3=0.111 g4=0.097 g5=0.105
2026-08-29 22:00:53 - train: epoch 268, iter:0, loss: 0.3672, lr: 3.926401936765836e-05
2026-08-29 22:00:58 - train: epoch 268, iter:20, loss: 0.3532, lr: 3.926401936765836e-05
2026-08-29 22:01:19 - val epoch: 268, loss: 0.9536
2026-08-29 22:01:19 - train gamma: g2=0.101 g3=0.111 g4=0.097 g5=0.105
2026-08-29 22:01:22 - train: epoch 269, iter:0, loss: 0.3631, lr: 3.753369673244687e-05
2026-08-29 22:01:28 - train: epoch 269, iter:20, loss: 0.3445, lr: 3.753369673244687e-05
2026-08-29 22:02:07 - val epoch: 269, loss: 0.9612
2026-08-29 22:02:07 - train gamma: g2=0.101 g3=0.111 g4=0.097 g5=0.105
2026-08-29 22:02:10 - train: epoch 270, iter:0, loss: 0.3377, lr: 3.5854637045255115e-05
2026-08-29 22:02:15 - train: epoch 270, iter:20, loss: 0.3457, lr: 3.5854637045255115e-05
2026-08-29 22:02:40 - val epoch: 270, loss: 0.9645, miou: 0.7815763266656385, f1_or_dsc: 0.8773986440742851, accuracy: 0.9409727719750735,                 specificity: 0.964542486143933, sensitivity: 0.8677132579303719, confusion_matrix: [[38642945  1420552]
 [ 1705122 11184469]]
2026-08-29 22:02:40 - train gamma: g2=0.101 g3=0.111 g4=0.097 g5=0.105
2026-08-29 22:02:43 - train: epoch 271, iter:0, loss: 0.3649, lr: 3.422702443389897e-05
2026-08-29 22:02:48 - train: epoch 271, iter:20, loss: 0.3517, lr: 3.422702443389897e-05
2026-08-29 22:03:09 - val epoch: 271, loss: 0.9566
2026-08-29 22:03:09 - train gamma: g2=0.101 g3=0.111 g4=0.097 g5=0.105
2026-08-29 22:03:10 - train: epoch 272, iter:0, loss: 0.3763, lr: 3.265103738444294e-05
2026-08-29 22:03:16 - train: epoch 272, iter:20, loss: 0.3479, lr: 3.265103738444294e-05
2026-08-29 22:03:36 - val epoch: 272, loss: 0.9754
2026-08-29 22:03:36 - train gamma: g2=0.101 g3=0.111 g4=0.097 g5=0.105
2026-08-29 22:03:39 - train: epoch 273, iter:0, loss: 0.3704, lr: 3.112684872162669e-05
2026-08-29 22:03:45 - train: epoch 273, iter:20, loss: 0.3517, lr: 3.112684872162669e-05
2026-08-29 22:04:05 - val epoch: 273, loss: 0.9662
2026-08-29 22:04:05 - train gamma: g2=0.101 g3=0.111 g4=0.097 g5=0.105
2026-08-29 22:04:07 - train: epoch 274, iter:0, loss: 0.3460, lr: 2.9654625589913163e-05
2026-08-29 22:04:12 - train: epoch 274, iter:20, loss: 0.3436, lr: 2.9654625589913163e-05
2026-08-29 22:04:33 - val epoch: 274, loss: 0.9783
2026-08-29 22:04:33 - train gamma: g2=0.101 g3=0.111 g4=0.097 g5=0.105
2026-08-29 22:04:36 - train: epoch 275, iter:0, loss: 0.3581, lr: 2.823452943515922e-05
2026-08-29 22:04:41 - train: epoch 275, iter:20, loss: 0.3494, lr: 2.823452943515922e-05
2026-08-29 22:05:02 - val epoch: 275, loss: 0.9628
2026-08-29 22:05:02 - train gamma: g2=0.101 g3=0.111 g4=0.097 g5=0.105
2026-08-29 22:05:05 - train: epoch 276, iter:0, loss: 0.3446, lr: 2.6866715986911168e-05
2026-08-29 22:05:10 - train: epoch 276, iter:20, loss: 0.3503, lr: 2.6866715986911168e-05
2026-08-29 22:05:34 - val epoch: 276, loss: 0.9664
2026-08-29 22:05:34 - train gamma: g2=0.101 g3=0.111 g4=0.097 g5=0.105
2026-08-29 22:05:36 - train: epoch 277, iter:0, loss: 0.3007, lr: 2.5551335241327604e-05
2026-08-29 22:05:42 - train: epoch 277, iter:20, loss: 0.3564, lr: 2.5551335241327604e-05
2026-08-29 22:06:05 - val epoch: 277, loss: 0.9572
2026-08-29 22:06:05 - train gamma: g2=0.101 g3=0.111 g4=0.097 g5=0.105
2026-08-29 22:06:07 - train: epoch 278, iter:0, loss: 0.3223, lr: 2.4288531444730185e-05
2026-08-29 22:06:12 - train: epoch 278, iter:20, loss: 0.3491, lr: 2.4288531444730185e-05
2026-08-29 22:06:33 - val epoch: 278, loss: 0.9668
2026-08-29 22:06:33 - train gamma: g2=0.101 g3=0.111 g4=0.097 g5=0.105
2026-08-29 22:06:35 - train: epoch 279, iter:0, loss: 0.3555, lr: 2.3078443077785645e-05
2026-08-29 22:06:40 - train: epoch 279, iter:20, loss: 0.3502, lr: 2.3078443077785645e-05
2026-08-29 22:07:01 - val epoch: 279, loss: 0.9644
2026-08-29 22:07:01 - train gamma: g2=0.101 g3=0.111 g4=0.097 g5=0.105
2026-08-29 22:07:03 - train: epoch 280, iter:0, loss: 0.3729, lr: 2.1921202840320064e-05
2026-08-29 22:07:08 - train: epoch 280, iter:20, loss: 0.3563, lr: 2.1921202840320064e-05
2026-08-29 22:07:29 - val epoch: 280, loss: 0.9522
2026-08-29 22:07:29 - train gamma: g2=0.101 g3=0.111 g4=0.097 g5=0.106
2026-08-29 22:07:31 - train: epoch 281, iter:0, loss: 0.3596, lr: 2.081693763676623e-05
2026-08-29 22:07:36 - train: epoch 281, iter:20, loss: 0.3519, lr: 2.081693763676623e-05
2026-08-29 22:07:57 - val epoch: 281, loss: 0.9578
2026-08-29 22:07:57 - train gamma: g2=0.101 g3=0.111 g4=0.097 g5=0.106
2026-08-29 22:07:59 - train: epoch 282, iter:0, loss: 0.3357, lr: 1.9765768562247723e-05
2026-08-29 22:08:04 - train: epoch 282, iter:20, loss: 0.3468, lr: 1.9765768562247723e-05
2026-08-29 22:08:25 - val epoch: 282, loss: 0.9674
2026-08-29 22:08:25 - train gamma: g2=0.101 g3=0.111 g4=0.097 g5=0.106
2026-08-29 22:08:27 - train: epoch 283, iter:0, loss: 0.3416, lr: 1.876781088929913e-05
2026-08-29 22:08:33 - train: epoch 283, iter:20, loss: 0.3439, lr: 1.876781088929913e-05
2026-08-29 22:08:53 - val epoch: 283, loss: 0.9692
2026-08-29 22:08:53 - train gamma: g2=0.101 g3=0.111 g4=0.097 g5=0.106
2026-08-29 22:08:55 - train: epoch 284, iter:0, loss: 0.3922, lr: 1.7823174055225262e-05
2026-08-29 22:09:01 - train: epoch 284, iter:20, loss: 0.3521, lr: 1.7823174055225262e-05
2026-08-29 22:09:21 - val epoch: 284, loss: 0.9705
2026-08-29 22:09:21 - train gamma: g2=0.101 g3=0.111 g4=0.097 g5=0.106
2026-08-29 22:09:24 - train: epoch 285, iter:0, loss: 0.3112, lr: 1.693196165010003e-05
2026-08-29 22:09:30 - train: epoch 285, iter:20, loss: 0.3444, lr: 1.693196165010003e-05
2026-08-29 22:09:51 - val epoch: 285, loss: 0.9557
2026-08-29 22:09:51 - train gamma: g2=0.101 g3=0.111 g4=0.097 g5=0.106
2026-08-29 22:09:53 - train: epoch 286, iter:0, loss: 0.3349, lr: 1.6094271405406855e-05
2026-08-29 22:09:59 - train: epoch 286, iter:20, loss: 0.3500, lr: 1.6094271405406855e-05
2026-08-29 22:10:20 - val epoch: 286, loss: 0.9749
2026-08-29 22:10:20 - train gamma: g2=0.101 g3=0.111 g4=0.097 g5=0.106
2026-08-29 22:10:23 - train: epoch 287, iter:0, loss: 0.3744, lr: 1.5310195183320773e-05
2026-08-29 22:10:28 - train: epoch 287, iter:20, loss: 0.3472, lr: 1.5310195183320773e-05
2026-08-29 22:10:49 - val epoch: 287, loss: 0.9689
2026-08-29 22:10:49 - train gamma: g2=0.101 g3=0.111 g4=0.097 g5=0.106
2026-08-29 22:10:52 - train: epoch 288, iter:0, loss: 0.3350, lr: 1.4579818966635417e-05
2026-08-29 22:10:57 - train: epoch 288, iter:20, loss: 0.3423, lr: 1.4579818966635417e-05
2026-08-29 22:11:19 - val epoch: 288, loss: 0.9658
2026-08-29 22:11:19 - train gamma: g2=0.101 g3=0.111 g4=0.097 g5=0.106
2026-08-29 22:11:21 - train: epoch 289, iter:0, loss: 0.3456, lr: 1.3903222849333505e-05
2026-08-29 22:11:27 - train: epoch 289, iter:20, loss: 0.3400, lr: 1.3903222849333505e-05
2026-08-29 22:11:47 - val epoch: 289, loss: 0.9643
2026-08-29 22:11:47 - train gamma: g2=0.101 g3=0.111 g4=0.097 g5=0.106
2026-08-29 22:11:50 - train: epoch 290, iter:0, loss: 0.3388, lr: 1.3280481027803759e-05
2026-08-29 22:11:55 - train: epoch 290, iter:20, loss: 0.3478, lr: 1.3280481027803759e-05
2026-08-29 22:12:16 - val epoch: 290, loss: 0.9539
2026-08-29 22:12:16 - train gamma: g2=0.101 g3=0.111 g4=0.097 g5=0.106
2026-08-29 22:12:19 - train: epoch 291, iter:0, loss: 0.3598, lr: 1.271166179270472e-05
2026-08-29 22:12:25 - train: epoch 291, iter:20, loss: 0.3524, lr: 1.271166179270472e-05
2026-08-29 22:12:45 - val epoch: 291, loss: 0.9600
2026-08-29 22:12:45 - train gamma: g2=0.101 g3=0.111 g4=0.097 g5=0.106
2026-08-29 22:12:48 - train: epoch 292, iter:0, loss: 0.3266, lr: 1.21968275214754e-05
2026-08-29 22:12:54 - train: epoch 292, iter:20, loss: 0.3445, lr: 1.21968275214754e-05
2026-08-29 22:13:14 - val epoch: 292, loss: 0.9572
2026-08-29 22:13:14 - train gamma: g2=0.101 g3=0.111 g4=0.097 g5=0.106
2026-08-29 22:13:16 - train: epoch 293, iter:0, loss: 0.3580, lr: 1.1736034671495336e-05
2026-08-29 22:13:22 - train: epoch 293, iter:20, loss: 0.3448, lr: 1.1736034671495336e-05
2026-08-29 22:13:42 - val epoch: 293, loss: 0.9603
2026-08-29 22:13:42 - train gamma: g2=0.101 g3=0.111 g4=0.097 g5=0.106
2026-08-29 22:13:45 - train: epoch 294, iter:0, loss: 0.3707, lr: 1.1329333773893242e-05
2026-08-29 22:13:50 - train: epoch 294, iter:20, loss: 0.3435, lr: 1.1329333773893242e-05
2026-08-29 22:14:11 - val epoch: 294, loss: 0.9619
2026-08-29 22:14:11 - train gamma: g2=0.101 g3=0.111 g4=0.097 g5=0.106
2026-08-29 22:14:13 - train: epoch 295, iter:0, loss: 0.3635, lr: 1.0976769428005577e-05
2026-08-29 22:14:19 - train: epoch 295, iter:20, loss: 0.3419, lr: 1.0976769428005577e-05
2026-08-29 22:14:40 - val epoch: 295, loss: 0.9612
2026-08-29 22:14:40 - train gamma: g2=0.101 g3=0.111 g4=0.097 g5=0.106
2026-08-29 22:14:42 - train: epoch 296, iter:0, loss: 0.3326, lr: 1.0678380296485951e-05
2026-08-29 22:14:48 - train: epoch 296, iter:20, loss: 0.3380, lr: 1.0678380296485951e-05
2026-08-29 22:15:08 - val epoch: 296, loss: 0.9578
2026-08-29 22:15:08 - train gamma: g2=0.101 g3=0.111 g4=0.097 g5=0.106
2026-08-29 22:15:11 - train: epoch 297, iter:0, loss: 0.2977, lr: 1.04341991010651e-05
2026-08-29 22:15:16 - train: epoch 297, iter:20, loss: 0.3389, lr: 1.04341991010651e-05
2026-08-29 22:15:38 - val epoch: 297, loss: 0.9555
2026-08-29 22:15:38 - train gamma: g2=0.101 g3=0.111 g4=0.097 g5=0.106
2026-08-29 22:15:41 - train: epoch 298, iter:0, loss: 0.3442, lr: 1.0244252618962858e-05
2026-08-29 22:15:46 - train: epoch 298, iter:20, loss: 0.3349, lr: 1.0244252618962858e-05
2026-08-29 22:16:10 - val epoch: 298, loss: 0.9674
2026-08-29 22:16:10 - train gamma: g2=0.101 g3=0.111 g4=0.097 g5=0.106
2026-08-29 22:16:13 - train: epoch 299, iter:0, loss: 0.3276, lr: 1.0108561679951479e-05
2026-08-29 22:16:18 - train: epoch 299, iter:20, loss: 0.3387, lr: 1.0108561679951479e-05
2026-08-29 22:16:39 - val epoch: 299, loss: 0.9691
2026-08-29 22:16:39 - train gamma: g2=0.101 g3=0.111 g4=0.097 g5=0.106
2026-08-29 22:16:42 - train: epoch 300, iter:0, loss: 0.3431, lr: 1.002714116407149e-05
2026-08-29 22:16:47 - train: epoch 300, iter:20, loss: 0.3448, lr: 1.002714116407149e-05
2026-08-29 22:17:16 - val epoch: 300, loss: 0.9555, miou: 0.7835907433063186, f1_or_dsc: 0.8786665284590375, accuracy: 0.9412883720775642,                 specificity: 0.9631452042241844, sensitivity: 0.8733528472703285, confusion_matrix: [[38586965  1476532]
 [ 1632430 11257161]]
2026-08-29 22:17:16 - train gamma: g2=0.101 g3=0.111 g4=0.097 g5=0.106
2026-08-29 22:17:41 - test of best model, loss: 0.7923,miou: 0.8007815093185346, f1_or_dsc: 0.8893710926891653, accuracy: 0.9468421180649559,                 specificity: 0.9690493568247425, sensitivity: 0.8778174575128102, confusion_matrix: [[38823506  1239991]
 [ 1574883 11314708]]
