Looking in indexes: https://pypi.tuna.tsinghua.edu.cn/simple
Collecting timm==1.0.22
  Downloading https://pypi.tuna.tsinghua.edu.cn/packages/d6/14/fc04d491527b774ec7479897f5861959209de1480e4c4cd32ed098ff8bea/timm-1.0.22-py3-none-any.whl.metadata (63 kB)
     ━━━━━━━━━━━━━━━━━━━━━━━━━━━━━━━━━━━━━━━━ 63.1/63.1 kB 6.4 MB/s eta 0:00:00
Collecting scipy==1.13.1
  Downloading https://pypi.tuna.tsinghua.edu.cn/packages/36/07/035d22ff9795129c5a847c64cb43c1fa9188826b59344fee28a3ab02e283/scipy-1.13.1-cp311-cp311-manylinux_2_17_x86_64.manylinux2014_x86_64.whl (38.6 MB)
     ━━━━━━━━━━━━━━━━━━━━━━━━━━━━━━━━━━━━━━━━ 38.6/38.6 MB 96.0 MB/s eta 0:00:00
Collecting pytest==8.3.5
  Downloading https://pypi.tuna.tsinghua.edu.cn/packages/30/3d/64ad57c803f1fa1e963a7946b6e0fea4a70df53c1a7fed304586539c2bac/pytest-8.3.5-py3-none-any.whl (343 kB)
     ━━━━━━━━━━━━━━━━━━━━━━━━━━━━━━━━━━━━━━ 343.6/343.6 kB 41.1 MB/s eta 0:00:00
Collecting matplotlib==3.9.4
  Downloading https://pypi.tuna.tsinghua.edu.cn/packages/ab/33/1648da77b74741c89f5ea95cbf42a291b4b364f2660b316318811404ed97/matplotlib-3.9.4-cp311-cp311-manylinux_2_17_x86_64.manylinux2014_x86_64.whl (8.3 MB)
     ━━━━━━━━━━━━━━━━━━━━━━━━━━━━━━━━━━━━━━━━ 8.3/8.3 MB 108.7 MB/s eta 0:00:00
Collecting imagehash==4.3.2
  Downloading https://pypi.tuna.tsinghua.edu.cn/packages/31/2c/5f0903a53a62029875aaa3884c38070cc388248a2c1b9aa935632669e5a7/ImageHash-4.3.2-py2.py3-none-any.whl (296 kB)
     ━━━━━━━━━━━━━━━━━━━━━━━━━━━━━━━━━━━━━━ 296.7/296.7 kB 29.3 MB/s eta 0:00:00
Collecting huggingface_hub<1
  Downloading https://pypi.tuna.tsinghua.edu.cn/packages/a8/af/48ac8483240de756d2438c380746e7130d1c6f75802ef22f3c6d49982787/huggingface_hub-0.36.2-py3-none-any.whl.metadata (15 kB)
Collecting safetensors>=0.4.3
  Downloading https://pypi.tuna.tsinghua.edu.cn/packages/28/50/f203ff3a3ddfe19308efc83c5a3a29ed02bf786732ec35e68bf9162f3365/safetensors-0.8.0-cp310-abi3-manylinux_2_17_x86_64.manylinux2014_x86_64.whl.metadata (4.2 kB)
Requirement already satisfied: torch in /environment/miniconda3/lib/python3.11/site-packages (from timm==1.0.22) (2.2.2)
Requirement already satisfied: torchvision in /environment/miniconda3/lib/python3.11/site-packages (from timm==1.0.22) (0.17.2)
Requirement already satisfied: pyyaml in /environment/miniconda3/lib/python3.11/site-packages (from timm==1.0.22) (6.0.1)
Requirement already satisfied: numpy<2.3,>=1.22.4 in /environment/miniconda3/lib/python3.11/site-packages (from scipy==1.13.1) (1.26.4)
Collecting iniconfig (from pytest==8.3.5)
  Downloading https://pypi.tuna.tsinghua.edu.cn/packages/cb/b1/3846dd7f199d53cb17f49cba7e651e9ce294d8497c8c150530ed11865bb8/iniconfig-2.3.0-py3-none-any.whl (7.5 kB)
Requirement already satisfied: packaging in /environment/miniconda3/lib/python3.11/site-packages (from pytest==8.3.5) (23.2)
Collecting pluggy<2,>=1.5 (from pytest==8.3.5)
  Downloading https://pypi.tuna.tsinghua.edu.cn/packages/54/20/4d324d65cc6d9205fabedc306948156824eb9f0ee1633355a8f7ec5c66bf/pluggy-1.6.0-py3-none-any.whl (20 kB)
Requirement already satisfied: contourpy>=1.0.1 in /environment/miniconda3/lib/python3.11/site-packages (from matplotlib==3.9.4) (1.2.1)
Requirement already satisfied: cycler>=0.10 in /environment/miniconda3/lib/python3.11/site-packages (from matplotlib==3.9.4) (0.12.1)
Requirement already satisfied: fonttools>=4.22.0 in /environment/miniconda3/lib/python3.11/site-packages (from matplotlib==3.9.4) (4.53.0)
Requirement already satisfied: kiwisolver>=1.3.1 in /environment/miniconda3/lib/python3.11/site-packages (from matplotlib==3.9.4) (1.4.5)
Requirement already satisfied: pillow>=8 in /environment/miniconda3/lib/python3.11/site-packages (from matplotlib==3.9.4) (10.3.0)
Requirement already satisfied: pyparsing>=2.3.1 in /environment/miniconda3/lib/python3.11/site-packages (from matplotlib==3.9.4) (3.1.2)
Requirement already satisfied: python-dateutil>=2.7 in /environment/miniconda3/lib/python3.11/site-packages (from matplotlib==3.9.4) (2.9.0.post0)
Collecting PyWavelets (from imagehash==4.3.2)
  Downloading https://pypi.tuna.tsinghua.edu.cn/packages/d8/8c/f316a153f7f89d2753df8a7371d15d0faab87e709fe02715dbc297c79385/pywavelets-1.9.0-cp311-cp311-manylinux_2_27_x86_64.manylinux_2_28_x86_64.whl (4.5 MB)
     ━━━━━━━━━━━━━━━━━━━━━━━━━━━━━━━━━━━━━━━━ 4.5/4.5 MB 90.5 MB/s eta 0:00:00
Requirement already satisfied: filelock in /environment/miniconda3/lib/python3.11/site-packages (from huggingface_hub<1) (3.13.4)
Requirement already satisfied: fsspec>=2023.5.0 in /environment/miniconda3/lib/python3.11/site-packages (from huggingface_hub<1) (2024.3.1)
Collecting hf-xet<2.0.0,>=1.1.3 (from huggingface_hub<1)
  Downloading https://pypi.tuna.tsinghua.edu.cn/packages/67/4e/a28359bf1c1ecf11eba22123168c138698f7cb576ac678f5a2e16cd5da08/hf_xet-1.6.0-cp38-abi3-manylinux2014_x86_64.manylinux_2_17_x86_64.whl.metadata (4.9 kB)
Requirement already satisfied: requests in /environment/miniconda3/lib/python3.11/site-packages (from huggingface_hub<1) (2.31.0)
Requirement already satisfied: tqdm>=4.42.1 in /environment/miniconda3/lib/python3.11/site-packages (from huggingface_hub<1) (4.65.0)
Requirement already satisfied: typing-extensions>=3.7.4.3 in /environment/miniconda3/lib/python3.11/site-packages (from huggingface_hub<1) (4.11.0)
Requirement already satisfied: six>=1.5 in /environment/miniconda3/lib/python3.11/site-packages (from python-dateutil>=2.7->matplotlib==3.9.4) (1.16.0)
Requirement already satisfied: charset-normalizer<4,>=2 in /environment/miniconda3/lib/python3.11/site-packages (from requests->huggingface_hub<1) (2.0.4)
Requirement already satisfied: idna<4,>=2.5 in /environment/miniconda3/lib/python3.11/site-packages (from requests->huggingface_hub<1) (3.4)
Requirement already satisfied: urllib3<3,>=1.21.1 in /environment/miniconda3/lib/python3.11/site-packages (from requests->huggingface_hub<1) (2.1.0)
Requirement already satisfied: certifi>=2017.4.17 in /environment/miniconda3/lib/python3.11/site-packages (from requests->huggingface_hub<1) (2024.2.2)
Requirement already satisfied: sympy in /environment/miniconda3/lib/python3.11/site-packages (from torch->timm==1.0.22) (1.12)
Requirement already satisfied: networkx in /environment/miniconda3/lib/python3.11/site-packages (from torch->timm==1.0.22) (3.3)
Requirement already satisfied: jinja2 in /environment/miniconda3/lib/python3.11/site-packages (from torch->timm==1.0.22) (3.1.3)
Requirement already satisfied: nvidia-cuda-nvrtc-cu12==12.1.105 in /environment/miniconda3/lib/python3.11/site-packages (from torch->timm==1.0.22) (12.1.105)
Requirement already satisfied: nvidia-cuda-runtime-cu12==12.1.105 in /environment/miniconda3/lib/python3.11/site-packages (from torch->timm==1.0.22) (12.1.105)
Requirement already satisfied: nvidia-cuda-cupti-cu12==12.1.105 in /environment/miniconda3/lib/python3.11/site-packages (from torch->timm==1.0.22) (12.1.105)
Requirement already satisfied: nvidia-cudnn-cu12==8.9.2.26 in /environment/miniconda3/lib/python3.11/site-packages (from torch->timm==1.0.22) (8.9.2.26)
Requirement already satisfied: nvidia-cublas-cu12==12.1.3.1 in /environment/miniconda3/lib/python3.11/site-packages (from torch->timm==1.0.22) (12.1.3.1)
Requirement already satisfied: nvidia-cufft-cu12==11.0.2.54 in /environment/miniconda3/lib/python3.11/site-packages (from torch->timm==1.0.22) (11.0.2.54)
Requirement already satisfied: nvidia-curand-cu12==10.3.2.106 in /environment/miniconda3/lib/python3.11/site-packages (from torch->timm==1.0.22) (10.3.2.106)
Requirement already satisfied: nvidia-cusolver-cu12==11.4.5.107 in /environment/miniconda3/lib/python3.11/site-packages (from torch->timm==1.0.22) (11.4.5.107)
Requirement already satisfied: nvidia-cusparse-cu12==12.1.0.106 in /environment/miniconda3/lib/python3.11/site-packages (from torch->timm==1.0.22) (12.1.0.106)
Requirement already satisfied: nvidia-nccl-cu12==2.19.3 in /environment/miniconda3/lib/python3.11/site-packages (from torch->timm==1.0.22) (2.19.3)
Requirement already satisfied: nvidia-nvtx-cu12==12.1.105 in /environment/miniconda3/lib/python3.11/site-packages (from torch->timm==1.0.22) (12.1.105)
Requirement already satisfied: triton==2.2.0 in /environment/miniconda3/lib/python3.11/site-packages (from torch->timm==1.0.22) (2.2.0)
Requirement already satisfied: nvidia-nvjitlink-cu12 in /environment/miniconda3/lib/python3.11/site-packages (from nvidia-cusolver-cu12==11.4.5.107->torch->timm==1.0.22) (12.4.127)
Requirement already satisfied: MarkupSafe>=2.0 in /environment/miniconda3/lib/python3.11/site-packages (from jinja2->torch->timm==1.0.22) (2.1.5)
Requirement already satisfied: mpmath>=0.19 in /environment/miniconda3/lib/python3.11/site-packages (from sympy->torch->timm==1.0.22) (1.3.0)
Downloading https://pypi.tuna.tsinghua.edu.cn/packages/d6/14/fc04d491527b774ec7479897f5861959209de1480e4c4cd32ed098ff8bea/timm-1.0.22-py3-none-any.whl (2.5 MB)
   ━━━━━━━━━━━━━━━━━━━━━━━━━━━━━━━━━━━━━━━━ 2.5/2.5 MB 116.8 MB/s eta 0:00:00
Downloading https://pypi.tuna.tsinghua.edu.cn/packages/a8/af/48ac8483240de756d2438c380746e7130d1c6f75802ef22f3c6d49982787/huggingface_hub-0.36.2-py3-none-any.whl (566 kB)
   ━━━━━━━━━━━━━━━━━━━━━━━━━━━━━━━━━━━━━━━━ 566.4/566.4 kB 72.1 MB/s eta 0:00:00
Downloading https://pypi.tuna.tsinghua.edu.cn/packages/28/50/f203ff3a3ddfe19308efc83c5a3a29ed02bf786732ec35e68bf9162f3365/safetensors-0.8.0-cp310-abi3-manylinux_2_17_x86_64.manylinux2014_x86_64.whl (516 kB)
   ━━━━━━━━━━━━━━━━━━━━━━━━━━━━━━━━━━━━━━━━ 516.0/516.0 kB 63.2 MB/s eta 0:00:00
Downloading https://pypi.tuna.tsinghua.edu.cn/packages/67/4e/a28359bf1c1ecf11eba22123168c138698f7cb576ac678f5a2e16cd5da08/hf_xet-1.6.0-cp38-abi3-manylinux2014_x86_64.manylinux_2_17_x86_64.whl (4.5 MB)
   ━━━━━━━━━━━━━━━━━━━━━━━━━━━━━━━━━━━━━━━━ 4.5/4.5 MB 143.7 MB/s eta 0:00:00
Installing collected packages: scipy, safetensors, PyWavelets, pluggy, iniconfig, hf-xet, pytest, matplotlib, imagehash, huggingface_hub, timm
  Attempting uninstall: pluggy
    Found existing installation: pluggy 1.0.0
    Uninstalling pluggy-1.0.0:
      Successfully uninstalled pluggy-1.0.0
  Attempting uninstall: matplotlib
    Found existing installation: matplotlib 3.9.0
    Uninstalling matplotlib-3.9.0:
      Successfully uninstalled matplotlib-3.9.0
Successfully installed PyWavelets-1.9.0 hf-xet-1.6.0 huggingface_hub-0.36.2 imagehash-4.3.2 iniconfig-2.3.0 matplotlib-3.9.4 pluggy-1.6.0 pytest-8.3.5 safetensors-0.8.0 scipy-1.13.1 timm-1.0.22
