Exported B M: 223 validation images
Exported B H: 47 validation images
Exported B T1: 20 validation images
{"run": "D0", "epoch": 1, "budget": 40, "val_dice": 0.8580874190287289, "best_dice": 0.8580874190287289, "best_epoch": 1, "seconds": 40.51756747900072}
{"run": "D0", "epoch": 2, "budget": 40, "val_dice": 0.8572609857439223, "best_dice": 0.8580874190287289, "best_epoch": 1, "seconds": 28.45728630799931}
{"run": "D0", "epoch": 3, "budget": 40, "val_dice": 0.8579214924685409, "best_dice": 0.8580874190287289, "best_epoch": 1, "seconds": 29.983926533999693}
{"run": "D0", "epoch": 4, "budget": 40, "val_dice": 0.8581043318877014, "best_dice": 0.8581043318877014, "best_epoch": 4, "seconds": 26.884388439999384}
{"run": "D0", "epoch": 5, "budget": 40, "val_dice": 0.8573701623132396, "best_dice": 0.8581043318877014, "best_epoch": 4, "seconds": 27.98435757399966}
{"run": "D0", "epoch": 6, "budget": 40, "val_dice": 0.8576561739813853, "best_dice": 0.8581043318877014, "best_epoch": 4, "seconds": 27.805941280999832}
{"run": "D0", "epoch": 7, "budget": 40, "val_dice": 0.858316915574831, "best_dice": 0.858316915574831, "best_epoch": 7, "seconds": 27.820683914000256}
{"run": "D0", "epoch": 8, "budget": 40, "val_dice": 0.857876412682152, "best_dice": 0.858316915574831, "best_epoch": 7, "seconds": 27.461817907000295}
{"run": "D0", "epoch": 9, "budget": 40, "val_dice": 0.857938338456566, "best_dice": 0.858316915574831, "best_epoch": 7, "seconds": 28.12078546900011}
{"run": "D0", "epoch": 10, "budget": 40, "val_dice": 0.8580741717454649, "best_dice": 0.858316915574831, "best_epoch": 7, "seconds": 28.265476476999538}
{"run": "D0", "epoch": 11, "budget": 40, "val_dice": 0.8580476440741945, "best_dice": 0.858316915574831, "best_epoch": 7, "seconds": 28.428997499000616}
{"run": "D0", "epoch": 12, "budget": 40, "val_dice": 0.857724758257645, "best_dice": 0.858316915574831, "best_epoch": 7, "seconds": 27.55715676699947}
{"run": "D0", "epoch": 13, "budget": 40, "val_dice": 0.8581042736890849, "best_dice": 0.858316915574831, "best_epoch": 7, "seconds": 28.539021436999974}
{"run": "D0", "epoch": 14, "budget": 40, "val_dice": 0.8579465089906814, "best_dice": 0.858316915574831, "best_epoch": 7, "seconds": 27.89547352400041}
{"run": "D0", "epoch": 15, "budget": 40, "val_dice": 0.8582004188409976, "best_dice": 0.858316915574831, "best_epoch": 7, "seconds": 27.669289641000432}
{"run": "D0", "epoch": 16, "budget": 40, "val_dice": 0.8579199345571678, "best_dice": 0.858316915574831, "best_epoch": 7, "seconds": 41.67002614200101}
{"run": "D0", "epoch": 17, "budget": 40, "val_dice": 0.8579656087088892, "best_dice": 0.858316915574831, "best_epoch": 7, "seconds": 27.97229591299947}
{"run": "D0", "epoch": 18, "budget": 40, "val_dice": 0.8576860585273756, "best_dice": 0.858316915574831, "best_epoch": 7, "seconds": 41.6100915320003}
{"run": "D0", "epoch": 19, "budget": 40, "val_dice": 0.8572765905491071, "best_dice": 0.858316915574831, "best_epoch": 7, "seconds": 27.847391810999397}
{"run": "D0", "epoch": 20, "budget": 40, "val_dice": 0.8581116046564043, "best_dice": 0.858316915574831, "best_epoch": 7, "seconds": 31.04186059300082}
{"run": "D0", "epoch": 21, "budget": 40, "val_dice": 0.8581880785359138, "best_dice": 0.858316915574831, "best_epoch": 7, "seconds": 29.37469257900011}
{"run": "D0", "epoch": 22, "budget": 40, "val_dice": 0.8582974795488226, "best_dice": 0.858316915574831, "best_epoch": 7, "seconds": 31.19262109200099}
{"run": "D0", "epoch": 23, "budget": 40, "val_dice": 0.8581556520134833, "best_dice": 0.858316915574831, "best_epoch": 7, "seconds": 28.503168059000018}
{"run": "D0", "epoch": 24, "budget": 40, "val_dice": 0.857983934355641, "best_dice": 0.858316915574831, "best_epoch": 7, "seconds": 52.66673228699983}
{"run": "D0", "epoch": 25, "budget": 40, "val_dice": 0.8580737490679107, "best_dice": 0.858316915574831, "best_epoch": 7, "seconds": 43.41020222899897}
{"run": "D0", "epoch": 26, "budget": 40, "val_dice": 0.8577606488479027, "best_dice": 0.858316915574831, "best_epoch": 7, "seconds": 56.8695524679988}
{"run": "D0", "epoch": 27, "budget": 40, "val_dice": 0.8579170479120493, "best_dice": 0.858316915574831, "best_epoch": 7, "seconds": 27.68755320299897}
{"run": "D0", "epoch": 28, "budget": 40, "val_dice": 0.8581354251796143, "best_dice": 0.858316915574831, "best_epoch": 7, "seconds": 58.59657741299998}
{"run": "D0", "epoch": 29, "budget": 40, "val_dice": 0.8582033111442825, "best_dice": 0.858316915574831, "best_epoch": 7, "seconds": 30.14069087000098}
{"run": "D0", "epoch": 30, "budget": 40, "val_dice": 0.8580488381654364, "best_dice": 0.858316915574831, "best_epoch": 7, "seconds": 27.854214848000993}
{"run": "D0", "epoch": 31, "budget": 40, "val_dice": 0.858184049908518, "best_dice": 0.858316915574831, "best_epoch": 7, "seconds": 28.514104169998973}
{"run": "D0", "epoch": 32, "budget": 40, "val_dice": 0.8581329591603032, "best_dice": 0.858316915574831, "best_epoch": 7, "seconds": 27.68751693500053}
{"run": "D0", "epoch": 33, "budget": 40, "val_dice": 0.8581566850176602, "best_dice": 0.858316915574831, "best_epoch": 7, "seconds": 36.71565846900012}
{"run": "D0", "epoch": 34, "budget": 40, "val_dice": 0.8581589287770823, "best_dice": 0.858316915574831, "best_epoch": 7, "seconds": 28.01845084999877}
{"run": "D0", "epoch": 35, "budget": 40, "val_dice": 0.8580891883324653, "best_dice": 0.858316915574831, "best_epoch": 7, "seconds": 31.31336562100114}
{"run": "D0", "epoch": 36, "budget": 40, "val_dice": 0.8581528449813414, "best_dice": 0.858316915574831, "best_epoch": 7, "seconds": 30.030298433999633}
{"run": "D0", "epoch": 37, "budget": 40, "val_dice": 0.8581115087173715, "best_dice": 0.858316915574831, "best_epoch": 7, "seconds": 31.54811915800019}
{"run": "D0", "epoch": 38, "budget": 40, "val_dice": 0.8581086935294573, "best_dice": 0.858316915574831, "best_epoch": 7, "seconds": 27.38402143499843}
{"run": "D0", "epoch": 39, "budget": 40, "val_dice": 0.8581138793334386, "best_dice": 0.858316915574831, "best_epoch": 7, "seconds": 51.28380392299914}
{"run": "D0", "epoch": 40, "budget": 40, "val_dice": 0.8581132093295353, "best_dice": 0.858316915574831, "best_epoch": 7, "seconds": 27.49302375499974}
Exported B M: 223 validation images
Exported B H: 47 validation images
Exported B T1: 20 validation images
Exported D0 M: 223 validation images
Exported D0 H: 47 validation images
Exported D0 T1: 20 validation images
Exported RSI-1 M: 223 validation images
Exported RSI-1 H: 47 validation images
Exported RSI-1 T1: 20 validation images
Exported MeanHinge-1 M: 223 validation images
Exported MeanHinge-1 H: 47 validation images
Exported MeanHinge-1 T1: 20 validation images
Exported AbsHard-1 M: 223 validation images
Exported AbsHard-1 H: 47 validation images
Exported AbsHard-1 T1: 20 validation images
Exported Shrink-D0-0.000000 M: 223 validation images
Exported Shrink-D0-0.000000 H: 47 validation images
Exported Shrink-D0-0.000000 T1: 20 validation images
Exported Shrink-D0-0.333333 M: 223 validation images
Exported Shrink-D0-0.333333 H: 47 validation images
Exported Shrink-D0-0.333333 T1: 20 validation images
Exported Shrink-D0-0.666667 M: 223 validation images
Exported Shrink-D0-0.666667 H: 47 validation images
Exported Shrink-D0-0.666667 T1: 20 validation images
Exported Shrink-D0-1.000000 M: 223 validation images
Exported Shrink-D0-1.000000 H: 47 validation images
Exported Shrink-D0-1.000000 T1: 20 validation images
{"status": "completed", "cache_statistics": {"calls": 16020, "hits": 10332, "misses": 5688, "errors": 0, "evictions": 0, "entries": 5688, "max_entries": 50000, "hashing_seconds": 4247.50620677991, "calculation_seconds_including_recursion": 3033.260815969852, "key": "SHA256 of each raw dtype/shape/strides/C-order content; explicit None slots", "cache_payload": "numeric scalar dictionaries only; no input arrays retained", "returns_independent_dictionary_copy": true}}
