2026-09-30 07:33:07 - #----------Config info----------#
2026-09-30 07:33:07 - network: ege_dual,
2026-09-30 07:33:07 - seed: 43,
2026-09-30 07:33:07 - wave_mode: full,
2026-09-30 07:33:07 - fusion_type: scalar,
2026-09-30 07:33:07 - diff_lr: True,
2026-09-30 07:33:07 - work_dir: /home/featurize/work/EGE-UNet-main/results/rebatch8_20260930/dual_difflr_seed43/,
2026-09-30 07:33:07 - epochs: 300,
2026-09-30 07:33:07 - val_interval: 10,
2026-09-30 07:33:07 - save_interval: 10,
2026-09-30 07:33:07 - num_workers: 4,
2026-09-30 07:33:07 - batch_size: 64,
2026-09-30 07:33:07 - val_batch_size: 8,
2026-09-30 07:33:07 - gradient_accumulation_steps: 1,
2026-09-30 07:33:07 - [diff-lr] group1 81,146 lr=0.001; group2 5,259,408 lr=0.0001
2026-09-30 07:33:09 - train: epoch 1, iter:0, loss: 11.9039, lr: 0.001
2026-09-30 07:33:12 - train: epoch 1, iter:20, loss: 3.6035, lr: 0.001
2026-09-30 07:33:16 - val epoch: 1, loss: 1.7864
2026-09-30 07:33:16 - train gamma: g2=0.100 g3=0.100 g4=0.099 g5=0.099
2026-09-30 07:33:17 - train: epoch 2, iter:0, loss: 1.8774, lr: 0.0009999728588359286
2026-09-30 07:33:20 - train: epoch 2, iter:20, loss: 1.6942, lr: 0.0009999728588359286
2026-09-30 07:33:23 - val epoch: 2, loss: 1.6463
2026-09-30 07:33:23 - train gamma: g2=0.100 g3=0.100 g4=0.097 g5=0.099
2026-09-30 07:33:24 - train: epoch 3, iter:0, loss: 1.6972, lr: 0.0009998914383200486
2026-09-30 07:33:27 - train: epoch 3, iter:20, loss: 1.4465, lr: 0.0009998914383200486
2026-09-30 07:33:31 - val epoch: 3, loss: 1.3920
2026-09-30 07:33:31 - train gamma: g2=0.100 g3=0.100 g4=0.097 g5=0.099
2026-09-30 07:33:32 - train: epoch 4, iter:0, loss: 1.2249, lr: 0.0009997557473810372
2026-09-30 07:33:35 - train: epoch 4, iter:20, loss: 1.2802, lr: 0.0009997557473810372
2026-09-30 07:33:39 - val epoch: 4, loss: 1.1883
2026-09-30 07:33:39 - train gamma: g2=0.100 g3=0.100 g4=0.097 g5=0.099
2026-09-30 07:33:40 - train: epoch 5, iter:0, loss: 1.2091, lr: 0.000999565800898935
2026-09-30 07:33:43 - train: epoch 5, iter:20, loss: 1.1660, lr: 0.000999565800898935
2026-09-30 07:33:46 - val epoch: 5, loss: 1.1579
2026-09-30 07:33:46 - train gamma: g2=0.100 g3=0.099 g4=0.097 g5=0.098
2026-09-30 07:33:47 - train: epoch 6, iter:0, loss: 1.0553, lr: 0.0009993216197035143
2026-09-30 07:33:50 - train: epoch 6, iter:20, loss: 1.1440, lr: 0.0009993216197035143
2026-09-30 07:33:54 - val epoch: 6, loss: 1.1109
2026-09-30 07:33:54 - train gamma: g2=0.100 g3=0.099 g4=0.097 g5=0.098
2026-09-30 07:33:55 - train: epoch 7, iter:0, loss: 1.0012, lr: 0.0009990232305719946
2026-09-30 07:33:58 - train: epoch 7, iter:20, loss: 1.0589, lr: 0.0009990232305719946
2026-09-30 07:34:01 - val epoch: 7, loss: 1.0730
2026-09-30 07:34:01 - train gamma: g2=0.100 g3=0.100 g4=0.097 g5=0.098
2026-09-30 07:34:02 - train: epoch 8, iter:0, loss: 1.2900, lr: 0.0009986706662261067
2026-09-30 07:34:05 - train: epoch 8, iter:20, loss: 1.0257, lr: 0.0009986706662261067
2026-09-30 07:34:09 - val epoch: 8, loss: 1.0499
2026-09-30 07:34:09 - train gamma: g2=0.100 g3=0.100 g4=0.097 g5=0.098
2026-09-30 07:34:10 - train: epoch 9, iter:0, loss: 0.9131, lr: 0.0009982639653285047
2026-09-30 07:34:13 - train: epoch 9, iter:20, loss: 0.9415, lr: 0.0009982639653285047
2026-09-30 07:34:16 - val epoch: 9, loss: 1.0405
2026-09-30 07:34:16 - train gamma: g2=0.100 g3=0.100 g4=0.097 g5=0.098
2026-09-30 07:34:17 - train: epoch 10, iter:0, loss: 1.1071, lr: 0.0009978031724785245
2026-09-30 07:34:20 - train: epoch 10, iter:20, loss: 1.0019, lr: 0.0009978031724785245
2026-09-30 07:34:24 - val epoch: 10, loss: 1.1685, miou: 0.6958837482258498, f1_or_dsc: 0.8206738804518283, accuracy: 0.9228353028250212,                 specificity: 0.986361175610806, sensitivity: 0.7253838387889887, confusion_matrix: [[39517078   546419]
 [ 3539690  9349901]]
2026-09-30 07:34:24 - train gamma: g2=0.099 g3=0.100 g4=0.097 g5=0.098
2026-09-30 07:34:25 - train: epoch 11, iter:0, loss: 0.9666, lr: 0.0009972883382072953
2026-09-30 07:34:28 - train: epoch 11, iter:20, loss: 0.9803, lr: 0.0009972883382072953
2026-09-30 07:34:31 - val epoch: 11, loss: 1.1209
2026-09-30 07:34:31 - train gamma: g2=0.099 g3=0.100 g4=0.097 g5=0.097
2026-09-30 07:34:32 - train: epoch 12, iter:0, loss: 1.0132, lr: 0.0009967195189721962
2026-09-30 07:34:36 - train: epoch 12, iter:20, loss: 0.8645, lr: 0.0009967195189721962
2026-09-30 07:34:39 - val epoch: 12, loss: 1.0116
2026-09-30 07:34:40 - train gamma: g2=0.099 g3=0.100 g4=0.097 g5=0.097
2026-09-30 07:34:41 - train: epoch 13, iter:0, loss: 0.7464, lr: 0.0009960967771506667
2026-09-30 07:34:44 - train: epoch 13, iter:20, loss: 0.8656, lr: 0.0009960967771506667
2026-09-30 07:34:48 - val epoch: 13, loss: 1.4460
2026-09-30 07:34:48 - train gamma: g2=0.099 g3=0.100 g4=0.097 g5=0.097
2026-09-30 07:34:49 - train: epoch 14, iter:0, loss: 1.1375, lr: 0.0009954201810333646
2026-09-30 07:34:52 - train: epoch 14, iter:20, loss: 1.0166, lr: 0.0009954201810333646
2026-09-30 07:34:55 - val epoch: 14, loss: 0.9931
2026-09-30 07:34:55 - train gamma: g2=0.099 g3=0.100 g4=0.097 g5=0.097
2026-09-30 07:34:56 - train: epoch 15, iter:0, loss: 1.0263, lr: 0.0009946898048166792
2026-09-30 07:34:59 - train: epoch 15, iter:20, loss: 0.8417, lr: 0.0009946898048166792
2026-09-30 07:35:02 - val epoch: 15, loss: 1.0026
2026-09-30 07:35:02 - train gamma: g2=0.099 g3=0.100 g4=0.097 g5=0.097
2026-09-30 07:35:03 - train: epoch 16, iter:0, loss: 0.8650, lr: 0.000993905728594593
2026-09-30 07:35:06 - train: epoch 16, iter:20, loss: 0.9007, lr: 0.000993905728594593
2026-09-30 07:35:10 - val epoch: 16, loss: 1.1490
2026-09-30 07:35:10 - train gamma: g2=0.099 g3=0.100 g4=0.097 g5=0.096
2026-09-30 07:35:11 - train: epoch 17, iter:0, loss: 1.0710, lr: 0.0009930680383498998
2026-09-30 07:35:14 - train: epoch 17, iter:20, loss: 0.8276, lr: 0.0009930680383498998
2026-09-30 07:35:17 - val epoch: 17, loss: 0.9691
2026-09-30 07:35:17 - train gamma: g2=0.099 g3=0.100 g4=0.097 g5=0.096
2026-09-30 07:35:18 - train: epoch 18, iter:0, loss: 0.8124, lr: 0.0009921768259447744
2026-09-30 07:35:21 - train: epoch 18, iter:20, loss: 0.8205, lr: 0.0009921768259447744
2026-09-30 07:35:24 - val epoch: 18, loss: 0.9441
2026-09-30 07:35:24 - train gamma: g2=0.099 g3=0.100 g4=0.097 g5=0.096
2026-09-30 07:35:25 - train: epoch 19, iter:0, loss: 0.7582, lr: 0.0009912321891107007
2026-09-30 07:35:28 - train: epoch 19, iter:20, loss: 0.8546, lr: 0.0009912321891107007
2026-09-30 07:35:34 - val epoch: 19, loss: 0.9807
2026-09-30 07:35:34 - train gamma: g2=0.099 g3=0.100 g4=0.097 g5=0.096
2026-09-30 07:35:35 - train: epoch 20, iter:0, loss: 0.7097, lr: 0.0009902342314377522
2026-09-30 07:35:38 - train: epoch 20, iter:20, loss: 0.8267, lr: 0.0009902342314377522
2026-09-30 07:35:41 - val epoch: 20, loss: 1.0648, miou: 0.7340184144693503, f1_or_dsc: 0.8466097111131048, accuracy: 0.9194103656428876,                 specificity: 0.921258995439165, sensitivity: 0.9136644444342726, confusion_matrix: [[36908857  3154640]
 [ 1112830 11776761]]
2026-09-30 07:35:41 - train gamma: g2=0.099 g3=0.100 g4=0.097 g5=0.095
2026-09-30 07:35:42 - train: epoch 21, iter:0, loss: 0.8986, lr: 0.0009891830623632338
2026-09-30 07:35:45 - train: epoch 21, iter:20, loss: 0.8303, lr: 0.0009891830623632338
2026-09-30 07:35:49 - val epoch: 21, loss: 0.9637
2026-09-30 07:35:49 - train gamma: g2=0.099 g3=0.100 g4=0.097 g5=0.095
2026-09-30 07:35:50 - train: epoch 22, iter:0, loss: 0.6029, lr: 0.00098807879715968
2026-09-30 07:35:53 - train: epoch 22, iter:20, loss: 0.7680, lr: 0.00098807879715968
2026-09-30 07:35:56 - val epoch: 22, loss: 1.1777
2026-09-30 07:35:56 - train gamma: g2=0.099 g3=0.100 g4=0.097 g5=0.095
2026-09-30 07:35:57 - train: epoch 23, iter:0, loss: 0.7871, lr: 0.0009869215569222143
2026-09-30 07:36:00 - train: epoch 23, iter:20, loss: 0.7967, lr: 0.0009869215569222143
2026-09-30 07:36:06 - val epoch: 23, loss: 0.9707
2026-09-30 07:36:06 - train gamma: g2=0.099 g3=0.100 g4=0.097 g5=0.095
2026-09-30 07:36:07 - train: epoch 24, iter:0, loss: 0.7660, lr: 0.0009857114685552697
2026-09-30 07:36:10 - train: epoch 24, iter:20, loss: 0.7612, lr: 0.0009857114685552697
2026-09-30 07:36:13 - val epoch: 24, loss: 0.9986
2026-09-30 07:36:13 - train gamma: g2=0.099 g3=0.100 g4=0.097 g5=0.094
2026-09-30 07:36:15 - train: epoch 25, iter:0, loss: 0.7520, lr: 0.0009844486647586721
2026-09-30 07:36:18 - train: epoch 25, iter:20, loss: 0.7657, lr: 0.0009844486647586721
2026-09-30 07:36:21 - val epoch: 25, loss: 0.9240
2026-09-30 07:36:21 - train gamma: g2=0.099 g3=0.099 g4=0.097 g5=0.094
2026-09-30 07:36:22 - train: epoch 26, iter:0, loss: 0.6957, lr: 0.0009831332840130884
2026-09-30 07:36:25 - train: epoch 26, iter:20, loss: 0.7474, lr: 0.0009831332840130884
2026-09-30 07:36:29 - val epoch: 26, loss: 0.9706
2026-09-30 07:36:29 - train gamma: g2=0.099 g3=0.100 g4=0.097 g5=0.093
2026-09-30 07:36:30 - train: epoch 27, iter:0, loss: 0.6533, lr: 0.0009817654705648405
2026-09-30 07:36:34 - train: epoch 27, iter:20, loss: 0.7418, lr: 0.0009817654705648405
2026-09-30 07:36:38 - val epoch: 27, loss: 0.9420
2026-09-30 07:36:38 - train gamma: g2=0.099 g3=0.099 g4=0.098 g5=0.093
2026-09-30 07:36:39 - train: epoch 28, iter:0, loss: 0.6906, lr: 0.0009803453744100864
2026-09-30 07:36:42 - train: epoch 28, iter:20, loss: 0.7342, lr: 0.0009803453744100864
2026-09-30 07:36:46 - val epoch: 28, loss: 0.9553
2026-09-30 07:36:47 - train gamma: g2=0.099 g3=0.099 g4=0.098 g5=0.093
2026-09-30 07:36:48 - train: epoch 29, iter:0, loss: 0.8710, lr: 0.0009788731512783728
2026-09-30 07:36:51 - train: epoch 29, iter:20, loss: 0.7266, lr: 0.0009788731512783728
2026-09-30 07:36:55 - val epoch: 29, loss: 0.8765
2026-09-30 07:36:55 - train gamma: g2=0.099 g3=0.099 g4=0.098 g5=0.093
2026-09-30 07:36:56 - train: epoch 30, iter:0, loss: 0.7835, lr: 0.0009773489626155566
2026-09-30 07:36:59 - train: epoch 30, iter:20, loss: 0.7384, lr: 0.0009773489626155566
2026-09-30 07:37:02 - val epoch: 30, loss: 0.9057, miou: 0.7618793885022389, f1_or_dsc: 0.8648485174117476, accuracy: 0.9378190559915976,                 specificity: 0.9765831225367072, sensitivity: 0.8173323730752977, confusion_matrix: [[39125335   938162]
 [ 2354511 10535080]]
2026-09-30 07:37:02 - train gamma: g2=0.099 g3=0.099 g4=0.098 g5=0.093
2026-09-30 07:37:03 - train: epoch 31, iter:0, loss: 0.7803, lr: 0.0009757729755661006
2026-09-30 07:37:07 - train: epoch 31, iter:20, loss: 0.7186, lr: 0.0009757729755661006
2026-09-30 07:37:10 - val epoch: 31, loss: 1.0355
2026-09-30 07:37:10 - train gamma: g2=0.099 g3=0.099 g4=0.098 g5=0.092
2026-09-30 07:37:11 - train: epoch 32, iter:0, loss: 0.7219, lr: 0.0009741453629547445
2026-09-30 07:37:14 - train: epoch 32, iter:20, loss: 0.7406, lr: 0.0009741453629547445
2026-09-30 07:37:18 - val epoch: 32, loss: 1.0424
2026-09-30 07:37:18 - train gamma: g2=0.099 g3=0.099 g4=0.098 g5=0.092
2026-09-30 07:37:19 - train: epoch 33, iter:0, loss: 0.6486, lr: 0.0009724663032675527
2026-09-30 07:37:22 - train: epoch 33, iter:20, loss: 0.6839, lr: 0.0009724663032675527
2026-09-30 07:37:25 - val epoch: 33, loss: 0.9195
2026-09-30 07:37:25 - train gamma: g2=0.099 g3=0.099 g4=0.099 g5=0.091
2026-09-30 07:37:26 - train: epoch 34, iter:0, loss: 0.7058, lr: 0.0009707359806323412
2026-09-30 07:37:29 - train: epoch 34, iter:20, loss: 0.7094, lr: 0.0009707359806323412
2026-09-30 07:37:33 - val epoch: 34, loss: 0.9382
2026-09-30 07:37:33 - train gamma: g2=0.099 g3=0.099 g4=0.099 g5=0.091
2026-09-30 07:37:34 - train: epoch 35, iter:0, loss: 0.7371, lr: 0.0009689545847984858
2026-09-30 07:37:37 - train: epoch 35, iter:20, loss: 0.7025, lr: 0.0009689545847984858
2026-09-30 07:37:41 - val epoch: 35, loss: 0.9395
2026-09-30 07:37:41 - train gamma: g2=0.099 g3=0.099 g4=0.099 g5=0.091
2026-09-30 07:37:42 - train: epoch 36, iter:0, loss: 0.7443, lr: 0.0009671223111161144
2026-09-30 07:37:45 - train: epoch 36, iter:20, loss: 0.6657, lr: 0.0009671223111161144
2026-09-30 07:37:48 - val epoch: 36, loss: 0.8800
2026-09-30 07:37:49 - train gamma: g2=0.099 g3=0.099 g4=0.099 g5=0.091
2026-09-30 07:37:50 - train: epoch 37, iter:0, loss: 0.6031, lr: 0.000965239360514684
2026-09-30 07:37:53 - train: epoch 37, iter:20, loss: 0.7123, lr: 0.000965239360514684
2026-09-30 07:37:57 - val epoch: 37, loss: 1.0030
2026-09-30 07:37:57 - train gamma: g2=0.099 g3=0.099 g4=0.099 g5=0.091
2026-09-30 07:37:58 - train: epoch 38, iter:0, loss: 0.7581, lr: 0.000963305939480947
2026-09-30 07:38:01 - train: epoch 38, iter:20, loss: 0.7121, lr: 0.000963305939480947
2026-09-30 07:38:04 - val epoch: 38, loss: 0.9030
2026-09-30 07:38:04 - train gamma: g2=0.099 g3=0.099 g4=0.099 g5=0.091
2026-09-30 07:38:06 - train: epoch 39, iter:0, loss: 0.6555, lr: 0.0009613222600363074
2026-09-30 07:38:09 - train: epoch 39, iter:20, loss: 0.6511, lr: 0.0009613222600363074
2026-09-30 07:38:12 - val epoch: 39, loss: 0.8862
2026-09-30 07:38:12 - train gamma: g2=0.099 g3=0.100 g4=0.099 g5=0.091
2026-09-30 07:38:13 - train: epoch 40, iter:0, loss: 0.6148, lr: 0.0009592885397135703
2026-09-30 07:38:16 - train: epoch 40, iter:20, loss: 0.6679, lr: 0.0009592885397135703
2026-09-30 07:38:20 - val epoch: 40, loss: 0.8651, miou: 0.7733998407920959, f1_or_dsc: 0.8722227475182966, accuracy: 0.9397976374862218,                 specificity: 0.9705765575081976, sensitivity: 0.8441304305155998, confusion_matrix: [[38884691  1178806]
 [ 2009095 10880496]]
2026-09-30 07:38:20 - train gamma: g2=0.099 g3=0.100 g4=0.099 g5=0.090
2026-09-30 07:38:21 - train: epoch 41, iter:0, loss: 0.5055, lr: 0.0009572050015330871
2026-09-30 07:38:24 - train: epoch 41, iter:20, loss: 0.6750, lr: 0.0009572050015330871
2026-09-30 07:38:28 - val epoch: 41, loss: 0.8905
2026-09-30 07:38:28 - train gamma: g2=0.099 g3=0.100 g4=0.099 g5=0.090
2026-09-30 07:38:29 - train: epoch 42, iter:0, loss: 0.7608, lr: 0.0009550718739782986
2026-09-30 07:38:32 - train: epoch 42, iter:20, loss: 0.6831, lr: 0.0009550718739782986
2026-09-30 07:38:35 - val epoch: 42, loss: 0.8902
2026-09-30 07:38:35 - train gamma: g2=0.099 g3=0.100 g4=0.099 g5=0.090
2026-09-30 07:38:37 - train: epoch 43, iter:0, loss: 0.5993, lr: 0.0009528893909706794
2026-09-30 07:38:40 - train: epoch 43, iter:20, loss: 0.6673, lr: 0.0009528893909706794
2026-09-30 07:38:43 - val epoch: 43, loss: 0.8570
2026-09-30 07:38:43 - train gamma: g2=0.099 g3=0.100 g4=0.099 g5=0.090
2026-09-30 07:38:44 - train: epoch 44, iter:0, loss: 0.6097, lr: 0.0009506577918440856
2026-09-30 07:38:47 - train: epoch 44, iter:20, loss: 0.6679, lr: 0.0009506577918440856
2026-09-30 07:38:51 - val epoch: 44, loss: 0.8918
2026-09-30 07:38:53 - train gamma: g2=0.099 g3=0.100 g4=0.099 g5=0.090
2026-09-30 07:38:54 - train: epoch 45, iter:0, loss: 0.6313, lr: 0.000948377321318509
2026-09-30 07:38:57 - train: epoch 45, iter:20, loss: 0.6556, lr: 0.000948377321318509
2026-09-30 07:39:00 - val epoch: 45, loss: 0.9066
2026-09-30 07:39:00 - train gamma: g2=0.099 g3=0.100 g4=0.099 g5=0.089
2026-09-30 07:39:02 - train: epoch 46, iter:0, loss: 0.6010, lr: 0.0009460482294732416
2026-09-30 07:39:05 - train: epoch 46, iter:20, loss: 0.6502, lr: 0.0009460482294732416
2026-09-30 07:39:08 - val epoch: 46, loss: 0.9133
2026-09-30 07:39:10 - train gamma: g2=0.099 g3=0.100 g4=0.099 g5=0.089
2026-09-30 07:39:11 - train: epoch 47, iter:0, loss: 0.7776, lr: 0.0009436707717194508
2026-09-30 07:39:14 - train: epoch 47, iter:20, loss: 0.6748, lr: 0.0009436707717194508
2026-09-30 07:39:17 - val epoch: 47, loss: 1.0430
2026-09-30 07:39:17 - train gamma: g2=0.099 g3=0.100 g4=0.099 g5=0.089
2026-09-30 07:39:19 - train: epoch 48, iter:0, loss: 0.8805, lr: 0.0009412452087721706
2026-09-30 07:39:22 - train: epoch 48, iter:20, loss: 0.6600, lr: 0.0009412452087721706
2026-09-30 07:39:25 - val epoch: 48, loss: 0.8774
2026-09-30 07:39:25 - train gamma: g2=0.099 g3=0.100 g4=0.099 g5=0.089
2026-09-30 07:39:26 - train: epoch 49, iter:0, loss: 0.7138, lr: 0.000938771806621712
2026-09-30 07:39:29 - train: epoch 49, iter:20, loss: 0.6282, lr: 0.000938771806621712
2026-09-30 07:39:34 - val epoch: 49, loss: 0.8736
2026-09-30 07:39:34 - train gamma: g2=0.099 g3=0.100 g4=0.099 g5=0.088
2026-09-30 07:39:35 - train: epoch 50, iter:0, loss: 0.5413, lr: 0.0009362508365044934
2026-09-30 07:39:38 - train: epoch 50, iter:20, loss: 0.6739, lr: 0.0009362508365044934
2026-09-30 07:39:42 - val epoch: 50, loss: 0.9179, miou: 0.7640638545998636, f1_or_dsc: 0.8662541921116268, accuracy: 0.9392523246236367,                 specificity: 0.9814167744767762, sensitivity: 0.8081965517757701, confusion_matrix: [[39318988   744509]
 [ 2472268 10417323]]
2026-09-30 07:39:42 - train gamma: g2=0.099 g3=0.100 g4=0.099 g5=0.088
2026-09-30 07:39:43 - train: epoch 51, iter:0, loss: 0.4855, lr: 0.0009336825748732968
2026-09-30 07:39:46 - train: epoch 51, iter:20, loss: 0.6335, lr: 0.0009336825748732968
2026-09-30 07:39:49 - val epoch: 51, loss: 0.8753
2026-09-30 07:39:49 - train gamma: g2=0.099 g3=0.100 g4=0.099 g5=0.088
2026-09-30 07:39:51 - train: epoch 52, iter:0, loss: 0.6868, lr: 0.0009310673033669517
2026-09-30 07:39:54 - train: epoch 52, iter:20, loss: 0.6209, lr: 0.0009310673033669517
2026-09-30 07:39:57 - val epoch: 52, loss: 0.8831
2026-09-30 07:39:57 - train gamma: g2=0.099 g3=0.100 g4=0.099 g5=0.088
2026-09-30 07:39:58 - train: epoch 53, iter:0, loss: 0.7333, lr: 0.0009284053087794505
2026-09-30 07:40:02 - train: epoch 53, iter:20, loss: 0.6826, lr: 0.0009284053087794505
2026-09-30 07:40:05 - val epoch: 53, loss: 0.8864
2026-09-30 07:40:05 - train gamma: g2=0.099 g3=0.100 g4=0.099 g5=0.088
2026-09-30 07:40:06 - train: epoch 54, iter:0, loss: 0.6392, lr: 0.0009256968830284974
2026-09-30 07:40:09 - train: epoch 54, iter:20, loss: 0.6640, lr: 0.0009256968830284974
2026-09-30 07:40:13 - val epoch: 54, loss: 0.8739
2026-09-30 07:40:13 - train gamma: g2=0.099 g3=0.100 g4=0.099 g5=0.088
2026-09-30 07:40:14 - train: epoch 55, iter:0, loss: 0.4726, lr: 0.0009229423231234972
2026-09-30 07:40:17 - train: epoch 55, iter:20, loss: 0.6145, lr: 0.0009229423231234972
2026-09-30 07:40:20 - val epoch: 55, loss: 0.8721
2026-09-30 07:40:21 - train gamma: g2=0.099 g3=0.100 g4=0.099 g5=0.087
2026-09-30 07:40:22 - train: epoch 56, iter:0, loss: 0.7835, lr: 0.0009201419311329846
2026-09-30 07:40:25 - train: epoch 56, iter:20, loss: 0.6225, lr: 0.0009201419311329846
2026-09-30 07:40:28 - val epoch: 56, loss: 0.9349
2026-09-30 07:40:28 - train gamma: g2=0.100 g3=0.100 g4=0.099 g5=0.087
2026-09-30 07:40:30 - train: epoch 57, iter:0, loss: 0.4953, lr: 0.0009172960141514989
2026-09-30 07:40:33 - train: epoch 57, iter:20, loss: 0.6168, lr: 0.0009172960141514989
2026-09-30 07:40:36 - val epoch: 57, loss: 0.9776
2026-09-30 07:40:36 - train gamma: g2=0.100 g3=0.100 g4=0.099 g5=0.087
2026-09-30 07:40:37 - train: epoch 58, iter:0, loss: 0.5637, lr: 0.0009144048842659077
2026-09-30 07:40:40 - train: epoch 58, iter:20, loss: 0.6251, lr: 0.0009144048842659077
2026-09-30 07:40:44 - val epoch: 58, loss: 0.9356
2026-09-30 07:40:44 - train gamma: g2=0.099 g3=0.100 g4=0.100 g5=0.087
2026-09-30 07:40:45 - train: epoch 59, iter:0, loss: 0.5713, lr: 0.0009114688585211832
2026-09-30 07:40:48 - train: epoch 59, iter:20, loss: 0.6282, lr: 0.0009114688585211832
2026-09-30 07:40:51 - val epoch: 59, loss: 0.9185
2026-09-30 07:40:51 - train gamma: g2=0.099 g3=0.100 g4=0.100 g5=0.087
2026-09-30 07:40:52 - train: epoch 60, iter:0, loss: 0.5306, lr: 0.0009084882588856339
2026-09-30 07:40:55 - train: epoch 60, iter:20, loss: 0.6295, lr: 0.0009084882588856339
2026-09-30 07:40:59 - val epoch: 60, loss: 0.8350, miou: 0.7828150635808998, f1_or_dsc: 0.8781786508002294, accuracy: 0.9398839591753365,                 specificity: 0.9558790137565875, sensitivity: 0.8901680433459835, confusion_matrix: [[38295856  1767641]
 [ 1415689 11473902]]
2026-09-30 07:41:01 - train gamma: g2=0.100 g3=0.100 g4=0.100 g5=0.087
2026-09-30 07:41:02 - train: epoch 61, iter:0, loss: 0.5717, lr: 0.0009054634122155986
2026-09-30 07:41:07 - train: epoch 61, iter:20, loss: 0.6006, lr: 0.0009054634122155986
2026-09-30 07:41:10 - val epoch: 61, loss: 0.8623
2026-09-30 07:41:10 - train gamma: g2=0.100 g3=0.100 g4=0.100 g5=0.087
2026-09-30 07:41:11 - train: epoch 62, iter:0, loss: 0.6497, lr: 0.0009023946502196013
2026-09-30 07:41:14 - train: epoch 62, iter:20, loss: 0.6016, lr: 0.0009023946502196013
2026-09-30 07:41:18 - val epoch: 62, loss: 0.8361
2026-09-30 07:41:18 - train gamma: g2=0.100 g3=0.100 g4=0.100 g5=0.086
2026-09-30 07:41:19 - train: epoch 63, iter:0, loss: 0.7822, lr: 0.0008992823094219767
2026-09-30 07:41:22 - train: epoch 63, iter:20, loss: 0.6129, lr: 0.0008992823094219767
2026-09-30 07:41:26 - val epoch: 63, loss: 0.8661
2026-09-30 07:41:26 - train gamma: g2=0.100 g3=0.100 g4=0.100 g5=0.087
2026-09-30 07:41:27 - train: epoch 64, iter:0, loss: 0.5808, lr: 0.0008961267311259662
2026-09-30 07:41:30 - train: epoch 64, iter:20, loss: 0.6183, lr: 0.0008961267311259662
2026-09-30 07:41:33 - val epoch: 64, loss: 0.8122
2026-09-30 07:41:33 - train gamma: g2=0.100 g3=0.100 g4=0.100 g5=0.086
2026-09-30 07:41:34 - train: epoch 65, iter:0, loss: 0.5944, lr: 0.0008929282613762903
2026-09-30 07:41:38 - train: epoch 65, iter:20, loss: 0.6249, lr: 0.0008929282613762903
2026-09-30 07:41:41 - val epoch: 65, loss: 0.8277
2026-09-30 07:41:41 - train gamma: g2=0.100 g3=0.101 g4=0.100 g5=0.086
2026-09-30 07:41:42 - train: epoch 66, iter:0, loss: 0.6752, lr: 0.0008896872509212002
2026-09-30 07:41:45 - train: epoch 66, iter:20, loss: 0.6016, lr: 0.0008896872509212002
2026-09-30 07:41:49 - val epoch: 66, loss: 0.8572
2026-09-30 07:41:49 - train gamma: g2=0.100 g3=0.101 g4=0.100 g5=0.086
2026-09-30 07:41:50 - train: epoch 67, iter:0, loss: 0.3838, lr: 0.0008864040551740152
2026-09-30 07:41:53 - train: epoch 67, iter:20, loss: 0.5828, lr: 0.0008864040551740152
2026-09-30 07:41:56 - val epoch: 67, loss: 0.9559
2026-09-30 07:41:56 - train gamma: g2=0.100 g3=0.101 g4=0.100 g5=0.086
2026-09-30 07:41:57 - train: epoch 68, iter:0, loss: 1.0662, lr: 0.0008830790341741476
2026-09-30 07:42:01 - train: epoch 68, iter:20, loss: 0.6063, lr: 0.0008830790341741476
2026-09-30 07:42:04 - val epoch: 68, loss: 0.8497
2026-09-30 07:42:04 - train gamma: g2=0.100 g3=0.101 g4=0.100 g5=0.086
2026-09-30 07:42:06 - train: epoch 69, iter:0, loss: 0.5079, lr: 0.000879712552547619
2026-09-30 07:42:09 - train: epoch 69, iter:20, loss: 0.5830, lr: 0.000879712552547619
2026-09-30 07:42:12 - val epoch: 69, loss: 0.9253
2026-09-30 07:42:12 - train gamma: g2=0.100 g3=0.100 g4=0.100 g5=0.086
2026-09-30 07:42:18 - train: epoch 70, iter:0, loss: 0.5779, lr: 0.0008763049794670771
2026-09-30 07:42:21 - train: epoch 70, iter:20, loss: 0.6329, lr: 0.0008763049794670771
2026-09-30 07:42:24 - val epoch: 70, loss: 0.8845, miou: 0.7727562810768427, f1_or_dsc: 0.8718133330854028, accuracy: 0.9414168442830001,                 specificity: 0.9809889036895606, sensitivity: 0.8184187535508303, confusion_matrix: [[39301846   761651]
 [ 2340508 10549083]]
2026-09-30 07:42:24 - train gamma: g2=0.100 g3=0.101 g4=0.100 g5=0.086
2026-09-30 07:42:25 - train: epoch 71, iter:0, loss: 0.6486, lr: 0.0008728566886113098
2026-09-30 07:42:28 - train: epoch 71, iter:20, loss: 0.6233, lr: 0.0008728566886113098
2026-09-30 07:42:32 - val epoch: 71, loss: 0.9436
2026-09-30 07:42:32 - train gamma: g2=0.100 g3=0.100 g4=0.100 g5=0.086
2026-09-30 07:42:33 - train: epoch 72, iter:0, loss: 0.6316, lr: 0.000869368058124268
2026-09-30 07:42:36 - train: epoch 72, iter:20, loss: 0.5972, lr: 0.000869368058124268
2026-09-30 07:42:39 - val epoch: 72, loss: 0.8531
2026-09-30 07:42:39 - train gamma: g2=0.100 g3=0.101 g4=0.100 g5=0.085
2026-09-30 07:42:40 - train: epoch 73, iter:0, loss: 0.5425, lr: 0.0008658394705735983
2026-09-30 07:42:43 - train: epoch 73, iter:20, loss: 0.5794, lr: 0.0008658394705735983
2026-09-30 07:42:47 - val epoch: 73, loss: 0.8843
2026-09-30 07:42:47 - train gamma: g2=0.100 g3=0.101 g4=0.100 g5=0.085
2026-09-30 07:42:48 - train: epoch 74, iter:0, loss: 0.5708, lr: 0.0008622713129086888
2026-09-30 07:42:51 - train: epoch 74, iter:20, loss: 0.5932, lr: 0.0008622713129086888
2026-09-30 07:42:54 - val epoch: 74, loss: 0.8564
2026-09-30 07:42:54 - train gamma: g2=0.100 g3=0.101 g4=0.100 g5=0.085
2026-09-30 07:42:55 - train: epoch 75, iter:0, loss: 0.5500, lr: 0.0008586639764182372
2026-09-30 07:42:58 - train: epoch 75, iter:20, loss: 0.6021, lr: 0.0008586639764182372
2026-09-30 07:43:02 - val epoch: 75, loss: 0.8135
2026-09-30 07:43:02 - train gamma: g2=0.100 g3=0.101 g4=0.100 g5=0.085
2026-09-30 07:43:03 - train: epoch 76, iter:0, loss: 0.6169, lr: 0.0008550178566873405
2026-09-30 07:43:06 - train: epoch 76, iter:20, loss: 0.5662, lr: 0.0008550178566873405
2026-09-30 07:43:09 - val epoch: 76, loss: 0.8602
2026-09-30 07:43:36 - train gamma: g2=0.100 g3=0.101 g4=0.100 g5=0.085
2026-09-30 07:43:37 - train: epoch 77, iter:0, loss: 0.5005, lr: 0.0008513333535541156
2026-09-30 07:43:40 - train: epoch 77, iter:20, loss: 0.5779, lr: 0.0008513333535541156
2026-09-30 07:43:44 - val epoch: 77, loss: 0.9114
2026-09-30 07:43:44 - train gamma: g2=0.100 g3=0.101 g4=0.100 g5=0.085
2026-09-30 07:43:45 - train: epoch 78, iter:0, loss: 0.5722, lr: 0.0008476108710658509
2026-09-30 07:43:48 - train: epoch 78, iter:20, loss: 0.5761, lr: 0.0008476108710658509
2026-09-30 07:43:51 - val epoch: 78, loss: 0.8675
2026-09-30 07:43:51 - train gamma: g2=0.100 g3=0.101 g4=0.100 g5=0.085
2026-09-30 07:43:53 - train: epoch 79, iter:0, loss: 0.5810, lr: 0.0008438508174347005
2026-09-30 07:43:56 - train: epoch 79, iter:20, loss: 0.5822, lr: 0.0008438508174347005
2026-09-30 07:43:59 - val epoch: 79, loss: 0.9039
2026-09-30 07:43:59 - train gamma: g2=0.100 g3=0.101 g4=0.100 g5=0.086
2026-09-30 07:44:00 - train: epoch 80, iter:0, loss: 0.4959, lr: 0.0008400536049929166
2026-09-30 07:44:04 - train: epoch 80, iter:20, loss: 0.5590, lr: 0.0008400536049929166
2026-09-30 07:44:07 - val epoch: 80, loss: 0.8647, miou: 0.7740814654364424, f1_or_dsc: 0.8726560538706832, accuracy: 0.9351576059171469,                 specificity: 0.9423707321405318, sensitivity: 0.9127377276749898, confusion_matrix: [[37754667  2308830]
 [ 1124775 11764816]]
2026-09-30 07:44:07 - train gamma: g2=0.100 g3=0.101 g4=0.100 g5=0.085
2026-09-30 07:44:08 - train: epoch 81, iter:0, loss: 0.5693, lr: 0.0008362196501476343
2026-09-30 07:44:11 - train: epoch 81, iter:20, loss: 0.5956, lr: 0.0008362196501476343
2026-09-30 07:44:14 - val epoch: 81, loss: 0.8593
2026-09-30 07:44:14 - train gamma: g2=0.100 g3=0.101 g4=0.100 g5=0.085
2026-09-30 07:44:16 - train: epoch 82, iter:0, loss: 0.5736, lr: 0.0008323493733352072
2026-09-30 07:44:19 - train: epoch 82, iter:20, loss: 0.5735, lr: 0.0008323493733352072
2026-09-30 07:44:22 - val epoch: 82, loss: 0.8505
2026-09-30 07:44:22 - train gamma: g2=0.100 g3=0.101 g4=0.100 g5=0.085
2026-09-30 07:44:23 - train: epoch 83, iter:0, loss: 0.5148, lr: 0.0008284431989751018
2026-09-30 07:44:26 - train: epoch 83, iter:20, loss: 0.5723, lr: 0.0008284431989751018
2026-09-30 07:44:30 - val epoch: 83, loss: 0.8385
2026-09-30 07:44:30 - train gamma: g2=0.100 g3=0.101 g4=0.101 g5=0.085
2026-09-30 07:44:31 - train: epoch 84, iter:0, loss: 0.5056, lr: 0.000824501555423355
2026-09-30 07:44:34 - train: epoch 84, iter:20, loss: 0.5872, lr: 0.000824501555423355
2026-09-30 07:45:06 - val epoch: 84, loss: 0.8233
2026-09-30 07:45:06 - train gamma: g2=0.100 g3=0.101 g4=0.101 g5=0.085
2026-09-30 07:45:07 - train: epoch 85, iter:0, loss: 0.6329, lr: 0.0008205248749256009
2026-09-30 07:45:10 - train: epoch 85, iter:20, loss: 0.6008, lr: 0.0008205248749256009
2026-09-30 07:45:14 - val epoch: 85, loss: 0.8695
2026-09-30 07:45:14 - train gamma: g2=0.100 g3=0.102 g4=0.101 g5=0.085
2026-09-30 07:45:15 - train: epoch 86, iter:0, loss: 0.6149, lr: 0.000816513593569669
2026-09-30 07:45:18 - train: epoch 86, iter:20, loss: 0.5784, lr: 0.000816513593569669
2026-09-30 07:45:21 - val epoch: 86, loss: 0.7969
2026-09-30 07:46:03 - train gamma: g2=0.100 g3=0.102 g4=0.101 g5=0.085
2026-09-30 07:46:05 - train: epoch 87, iter:0, loss: 0.6102, lr: 0.0008124681512377632
2026-09-30 07:46:08 - train: epoch 87, iter:20, loss: 0.5687, lr: 0.0008124681512377632
2026-09-30 07:46:11 - val epoch: 87, loss: 0.8067
2026-09-30 07:46:11 - train gamma: g2=0.100 g3=0.101 g4=0.101 g5=0.085
2026-09-30 07:46:12 - train: epoch 88, iter:0, loss: 0.5928, lr: 0.000808388991558223
2026-09-30 07:46:15 - train: epoch 88, iter:20, loss: 0.5844, lr: 0.000808388991558223
2026-09-30 07:46:19 - val epoch: 88, loss: 0.9275
2026-09-30 07:46:19 - train gamma: g2=0.100 g3=0.101 g4=0.101 g5=0.085
2026-09-30 07:46:20 - train: epoch 89, iter:0, loss: 0.5314, lr: 0.0008042765618568752
2026-09-30 07:46:23 - train: epoch 89, iter:20, loss: 0.5473, lr: 0.0008042765618568752
2026-09-30 07:46:26 - val epoch: 89, loss: 0.8017
2026-09-30 07:46:26 - train gamma: g2=0.100 g3=0.102 g4=0.101 g5=0.085
2026-09-30 07:46:28 - train: epoch 90, iter:0, loss: 0.4720, lr: 0.0008001313131079794
2026-09-30 07:46:31 - train: epoch 90, iter:20, loss: 0.5482, lr: 0.0008001313131079794
2026-09-30 07:46:34 - val epoch: 90, loss: 0.8368, miou: 0.7815800914635821, f1_or_dsc: 0.8774010163320897, accuracy: 0.9391751619848875,                 specificity: 0.9536584137924855, sensitivity: 0.8941582397765763, confusion_matrix: [[38206891  1856606]
 [ 1364257 11525334]]
2026-09-30 07:46:34 - train gamma: g2=0.101 g3=0.102 g4=0.101 g5=0.085
2026-09-30 07:46:35 - train: epoch 91, iter:0, loss: 0.6602, lr: 0.0007959536998847737
2026-09-30 07:46:38 - train: epoch 91, iter:20, loss: 0.5665, lr: 0.0007959536998847737
2026-09-30 07:46:42 - val epoch: 91, loss: 0.8763
2026-09-30 07:46:42 - train gamma: g2=0.100 g3=0.101 g4=0.101 g5=0.085
2026-09-30 07:46:43 - train: epoch 92, iter:0, loss: 0.4743, lr: 0.0007917441803096255
2026-09-30 07:46:46 - train: epoch 92, iter:20, loss: 0.5574, lr: 0.0007917441803096255
2026-09-30 07:46:50 - val epoch: 92, loss: 0.8418
2026-09-30 07:46:50 - train gamma: g2=0.101 g3=0.101 g4=0.101 g5=0.085
2026-09-30 07:46:51 - train: epoch 93, iter:0, loss: 0.6042, lr: 0.0007875032160037932
2026-09-30 07:46:54 - train: epoch 93, iter:20, loss: 0.5578, lr: 0.0007875032160037932
2026-09-30 07:46:57 - val epoch: 93, loss: 0.8393
2026-09-30 07:46:57 - train gamma: g2=0.101 g3=0.101 g4=0.101 g5=0.085
2026-09-30 07:46:59 - train: epoch 94, iter:0, loss: 0.4851, lr: 0.0007832312720368042
2026-09-30 07:47:02 - train: epoch 94, iter:20, loss: 0.5505, lr: 0.0007832312720368042
2026-09-30 07:47:05 - val epoch: 94, loss: 0.8462
2026-09-30 07:47:05 - train gamma: g2=0.101 g3=0.102 g4=0.101 g5=0.085
2026-09-30 07:47:06 - train: epoch 95, iter:0, loss: 0.4664, lr: 0.0007789288168754548
2026-09-30 07:47:09 - train: epoch 95, iter:20, loss: 0.5585, lr: 0.0007789288168754548
2026-09-30 07:47:13 - val epoch: 95, loss: 0.8676
2026-09-30 07:47:13 - train gamma: g2=0.101 g3=0.102 g4=0.101 g5=0.085
2026-09-30 07:47:14 - train: epoch 96, iter:0, loss: 0.4986, lr: 0.0007745963223324379
2026-09-30 07:47:18 - train: epoch 96, iter:20, loss: 0.5505, lr: 0.0007745963223324379
2026-09-30 07:47:21 - val epoch: 96, loss: 0.8540
2026-09-30 07:47:21 - train gamma: g2=0.101 g3=0.102 g4=0.101 g5=0.085
2026-09-30 07:47:22 - train: epoch 97, iter:0, loss: 0.4114, lr: 0.0007702342635146028
2026-09-30 07:47:25 - train: epoch 97, iter:20, loss: 0.5390, lr: 0.0007702342635146028
2026-09-30 07:47:29 - val epoch: 97, loss: 0.9256
2026-09-30 07:47:29 - train gamma: g2=0.101 g3=0.101 g4=0.101 g5=0.085
2026-09-30 07:47:30 - train: epoch 98, iter:0, loss: 0.4917, lr: 0.000765843118770855
2026-09-30 07:47:33 - train: epoch 98, iter:20, loss: 0.5709, lr: 0.000765843118770855
2026-09-30 07:47:36 - val epoch: 98, loss: 0.8242
2026-09-30 07:47:36 - train gamma: g2=0.101 g3=0.101 g4=0.101 g5=0.085
2026-09-30 07:47:37 - train: epoch 99, iter:0, loss: 0.4986, lr: 0.0007614233696396991
2026-09-30 07:47:40 - train: epoch 99, iter:20, loss: 0.5465, lr: 0.0007614233696396991
2026-09-30 07:47:44 - val epoch: 99, loss: 0.8502
2026-09-30 07:47:44 - train gamma: g2=0.101 g3=0.101 g4=0.101 g5=0.086
2026-09-30 07:47:45 - train: epoch 100, iter:0, loss: 0.5004, lr: 0.0007569755007964334
2026-09-30 07:47:48 - train: epoch 100, iter:20, loss: 0.5221, lr: 0.0007569755007964334
2026-09-30 07:47:52 - val epoch: 100, loss: 0.8149, miou: 0.789092194299229, f1_or_dsc: 0.8821146241804595, accuracy: 0.9418731916068804,                 specificity: 0.9574566593625115, sensitivity: 0.8934365721922441, confusion_matrix: [[38359062  1704435]
 [ 1373559 11516032]]
2026-09-30 07:47:52 - train gamma: g2=0.101 g3=0.101 g4=0.101 g5=0.086
2026-09-30 07:47:53 - train: epoch 101, iter:0, loss: 0.4993, lr: 0.0007524999999999996
2026-09-30 07:47:56 - train: epoch 101, iter:20, loss: 0.5411, lr: 0.0007524999999999996
2026-09-30 07:47:59 - val epoch: 101, loss: 0.8270
2026-09-30 07:47:59 - train gamma: g2=0.101 g3=0.102 g4=0.102 g5=0.086
2026-09-30 07:48:00 - train: epoch 102, iter:0, loss: 0.4607, lr: 0.0007479973580394943
2026-09-30 07:48:03 - train: epoch 102, iter:20, loss: 0.5387, lr: 0.0007479973580394943
2026-09-30 07:48:08 - val epoch: 102, loss: 0.8341
2026-09-30 07:48:08 - train gamma: g2=0.101 g3=0.102 g4=0.102 g5=0.085
2026-09-30 07:48:10 - train: epoch 103, iter:0, loss: 0.4826, lr: 0.0007434680686803487
2026-09-30 07:48:13 - train: epoch 103, iter:20, loss: 0.5403, lr: 0.0007434680686803487
2026-09-30 07:48:16 - val epoch: 103, loss: 0.8508
2026-09-30 07:48:16 - train gamma: g2=0.101 g3=0.102 g4=0.102 g5=0.085
2026-09-30 07:48:17 - train: epoch 104, iter:0, loss: 0.4709, lr: 0.0007389126286101815
2026-09-30 07:48:20 - train: epoch 104, iter:20, loss: 0.5093, lr: 0.0007389126286101815
2026-09-30 07:48:24 - val epoch: 104, loss: 0.8731
2026-09-30 07:48:24 - train gamma: g2=0.101 g3=0.102 g4=0.102 g5=0.085
2026-09-30 07:48:25 - train: epoch 105, iter:0, loss: 0.4953, lr: 0.0007343315373843313
2026-09-30 07:48:28 - train: epoch 105, iter:20, loss: 0.5280, lr: 0.0007343315373843313
2026-09-30 07:48:32 - val epoch: 105, loss: 0.9115
2026-09-30 07:48:32 - train gamma: g2=0.101 g3=0.102 g4=0.102 g5=0.086
2026-09-30 07:48:33 - train: epoch 106, iter:0, loss: 0.4219, lr: 0.0007297252973710753
2026-09-30 07:48:36 - train: epoch 106, iter:20, loss: 0.5327, lr: 0.0007297252973710753
2026-09-30 07:48:39 - val epoch: 106, loss: 0.8283
2026-09-30 07:48:39 - train gamma: g2=0.101 g3=0.102 g4=0.102 g5=0.086
2026-09-30 07:48:41 - train: epoch 107, iter:0, loss: 0.4996, lr: 0.0007250944136965387
2026-09-30 07:48:44 - train: epoch 107, iter:20, loss: 0.5096, lr: 0.0007250944136965387
2026-09-30 07:48:47 - val epoch: 107, loss: 0.8052
2026-09-30 07:48:47 - train gamma: g2=0.101 g3=0.102 g4=0.102 g5=0.086
2026-09-30 07:48:48 - train: epoch 108, iter:0, loss: 0.4902, lr: 0.0007204393941893019
2026-09-30 07:48:51 - train: epoch 108, iter:20, loss: 0.5300, lr: 0.0007204393941893019
2026-09-30 07:48:55 - val epoch: 108, loss: 0.8276
2026-09-30 07:48:55 - train gamma: g2=0.101 g3=0.102 g4=0.102 g5=0.086
2026-09-30 07:48:56 - train: epoch 109, iter:0, loss: 0.6138, lr: 0.0007157607493247106
2026-09-30 07:48:59 - train: epoch 109, iter:20, loss: 0.5483, lr: 0.0007157607493247106
2026-09-30 07:49:02 - val epoch: 109, loss: 0.8737
2026-09-30 07:49:02 - train gamma: g2=0.101 g3=0.102 g4=0.102 g5=0.085
2026-09-30 07:49:04 - train: epoch 110, iter:0, loss: 0.5520, lr: 0.0007110589921688983
2026-09-30 07:49:07 - train: epoch 110, iter:20, loss: 0.5435, lr: 0.0007110589921688983
2026-09-30 07:49:10 - val epoch: 110, loss: 0.8876, miou: 0.7705719851246042, f1_or_dsc: 0.8704215266010493, accuracy: 0.9362912697367148,                 specificity: 0.954704652966265, sensitivity: 0.8790586916217901, confusion_matrix: [[38248807  1814690]
 [ 1558884 11330707]]
2026-09-30 07:49:10 - train gamma: g2=0.101 g3=0.102 g4=0.102 g5=0.085
2026-09-30 07:49:11 - train: epoch 111, iter:0, loss: 0.3955, lr: 0.0007063346383225208
2026-09-30 07:49:14 - train: epoch 111, iter:20, loss: 0.5183, lr: 0.0007063346383225208
2026-09-30 07:49:18 - val epoch: 111, loss: 0.8353
2026-09-30 07:49:18 - train gamma: g2=0.101 g3=0.102 g4=0.102 g5=0.086
2026-09-30 07:49:19 - train: epoch 112, iter:0, loss: 0.4981, lr: 0.0007015882058642161
2026-09-30 07:49:22 - train: epoch 112, iter:20, loss: 0.5028, lr: 0.0007015882058642161
2026-09-30 07:49:26 - val epoch: 112, loss: 0.8527
2026-09-30 07:49:26 - train gamma: g2=0.101 g3=0.102 g4=0.102 g5=0.085
2026-09-30 07:49:27 - train: epoch 113, iter:0, loss: 0.4462, lr: 0.0006968202152937907
2026-09-30 07:49:30 - train: epoch 113, iter:20, loss: 0.5175, lr: 0.0006968202152937907
2026-09-30 07:49:33 - val epoch: 113, loss: 0.8273
2026-09-30 07:49:34 - train gamma: g2=0.101 g3=0.102 g4=0.102 g5=0.085
2026-09-30 07:49:35 - train: epoch 114, iter:0, loss: 0.4685, lr: 0.000692031189475141
2026-09-30 07:49:38 - train: epoch 114, iter:20, loss: 0.5158, lr: 0.000692031189475141
2026-09-30 07:49:42 - val epoch: 114, loss: 0.8316
2026-09-30 07:49:42 - train gamma: g2=0.101 g3=0.102 g4=0.102 g5=0.085
2026-09-30 07:49:43 - train: epoch 115, iter:0, loss: 0.5213, lr: 0.0006872216535789155
2026-09-30 07:49:46 - train: epoch 115, iter:20, loss: 0.5239, lr: 0.0006872216535789155
2026-09-30 07:49:49 - val epoch: 115, loss: 0.8794
2026-09-30 07:49:49 - train gamma: g2=0.101 g3=0.102 g4=0.103 g5=0.085
2026-09-30 07:49:50 - train: epoch 116, iter:0, loss: 0.4016, lr: 0.0006823921350249233
2026-09-30 07:49:54 - train: epoch 116, iter:20, loss: 0.4891, lr: 0.0006823921350249233
2026-09-30 07:49:57 - val epoch: 116, loss: 0.8480
2026-09-30 07:49:57 - train gamma: g2=0.101 g3=0.102 g4=0.103 g5=0.085
2026-09-30 07:49:58 - train: epoch 117, iter:0, loss: 0.5081, lr: 0.0006775431634242984
2026-09-30 07:50:01 - train: epoch 117, iter:20, loss: 0.5187, lr: 0.0006775431634242984
2026-09-30 07:50:04 - val epoch: 117, loss: 0.8566
2026-09-30 07:50:04 - train gamma: g2=0.101 g3=0.102 g4=0.102 g5=0.085
2026-09-30 07:50:06 - train: epoch 118, iter:0, loss: 0.4117, lr: 0.0006726752705214191
2026-09-30 07:50:09 - train: epoch 118, iter:20, loss: 0.5113, lr: 0.0006726752705214191
2026-09-30 07:50:12 - val epoch: 118, loss: 0.8423
2026-09-30 07:50:14 - train gamma: g2=0.101 g3=0.102 g4=0.102 g5=0.085
2026-09-30 07:50:15 - train: epoch 119, iter:0, loss: 0.4232, lr: 0.0006677889901355985
2026-09-30 07:50:18 - train: epoch 119, iter:20, loss: 0.5438, lr: 0.0006677889901355985
2026-09-30 07:50:21 - val epoch: 119, loss: 0.8552
2026-09-30 07:50:44 - train gamma: g2=0.101 g3=0.102 g4=0.103 g5=0.085
2026-09-30 07:50:45 - train: epoch 120, iter:0, loss: 0.4580, lr: 0.0006628848581025445
2026-09-30 07:50:48 - train: epoch 120, iter:20, loss: 0.5126, lr: 0.0006628848581025445
2026-09-30 07:50:51 - val epoch: 120, loss: 0.8165, miou: 0.7919217288025946, f1_or_dsc: 0.8838798213935113, accuracy: 0.9441661457023999,                 specificity: 0.9670681518390669, sensitivity: 0.8729820054026539, confusion_matrix: [[38744132  1319365]
 [ 1637210 11252381]]
2026-09-30 07:50:51 - train gamma: g2=0.101 g3=0.102 g4=0.103 g5=0.085
2026-09-30 07:50:53 - train: epoch 121, iter:0, loss: 0.4728, lr: 0.0006579634122155989
2026-09-30 07:50:56 - train: epoch 121, iter:20, loss: 0.5020, lr: 0.0006579634122155989
2026-09-30 07:50:59 - val epoch: 121, loss: 0.8385
2026-09-30 07:50:59 - train gamma: g2=0.101 g3=0.102 g4=0.103 g5=0.085
2026-09-30 07:51:00 - train: epoch 122, iter:0, loss: 0.5470, lr: 0.0006530251921667629
2026-09-30 07:51:03 - train: epoch 122, iter:20, loss: 0.5073, lr: 0.0006530251921667629
2026-09-30 07:51:07 - val epoch: 122, loss: 0.8409
2026-09-30 07:51:07 - train gamma: g2=0.101 g3=0.102 g4=0.103 g5=0.085
2026-09-30 07:51:08 - train: epoch 123, iter:0, loss: 0.5577, lr: 0.0006480707394875134
2026-09-30 07:51:11 - train: epoch 123, iter:20, loss: 0.5160, lr: 0.0006480707394875134
2026-09-30 07:51:15 - val epoch: 123, loss: 0.8506
2026-09-30 07:51:15 - train gamma: g2=0.101 g3=0.102 g4=0.103 g5=0.085
2026-09-30 07:51:16 - train: epoch 124, iter:0, loss: 0.8052, lr: 0.0006431005974894185
2026-09-30 07:51:19 - train: epoch 124, iter:20, loss: 0.5331, lr: 0.0006431005974894185
2026-09-30 07:51:23 - val epoch: 124, loss: 0.8592
2026-09-30 07:51:23 - train gamma: g2=0.101 g3=0.102 g4=0.103 g5=0.085
2026-09-30 07:51:24 - train: epoch 125, iter:0, loss: 0.4004, lr: 0.0006381153112045565
2026-09-30 07:51:27 - train: epoch 125, iter:20, loss: 0.5202, lr: 0.0006381153112045565
2026-09-30 07:51:30 - val epoch: 125, loss: 0.8889
2026-09-30 07:51:30 - train gamma: g2=0.101 g3=0.102 g4=0.103 g5=0.085
2026-09-30 07:51:31 - train: epoch 126, iter:0, loss: 0.5883, lr: 0.0006331154273257479
2026-09-30 07:51:34 - train: epoch 126, iter:20, loss: 0.5081, lr: 0.0006331154273257479
2026-09-30 07:51:38 - val epoch: 126, loss: 0.8059
2026-09-30 07:51:38 - train gamma: g2=0.101 g3=0.102 g4=0.103 g5=0.085
2026-09-30 07:51:39 - train: epoch 127, iter:0, loss: 0.4716, lr: 0.000628101494146603
2026-09-30 07:51:42 - train: epoch 127, iter:20, loss: 0.5096, lr: 0.000628101494146603
2026-09-30 07:51:45 - val epoch: 127, loss: 0.8454
2026-09-30 07:51:45 - train gamma: g2=0.101 g3=0.102 g4=0.103 g5=0.085
2026-09-30 07:51:46 - train: epoch 128, iter:0, loss: 0.4446, lr: 0.0006230740615013976
2026-09-30 07:51:49 - train: epoch 128, iter:20, loss: 0.5075, lr: 0.0006230740615013976
2026-09-30 07:51:53 - val epoch: 128, loss: 0.9218
2026-09-30 07:51:53 - train gamma: g2=0.101 g3=0.102 g4=0.103 g5=0.085
2026-09-30 07:51:54 - train: epoch 129, iter:0, loss: 0.6821, lr: 0.0006180336807047746
2026-09-30 07:51:57 - train: epoch 129, iter:20, loss: 0.5073, lr: 0.0006180336807047746
2026-09-30 07:52:00 - val epoch: 129, loss: 0.8543
2026-09-30 07:52:00 - train gamma: g2=0.102 g3=0.102 g4=0.103 g5=0.085
2026-09-30 07:52:02 - train: epoch 130, iter:0, loss: 0.7462, lr: 0.0006129809044912887
2026-09-30 07:52:05 - train: epoch 130, iter:20, loss: 0.5051, lr: 0.0006129809044912887
2026-09-30 07:52:09 - val epoch: 130, loss: 0.8780, miou: 0.780596917725353, f1_or_dsc: 0.8767811624907638, accuracy: 0.9409583818794477,                 specificity: 0.9660502676538696, sensitivity: 0.862967645753849, confusion_matrix: [[38703352  1360145]
 [ 1766291 11123300]]
2026-09-30 07:52:09 - train gamma: g2=0.101 g3=0.102 g4=0.103 g5=0.086
2026-09-30 07:52:10 - train: epoch 131, iter:0, loss: 0.4633, lr: 0.0006079162869547909
2026-09-30 07:52:13 - train: epoch 131, iter:20, loss: 0.4885, lr: 0.0006079162869547909
2026-09-30 07:52:16 - val epoch: 131, loss: 0.8687
2026-09-30 07:52:18 - train gamma: g2=0.102 g3=0.103 g4=0.103 g5=0.086
2026-09-30 07:52:20 - train: epoch 132, iter:0, loss: 0.4433, lr: 0.0006028403834876673
2026-09-30 07:52:23 - train: epoch 132, iter:20, loss: 0.4879, lr: 0.0006028403834876673
2026-09-30 07:52:26 - val epoch: 132, loss: 0.8516
2026-09-30 07:52:27 - train gamma: g2=0.102 g3=0.103 g4=0.103 g5=0.086
2026-09-30 07:52:28 - train: epoch 133, iter:0, loss: 0.4184, lr: 0.0005977537507199337
2026-09-30 07:52:31 - train: epoch 133, iter:20, loss: 0.5009, lr: 0.0005977537507199337
2026-09-30 07:52:34 - val epoch: 133, loss: 0.8239
2026-09-30 07:52:34 - train gamma: g2=0.101 g3=0.103 g4=0.103 g5=0.086
2026-09-30 07:52:36 - train: epoch 134, iter:0, loss: 0.4309, lr: 0.0005926569464581937
2026-09-30 07:52:39 - train: epoch 134, iter:20, loss: 0.4947, lr: 0.0005926569464581937
2026-09-30 07:52:42 - val epoch: 134, loss: 0.8649
2026-09-30 07:52:42 - train gamma: g2=0.102 g3=0.103 g4=0.103 g5=0.086
2026-09-30 07:52:43 - train: epoch 135, iter:0, loss: 0.4979, lr: 0.0005875505296244705
2026-09-30 07:52:46 - train: epoch 135, iter:20, loss: 0.4826, lr: 0.0005875505296244705
2026-09-30 07:52:50 - val epoch: 135, loss: 0.8997
2026-09-30 07:52:51 - train gamma: g2=0.101 g3=0.103 g4=0.103 g5=0.086
2026-09-30 07:52:52 - train: epoch 136, iter:0, loss: 0.5143, lr: 0.0005824350601949142
2026-09-30 07:52:56 - train: epoch 136, iter:20, loss: 0.4815, lr: 0.0005824350601949142
2026-09-30 07:52:59 - val epoch: 136, loss: 0.8147
2026-09-30 07:52:59 - train gamma: g2=0.102 g3=0.103 g4=0.103 g5=0.086
2026-09-30 07:53:00 - train: epoch 137, iter:0, loss: 0.6181, lr: 0.0005773110991383937
2026-09-30 07:53:03 - train: epoch 137, iter:20, loss: 0.4826, lr: 0.0005773110991383937
2026-09-30 07:53:09 - val epoch: 137, loss: 0.8677
2026-09-30 07:53:09 - train gamma: g2=0.102 g3=0.103 g4=0.103 g5=0.086
2026-09-30 07:53:10 - train: epoch 138, iter:0, loss: 0.3556, lr: 0.0005721792083549806
2026-09-30 07:53:13 - train: epoch 138, iter:20, loss: 0.4779, lr: 0.0005721792083549806
2026-09-30 07:53:16 - val epoch: 138, loss: 0.8737
2026-09-30 07:53:16 - train gamma: g2=0.101 g3=0.103 g4=0.103 g5=0.087
2026-09-30 07:53:17 - train: epoch 139, iter:0, loss: 0.5464, lr: 0.0005670399506143306
2026-09-30 07:53:21 - train: epoch 139, iter:20, loss: 0.4931, lr: 0.0005670399506143306
2026-09-30 07:53:24 - val epoch: 139, loss: 0.8459
2026-09-30 07:53:24 - train gamma: g2=0.102 g3=0.103 g4=0.104 g5=0.086
2026-09-30 07:53:25 - train: epoch 140, iter:0, loss: 0.4879, lr: 0.000561893889493969
2026-09-30 07:53:28 - train: epoch 140, iter:20, loss: 0.4728, lr: 0.000561893889493969
2026-09-30 07:53:32 - val epoch: 140, loss: 0.8636, miou: 0.7796406666717506, f1_or_dsc: 0.876177625374025, accuracy: 0.9399738311767578,                 specificity: 0.961688341883885, sensitivity: 0.8724806706434672, confusion_matrix: [[38528598  1534899]
 [ 1643672 11245919]]
2026-09-30 07:53:32 - train gamma: g2=0.102 g3=0.103 g4=0.104 g5=0.087
2026-09-30 07:53:33 - train: epoch 141, iter:0, loss: 0.4725, lr: 0.0005567415893174885
2026-09-30 07:53:36 - train: epoch 141, iter:20, loss: 0.4954, lr: 0.0005567415893174885
2026-09-30 07:53:40 - val epoch: 141, loss: 0.8318
2026-09-30 07:53:40 - train gamma: g2=0.102 g3=0.103 g4=0.104 g5=0.087
2026-09-30 07:53:41 - train: epoch 142, iter:0, loss: 0.4280, lr: 0.0005515836150926646
2026-09-30 07:53:44 - train: epoch 142, iter:20, loss: 0.4756, lr: 0.0005515836150926646
2026-09-30 07:53:47 - val epoch: 142, loss: 0.8824
2026-09-30 07:53:47 - train gamma: g2=0.102 g3=0.103 g4=0.103 g5=0.087
2026-09-30 07:53:49 - train: epoch 143, iter:0, loss: 0.4609, lr: 0.0005464205324494961
2026-09-30 07:53:52 - train: epoch 143, iter:20, loss: 0.4727, lr: 0.0005464205324494961
2026-09-30 07:53:55 - val epoch: 143, loss: 0.8671
2026-09-30 07:53:55 - train gamma: g2=0.102 g3=0.103 g4=0.104 g5=0.087
2026-09-30 07:53:56 - train: epoch 144, iter:0, loss: 0.4487, lr: 0.0005412529075781776
2026-09-30 07:53:59 - train: epoch 144, iter:20, loss: 0.4854, lr: 0.0005412529075781776
2026-09-30 07:54:03 - val epoch: 144, loss: 0.8592
2026-09-30 07:54:03 - train gamma: g2=0.102 g3=0.103 g4=0.104 g5=0.087
2026-09-30 07:54:04 - train: epoch 145, iter:0, loss: 0.4785, lr: 0.0005360813071670101
2026-09-30 07:54:07 - train: epoch 145, iter:20, loss: 0.4649, lr: 0.0005360813071670101
2026-09-30 07:54:12 - val epoch: 145, loss: 0.8377
2026-09-30 07:54:12 - train gamma: g2=0.102 g3=0.103 g4=0.104 g5=0.087
2026-09-30 07:54:13 - train: epoch 146, iter:0, loss: 0.4470, lr: 0.0005309062983402573
2026-09-30 07:54:16 - train: epoch 146, iter:20, loss: 0.4663, lr: 0.0005309062983402573
2026-09-30 07:54:20 - val epoch: 146, loss: 0.8933
2026-09-30 07:54:20 - train gamma: g2=0.102 g3=0.103 g4=0.104 g5=0.087
2026-09-30 07:54:21 - train: epoch 147, iter:0, loss: 0.4950, lr: 0.0005257284485959538
2026-09-30 07:54:24 - train: epoch 147, iter:20, loss: 0.4759, lr: 0.0005257284485959538
2026-09-30 07:54:27 - val epoch: 147, loss: 0.8435
2026-09-30 07:54:27 - train gamma: g2=0.102 g3=0.103 g4=0.104 g5=0.087
2026-09-30 07:54:28 - train: epoch 148, iter:0, loss: 0.3976, lr: 0.0005205483257436734
2026-09-30 07:54:31 - train: epoch 148, iter:20, loss: 0.4892, lr: 0.0005205483257436734
2026-09-30 07:54:35 - val epoch: 148, loss: 0.9235
2026-09-30 07:54:35 - train gamma: g2=0.102 g3=0.103 g4=0.104 g5=0.087
2026-09-30 07:54:36 - train: epoch 149, iter:0, loss: 0.4700, lr: 0.0005153664978422616
2026-09-30 07:54:39 - train: epoch 149, iter:20, loss: 0.4588, lr: 0.0005153664978422616
2026-09-30 07:54:43 - val epoch: 149, loss: 0.8933
2026-09-30 07:54:43 - train gamma: g2=0.102 g3=0.103 g4=0.104 g5=0.087
2026-09-30 07:54:44 - train: epoch 150, iter:0, loss: 0.6673, lr: 0.0005101835331375416
2026-09-30 07:54:47 - train: epoch 150, iter:20, loss: 0.4619, lr: 0.0005101835331375416
2026-09-30 07:54:51 - val epoch: 150, loss: 0.9503, miou: 0.7694589921521314, f1_or_dsc: 0.8697110196560873, accuracy: 0.9387777913915049,                 specificity: 0.9707321854604953, sensitivity: 0.8394569695811139, confusion_matrix: [[38890926  1172571]
 [ 2069334 10820257]]
2026-09-30 07:54:51 - train gamma: g2=0.102 g3=0.103 g4=0.104 g5=0.088
2026-09-30 07:54:52 - train: epoch 151, iter:0, loss: 0.4901, lr: 0.0005049999999999999
2026-09-30 07:54:55 - train: epoch 151, iter:20, loss: 0.4702, lr: 0.0005049999999999999
2026-09-30 07:54:58 - val epoch: 151, loss: 0.8582
2026-09-30 07:55:40 - train gamma: g2=0.102 g3=0.103 g4=0.104 g5=0.088
2026-09-30 07:55:41 - train: epoch 152, iter:0, loss: 0.4653, lr: 0.0004998164668624582
2026-09-30 07:55:44 - train: epoch 152, iter:20, loss: 0.4808, lr: 0.0004998164668624582
2026-09-30 07:55:47 - val epoch: 152, loss: 0.8981
2026-09-30 07:55:47 - train gamma: g2=0.102 g3=0.103 g4=0.104 g5=0.088
2026-09-30 07:55:49 - train: epoch 153, iter:0, loss: 0.3943, lr: 0.0004946335021577383
2026-09-30 07:55:52 - train: epoch 153, iter:20, loss: 0.4781, lr: 0.0004946335021577383
2026-09-30 07:55:55 - val epoch: 153, loss: 0.8531
2026-09-30 07:55:55 - train gamma: g2=0.102 g3=0.103 g4=0.104 g5=0.088
2026-09-30 07:55:56 - train: epoch 154, iter:0, loss: 0.4419, lr: 0.0004894516742563263
2026-09-30 07:55:59 - train: epoch 154, iter:20, loss: 0.4510, lr: 0.0004894516742563263
2026-09-30 07:56:03 - val epoch: 154, loss: 0.8715
2026-09-30 07:56:03 - train gamma: g2=0.102 g3=0.103 g4=0.105 g5=0.088
2026-09-30 07:56:04 - train: epoch 155, iter:0, loss: 0.4861, lr: 0.000484271551404046
2026-09-30 07:56:07 - train: epoch 155, iter:20, loss: 0.4637, lr: 0.000484271551404046
2026-09-30 07:56:10 - val epoch: 155, loss: 0.8413
2026-09-30 07:56:10 - train gamma: g2=0.102 g3=0.104 g4=0.105 g5=0.088
2026-09-30 07:56:12 - train: epoch 156, iter:0, loss: 0.4672, lr: 0.0004790937016597426
2026-09-30 07:56:15 - train: epoch 156, iter:20, loss: 0.4836, lr: 0.0004790937016597426
2026-09-30 07:56:18 - val epoch: 156, loss: 0.8381
2026-09-30 07:56:18 - train gamma: g2=0.102 g3=0.104 g4=0.105 g5=0.088
2026-09-30 07:56:19 - train: epoch 157, iter:0, loss: 0.4463, lr: 0.0004739186928329898
2026-09-30 07:56:22 - train: epoch 157, iter:20, loss: 0.4694, lr: 0.0004739186928329898
2026-09-30 07:56:25 - val epoch: 157, loss: 0.8225
2026-09-30 07:56:25 - train gamma: g2=0.102 g3=0.104 g4=0.105 g5=0.088
2026-09-30 07:56:27 - train: epoch 158, iter:0, loss: 0.4254, lr: 0.0004687470924218222
2026-09-30 07:56:30 - train: epoch 158, iter:20, loss: 0.4645, lr: 0.0004687470924218222
2026-09-30 07:56:33 - val epoch: 158, loss: 0.8554
2026-09-30 07:56:33 - train gamma: g2=0.102 g3=0.104 g4=0.105 g5=0.088
2026-09-30 07:56:34 - train: epoch 159, iter:0, loss: 0.4162, lr: 0.00046357946755050356
2026-09-30 07:56:37 - train: epoch 159, iter:20, loss: 0.4636, lr: 0.00046357946755050356
2026-09-30 07:56:42 - val epoch: 159, loss: 0.8193
2026-09-30 07:56:42 - train gamma: g2=0.102 g3=0.104 g4=0.105 g5=0.088
2026-09-30 07:56:43 - train: epoch 160, iter:0, loss: 0.4248, lr: 0.00045841638490733513
2026-09-30 07:56:46 - train: epoch 160, iter:20, loss: 0.4738, lr: 0.00045841638490733513
2026-09-30 07:56:50 - val epoch: 160, loss: 0.9011, miou: 0.7810529264877292, f1_or_dsc: 0.8770687438558951, accuracy: 0.9428558349609375,                 specificity: 0.9767639355096736, sensitivity: 0.837462492021663, confusion_matrix: [[39132579   930918]
 [ 2095042 10794549]]
2026-09-30 07:56:50 - train gamma: g2=0.102 g3=0.104 g4=0.105 g5=0.089
2026-09-30 07:56:51 - train: epoch 161, iter:0, loss: 0.3959, lr: 0.00045325841068251133
2026-09-30 07:56:54 - train: epoch 161, iter:20, loss: 0.4741, lr: 0.00045325841068251133
2026-09-30 07:56:58 - val epoch: 161, loss: 0.8387
2026-09-30 07:56:58 - train gamma: g2=0.102 g3=0.104 g4=0.105 g5=0.089
2026-09-30 07:56:59 - train: epoch 162, iter:0, loss: 0.4845, lr: 0.0004481061105060308
2026-09-30 07:57:02 - train: epoch 162, iter:20, loss: 0.4803, lr: 0.0004481061105060308
2026-09-30 07:57:05 - val epoch: 162, loss: 0.8358
2026-09-30 07:57:22 - train gamma: g2=0.102 g3=0.104 g4=0.105 g5=0.089
2026-09-30 07:57:23 - train: epoch 163, iter:0, loss: 0.4692, lr: 0.0004429600493856691
2026-09-30 07:57:26 - train: epoch 163, iter:20, loss: 0.4615, lr: 0.0004429600493856691
2026-09-30 07:57:30 - val epoch: 163, loss: 0.8747
2026-09-30 07:57:30 - train gamma: g2=0.102 g3=0.104 g4=0.105 g5=0.089
2026-09-30 07:57:31 - train: epoch 164, iter:0, loss: 0.5518, lr: 0.000437820791645019
2026-09-30 07:57:34 - train: epoch 164, iter:20, loss: 0.4714, lr: 0.000437820791645019
2026-09-30 07:57:38 - val epoch: 164, loss: 0.8646
2026-09-30 07:57:38 - train gamma: g2=0.102 g3=0.104 g4=0.105 g5=0.089
2026-09-30 07:57:39 - train: epoch 165, iter:0, loss: 0.4305, lr: 0.00043268890086160604
2026-09-30 07:57:42 - train: epoch 165, iter:20, loss: 0.4523, lr: 0.00043268890086160604
2026-09-30 07:57:46 - val epoch: 165, loss: 0.8297
2026-09-30 07:57:48 - train gamma: g2=0.102 g3=0.104 g4=0.105 g5=0.089
2026-09-30 07:57:50 - train: epoch 166, iter:0, loss: 0.3870, lr: 0.0004275649398050855
2026-09-30 07:57:53 - train: epoch 166, iter:20, loss: 0.4610, lr: 0.0004275649398050855
2026-09-30 07:57:56 - val epoch: 166, loss: 0.8347
2026-09-30 07:57:56 - train gamma: g2=0.102 g3=0.104 g4=0.105 g5=0.089
2026-09-30 07:57:58 - train: epoch 167, iter:0, loss: 0.4085, lr: 0.0004224494703755289
2026-09-30 07:58:01 - train: epoch 167, iter:20, loss: 0.4546, lr: 0.0004224494703755289
2026-09-30 07:58:04 - val epoch: 167, loss: 0.8756
2026-09-30 07:58:04 - train gamma: g2=0.102 g3=0.104 g4=0.105 g5=0.089
2026-09-30 07:58:05 - train: epoch 168, iter:0, loss: 0.4515, lr: 0.00041734305354180595
2026-09-30 07:58:09 - train: epoch 168, iter:20, loss: 0.4532, lr: 0.00041734305354180595
2026-09-30 07:58:12 - val epoch: 168, loss: 0.8878
2026-09-30 07:58:13 - train gamma: g2=0.102 g3=0.104 g4=0.105 g5=0.089
2026-09-30 07:58:15 - train: epoch 169, iter:0, loss: 0.4416, lr: 0.000412246249280066
2026-09-30 07:58:18 - train: epoch 169, iter:20, loss: 0.4421, lr: 0.000412246249280066
2026-09-30 07:58:21 - val epoch: 169, loss: 0.8409
2026-09-30 07:58:21 - train gamma: g2=0.102 g3=0.104 g4=0.105 g5=0.089
2026-09-30 07:58:23 - train: epoch 170, iter:0, loss: 0.4945, lr: 0.0004071596165123322
2026-09-30 07:58:26 - train: epoch 170, iter:20, loss: 0.4458, lr: 0.0004071596165123322
2026-09-30 07:58:29 - val epoch: 170, loss: 0.8720, miou: 0.785912451268866, f1_or_dsc: 0.8801242756446276, accuracy: 0.9422347569229579,                 specificity: 0.9650992523193869, sensitivity: 0.8711672077104696, confusion_matrix: [[38665251  1398246]
 [ 1660602 11228989]]
2026-09-30 07:58:29 - train gamma: g2=0.102 g3=0.104 g4=0.105 g5=0.089
2026-09-30 07:58:30 - train: epoch 171, iter:0, loss: 0.4530, lr: 0.0004020837130452088
2026-09-30 07:58:34 - train: epoch 171, iter:20, loss: 0.4545, lr: 0.0004020837130452088
2026-09-30 07:58:37 - val epoch: 171, loss: 0.8863
2026-09-30 07:58:37 - train gamma: g2=0.102 g3=0.104 g4=0.105 g5=0.089
2026-09-30 07:58:38 - train: epoch 172, iter:0, loss: 0.4269, lr: 0.00039701909550871116
2026-09-30 07:58:41 - train: epoch 172, iter:20, loss: 0.4679, lr: 0.00039701909550871116
2026-09-30 07:58:45 - val epoch: 172, loss: 0.8817
2026-09-30 07:58:45 - train gamma: g2=0.102 g3=0.104 g4=0.105 g5=0.090
2026-09-30 07:58:46 - train: epoch 173, iter:0, loss: 0.3840, lr: 0.0003919663192952252
2026-09-30 07:58:49 - train: epoch 173, iter:20, loss: 0.4433, lr: 0.0003919663192952252
2026-09-30 07:58:53 - val epoch: 173, loss: 0.9182
2026-09-30 07:58:53 - train gamma: g2=0.102 g3=0.104 g4=0.106 g5=0.090
2026-09-30 07:58:54 - train: epoch 174, iter:0, loss: 0.3597, lr: 0.0003869259384986023
2026-09-30 07:58:57 - train: epoch 174, iter:20, loss: 0.4577, lr: 0.0003869259384986023
2026-09-30 07:59:00 - val epoch: 174, loss: 0.8655
2026-09-30 07:59:00 - train gamma: g2=0.102 g3=0.104 g4=0.106 g5=0.090
2026-09-30 07:59:02 - train: epoch 175, iter:0, loss: 0.3886, lr: 0.0003818985058533967
2026-09-30 07:59:05 - train: epoch 175, iter:20, loss: 0.4309, lr: 0.0003818985058533967
2026-09-30 07:59:08 - val epoch: 175, loss: 0.8333
2026-09-30 07:59:08 - train gamma: g2=0.102 g3=0.104 g4=0.106 g5=0.090
2026-09-30 07:59:09 - train: epoch 176, iter:0, loss: 0.5518, lr: 0.00037688457267425206
2026-09-30 07:59:12 - train: epoch 176, iter:20, loss: 0.4416, lr: 0.00037688457267425206
2026-09-30 07:59:16 - val epoch: 176, loss: 0.8833
2026-09-30 07:59:16 - train gamma: g2=0.102 g3=0.104 g4=0.106 g5=0.090
2026-09-30 07:59:17 - train: epoch 177, iter:0, loss: 0.4601, lr: 0.0003718846887954434
2026-09-30 07:59:20 - train: epoch 177, iter:20, loss: 0.4311, lr: 0.0003718846887954434
2026-09-30 07:59:24 - val epoch: 177, loss: 0.8431
2026-09-30 07:59:24 - train gamma: g2=0.102 g3=0.104 g4=0.106 g5=0.090
2026-09-30 07:59:25 - train: epoch 178, iter:0, loss: 0.4552, lr: 0.0003668994025105812
2026-09-30 07:59:28 - train: epoch 178, iter:20, loss: 0.4555, lr: 0.0003668994025105812
2026-09-30 07:59:31 - val epoch: 178, loss: 0.8616
2026-09-30 07:59:31 - train gamma: g2=0.103 g3=0.104 g4=0.106 g5=0.090
2026-09-30 07:59:33 - train: epoch 179, iter:0, loss: 0.3277, lr: 0.0003619292605124862
2026-09-30 07:59:36 - train: epoch 179, iter:20, loss: 0.4422, lr: 0.0003619292605124862
2026-09-30 07:59:39 - val epoch: 179, loss: 0.8515
2026-09-30 07:59:39 - train gamma: g2=0.102 g3=0.104 g4=0.106 g5=0.090
2026-09-30 07:59:40 - train: epoch 180, iter:0, loss: 0.4915, lr: 0.00035697480783323686
2026-09-30 07:59:45 - train: epoch 180, iter:20, loss: 0.4368, lr: 0.00035697480783323686
2026-09-30 07:59:49 - val epoch: 180, loss: 0.8453, miou: 0.7924294317822346, f1_or_dsc: 0.8841959607796802, accuracy: 0.9429739961529723,                 specificity: 0.9586095292680017, sensitivity: 0.8943755469044751, confusion_matrix: [[38405250  1658247]
 [ 1361456 11528135]]
2026-09-30 07:59:49 - train gamma: g2=0.103 g3=0.104 g4=0.106 g5=0.090
2026-09-30 07:59:50 - train: epoch 181, iter:0, loss: 0.4483, lr: 0.00035203658778440076
2026-09-30 07:59:53 - train: epoch 181, iter:20, loss: 0.4558, lr: 0.00035203658778440076
2026-09-30 07:59:57 - val epoch: 181, loss: 0.8641
2026-09-30 07:59:57 - train gamma: g2=0.102 g3=0.104 g4=0.106 g5=0.090
2026-09-30 07:59:58 - train: epoch 182, iter:0, loss: 0.4224, lr: 0.00034711514189745505
2026-09-30 08:00:01 - train: epoch 182, iter:20, loss: 0.4329, lr: 0.00034711514189745505
2026-09-30 08:00:05 - val epoch: 182, loss: 0.8693
2026-09-30 08:00:05 - train gamma: g2=0.103 g3=0.104 g4=0.106 g5=0.090
2026-09-30 08:00:06 - train: epoch 183, iter:0, loss: 0.4208, lr: 0.00034221100986440094
2026-09-30 08:00:09 - train: epoch 183, iter:20, loss: 0.4337, lr: 0.00034221100986440094
2026-09-30 08:00:13 - val epoch: 183, loss: 0.8683
2026-09-30 08:00:13 - train gamma: g2=0.103 g3=0.104 g4=0.106 g5=0.090
2026-09-30 08:00:14 - train: epoch 184, iter:0, loss: 0.4041, lr: 0.0003373247294785804
2026-09-30 08:00:17 - train: epoch 184, iter:20, loss: 0.4288, lr: 0.0003373247294785804
2026-09-30 08:00:21 - val epoch: 184, loss: 0.8687
2026-09-30 08:00:21 - train gamma: g2=0.103 g3=0.104 g4=0.106 g5=0.090
2026-09-30 08:00:22 - train: epoch 185, iter:0, loss: 0.4430, lr: 0.0003324568365757012
2026-09-30 08:00:25 - train: epoch 185, iter:20, loss: 0.4336, lr: 0.0003324568365757012
2026-09-30 08:00:29 - val epoch: 185, loss: 0.8900
2026-09-30 08:00:29 - train gamma: g2=0.103 g3=0.104 g4=0.106 g5=0.090
2026-09-30 08:00:30 - train: epoch 186, iter:0, loss: 0.4025, lr: 0.0003276078649750761
2026-09-30 08:00:33 - train: epoch 186, iter:20, loss: 0.4421, lr: 0.0003276078649750761
2026-09-30 08:00:37 - val epoch: 186, loss: 0.8954
2026-09-30 08:00:37 - train gamma: g2=0.103 g3=0.104 g4=0.106 g5=0.091
2026-09-30 08:00:38 - train: epoch 187, iter:0, loss: 0.4640, lr: 0.00032277834642108417
2026-09-30 08:00:41 - train: epoch 187, iter:20, loss: 0.4369, lr: 0.00032277834642108417
2026-09-30 08:00:44 - val epoch: 187, loss: 0.9641
2026-09-30 08:00:44 - train gamma: g2=0.103 g3=0.104 g4=0.106 g5=0.091
2026-09-30 08:00:46 - train: epoch 188, iter:0, loss: 0.4072, lr: 0.00031796881052485835
2026-09-30 08:00:49 - train: epoch 188, iter:20, loss: 0.4248, lr: 0.00031796881052485835
2026-09-30 08:00:52 - val epoch: 188, loss: 0.8940
2026-09-30 08:00:52 - train gamma: g2=0.103 g3=0.104 g4=0.106 g5=0.091
2026-09-30 08:00:53 - train: epoch 189, iter:0, loss: 0.3333, lr: 0.00031317978470620867
2026-09-30 08:00:56 - train: epoch 189, iter:20, loss: 0.4206, lr: 0.00031317978470620867
2026-09-30 08:01:00 - val epoch: 189, loss: 0.8818
2026-09-30 08:01:00 - train gamma: g2=0.103 g3=0.104 g4=0.106 g5=0.091
2026-09-30 08:01:02 - train: epoch 190, iter:0, loss: 0.4237, lr: 0.00030841179413578315
2026-09-30 08:01:05 - train: epoch 190, iter:20, loss: 0.4439, lr: 0.00030841179413578315
2026-09-30 08:01:08 - val epoch: 190, loss: 0.8407, miou: 0.7926085375193993, f1_or_dsc: 0.8843074446317277, accuracy: 0.9445536773983795,                 specificity: 0.9683634206969002, sensitivity: 0.8705481035046031, confusion_matrix: [[38796025  1267472]
 [ 1668582 11221009]]
2026-09-30 08:01:08 - train gamma: g2=0.103 g3=0.104 g4=0.106 g5=0.091
2026-09-30 08:01:09 - train: epoch 191, iter:0, loss: 0.3595, lr: 0.0003036653616774785
2026-09-30 08:01:12 - train: epoch 191, iter:20, loss: 0.4406, lr: 0.0003036653616774785
2026-09-30 08:01:16 - val epoch: 191, loss: 0.8412
2026-09-30 08:01:16 - train gamma: g2=0.103 g3=0.104 g4=0.106 g5=0.091
2026-09-30 08:01:17 - train: epoch 192, iter:0, loss: 0.3685, lr: 0.0002989410078311011
2026-09-30 08:01:20 - train: epoch 192, iter:20, loss: 0.4432, lr: 0.0002989410078311011
2026-09-30 08:01:24 - val epoch: 192, loss: 0.8727
2026-09-30 08:01:24 - train gamma: g2=0.103 g3=0.104 g4=0.106 g5=0.091
2026-09-30 08:01:26 - train: epoch 193, iter:0, loss: 0.3629, lr: 0.00029423925067528865
2026-09-30 08:01:29 - train: epoch 193, iter:20, loss: 0.4291, lr: 0.00029423925067528865
2026-09-30 08:01:32 - val epoch: 193, loss: 0.8612
2026-09-30 08:01:32 - train gamma: g2=0.103 g3=0.105 g4=0.106 g5=0.091
2026-09-30 08:01:33 - train: epoch 194, iter:0, loss: 0.4470, lr: 0.0002895606058106975
2026-09-30 08:01:36 - train: epoch 194, iter:20, loss: 0.4243, lr: 0.0002895606058106975
2026-09-30 08:01:40 - val epoch: 194, loss: 0.8531
2026-09-30 08:01:40 - train gamma: g2=0.103 g3=0.105 g4=0.106 g5=0.091
2026-09-30 08:01:42 - train: epoch 195, iter:0, loss: 0.4440, lr: 0.0002849055863034606
2026-09-30 08:01:45 - train: epoch 195, iter:20, loss: 0.4279, lr: 0.0002849055863034606
2026-09-30 08:01:49 - val epoch: 195, loss: 0.9054
2026-09-30 08:01:49 - train gamma: g2=0.103 g3=0.105 g4=0.106 g5=0.092
2026-09-30 08:01:50 - train: epoch 196, iter:0, loss: 0.4885, lr: 0.00028027470262892396
2026-09-30 08:01:53 - train: epoch 196, iter:20, loss: 0.4433, lr: 0.00028027470262892396
2026-09-30 08:01:56 - val epoch: 196, loss: 0.8869
2026-09-30 08:01:56 - train gamma: g2=0.103 g3=0.105 g4=0.106 g5=0.092
2026-09-30 08:01:58 - train: epoch 197, iter:0, loss: 0.4501, lr: 0.0002756684626156682
2026-09-30 08:02:01 - train: epoch 197, iter:20, loss: 0.4352, lr: 0.0002756684626156682
2026-09-30 08:02:04 - val epoch: 197, loss: 0.8810
2026-09-30 08:02:05 - train gamma: g2=0.103 g3=0.105 g4=0.106 g5=0.092
2026-09-30 08:02:06 - train: epoch 198, iter:0, loss: 0.4163, lr: 0.000271087371389818
2026-09-30 08:02:09 - train: epoch 198, iter:20, loss: 0.4222, lr: 0.000271087371389818
2026-09-30 08:02:13 - val epoch: 198, loss: 0.8493
2026-09-30 08:02:13 - train gamma: g2=0.103 g3=0.105 g4=0.106 g5=0.092
2026-09-30 08:02:14 - train: epoch 199, iter:0, loss: 0.3997, lr: 0.0002665319313196505
2026-09-30 08:02:17 - train: epoch 199, iter:20, loss: 0.4266, lr: 0.0002665319313196505
2026-09-30 08:02:20 - val epoch: 199, loss: 0.8892
2026-09-30 08:02:20 - train gamma: g2=0.103 g3=0.105 g4=0.107 g5=0.092
2026-09-30 08:02:22 - train: epoch 200, iter:0, loss: 0.3708, lr: 0.00026200264196050494
2026-09-30 08:02:25 - train: epoch 200, iter:20, loss: 0.4181, lr: 0.00026200264196050494
2026-09-30 08:02:28 - val epoch: 200, loss: 0.8529, miou: 0.7863439092091223, f1_or_dsc: 0.8803947606676304, accuracy: 0.9416844396307917,                 specificity: 0.9609746747768922, sensitivity: 0.8817264256096257, confusion_matrix: [[38500006  1563491]
 [ 1524498 11365093]]
2026-09-30 08:02:29 - train gamma: g2=0.103 g3=0.105 g4=0.107 g5=0.092
2026-09-30 08:02:30 - train: epoch 201, iter:0, loss: 0.4039, lr: 0.00025749999999999954
2026-09-30 08:02:33 - train: epoch 201, iter:20, loss: 0.4130, lr: 0.00025749999999999954
2026-09-30 08:02:37 - val epoch: 201, loss: 0.8836
2026-09-30 08:02:37 - train gamma: g2=0.103 g3=0.105 g4=0.107 g5=0.092
2026-09-30 08:02:38 - train: epoch 202, iter:0, loss: 0.4829, lr: 0.0002530244992035658
2026-09-30 08:02:41 - train: epoch 202, iter:20, loss: 0.4136, lr: 0.0002530244992035658
2026-09-30 08:02:45 - val epoch: 202, loss: 0.8799
2026-09-30 08:02:45 - train gamma: g2=0.103 g3=0.105 g4=0.107 g5=0.092
2026-09-30 08:02:47 - train: epoch 203, iter:0, loss: 0.4572, lr: 0.0002485766303603003
2026-09-30 08:02:50 - train: epoch 203, iter:20, loss: 0.4214, lr: 0.0002485766303603003
2026-09-30 08:02:53 - val epoch: 203, loss: 0.8509
2026-09-30 08:02:53 - train gamma: g2=0.103 g3=0.105 g4=0.107 g5=0.092
2026-09-30 08:02:55 - train: epoch 204, iter:0, loss: 0.3948, lr: 0.0002441568812291443
2026-09-30 08:02:58 - train: epoch 204, iter:20, loss: 0.4159, lr: 0.0002441568812291443
2026-09-30 08:03:01 - val epoch: 204, loss: 0.8718
2026-09-30 08:03:01 - train gamma: g2=0.103 g3=0.105 g4=0.107 g5=0.092
2026-09-30 08:03:02 - train: epoch 205, iter:0, loss: 0.4517, lr: 0.00023976573648539645
2026-09-30 08:03:06 - train: epoch 205, iter:20, loss: 0.4094, lr: 0.00023976573648539645
2026-09-30 08:03:09 - val epoch: 205, loss: 0.9109
2026-09-30 08:03:09 - train gamma: g2=0.103 g3=0.105 g4=0.107 g5=0.092
2026-09-30 08:03:10 - train: epoch 206, iter:0, loss: 0.4310, lr: 0.00023540367766756144
2026-09-30 08:03:13 - train: epoch 206, iter:20, loss: 0.4226, lr: 0.00023540367766756144
2026-09-30 08:03:17 - val epoch: 206, loss: 0.9679
2026-09-30 08:03:17 - train gamma: g2=0.103 g3=0.105 g4=0.107 g5=0.093
2026-09-30 08:03:18 - train: epoch 207, iter:0, loss: 0.3885, lr: 0.0002310711831245444
2026-09-30 08:03:21 - train: epoch 207, iter:20, loss: 0.4222, lr: 0.0002310711831245444
2026-09-30 08:03:25 - val epoch: 207, loss: 0.8754
2026-09-30 08:03:25 - train gamma: g2=0.103 g3=0.105 g4=0.107 g5=0.093
2026-09-30 08:03:26 - train: epoch 208, iter:0, loss: 0.4649, lr: 0.00022676872796319514
2026-09-30 08:03:29 - train: epoch 208, iter:20, loss: 0.4195, lr: 0.00022676872796319514
2026-09-30 08:03:32 - val epoch: 208, loss: 0.8834
2026-09-30 08:03:32 - train gamma: g2=0.103 g3=0.105 g4=0.107 g5=0.093
2026-09-30 08:03:33 - train: epoch 209, iter:0, loss: 0.4244, lr: 0.00022249678399620604
2026-09-30 08:03:37 - train: epoch 209, iter:20, loss: 0.4263, lr: 0.00022249678399620604
2026-09-30 08:03:40 - val epoch: 209, loss: 0.8808
2026-09-30 08:03:40 - train gamma: g2=0.103 g3=0.105 g4=0.107 g5=0.093
2026-09-30 08:03:42 - train: epoch 210, iter:0, loss: 0.4002, lr: 0.0002182558196903736
2026-09-30 08:03:45 - train: epoch 210, iter:20, loss: 0.4128, lr: 0.0002182558196903736
2026-09-30 08:03:49 - val epoch: 210, loss: 0.9129, miou: 0.7799362572175714, f1_or_dsc: 0.8763642563658789, accuracy: 0.9408013183291596,                 specificity: 0.9661747200949533, sensitivity: 0.8619355726647959, confusion_matrix: [[38708338  1355159]
 [ 1779594 11109997]]
2026-09-30 08:03:49 - train gamma: g2=0.103 g3=0.105 g4=0.107 g5=0.093
2026-09-30 08:03:50 - train: epoch 211, iter:0, loss: 0.4077, lr: 0.00021404630011522552
2026-09-30 08:03:53 - train: epoch 211, iter:20, loss: 0.4179, lr: 0.00021404630011522552
2026-09-30 08:03:56 - val epoch: 211, loss: 0.8916
2026-09-30 08:03:56 - train gamma: g2=0.103 g3=0.105 g4=0.107 g5=0.093
2026-09-30 08:03:57 - train: epoch 212, iter:0, loss: 0.4096, lr: 0.0002098686868920198
2026-09-30 08:04:00 - train: epoch 212, iter:20, loss: 0.4224, lr: 0.0002098686868920198
2026-09-30 08:04:04 - val epoch: 212, loss: 0.9437
2026-09-30 08:04:04 - train gamma: g2=0.103 g3=0.105 g4=0.107 g5=0.093
2026-09-30 08:04:05 - train: epoch 213, iter:0, loss: 0.4043, lr: 0.00020572343814312415
2026-09-30 08:04:08 - train: epoch 213, iter:20, loss: 0.4279, lr: 0.00020572343814312415
2026-09-30 08:04:12 - val epoch: 213, loss: 0.8956
2026-09-30 08:04:12 - train gamma: g2=0.103 g3=0.105 g4=0.107 g5=0.093
2026-09-30 08:04:13 - train: epoch 214, iter:0, loss: 0.4253, lr: 0.00020161100844177644
2026-09-30 08:04:16 - train: epoch 214, iter:20, loss: 0.4148, lr: 0.00020161100844177644
2026-09-30 08:04:19 - val epoch: 214, loss: 0.8949
2026-09-30 08:04:19 - train gamma: g2=0.103 g3=0.105 g4=0.107 g5=0.093
2026-09-30 08:04:21 - train: epoch 215, iter:0, loss: 0.5087, lr: 0.0001975318487622361
2026-09-30 08:04:24 - train: epoch 215, iter:20, loss: 0.4157, lr: 0.0001975318487622361
2026-09-30 08:04:27 - val epoch: 215, loss: 0.8699
2026-09-30 08:04:27 - train gamma: g2=0.103 g3=0.105 g4=0.107 g5=0.093
2026-09-30 08:04:28 - train: epoch 216, iter:0, loss: 0.4209, lr: 0.00019348640643033024
2026-09-30 08:04:31 - train: epoch 216, iter:20, loss: 0.4170, lr: 0.00019348640643033024
2026-09-30 08:04:35 - val epoch: 216, loss: 0.8984
2026-09-30 08:04:38 - train gamma: g2=0.103 g3=0.105 g4=0.107 g5=0.093
2026-09-30 08:04:39 - train: epoch 217, iter:0, loss: 0.3637, lr: 0.00018947512507439828
2026-09-30 08:04:43 - train: epoch 217, iter:20, loss: 0.4042, lr: 0.00018947512507439828
2026-09-30 08:04:47 - val epoch: 217, loss: 0.9057
2026-09-30 08:04:47 - train gamma: g2=0.103 g3=0.105 g4=0.107 g5=0.093
2026-09-30 08:04:48 - train: epoch 218, iter:0, loss: 0.3828, lr: 0.00018549844457664425
2026-09-30 08:04:51 - train: epoch 218, iter:20, loss: 0.4149, lr: 0.00018549844457664425
2026-09-30 08:04:55 - val epoch: 218, loss: 0.9291
2026-09-30 08:04:55 - train gamma: g2=0.103 g3=0.105 g4=0.107 g5=0.093
2026-09-30 08:04:56 - train: epoch 219, iter:0, loss: 0.3464, lr: 0.00018155680102489765
2026-09-30 08:04:59 - train: epoch 219, iter:20, loss: 0.4202, lr: 0.00018155680102489765
2026-09-30 08:05:03 - val epoch: 219, loss: 0.9509
2026-09-30 08:05:03 - train gamma: g2=0.103 g3=0.105 g4=0.107 g5=0.093
2026-09-30 08:05:04 - train: epoch 220, iter:0, loss: 0.3414, lr: 0.00017765062666479195
2026-09-30 08:05:07 - train: epoch 220, iter:20, loss: 0.3970, lr: 0.00017765062666479195
2026-09-30 08:05:10 - val epoch: 220, loss: 0.9022, miou: 0.7814689576870243, f1_or_dsc: 0.8773309849885309, accuracy: 0.9405674509482809,                 specificity: 0.9622664991026619, sensitivity: 0.8731223512057132, confusion_matrix: [[38551761  1511736]
 [ 1635401 11254190]]
2026-09-30 08:05:10 - train gamma: g2=0.103 g3=0.105 g4=0.107 g5=0.094
2026-09-30 08:05:11 - train: epoch 221, iter:0, loss: 0.4350, lr: 0.00017378034985236489
2026-09-30 08:05:14 - train: epoch 221, iter:20, loss: 0.4148, lr: 0.00017378034985236489
2026-09-30 08:05:18 - val epoch: 221, loss: 0.8793
2026-09-30 08:05:20 - train gamma: g2=0.103 g3=0.105 g4=0.107 g5=0.094
2026-09-30 08:05:22 - train: epoch 222, iter:0, loss: 0.3722, lr: 0.0001699463950070827
2026-09-30 08:05:25 - train: epoch 222, iter:20, loss: 0.4093, lr: 0.0001699463950070827
2026-09-30 08:05:28 - val epoch: 222, loss: 0.8771
2026-09-30 08:05:28 - train gamma: g2=0.103 g3=0.105 g4=0.107 g5=0.094
2026-09-30 08:05:29 - train: epoch 223, iter:0, loss: 0.4043, lr: 0.0001661491825652988
2026-09-30 08:05:32 - train: epoch 223, iter:20, loss: 0.4089, lr: 0.0001661491825652988
2026-09-30 08:05:36 - val epoch: 223, loss: 0.8950
2026-09-30 08:05:36 - train gamma: g2=0.103 g3=0.105 g4=0.107 g5=0.094
2026-09-30 08:05:38 - train: epoch 224, iter:0, loss: 0.4051, lr: 0.0001623891289341484
2026-09-30 08:05:41 - train: epoch 224, iter:20, loss: 0.4063, lr: 0.0001623891289341484
2026-09-30 08:05:46 - val epoch: 224, loss: 0.9029
2026-09-30 08:05:46 - train gamma: g2=0.103 g3=0.105 g4=0.107 g5=0.094
2026-09-30 08:05:47 - train: epoch 225, iter:0, loss: 0.3707, lr: 0.0001586666464458838
2026-09-30 08:05:50 - train: epoch 225, iter:20, loss: 0.4080, lr: 0.0001586666464458838
2026-09-30 08:05:54 - val epoch: 225, loss: 0.9245
2026-09-30 08:05:54 - train gamma: g2=0.103 g3=0.105 g4=0.107 g5=0.094
2026-09-30 08:05:55 - train: epoch 226, iter:0, loss: 0.4303, lr: 0.00015498214331265874
2026-09-30 08:05:58 - train: epoch 226, iter:20, loss: 0.4056, lr: 0.00015498214331265874
2026-09-30 08:06:02 - val epoch: 226, loss: 0.8965
2026-09-30 08:06:02 - train gamma: g2=0.103 g3=0.105 g4=0.107 g5=0.094
2026-09-30 08:06:03 - train: epoch 227, iter:0, loss: 0.4152, lr: 0.00015133602358176218
2026-09-30 08:06:06 - train: epoch 227, iter:20, loss: 0.4176, lr: 0.00015133602358176218
2026-09-30 08:06:09 - val epoch: 227, loss: 0.9026
2026-09-30 08:06:09 - train gamma: g2=0.103 g3=0.105 g4=0.107 g5=0.094
2026-09-30 08:06:11 - train: epoch 228, iter:0, loss: 0.5000, lr: 0.00014772868709131046
2026-09-30 08:06:14 - train: epoch 228, iter:20, loss: 0.4103, lr: 0.00014772868709131046
2026-09-30 08:06:17 - val epoch: 228, loss: 0.9075
2026-09-30 08:06:17 - train gamma: g2=0.103 g3=0.106 g4=0.107 g5=0.094
2026-09-30 08:06:19 - train: epoch 229, iter:0, loss: 0.3514, lr: 0.00014416052942640113
2026-09-30 08:06:22 - train: epoch 229, iter:20, loss: 0.4063, lr: 0.00014416052942640113
2026-09-30 08:06:25 - val epoch: 229, loss: 0.8966
2026-09-30 08:06:25 - train gamma: g2=0.103 g3=0.106 g4=0.107 g5=0.094
2026-09-30 08:06:26 - train: epoch 230, iter:0, loss: 0.4295, lr: 0.0001406319418757314
2026-09-30 08:06:29 - train: epoch 230, iter:20, loss: 0.3913, lr: 0.0001406319418757314
2026-09-30 08:06:33 - val epoch: 230, loss: 0.9006, miou: 0.7846661579499424, f1_or_dsc: 0.8793422281860195, accuracy: 0.9414705144296779,                 specificity: 0.9624723722944105, sensitivity: 0.8761924253453814, confusion_matrix: [[38560009  1503488]
 [ 1595829 11293762]]
2026-09-30 08:06:33 - train gamma: g2=0.103 g3=0.105 g4=0.107 g5=0.094
2026-09-30 08:06:34 - train: epoch 231, iter:0, loss: 0.3654, lr: 0.00013714331138868954
2026-09-30 08:06:37 - train: epoch 231, iter:20, loss: 0.4046, lr: 0.00013714331138868954
2026-09-30 08:06:41 - val epoch: 231, loss: 0.8658
2026-09-30 08:06:41 - train gamma: g2=0.103 g3=0.106 g4=0.107 g5=0.094
2026-09-30 08:06:42 - train: epoch 232, iter:0, loss: 0.4594, lr: 0.00013369502053292226
2026-09-30 08:06:45 - train: epoch 232, iter:20, loss: 0.4159, lr: 0.00013369502053292226
2026-09-30 08:06:49 - val epoch: 232, loss: 0.9038
2026-09-30 08:06:49 - train gamma: g2=0.103 g3=0.106 g4=0.107 g5=0.094
2026-09-30 08:06:50 - train: epoch 233, iter:0, loss: 0.3489, lr: 0.0001302874474523804
2026-09-30 08:06:53 - train: epoch 233, iter:20, loss: 0.3984, lr: 0.0001302874474523804
2026-09-30 08:06:56 - val epoch: 233, loss: 0.8885
2026-09-30 08:06:56 - train gamma: g2=0.103 g3=0.106 g4=0.107 g5=0.094
2026-09-30 08:06:58 - train: epoch 234, iter:0, loss: 0.4218, lr: 0.00012692096582585187
2026-09-30 08:07:01 - train: epoch 234, iter:20, loss: 0.4097, lr: 0.00012692096582585187
2026-09-30 08:07:04 - val epoch: 234, loss: 0.8793
2026-09-30 08:07:04 - train gamma: g2=0.103 g3=0.106 g4=0.107 g5=0.094
2026-09-30 08:07:05 - train: epoch 235, iter:0, loss: 0.3843, lr: 0.00012359594482598416
2026-09-30 08:07:08 - train: epoch 235, iter:20, loss: 0.4022, lr: 0.00012359594482598416
2026-09-30 08:07:12 - val epoch: 235, loss: 0.9159
2026-09-30 08:07:12 - train gamma: g2=0.103 g3=0.106 g4=0.107 g5=0.094
2026-09-30 08:07:13 - train: epoch 236, iter:0, loss: 0.3950, lr: 0.00012031274907879919
2026-09-30 08:07:16 - train: epoch 236, iter:20, loss: 0.4086, lr: 0.00012031274907879919
2026-09-30 08:07:20 - val epoch: 236, loss: 0.9267
2026-09-30 08:07:20 - train gamma: g2=0.103 g3=0.106 g4=0.107 g5=0.095
2026-09-30 08:07:21 - train: epoch 237, iter:0, loss: 0.3880, lr: 0.00011707173862370913
2026-09-30 08:07:24 - train: epoch 237, iter:20, loss: 0.4057, lr: 0.00011707173862370913
2026-09-30 08:07:28 - val epoch: 237, loss: 0.9140
2026-09-30 08:07:29 - train gamma: g2=0.103 g3=0.106 g4=0.107 g5=0.095
2026-09-30 08:07:30 - train: epoch 238, iter:0, loss: 0.3546, lr: 0.00011387326887403316
2026-09-30 08:07:33 - train: epoch 238, iter:20, loss: 0.3975, lr: 0.00011387326887403316
2026-09-30 08:07:37 - val epoch: 238, loss: 0.8961
2026-09-30 08:07:37 - train gamma: g2=0.103 g3=0.106 g4=0.107 g5=0.095
2026-09-30 08:07:38 - train: epoch 239, iter:0, loss: 0.4324, lr: 0.00011071769057802265
2026-09-30 08:07:41 - train: epoch 239, iter:20, loss: 0.3997, lr: 0.00011071769057802265
2026-09-30 08:07:45 - val epoch: 239, loss: 0.9290
2026-09-30 08:07:46 - train gamma: g2=0.103 g3=0.106 g4=0.107 g5=0.095
2026-09-30 08:07:47 - train: epoch 240, iter:0, loss: 0.4043, lr: 0.0001076053497803982
2026-09-30 08:07:51 - train: epoch 240, iter:20, loss: 0.4046, lr: 0.0001076053497803982
2026-09-30 08:07:54 - val epoch: 240, loss: 0.9015, miou: 0.7851430161437427, f1_or_dsc: 0.8796415850644895, accuracy: 0.9409424243587079,                 specificity: 0.958426394979949, sensitivity: 0.8865986515786265, confusion_matrix: [[38397913  1665584]
 [ 1461697 11427894]]
2026-09-30 08:07:54 - train gamma: g2=0.103 g3=0.106 g4=0.107 g5=0.095
2026-09-30 08:07:55 - train: epoch 241, iter:0, loss: 0.3926, lr: 0.00010453658778440088
2026-09-30 08:07:58 - train: epoch 241, iter:20, loss: 0.4024, lr: 0.00010453658778440088
2026-09-30 08:08:02 - val epoch: 241, loss: 0.8977
2026-09-30 08:08:02 - train gamma: g2=0.103 g3=0.106 g4=0.107 g5=0.095
2026-09-30 08:08:03 - train: epoch 242, iter:0, loss: 0.3941, lr: 0.00010151174111436543
2026-09-30 08:08:06 - train: epoch 242, iter:20, loss: 0.3978, lr: 0.00010151174111436543
2026-09-30 08:08:10 - val epoch: 242, loss: 0.9049
2026-09-30 08:08:10 - train gamma: g2=0.103 g3=0.106 g4=0.107 g5=0.095
2026-09-30 08:08:11 - train: epoch 243, iter:0, loss: 0.4382, lr: 9.853114147881633e-05
2026-09-30 08:08:14 - train: epoch 243, iter:20, loss: 0.4074, lr: 9.853114147881633e-05
2026-09-30 08:08:18 - val epoch: 243, loss: 0.9011
2026-09-30 08:08:18 - train gamma: g2=0.103 g3=0.106 g4=0.107 g5=0.095
2026-09-30 08:08:19 - train: epoch 244, iter:0, loss: 0.3761, lr: 9.559511573409167e-05
2026-09-30 08:08:22 - train: epoch 244, iter:20, loss: 0.3947, lr: 9.559511573409167e-05
2026-09-30 08:08:26 - val epoch: 244, loss: 0.9285
2026-09-30 08:08:53 - train gamma: g2=0.103 g3=0.106 g4=0.107 g5=0.095
2026-09-30 08:08:55 - train: epoch 245, iter:0, loss: 0.3837, lr: 9.270398584850061e-05
2026-09-30 08:08:58 - train: epoch 245, iter:20, loss: 0.4154, lr: 9.270398584850061e-05
2026-09-30 08:09:01 - val epoch: 245, loss: 0.9011
2026-09-30 08:09:01 - train gamma: g2=0.103 g3=0.106 g4=0.107 g5=0.095
2026-09-30 08:09:03 - train: epoch 246, iter:0, loss: 0.5487, lr: 8.985806886701499e-05
2026-09-30 08:09:06 - train: epoch 246, iter:20, loss: 0.4027, lr: 8.985806886701499e-05
2026-09-30 08:09:09 - val epoch: 246, loss: 0.9280
2026-09-30 08:09:09 - train gamma: g2=0.103 g3=0.106 g4=0.108 g5=0.095
2026-09-30 08:09:10 - train: epoch 247, iter:0, loss: 0.3755, lr: 8.705767687650239e-05
2026-09-30 08:09:14 - train: epoch 247, iter:20, loss: 0.3879, lr: 8.705767687650239e-05
2026-09-30 08:09:17 - val epoch: 247, loss: 0.8955
2026-09-30 08:09:17 - train gamma: g2=0.103 g3=0.106 g4=0.108 g5=0.095
2026-09-30 08:09:18 - train: epoch 248, iter:0, loss: 0.4443, lr: 8.430311697150229e-05
2026-09-30 08:09:21 - train: epoch 248, iter:20, loss: 0.4061, lr: 8.430311697150229e-05
2026-09-30 08:09:25 - val epoch: 248, loss: 0.9141
2026-09-30 08:09:25 - train gamma: g2=0.103 g3=0.106 g4=0.108 g5=0.095
2026-09-30 08:09:26 - train: epoch 249, iter:0, loss: 0.3669, lr: 8.159469122054909e-05
2026-09-30 08:09:29 - train: epoch 249, iter:20, loss: 0.3957, lr: 8.159469122054909e-05
2026-09-30 08:09:33 - val epoch: 249, loss: 0.9005
2026-09-30 08:09:33 - train gamma: g2=0.103 g3=0.106 g4=0.108 g5=0.095
2026-09-30 08:09:34 - train: epoch 250, iter:0, loss: 0.4117, lr: 7.893269663304782e-05
2026-09-30 08:09:37 - train: epoch 250, iter:20, loss: 0.4124, lr: 7.893269663304782e-05
2026-09-30 08:09:41 - val epoch: 250, loss: 0.9400, miou: 0.7779393874100309, f1_or_dsc: 0.8751022592994858, accuracy: 0.9409901269591681,                 specificity: 0.9704958356480963, sensitivity: 0.8492803223934724, confusion_matrix: [[38881457  1182040]
 [ 1942715 10946876]]
2026-09-30 08:09:42 - train gamma: g2=0.103 g3=0.106 g4=0.108 g5=0.095
2026-09-30 08:09:43 - train: epoch 251, iter:0, loss: 0.4869, lr: 7.631742512670282e-05
2026-09-30 08:09:46 - train: epoch 251, iter:20, loss: 0.3993, lr: 7.631742512670282e-05
2026-09-30 08:09:50 - val epoch: 251, loss: 0.9147
2026-09-30 08:09:50 - train gamma: g2=0.103 g3=0.106 g4=0.108 g5=0.095
2026-09-30 08:09:51 - train: epoch 252, iter:0, loss: 0.3496, lr: 7.374916349550603e-05
2026-09-30 08:09:54 - train: epoch 252, iter:20, loss: 0.3835, lr: 7.374916349550603e-05
2026-09-30 08:09:59 - val epoch: 252, loss: 0.9292
2026-09-30 08:09:59 - train gamma: g2=0.103 g3=0.106 g4=0.108 g5=0.095
2026-09-30 08:10:00 - train: epoch 253, iter:0, loss: 0.4184, lr: 7.122819337828741e-05
2026-09-30 08:10:03 - train: epoch 253, iter:20, loss: 0.3882, lr: 7.122819337828741e-05
2026-09-30 08:10:07 - val epoch: 253, loss: 0.9133
2026-09-30 08:10:07 - train gamma: g2=0.103 g3=0.106 g4=0.108 g5=0.095
2026-09-30 08:10:08 - train: epoch 254, iter:0, loss: 0.3808, lr: 6.875479122782878e-05
2026-09-30 08:10:11 - train: epoch 254, iter:20, loss: 0.3974, lr: 6.875479122782878e-05
2026-09-30 08:10:15 - val epoch: 254, loss: 0.9100
2026-09-30 08:10:15 - train gamma: g2=0.103 g3=0.106 g4=0.108 g5=0.095
2026-09-30 08:10:16 - train: epoch 255, iter:0, loss: 0.3920, lr: 6.632922828054862e-05
2026-09-30 08:10:19 - train: epoch 255, iter:20, loss: 0.3958, lr: 6.632922828054862e-05
2026-09-30 08:10:22 - val epoch: 255, loss: 0.9152
2026-09-30 08:10:22 - train gamma: g2=0.103 g3=0.106 g4=0.108 g5=0.095
2026-09-30 08:10:24 - train: epoch 256, iter:0, loss: 0.3701, lr: 6.395177052675786e-05
2026-09-30 08:10:27 - train: epoch 256, iter:20, loss: 0.3872, lr: 6.395177052675786e-05
2026-09-30 08:10:30 - val epoch: 256, loss: 0.9289
2026-09-30 08:10:30 - train gamma: g2=0.103 g3=0.106 g4=0.108 g5=0.095
2026-09-30 08:10:31 - train: epoch 257, iter:0, loss: 0.3802, lr: 6.162267868149065e-05
2026-09-30 08:10:35 - train: epoch 257, iter:20, loss: 0.3910, lr: 6.162267868149065e-05
2026-09-30 08:10:38 - val epoch: 257, loss: 0.9372
2026-09-30 08:10:38 - train gamma: g2=0.103 g3=0.106 g4=0.108 g5=0.095
2026-09-30 08:10:39 - train: epoch 258, iter:0, loss: 0.4289, lr: 5.934220815591413e-05
2026-09-30 08:10:42 - train: epoch 258, iter:20, loss: 0.3934, lr: 5.934220815591413e-05
2026-09-30 08:10:46 - val epoch: 258, loss: 0.9303
2026-09-30 08:10:54 - train gamma: g2=0.103 g3=0.106 g4=0.108 g5=0.095
2026-09-30 08:11:24 - train: epoch 259, iter:0, loss: 0.3336, lr: 5.711060902932035e-05
2026-09-30 08:11:27 - train: epoch 259, iter:20, loss: 0.3900, lr: 5.711060902932035e-05
2026-09-30 08:11:31 - val epoch: 259, loss: 0.9275
2026-09-30 08:11:35 - train gamma: g2=0.103 g3=0.106 g4=0.108 g5=0.096
2026-09-30 08:11:36 - train: epoch 260, iter:0, loss: 0.4820, lr: 5.492812602170101e-05
2026-09-30 08:11:39 - train: epoch 260, iter:20, loss: 0.4015, lr: 5.492812602170101e-05
2026-09-30 08:11:43 - val epoch: 260, loss: 0.9304, miou: 0.7801963492480363, f1_or_dsc: 0.876528422920983, accuracy: 0.9411728736197594,                 specificity: 0.9679882412661082, sensitivity: 0.8578252017461221, confusion_matrix: [[38780994  1282503]
 [ 1832575 11057016]]
2026-09-30 08:11:43 - train gamma: g2=0.103 g3=0.106 g4=0.108 g5=0.096
2026-09-30 08:11:44 - train: epoch 261, iter:0, loss: 0.3860, lr: 5.279499846691256e-05
2026-09-30 08:11:47 - train: epoch 261, iter:20, loss: 0.4054, lr: 5.279499846691256e-05
2026-09-30 08:11:51 - val epoch: 261, loss: 0.9039
2026-09-30 08:11:51 - train gamma: g2=0.103 g3=0.106 g4=0.108 g5=0.096
2026-09-30 08:11:52 - train: epoch 262, iter:0, loss: 0.3877, lr: 5.071146028642938e-05
2026-09-30 08:11:55 - train: epoch 262, iter:20, loss: 0.3945, lr: 5.071146028642938e-05
2026-09-30 08:11:59 - val epoch: 262, loss: 0.9059
2026-09-30 08:11:59 - train gamma: g2=0.103 g3=0.106 g4=0.108 g5=0.096
2026-09-30 08:12:00 - train: epoch 263, iter:0, loss: 0.3839, lr: 4.867773996369213e-05
2026-09-30 08:12:03 - train: epoch 263, iter:20, loss: 0.3887, lr: 4.867773996369213e-05
2026-09-30 08:12:06 - val epoch: 263, loss: 0.9117
2026-09-30 08:12:06 - train gamma: g2=0.103 g3=0.106 g4=0.108 g5=0.096
2026-09-30 08:12:08 - train: epoch 264, iter:0, loss: 0.3823, lr: 4.669406051905255e-05
2026-09-30 08:12:11 - train: epoch 264, iter:20, loss: 0.3984, lr: 4.669406051905255e-05
2026-09-30 08:12:14 - val epoch: 264, loss: 0.9199
2026-09-30 08:12:14 - train gamma: g2=0.103 g3=0.106 g4=0.108 g5=0.096
2026-09-30 08:12:15 - train: epoch 265, iter:0, loss: 0.3487, lr: 4.476063948531553e-05
2026-09-30 08:12:19 - train: epoch 265, iter:20, loss: 0.3987, lr: 4.476063948531553e-05
2026-09-30 08:12:22 - val epoch: 265, loss: 0.9149
2026-09-30 08:12:22 - train gamma: g2=0.103 g3=0.106 g4=0.108 g5=0.096
2026-09-30 08:12:23 - train: epoch 266, iter:0, loss: 0.4280, lr: 4.2877688883885086e-05
2026-09-30 08:12:28 - train: epoch 266, iter:20, loss: 0.3970, lr: 4.2877688883885086e-05
2026-09-30 08:12:31 - val epoch: 266, loss: 0.9147
2026-09-30 08:12:31 - train gamma: g2=0.103 g3=0.106 g4=0.108 g5=0.096
2026-09-30 08:12:32 - train: epoch 267, iter:0, loss: 0.3570, lr: 4.1045415201513684e-05
2026-09-30 08:12:35 - train: epoch 267, iter:20, loss: 0.3851, lr: 4.1045415201513684e-05
2026-09-30 08:12:39 - val epoch: 267, loss: 0.9136
2026-09-30 08:12:40 - train gamma: g2=0.103 g3=0.106 g4=0.108 g5=0.096
2026-09-30 08:12:41 - train: epoch 268, iter:0, loss: 0.3567, lr: 3.926401936765836e-05
2026-09-30 08:12:44 - train: epoch 268, iter:20, loss: 0.3989, lr: 3.926401936765836e-05
2026-09-30 08:12:47 - val epoch: 268, loss: 0.9269
2026-09-30 08:12:47 - train gamma: g2=0.103 g3=0.106 g4=0.108 g5=0.096
2026-09-30 08:12:49 - train: epoch 269, iter:0, loss: 0.4401, lr: 3.753369673244687e-05
2026-09-30 08:12:52 - train: epoch 269, iter:20, loss: 0.3876, lr: 3.753369673244687e-05
2026-09-30 08:12:56 - val epoch: 269, loss: 0.9482
2026-09-30 08:12:57 - train gamma: g2=0.103 g3=0.106 g4=0.108 g5=0.096
2026-09-30 08:12:58 - train: epoch 270, iter:0, loss: 0.3173, lr: 3.5854637045255115e-05
2026-09-30 08:13:01 - train: epoch 270, iter:20, loss: 0.3782, lr: 3.5854637045255115e-05
2026-09-30 08:13:04 - val epoch: 270, loss: 0.9076, miou: 0.7845120611887975, f1_or_dsc: 0.8792454567846127, accuracy: 0.9418111177954344,                 specificity: 0.9648184231146871, sensitivity: 0.8702996860024496, confusion_matrix: [[38654000  1409497]
 [ 1671784 11217807]]
2026-09-30 08:13:04 - train gamma: g2=0.103 g3=0.106 g4=0.108 g5=0.096
2026-09-30 08:13:06 - train: epoch 271, iter:0, loss: 0.3761, lr: 3.422702443389897e-05
2026-09-30 08:13:09 - train: epoch 271, iter:20, loss: 0.3938, lr: 3.422702443389897e-05
2026-09-30 08:13:12 - val epoch: 271, loss: 0.9123
2026-09-30 08:13:12 - train gamma: g2=0.103 g3=0.106 g4=0.108 g5=0.096
2026-09-30 08:13:13 - train: epoch 272, iter:0, loss: 0.4010, lr: 3.265103738444294e-05
2026-09-30 08:13:16 - train: epoch 272, iter:20, loss: 0.4048, lr: 3.265103738444294e-05
2026-09-30 08:13:20 - val epoch: 272, loss: 0.9102
2026-09-30 08:13:20 - train gamma: g2=0.103 g3=0.106 g4=0.108 g5=0.096
2026-09-30 08:13:21 - train: epoch 273, iter:0, loss: 0.3629, lr: 3.112684872162669e-05
2026-09-30 08:13:25 - train: epoch 273, iter:20, loss: 0.3901, lr: 3.112684872162669e-05
2026-09-30 08:13:29 - val epoch: 273, loss: 0.9119
2026-09-30 08:13:29 - train gamma: g2=0.103 g3=0.106 g4=0.108 g5=0.096
2026-09-30 08:13:30 - train: epoch 274, iter:0, loss: 0.3987, lr: 2.9654625589913163e-05
2026-09-30 08:13:33 - train: epoch 274, iter:20, loss: 0.3981, lr: 2.9654625589913163e-05
2026-09-30 08:13:36 - val epoch: 274, loss: 0.9296
2026-09-30 08:13:36 - train gamma: g2=0.103 g3=0.106 g4=0.108 g5=0.096
2026-09-30 08:13:38 - train: epoch 275, iter:0, loss: 0.3771, lr: 2.823452943515922e-05
2026-09-30 08:13:41 - train: epoch 275, iter:20, loss: 0.3907, lr: 2.823452943515922e-05
2026-09-30 08:13:44 - val epoch: 275, loss: 0.9321
2026-09-30 08:13:49 - train gamma: g2=0.103 g3=0.106 g4=0.108 g5=0.096
2026-09-30 08:13:50 - train: epoch 276, iter:0, loss: 0.3607, lr: 2.6866715986911168e-05
2026-09-30 08:13:53 - train: epoch 276, iter:20, loss: 0.3779, lr: 2.6866715986911168e-05
2026-09-30 08:14:07 - val epoch: 276, loss: 0.9268
2026-09-30 08:14:11 - train gamma: g2=0.103 g3=0.106 g4=0.108 g5=0.096
2026-09-30 08:14:12 - train: epoch 277, iter:0, loss: 0.3134, lr: 2.5551335241327604e-05
2026-09-30 08:14:15 - train: epoch 277, iter:20, loss: 0.3789, lr: 2.5551335241327604e-05
2026-09-30 08:14:18 - val epoch: 277, loss: 0.9432
2026-09-30 08:14:18 - train gamma: g2=0.103 g3=0.106 g4=0.108 g5=0.096
2026-09-30 08:14:20 - train: epoch 278, iter:0, loss: 0.3630, lr: 2.4288531444730185e-05
2026-09-30 08:14:23 - train: epoch 278, iter:20, loss: 0.3871, lr: 2.4288531444730185e-05
2026-09-30 08:14:31 - val epoch: 278, loss: 0.9301
2026-09-30 08:14:31 - train gamma: g2=0.103 g3=0.106 g4=0.108 g5=0.096
2026-09-30 08:14:32 - train: epoch 279, iter:0, loss: 0.3538, lr: 2.3078443077785645e-05
2026-09-30 08:14:35 - train: epoch 279, iter:20, loss: 0.3836, lr: 2.3078443077785645e-05
2026-09-30 08:14:39 - val epoch: 279, loss: 0.9192
2026-09-30 08:14:39 - train gamma: g2=0.103 g3=0.106 g4=0.108 g5=0.096
2026-09-30 08:14:40 - train: epoch 280, iter:0, loss: 0.4178, lr: 2.1921202840320064e-05
2026-09-30 08:14:43 - train: epoch 280, iter:20, loss: 0.4029, lr: 2.1921202840320064e-05
2026-09-30 08:14:47 - val epoch: 280, loss: 0.9263, miou: 0.7803234773342048, f1_or_dsc: 0.8766086469888432, accuracy: 0.9405945315219388,                 specificity: 0.9643038150164475, sensitivity: 0.8669012073385416, confusion_matrix: [[38633383  1430114]
 [ 1715589 11174002]]
2026-09-30 08:14:48 - train gamma: g2=0.103 g3=0.106 g4=0.108 g5=0.096
2026-09-30 08:14:49 - train: epoch 281, iter:0, loss: 0.4524, lr: 2.081693763676623e-05
2026-09-30 08:14:52 - train: epoch 281, iter:20, loss: 0.3886, lr: 2.081693763676623e-05
2026-09-30 08:14:55 - val epoch: 281, loss: 0.9226
2026-09-30 08:14:55 - train gamma: g2=0.103 g3=0.106 g4=0.108 g5=0.096
2026-09-30 08:14:56 - train: epoch 282, iter:0, loss: 0.3993, lr: 1.9765768562247723e-05
2026-09-30 08:15:00 - train: epoch 282, iter:20, loss: 0.3924, lr: 1.9765768562247723e-05
2026-09-30 08:15:03 - val epoch: 282, loss: 0.9167
2026-09-30 08:15:03 - train gamma: g2=0.103 g3=0.106 g4=0.108 g5=0.096
2026-09-30 08:15:04 - train: epoch 283, iter:0, loss: 0.3914, lr: 1.876781088929913e-05
2026-09-30 08:15:09 - train: epoch 283, iter:20, loss: 0.3934, lr: 1.876781088929913e-05
2026-09-30 08:15:13 - val epoch: 283, loss: 0.9150
2026-09-30 08:15:14 - train gamma: g2=0.103 g3=0.106 g4=0.108 g5=0.096
2026-09-30 08:15:15 - train: epoch 284, iter:0, loss: 0.3449, lr: 1.7823174055225262e-05
2026-09-30 08:15:18 - train: epoch 284, iter:20, loss: 0.3966, lr: 1.7823174055225262e-05
2026-09-30 08:15:21 - val epoch: 284, loss: 0.9147
2026-09-30 08:15:21 - train gamma: g2=0.103 g3=0.106 g4=0.108 g5=0.096
2026-09-30 08:15:23 - train: epoch 285, iter:0, loss: 0.4088, lr: 1.693196165010003e-05
2026-09-30 08:15:27 - train: epoch 285, iter:20, loss: 0.3871, lr: 1.693196165010003e-05
2026-09-30 08:15:30 - val epoch: 285, loss: 0.9263
2026-09-30 08:15:30 - train gamma: g2=0.103 g3=0.106 g4=0.108 g5=0.096
2026-09-30 08:15:31 - train: epoch 286, iter:0, loss: 0.4181, lr: 1.6094271405406855e-05
2026-09-30 08:15:34 - train: epoch 286, iter:20, loss: 0.3839, lr: 1.6094271405406855e-05
2026-09-30 08:15:38 - val epoch: 286, loss: 0.9047
2026-09-30 08:15:38 - train gamma: g2=0.103 g3=0.106 g4=0.108 g5=0.096
2026-09-30 08:15:39 - train: epoch 287, iter:0, loss: 0.3840, lr: 1.5310195183320773e-05
2026-09-30 08:15:42 - train: epoch 287, iter:20, loss: 0.3981, lr: 1.5310195183320773e-05
2026-09-30 08:15:45 - val epoch: 287, loss: 0.9256
2026-09-30 08:15:45 - train gamma: g2=0.103 g3=0.106 g4=0.108 g5=0.096
2026-09-30 08:15:47 - train: epoch 288, iter:0, loss: 0.4797, lr: 1.4579818966635417e-05
2026-09-30 08:15:50 - train: epoch 288, iter:20, loss: 0.3819, lr: 1.4579818966635417e-05
2026-09-30 08:15:53 - val epoch: 288, loss: 0.9257
2026-09-30 08:16:26 - train gamma: g2=0.103 g3=0.106 g4=0.108 g5=0.096
2026-09-30 08:16:27 - train: epoch 289, iter:0, loss: 0.4554, lr: 1.3903222849333505e-05
2026-09-30 08:16:30 - train: epoch 289, iter:20, loss: 0.3788, lr: 1.3903222849333505e-05
2026-09-30 08:16:34 - val epoch: 289, loss: 0.9198
2026-09-30 08:16:34 - train gamma: g2=0.103 g3=0.106 g4=0.108 g5=0.096
2026-09-30 08:16:35 - train: epoch 290, iter:0, loss: 0.3706, lr: 1.3280481027803759e-05
2026-09-30 08:16:38 - train: epoch 290, iter:20, loss: 0.3789, lr: 1.3280481027803759e-05
2026-09-30 08:16:41 - val epoch: 290, loss: 0.9150, miou: 0.7826655256980117, f1_or_dsc: 0.8780845474549188, accuracy: 0.9410588103945893,                 specificity: 0.9632756471558137, sensitivity: 0.8720043172820612, confusion_matrix: [[38592191  1471306]
 [ 1649812 11239779]]
2026-09-30 08:17:02 - train gamma: g2=0.103 g3=0.106 g4=0.108 g5=0.096
2026-09-30 08:17:03 - train: epoch 291, iter:0, loss: 0.3779, lr: 1.271166179270472e-05
2026-09-30 08:17:06 - train: epoch 291, iter:20, loss: 0.4033, lr: 1.271166179270472e-05
2026-09-30 08:17:10 - val epoch: 291, loss: 0.9154
2026-09-30 08:17:10 - train gamma: g2=0.103 g3=0.106 g4=0.108 g5=0.096
2026-09-30 08:17:11 - train: epoch 292, iter:0, loss: 0.3672, lr: 1.21968275214754e-05
2026-09-30 08:17:14 - train: epoch 292, iter:20, loss: 0.3904, lr: 1.21968275214754e-05
2026-09-30 08:17:17 - val epoch: 292, loss: 0.9212
2026-09-30 08:17:17 - train gamma: g2=0.103 g3=0.106 g4=0.108 g5=0.096
2026-09-30 08:17:19 - train: epoch 293, iter:0, loss: 0.3529, lr: 1.1736034671495336e-05
2026-09-30 08:17:22 - train: epoch 293, iter:20, loss: 0.3828, lr: 1.1736034671495336e-05
2026-09-30 08:17:25 - val epoch: 293, loss: 0.9106
2026-09-30 08:17:25 - train gamma: g2=0.103 g3=0.106 g4=0.108 g5=0.096
2026-09-30 08:17:26 - train: epoch 294, iter:0, loss: 0.3864, lr: 1.1329333773893242e-05
2026-09-30 08:17:31 - train: epoch 294, iter:20, loss: 0.3838, lr: 1.1329333773893242e-05
2026-09-30 08:17:34 - val epoch: 294, loss: 0.9123
2026-09-30 08:17:34 - train gamma: g2=0.103 g3=0.106 g4=0.108 g5=0.096
2026-09-30 08:17:35 - train: epoch 295, iter:0, loss: 0.4152, lr: 1.0976769428005577e-05
2026-09-30 08:17:38 - train: epoch 295, iter:20, loss: 0.3852, lr: 1.0976769428005577e-05
2026-09-30 08:17:42 - val epoch: 295, loss: 0.9295
2026-09-30 08:17:42 - train gamma: g2=0.103 g3=0.106 g4=0.108 g5=0.096
2026-09-30 08:17:43 - train: epoch 296, iter:0, loss: 0.3860, lr: 1.0678380296485951e-05
2026-09-30 08:17:46 - train: epoch 296, iter:20, loss: 0.3900, lr: 1.0678380296485951e-05
2026-09-30 08:17:50 - val epoch: 296, loss: 0.9084
2026-09-30 08:17:50 - train gamma: g2=0.103 g3=0.106 g4=0.108 g5=0.096
2026-09-30 08:17:51 - train: epoch 297, iter:0, loss: 0.3629, lr: 1.04341991010651e-05
2026-09-30 08:17:54 - train: epoch 297, iter:20, loss: 0.3826, lr: 1.04341991010651e-05
2026-09-30 08:17:57 - val epoch: 297, loss: 0.9199
2026-09-30 08:17:57 - train gamma: g2=0.103 g3=0.106 g4=0.108 g5=0.096
2026-09-30 08:17:59 - train: epoch 298, iter:0, loss: 0.3565, lr: 1.0244252618962858e-05
2026-09-30 08:18:02 - train: epoch 298, iter:20, loss: 0.3883, lr: 1.0244252618962858e-05
2026-09-30 08:18:05 - val epoch: 298, loss: 0.9254
2026-09-30 08:18:32 - train gamma: g2=0.103 g3=0.106 g4=0.108 g5=0.096
2026-09-30 08:18:33 - train: epoch 299, iter:0, loss: 0.3431, lr: 1.0108561679951479e-05
2026-09-30 08:18:36 - train: epoch 299, iter:20, loss: 0.3776, lr: 1.0108561679951479e-05
2026-09-30 08:18:39 - val epoch: 299, loss: 0.9052
2026-09-30 08:18:39 - train gamma: g2=0.103 g3=0.106 g4=0.108 g5=0.096
2026-09-30 08:18:40 - train: epoch 300, iter:0, loss: 0.4002, lr: 1.002714116407149e-05
2026-09-30 08:18:43 - train: epoch 300, iter:20, loss: 0.3764, lr: 1.002714116407149e-05
2026-09-30 08:18:47 - val epoch: 300, loss: 0.9161, miou: 0.7830840787639183, f1_or_dsc: 0.8783479007975588, accuracy: 0.9412994573612025,                 specificity: 0.9640503174248618, sensitivity: 0.8705851101093898, confusion_matrix: [[38623227  1440270]
 [ 1668105 11221486]]
2026-09-30 08:18:47 - train gamma: g2=0.103 g3=0.106 g4=0.108 g5=0.096
2026-09-30 08:19:35 - evaluation split=V_dev, loss: 0.7969,miou: 0.7969407066590576, f1_or_dsc: 0.886997221116729, accuracy: 0.9460352907086363,                 specificity: 0.970468479074605, sensitivity: 0.870091921458175, confusion_matrix: [[38880361  1183136]
 [ 1674462 11215129]]
