2026-09-30 09:26:40 - #----------Config info----------#
2026-09-30 09:26:40 - network: ege_dual,
2026-09-30 09:26:40 - seed: 42,
2026-09-30 09:26:40 - wave_mode: full,
2026-09-30 09:26:40 - fusion_type: scalar,
2026-09-30 09:26:40 - diff_lr: True,
2026-09-30 09:26:40 - work_dir: /home/featurize/work/EGE-UNet-main/results/rebatch8_20260930/dual_difflr_seed42/,
2026-09-30 09:26:40 - epochs: 300,
2026-09-30 09:26:40 - val_interval: 10,
2026-09-30 09:26:40 - save_interval: 10,
2026-09-30 09:26:40 - num_workers: 4,
2026-09-30 09:26:40 - batch_size: 64,
2026-09-30 09:26:40 - val_batch_size: 8,
2026-09-30 09:26:40 - gradient_accumulation_steps: 1,
2026-09-30 09:26:40 - [diff-lr] group1 81,146 lr=0.001; group2 5,259,408 lr=0.0001
2026-09-30 09:26:42 - train: epoch 1, iter:0, loss: 12.3416, lr: 0.001
2026-09-30 09:26:45 - train: epoch 1, iter:20, loss: 3.2867, lr: 0.001
2026-09-30 09:26:49 - val epoch: 1, loss: 1.9490
2026-09-30 09:26:49 - train gamma: g2=0.099 g3=0.099 g4=0.100 g5=0.100
2026-09-30 09:26:50 - train: epoch 2, iter:0, loss: 2.0115, lr: 0.0009999728588359286
2026-09-30 09:26:53 - train: epoch 2, iter:20, loss: 1.5641, lr: 0.0009999728588359286
2026-09-30 09:26:56 - val epoch: 2, loss: 1.4703
2026-09-30 09:26:56 - train gamma: g2=0.099 g3=0.099 g4=0.099 g5=0.100
2026-09-30 09:26:58 - train: epoch 3, iter:0, loss: 1.7437, lr: 0.0009998914383200486
2026-09-30 09:27:01 - train: epoch 3, iter:20, loss: 1.4021, lr: 0.0009998914383200486
2026-09-30 09:27:04 - val epoch: 3, loss: 1.3074
2026-09-30 09:27:04 - train gamma: g2=0.099 g3=0.099 g4=0.098 g5=0.099
2026-09-30 09:27:06 - train: epoch 4, iter:0, loss: 1.5212, lr: 0.0009997557473810372
2026-09-30 09:27:09 - train: epoch 4, iter:20, loss: 1.2393, lr: 0.0009997557473810372
2026-09-30 09:27:12 - val epoch: 4, loss: 1.1794
2026-09-30 09:27:12 - train gamma: g2=0.099 g3=0.099 g4=0.098 g5=0.099
2026-09-30 09:27:14 - train: epoch 5, iter:0, loss: 0.9156, lr: 0.000999565800898935
2026-09-30 09:27:17 - train: epoch 5, iter:20, loss: 1.1168, lr: 0.000999565800898935
2026-09-30 09:27:20 - val epoch: 5, loss: 1.1332
2026-09-30 09:27:20 - train gamma: g2=0.099 g3=0.099 g4=0.098 g5=0.099
2026-09-30 09:27:22 - train: epoch 6, iter:0, loss: 0.9978, lr: 0.0009993216197035143
2026-09-30 09:27:25 - train: epoch 6, iter:20, loss: 1.0850, lr: 0.0009993216197035143
2026-09-30 09:27:28 - val epoch: 6, loss: 1.1508
2026-09-30 09:27:28 - train gamma: g2=0.099 g3=0.099 g4=0.097 g5=0.099
2026-09-30 09:27:29 - train: epoch 7, iter:0, loss: 1.0783, lr: 0.0009990232305719946
2026-09-30 09:27:32 - train: epoch 7, iter:20, loss: 1.0444, lr: 0.0009990232305719946
2026-09-30 09:27:36 - val epoch: 7, loss: 1.1245
2026-09-30 09:27:36 - train gamma: g2=0.099 g3=0.099 g4=0.097 g5=0.098
2026-09-30 09:27:37 - train: epoch 8, iter:0, loss: 1.3792, lr: 0.0009986706662261067
2026-09-30 09:27:40 - train: epoch 8, iter:20, loss: 1.0226, lr: 0.0009986706662261067
2026-09-30 09:27:44 - val epoch: 8, loss: 1.1657
2026-09-30 09:27:44 - train gamma: g2=0.099 g3=0.099 g4=0.097 g5=0.098
2026-09-30 09:27:45 - train: epoch 9, iter:0, loss: 0.8886, lr: 0.0009982639653285047
2026-09-30 09:27:48 - train: epoch 9, iter:20, loss: 0.9488, lr: 0.0009982639653285047
2026-09-30 09:27:51 - val epoch: 9, loss: 1.0166
2026-09-30 09:27:51 - train gamma: g2=0.099 g3=0.099 g4=0.097 g5=0.098
2026-09-30 09:27:53 - train: epoch 10, iter:0, loss: 0.9712, lr: 0.0009978031724785245
2026-09-30 09:27:56 - train: epoch 10, iter:20, loss: 0.9053, lr: 0.0009978031724785245
2026-09-30 09:27:59 - val epoch: 10, loss: 1.2787, miou: 0.6940286302054461, f1_or_dsc: 0.819382409282276, accuracy: 0.8996653981728129,                 specificity: 0.8883056314330224, sensitivity: 0.9349738870690312, confusion_matrix: [[35588630  4474867]
 [  838160 12051431]]
2026-09-30 09:27:59 - train gamma: g2=0.099 g3=0.099 g4=0.097 g5=0.098
2026-09-30 09:28:01 - train: epoch 11, iter:0, loss: 1.4659, lr: 0.0009972883382072953
2026-09-30 09:28:04 - train: epoch 11, iter:20, loss: 1.0210, lr: 0.0009972883382072953
2026-09-30 09:28:07 - val epoch: 11, loss: 1.0391
2026-09-30 09:28:07 - train gamma: g2=0.099 g3=0.099 g4=0.096 g5=0.098
2026-09-30 09:28:09 - train: epoch 12, iter:0, loss: 0.7144, lr: 0.0009967195189721962
2026-09-30 09:28:12 - train: epoch 12, iter:20, loss: 0.9243, lr: 0.0009967195189721962
2026-09-30 09:28:15 - val epoch: 12, loss: 1.1079
2026-09-30 09:28:15 - train gamma: g2=0.099 g3=0.099 g4=0.095 g5=0.098
2026-09-30 09:28:17 - train: epoch 13, iter:0, loss: 0.8532, lr: 0.0009960967771506667
2026-09-30 09:28:20 - train: epoch 13, iter:20, loss: 0.9240, lr: 0.0009960967771506667
2026-09-30 09:28:23 - val epoch: 13, loss: 0.9842
2026-09-30 09:28:23 - train gamma: g2=0.099 g3=0.099 g4=0.095 g5=0.098
2026-09-30 09:28:24 - train: epoch 14, iter:0, loss: 1.0557, lr: 0.0009954201810333646
2026-09-30 09:28:27 - train: epoch 14, iter:20, loss: 0.8581, lr: 0.0009954201810333646
2026-09-30 09:28:31 - val epoch: 14, loss: 1.0911
2026-09-30 09:28:31 - train gamma: g2=0.098 g3=0.099 g4=0.095 g5=0.097
2026-09-30 09:28:32 - train: epoch 15, iter:0, loss: 0.8814, lr: 0.0009946898048166792
2026-09-30 09:28:35 - train: epoch 15, iter:20, loss: 0.8532, lr: 0.0009946898048166792
2026-09-30 09:28:39 - val epoch: 15, loss: 1.0729
2026-09-30 09:28:39 - train gamma: g2=0.098 g3=0.099 g4=0.095 g5=0.097
2026-09-30 09:28:40 - train: epoch 16, iter:0, loss: 0.8235, lr: 0.000993905728594593
2026-09-30 09:28:43 - train: epoch 16, iter:20, loss: 0.8392, lr: 0.000993905728594593
2026-09-30 09:28:47 - val epoch: 16, loss: 1.0002
2026-09-30 09:28:47 - train gamma: g2=0.098 g3=0.099 g4=0.094 g5=0.097
2026-09-30 09:28:48 - train: epoch 17, iter:0, loss: 0.9554, lr: 0.0009930680383498998
2026-09-30 09:28:51 - train: epoch 17, iter:20, loss: 0.8474, lr: 0.0009930680383498998
2026-09-30 09:28:54 - val epoch: 17, loss: 1.1043
2026-09-30 09:28:54 - train gamma: g2=0.099 g3=0.099 g4=0.094 g5=0.097
2026-09-30 09:28:56 - train: epoch 18, iter:0, loss: 0.9941, lr: 0.0009921768259447744
2026-09-30 09:29:17 - train: epoch 18, iter:20, loss: 0.8513, lr: 0.0009921768259447744
2026-09-30 09:29:21 - val epoch: 18, loss: 1.3036
2026-09-30 09:29:21 - train gamma: g2=0.098 g3=0.099 g4=0.094 g5=0.097
2026-09-30 09:29:22 - train: epoch 19, iter:0, loss: 0.9654, lr: 0.0009912321891107007
2026-09-30 09:29:25 - train: epoch 19, iter:20, loss: 0.7990, lr: 0.0009912321891107007
2026-09-30 09:29:29 - val epoch: 19, loss: 1.1904
2026-09-30 09:29:29 - train gamma: g2=0.098 g3=0.099 g4=0.094 g5=0.097
2026-09-30 09:29:30 - train: epoch 20, iter:0, loss: 0.9407, lr: 0.0009902342314377522
2026-09-30 09:29:33 - train: epoch 20, iter:20, loss: 0.8208, lr: 0.0009902342314377522
2026-09-30 09:29:36 - val epoch: 20, loss: 0.9612, miou: 0.7497976475921357, f1_or_dsc: 0.8570106933495064, accuracy: 0.9342923683695273,                 specificity: 0.9746192650132364, sensitivity: 0.808948088422666, confusion_matrix: [[39046656  1016841]
 [ 2462581 10427010]]
2026-09-30 09:29:36 - train gamma: g2=0.098 g3=0.099 g4=0.094 g5=0.096
2026-09-30 09:29:38 - train: epoch 21, iter:0, loss: 0.8630, lr: 0.0009891830623632338
2026-09-30 09:29:41 - train: epoch 21, iter:20, loss: 0.7907, lr: 0.0009891830623632338
2026-09-30 09:29:44 - val epoch: 21, loss: 1.0399
2026-09-30 09:29:44 - train gamma: g2=0.098 g3=0.099 g4=0.094 g5=0.096
2026-09-30 09:29:46 - train: epoch 22, iter:0, loss: 0.8828, lr: 0.00098807879715968
2026-09-30 09:29:49 - train: epoch 22, iter:20, loss: 0.8093, lr: 0.00098807879715968
2026-09-30 09:29:52 - val epoch: 22, loss: 1.0964
2026-09-30 09:29:52 - train gamma: g2=0.098 g3=0.099 g4=0.093 g5=0.096
2026-09-30 09:29:53 - train: epoch 23, iter:0, loss: 0.6966, lr: 0.0009869215569222143
2026-09-30 09:29:57 - train: epoch 23, iter:20, loss: 0.7712, lr: 0.0009869215569222143
2026-09-30 09:30:00 - val epoch: 23, loss: 1.0195
2026-09-30 09:30:00 - train gamma: g2=0.098 g3=0.099 g4=0.093 g5=0.096
2026-09-30 09:30:01 - train: epoch 24, iter:0, loss: 0.6801, lr: 0.0009857114685552697
2026-09-30 09:30:04 - train: epoch 24, iter:20, loss: 0.8053, lr: 0.0009857114685552697
2026-09-30 09:30:08 - val epoch: 24, loss: 0.9561
2026-09-30 09:30:08 - train gamma: g2=0.098 g3=0.099 g4=0.093 g5=0.096
2026-09-30 09:30:09 - train: epoch 25, iter:0, loss: 0.6419, lr: 0.0009844486647586721
2026-09-30 09:30:12 - train: epoch 25, iter:20, loss: 0.7513, lr: 0.0009844486647586721
2026-09-30 09:30:15 - val epoch: 25, loss: 0.9567
2026-09-30 09:30:15 - train gamma: g2=0.098 g3=0.099 g4=0.093 g5=0.095
2026-09-30 09:30:17 - train: epoch 26, iter:0, loss: 0.7995, lr: 0.0009831332840130884
2026-09-30 09:30:20 - train: epoch 26, iter:20, loss: 0.7599, lr: 0.0009831332840130884
2026-09-30 09:30:23 - val epoch: 26, loss: 0.9436
2026-09-30 09:30:23 - train gamma: g2=0.098 g3=0.099 g4=0.093 g5=0.095
2026-09-30 09:30:25 - train: epoch 27, iter:0, loss: 0.7522, lr: 0.0009817654705648405
2026-09-30 09:30:28 - train: epoch 27, iter:20, loss: 0.7386, lr: 0.0009817654705648405
2026-09-30 09:30:31 - val epoch: 27, loss: 0.9961
2026-09-30 09:30:31 - train gamma: g2=0.099 g3=0.100 g4=0.093 g5=0.095
2026-09-30 09:30:32 - train: epoch 28, iter:0, loss: 0.6878, lr: 0.0009803453744100864
2026-09-30 09:30:36 - train: epoch 28, iter:20, loss: 0.7510, lr: 0.0009803453744100864
2026-09-30 09:30:39 - val epoch: 28, loss: 1.1941
2026-09-30 09:30:39 - train gamma: g2=0.099 g3=0.100 g4=0.093 g5=0.095
2026-09-30 09:30:40 - train: epoch 29, iter:0, loss: 0.7300, lr: 0.0009788731512783728
2026-09-30 09:30:43 - train: epoch 29, iter:20, loss: 0.7074, lr: 0.0009788731512783728
2026-09-30 09:30:47 - val epoch: 29, loss: 1.0175
2026-09-30 09:30:47 - train gamma: g2=0.098 g3=0.100 g4=0.093 g5=0.095
2026-09-30 09:30:48 - train: epoch 30, iter:0, loss: 0.7770, lr: 0.0009773489626155566
2026-09-30 09:30:51 - train: epoch 30, iter:20, loss: 0.6988, lr: 0.0009773489626155566
2026-09-30 09:30:55 - val epoch: 30, loss: 0.9446, miou: 0.7520237794970595, f1_or_dsc: 0.8584629824064801, accuracy: 0.9334574973229135,                 specificity: 0.967053275454212, sensitivity: 0.8290349166238091, confusion_matrix: [[38743536  1319961]
 [ 2203670 10685921]]
2026-09-30 09:30:55 - train gamma: g2=0.098 g3=0.100 g4=0.093 g5=0.095
2026-09-30 09:30:56 - train: epoch 31, iter:0, loss: 0.6964, lr: 0.0009757729755661006
2026-09-30 09:30:59 - train: epoch 31, iter:20, loss: 0.7041, lr: 0.0009757729755661006
2026-09-30 09:31:02 - val epoch: 31, loss: 0.9560
2026-09-30 09:31:02 - train gamma: g2=0.099 g3=0.100 g4=0.093 g5=0.094
2026-09-30 09:31:04 - train: epoch 32, iter:0, loss: 0.5898, lr: 0.0009741453629547445
2026-09-30 09:31:07 - train: epoch 32, iter:20, loss: 0.6973, lr: 0.0009741453629547445
2026-09-30 09:31:10 - val epoch: 32, loss: 0.9454
2026-09-30 09:31:10 - train gamma: g2=0.099 g3=0.100 g4=0.093 g5=0.094
2026-09-30 09:31:11 - train: epoch 33, iter:0, loss: 0.6272, lr: 0.0009724663032675527
2026-09-30 09:31:14 - train: epoch 33, iter:20, loss: 0.7180, lr: 0.0009724663032675527
2026-09-30 09:31:18 - val epoch: 33, loss: 1.1448
2026-09-30 09:31:18 - train gamma: g2=0.099 g3=0.101 g4=0.093 g5=0.094
2026-09-30 09:31:19 - train: epoch 34, iter:0, loss: 0.5375, lr: 0.0009707359806323412
2026-09-30 09:31:22 - train: epoch 34, iter:20, loss: 0.6964, lr: 0.0009707359806323412
2026-09-30 09:31:26 - val epoch: 34, loss: 0.8264
2026-09-30 09:31:26 - train gamma: g2=0.099 g3=0.101 g4=0.093 g5=0.094
2026-09-30 09:31:27 - train: epoch 35, iter:0, loss: 0.5772, lr: 0.0009689545847984858
2026-09-30 09:31:30 - train: epoch 35, iter:20, loss: 0.6938, lr: 0.0009689545847984858
2026-09-30 09:31:34 - val epoch: 35, loss: 0.9225
2026-09-30 09:31:34 - train gamma: g2=0.099 g3=0.101 g4=0.093 g5=0.094
2026-09-30 09:31:35 - train: epoch 36, iter:0, loss: 0.7484, lr: 0.0009671223111161144
2026-09-30 09:31:38 - train: epoch 36, iter:20, loss: 0.7105, lr: 0.0009671223111161144
2026-09-30 09:31:41 - val epoch: 36, loss: 0.9489
2026-09-30 09:32:04 - train gamma: g2=0.099 g3=0.101 g4=0.093 g5=0.094
2026-09-30 09:32:05 - train: epoch 37, iter:0, loss: 0.8692, lr: 0.000965239360514684
2026-09-30 09:32:08 - train: epoch 37, iter:20, loss: 0.6856, lr: 0.000965239360514684
2026-09-30 09:32:12 - val epoch: 37, loss: 1.0299
2026-09-30 09:32:12 - train gamma: g2=0.099 g3=0.101 g4=0.093 g5=0.094
2026-09-30 09:32:13 - train: epoch 38, iter:0, loss: 0.8282, lr: 0.000963305939480947
2026-09-30 09:32:16 - train: epoch 38, iter:20, loss: 0.7760, lr: 0.000963305939480947
2026-09-30 09:32:40 - val epoch: 38, loss: 0.9402
2026-09-30 09:32:40 - train gamma: g2=0.099 g3=0.101 g4=0.093 g5=0.093
2026-09-30 09:32:41 - train: epoch 39, iter:0, loss: 0.6359, lr: 0.0009613222600363074
2026-09-30 09:32:44 - train: epoch 39, iter:20, loss: 0.6958, lr: 0.0009613222600363074
2026-09-30 09:32:48 - val epoch: 39, loss: 1.0927
2026-09-30 09:32:48 - train gamma: g2=0.099 g3=0.101 g4=0.093 g5=0.093
2026-09-30 09:32:49 - train: epoch 40, iter:0, loss: 0.7375, lr: 0.0009592885397135703
2026-09-30 09:32:52 - train: epoch 40, iter:20, loss: 0.6496, lr: 0.0009592885397135703
2026-09-30 09:32:55 - val epoch: 40, loss: 0.9891, miou: 0.7438814437896726, f1_or_dsc: 0.8531330457569698, accuracy: 0.9334928304842203,                 specificity: 0.9785112118395456, sensitivity: 0.7935664521861089, confusion_matrix: [[39202581   860916]
 [ 2660844 10228747]]
2026-09-30 09:32:55 - train gamma: g2=0.099 g3=0.101 g4=0.093 g5=0.093
2026-09-30 09:32:57 - train: epoch 41, iter:0, loss: 0.8661, lr: 0.0009572050015330871
2026-09-30 09:33:00 - train: epoch 41, iter:20, loss: 0.6515, lr: 0.0009572050015330871
2026-09-30 09:33:03 - val epoch: 41, loss: 0.9494
2026-09-30 09:33:03 - train gamma: g2=0.099 g3=0.101 g4=0.093 g5=0.093
2026-09-30 09:33:04 - train: epoch 42, iter:0, loss: 0.5138, lr: 0.0009550718739782986
2026-09-30 09:33:07 - train: epoch 42, iter:20, loss: 0.6703, lr: 0.0009550718739782986
2026-09-30 09:33:11 - val epoch: 42, loss: 0.9243
2026-09-30 09:33:11 - train gamma: g2=0.099 g3=0.101 g4=0.093 g5=0.093
2026-09-30 09:33:12 - train: epoch 43, iter:0, loss: 0.5872, lr: 0.0009528893909706794
2026-09-30 09:33:15 - train: epoch 43, iter:20, loss: 0.6461, lr: 0.0009528893909706794
2026-09-30 09:33:19 - val epoch: 43, loss: 0.9095
2026-09-30 09:33:19 - train gamma: g2=0.099 g3=0.101 g4=0.093 g5=0.093
2026-09-30 09:33:20 - train: epoch 44, iter:0, loss: 0.6349, lr: 0.0009506577918440856
2026-09-30 09:33:23 - train: epoch 44, iter:20, loss: 0.6386, lr: 0.0009506577918440856
2026-09-30 09:33:26 - val epoch: 44, loss: 0.9249
2026-09-30 09:33:26 - train gamma: g2=0.099 g3=0.102 g4=0.093 g5=0.093
2026-09-30 09:33:28 - train: epoch 45, iter:0, loss: 0.6817, lr: 0.000948377321318509
2026-09-30 09:33:31 - train: epoch 45, iter:20, loss: 0.6722, lr: 0.000948377321318509
2026-09-30 09:33:34 - val epoch: 45, loss: 0.8371
2026-09-30 09:33:34 - train gamma: g2=0.099 g3=0.101 g4=0.093 g5=0.093
2026-09-30 09:33:35 - train: epoch 46, iter:0, loss: 0.5927, lr: 0.0009460482294732416
2026-09-30 09:33:39 - train: epoch 46, iter:20, loss: 0.6702, lr: 0.0009460482294732416
2026-09-30 09:33:42 - val epoch: 46, loss: 0.9372
2026-09-30 09:33:42 - train gamma: g2=0.099 g3=0.101 g4=0.093 g5=0.092
2026-09-30 09:33:43 - train: epoch 47, iter:0, loss: 0.5827, lr: 0.0009436707717194508
2026-09-30 09:33:46 - train: epoch 47, iter:20, loss: 0.6179, lr: 0.0009436707717194508
2026-09-30 09:33:50 - val epoch: 47, loss: 0.8748
2026-09-30 09:33:50 - train gamma: g2=0.099 g3=0.101 g4=0.093 g5=0.092
2026-09-30 09:33:51 - train: epoch 48, iter:0, loss: 0.5916, lr: 0.0009412452087721706
2026-09-30 09:33:54 - train: epoch 48, iter:20, loss: 0.6511, lr: 0.0009412452087721706
2026-09-30 09:33:58 - val epoch: 48, loss: 0.9933
2026-09-30 09:33:58 - train gamma: g2=0.099 g3=0.101 g4=0.093 g5=0.092
2026-09-30 09:33:59 - train: epoch 49, iter:0, loss: 0.7875, lr: 0.000938771806621712
2026-09-30 09:34:02 - train: epoch 49, iter:20, loss: 0.6492, lr: 0.000938771806621712
2026-09-30 09:34:05 - val epoch: 49, loss: 0.8576
2026-09-30 09:34:05 - train gamma: g2=0.099 g3=0.101 g4=0.092 g5=0.092
2026-09-30 09:34:06 - train: epoch 50, iter:0, loss: 0.5461, lr: 0.0009362508365044934
2026-09-30 09:34:09 - train: epoch 50, iter:20, loss: 0.6578, lr: 0.0009362508365044934
2026-09-30 09:34:13 - val epoch: 50, loss: 1.0354, miou: 0.732838855212657, f1_or_dsc: 0.8458245877949473, accuracy: 0.9309347738133799,                 specificity: 0.9800419568965735, sensitivity: 0.778299559698985, confusion_matrix: [[39263908   799589]
 [ 2857628 10031963]]
2026-09-30 09:34:13 - train gamma: g2=0.099 g3=0.101 g4=0.092 g5=0.092
2026-09-30 09:34:14 - train: epoch 51, iter:0, loss: 0.5170, lr: 0.0009336825748732968
2026-09-30 09:34:17 - train: epoch 51, iter:20, loss: 0.6395, lr: 0.0009336825748732968
2026-09-30 09:34:21 - val epoch: 51, loss: 0.8604
2026-09-30 09:34:21 - train gamma: g2=0.099 g3=0.101 g4=0.092 g5=0.092
2026-09-30 09:34:22 - train: epoch 52, iter:0, loss: 0.5792, lr: 0.0009310673033669517
2026-09-30 09:34:25 - train: epoch 52, iter:20, loss: 0.6502, lr: 0.0009310673033669517
2026-09-30 09:34:28 - val epoch: 52, loss: 0.8367
2026-09-30 09:34:28 - train gamma: g2=0.099 g3=0.101 g4=0.093 g5=0.092
2026-09-30 09:34:30 - train: epoch 53, iter:0, loss: 0.7364, lr: 0.0009284053087794505
2026-09-30 09:34:33 - train: epoch 53, iter:20, loss: 0.6416, lr: 0.0009284053087794505
2026-09-30 09:34:36 - val epoch: 53, loss: 1.0120
2026-09-30 09:34:36 - train gamma: g2=0.099 g3=0.101 g4=0.093 g5=0.092
2026-09-30 09:34:37 - train: epoch 54, iter:0, loss: 0.6418, lr: 0.0009256968830284974
2026-09-30 09:34:40 - train: epoch 54, iter:20, loss: 0.6752, lr: 0.0009256968830284974
2026-09-30 09:34:44 - val epoch: 54, loss: 1.4378
2026-09-30 09:34:44 - train gamma: g2=0.099 g3=0.102 g4=0.092 g5=0.091
2026-09-30 09:34:46 - train: epoch 55, iter:0, loss: 0.5981, lr: 0.0009229423231234972
2026-09-30 09:34:49 - train: epoch 55, iter:20, loss: 0.6274, lr: 0.0009229423231234972
2026-09-30 09:34:52 - val epoch: 55, loss: 0.8418
2026-09-30 09:34:52 - train gamma: g2=0.099 g3=0.102 g4=0.093 g5=0.091
2026-09-30 09:34:53 - train: epoch 56, iter:0, loss: 0.6693, lr: 0.0009201419311329846
2026-09-30 09:34:56 - train: epoch 56, iter:20, loss: 0.6262, lr: 0.0009201419311329846
2026-09-30 09:35:00 - val epoch: 56, loss: 0.9528
2026-09-30 09:35:00 - train gamma: g2=0.099 g3=0.101 g4=0.092 g5=0.091
2026-09-30 09:35:01 - train: epoch 57, iter:0, loss: 0.8848, lr: 0.0009172960141514989
2026-09-30 09:35:04 - train: epoch 57, iter:20, loss: 0.6183, lr: 0.0009172960141514989
2026-09-30 09:35:07 - val epoch: 57, loss: 0.8408
2026-09-30 09:35:07 - train gamma: g2=0.099 g3=0.102 g4=0.093 g5=0.091
2026-09-30 09:35:08 - train: epoch 58, iter:0, loss: 0.6625, lr: 0.0009144048842659077
2026-09-30 09:35:12 - train: epoch 58, iter:20, loss: 0.6215, lr: 0.0009144048842659077
2026-09-30 09:35:15 - val epoch: 58, loss: 0.8346
2026-09-30 09:35:15 - train gamma: g2=0.099 g3=0.102 g4=0.093 g5=0.091
2026-09-30 09:35:16 - train: epoch 59, iter:0, loss: 0.5229, lr: 0.0009114688585211832
2026-09-30 09:35:19 - train: epoch 59, iter:20, loss: 0.6162, lr: 0.0009114688585211832
2026-09-30 09:35:23 - val epoch: 59, loss: 0.8668
2026-09-30 09:35:23 - train gamma: g2=0.099 g3=0.102 g4=0.092 g5=0.091
2026-09-30 09:35:24 - train: epoch 60, iter:0, loss: 0.5844, lr: 0.0009084882588856339
2026-09-30 09:35:27 - train: epoch 60, iter:20, loss: 0.6360, lr: 0.0009084882588856339
2026-09-30 09:35:30 - val epoch: 60, loss: 0.8473, miou: 0.7781905965499004, f1_or_dsc: 0.8752611762313551, accuracy: 0.9370740380617651,                 specificity: 0.9467626602839987, sensitivity: 0.9069598096634719, confusion_matrix: [[37930623  2132874]
 [ 1199250 11690341]]
2026-09-30 09:35:30 - train gamma: g2=0.099 g3=0.102 g4=0.092 g5=0.091
2026-09-30 09:35:32 - train: epoch 61, iter:0, loss: 0.7574, lr: 0.0009054634122155986
2026-09-30 09:35:35 - train: epoch 61, iter:20, loss: 0.6122, lr: 0.0009054634122155986
2026-09-30 09:35:38 - val epoch: 61, loss: 0.8759
2026-09-30 09:35:38 - train gamma: g2=0.099 g3=0.102 g4=0.092 g5=0.091
2026-09-30 09:35:40 - train: epoch 62, iter:0, loss: 0.5753, lr: 0.0009023946502196013
2026-09-30 09:35:43 - train: epoch 62, iter:20, loss: 0.6314, lr: 0.0009023946502196013
2026-09-30 09:35:46 - val epoch: 62, loss: 0.9342
2026-09-30 09:35:46 - train gamma: g2=0.099 g3=0.102 g4=0.092 g5=0.091
2026-09-30 09:35:48 - train: epoch 63, iter:0, loss: 0.7280, lr: 0.0008992823094219767
2026-09-30 09:35:51 - train: epoch 63, iter:20, loss: 0.6268, lr: 0.0008992823094219767
2026-09-30 09:35:54 - val epoch: 63, loss: 0.8805
2026-09-30 09:35:54 - train gamma: g2=0.099 g3=0.102 g4=0.092 g5=0.090
2026-09-30 09:35:55 - train: epoch 64, iter:0, loss: 0.5164, lr: 0.0008961267311259662
2026-09-30 09:35:58 - train: epoch 64, iter:20, loss: 0.6072, lr: 0.0008961267311259662
2026-09-30 09:36:02 - val epoch: 64, loss: 0.8914
2026-09-30 09:36:02 - train gamma: g2=0.100 g3=0.102 g4=0.092 g5=0.090
2026-09-30 09:36:03 - train: epoch 65, iter:0, loss: 0.4638, lr: 0.0008929282613762903
2026-09-30 09:36:06 - train: epoch 65, iter:20, loss: 0.6177, lr: 0.0008929282613762903
2026-09-30 09:36:10 - val epoch: 65, loss: 0.8657
2026-09-30 09:36:10 - train gamma: g2=0.099 g3=0.102 g4=0.092 g5=0.090
2026-09-30 09:36:11 - train: epoch 66, iter:0, loss: 0.4786, lr: 0.0008896872509212002
2026-09-30 09:36:14 - train: epoch 66, iter:20, loss: 0.6046, lr: 0.0008896872509212002
2026-09-30 09:36:18 - val epoch: 66, loss: 0.8999
2026-09-30 09:36:18 - train gamma: g2=0.099 g3=0.102 g4=0.092 g5=0.090
2026-09-30 09:36:19 - train: epoch 67, iter:0, loss: 0.6806, lr: 0.0008864040551740152
2026-09-30 09:36:22 - train: epoch 67, iter:20, loss: 0.5849, lr: 0.0008864040551740152
2026-09-30 09:36:25 - val epoch: 67, loss: 1.0746
2026-09-30 09:36:25 - train gamma: g2=0.099 g3=0.102 g4=0.092 g5=0.090
2026-09-30 09:36:27 - train: epoch 68, iter:0, loss: 0.6914, lr: 0.0008830790341741476
2026-09-30 09:36:30 - train: epoch 68, iter:20, loss: 0.6215, lr: 0.0008830790341741476
2026-09-30 09:36:33 - val epoch: 68, loss: 0.8426
2026-09-30 09:36:33 - train gamma: g2=0.099 g3=0.103 g4=0.092 g5=0.090
2026-09-30 09:36:34 - train: epoch 69, iter:0, loss: 0.5439, lr: 0.000879712552547619
2026-09-30 09:36:37 - train: epoch 69, iter:20, loss: 0.5685, lr: 0.000879712552547619
2026-09-30 09:36:41 - val epoch: 69, loss: 0.8361
2026-09-30 09:36:41 - train gamma: g2=0.099 g3=0.103 g4=0.092 g5=0.090
2026-09-30 09:36:42 - train: epoch 70, iter:0, loss: 0.4997, lr: 0.0008763049794670771
2026-09-30 09:36:45 - train: epoch 70, iter:20, loss: 0.6101, lr: 0.0008763049794670771
2026-09-30 09:36:49 - val epoch: 70, loss: 0.8381, miou: 0.7841643155874769, f1_or_dsc: 0.8790270142010691, accuracy: 0.9399213507623956,                 specificity: 0.9538209557692879, sensitivity: 0.8967185227211631, confusion_matrix: [[38213403  1850094]
 [ 1331256 11558335]]
2026-09-30 09:36:49 - train gamma: g2=0.099 g3=0.103 g4=0.092 g5=0.090
2026-09-30 09:36:50 - train: epoch 71, iter:0, loss: 0.6577, lr: 0.0008728566886113098
2026-09-30 09:36:53 - train: epoch 71, iter:20, loss: 0.6120, lr: 0.0008728566886113098
2026-09-30 09:36:57 - val epoch: 71, loss: 0.8131
2026-09-30 09:36:57 - train gamma: g2=0.100 g3=0.103 g4=0.092 g5=0.090
2026-09-30 09:36:58 - train: epoch 72, iter:0, loss: 0.6202, lr: 0.000869368058124268
2026-09-30 09:37:01 - train: epoch 72, iter:20, loss: 0.5827, lr: 0.000869368058124268
2026-09-30 09:37:04 - val epoch: 72, loss: 0.8627
2026-09-30 09:37:04 - train gamma: g2=0.099 g3=0.103 g4=0.092 g5=0.090
2026-09-30 09:37:06 - train: epoch 73, iter:0, loss: 0.5399, lr: 0.0008658394705735983
2026-09-30 09:37:09 - train: epoch 73, iter:20, loss: 0.5944, lr: 0.0008658394705735983
2026-09-30 09:37:12 - val epoch: 73, loss: 0.9965
2026-09-30 09:37:12 - train gamma: g2=0.099 g3=0.103 g4=0.092 g5=0.090
2026-09-30 09:37:13 - train: epoch 74, iter:0, loss: 0.4940, lr: 0.0008622713129086888
2026-09-30 09:37:16 - train: epoch 74, iter:20, loss: 0.5895, lr: 0.0008622713129086888
2026-09-30 09:37:20 - val epoch: 74, loss: 0.8276
2026-09-30 09:37:20 - train gamma: g2=0.099 g3=0.103 g4=0.093 g5=0.089
2026-09-30 09:37:21 - train: epoch 75, iter:0, loss: 0.7766, lr: 0.0008586639764182372
2026-09-30 09:37:24 - train: epoch 75, iter:20, loss: 0.5861, lr: 0.0008586639764182372
2026-09-30 09:37:28 - val epoch: 75, loss: 0.8576
2026-09-30 09:37:28 - train gamma: g2=0.099 g3=0.103 g4=0.093 g5=0.089
2026-09-30 09:37:29 - train: epoch 76, iter:0, loss: 0.7461, lr: 0.0008550178566873405
2026-09-30 09:37:32 - train: epoch 76, iter:20, loss: 0.5929, lr: 0.0008550178566873405
2026-09-30 09:37:36 - val epoch: 76, loss: 0.8095
2026-09-30 09:37:36 - train gamma: g2=0.099 g3=0.103 g4=0.092 g5=0.089
2026-09-30 09:37:37 - train: epoch 77, iter:0, loss: 0.5673, lr: 0.0008513333535541156
2026-09-30 09:38:26 - train: epoch 77, iter:20, loss: 0.5645, lr: 0.0008513333535541156
2026-09-30 09:38:30 - val epoch: 77, loss: 0.8357
2026-09-30 09:38:30 - train gamma: g2=0.099 g3=0.103 g4=0.093 g5=0.089
2026-09-30 09:38:31 - train: epoch 78, iter:0, loss: 0.6609, lr: 0.0008476108710658509
2026-09-30 09:38:34 - train: epoch 78, iter:20, loss: 0.5731, lr: 0.0008476108710658509
2026-09-30 09:38:38 - val epoch: 78, loss: 0.8639
2026-09-30 09:38:38 - train gamma: g2=0.100 g3=0.104 g4=0.093 g5=0.089
2026-09-30 09:38:39 - train: epoch 79, iter:0, loss: 0.6454, lr: 0.0008438508174347005
2026-09-30 09:38:42 - train: epoch 79, iter:20, loss: 0.5985, lr: 0.0008438508174347005
2026-09-30 09:38:45 - val epoch: 79, loss: 0.8598
2026-09-30 09:38:45 - train gamma: g2=0.100 g3=0.104 g4=0.092 g5=0.089
2026-09-30 09:38:47 - train: epoch 80, iter:0, loss: 0.6799, lr: 0.0008400536049929166
2026-09-30 09:38:50 - train: epoch 80, iter:20, loss: 0.5967, lr: 0.0008400536049929166
2026-09-30 09:38:53 - val epoch: 80, loss: 0.8571, miou: 0.7742250023441445, f1_or_dsc: 0.8727472573334516, accuracy: 0.9347027882491008,                 specificity: 0.9394669666504649, sensitivity: 0.919894742975165, confusion_matrix: [[37638332  2425165]
 [ 1032524 11857067]]
2026-09-30 09:38:53 - train gamma: g2=0.099 g3=0.104 g4=0.092 g5=0.089
2026-09-30 09:38:54 - train: epoch 81, iter:0, loss: 0.6501, lr: 0.0008362196501476343
2026-09-30 09:38:58 - train: epoch 81, iter:20, loss: 0.5791, lr: 0.0008362196501476343
2026-09-30 09:39:01 - val epoch: 81, loss: 0.8248
2026-09-30 09:39:01 - train gamma: g2=0.099 g3=0.104 g4=0.092 g5=0.089
2026-09-30 09:39:02 - train: epoch 82, iter:0, loss: 0.5838, lr: 0.0008323493733352072
2026-09-30 09:39:05 - train: epoch 82, iter:20, loss: 0.5703, lr: 0.0008323493733352072
2026-09-30 09:39:09 - val epoch: 82, loss: 0.8198
2026-09-30 09:39:09 - train gamma: g2=0.099 g3=0.104 g4=0.092 g5=0.089
2026-09-30 09:39:10 - train: epoch 83, iter:0, loss: 0.6046, lr: 0.0008284431989751018
2026-09-30 09:39:13 - train: epoch 83, iter:20, loss: 0.5578, lr: 0.0008284431989751018
2026-09-30 09:39:17 - val epoch: 83, loss: 0.8551
2026-09-30 09:39:17 - train gamma: g2=0.099 g3=0.104 g4=0.092 g5=0.089
2026-09-30 09:39:18 - train: epoch 84, iter:0, loss: 0.6202, lr: 0.000824501555423355
2026-09-30 09:39:21 - train: epoch 84, iter:20, loss: 0.5900, lr: 0.000824501555423355
2026-09-30 09:39:24 - val epoch: 84, loss: 0.7974
2026-09-30 09:39:24 - train gamma: g2=0.099 g3=0.104 g4=0.092 g5=0.089
2026-09-30 09:39:26 - train: epoch 85, iter:0, loss: 0.4857, lr: 0.0008205248749256009
2026-09-30 09:39:29 - train: epoch 85, iter:20, loss: 0.5733, lr: 0.0008205248749256009
2026-09-30 09:39:32 - val epoch: 85, loss: 0.8571
2026-09-30 09:39:32 - train gamma: g2=0.099 g3=0.104 g4=0.092 g5=0.089
2026-09-30 09:39:33 - train: epoch 86, iter:0, loss: 0.6439, lr: 0.000816513593569669
2026-09-30 09:39:36 - train: epoch 86, iter:20, loss: 0.5605, lr: 0.000816513593569669
2026-09-30 09:39:40 - val epoch: 86, loss: 0.7983
2026-09-30 09:39:40 - train gamma: g2=0.099 g3=0.103 g4=0.092 g5=0.088
2026-09-30 09:39:41 - train: epoch 87, iter:0, loss: 0.4905, lr: 0.0008124681512377632
2026-09-30 09:39:44 - train: epoch 87, iter:20, loss: 0.5504, lr: 0.0008124681512377632
2026-09-30 09:39:48 - val epoch: 87, loss: 0.8237
2026-09-30 09:39:48 - train gamma: g2=0.099 g3=0.104 g4=0.092 g5=0.088
2026-09-30 09:39:49 - train: epoch 88, iter:0, loss: 0.5017, lr: 0.000808388991558223
2026-09-30 09:39:52 - train: epoch 88, iter:20, loss: 0.5564, lr: 0.000808388991558223
2026-09-30 09:39:55 - val epoch: 88, loss: 0.8177
2026-09-30 09:39:55 - train gamma: g2=0.100 g3=0.104 g4=0.092 g5=0.088
2026-09-30 09:39:57 - train: epoch 89, iter:0, loss: 0.5572, lr: 0.0008042765618568752
2026-09-30 09:40:00 - train: epoch 89, iter:20, loss: 0.5767, lr: 0.0008042765618568752
2026-09-30 09:40:03 - val epoch: 89, loss: 0.8272
2026-09-30 09:40:03 - train gamma: g2=0.100 g3=0.104 g4=0.092 g5=0.088
2026-09-30 09:40:05 - train: epoch 90, iter:0, loss: 0.5462, lr: 0.0008001313131079794
2026-09-30 09:40:08 - train: epoch 90, iter:20, loss: 0.5769, lr: 0.0008001313131079794
2026-09-30 09:40:11 - val epoch: 90, loss: 0.8916, miou: 0.7743704840299703, f1_or_dsc: 0.8728396814527836, accuracy: 0.9419177593571124,                 specificity: 0.9814855153557863, sensitivity: 0.8189330445007914, confusion_matrix: [[39321742   741755]
 [ 2333879 10555712]]
2026-09-30 09:40:11 - train gamma: g2=0.100 g3=0.104 g4=0.092 g5=0.088
2026-09-30 09:40:12 - train: epoch 91, iter:0, loss: 0.5071, lr: 0.0007959536998847737
2026-09-30 09:40:15 - train: epoch 91, iter:20, loss: 0.5835, lr: 0.0007959536998847737
2026-09-30 09:40:19 - val epoch: 91, loss: 0.8464
2026-09-30 09:40:19 - train gamma: g2=0.100 g3=0.104 g4=0.092 g5=0.088
2026-09-30 09:40:20 - train: epoch 92, iter:0, loss: 0.5487, lr: 0.0007917441803096255
2026-09-30 09:40:23 - train: epoch 92, iter:20, loss: 0.5456, lr: 0.0007917441803096255
2026-09-30 09:40:27 - val epoch: 92, loss: 0.8567
2026-09-30 09:40:27 - train gamma: g2=0.100 g3=0.104 g4=0.092 g5=0.088
2026-09-30 09:40:28 - train: epoch 93, iter:0, loss: 0.5281, lr: 0.0007875032160037932
2026-09-30 09:40:31 - train: epoch 93, iter:20, loss: 0.5653, lr: 0.0007875032160037932
2026-09-30 09:40:34 - val epoch: 93, loss: 0.8311
2026-09-30 09:40:34 - train gamma: g2=0.100 g3=0.104 g4=0.092 g5=0.088
2026-09-30 09:40:36 - train: epoch 94, iter:0, loss: 0.5870, lr: 0.0007832312720368042
2026-09-30 09:40:39 - train: epoch 94, iter:20, loss: 0.5520, lr: 0.0007832312720368042
2026-09-30 09:40:42 - val epoch: 94, loss: 0.9027
2026-09-30 09:40:42 - train gamma: g2=0.100 g3=0.105 g4=0.092 g5=0.088
2026-09-30 09:40:44 - train: epoch 95, iter:0, loss: 0.6461, lr: 0.0007789288168754548
2026-09-30 09:40:47 - train: epoch 95, iter:20, loss: 0.5555, lr: 0.0007789288168754548
2026-09-30 09:40:50 - val epoch: 95, loss: 0.8888
2026-09-30 09:40:50 - train gamma: g2=0.100 g3=0.105 g4=0.092 g5=0.088
2026-09-30 09:40:51 - train: epoch 96, iter:0, loss: 0.4761, lr: 0.0007745963223324379
2026-09-30 09:40:54 - train: epoch 96, iter:20, loss: 0.5459, lr: 0.0007745963223324379
2026-09-30 09:40:58 - val epoch: 96, loss: 0.8306
2026-09-30 09:40:58 - train gamma: g2=0.100 g3=0.104 g4=0.092 g5=0.088
2026-09-30 09:40:59 - train: epoch 97, iter:0, loss: 0.5537, lr: 0.0007702342635146028
2026-09-30 09:41:02 - train: epoch 97, iter:20, loss: 0.5583, lr: 0.0007702342635146028
2026-09-30 09:41:06 - val epoch: 97, loss: 0.8248
2026-09-30 09:41:06 - train gamma: g2=0.100 g3=0.104 g4=0.092 g5=0.088
2026-09-30 09:41:07 - train: epoch 98, iter:0, loss: 0.5466, lr: 0.000765843118770855
2026-09-30 09:41:10 - train: epoch 98, iter:20, loss: 0.5509, lr: 0.000765843118770855
2026-09-30 09:41:14 - val epoch: 98, loss: 0.8253
2026-09-30 09:41:14 - train gamma: g2=0.100 g3=0.104 g4=0.092 g5=0.088
2026-09-30 09:41:15 - train: epoch 99, iter:0, loss: 0.5407, lr: 0.0007614233696396991
2026-09-30 09:41:18 - train: epoch 99, iter:20, loss: 0.5565, lr: 0.0007614233696396991
2026-09-30 09:41:22 - val epoch: 99, loss: 0.8091
2026-09-30 09:41:22 - train gamma: g2=0.100 g3=0.104 g4=0.092 g5=0.088
2026-09-30 09:41:23 - train: epoch 100, iter:0, loss: 0.4675, lr: 0.0007569755007964334
2026-09-30 09:41:26 - train: epoch 100, iter:20, loss: 0.5430, lr: 0.0007569755007964334
2026-09-30 09:41:30 - val epoch: 100, loss: 0.8162, miou: 0.7912171632286318, f1_or_dsc: 0.8834408015636466, accuracy: 0.945085355550936,                 specificity: 0.9740841894056328, sensitivity: 0.8549510221076836, confusion_matrix: [[39025219  1038278]
 [ 1869622 11019969]]
2026-09-30 09:41:30 - train gamma: g2=0.100 g3=0.104 g4=0.092 g5=0.088
2026-09-30 09:41:31 - train: epoch 101, iter:0, loss: 0.5057, lr: 0.0007524999999999996
2026-09-30 09:41:34 - train: epoch 101, iter:20, loss: 0.5290, lr: 0.0007524999999999996
2026-09-30 09:41:37 - val epoch: 101, loss: 0.8612
2026-09-30 09:41:37 - train gamma: g2=0.100 g3=0.105 g4=0.092 g5=0.088
2026-09-30 09:41:39 - train: epoch 102, iter:0, loss: 0.5923, lr: 0.0007479973580394943
2026-09-30 09:41:42 - train: epoch 102, iter:20, loss: 0.5528, lr: 0.0007479973580394943
2026-09-30 09:41:45 - val epoch: 102, loss: 0.9035
2026-09-30 09:41:45 - train gamma: g2=0.100 g3=0.105 g4=0.092 g5=0.088
2026-09-30 09:41:46 - train: epoch 103, iter:0, loss: 0.5404, lr: 0.0007434680686803487
2026-09-30 09:41:49 - train: epoch 103, iter:20, loss: 0.5594, lr: 0.0007434680686803487
2026-09-30 09:41:53 - val epoch: 103, loss: 0.8294
2026-09-30 09:41:53 - train gamma: g2=0.100 g3=0.105 g4=0.092 g5=0.088
2026-09-30 09:41:54 - train: epoch 104, iter:0, loss: 0.4570, lr: 0.0007389126286101815
2026-09-30 09:41:57 - train: epoch 104, iter:20, loss: 0.5427, lr: 0.0007389126286101815
2026-09-30 09:42:01 - val epoch: 104, loss: 0.8494
2026-09-30 09:42:01 - train gamma: g2=0.100 g3=0.104 g4=0.092 g5=0.088
2026-09-30 09:42:02 - train: epoch 105, iter:0, loss: 0.5793, lr: 0.0007343315373843313
2026-09-30 09:42:05 - train: epoch 105, iter:20, loss: 0.5420, lr: 0.0007343315373843313
2026-09-30 09:42:09 - val epoch: 105, loss: 0.8852
2026-09-30 09:42:09 - train gamma: g2=0.100 g3=0.105 g4=0.092 g5=0.088
2026-09-30 09:42:10 - train: epoch 106, iter:0, loss: 0.4209, lr: 0.0007297252973710753
2026-09-30 09:42:13 - train: epoch 106, iter:20, loss: 0.5417, lr: 0.0007297252973710753
2026-09-30 09:42:16 - val epoch: 106, loss: 0.8079
2026-09-30 09:42:16 - train gamma: g2=0.100 g3=0.105 g4=0.092 g5=0.088
2026-09-30 09:42:18 - train: epoch 107, iter:0, loss: 0.5026, lr: 0.0007250944136965387
2026-09-30 09:42:21 - train: epoch 107, iter:20, loss: 0.5281, lr: 0.0007250944136965387
2026-09-30 09:42:24 - val epoch: 107, loss: 0.8666
2026-09-30 09:42:24 - train gamma: g2=0.100 g3=0.105 g4=0.092 g5=0.088
2026-09-30 09:42:26 - train: epoch 108, iter:0, loss: 0.5098, lr: 0.0007204393941893019
2026-09-30 09:42:29 - train: epoch 108, iter:20, loss: 0.5200, lr: 0.0007204393941893019
2026-09-30 09:42:32 - val epoch: 108, loss: 0.7962
2026-09-30 09:42:32 - train gamma: g2=0.100 g3=0.105 g4=0.092 g5=0.088
2026-09-30 09:42:33 - train: epoch 109, iter:0, loss: 0.5203, lr: 0.0007157607493247106
2026-09-30 09:42:36 - train: epoch 109, iter:20, loss: 0.5369, lr: 0.0007157607493247106
2026-09-30 09:42:40 - val epoch: 109, loss: 0.8701
2026-09-30 09:42:40 - train gamma: g2=0.100 g3=0.105 g4=0.092 g5=0.088
2026-09-30 09:42:41 - train: epoch 110, iter:0, loss: 0.5903, lr: 0.0007110589921688983
2026-09-30 09:42:44 - train: epoch 110, iter:20, loss: 0.5550, lr: 0.0007110589921688983
2026-09-30 09:42:48 - val epoch: 110, loss: 0.7905, miou: 0.7992577926574802, f1_or_dsc: 0.8884305472169021, accuracy: 0.9456473246659383,                 specificity: 0.9638595702217407, sensitivity: 0.8890399237648425, confusion_matrix: [[38615585  1447912]
 [ 1430230 11459361]]
2026-09-30 09:42:48 - train gamma: g2=0.100 g3=0.105 g4=0.092 g5=0.088
2026-09-30 09:42:49 - train: epoch 111, iter:0, loss: 0.4781, lr: 0.0007063346383225208
2026-09-30 09:42:52 - train: epoch 111, iter:20, loss: 0.5274, lr: 0.0007063346383225208
2026-09-30 09:42:55 - val epoch: 111, loss: 0.8095
2026-09-30 09:42:55 - train gamma: g2=0.100 g3=0.105 g4=0.092 g5=0.088
2026-09-30 09:42:57 - train: epoch 112, iter:0, loss: 0.5108, lr: 0.0007015882058642161
2026-09-30 09:43:00 - train: epoch 112, iter:20, loss: 0.5344, lr: 0.0007015882058642161
2026-09-30 09:43:03 - val epoch: 112, loss: 0.8211
2026-09-30 09:43:03 - train gamma: g2=0.100 g3=0.105 g4=0.092 g5=0.088
2026-09-30 09:43:05 - train: epoch 113, iter:0, loss: 0.5094, lr: 0.0006968202152937907
2026-09-30 09:43:08 - train: epoch 113, iter:20, loss: 0.5386, lr: 0.0006968202152937907
2026-09-30 09:43:11 - val epoch: 113, loss: 1.1238
2026-09-30 09:43:11 - train gamma: g2=0.100 g3=0.105 g4=0.092 g5=0.088
2026-09-30 09:43:12 - train: epoch 114, iter:0, loss: 0.7807, lr: 0.000692031189475141
2026-09-30 09:43:15 - train: epoch 114, iter:20, loss: 0.5594, lr: 0.000692031189475141
2026-09-30 09:43:19 - val epoch: 114, loss: 0.8365
2026-09-30 09:43:19 - train gamma: g2=0.100 g3=0.105 g4=0.092 g5=0.088
2026-09-30 09:43:20 - train: epoch 115, iter:0, loss: 0.6962, lr: 0.0006872216535789155
2026-09-30 09:43:23 - train: epoch 115, iter:20, loss: 0.5190, lr: 0.0006872216535789155
2026-09-30 09:43:26 - val epoch: 115, loss: 0.8180
2026-09-30 09:43:26 - train gamma: g2=0.100 g3=0.105 g4=0.092 g5=0.088
2026-09-30 09:43:28 - train: epoch 116, iter:0, loss: 0.5273, lr: 0.0006823921350249233
2026-09-30 09:43:31 - train: epoch 116, iter:20, loss: 0.5367, lr: 0.0006823921350249233
2026-09-30 09:43:34 - val epoch: 116, loss: 0.8752
2026-09-30 09:43:34 - train gamma: g2=0.100 g3=0.105 g4=0.092 g5=0.088
2026-09-30 09:43:35 - train: epoch 117, iter:0, loss: 0.4994, lr: 0.0006775431634242984
2026-09-30 09:43:39 - train: epoch 117, iter:20, loss: 0.5540, lr: 0.0006775431634242984
2026-09-30 09:43:42 - val epoch: 117, loss: 0.8252
2026-09-30 09:43:42 - train gamma: g2=0.100 g3=0.105 g4=0.092 g5=0.088
2026-09-30 09:43:43 - train: epoch 118, iter:0, loss: 0.5493, lr: 0.0006726752705214191
2026-09-30 09:43:46 - train: epoch 118, iter:20, loss: 0.5295, lr: 0.0006726752705214191
2026-09-30 09:43:50 - val epoch: 118, loss: 0.8155
2026-09-30 09:43:50 - train gamma: g2=0.100 g3=0.105 g4=0.092 g5=0.088
2026-09-30 09:43:51 - train: epoch 119, iter:0, loss: 0.4573, lr: 0.0006677889901355985
2026-09-30 09:43:54 - train: epoch 119, iter:20, loss: 0.4981, lr: 0.0006677889901355985
2026-09-30 09:43:58 - val epoch: 119, loss: 0.8071
2026-09-30 09:43:58 - train gamma: g2=0.100 g3=0.106 g4=0.092 g5=0.088
2026-09-30 09:43:59 - train: epoch 120, iter:0, loss: 0.5347, lr: 0.0006628848581025445
2026-09-30 09:44:02 - train: epoch 120, iter:20, loss: 0.5261, lr: 0.0006628848581025445
2026-09-30 09:44:06 - val epoch: 120, loss: 0.8223, miou: 0.7879405957739142, f1_or_dsc: 0.8813946029709698, accuracy: 0.943571940507039,                 specificity: 0.9700228614591482, sensitivity: 0.8613570438348277, confusion_matrix: [[38862508  1200989]
 [ 1787051 11102540]]
2026-09-30 09:44:06 - train gamma: g2=0.100 g3=0.106 g4=0.092 g5=0.088
2026-09-30 09:44:07 - train: epoch 121, iter:0, loss: 0.5172, lr: 0.0006579634122155989
2026-09-30 09:44:10 - train: epoch 121, iter:20, loss: 0.5205, lr: 0.0006579634122155989
2026-09-30 09:44:14 - val epoch: 121, loss: 0.8209
2026-09-30 09:44:14 - train gamma: g2=0.100 g3=0.105 g4=0.092 g5=0.088
2026-09-30 09:44:15 - train: epoch 122, iter:0, loss: 0.5261, lr: 0.0006530251921667629
2026-09-30 09:44:18 - train: epoch 122, iter:20, loss: 0.5011, lr: 0.0006530251921667629
2026-09-30 09:44:22 - val epoch: 122, loss: 0.8333
2026-09-30 09:44:22 - train gamma: g2=0.100 g3=0.106 g4=0.092 g5=0.088
2026-09-30 09:44:23 - train: epoch 123, iter:0, loss: 0.5401, lr: 0.0006480707394875134
2026-09-30 09:44:26 - train: epoch 123, iter:20, loss: 0.5143, lr: 0.0006480707394875134
2026-09-30 09:44:29 - val epoch: 123, loss: 0.8656
2026-09-30 09:44:29 - train gamma: g2=0.100 g3=0.105 g4=0.092 g5=0.089
2026-09-30 09:44:31 - train: epoch 124, iter:0, loss: 0.5585, lr: 0.0006431005974894185
2026-09-30 09:44:34 - train: epoch 124, iter:20, loss: 0.5195, lr: 0.0006431005974894185
2026-09-30 09:44:37 - val epoch: 124, loss: 0.8095
2026-09-30 09:44:37 - train gamma: g2=0.100 g3=0.105 g4=0.092 g5=0.089
2026-09-30 09:44:38 - train: epoch 125, iter:0, loss: 0.4584, lr: 0.0006381153112045565
2026-09-30 09:44:41 - train: epoch 125, iter:20, loss: 0.5007, lr: 0.0006381153112045565
2026-09-30 09:44:45 - val epoch: 125, loss: 0.8123
2026-09-30 09:44:45 - train gamma: g2=0.100 g3=0.106 g4=0.092 g5=0.089
2026-09-30 09:44:46 - train: epoch 126, iter:0, loss: 0.4155, lr: 0.0006331154273257479
2026-09-30 09:44:49 - train: epoch 126, iter:20, loss: 0.4888, lr: 0.0006331154273257479
2026-09-30 09:44:53 - val epoch: 126, loss: 0.7855
2026-09-30 09:44:53 - train gamma: g2=0.100 g3=0.106 g4=0.092 g5=0.089
2026-09-30 09:44:54 - train: epoch 127, iter:0, loss: 0.5581, lr: 0.000628101494146603
2026-09-30 09:44:57 - train: epoch 127, iter:20, loss: 0.5056, lr: 0.000628101494146603
2026-09-30 09:45:00 - val epoch: 127, loss: 0.8237
2026-09-30 09:45:00 - train gamma: g2=0.100 g3=0.106 g4=0.092 g5=0.089
2026-09-30 09:45:02 - train: epoch 128, iter:0, loss: 0.4780, lr: 0.0006230740615013976
2026-09-30 09:45:05 - train: epoch 128, iter:20, loss: 0.5058, lr: 0.0006230740615013976
2026-09-30 09:45:08 - val epoch: 128, loss: 0.8105
2026-09-30 09:45:08 - train gamma: g2=0.100 g3=0.106 g4=0.092 g5=0.089
2026-09-30 09:45:09 - train: epoch 129, iter:0, loss: 0.4355, lr: 0.0006180336807047746
2026-09-30 09:45:13 - train: epoch 129, iter:20, loss: 0.5055, lr: 0.0006180336807047746
2026-09-30 09:45:16 - val epoch: 129, loss: 0.8629
2026-09-30 09:45:16 - train gamma: g2=0.100 g3=0.106 g4=0.092 g5=0.089
2026-09-30 09:45:17 - train: epoch 130, iter:0, loss: 0.4701, lr: 0.0006129809044912887
2026-09-30 09:45:20 - train: epoch 130, iter:20, loss: 0.5146, lr: 0.0006129809044912887
2026-09-30 09:45:24 - val epoch: 130, loss: 0.8113, miou: 0.7959862658504573, f1_or_dsc: 0.8864057381569476, accuracy: 0.9455608518997042,                 specificity: 0.969038074734215, sensitivity: 0.8725888199245422, confusion_matrix: [[38823054  1240443]
 [ 1642278 11247313]]
2026-09-30 09:45:24 - train gamma: g2=0.100 g3=0.106 g4=0.092 g5=0.089
2026-09-30 09:45:25 - train: epoch 131, iter:0, loss: 0.5223, lr: 0.0006079162869547909
2026-09-30 09:45:28 - train: epoch 131, iter:20, loss: 0.4993, lr: 0.0006079162869547909
2026-09-30 09:45:31 - val epoch: 131, loss: 0.7898
2026-09-30 09:45:31 - train gamma: g2=0.100 g3=0.106 g4=0.092 g5=0.089
2026-09-30 09:45:33 - train: epoch 132, iter:0, loss: 0.4881, lr: 0.0006028403834876673
2026-09-30 09:45:36 - train: epoch 132, iter:20, loss: 0.4917, lr: 0.0006028403834876673
2026-09-30 09:45:39 - val epoch: 132, loss: 0.7830
2026-09-30 09:45:39 - train gamma: g2=0.100 g3=0.106 g4=0.092 g5=0.089
2026-09-30 09:45:41 - train: epoch 133, iter:0, loss: 0.5916, lr: 0.0005977537507199337
2026-09-30 09:45:44 - train: epoch 133, iter:20, loss: 0.4935, lr: 0.0005977537507199337
2026-09-30 09:45:47 - val epoch: 133, loss: 0.8230
2026-09-30 09:45:47 - train gamma: g2=0.100 g3=0.106 g4=0.092 g5=0.089
2026-09-30 09:45:48 - train: epoch 134, iter:0, loss: 0.4194, lr: 0.0005926569464581937
2026-09-30 09:45:51 - train: epoch 134, iter:20, loss: 0.4979, lr: 0.0005926569464581937
2026-09-30 09:45:55 - val epoch: 134, loss: 0.8698
2026-09-30 09:45:55 - train gamma: g2=0.100 g3=0.106 g4=0.092 g5=0.089
2026-09-30 09:45:56 - train: epoch 135, iter:0, loss: 0.5839, lr: 0.0005875505296244705
2026-09-30 09:45:59 - train: epoch 135, iter:20, loss: 0.4989, lr: 0.0005875505296244705
2026-09-30 09:46:03 - val epoch: 135, loss: 0.8430
2026-09-30 09:46:03 - train gamma: g2=0.100 g3=0.106 g4=0.092 g5=0.089
2026-09-30 09:46:04 - train: epoch 136, iter:0, loss: 0.4324, lr: 0.0005824350601949142
2026-09-30 09:46:07 - train: epoch 136, iter:20, loss: 0.4979, lr: 0.0005824350601949142
2026-09-30 09:46:11 - val epoch: 136, loss: 0.7688
2026-09-30 09:46:11 - train gamma: g2=0.100 g3=0.106 g4=0.092 g5=0.090
2026-09-30 09:46:12 - train: epoch 137, iter:0, loss: 0.4804, lr: 0.0005773110991383937
2026-09-30 09:46:15 - train: epoch 137, iter:20, loss: 0.4699, lr: 0.0005773110991383937
2026-09-30 09:46:18 - val epoch: 137, loss: 0.8048
2026-09-30 09:46:18 - train gamma: g2=0.100 g3=0.106 g4=0.093 g5=0.090
2026-09-30 09:46:20 - train: epoch 138, iter:0, loss: 0.4874, lr: 0.0005721792083549806
2026-09-30 09:46:23 - train: epoch 138, iter:20, loss: 0.4986, lr: 0.0005721792083549806
2026-09-30 09:46:26 - val epoch: 138, loss: 0.7865
2026-09-30 09:46:26 - train gamma: g2=0.100 g3=0.107 g4=0.093 g5=0.090
2026-09-30 09:46:28 - train: epoch 139, iter:0, loss: 0.5116, lr: 0.0005670399506143306
2026-09-30 09:46:31 - train: epoch 139, iter:20, loss: 0.4739, lr: 0.0005670399506143306
2026-09-30 09:46:34 - val epoch: 139, loss: 0.8352
2026-09-30 09:46:34 - train gamma: g2=0.100 g3=0.107 g4=0.092 g5=0.090
2026-09-30 09:46:35 - train: epoch 140, iter:0, loss: 0.5174, lr: 0.000561893889493969
2026-09-30 09:46:38 - train: epoch 140, iter:20, loss: 0.4972, lr: 0.000561893889493969
2026-09-30 09:46:42 - val epoch: 140, loss: 0.8247, miou: 0.784215427087092, f1_or_dsc: 0.8790591261363558, accuracy: 0.9404511404509591,                 specificity: 0.9569788927811269, sensitivity: 0.8890794905749919, confusion_matrix: [[38339921  1723576]
 [ 1429720 11459871]]
2026-09-30 09:46:42 - train gamma: g2=0.100 g3=0.107 g4=0.092 g5=0.090
2026-09-30 09:46:43 - train: epoch 141, iter:0, loss: 0.5568, lr: 0.0005567415893174885
2026-09-30 09:46:46 - train: epoch 141, iter:20, loss: 0.4897, lr: 0.0005567415893174885
2026-09-30 09:46:50 - val epoch: 141, loss: 0.7989
2026-09-30 09:46:50 - train gamma: g2=0.100 g3=0.107 g4=0.092 g5=0.090
2026-09-30 09:46:51 - train: epoch 142, iter:0, loss: 0.4177, lr: 0.0005515836150926646
2026-09-30 09:46:54 - train: epoch 142, iter:20, loss: 0.4996, lr: 0.0005515836150926646
2026-09-30 09:46:57 - val epoch: 142, loss: 0.7773
2026-09-30 09:46:57 - train gamma: g2=0.100 g3=0.107 g4=0.092 g5=0.090
2026-09-30 09:46:59 - train: epoch 143, iter:0, loss: 0.3692, lr: 0.0005464205324494961
2026-09-30 09:47:02 - train: epoch 143, iter:20, loss: 0.4824, lr: 0.0005464205324494961
2026-09-30 09:47:05 - val epoch: 143, loss: 0.8343
2026-09-30 09:47:05 - train gamma: g2=0.100 g3=0.107 g4=0.092 g5=0.090
2026-09-30 09:47:06 - train: epoch 144, iter:0, loss: 0.5699, lr: 0.0005412529075781776
2026-09-30 09:47:09 - train: epoch 144, iter:20, loss: 0.5153, lr: 0.0005412529075781776
2026-09-30 09:47:13 - val epoch: 144, loss: 0.8339
2026-09-30 09:47:13 - train gamma: g2=0.100 g3=0.107 g4=0.092 g5=0.090
2026-09-30 09:47:14 - train: epoch 145, iter:0, loss: 0.4912, lr: 0.0005360813071670101
2026-09-30 09:47:17 - train: epoch 145, iter:20, loss: 0.4841, lr: 0.0005360813071670101
2026-09-30 09:47:21 - val epoch: 145, loss: 0.8263
2026-09-30 09:47:21 - train gamma: g2=0.101 g3=0.107 g4=0.092 g5=0.090
2026-09-30 09:47:22 - train: epoch 146, iter:0, loss: 0.4556, lr: 0.0005309062983402573
2026-09-30 09:47:25 - train: epoch 146, iter:20, loss: 0.5018, lr: 0.0005309062983402573
2026-09-30 09:47:28 - val epoch: 146, loss: 0.7982
2026-09-30 09:47:28 - train gamma: g2=0.100 g3=0.107 g4=0.092 g5=0.091
2026-09-30 09:47:30 - train: epoch 147, iter:0, loss: 0.4651, lr: 0.0005257284485959538
2026-09-30 09:47:33 - train: epoch 147, iter:20, loss: 0.4867, lr: 0.0005257284485959538
2026-09-30 09:47:36 - val epoch: 147, loss: 0.7940
2026-09-30 09:47:36 - train gamma: g2=0.100 g3=0.107 g4=0.092 g5=0.091
2026-09-30 09:47:37 - train: epoch 148, iter:0, loss: 0.4635, lr: 0.0005205483257436734
2026-09-30 09:47:41 - train: epoch 148, iter:20, loss: 0.4772, lr: 0.0005205483257436734
2026-09-30 09:47:44 - val epoch: 148, loss: 0.7646
2026-09-30 09:47:44 - train gamma: g2=0.100 g3=0.107 g4=0.093 g5=0.091
2026-09-30 09:47:45 - train: epoch 149, iter:0, loss: 0.3999, lr: 0.0005153664978422616
2026-09-30 09:47:48 - train: epoch 149, iter:20, loss: 0.4633, lr: 0.0005153664978422616
2026-09-30 09:47:52 - val epoch: 149, loss: 0.8246
2026-09-30 09:47:52 - train gamma: g2=0.100 g3=0.108 g4=0.093 g5=0.091
2026-09-30 09:47:53 - train: epoch 150, iter:0, loss: 0.4143, lr: 0.0005101835331375416
2026-09-30 09:47:56 - train: epoch 150, iter:20, loss: 0.4667, lr: 0.0005101835331375416
2026-09-30 09:48:00 - val epoch: 150, loss: 0.8546, miou: 0.7808885885306873, f1_or_dsc: 0.8769651212993119, accuracy: 0.9422066754633838,                 specificity: 0.9731067909523724, sensitivity: 0.8461627680816249, confusion_matrix: [[38986061  1077436]
 [ 1982899 10906692]]
2026-09-30 09:48:00 - train gamma: g2=0.100 g3=0.107 g4=0.093 g5=0.091
2026-09-30 09:48:01 - train: epoch 151, iter:0, loss: 0.5375, lr: 0.0005049999999999999
2026-09-30 09:48:04 - train: epoch 151, iter:20, loss: 0.4860, lr: 0.0005049999999999999
2026-09-30 09:48:07 - val epoch: 151, loss: 0.7985
2026-09-30 09:48:07 - train gamma: g2=0.100 g3=0.107 g4=0.093 g5=0.091
2026-09-30 09:48:09 - train: epoch 152, iter:0, loss: 0.5029, lr: 0.0004998164668624582
2026-09-30 09:48:12 - train: epoch 152, iter:20, loss: 0.4652, lr: 0.0004998164668624582
2026-09-30 09:48:15 - val epoch: 152, loss: 0.7804
2026-09-30 09:48:15 - train gamma: g2=0.101 g3=0.108 g4=0.093 g5=0.091
2026-09-30 09:48:16 - train: epoch 153, iter:0, loss: 0.5174, lr: 0.0004946335021577383
2026-09-30 09:48:20 - train: epoch 153, iter:20, loss: 0.4820, lr: 0.0004946335021577383
2026-09-30 09:48:23 - val epoch: 153, loss: 0.8254
2026-09-30 09:48:23 - train gamma: g2=0.101 g3=0.108 g4=0.093 g5=0.091
2026-09-30 09:48:24 - train: epoch 154, iter:0, loss: 0.4930, lr: 0.0004894516742563263
2026-09-30 09:48:27 - train: epoch 154, iter:20, loss: 0.4850, lr: 0.0004894516742563263
2026-09-30 09:48:31 - val epoch: 154, loss: 0.8509
2026-09-30 09:48:31 - train gamma: g2=0.101 g3=0.108 g4=0.093 g5=0.091
2026-09-30 09:48:32 - train: epoch 155, iter:0, loss: 0.5486, lr: 0.000484271551404046
2026-09-30 09:48:35 - train: epoch 155, iter:20, loss: 0.4951, lr: 0.000484271551404046
2026-09-30 09:48:39 - val epoch: 155, loss: 0.8155
2026-09-30 09:48:39 - train gamma: g2=0.101 g3=0.108 g4=0.093 g5=0.091
2026-09-30 09:48:40 - train: epoch 156, iter:0, loss: 0.4895, lr: 0.0004790937016597426
2026-09-30 09:48:43 - train: epoch 156, iter:20, loss: 0.4842, lr: 0.0004790937016597426
2026-09-30 09:48:46 - val epoch: 156, loss: 0.7892
2026-09-30 09:48:46 - train gamma: g2=0.101 g3=0.107 g4=0.093 g5=0.091
2026-09-30 09:48:48 - train: epoch 157, iter:0, loss: 0.4472, lr: 0.0004739186928329898
2026-09-30 09:48:51 - train: epoch 157, iter:20, loss: 0.4729, lr: 0.0004739186928329898
2026-09-30 09:48:54 - val epoch: 157, loss: 0.8417
2026-09-30 09:48:54 - train gamma: g2=0.101 g3=0.108 g4=0.093 g5=0.091
2026-09-30 09:48:55 - train: epoch 158, iter:0, loss: 0.4379, lr: 0.0004687470924218222
2026-09-30 09:48:58 - train: epoch 158, iter:20, loss: 0.4670, lr: 0.0004687470924218222
2026-09-30 09:49:02 - val epoch: 158, loss: 0.7999
2026-09-30 09:49:02 - train gamma: g2=0.101 g3=0.107 g4=0.093 g5=0.092
2026-09-30 09:49:03 - train: epoch 159, iter:0, loss: 0.4260, lr: 0.00046357946755050356
2026-09-30 09:49:06 - train: epoch 159, iter:20, loss: 0.4571, lr: 0.00046357946755050356
2026-09-30 09:49:10 - val epoch: 159, loss: 0.8359
2026-09-30 09:49:10 - train gamma: g2=0.101 g3=0.107 g4=0.093 g5=0.092
2026-09-30 09:49:11 - train: epoch 160, iter:0, loss: 0.3958, lr: 0.00045841638490733513
2026-09-30 09:49:14 - train: epoch 160, iter:20, loss: 0.4689, lr: 0.00045841638490733513
2026-09-30 09:49:18 - val epoch: 160, loss: 0.7897, miou: 0.7954736962099482, f1_or_dsc: 0.886087830625542, accuracy: 0.9432808904364558,                 specificity: 0.9551879607514042, sensitivity: 0.9062712695848922, confusion_matrix: [[38268170  1795327]
 [ 1208125 11681466]]
2026-09-30 09:49:18 - train gamma: g2=0.101 g3=0.108 g4=0.093 g5=0.092
2026-09-30 09:49:19 - train: epoch 161, iter:0, loss: 0.5431, lr: 0.00045325841068251133
2026-09-30 09:49:22 - train: epoch 161, iter:20, loss: 0.4746, lr: 0.00045325841068251133
2026-09-30 09:49:25 - val epoch: 161, loss: 0.8237
2026-09-30 09:49:25 - train gamma: g2=0.101 g3=0.108 g4=0.094 g5=0.092
2026-09-30 09:49:27 - train: epoch 162, iter:0, loss: 0.4108, lr: 0.0004481061105060308
2026-09-30 09:49:30 - train: epoch 162, iter:20, loss: 0.4755, lr: 0.0004481061105060308
2026-09-30 09:49:33 - val epoch: 162, loss: 0.8014
2026-09-30 09:49:33 - train gamma: g2=0.101 g3=0.108 g4=0.094 g5=0.092
2026-09-30 09:49:34 - train: epoch 163, iter:0, loss: 0.5649, lr: 0.0004429600493856691
2026-09-30 09:49:38 - train: epoch 163, iter:20, loss: 0.4552, lr: 0.0004429600493856691
2026-09-30 09:49:41 - val epoch: 163, loss: 0.8414
2026-09-30 09:49:41 - train gamma: g2=0.101 g3=0.108 g4=0.094 g5=0.092
2026-09-30 09:49:42 - train: epoch 164, iter:0, loss: 0.5004, lr: 0.000437820791645019
2026-09-30 09:49:45 - train: epoch 164, iter:20, loss: 0.4716, lr: 0.000437820791645019
2026-09-30 09:49:49 - val epoch: 164, loss: 0.8383
2026-09-30 09:49:49 - train gamma: g2=0.101 g3=0.108 g4=0.094 g5=0.092
2026-09-30 09:49:50 - train: epoch 165, iter:0, loss: 0.4458, lr: 0.00043268890086160604
2026-09-30 09:49:53 - train: epoch 165, iter:20, loss: 0.4619, lr: 0.00043268890086160604
2026-09-30 09:49:57 - val epoch: 165, loss: 0.8248
2026-09-30 09:49:57 - train gamma: g2=0.101 g3=0.108 g4=0.094 g5=0.093
2026-09-30 09:49:58 - train: epoch 166, iter:0, loss: 0.5499, lr: 0.0004275649398050855
2026-09-30 09:50:01 - train: epoch 166, iter:20, loss: 0.4716, lr: 0.0004275649398050855
2026-09-30 09:50:05 - val epoch: 166, loss: 0.8554
2026-09-30 09:50:05 - train gamma: g2=0.101 g3=0.108 g4=0.094 g5=0.093
2026-09-30 09:50:06 - train: epoch 167, iter:0, loss: 0.4762, lr: 0.0004224494703755289
2026-09-30 09:50:09 - train: epoch 167, iter:20, loss: 0.4496, lr: 0.0004224494703755289
2026-09-30 09:50:12 - val epoch: 167, loss: 0.8103
2026-09-30 09:50:12 - train gamma: g2=0.101 g3=0.108 g4=0.094 g5=0.093
2026-09-30 09:50:13 - train: epoch 168, iter:0, loss: 0.5155, lr: 0.00041734305354180595
2026-09-30 09:50:17 - train: epoch 168, iter:20, loss: 0.4584, lr: 0.00041734305354180595
2026-09-30 09:50:20 - val epoch: 168, loss: 0.8250
2026-09-30 09:50:20 - train gamma: g2=0.101 g3=0.108 g4=0.094 g5=0.093
2026-09-30 09:50:21 - train: epoch 169, iter:0, loss: 0.3873, lr: 0.000412246249280066
2026-09-30 09:50:24 - train: epoch 169, iter:20, loss: 0.4497, lr: 0.000412246249280066
2026-09-30 09:50:28 - val epoch: 169, loss: 0.8428
2026-09-30 09:50:28 - train gamma: g2=0.101 g3=0.108 g4=0.094 g5=0.093
2026-09-30 09:50:29 - train: epoch 170, iter:0, loss: 0.4752, lr: 0.0004071596165123322
2026-09-30 09:50:32 - train: epoch 170, iter:20, loss: 0.4437, lr: 0.0004071596165123322
2026-09-30 09:50:36 - val epoch: 170, loss: 0.8206, miou: 0.7862091663254949, f1_or_dsc: 0.8803103031240705, accuracy: 0.9401603547653349,                 specificity: 0.9517796212347615, sensitivity: 0.9040452873950772, confusion_matrix: [[38131620  1931877]
 [ 1236817 11652774]]
2026-09-30 09:50:36 - train gamma: g2=0.101 g3=0.108 g4=0.094 g5=0.093
2026-09-30 09:50:37 - train: epoch 171, iter:0, loss: 0.4919, lr: 0.0004020837130452088
2026-09-30 09:50:40 - train: epoch 171, iter:20, loss: 0.4530, lr: 0.0004020837130452088
2026-09-30 09:50:44 - val epoch: 171, loss: 0.8351
2026-09-30 09:50:44 - train gamma: g2=0.101 g3=0.108 g4=0.094 g5=0.093
2026-09-30 09:50:45 - train: epoch 172, iter:0, loss: 0.3956, lr: 0.00039701909550871116
2026-09-30 09:50:48 - train: epoch 172, iter:20, loss: 0.4564, lr: 0.00039701909550871116
2026-09-30 09:50:52 - val epoch: 172, loss: 0.8388
2026-09-30 09:50:52 - train gamma: g2=0.101 g3=0.108 g4=0.094 g5=0.093
2026-09-30 09:50:53 - train: epoch 173, iter:0, loss: 0.4567, lr: 0.0003919663192952252
2026-09-30 09:50:56 - train: epoch 173, iter:20, loss: 0.4471, lr: 0.0003919663192952252
2026-09-30 09:50:59 - val epoch: 173, loss: 0.8215
2026-09-30 09:50:59 - train gamma: g2=0.101 g3=0.108 g4=0.094 g5=0.094
2026-09-30 09:51:01 - train: epoch 174, iter:0, loss: 0.5718, lr: 0.0003869259384986023
2026-09-30 09:51:04 - train: epoch 174, iter:20, loss: 0.4343, lr: 0.0003869259384986023
2026-09-30 09:51:07 - val epoch: 174, loss: 0.7992
2026-09-30 09:51:07 - train gamma: g2=0.101 g3=0.108 g4=0.094 g5=0.094
2026-09-30 09:51:08 - train: epoch 175, iter:0, loss: 0.5137, lr: 0.0003818985058533967
2026-09-30 09:51:12 - train: epoch 175, iter:20, loss: 0.4485, lr: 0.0003818985058533967
2026-09-30 09:51:15 - val epoch: 175, loss: 0.8190
2026-09-30 09:51:15 - train gamma: g2=0.101 g3=0.108 g4=0.094 g5=0.094
2026-09-30 09:51:16 - train: epoch 176, iter:0, loss: 0.4541, lr: 0.00037688457267425206
2026-09-30 09:51:19 - train: epoch 176, iter:20, loss: 0.4451, lr: 0.00037688457267425206
2026-09-30 09:51:23 - val epoch: 176, loss: 0.7937
2026-09-30 09:51:23 - train gamma: g2=0.101 g3=0.108 g4=0.095 g5=0.094
2026-09-30 09:51:24 - train: epoch 177, iter:0, loss: 0.5157, lr: 0.0003718846887954434
2026-09-30 09:51:27 - train: epoch 177, iter:20, loss: 0.4498, lr: 0.0003718846887954434
2026-09-30 09:51:31 - val epoch: 177, loss: 0.8326
2026-09-30 09:51:31 - train gamma: g2=0.101 g3=0.108 g4=0.095 g5=0.094
2026-09-30 09:51:32 - train: epoch 178, iter:0, loss: 0.4893, lr: 0.0003668994025105812
2026-09-30 09:51:35 - train: epoch 178, iter:20, loss: 0.4362, lr: 0.0003668994025105812
2026-09-30 09:51:39 - val epoch: 178, loss: 0.8467
2026-09-30 09:51:39 - train gamma: g2=0.101 g3=0.108 g4=0.095 g5=0.094
2026-09-30 09:51:40 - train: epoch 179, iter:0, loss: 0.4003, lr: 0.0003619292605124862
2026-09-30 09:51:43 - train: epoch 179, iter:20, loss: 0.4638, lr: 0.0003619292605124862
2026-09-30 09:51:47 - val epoch: 179, loss: 0.8339
2026-09-30 09:51:47 - train gamma: g2=0.101 g3=0.108 g4=0.095 g5=0.095
2026-09-30 09:51:48 - train: epoch 180, iter:0, loss: 0.4335, lr: 0.00035697480783323686
2026-09-30 09:51:51 - train: epoch 180, iter:20, loss: 0.4398, lr: 0.00035697480783323686
2026-09-30 09:51:55 - val epoch: 180, loss: 0.7988, miou: 0.7941907007873305, f1_or_dsc: 0.8852912908742889, accuracy: 0.9449010792345104,                 specificity: 0.9678779663193156, sensitivity: 0.8734841935636282, confusion_matrix: [[38776576  1286921]
 [ 1630737 11258854]]
2026-09-30 09:51:55 - train gamma: g2=0.101 g3=0.108 g4=0.095 g5=0.095
2026-09-30 09:51:56 - train: epoch 181, iter:0, loss: 0.3885, lr: 0.00035203658778440076
2026-09-30 09:51:59 - train: epoch 181, iter:20, loss: 0.4537, lr: 0.00035203658778440076
2026-09-30 09:52:02 - val epoch: 181, loss: 0.8395
2026-09-30 09:52:02 - train gamma: g2=0.101 g3=0.108 g4=0.095 g5=0.095
2026-09-30 09:52:04 - train: epoch 182, iter:0, loss: 0.4787, lr: 0.00034711514189745505
2026-09-30 09:52:07 - train: epoch 182, iter:20, loss: 0.4388, lr: 0.00034711514189745505
2026-09-30 09:52:10 - val epoch: 182, loss: 0.8334
2026-09-30 09:52:10 - train gamma: g2=0.101 g3=0.108 g4=0.095 g5=0.095
2026-09-30 09:52:11 - train: epoch 183, iter:0, loss: 0.4955, lr: 0.00034221100986440094
2026-09-30 09:52:14 - train: epoch 183, iter:20, loss: 0.4346, lr: 0.00034221100986440094
2026-09-30 09:52:18 - val epoch: 183, loss: 0.8152
2026-09-30 09:52:18 - train gamma: g2=0.102 g3=0.108 g4=0.095 g5=0.095
2026-09-30 09:52:19 - train: epoch 184, iter:0, loss: 0.4106, lr: 0.0003373247294785804
2026-09-30 09:52:22 - train: epoch 184, iter:20, loss: 0.4414, lr: 0.0003373247294785804
2026-09-30 09:52:26 - val epoch: 184, loss: 0.7977
2026-09-30 09:52:26 - train gamma: g2=0.101 g3=0.109 g4=0.095 g5=0.095
2026-09-30 09:52:27 - train: epoch 185, iter:0, loss: 0.4356, lr: 0.0003324568365757012
2026-09-30 09:52:30 - train: epoch 185, iter:20, loss: 0.4372, lr: 0.0003324568365757012
2026-09-30 09:52:33 - val epoch: 185, loss: 0.8444
2026-09-30 09:52:33 - train gamma: g2=0.101 g3=0.108 g4=0.095 g5=0.095
2026-09-30 09:52:35 - train: epoch 186, iter:0, loss: 0.3782, lr: 0.0003276078649750761
2026-09-30 09:52:38 - train: epoch 186, iter:20, loss: 0.4440, lr: 0.0003276078649750761
2026-09-30 09:52:41 - val epoch: 186, loss: 0.8223
2026-09-30 09:52:41 - train gamma: g2=0.102 g3=0.108 g4=0.095 g5=0.095
2026-09-30 09:52:42 - train: epoch 187, iter:0, loss: 0.4189, lr: 0.00032277834642108417
2026-09-30 09:52:45 - train: epoch 187, iter:20, loss: 0.4539, lr: 0.00032277834642108417
2026-09-30 09:52:49 - val epoch: 187, loss: 0.8492
2026-09-30 09:52:49 - train gamma: g2=0.101 g3=0.108 g4=0.095 g5=0.095
2026-09-30 09:52:50 - train: epoch 188, iter:0, loss: 0.3856, lr: 0.00031796881052485835
2026-09-30 09:52:53 - train: epoch 188, iter:20, loss: 0.4480, lr: 0.00031796881052485835
2026-09-30 09:52:57 - val epoch: 188, loss: 0.8343
2026-09-30 09:52:57 - train gamma: g2=0.102 g3=0.108 g4=0.095 g5=0.095
2026-09-30 09:52:58 - train: epoch 189, iter:0, loss: 0.4517, lr: 0.00031317978470620867
2026-09-30 09:53:01 - train: epoch 189, iter:20, loss: 0.4436, lr: 0.00031317978470620867
2026-09-30 09:53:05 - val epoch: 189, loss: 0.8166
2026-09-30 09:53:05 - train gamma: g2=0.101 g3=0.108 g4=0.095 g5=0.095
2026-09-30 09:53:06 - train: epoch 190, iter:0, loss: 0.4662, lr: 0.00030841179413578315
2026-09-30 09:53:09 - train: epoch 190, iter:20, loss: 0.4455, lr: 0.00030841179413578315
2026-09-30 09:53:13 - val epoch: 190, loss: 0.8256, miou: 0.7883173410600324, f1_or_dsc: 0.8816302598651244, accuracy: 0.9433240040694133,                 specificity: 0.9678488125986606, sensitivity: 0.8670958605280804, confusion_matrix: [[38775408  1288089]
 [ 1713080 11176511]]
2026-09-30 09:53:13 - train gamma: g2=0.101 g3=0.108 g4=0.095 g5=0.095
2026-09-30 09:53:14 - train: epoch 191, iter:0, loss: 0.3714, lr: 0.0003036653616774785
2026-09-30 09:53:17 - train: epoch 191, iter:20, loss: 0.4434, lr: 0.0003036653616774785
2026-09-30 09:53:20 - val epoch: 191, loss: 0.8311
2026-09-30 09:53:20 - train gamma: g2=0.101 g3=0.109 g4=0.095 g5=0.096
2026-09-30 09:53:21 - train: epoch 192, iter:0, loss: 0.4596, lr: 0.0002989410078311011
2026-09-30 09:53:24 - train: epoch 192, iter:20, loss: 0.4390, lr: 0.0002989410078311011
2026-09-30 09:53:28 - val epoch: 192, loss: 0.8143
2026-09-30 09:53:28 - train gamma: g2=0.102 g3=0.109 g4=0.095 g5=0.096
2026-09-30 09:53:29 - train: epoch 193, iter:0, loss: 0.5007, lr: 0.00029423925067528865
2026-09-30 09:53:32 - train: epoch 193, iter:20, loss: 0.4380, lr: 0.00029423925067528865
2026-09-30 09:53:36 - val epoch: 193, loss: 0.8233
2026-09-30 09:53:36 - train gamma: g2=0.102 g3=0.109 g4=0.095 g5=0.096
2026-09-30 09:53:37 - train: epoch 194, iter:0, loss: 0.4621, lr: 0.0002895606058106975
2026-09-30 09:53:40 - train: epoch 194, iter:20, loss: 0.4305, lr: 0.0002895606058106975
2026-09-30 09:53:43 - val epoch: 194, loss: 0.8163
2026-09-30 09:53:43 - train gamma: g2=0.102 g3=0.109 g4=0.095 g5=0.096
2026-09-30 09:53:45 - train: epoch 195, iter:0, loss: 0.3938, lr: 0.0002849055863034606
2026-09-30 09:53:48 - train: epoch 195, iter:20, loss: 0.4382, lr: 0.0002849055863034606
2026-09-30 09:53:51 - val epoch: 195, loss: 0.8161
2026-09-30 09:53:51 - train gamma: g2=0.102 g3=0.109 g4=0.095 g5=0.096
2026-09-30 09:53:52 - train: epoch 196, iter:0, loss: 0.4705, lr: 0.00028027470262892396
2026-09-30 09:53:55 - train: epoch 196, iter:20, loss: 0.4157, lr: 0.00028027470262892396
2026-09-30 09:53:59 - val epoch: 196, loss: 0.8178
2026-09-30 09:53:59 - train gamma: g2=0.102 g3=0.109 g4=0.095 g5=0.096
2026-09-30 09:54:00 - train: epoch 197, iter:0, loss: 0.3960, lr: 0.0002756684626156682
2026-09-30 09:54:03 - train: epoch 197, iter:20, loss: 0.4438, lr: 0.0002756684626156682
2026-09-30 09:54:07 - val epoch: 197, loss: 0.8047
2026-09-30 09:54:07 - train gamma: g2=0.102 g3=0.109 g4=0.095 g5=0.096
2026-09-30 09:54:08 - train: epoch 198, iter:0, loss: 0.4754, lr: 0.000271087371389818
2026-09-30 09:54:11 - train: epoch 198, iter:20, loss: 0.4464, lr: 0.000271087371389818
2026-09-30 09:54:14 - val epoch: 198, loss: 0.8463
2026-09-30 09:54:14 - train gamma: g2=0.102 g3=0.109 g4=0.095 g5=0.096
2026-09-30 09:54:16 - train: epoch 199, iter:0, loss: 0.4021, lr: 0.0002665319313196505
2026-09-30 09:54:19 - train: epoch 199, iter:20, loss: 0.4391, lr: 0.0002665319313196505
2026-09-30 09:54:22 - val epoch: 199, loss: 0.8355
2026-09-30 09:54:22 - train gamma: g2=0.102 g3=0.109 g4=0.095 g5=0.096
2026-09-30 09:54:23 - train: epoch 200, iter:0, loss: 0.3551, lr: 0.00026200264196050494
2026-09-30 09:54:26 - train: epoch 200, iter:20, loss: 0.4373, lr: 0.00026200264196050494
2026-09-30 09:54:30 - val epoch: 200, loss: 0.8354, miou: 0.7915173113194135, f1_or_dsc: 0.8836278681967948, accuracy: 0.9439207775758045,                 specificity: 0.9662005540854309, sensitivity: 0.8746706547942444, confusion_matrix: [[38709373  1354124]
 [ 1615444 11274147]]
2026-09-30 09:54:30 - train gamma: g2=0.102 g3=0.109 g4=0.095 g5=0.096
2026-09-30 09:54:31 - train: epoch 201, iter:0, loss: 0.4857, lr: 0.00025749999999999954
2026-09-30 09:54:34 - train: epoch 201, iter:20, loss: 0.4340, lr: 0.00025749999999999954
2026-09-30 09:54:38 - val epoch: 201, loss: 0.8609
2026-09-30 09:54:38 - train gamma: g2=0.102 g3=0.109 g4=0.095 g5=0.097
2026-09-30 09:54:39 - train: epoch 202, iter:0, loss: 0.4573, lr: 0.0002530244992035658
2026-09-30 09:54:42 - train: epoch 202, iter:20, loss: 0.4223, lr: 0.0002530244992035658
2026-09-30 09:54:46 - val epoch: 202, loss: 0.8461
2026-09-30 09:54:46 - train gamma: g2=0.102 g3=0.109 g4=0.095 g5=0.097
2026-09-30 09:54:47 - train: epoch 203, iter:0, loss: 0.4276, lr: 0.0002485766303603003
2026-09-30 09:54:50 - train: epoch 203, iter:20, loss: 0.4179, lr: 0.0002485766303603003
2026-09-30 09:54:53 - val epoch: 203, loss: 0.8680
2026-09-30 09:54:53 - train gamma: g2=0.102 g3=0.109 g4=0.096 g5=0.097
2026-09-30 09:54:55 - train: epoch 204, iter:0, loss: 0.4028, lr: 0.0002441568812291443
2026-09-30 09:54:58 - train: epoch 204, iter:20, loss: 0.4267, lr: 0.0002441568812291443
2026-09-30 09:55:01 - val epoch: 204, loss: 0.8538
2026-09-30 09:55:01 - train gamma: g2=0.102 g3=0.109 g4=0.095 g5=0.097
2026-09-30 09:55:02 - train: epoch 205, iter:0, loss: 0.4338, lr: 0.00023976573648539645
2026-09-30 09:55:05 - train: epoch 205, iter:20, loss: 0.4134, lr: 0.00023976573648539645
2026-09-30 09:55:09 - val epoch: 205, loss: 0.8481
2026-09-30 09:55:09 - train gamma: g2=0.102 g3=0.109 g4=0.096 g5=0.097
2026-09-30 09:55:10 - train: epoch 206, iter:0, loss: 0.4957, lr: 0.00023540367766756144
2026-09-30 09:55:13 - train: epoch 206, iter:20, loss: 0.4236, lr: 0.00023540367766756144
2026-09-30 09:55:17 - val epoch: 206, loss: 0.8379
2026-09-30 09:55:17 - train gamma: g2=0.102 g3=0.109 g4=0.096 g5=0.097
2026-09-30 09:55:18 - train: epoch 207, iter:0, loss: 0.3760, lr: 0.0002310711831245444
2026-09-30 09:55:21 - train: epoch 207, iter:20, loss: 0.4208, lr: 0.0002310711831245444
2026-09-30 09:55:25 - val epoch: 207, loss: 0.8509
2026-09-30 09:55:25 - train gamma: g2=0.102 g3=0.109 g4=0.096 g5=0.097
2026-09-30 09:55:26 - train: epoch 208, iter:0, loss: 0.3944, lr: 0.00022676872796319514
2026-09-30 09:55:29 - train: epoch 208, iter:20, loss: 0.4134, lr: 0.00022676872796319514
2026-09-30 09:55:32 - val epoch: 208, loss: 0.8196
2026-09-30 09:55:32 - train gamma: g2=0.102 g3=0.109 g4=0.096 g5=0.097
2026-09-30 09:55:33 - train: epoch 209, iter:0, loss: 0.3799, lr: 0.00022249678399620604
2026-09-30 09:55:37 - train: epoch 209, iter:20, loss: 0.4320, lr: 0.00022249678399620604
2026-09-30 09:56:01 - val epoch: 209, loss: 0.8253
2026-09-30 09:56:01 - train gamma: g2=0.102 g3=0.109 g4=0.096 g5=0.098
2026-09-30 09:56:03 - train: epoch 210, iter:0, loss: 0.3974, lr: 0.0002182558196903736
2026-09-30 09:56:06 - train: epoch 210, iter:20, loss: 0.4178, lr: 0.0002182558196903736
2026-09-30 09:56:09 - val epoch: 210, loss: 0.8405, miou: 0.7897871505241618, f1_or_dsc: 0.8825486877507894, accuracy: 0.9440943085321105,                 specificity: 0.9702178269660284, sensitivity: 0.8628970461514256, confusion_matrix: [[38870319  1193178]
 [ 1767201 11122390]]
2026-09-30 09:56:30 - train gamma: g2=0.102 g3=0.109 g4=0.096 g5=0.098
2026-09-30 09:56:31 - train: epoch 211, iter:0, loss: 0.4614, lr: 0.00021404630011522552
2026-09-30 09:56:35 - train: epoch 211, iter:20, loss: 0.4170, lr: 0.00021404630011522552
2026-09-30 09:56:38 - val epoch: 211, loss: 0.8211
2026-09-30 09:56:38 - train gamma: g2=0.102 g3=0.109 g4=0.096 g5=0.098
2026-09-30 09:56:39 - train: epoch 212, iter:0, loss: 0.4396, lr: 0.0002098686868920198
2026-09-30 09:56:42 - train: epoch 212, iter:20, loss: 0.4286, lr: 0.0002098686868920198
2026-09-30 09:56:46 - val epoch: 212, loss: 0.8331
2026-09-30 09:56:46 - train gamma: g2=0.102 g3=0.109 g4=0.096 g5=0.098
2026-09-30 09:56:47 - train: epoch 213, iter:0, loss: 0.3975, lr: 0.00020572343814312415
2026-09-30 09:56:50 - train: epoch 213, iter:20, loss: 0.4218, lr: 0.00020572343814312415
2026-09-30 09:56:54 - val epoch: 213, loss: 0.8539
2026-09-30 09:56:54 - train gamma: g2=0.102 g3=0.109 g4=0.096 g5=0.098
2026-09-30 09:56:55 - train: epoch 214, iter:0, loss: 0.4874, lr: 0.00020161100844177644
2026-09-30 09:56:58 - train: epoch 214, iter:20, loss: 0.4246, lr: 0.00020161100844177644
2026-09-30 09:57:02 - val epoch: 214, loss: 0.8486
2026-09-30 09:57:02 - train gamma: g2=0.102 g3=0.109 g4=0.096 g5=0.098
2026-09-30 09:57:03 - train: epoch 215, iter:0, loss: 0.3946, lr: 0.0001975318487622361
2026-09-30 09:57:06 - train: epoch 215, iter:20, loss: 0.4242, lr: 0.0001975318487622361
2026-09-30 09:57:09 - val epoch: 215, loss: 0.8308
2026-09-30 09:57:09 - train gamma: g2=0.102 g3=0.109 g4=0.096 g5=0.098
2026-09-30 09:57:11 - train: epoch 216, iter:0, loss: 0.3361, lr: 0.00019348640643033024
2026-09-30 09:57:14 - train: epoch 216, iter:20, loss: 0.4283, lr: 0.00019348640643033024
2026-09-30 09:57:17 - val epoch: 216, loss: 0.8300
2026-09-30 09:57:17 - train gamma: g2=0.102 g3=0.110 g4=0.096 g5=0.098
2026-09-30 09:57:18 - train: epoch 217, iter:0, loss: 0.4204, lr: 0.00018947512507439828
2026-09-30 09:57:21 - train: epoch 217, iter:20, loss: 0.4247, lr: 0.00018947512507439828
2026-09-30 09:57:25 - val epoch: 217, loss: 0.8336
2026-09-30 09:57:25 - train gamma: g2=0.102 g3=0.110 g4=0.096 g5=0.098
2026-09-30 09:57:26 - train: epoch 218, iter:0, loss: 0.3813, lr: 0.00018549844457664425
2026-09-30 09:57:29 - train: epoch 218, iter:20, loss: 0.4098, lr: 0.00018549844457664425
2026-09-30 09:57:33 - val epoch: 218, loss: 0.8309
2026-09-30 09:57:33 - train gamma: g2=0.102 g3=0.110 g4=0.096 g5=0.098
2026-09-30 09:57:34 - train: epoch 219, iter:0, loss: 0.4360, lr: 0.00018155680102489765
2026-09-30 09:57:37 - train: epoch 219, iter:20, loss: 0.4125, lr: 0.00018155680102489765
2026-09-30 09:57:40 - val epoch: 219, loss: 0.8399
2026-09-30 09:57:40 - train gamma: g2=0.102 g3=0.110 g4=0.096 g5=0.099
2026-09-30 09:57:42 - train: epoch 220, iter:0, loss: 0.4072, lr: 0.00017765062666479195
2026-09-30 09:57:45 - train: epoch 220, iter:20, loss: 0.4182, lr: 0.00017765062666479195
2026-09-30 09:57:48 - val epoch: 220, loss: 0.8442, miou: 0.7901829569423386, f1_or_dsc: 0.8827957543423203, accuracy: 0.9430108212008335,                 specificity: 0.9627293643388145, sensitivity: 0.8817215379448424, confusion_matrix: [[38570305  1493192]
 [ 1524561 11365030]]
2026-09-30 09:57:48 - train gamma: g2=0.102 g3=0.110 g4=0.096 g5=0.099
2026-09-30 09:57:50 - train: epoch 221, iter:0, loss: 0.4162, lr: 0.00017378034985236489
2026-09-30 09:57:53 - train: epoch 221, iter:20, loss: 0.4237, lr: 0.00017378034985236489
2026-09-30 09:57:56 - val epoch: 221, loss: 0.8682
2026-09-30 09:57:56 - train gamma: g2=0.102 g3=0.110 g4=0.096 g5=0.099
2026-09-30 09:57:57 - train: epoch 222, iter:0, loss: 0.4638, lr: 0.0001699463950070827
2026-09-30 09:58:00 - train: epoch 222, iter:20, loss: 0.4127, lr: 0.0001699463950070827
2026-09-30 09:58:04 - val epoch: 222, loss: 0.8449
2026-09-30 09:58:04 - train gamma: g2=0.102 g3=0.110 g4=0.096 g5=0.099
2026-09-30 09:58:05 - train: epoch 223, iter:0, loss: 0.4141, lr: 0.0001661491825652988
2026-09-30 09:58:08 - train: epoch 223, iter:20, loss: 0.4127, lr: 0.0001661491825652988
2026-09-30 09:58:12 - val epoch: 223, loss: 0.8426
2026-09-30 09:58:12 - train gamma: g2=0.102 g3=0.110 g4=0.096 g5=0.099
2026-09-30 09:58:13 - train: epoch 224, iter:0, loss: 0.3891, lr: 0.0001623891289341484
2026-09-30 09:58:16 - train: epoch 224, iter:20, loss: 0.4120, lr: 0.0001623891289341484
2026-09-30 09:58:20 - val epoch: 224, loss: 0.8270
2026-09-30 09:58:20 - train gamma: g2=0.102 g3=0.110 g4=0.096 g5=0.099
2026-09-30 09:58:21 - train: epoch 225, iter:0, loss: 0.4427, lr: 0.0001586666464458838
2026-09-30 09:58:24 - train: epoch 225, iter:20, loss: 0.4214, lr: 0.0001586666464458838
2026-09-30 09:58:27 - val epoch: 225, loss: 0.8430
2026-09-30 09:58:27 - train gamma: g2=0.102 g3=0.110 g4=0.096 g5=0.099
2026-09-30 09:58:29 - train: epoch 226, iter:0, loss: 0.3848, lr: 0.00015498214331265874
2026-09-30 09:58:32 - train: epoch 226, iter:20, loss: 0.4091, lr: 0.00015498214331265874
2026-09-30 09:58:35 - val epoch: 226, loss: 0.8409
2026-09-30 09:58:35 - train gamma: g2=0.102 g3=0.110 g4=0.096 g5=0.099
2026-09-30 09:58:36 - train: epoch 227, iter:0, loss: 0.3431, lr: 0.00015133602358176218
2026-09-30 09:58:39 - train: epoch 227, iter:20, loss: 0.4119, lr: 0.00015133602358176218
2026-09-30 09:58:43 - val epoch: 227, loss: 0.8216
2026-09-30 09:58:43 - train gamma: g2=0.102 g3=0.110 g4=0.096 g5=0.099
2026-09-30 09:58:44 - train: epoch 228, iter:0, loss: 0.3414, lr: 0.00014772868709131046
2026-09-30 09:58:47 - train: epoch 228, iter:20, loss: 0.3991, lr: 0.00014772868709131046
2026-09-30 09:58:51 - val epoch: 228, loss: 0.8478
2026-09-30 09:58:51 - train gamma: g2=0.102 g3=0.110 g4=0.096 g5=0.099
2026-09-30 09:58:52 - train: epoch 229, iter:0, loss: 0.4112, lr: 0.00014416052942640113
2026-09-30 09:58:55 - train: epoch 229, iter:20, loss: 0.4178, lr: 0.00014416052942640113
2026-09-30 09:58:59 - val epoch: 229, loss: 0.8574
2026-09-30 09:58:59 - train gamma: g2=0.102 g3=0.110 g4=0.096 g5=0.099
2026-09-30 09:59:00 - train: epoch 230, iter:0, loss: 0.4206, lr: 0.0001406319418757314
2026-09-30 09:59:03 - train: epoch 230, iter:20, loss: 0.4011, lr: 0.0001406319418757314
2026-09-30 09:59:07 - val epoch: 230, loss: 0.8550, miou: 0.7867045726002828, f1_or_dsc: 0.8806207636837816, accuracy: 0.9420794496441832,                 specificity: 0.9628124324743793, sensitivity: 0.8776370794077174, confusion_matrix: [[38573633  1489864]
 [ 1577208 11312383]]
2026-09-30 09:59:07 - train gamma: g2=0.102 g3=0.110 g4=0.096 g5=0.100
2026-09-30 09:59:08 - train: epoch 231, iter:0, loss: 0.3672, lr: 0.00013714331138868954
2026-09-30 09:59:11 - train: epoch 231, iter:20, loss: 0.3951, lr: 0.00013714331138868954
2026-09-30 09:59:15 - val epoch: 231, loss: 0.8393
2026-09-30 09:59:15 - train gamma: g2=0.102 g3=0.110 g4=0.096 g5=0.100
2026-09-30 09:59:16 - train: epoch 232, iter:0, loss: 0.3660, lr: 0.00013369502053292226
2026-09-30 09:59:19 - train: epoch 232, iter:20, loss: 0.4053, lr: 0.00013369502053292226
2026-09-30 09:59:22 - val epoch: 232, loss: 0.8720
2026-09-30 09:59:22 - train gamma: g2=0.102 g3=0.110 g4=0.096 g5=0.100
2026-09-30 09:59:23 - train: epoch 233, iter:0, loss: 0.3624, lr: 0.0001302874474523804
2026-09-30 09:59:26 - train: epoch 233, iter:20, loss: 0.4048, lr: 0.0001302874474523804
2026-09-30 09:59:30 - val epoch: 233, loss: 0.8315
2026-09-30 09:59:30 - train gamma: g2=0.102 g3=0.110 g4=0.096 g5=0.100
2026-09-30 09:59:31 - train: epoch 234, iter:0, loss: 0.4442, lr: 0.00012692096582585187
2026-09-30 09:59:34 - train: epoch 234, iter:20, loss: 0.4318, lr: 0.00012692096582585187
2026-09-30 09:59:38 - val epoch: 234, loss: 0.8351
2026-09-30 09:59:38 - train gamma: g2=0.102 g3=0.110 g4=0.096 g5=0.100
2026-09-30 09:59:39 - train: epoch 235, iter:0, loss: 0.3932, lr: 0.00012359594482598416
2026-09-30 09:59:42 - train: epoch 235, iter:20, loss: 0.4002, lr: 0.00012359594482598416
2026-09-30 09:59:45 - val epoch: 235, loss: 0.8404
2026-09-30 09:59:45 - train gamma: g2=0.102 g3=0.110 g4=0.096 g5=0.100
2026-09-30 09:59:47 - train: epoch 236, iter:0, loss: 0.4368, lr: 0.00012031274907879919
2026-09-30 09:59:50 - train: epoch 236, iter:20, loss: 0.3979, lr: 0.00012031274907879919
2026-09-30 09:59:53 - val epoch: 236, loss: 0.8411
2026-09-30 09:59:53 - train gamma: g2=0.102 g3=0.110 g4=0.097 g5=0.100
2026-09-30 09:59:55 - train: epoch 237, iter:0, loss: 0.3673, lr: 0.00011707173862370913
2026-09-30 09:59:58 - train: epoch 237, iter:20, loss: 0.3946, lr: 0.00011707173862370913
2026-09-30 10:00:01 - val epoch: 237, loss: 0.8458
2026-09-30 10:00:01 - train gamma: g2=0.102 g3=0.110 g4=0.097 g5=0.100
2026-09-30 10:00:03 - train: epoch 238, iter:0, loss: 0.3672, lr: 0.00011387326887403316
2026-09-30 10:00:06 - train: epoch 238, iter:20, loss: 0.4013, lr: 0.00011387326887403316
2026-09-30 10:00:09 - val epoch: 238, loss: 0.8448
2026-09-30 10:00:09 - train gamma: g2=0.102 g3=0.110 g4=0.097 g5=0.100
2026-09-30 10:00:10 - train: epoch 239, iter:0, loss: 0.3657, lr: 0.00011071769057802265
2026-09-30 10:00:13 - train: epoch 239, iter:20, loss: 0.4056, lr: 0.00011071769057802265
2026-09-30 10:00:17 - val epoch: 239, loss: 0.8385
2026-09-30 10:00:17 - train gamma: g2=0.102 g3=0.110 g4=0.097 g5=0.100
2026-09-30 10:00:18 - train: epoch 240, iter:0, loss: 0.4190, lr: 0.0001076053497803982
2026-09-30 10:00:21 - train: epoch 240, iter:20, loss: 0.4014, lr: 0.0001076053497803982
2026-09-30 10:00:25 - val epoch: 240, loss: 0.8386, miou: 0.7901737035522779, f1_or_dsc: 0.8827899795246911, accuracy: 0.9428376868219659,                 specificity: 0.9616545954538117, sensitivity: 0.884350868852239, confusion_matrix: [[38527246  1536251]
 [ 1490670 11398921]]
2026-09-30 10:00:33 - train gamma: g2=0.102 g3=0.110 g4=0.097 g5=0.100
2026-09-30 10:00:52 - train: epoch 241, iter:0, loss: 0.4006, lr: 0.00010453658778440088
2026-09-30 10:00:55 - train: epoch 241, iter:20, loss: 0.3958, lr: 0.00010453658778440088
2026-09-30 10:00:58 - val epoch: 241, loss: 0.8483
2026-09-30 10:00:58 - train gamma: g2=0.102 g3=0.110 g4=0.097 g5=0.100
2026-09-30 10:01:00 - train: epoch 242, iter:0, loss: 0.3485, lr: 0.00010151174111436543
2026-09-30 10:01:03 - train: epoch 242, iter:20, loss: 0.4016, lr: 0.00010151174111436543
2026-09-30 10:01:06 - val epoch: 242, loss: 0.8563
2026-09-30 10:01:06 - train gamma: g2=0.102 g3=0.110 g4=0.097 g5=0.100
2026-09-30 10:01:07 - train: epoch 243, iter:0, loss: 0.3644, lr: 9.853114147881633e-05
2026-09-30 10:01:10 - train: epoch 243, iter:20, loss: 0.3948, lr: 9.853114147881633e-05
2026-09-30 10:01:14 - val epoch: 243, loss: 0.8495
2026-09-30 10:01:14 - train gamma: g2=0.102 g3=0.110 g4=0.097 g5=0.100
2026-09-30 10:01:15 - train: epoch 244, iter:0, loss: 0.4093, lr: 9.559511573409167e-05
2026-09-30 10:01:18 - train: epoch 244, iter:20, loss: 0.3892, lr: 9.559511573409167e-05
2026-09-30 10:01:22 - val epoch: 244, loss: 0.8488
2026-09-30 10:01:22 - train gamma: g2=0.102 g3=0.110 g4=0.097 g5=0.100
2026-09-30 10:01:23 - train: epoch 245, iter:0, loss: 0.4083, lr: 9.270398584850061e-05
2026-09-30 10:01:26 - train: epoch 245, iter:20, loss: 0.4149, lr: 9.270398584850061e-05
2026-09-30 10:01:29 - val epoch: 245, loss: 0.8366
2026-09-30 10:01:29 - train gamma: g2=0.102 g3=0.110 g4=0.097 g5=0.101
2026-09-30 10:01:31 - train: epoch 246, iter:0, loss: 0.4526, lr: 8.985806886701499e-05
2026-09-30 10:01:34 - train: epoch 246, iter:20, loss: 0.4000, lr: 8.985806886701499e-05
2026-09-30 10:01:37 - val epoch: 246, loss: 0.8474
2026-09-30 10:01:37 - train gamma: g2=0.102 g3=0.110 g4=0.097 g5=0.101
2026-09-30 10:01:38 - train: epoch 247, iter:0, loss: 0.5109, lr: 8.705767687650239e-05
2026-09-30 10:01:42 - train: epoch 247, iter:20, loss: 0.4045, lr: 8.705767687650239e-05
2026-09-30 10:01:45 - val epoch: 247, loss: 0.8594
2026-09-30 10:01:45 - train gamma: g2=0.102 g3=0.110 g4=0.097 g5=0.101
2026-09-30 10:01:46 - train: epoch 248, iter:0, loss: 0.4015, lr: 8.430311697150229e-05
2026-09-30 10:01:49 - train: epoch 248, iter:20, loss: 0.4052, lr: 8.430311697150229e-05
2026-09-30 10:02:11 - val epoch: 248, loss: 0.8636
2026-09-30 10:02:11 - train gamma: g2=0.102 g3=0.110 g4=0.097 g5=0.101
2026-09-30 10:02:13 - train: epoch 249, iter:0, loss: 0.3637, lr: 8.159469122054909e-05
2026-09-30 10:02:16 - train: epoch 249, iter:20, loss: 0.3988, lr: 8.159469122054909e-05
2026-09-30 10:02:19 - val epoch: 249, loss: 0.8551
2026-09-30 10:02:19 - train gamma: g2=0.102 g3=0.110 g4=0.097 g5=0.101
2026-09-30 10:02:21 - train: epoch 250, iter:0, loss: 0.4726, lr: 7.893269663304782e-05
2026-09-30 10:02:24 - train: epoch 250, iter:20, loss: 0.4088, lr: 7.893269663304782e-05
2026-09-30 10:02:27 - val epoch: 250, loss: 0.8503, miou: 0.7915154122836745, f1_or_dsc: 0.8836266848240135, accuracy: 0.9440723079265935,                 specificity: 0.9671644489745865, sensitivity: 0.8722971892591471, confusion_matrix: [[38747990  1315507]
 [ 1646037 11243554]]
2026-09-30 10:02:27 - train gamma: g2=0.102 g3=0.110 g4=0.097 g5=0.101
2026-09-30 10:02:28 - train: epoch 251, iter:0, loss: 0.4321, lr: 7.631742512670282e-05
2026-09-30 10:02:32 - train: epoch 251, iter:20, loss: 0.3989, lr: 7.631742512670282e-05
2026-09-30 10:02:35 - val epoch: 251, loss: 0.8513
2026-09-30 10:02:35 - train gamma: g2=0.102 g3=0.110 g4=0.097 g5=0.101
2026-09-30 10:02:36 - train: epoch 252, iter:0, loss: 0.3833, lr: 7.374916349550603e-05
2026-09-30 10:02:39 - train: epoch 252, iter:20, loss: 0.4020, lr: 7.374916349550603e-05
2026-09-30 10:02:43 - val epoch: 252, loss: 0.8417
2026-09-30 10:02:43 - train gamma: g2=0.102 g3=0.110 g4=0.097 g5=0.101
2026-09-30 10:02:44 - train: epoch 253, iter:0, loss: 0.4599, lr: 7.122819337828741e-05
2026-09-30 10:02:47 - train: epoch 253, iter:20, loss: 0.3951, lr: 7.122819337828741e-05
2026-09-30 10:02:51 - val epoch: 253, loss: 0.8575
2026-09-30 10:02:51 - train gamma: g2=0.102 g3=0.110 g4=0.097 g5=0.101
2026-09-30 10:02:52 - train: epoch 254, iter:0, loss: 0.4014, lr: 6.875479122782878e-05
2026-09-30 10:02:55 - train: epoch 254, iter:20, loss: 0.4031, lr: 6.875479122782878e-05
2026-09-30 10:02:59 - val epoch: 254, loss: 0.8533
2026-09-30 10:02:59 - train gamma: g2=0.102 g3=0.110 g4=0.097 g5=0.101
2026-09-30 10:03:00 - train: epoch 255, iter:0, loss: 0.3666, lr: 6.632922828054862e-05
2026-09-30 10:03:03 - train: epoch 255, iter:20, loss: 0.4019, lr: 6.632922828054862e-05
2026-09-30 10:03:07 - val epoch: 255, loss: 0.8512
2026-09-30 10:03:07 - train gamma: g2=0.102 g3=0.110 g4=0.097 g5=0.101
2026-09-30 10:03:08 - train: epoch 256, iter:0, loss: 0.3922, lr: 6.395177052675786e-05
2026-09-30 10:03:11 - train: epoch 256, iter:20, loss: 0.4010, lr: 6.395177052675786e-05
2026-09-30 10:03:14 - val epoch: 256, loss: 0.8550
2026-09-30 10:03:14 - train gamma: g2=0.102 g3=0.110 g4=0.097 g5=0.101
2026-09-30 10:03:16 - train: epoch 257, iter:0, loss: 0.3545, lr: 6.162267868149065e-05
2026-09-30 10:03:19 - train: epoch 257, iter:20, loss: 0.3922, lr: 6.162267868149065e-05
2026-09-30 10:03:22 - val epoch: 257, loss: 0.8586
2026-09-30 10:03:22 - train gamma: g2=0.102 g3=0.110 g4=0.097 g5=0.101
2026-09-30 10:03:23 - train: epoch 258, iter:0, loss: 0.4116, lr: 5.934220815591413e-05
2026-09-30 10:03:26 - train: epoch 258, iter:20, loss: 0.4052, lr: 5.934220815591413e-05
2026-09-30 10:03:30 - val epoch: 258, loss: 0.8492
2026-09-30 10:03:30 - train gamma: g2=0.102 g3=0.110 g4=0.097 g5=0.101
2026-09-30 10:03:31 - train: epoch 259, iter:0, loss: 0.4016, lr: 5.711060902932035e-05
2026-09-30 10:03:34 - train: epoch 259, iter:20, loss: 0.3944, lr: 5.711060902932035e-05
2026-09-30 10:03:38 - val epoch: 259, loss: 0.8512
2026-09-30 10:03:38 - train gamma: g2=0.102 g3=0.110 g4=0.097 g5=0.101
2026-09-30 10:03:39 - train: epoch 260, iter:0, loss: 0.3766, lr: 5.492812602170101e-05
2026-09-30 10:03:42 - train: epoch 260, iter:20, loss: 0.4024, lr: 5.492812602170101e-05
2026-09-30 10:03:45 - val epoch: 260, loss: 0.8551, miou: 0.7860690813120579, f1_or_dsc: 0.8802224835946507, accuracy: 0.9420018337740756,                 specificity: 0.9633990762214292, sensitivity: 0.8754948081750615, confusion_matrix: [[38597136  1466361]
 [ 1604821 11284770]]
2026-09-30 10:03:45 - train gamma: g2=0.102 g3=0.110 g4=0.097 g5=0.101
2026-09-30 10:03:47 - train: epoch 261, iter:0, loss: 0.4532, lr: 5.279499846691256e-05
2026-09-30 10:03:50 - train: epoch 261, iter:20, loss: 0.3902, lr: 5.279499846691256e-05
2026-09-30 10:04:36 - val epoch: 261, loss: 0.8616
2026-09-30 10:04:36 - train gamma: g2=0.102 g3=0.110 g4=0.097 g5=0.101
2026-09-30 10:04:37 - train: epoch 262, iter:0, loss: 0.4411, lr: 5.071146028642938e-05
2026-09-30 10:04:40 - train: epoch 262, iter:20, loss: 0.3955, lr: 5.071146028642938e-05
2026-09-30 10:04:44 - val epoch: 262, loss: 0.8563
2026-09-30 10:04:44 - train gamma: g2=0.102 g3=0.110 g4=0.097 g5=0.101
2026-09-30 10:04:45 - train: epoch 263, iter:0, loss: 0.3840, lr: 4.867773996369213e-05
2026-09-30 10:04:48 - train: epoch 263, iter:20, loss: 0.4004, lr: 4.867773996369213e-05
2026-09-30 10:04:51 - val epoch: 263, loss: 0.8473
2026-09-30 10:04:51 - train gamma: g2=0.102 g3=0.110 g4=0.097 g5=0.101
2026-09-30 10:04:53 - train: epoch 264, iter:0, loss: 0.3958, lr: 4.669406051905255e-05
2026-09-30 10:04:56 - train: epoch 264, iter:20, loss: 0.3916, lr: 4.669406051905255e-05
2026-09-30 10:04:59 - val epoch: 264, loss: 0.8469
2026-09-30 10:04:59 - train gamma: g2=0.102 g3=0.110 g4=0.097 g5=0.101
2026-09-30 10:05:00 - train: epoch 265, iter:0, loss: 0.3419, lr: 4.476063948531553e-05
2026-09-30 10:05:03 - train: epoch 265, iter:20, loss: 0.3907, lr: 4.476063948531553e-05
2026-09-30 10:05:07 - val epoch: 265, loss: 0.8636
2026-09-30 10:05:07 - train gamma: g2=0.102 g3=0.110 g4=0.097 g5=0.101
2026-09-30 10:05:08 - train: epoch 266, iter:0, loss: 0.4596, lr: 4.2877688883885086e-05
2026-09-30 10:05:11 - train: epoch 266, iter:20, loss: 0.3981, lr: 4.2877688883885086e-05
2026-09-30 10:05:15 - val epoch: 266, loss: 0.8568
2026-09-30 10:05:15 - train gamma: g2=0.102 g3=0.110 g4=0.097 g5=0.101
2026-09-30 10:05:16 - train: epoch 267, iter:0, loss: 0.4126, lr: 4.1045415201513684e-05
2026-09-30 10:05:19 - train: epoch 267, iter:20, loss: 0.3931, lr: 4.1045415201513684e-05
2026-09-30 10:05:22 - val epoch: 267, loss: 0.8548
2026-09-30 10:05:22 - train gamma: g2=0.102 g3=0.110 g4=0.097 g5=0.101
2026-09-30 10:05:24 - train: epoch 268, iter:0, loss: 0.4559, lr: 3.926401936765836e-05
2026-09-30 10:05:27 - train: epoch 268, iter:20, loss: 0.4111, lr: 3.926401936765836e-05
2026-09-30 10:05:30 - val epoch: 268, loss: 0.8509
2026-09-30 10:05:30 - train gamma: g2=0.102 g3=0.110 g4=0.097 g5=0.101
2026-09-30 10:05:31 - train: epoch 269, iter:0, loss: 0.4078, lr: 3.753369673244687e-05
2026-09-30 10:05:34 - train: epoch 269, iter:20, loss: 0.3897, lr: 3.753369673244687e-05
2026-09-30 10:05:38 - val epoch: 269, loss: 0.8660
2026-09-30 10:05:38 - train gamma: g2=0.102 g3=0.110 g4=0.097 g5=0.102
2026-09-30 10:05:39 - train: epoch 270, iter:0, loss: 0.4557, lr: 3.5854637045255115e-05
2026-09-30 10:05:42 - train: epoch 270, iter:20, loss: 0.3970, lr: 3.5854637045255115e-05
2026-09-30 10:05:46 - val epoch: 270, loss: 0.8749, miou: 0.7865680528730592, f1_or_dsc: 0.8805352268648757, accuracy: 0.9427862261781598,                 specificity: 0.9674188950605086, sensitivity: 0.8662228304994317, confusion_matrix: [[38758184  1305313]
 [ 1724333 11165258]]
2026-09-30 10:05:46 - train gamma: g2=0.102 g3=0.110 g4=0.097 g5=0.102
2026-09-30 10:05:47 - train: epoch 271, iter:0, loss: 0.4167, lr: 3.422702443389897e-05
2026-09-30 10:05:50 - train: epoch 271, iter:20, loss: 0.3986, lr: 3.422702443389897e-05
2026-09-30 10:05:53 - val epoch: 271, loss: 0.8506
2026-09-30 10:05:53 - train gamma: g2=0.102 g3=0.110 g4=0.097 g5=0.102
2026-09-30 10:05:54 - train: epoch 272, iter:0, loss: 0.4024, lr: 3.265103738444294e-05
2026-09-30 10:05:57 - train: epoch 272, iter:20, loss: 0.3924, lr: 3.265103738444294e-05
2026-09-30 10:06:01 - val epoch: 272, loss: 0.8521
2026-09-30 10:06:01 - train gamma: g2=0.102 g3=0.110 g4=0.097 g5=0.102
2026-09-30 10:06:02 - train: epoch 273, iter:0, loss: 0.4262, lr: 3.112684872162669e-05
2026-09-30 10:06:05 - train: epoch 273, iter:20, loss: 0.4073, lr: 3.112684872162669e-05
2026-09-30 10:06:09 - val epoch: 273, loss: 0.8579
2026-09-30 10:06:09 - train gamma: g2=0.102 g3=0.110 g4=0.097 g5=0.102
2026-09-30 10:06:10 - train: epoch 274, iter:0, loss: 0.3694, lr: 2.9654625589913163e-05
2026-09-30 10:06:13 - train: epoch 274, iter:20, loss: 0.3911, lr: 2.9654625589913163e-05
2026-09-30 10:06:16 - val epoch: 274, loss: 0.8507
2026-09-30 10:06:16 - train gamma: g2=0.102 g3=0.110 g4=0.097 g5=0.102
2026-09-30 10:06:17 - train: epoch 275, iter:0, loss: 0.4087, lr: 2.823452943515922e-05
2026-09-30 10:06:21 - train: epoch 275, iter:20, loss: 0.3921, lr: 2.823452943515922e-05
2026-09-30 10:06:24 - val epoch: 275, loss: 0.8562
2026-09-30 10:06:24 - train gamma: g2=0.102 g3=0.111 g4=0.097 g5=0.102
2026-09-30 10:06:25 - train: epoch 276, iter:0, loss: 0.3597, lr: 2.6866715986911168e-05
2026-09-30 10:06:28 - train: epoch 276, iter:20, loss: 0.3928, lr: 2.6866715986911168e-05
2026-09-30 10:06:32 - val epoch: 276, loss: 0.8484
2026-09-30 10:06:32 - train gamma: g2=0.102 g3=0.111 g4=0.097 g5=0.102
2026-09-30 10:06:33 - train: epoch 277, iter:0, loss: 0.4239, lr: 2.5551335241327604e-05
2026-09-30 10:06:36 - train: epoch 277, iter:20, loss: 0.3907, lr: 2.5551335241327604e-05
2026-09-30 10:06:39 - val epoch: 277, loss: 0.8596
2026-09-30 10:06:39 - train gamma: g2=0.102 g3=0.111 g4=0.097 g5=0.102
2026-09-30 10:06:40 - train: epoch 278, iter:0, loss: 0.3929, lr: 2.4288531444730185e-05
2026-09-30 10:06:43 - train: epoch 278, iter:20, loss: 0.3812, lr: 2.4288531444730185e-05
2026-09-30 10:06:47 - val epoch: 278, loss: 0.8515
2026-09-30 10:06:47 - train gamma: g2=0.102 g3=0.111 g4=0.097 g5=0.102
2026-09-30 10:06:48 - train: epoch 279, iter:0, loss: 0.3507, lr: 2.3078443077785645e-05
2026-09-30 10:06:51 - train: epoch 279, iter:20, loss: 0.3842, lr: 2.3078443077785645e-05
2026-09-30 10:06:54 - val epoch: 279, loss: 0.8697
2026-09-30 10:06:54 - train gamma: g2=0.102 g3=0.111 g4=0.097 g5=0.102
2026-09-30 10:06:56 - train: epoch 280, iter:0, loss: 0.3455, lr: 2.1921202840320064e-05
2026-09-30 10:06:59 - train: epoch 280, iter:20, loss: 0.3815, lr: 2.1921202840320064e-05
2026-09-30 10:07:02 - val epoch: 280, loss: 0.8578, miou: 0.7888753087574526, f1_or_dsc: 0.8819790903206138, accuracy: 0.9424560282490041,                 specificity: 0.9614796731298818, sensitivity: 0.8833266315432352, confusion_matrix: [[38520238  1543259]
 [ 1503872 11385719]]
2026-09-30 10:07:02 - train gamma: g2=0.102 g3=0.110 g4=0.097 g5=0.102
2026-09-30 10:07:04 - train: epoch 281, iter:0, loss: 0.4459, lr: 2.081693763676623e-05
2026-09-30 10:07:07 - train: epoch 281, iter:20, loss: 0.3906, lr: 2.081693763676623e-05
2026-09-30 10:07:10 - val epoch: 281, loss: 0.8553
2026-09-30 10:07:10 - train gamma: g2=0.102 g3=0.110 g4=0.097 g5=0.102
2026-09-30 10:07:11 - train: epoch 282, iter:0, loss: 0.3659, lr: 1.9765768562247723e-05
2026-09-30 10:07:14 - train: epoch 282, iter:20, loss: 0.3897, lr: 1.9765768562247723e-05
2026-09-30 10:07:18 - val epoch: 282, loss: 0.8744
2026-09-30 10:07:18 - train gamma: g2=0.102 g3=0.111 g4=0.097 g5=0.102
2026-09-30 10:07:19 - train: epoch 283, iter:0, loss: 0.3798, lr: 1.876781088929913e-05
2026-09-30 10:07:22 - train: epoch 283, iter:20, loss: 0.3905, lr: 1.876781088929913e-05
2026-09-30 10:07:26 - val epoch: 283, loss: 0.8519
2026-09-30 10:07:26 - train gamma: g2=0.102 g3=0.111 g4=0.097 g5=0.102
2026-09-30 10:07:27 - train: epoch 284, iter:0, loss: 0.3420, lr: 1.7823174055225262e-05
2026-09-30 10:07:30 - train: epoch 284, iter:20, loss: 0.3764, lr: 1.7823174055225262e-05
2026-09-30 10:07:34 - val epoch: 284, loss: 0.8550
2026-09-30 10:07:34 - train gamma: g2=0.102 g3=0.111 g4=0.097 g5=0.102
2026-09-30 10:07:35 - train: epoch 285, iter:0, loss: 0.3679, lr: 1.693196165010003e-05
2026-09-30 10:07:38 - train: epoch 285, iter:20, loss: 0.3836, lr: 1.693196165010003e-05
2026-09-30 10:07:41 - val epoch: 285, loss: 0.8657
2026-09-30 10:07:41 - train gamma: g2=0.102 g3=0.111 g4=0.097 g5=0.102
2026-09-30 10:07:43 - train: epoch 286, iter:0, loss: 0.3771, lr: 1.6094271405406855e-05
2026-09-30 10:07:46 - train: epoch 286, iter:20, loss: 0.3858, lr: 1.6094271405406855e-05
2026-09-30 10:07:49 - val epoch: 286, loss: 0.8621
2026-09-30 10:07:49 - train gamma: g2=0.102 g3=0.111 g4=0.097 g5=0.102
2026-09-30 10:07:50 - train: epoch 287, iter:0, loss: 0.4802, lr: 1.5310195183320773e-05
2026-09-30 10:07:53 - train: epoch 287, iter:20, loss: 0.3899, lr: 1.5310195183320773e-05
2026-09-30 10:07:57 - val epoch: 287, loss: 0.8618
2026-09-30 10:07:57 - train gamma: g2=0.102 g3=0.111 g4=0.097 g5=0.102
2026-09-30 10:07:58 - train: epoch 288, iter:0, loss: 0.4005, lr: 1.4579818966635417e-05
2026-09-30 10:08:01 - train: epoch 288, iter:20, loss: 0.3829, lr: 1.4579818966635417e-05
2026-09-30 10:08:05 - val epoch: 288, loss: 0.8584
2026-09-30 10:08:05 - train gamma: g2=0.102 g3=0.111 g4=0.097 g5=0.102
2026-09-30 10:08:06 - train: epoch 289, iter:0, loss: 0.4777, lr: 1.3903222849333505e-05
2026-09-30 10:08:09 - train: epoch 289, iter:20, loss: 0.3828, lr: 1.3903222849333505e-05
2026-09-30 10:08:12 - val epoch: 289, loss: 0.8674
2026-09-30 10:08:12 - train gamma: g2=0.102 g3=0.111 g4=0.097 g5=0.102
2026-09-30 10:08:14 - train: epoch 290, iter:0, loss: 0.3821, lr: 1.3280481027803759e-05
2026-09-30 10:08:17 - train: epoch 290, iter:20, loss: 0.3845, lr: 1.3280481027803759e-05
2026-09-30 10:08:20 - val epoch: 290, loss: 0.8518, miou: 0.7903319441370019, f1_or_dsc: 0.882888725440206, accuracy: 0.943028988224445,                 specificity: 0.9625887874940123, sensitivity: 0.8822331135254796, confusion_matrix: [[38564673  1498824]
 [ 1517967 11371624]]
2026-09-30 10:08:20 - train gamma: g2=0.102 g3=0.111 g4=0.097 g5=0.102
2026-09-30 10:08:21 - train: epoch 291, iter:0, loss: 0.3984, lr: 1.271166179270472e-05
2026-09-30 10:08:24 - train: epoch 291, iter:20, loss: 0.3893, lr: 1.271166179270472e-05
2026-09-30 10:08:28 - val epoch: 291, loss: 0.8594
2026-09-30 10:08:28 - train gamma: g2=0.102 g3=0.111 g4=0.097 g5=0.102
2026-09-30 10:08:29 - train: epoch 292, iter:0, loss: 0.3889, lr: 1.21968275214754e-05
2026-09-30 10:08:32 - train: epoch 292, iter:20, loss: 0.3835, lr: 1.21968275214754e-05
2026-09-30 10:08:36 - val epoch: 292, loss: 0.8582
2026-09-30 10:08:36 - train gamma: g2=0.102 g3=0.111 g4=0.097 g5=0.102
2026-09-30 10:08:37 - train: epoch 293, iter:0, loss: 0.3725, lr: 1.1736034671495336e-05
2026-09-30 10:08:40 - train: epoch 293, iter:20, loss: 0.3918, lr: 1.1736034671495336e-05
2026-09-30 10:08:43 - val epoch: 293, loss: 0.8557
2026-09-30 10:08:43 - train gamma: g2=0.102 g3=0.111 g4=0.097 g5=0.102
2026-09-30 10:08:45 - train: epoch 294, iter:0, loss: 0.3196, lr: 1.1329333773893242e-05
2026-09-30 10:08:48 - train: epoch 294, iter:20, loss: 0.3863, lr: 1.1329333773893242e-05
2026-09-30 10:08:51 - val epoch: 294, loss: 0.8688
2026-09-30 10:08:51 - train gamma: g2=0.102 g3=0.111 g4=0.097 g5=0.102
2026-09-30 10:08:52 - train: epoch 295, iter:0, loss: 0.3403, lr: 1.0976769428005577e-05
2026-09-30 10:08:55 - train: epoch 295, iter:20, loss: 0.3826, lr: 1.0976769428005577e-05
2026-09-30 10:08:59 - val epoch: 295, loss: 0.8617
2026-09-30 10:08:59 - train gamma: g2=0.102 g3=0.111 g4=0.097 g5=0.102
2026-09-30 10:09:00 - train: epoch 296, iter:0, loss: 0.3926, lr: 1.0678380296485951e-05
2026-09-30 10:09:03 - train: epoch 296, iter:20, loss: 0.3981, lr: 1.0678380296485951e-05
2026-09-30 10:09:06 - val epoch: 296, loss: 0.8585
2026-09-30 10:09:06 - train gamma: g2=0.102 g3=0.111 g4=0.097 g5=0.102
2026-09-30 10:09:08 - train: epoch 297, iter:0, loss: 0.3664, lr: 1.04341991010651e-05
2026-09-30 10:09:11 - train: epoch 297, iter:20, loss: 0.3858, lr: 1.04341991010651e-05
2026-09-30 10:09:14 - val epoch: 297, loss: 0.8568
2026-09-30 10:09:14 - train gamma: g2=0.102 g3=0.111 g4=0.097 g5=0.102
2026-09-30 10:09:15 - train: epoch 298, iter:0, loss: 0.3975, lr: 1.0244252618962858e-05
2026-09-30 10:09:18 - train: epoch 298, iter:20, loss: 0.3863, lr: 1.0244252618962858e-05
2026-09-30 10:09:22 - val epoch: 298, loss: 0.8547
2026-09-30 10:09:22 - train gamma: g2=0.102 g3=0.111 g4=0.097 g5=0.102
2026-09-30 10:09:23 - train: epoch 299, iter:0, loss: 0.3501, lr: 1.0108561679951479e-05
2026-09-30 10:09:26 - train: epoch 299, iter:20, loss: 0.3751, lr: 1.0108561679951479e-05
2026-09-30 10:09:29 - val epoch: 299, loss: 0.8628
2026-09-30 10:09:29 - train gamma: g2=0.102 g3=0.111 g4=0.097 g5=0.102
2026-09-30 10:09:31 - train: epoch 300, iter:0, loss: 0.3711, lr: 1.002714116407149e-05
2026-09-30 10:09:34 - train: epoch 300, iter:20, loss: 0.3817, lr: 1.002714116407149e-05
2026-09-30 10:09:37 - val epoch: 300, loss: 0.8633, miou: 0.7878414450421196, f1_or_dsc: 0.8813325669643585, accuracy: 0.9422028418814782,                 specificity: 0.9616578652632345, sensitivity: 0.8817326321680804, confusion_matrix: [[38527377  1536120]
 [ 1524418 11365173]]
2026-09-30 10:09:37 - train gamma: g2=0.102 g3=0.111 g4=0.097 g5=0.102
2026-09-30 10:10:03 - evaluation split=V_dev, loss: 0.7646,miou: 0.8039150551283026, f1_or_dsc: 0.8913003445953551, accuracy: 0.9473514556884766,                 specificity: 0.9668465785700135, sensitivity: 0.8867566084913012, confusion_matrix: [[38735255  1328242]
 [ 1459661 11429930]]
