2026-09-29 12:32:58 - #----------Config info----------#
2026-09-29 12:32:58 - network: egeunet,
2026-09-29 12:32:58 - seed: 43,
2026-09-29 12:32:58 - work_dir: results/stability_ege_baseline_seed43_v1_20260929/,
2026-09-29 12:32:58 - epochs: 300,
2026-09-29 12:32:58 - val_interval: 10,
2026-09-29 12:32:58 - save_interval: 10,
2026-09-29 12:32:58 - num_workers: 4,
2026-09-29 12:32:58 - batch_size: 64,
2026-09-29 12:32:58 - val_batch_size: 8,
2026-09-29 12:32:58 - gradient_accumulation_steps: 1,
2026-09-29 12:33:00 - train: epoch 1, iter:0, loss: 11.0164, lr: 0.001
2026-09-29 12:33:03 - train: epoch 1, iter:20, loss: 4.6642, lr: 0.001
2026-09-29 12:33:07 - val epoch: 1, loss: 2.0342
2026-09-29 12:33:09 - train: epoch 2, iter:0, loss: 2.0051, lr: 0.0009999728588359286
2026-09-29 12:33:12 - train: epoch 2, iter:20, loss: 1.7445, lr: 0.0009999728588359286
2026-09-29 12:33:16 - val epoch: 2, loss: 1.4717
2026-09-29 12:33:41 - train: epoch 3, iter:0, loss: 1.6204, lr: 0.0009998914383200486
2026-09-29 12:33:44 - train: epoch 3, iter:20, loss: 1.5023, lr: 0.0009998914383200486
2026-09-29 12:33:48 - val epoch: 3, loss: 1.3456
2026-09-29 12:33:49 - train: epoch 4, iter:0, loss: 1.1943, lr: 0.0009997557473810372
2026-09-29 12:33:52 - train: epoch 4, iter:20, loss: 1.2672, lr: 0.0009997557473810372
2026-09-29 12:33:56 - val epoch: 4, loss: 1.2122
2026-09-29 12:33:58 - train: epoch 5, iter:0, loss: 1.3202, lr: 0.000999565800898935
2026-09-29 12:34:01 - train: epoch 5, iter:20, loss: 1.1966, lr: 0.000999565800898935
2026-09-29 12:34:05 - val epoch: 5, loss: 1.1545
2026-09-29 12:34:07 - train: epoch 6, iter:0, loss: 1.1321, lr: 0.0009993216197035143
2026-09-29 12:34:10 - train: epoch 6, iter:20, loss: 1.2317, lr: 0.0009993216197035143
2026-09-29 12:34:14 - val epoch: 6, loss: 1.1610
2026-09-29 12:34:15 - train: epoch 7, iter:0, loss: 1.1024, lr: 0.0009990232305719946
2026-09-29 12:34:19 - train: epoch 7, iter:20, loss: 1.1625, lr: 0.0009990232305719946
2026-09-29 12:34:23 - val epoch: 7, loss: 1.0950
2026-09-29 12:34:24 - train: epoch 8, iter:0, loss: 1.2350, lr: 0.0009986706662261067
2026-09-29 12:34:27 - train: epoch 8, iter:20, loss: 1.1064, lr: 0.0009986706662261067
2026-09-29 12:34:31 - val epoch: 8, loss: 1.2335
2026-09-29 12:34:33 - train: epoch 9, iter:0, loss: 1.0458, lr: 0.0009982639653285047
2026-09-29 12:34:36 - train: epoch 9, iter:20, loss: 1.0487, lr: 0.0009982639653285047
2026-09-29 12:34:40 - val epoch: 9, loss: 1.0784
2026-09-29 12:34:41 - train: epoch 10, iter:0, loss: 1.1684, lr: 0.0009978031724785245
2026-09-29 12:34:44 - train: epoch 10, iter:20, loss: 0.9785, lr: 0.0009978031724785245
2026-09-29 12:34:48 - val epoch: 10, loss: 1.0704, miou: 0.7476887953085467, f1_or_dsc: 0.8556315029490654, accuracy: 0.9287527669774424,                 specificity: 0.9485013252837114, sensitivity: 0.8673701904117826, confusion_matrix: [[38000280  2063217]
 [ 1709544 11180047]]
2026-09-29 12:34:49 - train: epoch 11, iter:0, loss: 0.8921, lr: 0.0009972883382072953
2026-09-29 12:34:52 - train: epoch 11, iter:20, loss: 0.9160, lr: 0.0009972883382072953
2026-09-29 12:34:56 - val epoch: 11, loss: 1.0553
2026-09-29 12:34:57 - train: epoch 12, iter:0, loss: 1.0937, lr: 0.0009967195189721962
2026-09-29 12:35:00 - train: epoch 12, iter:20, loss: 0.9639, lr: 0.0009967195189721962
2026-09-29 12:35:04 - val epoch: 12, loss: 1.0998
2026-09-29 12:35:05 - train: epoch 13, iter:0, loss: 1.0108, lr: 0.0009960967771506667
2026-09-29 12:35:08 - train: epoch 13, iter:20, loss: 0.9136, lr: 0.0009960967771506667
2026-09-29 12:35:12 - val epoch: 13, loss: 1.0272
2026-09-29 12:35:13 - train: epoch 14, iter:0, loss: 0.7669, lr: 0.0009954201810333646
2026-09-29 12:35:16 - train: epoch 14, iter:20, loss: 0.9115, lr: 0.0009954201810333646
2026-09-29 12:35:20 - val epoch: 14, loss: 1.0062
2026-09-29 12:35:21 - train: epoch 15, iter:0, loss: 0.9451, lr: 0.0009946898048166792
2026-09-29 12:35:24 - train: epoch 15, iter:20, loss: 0.8662, lr: 0.0009946898048166792
2026-09-29 12:35:28 - val epoch: 15, loss: 0.9393
2026-09-29 12:35:29 - train: epoch 16, iter:0, loss: 0.7861, lr: 0.000993905728594593
2026-09-29 12:35:32 - train: epoch 16, iter:20, loss: 0.8415, lr: 0.000993905728594593
2026-09-29 12:35:37 - val epoch: 16, loss: 1.1238
2026-09-29 12:35:38 - train: epoch 17, iter:0, loss: 1.1373, lr: 0.0009930680383498998
2026-09-29 12:35:41 - train: epoch 17, iter:20, loss: 0.8831, lr: 0.0009930680383498998
2026-09-29 12:35:45 - val epoch: 17, loss: 1.0193
2026-09-29 12:35:46 - train: epoch 18, iter:0, loss: 0.9501, lr: 0.0009921768259447744
2026-09-29 12:35:50 - train: epoch 18, iter:20, loss: 0.8599, lr: 0.0009921768259447744
2026-09-29 12:35:54 - val epoch: 18, loss: 0.9336
2026-09-29 12:35:55 - train: epoch 19, iter:0, loss: 0.7200, lr: 0.0009912321891107007
2026-09-29 12:35:59 - train: epoch 19, iter:20, loss: 0.8481, lr: 0.0009912321891107007
2026-09-29 12:36:03 - val epoch: 19, loss: 1.0943
2026-09-29 12:36:04 - train: epoch 20, iter:0, loss: 0.8108, lr: 0.0009902342314377522
2026-09-29 12:36:07 - train: epoch 20, iter:20, loss: 0.9662, lr: 0.0009902342314377522
2026-09-29 12:36:11 - val epoch: 20, loss: 0.9661, miou: 0.7582190772225121, f1_or_dsc: 0.8624853262544318, accuracy: 0.9372417525489731,                 specificity: 0.978652362773025, sensitivity: 0.8085290681449862, confusion_matrix: [[39208236   855261]
 [ 2467982 10421609]]
2026-09-29 12:36:12 - train: epoch 21, iter:0, loss: 0.7798, lr: 0.0009891830623632338
2026-09-29 12:36:16 - train: epoch 21, iter:20, loss: 0.8638, lr: 0.0009891830623632338
2026-09-29 12:36:19 - val epoch: 21, loss: 0.9413
2026-09-29 12:36:21 - train: epoch 22, iter:0, loss: 0.6445, lr: 0.00098807879715968
2026-09-29 12:36:24 - train: epoch 22, iter:20, loss: 0.8517, lr: 0.00098807879715968
2026-09-29 12:36:28 - val epoch: 22, loss: 0.9610
2026-09-29 12:36:29 - train: epoch 23, iter:0, loss: 0.7636, lr: 0.0009869215569222143
2026-09-29 12:36:32 - train: epoch 23, iter:20, loss: 0.8174, lr: 0.0009869215569222143
2026-09-29 12:36:37 - val epoch: 23, loss: 0.8946
2026-09-29 12:36:38 - train: epoch 24, iter:0, loss: 0.7711, lr: 0.0009857114685552697
2026-09-29 12:36:41 - train: epoch 24, iter:20, loss: 0.8066, lr: 0.0009857114685552697
2026-09-29 12:36:45 - val epoch: 24, loss: 0.9616
2026-09-29 12:36:46 - train: epoch 25, iter:0, loss: 0.7486, lr: 0.0009844486647586721
2026-09-29 12:36:49 - train: epoch 25, iter:20, loss: 0.7943, lr: 0.0009844486647586721
2026-09-29 12:36:52 - val epoch: 25, loss: 0.9453
2026-09-29 12:36:53 - train: epoch 26, iter:0, loss: 0.9121, lr: 0.0009831332840130884
2026-09-29 12:36:56 - train: epoch 26, iter:20, loss: 0.7648, lr: 0.0009831332840130884
2026-09-29 12:37:00 - val epoch: 26, loss: 0.8858
2026-09-29 12:37:01 - train: epoch 27, iter:0, loss: 0.6573, lr: 0.0009817654705648405
2026-09-29 12:37:04 - train: epoch 27, iter:20, loss: 0.7688, lr: 0.0009817654705648405
2026-09-29 12:37:07 - val epoch: 27, loss: 0.9616
2026-09-29 12:37:08 - train: epoch 28, iter:0, loss: 0.8475, lr: 0.0009803453744100864
2026-09-29 12:37:11 - train: epoch 28, iter:20, loss: 0.7636, lr: 0.0009803453744100864
2026-09-29 12:37:15 - val epoch: 28, loss: 0.9710
2026-09-29 12:37:16 - train: epoch 29, iter:0, loss: 0.8764, lr: 0.0009788731512783728
2026-09-29 12:37:18 - train: epoch 29, iter:20, loss: 0.7549, lr: 0.0009788731512783728
2026-09-29 12:37:22 - val epoch: 29, loss: 0.8689
2026-09-29 12:37:23 - train: epoch 30, iter:0, loss: 0.7618, lr: 0.0009773489626155566
2026-09-29 12:37:26 - train: epoch 30, iter:20, loss: 0.7314, lr: 0.0009773489626155566
2026-09-29 12:37:29 - val epoch: 30, loss: 0.8900, miou: 0.7710967918813686, f1_or_dsc: 0.8707562403320283, accuracy: 0.9400215715464979,                 specificity: 0.9754026214935756, sensitivity: 0.8300499992590921, confusion_matrix: [[39078040   985457]
 [ 2190586 10699005]]
2026-09-29 12:37:30 - train: epoch 31, iter:0, loss: 0.8385, lr: 0.0009757729755661006
2026-09-29 12:37:33 - train: epoch 31, iter:20, loss: 0.7471, lr: 0.0009757729755661006
2026-09-29 12:37:36 - val epoch: 31, loss: 0.9968
2026-09-29 12:37:38 - train: epoch 32, iter:0, loss: 0.7174, lr: 0.0009741453629547445
2026-09-29 12:37:40 - train: epoch 32, iter:20, loss: 0.7551, lr: 0.0009741453629547445
2026-09-29 12:37:44 - val epoch: 32, loss: 0.9084
2026-09-29 12:37:45 - train: epoch 33, iter:0, loss: 0.6453, lr: 0.0009724663032675527
2026-09-29 12:37:48 - train: epoch 33, iter:20, loss: 0.7402, lr: 0.0009724663032675527
2026-09-29 12:37:51 - val epoch: 33, loss: 0.9213
2026-09-29 12:37:52 - train: epoch 34, iter:0, loss: 0.7647, lr: 0.0009707359806323412
2026-09-29 12:37:55 - train: epoch 34, iter:20, loss: 0.7724, lr: 0.0009707359806323412
2026-09-29 12:37:59 - val epoch: 34, loss: 0.9450
2026-09-29 12:38:00 - train: epoch 35, iter:0, loss: 0.6907, lr: 0.0009689545847984858
2026-09-29 12:38:03 - train: epoch 35, iter:20, loss: 0.7392, lr: 0.0009689545847984858
2026-09-29 12:38:06 - val epoch: 35, loss: 0.8747
2026-09-29 12:38:07 - train: epoch 36, iter:0, loss: 0.7030, lr: 0.0009671223111161144
2026-09-29 12:38:10 - train: epoch 36, iter:20, loss: 0.6918, lr: 0.0009671223111161144
2026-09-29 12:38:14 - val epoch: 36, loss: 0.8765
2026-09-29 12:38:15 - train: epoch 37, iter:0, loss: 0.6804, lr: 0.000965239360514684
2026-09-29 12:38:18 - train: epoch 37, iter:20, loss: 0.7270, lr: 0.000965239360514684
2026-09-29 12:38:21 - val epoch: 37, loss: 0.8895
2026-09-29 12:38:23 - train: epoch 38, iter:0, loss: 0.7606, lr: 0.000963305939480947
2026-09-29 12:38:25 - train: epoch 38, iter:20, loss: 0.7430, lr: 0.000963305939480947
2026-09-29 12:38:29 - val epoch: 38, loss: 0.8980
2026-09-29 12:38:30 - train: epoch 39, iter:0, loss: 0.7076, lr: 0.0009613222600363074
2026-09-29 12:38:33 - train: epoch 39, iter:20, loss: 0.7007, lr: 0.0009613222600363074
2026-09-29 12:38:36 - val epoch: 39, loss: 0.8919
2026-09-29 12:38:38 - train: epoch 40, iter:0, loss: 0.6965, lr: 0.0009592885397135703
2026-09-29 12:38:41 - train: epoch 40, iter:20, loss: 0.7077, lr: 0.0009592885397135703
2026-09-29 12:38:44 - val epoch: 40, loss: 0.8817, miou: 0.766703435916656, f1_or_dsc: 0.8679480894526603, accuracy: 0.9338189682157914,                 specificity: 0.9467840014065672, sensitivity: 0.8935209813872295, confusion_matrix: [[37931478  2132019]
 [ 1372471 11517120]]
2026-09-29 12:38:45 - train: epoch 41, iter:0, loss: 0.5247, lr: 0.0009572050015330871
2026-09-29 12:38:48 - train: epoch 41, iter:20, loss: 0.7127, lr: 0.0009572050015330871
2026-09-29 12:38:51 - val epoch: 41, loss: 0.8796
2026-09-29 12:38:52 - train: epoch 42, iter:0, loss: 0.8844, lr: 0.0009550718739782986
2026-09-29 12:38:55 - train: epoch 42, iter:20, loss: 0.7165, lr: 0.0009550718739782986
2026-09-29 12:38:59 - val epoch: 42, loss: 0.8434
2026-09-29 12:39:00 - train: epoch 43, iter:0, loss: 0.5848, lr: 0.0009528893909706794
2026-09-29 12:39:04 - train: epoch 43, iter:20, loss: 0.6938, lr: 0.0009528893909706794
2026-09-29 12:39:08 - val epoch: 43, loss: 0.9188
2026-09-29 12:39:09 - train: epoch 44, iter:0, loss: 0.6779, lr: 0.0009506577918440856
2026-09-29 12:39:12 - train: epoch 44, iter:20, loss: 0.7045, lr: 0.0009506577918440856
2026-09-29 12:39:17 - val epoch: 44, loss: 0.9003
2026-09-29 12:39:18 - train: epoch 45, iter:0, loss: 0.6609, lr: 0.000948377321318509
2026-09-29 12:39:22 - train: epoch 45, iter:20, loss: 0.7052, lr: 0.000948377321318509
2026-09-29 12:39:26 - val epoch: 45, loss: 0.8723
2026-09-29 12:39:27 - train: epoch 46, iter:0, loss: 0.6164, lr: 0.0009460482294732416
2026-09-29 12:39:31 - train: epoch 46, iter:20, loss: 0.6902, lr: 0.0009460482294732416
2026-09-29 12:39:35 - val epoch: 46, loss: 0.9074
2026-09-29 12:39:36 - train: epoch 47, iter:0, loss: 0.7675, lr: 0.0009436707717194508
2026-09-29 12:39:39 - train: epoch 47, iter:20, loss: 0.7219, lr: 0.0009436707717194508
2026-09-29 12:39:44 - val epoch: 47, loss: 0.9023
2026-09-29 12:39:45 - train: epoch 48, iter:0, loss: 0.9194, lr: 0.0009412452087721706
2026-09-29 12:39:49 - train: epoch 48, iter:20, loss: 0.6898, lr: 0.0009412452087721706
2026-09-29 12:39:53 - val epoch: 48, loss: 0.8344
2026-09-29 12:39:55 - train: epoch 49, iter:0, loss: 0.7658, lr: 0.000938771806621712
2026-09-29 12:39:58 - train: epoch 49, iter:20, loss: 0.6616, lr: 0.000938771806621712
2026-09-29 12:40:02 - val epoch: 49, loss: 0.8104
2026-09-29 12:40:03 - train: epoch 50, iter:0, loss: 0.6221, lr: 0.0009362508365044934
2026-09-29 12:40:07 - train: epoch 50, iter:20, loss: 0.7049, lr: 0.0009362508365044934
2026-09-29 12:40:11 - val epoch: 50, loss: 0.9324, miou: 0.7651560544316798, f1_or_dsc: 0.8669557034468933, accuracy: 0.9383888622321704,                 specificity: 0.9749744012610781, sensitivity: 0.8246734904156385, confusion_matrix: [[39060884  1002613]
 [ 2259887 10629704]]
2026-09-29 12:40:12 - train: epoch 51, iter:0, loss: 0.5524, lr: 0.0009336825748732968
2026-09-29 12:40:15 - train: epoch 51, iter:20, loss: 0.6827, lr: 0.0009336825748732968
2026-09-29 12:40:19 - val epoch: 51, loss: 0.8557
2026-09-29 12:40:21 - train: epoch 52, iter:0, loss: 0.6998, lr: 0.0009310673033669517
2026-09-29 12:40:24 - train: epoch 52, iter:20, loss: 0.6548, lr: 0.0009310673033669517
2026-09-29 12:40:28 - val epoch: 52, loss: 0.8622
2026-09-29 12:40:29 - train: epoch 53, iter:0, loss: 0.8116, lr: 0.0009284053087794505
2026-09-29 12:40:32 - train: epoch 53, iter:20, loss: 0.7471, lr: 0.0009284053087794505
2026-09-29 12:40:36 - val epoch: 53, loss: 1.0385
2026-09-29 12:40:38 - train: epoch 54, iter:0, loss: 0.9091, lr: 0.0009256968830284974
2026-09-29 12:40:41 - train: epoch 54, iter:20, loss: 0.6896, lr: 0.0009256968830284974
2026-09-29 12:40:45 - val epoch: 54, loss: 0.8966
2026-09-29 12:40:47 - train: epoch 55, iter:0, loss: 0.6080, lr: 0.0009229423231234972
2026-09-29 12:40:50 - train: epoch 55, iter:20, loss: 0.6628, lr: 0.0009229423231234972
2026-09-29 12:40:54 - val epoch: 55, loss: 0.8440
2026-09-29 12:40:56 - train: epoch 56, iter:0, loss: 0.8553, lr: 0.0009201419311329846
2026-09-29 12:40:59 - train: epoch 56, iter:20, loss: 0.6575, lr: 0.0009201419311329846
2026-09-29 12:41:04 - val epoch: 56, loss: 0.8536
2026-09-29 12:41:16 - train: epoch 57, iter:0, loss: 0.5166, lr: 0.0009172960141514989
2026-09-29 12:41:19 - train: epoch 57, iter:20, loss: 0.6637, lr: 0.0009172960141514989
2026-09-29 12:41:23 - val epoch: 57, loss: 0.8653
2026-09-29 12:41:25 - train: epoch 58, iter:0, loss: 0.6944, lr: 0.0009144048842659077
2026-09-29 12:41:28 - train: epoch 58, iter:20, loss: 0.6643, lr: 0.0009144048842659077
2026-09-29 12:41:32 - val epoch: 58, loss: 0.8325
2026-09-29 12:42:09 - train: epoch 59, iter:0, loss: 0.4981, lr: 0.0009114688585211832
2026-09-29 12:42:12 - train: epoch 59, iter:20, loss: 0.6977, lr: 0.0009114688585211832
2026-09-29 12:42:17 - val epoch: 59, loss: 0.9308
2026-09-29 12:42:22 - train: epoch 60, iter:0, loss: 0.6664, lr: 0.0009084882588856339
2026-09-29 12:42:26 - train: epoch 60, iter:20, loss: 0.6720, lr: 0.0009084882588856339
2026-09-29 12:42:30 - val epoch: 60, loss: 0.8370, miou: 0.7818779209923619, f1_or_dsc: 0.8775886515917085, accuracy: 0.940352449322691,                 specificity: 0.9602897121037637, sensitivity: 0.8783833404799268, confusion_matrix: [[38472564  1590933]
 [ 1567589 11322002]]
2026-09-29 12:42:31 - train: epoch 61, iter:0, loss: 0.6377, lr: 0.0009054634122155986
2026-09-29 12:42:34 - train: epoch 61, iter:20, loss: 0.6613, lr: 0.0009054634122155986
2026-09-29 12:42:39 - val epoch: 61, loss: 0.8559
2026-09-29 12:42:43 - train: epoch 62, iter:0, loss: 0.7070, lr: 0.0009023946502196013
2026-09-29 12:42:46 - train: epoch 62, iter:20, loss: 0.6529, lr: 0.0009023946502196013
2026-09-29 12:42:51 - val epoch: 62, loss: 0.8489
2026-09-29 12:42:52 - train: epoch 63, iter:0, loss: 0.6858, lr: 0.0008992823094219767
2026-09-29 12:42:55 - train: epoch 63, iter:20, loss: 0.6578, lr: 0.0008992823094219767
2026-09-29 12:43:00 - val epoch: 63, loss: 0.8255
2026-09-29 12:43:01 - train: epoch 64, iter:0, loss: 0.6114, lr: 0.0008961267311259662
2026-09-29 12:43:05 - train: epoch 64, iter:20, loss: 0.6530, lr: 0.0008961267311259662
2026-09-29 12:43:09 - val epoch: 64, loss: 0.8299
2026-09-29 12:43:10 - train: epoch 65, iter:0, loss: 0.6833, lr: 0.0008929282613762903
2026-09-29 12:43:14 - train: epoch 65, iter:20, loss: 0.6526, lr: 0.0008929282613762903
2026-09-29 12:43:18 - val epoch: 65, loss: 0.8491
2026-09-29 12:43:19 - train: epoch 66, iter:0, loss: 0.7455, lr: 0.0008896872509212002
2026-09-29 12:43:23 - train: epoch 66, iter:20, loss: 0.6463, lr: 0.0008896872509212002
2026-09-29 12:43:27 - val epoch: 66, loss: 0.8408
2026-09-29 12:43:28 - train: epoch 67, iter:0, loss: 0.4306, lr: 0.0008864040551740152
2026-09-29 12:43:32 - train: epoch 67, iter:20, loss: 0.6331, lr: 0.0008864040551740152
2026-09-29 12:43:36 - val epoch: 67, loss: 0.8264
2026-09-29 12:43:38 - train: epoch 68, iter:0, loss: 1.0359, lr: 0.0008830790341741476
2026-09-29 12:43:41 - train: epoch 68, iter:20, loss: 0.6612, lr: 0.0008830790341741476
2026-09-29 12:43:45 - val epoch: 68, loss: 0.8475
2026-09-29 12:43:46 - train: epoch 69, iter:0, loss: 0.5554, lr: 0.000879712552547619
2026-09-29 12:43:49 - train: epoch 69, iter:20, loss: 0.6353, lr: 0.000879712552547619
2026-09-29 12:43:54 - val epoch: 69, loss: 0.8476
2026-09-29 12:43:55 - train: epoch 70, iter:0, loss: 0.5805, lr: 0.0008763049794670771
2026-09-29 12:43:58 - train: epoch 70, iter:20, loss: 0.6695, lr: 0.0008763049794670771
2026-09-29 12:44:03 - val epoch: 70, loss: 0.8921, miou: 0.7720124018639059, f1_or_dsc: 0.8713397277037771, accuracy: 0.9406351901517056,                 specificity: 0.9775691323201268, sensitivity: 0.8258369097979913, confusion_matrix: [[39164838   898659]
 [ 2244891 10644700]]
2026-09-29 12:44:04 - train: epoch 71, iter:0, loss: 0.6923, lr: 0.0008728566886113098
2026-09-29 12:44:07 - train: epoch 71, iter:20, loss: 0.6914, lr: 0.0008728566886113098
2026-09-29 12:44:11 - val epoch: 71, loss: 0.8709
2026-09-29 12:44:12 - train: epoch 72, iter:0, loss: 0.6928, lr: 0.000869368058124268
2026-09-29 12:44:16 - train: epoch 72, iter:20, loss: 0.6495, lr: 0.000869368058124268
2026-09-29 12:44:19 - val epoch: 72, loss: 0.8632
2026-09-29 12:44:38 - train: epoch 73, iter:0, loss: 0.6181, lr: 0.0008658394705735983
2026-09-29 12:44:42 - train: epoch 73, iter:20, loss: 0.6260, lr: 0.0008658394705735983
2026-09-29 12:44:46 - val epoch: 73, loss: 0.9183
2026-09-29 12:44:47 - train: epoch 74, iter:0, loss: 0.6555, lr: 0.0008622713129086888
2026-09-29 12:44:51 - train: epoch 74, iter:20, loss: 0.6494, lr: 0.0008622713129086888
2026-09-29 12:44:55 - val epoch: 74, loss: 0.8097
2026-09-29 12:44:56 - train: epoch 75, iter:0, loss: 0.5756, lr: 0.0008586639764182372
2026-09-29 12:44:59 - train: epoch 75, iter:20, loss: 0.6535, lr: 0.0008586639764182372
2026-09-29 12:45:03 - val epoch: 75, loss: 0.8557
2026-09-29 12:45:05 - train: epoch 76, iter:0, loss: 0.6635, lr: 0.0008550178566873405
2026-09-29 12:45:08 - train: epoch 76, iter:20, loss: 0.6195, lr: 0.0008550178566873405
2026-09-29 12:45:12 - val epoch: 76, loss: 0.8497
2026-09-29 12:45:14 - train: epoch 77, iter:0, loss: 0.5757, lr: 0.0008513333535541156
2026-09-29 12:45:17 - train: epoch 77, iter:20, loss: 0.6311, lr: 0.0008513333535541156
2026-09-29 12:45:21 - val epoch: 77, loss: 0.8280
2026-09-29 12:45:22 - train: epoch 78, iter:0, loss: 0.6152, lr: 0.0008476108710658509
2026-09-29 12:45:26 - train: epoch 78, iter:20, loss: 0.6220, lr: 0.0008476108710658509
2026-09-29 12:45:30 - val epoch: 78, loss: 0.8478
2026-09-29 12:45:31 - train: epoch 79, iter:0, loss: 0.6322, lr: 0.0008438508174347005
2026-09-29 12:45:34 - train: epoch 79, iter:20, loss: 0.6391, lr: 0.0008438508174347005
2026-09-29 12:45:39 - val epoch: 79, loss: 0.9390
2026-09-29 12:45:40 - train: epoch 80, iter:0, loss: 0.5500, lr: 0.0008400536049929166
2026-09-29 12:45:43 - train: epoch 80, iter:20, loss: 0.6006, lr: 0.0008400536049929166
2026-09-29 12:45:47 - val epoch: 80, loss: 0.8189, miou: 0.7837533524282462, f1_or_dsc: 0.8787687505801324, accuracy: 0.9413966188336363,                 specificity: 0.9635371819888813, sensitivity: 0.8725791997589373, confusion_matrix: [[38602669  1460828]
 [ 1642402 11247189]]
2026-09-29 12:45:49 - train: epoch 81, iter:0, loss: 0.6125, lr: 0.0008362196501476343
2026-09-29 12:45:52 - train: epoch 81, iter:20, loss: 0.6150, lr: 0.0008362196501476343
2026-09-29 12:45:56 - val epoch: 81, loss: 0.8300
2026-09-29 12:45:57 - train: epoch 82, iter:0, loss: 0.5485, lr: 0.0008323493733352072
2026-09-29 12:46:00 - train: epoch 82, iter:20, loss: 0.6893, lr: 0.0008323493733352072
2026-09-29 12:46:04 - val epoch: 82, loss: 0.8360
2026-09-29 12:46:05 - train: epoch 83, iter:0, loss: 0.5815, lr: 0.0008284431989751018
2026-09-29 12:46:08 - train: epoch 83, iter:20, loss: 0.6135, lr: 0.0008284431989751018
2026-09-29 12:46:12 - val epoch: 83, loss: 0.8235
2026-09-29 12:46:14 - train: epoch 84, iter:0, loss: 0.5829, lr: 0.000824501555423355
2026-09-29 12:46:17 - train: epoch 84, iter:20, loss: 0.6503, lr: 0.000824501555423355
2026-09-29 12:46:20 - val epoch: 84, loss: 0.8305
2026-09-29 12:46:21 - train: epoch 85, iter:0, loss: 0.7265, lr: 0.0008205248749256009
2026-09-29 12:46:24 - train: epoch 85, iter:20, loss: 0.6135, lr: 0.0008205248749256009
2026-09-29 12:46:28 - val epoch: 85, loss: 0.8034
2026-09-29 12:46:37 - train: epoch 86, iter:0, loss: 0.6234, lr: 0.000816513593569669
2026-09-29 12:46:40 - train: epoch 86, iter:20, loss: 0.6258, lr: 0.000816513593569669
2026-09-29 12:46:44 - val epoch: 86, loss: 0.8222
2026-09-29 12:46:46 - train: epoch 87, iter:0, loss: 0.6423, lr: 0.0008124681512377632
2026-09-29 12:46:49 - train: epoch 87, iter:20, loss: 0.6017, lr: 0.0008124681512377632
2026-09-29 12:46:52 - val epoch: 87, loss: 0.8256
2026-09-29 12:46:54 - train: epoch 88, iter:0, loss: 0.5776, lr: 0.000808388991558223
2026-09-29 12:46:57 - train: epoch 88, iter:20, loss: 0.6463, lr: 0.000808388991558223
2026-09-29 12:47:01 - val epoch: 88, loss: 0.8410
2026-09-29 12:47:02 - train: epoch 89, iter:0, loss: 0.5422, lr: 0.0008042765618568752
2026-09-29 12:47:05 - train: epoch 89, iter:20, loss: 0.5931, lr: 0.0008042765618568752
2026-09-29 12:47:09 - val epoch: 89, loss: 0.8577
2026-09-29 12:47:10 - train: epoch 90, iter:0, loss: 0.4963, lr: 0.0008001313131079794
2026-09-29 12:47:14 - train: epoch 90, iter:20, loss: 0.6371, lr: 0.0008001313131079794
2026-09-29 12:47:18 - val epoch: 90, loss: 0.8161, miou: 0.792876825270984, f1_or_dsc: 0.8844743979008651, accuracy: 0.945176625015712,                 specificity: 0.9718809618641129, sensitivity: 0.8621740596734218, confusion_matrix: [[38936950  1126547]
 [ 1776520 11113071]]
2026-09-29 12:47:19 - train: epoch 91, iter:0, loss: 0.6371, lr: 0.0007959536998847737
2026-09-29 12:47:22 - train: epoch 91, iter:20, loss: 0.6174, lr: 0.0007959536998847737
2026-09-29 12:47:26 - val epoch: 91, loss: 0.8147
2026-09-29 12:47:27 - train: epoch 92, iter:0, loss: 0.5785, lr: 0.0007917441803096255
2026-09-29 12:47:31 - train: epoch 92, iter:20, loss: 0.5976, lr: 0.0007917441803096255
2026-09-29 12:47:35 - val epoch: 92, loss: 0.7925
2026-09-29 12:47:36 - train: epoch 93, iter:0, loss: 0.6450, lr: 0.0007875032160037932
2026-09-29 12:47:39 - train: epoch 93, iter:20, loss: 0.6252, lr: 0.0007875032160037932
2026-09-29 12:47:43 - val epoch: 93, loss: 0.8391
2026-09-29 12:47:44 - train: epoch 94, iter:0, loss: 0.5658, lr: 0.0007832312720368042
2026-09-29 12:47:47 - train: epoch 94, iter:20, loss: 0.6210, lr: 0.0007832312720368042
2026-09-29 12:47:51 - val epoch: 94, loss: 0.9362
2026-09-29 12:47:52 - train: epoch 95, iter:0, loss: 0.6254, lr: 0.0007789288168754548
2026-09-29 12:47:55 - train: epoch 95, iter:20, loss: 0.6473, lr: 0.0007789288168754548
2026-09-29 12:47:59 - val epoch: 95, loss: 0.8101
2026-09-29 12:48:00 - train: epoch 96, iter:0, loss: 0.5611, lr: 0.0007745963223324379
2026-09-29 12:48:03 - train: epoch 96, iter:20, loss: 0.6096, lr: 0.0007745963223324379
2026-09-29 12:48:07 - val epoch: 96, loss: 0.8872
2026-09-29 12:48:08 - train: epoch 97, iter:0, loss: 0.5016, lr: 0.0007702342635146028
2026-09-29 12:48:11 - train: epoch 97, iter:20, loss: 0.6199, lr: 0.0007702342635146028
2026-09-29 12:48:15 - val epoch: 97, loss: 0.8030
2026-09-29 12:48:16 - train: epoch 98, iter:0, loss: 0.5250, lr: 0.000765843118770855
2026-09-29 12:48:19 - train: epoch 98, iter:20, loss: 0.6106, lr: 0.000765843118770855
2026-09-29 12:48:23 - val epoch: 98, loss: 0.7880
2026-09-29 12:48:25 - train: epoch 99, iter:0, loss: 0.5537, lr: 0.0007614233696396991
2026-09-29 12:48:28 - train: epoch 99, iter:20, loss: 0.6103, lr: 0.0007614233696396991
2026-09-29 12:48:32 - val epoch: 99, loss: 0.8571
2026-09-29 12:48:34 - train: epoch 100, iter:0, loss: 0.5432, lr: 0.0007569755007964334
2026-09-29 12:48:37 - train: epoch 100, iter:20, loss: 0.5939, lr: 0.0007569755007964334
2026-09-29 12:48:41 - val epoch: 100, loss: 0.7966, miou: 0.787748066946121, f1_or_dsc: 0.8812741364523171, accuracy: 0.9406521485583617,                 specificity: 0.9521598426617627, sensitivity: 0.9048838710243017, confusion_matrix: [[38146853  1916644]
 [ 1226008 11663583]]
2026-09-29 12:48:42 - train: epoch 101, iter:0, loss: 0.5243, lr: 0.0007524999999999996
2026-09-29 12:48:45 - train: epoch 101, iter:20, loss: 0.5985, lr: 0.0007524999999999996
2026-09-29 12:48:49 - val epoch: 101, loss: 0.8646
2026-09-29 12:48:50 - train: epoch 102, iter:0, loss: 0.5529, lr: 0.0007479973580394943
2026-09-29 12:48:53 - train: epoch 102, iter:20, loss: 0.6009, lr: 0.0007479973580394943
2026-09-29 12:49:10 - val epoch: 102, loss: 0.7952
2026-09-29 12:49:11 - train: epoch 103, iter:0, loss: 0.5844, lr: 0.0007434680686803487
2026-09-29 12:49:14 - train: epoch 103, iter:20, loss: 0.5931, lr: 0.0007434680686803487
2026-09-29 12:49:18 - val epoch: 103, loss: 0.7862
2026-09-29 12:49:20 - train: epoch 104, iter:0, loss: 0.5189, lr: 0.0007389126286101815
2026-09-29 12:49:23 - train: epoch 104, iter:20, loss: 0.5794, lr: 0.0007389126286101815
2026-09-29 12:49:27 - val epoch: 104, loss: 0.8121
2026-09-29 12:49:28 - train: epoch 105, iter:0, loss: 0.5484, lr: 0.0007343315373843313
2026-09-29 12:49:32 - train: epoch 105, iter:20, loss: 0.5946, lr: 0.0007343315373843313
2026-09-29 12:49:36 - val epoch: 105, loss: 0.8200
2026-09-29 12:49:37 - train: epoch 106, iter:0, loss: 0.4664, lr: 0.0007297252973710753
2026-09-29 12:49:40 - train: epoch 106, iter:20, loss: 0.5703, lr: 0.0007297252973710753
2026-09-29 12:49:44 - val epoch: 106, loss: 0.8478
2026-09-29 12:49:46 - train: epoch 107, iter:0, loss: 0.5507, lr: 0.0007250944136965387
2026-09-29 12:49:49 - train: epoch 107, iter:20, loss: 0.5774, lr: 0.0007250944136965387
2026-09-29 12:49:53 - val epoch: 107, loss: 0.8492
2026-09-29 12:49:55 - train: epoch 108, iter:0, loss: 0.5597, lr: 0.0007204393941893019
2026-09-29 12:49:58 - train: epoch 108, iter:20, loss: 0.6111, lr: 0.0007204393941893019
2026-09-29 12:50:02 - val epoch: 108, loss: 0.8581
2026-09-29 12:50:03 - train: epoch 109, iter:0, loss: 0.6699, lr: 0.0007157607493247106
2026-09-29 12:50:06 - train: epoch 109, iter:20, loss: 0.6321, lr: 0.0007157607493247106
2026-09-29 12:50:11 - val epoch: 109, loss: 0.9054
2026-09-29 12:50:12 - train: epoch 110, iter:0, loss: 0.7129, lr: 0.0007110589921688983
2026-09-29 12:50:15 - train: epoch 110, iter:20, loss: 0.6291, lr: 0.0007110589921688983
2026-09-29 12:50:19 - val epoch: 110, loss: 0.8444, miou: 0.7749459069521343, f1_or_dsc: 0.8732050975940334, accuracy: 0.9364392120059174,                 specificity: 0.9484403970027878, sensitivity: 0.8991370633870385, confusion_matrix: [[37997839  2065658]
 [ 1300082 11589509]]
2026-09-29 12:50:20 - train: epoch 111, iter:0, loss: 0.4416, lr: 0.0007063346383225208
2026-09-29 12:50:24 - train: epoch 111, iter:20, loss: 0.5727, lr: 0.0007063346383225208
2026-09-29 12:50:28 - val epoch: 111, loss: 0.8433
2026-09-29 12:50:29 - train: epoch 112, iter:0, loss: 0.5983, lr: 0.0007015882058642161
2026-09-29 12:50:32 - train: epoch 112, iter:20, loss: 0.5733, lr: 0.0007015882058642161
2026-09-29 12:50:37 - val epoch: 112, loss: 0.7746
2026-09-29 12:50:38 - train: epoch 113, iter:0, loss: 0.4473, lr: 0.0006968202152937907
2026-09-29 12:50:41 - train: epoch 113, iter:20, loss: 0.5890, lr: 0.0006968202152937907
2026-09-29 12:50:46 - val epoch: 113, loss: 0.7841
2026-09-29 12:50:58 - train: epoch 114, iter:0, loss: 0.4800, lr: 0.000692031189475141
2026-09-29 12:51:02 - train: epoch 114, iter:20, loss: 0.5981, lr: 0.000692031189475141
2026-09-29 12:51:06 - val epoch: 114, loss: 0.8431
2026-09-29 12:51:07 - train: epoch 115, iter:0, loss: 0.6952, lr: 0.0006872216535789155
2026-09-29 12:51:11 - train: epoch 115, iter:20, loss: 0.5800, lr: 0.0006872216535789155
2026-09-29 12:51:15 - val epoch: 115, loss: 0.8051
2026-09-29 12:51:16 - train: epoch 116, iter:0, loss: 0.4490, lr: 0.0006823921350249233
2026-09-29 12:51:19 - train: epoch 116, iter:20, loss: 0.5563, lr: 0.0006823921350249233
2026-09-29 12:51:23 - val epoch: 116, loss: 0.8157
2026-09-29 12:51:25 - train: epoch 117, iter:0, loss: 0.5622, lr: 0.0006775431634242984
2026-09-29 12:51:28 - train: epoch 117, iter:20, loss: 0.5664, lr: 0.0006775431634242984
2026-09-29 12:51:32 - val epoch: 117, loss: 0.8576
2026-09-29 12:51:33 - train: epoch 118, iter:0, loss: 0.5150, lr: 0.0006726752705214191
2026-09-29 12:51:37 - train: epoch 118, iter:20, loss: 0.5924, lr: 0.0006726752705214191
2026-09-29 12:51:41 - val epoch: 118, loss: 0.7740
2026-09-29 12:51:42 - train: epoch 119, iter:0, loss: 0.4857, lr: 0.0006677889901355985
2026-09-29 12:51:45 - train: epoch 119, iter:20, loss: 0.5794, lr: 0.0006677889901355985
2026-09-29 12:51:49 - val epoch: 119, loss: 0.8443
2026-09-29 12:52:04 - train: epoch 120, iter:0, loss: 0.5501, lr: 0.0006628848581025445
2026-09-29 12:52:08 - train: epoch 120, iter:20, loss: 0.5880, lr: 0.0006628848581025445
2026-09-29 12:52:11 - val epoch: 120, loss: 0.7874, miou: 0.7883567020277371, f1_or_dsc: 0.881654874705762, accuracy: 0.9415672982093131,                 specificity: 0.9568122323420744, sensitivity: 0.8941829108464342, confusion_matrix: [[38333244  1730253]
 [ 1363939 11525652]]
2026-09-29 12:52:13 - train: epoch 121, iter:0, loss: 0.5471, lr: 0.0006579634122155989
2026-09-29 12:52:15 - train: epoch 121, iter:20, loss: 0.5741, lr: 0.0006579634122155989
2026-09-29 12:52:20 - val epoch: 121, loss: 0.8020
2026-09-29 12:52:38 - train: epoch 122, iter:0, loss: 0.6419, lr: 0.0006530251921667629
2026-09-29 12:52:41 - train: epoch 122, iter:20, loss: 0.5853, lr: 0.0006530251921667629
2026-09-29 12:52:46 - val epoch: 122, loss: 0.8524
2026-09-29 12:52:47 - train: epoch 123, iter:0, loss: 0.7132, lr: 0.0006480707394875134
2026-09-29 12:52:50 - train: epoch 123, iter:20, loss: 0.5795, lr: 0.0006480707394875134
2026-09-29 12:52:54 - val epoch: 123, loss: 0.8479
2026-09-29 12:52:56 - train: epoch 124, iter:0, loss: 0.9365, lr: 0.0006431005974894185
2026-09-29 12:52:59 - train: epoch 124, iter:20, loss: 0.5925, lr: 0.0006431005974894185
2026-09-29 12:53:03 - val epoch: 124, loss: 0.7974
2026-09-29 12:53:04 - train: epoch 125, iter:0, loss: 0.4956, lr: 0.0006381153112045565
2026-09-29 12:53:07 - train: epoch 125, iter:20, loss: 0.5787, lr: 0.0006381153112045565
2026-09-29 12:53:12 - val epoch: 125, loss: 0.7953
2026-09-29 12:53:13 - train: epoch 126, iter:0, loss: 0.5781, lr: 0.0006331154273257479
2026-09-29 12:53:16 - train: epoch 126, iter:20, loss: 0.5851, lr: 0.0006331154273257479
2026-09-29 12:53:20 - val epoch: 126, loss: 0.7901
2026-09-29 12:53:22 - train: epoch 127, iter:0, loss: 0.5160, lr: 0.000628101494146603
2026-09-29 12:53:25 - train: epoch 127, iter:20, loss: 0.5902, lr: 0.000628101494146603
2026-09-29 12:53:29 - val epoch: 127, loss: 0.8047
2026-09-29 12:53:30 - train: epoch 128, iter:0, loss: 0.5691, lr: 0.0006230740615013976
2026-09-29 12:53:34 - train: epoch 128, iter:20, loss: 0.5914, lr: 0.0006230740615013976
2026-09-29 12:53:38 - val epoch: 128, loss: 0.8205
2026-09-29 12:53:39 - train: epoch 129, iter:0, loss: 0.7284, lr: 0.0006180336807047746
2026-09-29 12:53:43 - train: epoch 129, iter:20, loss: 0.5535, lr: 0.0006180336807047746
2026-09-29 12:53:47 - val epoch: 129, loss: 0.7917
2026-09-29 12:53:48 - train: epoch 130, iter:0, loss: 0.8353, lr: 0.0006129809044912887
2026-09-29 12:53:51 - train: epoch 130, iter:20, loss: 0.5787, lr: 0.0006129809044912887
2026-09-29 12:53:55 - val epoch: 130, loss: 0.8070, miou: 0.7947403380483059, f1_or_dsc: 0.8856326691944172, accuracy: 0.9432709760004931,                 specificity: 0.9564337082207277, sensitivity: 0.9023584999710231, confusion_matrix: [[38318079  1745418]
 [ 1258559 11631032]]
2026-09-29 12:53:57 - train: epoch 131, iter:0, loss: 0.5119, lr: 0.0006079162869547909
2026-09-29 12:54:00 - train: epoch 131, iter:20, loss: 0.5675, lr: 0.0006079162869547909
2026-09-29 12:54:04 - val epoch: 131, loss: 0.8592
2026-09-29 12:54:05 - train: epoch 132, iter:0, loss: 0.5040, lr: 0.0006028403834876673
2026-09-29 12:54:08 - train: epoch 132, iter:20, loss: 0.5734, lr: 0.0006028403834876673
2026-09-29 12:54:12 - val epoch: 132, loss: 0.8019
2026-09-29 12:54:14 - train: epoch 133, iter:0, loss: 0.5370, lr: 0.0005977537507199337
2026-09-29 12:54:17 - train: epoch 133, iter:20, loss: 0.5670, lr: 0.0005977537507199337
2026-09-29 12:54:21 - val epoch: 133, loss: 0.8224
2026-09-29 12:54:23 - train: epoch 134, iter:0, loss: 0.5521, lr: 0.0005926569464581937
2026-09-29 12:54:26 - train: epoch 134, iter:20, loss: 0.5764, lr: 0.0005926569464581937
2026-09-29 12:54:30 - val epoch: 134, loss: 0.8403
2026-09-29 12:54:32 - train: epoch 135, iter:0, loss: 0.6185, lr: 0.0005875505296244705
2026-09-29 12:54:35 - train: epoch 135, iter:20, loss: 0.5602, lr: 0.0005875505296244705
2026-09-29 12:54:39 - val epoch: 135, loss: 0.8122
2026-09-29 12:54:40 - train: epoch 136, iter:0, loss: 0.5987, lr: 0.0005824350601949142
2026-09-29 12:54:44 - train: epoch 136, iter:20, loss: 0.5575, lr: 0.0005824350601949142
2026-09-29 12:54:48 - val epoch: 136, loss: 0.7861
2026-09-29 12:54:49 - train: epoch 137, iter:0, loss: 0.7150, lr: 0.0005773110991383937
2026-09-29 12:54:52 - train: epoch 137, iter:20, loss: 0.5679, lr: 0.0005773110991383937
2026-09-29 12:54:56 - val epoch: 137, loss: 0.7993
2026-09-29 12:54:57 - train: epoch 138, iter:0, loss: 0.3935, lr: 0.0005721792083549806
2026-09-29 12:55:01 - train: epoch 138, iter:20, loss: 0.5712, lr: 0.0005721792083549806
2026-09-29 12:55:05 - val epoch: 138, loss: 0.8587
2026-09-29 12:55:06 - train: epoch 139, iter:0, loss: 0.5530, lr: 0.0005670399506143306
2026-09-29 12:55:09 - train: epoch 139, iter:20, loss: 0.5651, lr: 0.0005670399506143306
2026-09-29 12:55:14 - val epoch: 139, loss: 0.8344
2026-09-29 12:55:15 - train: epoch 140, iter:0, loss: 0.5553, lr: 0.000561893889493969
2026-09-29 12:55:18 - train: epoch 140, iter:20, loss: 0.5642, lr: 0.000561893889493969
2026-09-29 12:55:22 - val epoch: 140, loss: 0.8423, miou: 0.7710456620889682, f1_or_dsc: 0.8707236392533337, accuracy: 0.9329779218919206,                 specificity: 0.9348177219776895, sensitivity: 0.927259445237634, confusion_matrix: [[37452067  2611430]
 [  937596 11951995]]
2026-09-29 12:55:23 - train: epoch 141, iter:0, loss: 0.6292, lr: 0.0005567415893174885
2026-09-29 12:55:26 - train: epoch 141, iter:20, loss: 0.5769, lr: 0.0005567415893174885
2026-09-29 12:55:30 - val epoch: 141, loss: 0.7807
2026-09-29 12:55:31 - train: epoch 142, iter:0, loss: 0.4568, lr: 0.0005515836150926646
2026-09-29 12:55:34 - train: epoch 142, iter:20, loss: 0.5805, lr: 0.0005515836150926646
2026-09-29 12:55:38 - val epoch: 142, loss: 0.8431
2026-09-29 12:55:40 - train: epoch 143, iter:0, loss: 0.5062, lr: 0.0005464205324494961
2026-09-29 12:55:43 - train: epoch 143, iter:20, loss: 0.5457, lr: 0.0005464205324494961
2026-09-29 12:55:47 - val epoch: 143, loss: 0.7828
2026-09-29 12:55:49 - train: epoch 144, iter:0, loss: 0.5280, lr: 0.0005412529075781776
2026-09-29 12:55:52 - train: epoch 144, iter:20, loss: 0.5578, lr: 0.0005412529075781776
2026-09-29 12:55:56 - val epoch: 144, loss: 0.8870
2026-09-29 12:55:57 - train: epoch 145, iter:0, loss: 0.5464, lr: 0.0005360813071670101
2026-09-29 12:55:59 - train: epoch 145, iter:20, loss: 0.5604, lr: 0.0005360813071670101
2026-09-29 12:56:03 - val epoch: 145, loss: 0.8055
2026-09-29 12:56:04 - train: epoch 146, iter:0, loss: 0.4806, lr: 0.0005309062983402573
2026-09-29 12:56:07 - train: epoch 146, iter:20, loss: 0.5504, lr: 0.0005309062983402573
2026-09-29 12:56:11 - val epoch: 146, loss: 0.8316
2026-09-29 12:56:12 - train: epoch 147, iter:0, loss: 0.5858, lr: 0.0005257284485959538
2026-09-29 12:56:14 - train: epoch 147, iter:20, loss: 0.5604, lr: 0.0005257284485959538
2026-09-29 12:56:18 - val epoch: 147, loss: 0.8446
2026-09-29 12:56:19 - train: epoch 148, iter:0, loss: 0.4846, lr: 0.0005205483257436734
2026-09-29 12:56:22 - train: epoch 148, iter:20, loss: 0.5673, lr: 0.0005205483257436734
2026-09-29 12:56:26 - val epoch: 148, loss: 0.8287
2026-09-29 12:56:27 - train: epoch 149, iter:0, loss: 0.5567, lr: 0.0005153664978422616
2026-09-29 12:56:29 - train: epoch 149, iter:20, loss: 0.5493, lr: 0.0005153664978422616
2026-09-29 12:56:33 - val epoch: 149, loss: 0.8889
2026-09-29 12:56:34 - train: epoch 150, iter:0, loss: 0.7055, lr: 0.0005101835331375416
2026-09-29 12:56:38 - train: epoch 150, iter:20, loss: 0.5514, lr: 0.0005101835331375416
2026-09-29 12:56:42 - val epoch: 150, loss: 0.8979, miou: 0.7587537723797586, f1_or_dsc: 0.8628311527122909, accuracy: 0.9275283058090965,                 specificity: 0.9246743737821987, sensitivity: 0.9363989128902539, confusion_matrix: [[37045689  3017808]
 [  819792 12069799]]
2026-09-29 12:56:43 - train: epoch 151, iter:0, loss: 0.6037, lr: 0.0005049999999999999
2026-09-29 12:56:46 - train: epoch 151, iter:20, loss: 0.5630, lr: 0.0005049999999999999
2026-09-29 12:56:50 - val epoch: 151, loss: 0.8053
2026-09-29 12:56:52 - train: epoch 152, iter:0, loss: 0.5581, lr: 0.0004998164668624582
2026-09-29 12:56:55 - train: epoch 152, iter:20, loss: 0.5610, lr: 0.0004998164668624582
2026-09-29 12:56:59 - val epoch: 152, loss: 0.8368
2026-09-29 12:57:00 - train: epoch 153, iter:0, loss: 0.4408, lr: 0.0004946335021577383
2026-09-29 12:57:03 - train: epoch 153, iter:20, loss: 0.5401, lr: 0.0004946335021577383
2026-09-29 12:57:07 - val epoch: 153, loss: 0.7973
2026-09-29 12:57:09 - train: epoch 154, iter:0, loss: 0.5297, lr: 0.0004894516742563263
2026-09-29 12:57:12 - train: epoch 154, iter:20, loss: 0.5378, lr: 0.0004894516742563263
2026-09-29 12:57:15 - val epoch: 154, loss: 0.8296
2026-09-29 12:57:17 - train: epoch 155, iter:0, loss: 0.5217, lr: 0.000484271551404046
2026-09-29 12:57:20 - train: epoch 155, iter:20, loss: 0.5542, lr: 0.000484271551404046
2026-09-29 12:57:24 - val epoch: 155, loss: 0.8076
2026-09-29 12:57:25 - train: epoch 156, iter:0, loss: 0.5643, lr: 0.0004790937016597426
2026-09-29 12:57:28 - train: epoch 156, iter:20, loss: 0.5469, lr: 0.0004790937016597426
2026-09-29 12:57:32 - val epoch: 156, loss: 0.7776
2026-09-29 12:57:33 - train: epoch 157, iter:0, loss: 0.5006, lr: 0.0004739186928329898
2026-09-29 12:57:36 - train: epoch 157, iter:20, loss: 0.5470, lr: 0.0004739186928329898
2026-09-29 12:57:40 - val epoch: 157, loss: 0.8229
2026-09-29 12:57:41 - train: epoch 158, iter:0, loss: 0.5383, lr: 0.0004687470924218222
2026-09-29 12:57:44 - train: epoch 158, iter:20, loss: 0.5541, lr: 0.0004687470924218222
2026-09-29 12:57:48 - val epoch: 158, loss: 0.8200
2026-09-29 12:57:49 - train: epoch 159, iter:0, loss: 0.4760, lr: 0.00046357946755050356
2026-09-29 12:57:53 - train: epoch 159, iter:20, loss: 0.5521, lr: 0.00046357946755050356
2026-09-29 12:57:57 - val epoch: 159, loss: 0.8121
2026-09-29 12:57:58 - train: epoch 160, iter:0, loss: 0.5628, lr: 0.00045841638490733513
2026-09-29 12:58:01 - train: epoch 160, iter:20, loss: 0.5573, lr: 0.00045841638490733513
2026-09-29 12:58:05 - val epoch: 160, loss: 0.8006, miou: 0.788745864010936, f1_or_dsc: 0.8818981833923768, accuracy: 0.943245802775468,                 specificity: 0.9666417037933558, sensitivity: 0.8705265357139726, confusion_matrix: [[38727047  1336450]
 [ 1668860 11220731]]
2026-09-29 12:58:07 - train: epoch 161, iter:0, loss: 0.4928, lr: 0.00045325841068251133
2026-09-29 12:58:10 - train: epoch 161, iter:20, loss: 0.5676, lr: 0.00045325841068251133
2026-09-29 12:58:15 - val epoch: 161, loss: 0.8042
2026-09-29 12:58:16 - train: epoch 162, iter:0, loss: 0.5837, lr: 0.0004481061105060308
2026-09-29 12:58:19 - train: epoch 162, iter:20, loss: 0.5672, lr: 0.0004481061105060308
2026-09-29 12:58:24 - val epoch: 162, loss: 0.8052
2026-09-29 12:58:25 - train: epoch 163, iter:0, loss: 0.5403, lr: 0.0004429600493856691
2026-09-29 12:58:29 - train: epoch 163, iter:20, loss: 0.5491, lr: 0.0004429600493856691
2026-09-29 12:58:33 - val epoch: 163, loss: 0.8251
2026-09-29 12:58:34 - train: epoch 164, iter:0, loss: 0.6278, lr: 0.000437820791645019
2026-09-29 12:58:38 - train: epoch 164, iter:20, loss: 0.5401, lr: 0.000437820791645019
2026-09-29 12:58:42 - val epoch: 164, loss: 0.7802
2026-09-29 12:58:43 - train: epoch 165, iter:0, loss: 0.4761, lr: 0.00043268890086160604
2026-09-29 12:58:47 - train: epoch 165, iter:20, loss: 0.5427, lr: 0.00043268890086160604
2026-09-29 12:58:51 - val epoch: 165, loss: 0.7998
2026-09-29 12:58:52 - train: epoch 166, iter:0, loss: 0.4865, lr: 0.0004275649398050855
2026-09-29 12:58:55 - train: epoch 166, iter:20, loss: 0.5582, lr: 0.0004275649398050855
2026-09-29 12:59:00 - val epoch: 166, loss: 0.8124
2026-09-29 12:59:01 - train: epoch 167, iter:0, loss: 0.5166, lr: 0.0004224494703755289
2026-09-29 12:59:05 - train: epoch 167, iter:20, loss: 0.5330, lr: 0.0004224494703755289
2026-09-29 12:59:09 - val epoch: 167, loss: 0.8286
2026-09-29 12:59:11 - train: epoch 168, iter:0, loss: 0.5940, lr: 0.00041734305354180595
2026-09-29 12:59:14 - train: epoch 168, iter:20, loss: 0.5462, lr: 0.00041734305354180595
2026-09-29 12:59:19 - val epoch: 168, loss: 0.7950
2026-09-29 12:59:20 - train: epoch 169, iter:0, loss: 0.5071, lr: 0.000412246249280066
2026-09-29 12:59:24 - train: epoch 169, iter:20, loss: 0.5297, lr: 0.000412246249280066
2026-09-29 12:59:28 - val epoch: 169, loss: 0.8873
2026-09-29 12:59:30 - train: epoch 170, iter:0, loss: 0.6584, lr: 0.0004071596165123322
2026-09-29 12:59:33 - train: epoch 170, iter:20, loss: 0.5266, lr: 0.0004071596165123322
2026-09-29 12:59:37 - val epoch: 170, loss: 0.8053, miou: 0.7872279728323611, f1_or_dsc: 0.8809485804821854, accuracy: 0.9421529297781462,                 specificity: 0.9623859844286683, sensitivity: 0.8792644390345667, confusion_matrix: [[38556548  1506949]
 [ 1556232 11333359]]
2026-09-29 12:59:38 - train: epoch 171, iter:0, loss: 0.6086, lr: 0.0004020837130452088
2026-09-29 12:59:41 - train: epoch 171, iter:20, loss: 0.5467, lr: 0.0004020837130452088
2026-09-29 12:59:44 - val epoch: 171, loss: 0.8077
2026-09-29 12:59:46 - train: epoch 172, iter:0, loss: 0.4858, lr: 0.00039701909550871116
2026-09-29 12:59:49 - train: epoch 172, iter:20, loss: 0.5374, lr: 0.00039701909550871116
2026-09-29 12:59:59 - val epoch: 172, loss: 0.7892
2026-09-29 13:00:01 - train: epoch 173, iter:0, loss: 0.4747, lr: 0.0003919663192952252
2026-09-29 13:00:04 - train: epoch 173, iter:20, loss: 0.5261, lr: 0.0003919663192952252
2026-09-29 13:00:08 - val epoch: 173, loss: 0.8150
2026-09-29 13:00:10 - train: epoch 174, iter:0, loss: 0.4432, lr: 0.0003869259384986023
2026-09-29 13:00:13 - train: epoch 174, iter:20, loss: 0.5527, lr: 0.0003869259384986023
2026-09-29 13:00:17 - val epoch: 174, loss: 0.8055
2026-09-29 13:00:18 - train: epoch 175, iter:0, loss: 0.4472, lr: 0.0003818985058533967
2026-09-29 13:00:22 - train: epoch 175, iter:20, loss: 0.5293, lr: 0.0003818985058533967
2026-09-29 13:00:26 - val epoch: 175, loss: 0.7834
2026-09-29 13:00:27 - train: epoch 176, iter:0, loss: 0.6018, lr: 0.00037688457267425206
2026-09-29 13:00:30 - train: epoch 176, iter:20, loss: 0.5447, lr: 0.00037688457267425206
2026-09-29 13:00:35 - val epoch: 176, loss: 0.8388
2026-09-29 13:00:36 - train: epoch 177, iter:0, loss: 0.7132, lr: 0.0003718846887954434
2026-09-29 13:00:39 - train: epoch 177, iter:20, loss: 0.5306, lr: 0.0003718846887954434
2026-09-29 13:00:43 - val epoch: 177, loss: 0.7757
2026-09-29 13:00:44 - train: epoch 178, iter:0, loss: 0.5729, lr: 0.0003668994025105812
2026-09-29 13:00:48 - train: epoch 178, iter:20, loss: 0.5354, lr: 0.0003668994025105812
2026-09-29 13:00:52 - val epoch: 178, loss: 0.8120
2026-09-29 13:00:53 - train: epoch 179, iter:0, loss: 0.3816, lr: 0.0003619292605124862
2026-09-29 13:00:56 - train: epoch 179, iter:20, loss: 0.5403, lr: 0.0003619292605124862
2026-09-29 13:01:00 - val epoch: 179, loss: 0.8031
2026-09-29 13:01:02 - train: epoch 180, iter:0, loss: 0.6655, lr: 0.00035697480783323686
2026-09-29 13:01:05 - train: epoch 180, iter:20, loss: 0.5313, lr: 0.00035697480783323686
2026-09-29 13:01:09 - val epoch: 180, loss: 0.7906, miou: 0.7943319731277205, f1_or_dsc: 0.8853790547388077, accuracy: 0.9446294803430538,                 specificity: 0.9658894729034762, sensitivity: 0.87854905559067, confusion_matrix: [[38696910  1366587]
 [ 1565453 11324138]]
2026-09-29 13:01:11 - train: epoch 181, iter:0, loss: 0.5209, lr: 0.00035203658778440076
2026-09-29 13:01:14 - train: epoch 181, iter:20, loss: 0.5395, lr: 0.00035203658778440076
2026-09-29 13:01:18 - val epoch: 181, loss: 0.8035
2026-09-29 13:01:59 - train: epoch 182, iter:0, loss: 0.4946, lr: 0.00034711514189745505
2026-09-29 13:02:02 - train: epoch 182, iter:20, loss: 0.5102, lr: 0.00034711514189745505
2026-09-29 13:02:07 - val epoch: 182, loss: 0.8003
2026-09-29 13:02:08 - train: epoch 183, iter:0, loss: 0.5656, lr: 0.00034221100986440094
2026-09-29 13:02:11 - train: epoch 183, iter:20, loss: 0.5148, lr: 0.00034221100986440094
2026-09-29 13:02:15 - val epoch: 183, loss: 0.7870
2026-09-29 13:02:17 - train: epoch 184, iter:0, loss: 0.5181, lr: 0.0003373247294785804
2026-09-29 13:02:20 - train: epoch 184, iter:20, loss: 0.5165, lr: 0.0003373247294785804
2026-09-29 13:02:24 - val epoch: 184, loss: 0.7889
2026-09-29 13:02:25 - train: epoch 185, iter:0, loss: 0.5375, lr: 0.0003324568365757012
2026-09-29 13:02:29 - train: epoch 185, iter:20, loss: 0.5293, lr: 0.0003324568365757012
2026-09-29 13:02:33 - val epoch: 185, loss: 0.7990
2026-09-29 13:02:35 - train: epoch 186, iter:0, loss: 0.4866, lr: 0.0003276078649750761
2026-09-29 13:02:38 - train: epoch 186, iter:20, loss: 0.5360, lr: 0.0003276078649750761
2026-09-29 13:02:42 - val epoch: 186, loss: 0.7954
2026-09-29 13:02:44 - train: epoch 187, iter:0, loss: 0.5561, lr: 0.00032277834642108417
2026-09-29 13:02:47 - train: epoch 187, iter:20, loss: 0.5436, lr: 0.00032277834642108417
2026-09-29 13:03:14 - val epoch: 187, loss: 0.8533
2026-09-29 13:03:15 - train: epoch 188, iter:0, loss: 0.6275, lr: 0.00031796881052485835
2026-09-29 13:03:19 - train: epoch 188, iter:20, loss: 0.5392, lr: 0.00031796881052485835
2026-09-29 13:03:23 - val epoch: 188, loss: 0.8046
2026-09-29 13:03:24 - train: epoch 189, iter:0, loss: 0.3681, lr: 0.00031317978470620867
2026-09-29 13:03:28 - train: epoch 189, iter:20, loss: 0.5084, lr: 0.00031317978470620867
2026-09-29 13:03:32 - val epoch: 189, loss: 0.7783
2026-09-29 13:03:33 - train: epoch 190, iter:0, loss: 0.5398, lr: 0.00030841179413578315
2026-09-29 13:03:37 - train: epoch 190, iter:20, loss: 0.5323, lr: 0.00030841179413578315
2026-09-29 13:03:41 - val epoch: 190, loss: 0.8076, miou: 0.7838706862772173, f1_or_dsc: 0.8788424994113079, accuracy: 0.9388150696707244,                 specificity: 0.9475553769058153, sensitivity: 0.9116483990841913, confusion_matrix: [[37962382  2101115]
 [ 1138816 11750775]]
2026-09-29 13:03:42 - train: epoch 191, iter:0, loss: 0.4368, lr: 0.0003036653616774785
2026-09-29 13:03:46 - train: epoch 191, iter:20, loss: 0.5517, lr: 0.0003036653616774785
2026-09-29 13:04:31 - val epoch: 191, loss: 0.9126
2026-09-29 13:04:33 - train: epoch 192, iter:0, loss: 0.5726, lr: 0.0002989410078311011
2026-09-29 13:04:36 - train: epoch 192, iter:20, loss: 0.5665, lr: 0.0002989410078311011
2026-09-29 13:04:41 - val epoch: 192, loss: 0.8163
2026-09-29 13:04:42 - train: epoch 193, iter:0, loss: 0.4928, lr: 0.00029423925067528865
2026-09-29 13:04:45 - train: epoch 193, iter:20, loss: 0.5334, lr: 0.00029423925067528865
2026-09-29 13:04:50 - val epoch: 193, loss: 0.7987
2026-09-29 13:04:51 - train: epoch 194, iter:0, loss: 0.5243, lr: 0.0002895606058106975
2026-09-29 13:04:54 - train: epoch 194, iter:20, loss: 0.5332, lr: 0.0002895606058106975
2026-09-29 13:04:59 - val epoch: 194, loss: 0.8116
2026-09-29 13:05:00 - train: epoch 195, iter:0, loss: 0.4890, lr: 0.0002849055863034606
2026-09-29 13:05:03 - train: epoch 195, iter:20, loss: 0.5274, lr: 0.0002849055863034606
2026-09-29 13:05:08 - val epoch: 195, loss: 0.8335
2026-09-29 13:05:09 - train: epoch 196, iter:0, loss: 0.6338, lr: 0.00028027470262892396
2026-09-29 13:05:12 - train: epoch 196, iter:20, loss: 0.5388, lr: 0.00028027470262892396
2026-09-29 13:05:16 - val epoch: 196, loss: 0.8222
2026-09-29 13:05:18 - train: epoch 197, iter:0, loss: 0.5460, lr: 0.0002756684626156682
2026-09-29 13:05:21 - train: epoch 197, iter:20, loss: 0.5399, lr: 0.0002756684626156682
2026-09-29 13:05:25 - val epoch: 197, loss: 0.8009
2026-09-29 13:05:27 - train: epoch 198, iter:0, loss: 0.4746, lr: 0.000271087371389818
2026-09-29 13:05:30 - train: epoch 198, iter:20, loss: 0.5203, lr: 0.000271087371389818
2026-09-29 13:05:53 - val epoch: 198, loss: 0.7940
2026-09-29 13:05:55 - train: epoch 199, iter:0, loss: 0.4568, lr: 0.0002665319313196505
2026-09-29 13:05:58 - train: epoch 199, iter:20, loss: 0.5222, lr: 0.0002665319313196505
2026-09-29 13:06:02 - val epoch: 199, loss: 0.8335
2026-09-29 13:06:03 - train: epoch 200, iter:0, loss: 0.4547, lr: 0.00026200264196050494
2026-09-29 13:06:07 - train: epoch 200, iter:20, loss: 0.5493, lr: 0.00026200264196050494
2026-09-29 13:06:10 - val epoch: 200, loss: 0.8056, miou: 0.7873834785457976, f1_or_dsc: 0.8810459400535661, accuracy: 0.941806453289372,                 specificity: 0.9599692957407088, sensitivity: 0.8853526073868442, confusion_matrix: [[38459727  1603770]
 [ 1477758 11411833]]
2026-09-29 13:06:12 - train: epoch 201, iter:0, loss: 0.4982, lr: 0.00025749999999999954
2026-09-29 13:06:15 - train: epoch 201, iter:20, loss: 0.5062, lr: 0.00025749999999999954
2026-09-29 13:06:19 - val epoch: 201, loss: 0.7901
2026-09-29 13:06:20 - train: epoch 202, iter:0, loss: 0.5436, lr: 0.0002530244992035658
2026-09-29 13:06:24 - train: epoch 202, iter:20, loss: 0.5172, lr: 0.0002530244992035658
2026-09-29 13:06:28 - val epoch: 202, loss: 0.7983
2026-09-29 13:06:29 - train: epoch 203, iter:0, loss: 0.4885, lr: 0.0002485766303603003
2026-09-29 13:06:32 - train: epoch 203, iter:20, loss: 0.5136, lr: 0.0002485766303603003
2026-09-29 13:06:36 - val epoch: 203, loss: 0.7969
2026-09-29 13:06:37 - train: epoch 204, iter:0, loss: 0.4902, lr: 0.0002441568812291443
2026-09-29 13:06:40 - train: epoch 204, iter:20, loss: 0.5142, lr: 0.0002441568812291443
2026-09-29 13:06:44 - val epoch: 204, loss: 0.7871
2026-09-29 13:06:45 - train: epoch 205, iter:0, loss: 0.5163, lr: 0.00023976573648539645
2026-09-29 13:06:48 - train: epoch 205, iter:20, loss: 0.5182, lr: 0.00023976573648539645
2026-09-29 13:07:11 - val epoch: 205, loss: 0.7901
2026-09-29 13:07:12 - train: epoch 206, iter:0, loss: 0.5206, lr: 0.00023540367766756144
2026-09-29 13:07:15 - train: epoch 206, iter:20, loss: 0.5185, lr: 0.00023540367766756144
2026-09-29 13:07:18 - val epoch: 206, loss: 0.7962
2026-09-29 13:07:19 - train: epoch 207, iter:0, loss: 0.5216, lr: 0.0002310711831245444
2026-09-29 13:07:22 - train: epoch 207, iter:20, loss: 0.5115, lr: 0.0002310711831245444
2026-09-29 13:07:25 - val epoch: 207, loss: 0.8024
2026-09-29 13:07:27 - train: epoch 208, iter:0, loss: 0.5432, lr: 0.00022676872796319514
2026-09-29 13:07:29 - train: epoch 208, iter:20, loss: 0.5253, lr: 0.00022676872796319514
2026-09-29 13:07:33 - val epoch: 208, loss: 0.7946
2026-09-29 13:07:34 - train: epoch 209, iter:0, loss: 0.6210, lr: 0.00022249678399620604
2026-09-29 13:07:36 - train: epoch 209, iter:20, loss: 0.5229, lr: 0.00022249678399620604
2026-09-29 13:07:40 - val epoch: 209, loss: 0.7939
2026-09-29 13:07:41 - train: epoch 210, iter:0, loss: 0.4905, lr: 0.0002182558196903736
2026-09-29 13:07:43 - train: epoch 210, iter:20, loss: 0.5200, lr: 0.0002182558196903736
2026-09-29 13:07:47 - val epoch: 210, loss: 0.8173, miou: 0.7807493445408942, f1_or_dsc: 0.8768773066623634, accuracy: 0.9377122066988803,                 specificity: 0.9462337748499589, sensitivity: 0.9112254221254965, confusion_matrix: [[37909434  2154063]
 [ 1144268 11745323]]
2026-09-29 13:07:48 - train: epoch 211, iter:0, loss: 0.6254, lr: 0.00021404630011522552
2026-09-29 13:07:50 - train: epoch 211, iter:20, loss: 0.5337, lr: 0.00021404630011522552
2026-09-29 13:07:54 - val epoch: 211, loss: 0.8354
2026-09-29 13:07:55 - train: epoch 212, iter:0, loss: 0.5156, lr: 0.0002098686868920198
2026-09-29 13:07:57 - train: epoch 212, iter:20, loss: 0.5290, lr: 0.0002098686868920198
2026-09-29 13:08:01 - val epoch: 212, loss: 0.8128
2026-09-29 13:08:02 - train: epoch 213, iter:0, loss: 0.4820, lr: 0.00020572343814312415
2026-09-29 13:08:05 - train: epoch 213, iter:20, loss: 0.5463, lr: 0.00020572343814312415
2026-09-29 13:08:09 - val epoch: 213, loss: 0.8380
2026-09-29 13:08:10 - train: epoch 214, iter:0, loss: 0.5338, lr: 0.00020161100844177644
2026-09-29 13:08:13 - train: epoch 214, iter:20, loss: 0.5222, lr: 0.00020161100844177644
2026-09-29 13:08:16 - val epoch: 214, loss: 0.8170
2026-09-29 13:08:17 - train: epoch 215, iter:0, loss: 0.5849, lr: 0.0001975318487622361
2026-09-29 13:08:20 - train: epoch 215, iter:20, loss: 0.5277, lr: 0.0001975318487622361
2026-09-29 13:08:24 - val epoch: 215, loss: 0.7895
2026-09-29 13:08:25 - train: epoch 216, iter:0, loss: 0.5141, lr: 0.00019348640643033024
2026-09-29 13:08:28 - train: epoch 216, iter:20, loss: 0.5293, lr: 0.00019348640643033024
2026-09-29 13:08:31 - val epoch: 216, loss: 0.8114
2026-09-29 13:08:33 - train: epoch 217, iter:0, loss: 0.4355, lr: 0.00018947512507439828
2026-09-29 13:08:35 - train: epoch 217, iter:20, loss: 0.5093, lr: 0.00018947512507439828
2026-09-29 13:08:39 - val epoch: 217, loss: 0.7895
2026-09-29 13:08:40 - train: epoch 218, iter:0, loss: 0.4825, lr: 0.00018549844457664425
2026-09-29 13:08:42 - train: epoch 218, iter:20, loss: 0.5246, lr: 0.00018549844457664425
2026-09-29 13:08:46 - val epoch: 218, loss: 0.8273
2026-09-29 13:08:47 - train: epoch 219, iter:0, loss: 0.4542, lr: 0.00018155680102489765
2026-09-29 13:08:50 - train: epoch 219, iter:20, loss: 0.5327, lr: 0.00018155680102489765
2026-09-29 13:08:53 - val epoch: 219, loss: 0.7944
2026-09-29 13:08:55 - train: epoch 220, iter:0, loss: 0.3952, lr: 0.00017765062666479195
2026-09-29 13:08:57 - train: epoch 220, iter:20, loss: 0.4986, lr: 0.00017765062666479195
2026-09-29 13:09:01 - val epoch: 220, loss: 0.8033, miou: 0.7910717599204331, f1_or_dsc: 0.8833501567302651, accuracy: 0.9440135389271349,                 specificity: 0.9675455689751696, sensitivity: 0.8708711548721756, confusion_matrix: [[38763259  1300238]
 [ 1664418 11225173]]
2026-09-29 13:09:02 - train: epoch 221, iter:0, loss: 0.5179, lr: 0.00017378034985236489
2026-09-29 13:09:05 - train: epoch 221, iter:20, loss: 0.5214, lr: 0.00017378034985236489
2026-09-29 13:09:08 - val epoch: 221, loss: 0.8134
2026-09-29 13:09:09 - train: epoch 222, iter:0, loss: 0.5460, lr: 0.0001699463950070827
2026-09-29 13:09:12 - train: epoch 222, iter:20, loss: 0.5129, lr: 0.0001699463950070827
2026-09-29 13:09:15 - val epoch: 222, loss: 0.8073
2026-09-29 13:09:16 - train: epoch 223, iter:0, loss: 0.5014, lr: 0.0001661491825652988
2026-09-29 13:09:19 - train: epoch 223, iter:20, loss: 0.5222, lr: 0.0001661491825652988
2026-09-29 13:09:23 - val epoch: 223, loss: 0.8364
2026-09-29 13:09:24 - train: epoch 224, iter:0, loss: 0.6170, lr: 0.0001623891289341484
2026-09-29 13:09:27 - train: epoch 224, iter:20, loss: 0.5086, lr: 0.0001623891289341484
2026-09-29 13:09:30 - val epoch: 224, loss: 0.8064
2026-09-29 13:09:56 - train: epoch 225, iter:0, loss: 0.5436, lr: 0.0001586666464458838
2026-09-29 13:09:59 - train: epoch 225, iter:20, loss: 0.5241, lr: 0.0001586666464458838
2026-09-29 13:10:02 - val epoch: 225, loss: 0.8047
2026-09-29 13:10:03 - train: epoch 226, iter:0, loss: 0.5253, lr: 0.00015498214331265874
2026-09-29 13:10:06 - train: epoch 226, iter:20, loss: 0.5081, lr: 0.00015498214331265874
2026-09-29 13:10:10 - val epoch: 226, loss: 0.7940
2026-09-29 13:10:11 - train: epoch 227, iter:0, loss: 0.5166, lr: 0.00015133602358176218
2026-09-29 13:10:13 - train: epoch 227, iter:20, loss: 0.5262, lr: 0.00015133602358176218
2026-09-29 13:10:17 - val epoch: 227, loss: 0.8193
2026-09-29 13:10:18 - train: epoch 228, iter:0, loss: 0.6279, lr: 0.00014772868709131046
2026-09-29 13:10:21 - train: epoch 228, iter:20, loss: 0.5176, lr: 0.00014772868709131046
2026-09-29 13:10:25 - val epoch: 228, loss: 0.8129
2026-09-29 13:10:26 - train: epoch 229, iter:0, loss: 0.4047, lr: 0.00014416052942640113
2026-09-29 13:10:29 - train: epoch 229, iter:20, loss: 0.5000, lr: 0.00014416052942640113
2026-09-29 13:10:32 - val epoch: 229, loss: 0.7976
2026-09-29 13:10:33 - train: epoch 230, iter:0, loss: 0.4956, lr: 0.0001406319418757314
2026-09-29 13:10:36 - train: epoch 230, iter:20, loss: 0.4875, lr: 0.0001406319418757314
2026-09-29 13:10:40 - val epoch: 230, loss: 0.8156, miou: 0.7848777596723272, f1_or_dsc: 0.8794750849676307, accuracy: 0.9402076419037168,                 specificity: 0.9543598003938598, sensitivity: 0.8962198257493197, confusion_matrix: [[38234991  1828506]
 [ 1337684 11551907]]
2026-09-29 13:10:41 - train: epoch 231, iter:0, loss: 0.5225, lr: 0.00013714331138868954
2026-09-29 13:10:43 - train: epoch 231, iter:20, loss: 0.5233, lr: 0.00013714331138868954
2026-09-29 13:10:47 - val epoch: 231, loss: 0.8014
2026-09-29 13:10:48 - train: epoch 232, iter:0, loss: 0.5329, lr: 0.00013369502053292226
2026-09-29 13:10:51 - train: epoch 232, iter:20, loss: 0.5304, lr: 0.00013369502053292226
2026-09-29 13:10:54 - val epoch: 232, loss: 0.7982
2026-09-29 13:10:55 - train: epoch 233, iter:0, loss: 0.4525, lr: 0.0001302874474523804
2026-09-29 13:10:58 - train: epoch 233, iter:20, loss: 0.5054, lr: 0.0001302874474523804
2026-09-29 13:11:01 - val epoch: 233, loss: 0.8376
2026-09-29 13:11:03 - train: epoch 234, iter:0, loss: 0.5133, lr: 0.00012692096582585187
2026-09-29 13:11:05 - train: epoch 234, iter:20, loss: 0.5014, lr: 0.00012692096582585187
2026-09-29 13:11:09 - val epoch: 234, loss: 0.8246
2026-09-29 13:11:10 - train: epoch 235, iter:0, loss: 0.5540, lr: 0.00012359594482598416
2026-09-29 13:11:13 - train: epoch 235, iter:20, loss: 0.5108, lr: 0.00012359594482598416
2026-09-29 13:11:17 - val epoch: 235, loss: 0.7971
2026-09-29 13:11:18 - train: epoch 236, iter:0, loss: 0.5129, lr: 0.00012031274907879919
2026-09-29 13:11:20 - train: epoch 236, iter:20, loss: 0.5185, lr: 0.00012031274907879919
2026-09-29 13:11:24 - val epoch: 236, loss: 0.8038
2026-09-29 13:11:25 - train: epoch 237, iter:0, loss: 0.4295, lr: 0.00011707173862370913
2026-09-29 13:11:28 - train: epoch 237, iter:20, loss: 0.5245, lr: 0.00011707173862370913
2026-09-29 13:11:31 - val epoch: 237, loss: 0.8021
2026-09-29 13:11:32 - train: epoch 238, iter:0, loss: 0.5532, lr: 0.00011387326887403316
2026-09-29 13:11:35 - train: epoch 238, iter:20, loss: 0.5058, lr: 0.00011387326887403316
2026-09-29 13:11:39 - val epoch: 238, loss: 0.8091
2026-09-29 13:11:40 - train: epoch 239, iter:0, loss: 0.5183, lr: 0.00011071769057802265
2026-09-29 13:11:42 - train: epoch 239, iter:20, loss: 0.5011, lr: 0.00011071769057802265
2026-09-29 13:11:46 - val epoch: 239, loss: 0.8166
2026-09-29 13:11:47 - train: epoch 240, iter:0, loss: 0.4852, lr: 0.0001076053497803982
2026-09-29 13:11:50 - train: epoch 240, iter:20, loss: 0.5063, lr: 0.0001076053497803982
2026-09-29 13:11:54 - val epoch: 240, loss: 0.8124, miou: 0.7850860903843105, f1_or_dsc: 0.8796058572337984, accuracy: 0.941283915302541,                 specificity: 0.9606228083384732, sensitivity: 0.8811746625629937, confusion_matrix: [[38485909  1577588]
 [ 1531610 11357981]]
2026-09-29 13:11:55 - train: epoch 241, iter:0, loss: 0.5354, lr: 0.00010453658778440088
2026-09-29 13:11:57 - train: epoch 241, iter:20, loss: 0.5071, lr: 0.00010453658778440088
2026-09-29 13:12:01 - val epoch: 241, loss: 0.8039
2026-09-29 13:12:02 - train: epoch 242, iter:0, loss: 0.5312, lr: 0.00010151174111436543
2026-09-29 13:12:05 - train: epoch 242, iter:20, loss: 0.5035, lr: 0.00010151174111436543
2026-09-29 13:12:08 - val epoch: 242, loss: 0.8130
2026-09-29 13:12:09 - train: epoch 243, iter:0, loss: 0.5523, lr: 9.853114147881633e-05
2026-09-29 13:12:12 - train: epoch 243, iter:20, loss: 0.5088, lr: 9.853114147881633e-05
2026-09-29 13:12:16 - val epoch: 243, loss: 0.8224
2026-09-29 13:12:17 - train: epoch 244, iter:0, loss: 0.4353, lr: 9.559511573409167e-05
2026-09-29 13:12:19 - train: epoch 244, iter:20, loss: 0.4981, lr: 9.559511573409167e-05
2026-09-29 13:12:41 - val epoch: 244, loss: 0.8200
2026-09-29 13:12:42 - train: epoch 245, iter:0, loss: 0.5861, lr: 9.270398584850061e-05
2026-09-29 13:12:45 - train: epoch 245, iter:20, loss: 0.5187, lr: 9.270398584850061e-05
2026-09-29 13:12:49 - val epoch: 245, loss: 0.8148
2026-09-29 13:12:50 - train: epoch 246, iter:0, loss: 0.7085, lr: 8.985806886701499e-05
2026-09-29 13:12:53 - train: epoch 246, iter:20, loss: 0.5260, lr: 8.985806886701499e-05
2026-09-29 13:13:07 - val epoch: 246, loss: 0.8123
2026-09-29 13:13:09 - train: epoch 247, iter:0, loss: 0.5089, lr: 8.705767687650239e-05
2026-09-29 13:13:11 - train: epoch 247, iter:20, loss: 0.4930, lr: 8.705767687650239e-05
2026-09-29 13:13:15 - val epoch: 247, loss: 0.8072
2026-09-29 13:13:16 - train: epoch 248, iter:0, loss: 0.5495, lr: 8.430311697150229e-05
2026-09-29 13:13:19 - train: epoch 248, iter:20, loss: 0.5166, lr: 8.430311697150229e-05
2026-09-29 13:13:22 - val epoch: 248, loss: 0.8059
2026-09-29 13:13:23 - train: epoch 249, iter:0, loss: 0.4730, lr: 8.159469122054909e-05
2026-09-29 13:13:26 - train: epoch 249, iter:20, loss: 0.5123, lr: 8.159469122054909e-05
2026-09-29 13:13:30 - val epoch: 249, loss: 0.8005
2026-09-29 13:13:31 - train: epoch 250, iter:0, loss: 0.5344, lr: 7.893269663304782e-05
2026-09-29 13:13:33 - train: epoch 250, iter:20, loss: 0.5295, lr: 7.893269663304782e-05
2026-09-29 13:13:37 - val epoch: 250, loss: 0.8194, miou: 0.7862600855289152, f1_or_dsc: 0.8803422210445934, accuracy: 0.9421786317730895,                 specificity: 0.9641721490263319, sensitivity: 0.873818261572458, confusion_matrix: [[38628108  1435389]
 [ 1626431 11263160]]
2026-09-29 13:14:00 - train: epoch 251, iter:0, loss: 0.7390, lr: 7.631742512670282e-05
2026-09-29 13:14:03 - train: epoch 251, iter:20, loss: 0.5144, lr: 7.631742512670282e-05
2026-09-29 13:14:06 - val epoch: 251, loss: 0.8161
2026-09-29 13:14:07 - train: epoch 252, iter:0, loss: 0.4469, lr: 7.374916349550603e-05
2026-09-29 13:14:10 - train: epoch 252, iter:20, loss: 0.4855, lr: 7.374916349550603e-05
2026-09-29 13:14:14 - val epoch: 252, loss: 0.8221
2026-09-29 13:14:15 - train: epoch 253, iter:0, loss: 0.5502, lr: 7.122819337828741e-05
2026-09-29 13:14:18 - train: epoch 253, iter:20, loss: 0.4968, lr: 7.122819337828741e-05
