2026-09-30 10:10:06 - #----------Config info----------#
2026-09-30 10:10:06 - network: ege_dual,
2026-09-30 10:10:06 - seed: 42,
2026-09-30 10:10:06 - wave_mode: full,
2026-09-30 10:10:06 - fusion_type: scale_cond,
2026-09-30 10:10:06 - diff_lr: True,
2026-09-30 10:10:06 - work_dir: /home/featurize/work/EGE-UNet-main/results/rebatch8_20260930/dual_scf_seed42/,
2026-09-30 10:10:06 - epochs: 300,
2026-09-30 10:10:06 - val_interval: 10,
2026-09-30 10:10:06 - save_interval: 10,
2026-09-30 10:10:06 - num_workers: 4,
2026-09-30 10:10:06 - batch_size: 64,
2026-09-30 10:10:06 - val_batch_size: 8,
2026-09-30 10:10:06 - gradient_accumulation_steps: 1,
2026-09-30 10:10:06 - [diff-lr] group1 82,370 lr=0.001; group2 5,259,408 lr=0.0001
2026-09-30 10:10:08 - train: epoch 1, iter:0, loss: 7.0487, lr: 0.001
2026-09-30 10:10:11 - train: epoch 1, iter:20, loss: 2.9543, lr: 0.001
2026-09-30 10:10:15 - val epoch: 1, loss: 1.9464
2026-09-30 10:10:15 - train gamma: g2=0.100 g3=0.100 g4=0.100 g5=0.100
2026-09-30 10:10:16 - train: epoch 2, iter:0, loss: 1.8613, lr: 0.0009999728588359286
2026-09-30 10:10:19 - train: epoch 2, iter:20, loss: 1.6465, lr: 0.0009999728588359286
2026-09-30 10:10:23 - val epoch: 2, loss: 1.3893
2026-09-30 10:10:23 - train gamma: g2=0.101 g3=0.098 g4=0.099 g5=0.098
2026-09-30 10:10:24 - train: epoch 3, iter:0, loss: 1.7383, lr: 0.0009998914383200486
2026-09-30 10:10:27 - train: epoch 3, iter:20, loss: 1.3443, lr: 0.0009998914383200486
2026-09-30 10:10:30 - val epoch: 3, loss: 1.3267
2026-09-30 10:10:30 - train gamma: g2=0.101 g3=0.094 g4=0.098 g5=0.088
2026-09-30 10:10:32 - train: epoch 4, iter:0, loss: 1.4097, lr: 0.0009997557473810372
2026-09-30 10:10:35 - train: epoch 4, iter:20, loss: 1.2247, lr: 0.0009997557473810372
2026-09-30 10:10:39 - val epoch: 4, loss: 1.1759
2026-09-30 10:10:39 - train gamma: g2=0.102 g3=0.094 g4=0.095 g5=0.088
2026-09-30 10:10:40 - train: epoch 5, iter:0, loss: 0.9581, lr: 0.000999565800898935
2026-09-30 10:10:43 - train: epoch 5, iter:20, loss: 1.0967, lr: 0.000999565800898935
2026-09-30 10:10:46 - val epoch: 5, loss: 1.3322
2026-09-30 10:10:46 - train gamma: g2=0.102 g3=0.094 g4=0.095 g5=0.091
2026-09-30 10:10:47 - train: epoch 6, iter:0, loss: 1.1496, lr: 0.0009993216197035143
2026-09-30 10:10:51 - train: epoch 6, iter:20, loss: 1.1506, lr: 0.0009993216197035143
2026-09-30 10:10:54 - val epoch: 6, loss: 1.0987
2026-09-30 10:10:54 - train gamma: g2=0.102 g3=0.093 g4=0.092 g5=0.080
2026-09-30 10:10:55 - train: epoch 7, iter:0, loss: 0.9295, lr: 0.0009990232305719946
2026-09-30 10:10:58 - train: epoch 7, iter:20, loss: 1.1016, lr: 0.0009990232305719946
2026-09-30 10:11:02 - val epoch: 7, loss: 1.2933
2026-09-30 10:11:02 - train gamma: g2=0.102 g3=0.092 g4=0.091 g5=0.072
2026-09-30 10:11:03 - train: epoch 8, iter:0, loss: 1.5045, lr: 0.0009986706662261067
2026-09-30 10:11:06 - train: epoch 8, iter:20, loss: 1.0555, lr: 0.0009986706662261067
2026-09-30 10:11:10 - val epoch: 8, loss: 1.1972
2026-09-30 10:11:10 - train gamma: g2=0.102 g3=0.093 g4=0.089 g5=0.086
2026-09-30 10:11:11 - train: epoch 9, iter:0, loss: 0.9630, lr: 0.0009982639653285047
2026-09-30 10:11:14 - train: epoch 9, iter:20, loss: 0.9450, lr: 0.0009982639653285047
2026-09-30 10:11:17 - val epoch: 9, loss: 1.1372
2026-09-30 10:11:17 - train gamma: g2=0.102 g3=0.093 g4=0.089 g5=0.078
2026-09-30 10:11:18 - train: epoch 10, iter:0, loss: 0.9996, lr: 0.0009978031724785245
2026-09-30 10:11:21 - train: epoch 10, iter:20, loss: 0.9079, lr: 0.0009978031724785245
2026-09-30 10:11:25 - val epoch: 10, loss: 1.2386, miou: 0.6925144776520042, f1_or_dsc: 0.8183262084856343, accuracy: 0.9216041376095007,                 specificity: 0.9847437930842632, sensitivity: 0.7253531163246375, confusion_matrix: [[39452280   611217]
 [ 3540086  9349505]]
2026-09-30 10:11:25 - train gamma: g2=0.102 g3=0.093 g4=0.089 g5=0.083
2026-09-30 10:11:26 - train: epoch 11, iter:0, loss: 0.9230, lr: 0.0009972883382072953
2026-09-30 10:11:29 - train: epoch 11, iter:20, loss: 0.9552, lr: 0.0009972883382072953
2026-09-30 10:11:33 - val epoch: 11, loss: 1.0222
2026-09-30 10:11:33 - train gamma: g2=0.102 g3=0.092 g4=0.089 g5=0.076
2026-09-30 10:11:34 - train: epoch 12, iter:0, loss: 0.7325, lr: 0.0009967195189721962
2026-09-30 10:11:37 - train: epoch 12, iter:20, loss: 0.9363, lr: 0.0009967195189721962
2026-09-30 10:11:40 - val epoch: 12, loss: 0.9822
2026-09-30 10:11:40 - train gamma: g2=0.102 g3=0.092 g4=0.091 g5=0.076
2026-09-30 10:11:42 - train: epoch 13, iter:0, loss: 0.8189, lr: 0.0009960967771506667
2026-09-30 10:11:45 - train: epoch 13, iter:20, loss: 0.8941, lr: 0.0009960967771506667
2026-09-30 10:11:48 - val epoch: 13, loss: 1.0083
2026-09-30 10:11:48 - train gamma: g2=0.103 g3=0.093 g4=0.092 g5=0.070
2026-09-30 10:11:49 - train: epoch 14, iter:0, loss: 1.0558, lr: 0.0009954201810333646
2026-09-30 10:11:53 - train: epoch 14, iter:20, loss: 0.8883, lr: 0.0009954201810333646
2026-09-30 10:11:56 - val epoch: 14, loss: 1.0022
2026-09-30 10:11:56 - train gamma: g2=0.103 g3=0.093 g4=0.091 g5=0.070
2026-09-30 10:11:57 - train: epoch 15, iter:0, loss: 0.8504, lr: 0.0009946898048166792
2026-09-30 10:12:00 - train: epoch 15, iter:20, loss: 0.8638, lr: 0.0009946898048166792
2026-09-30 10:12:04 - val epoch: 15, loss: 1.0622
2026-09-30 10:12:04 - train gamma: g2=0.103 g3=0.093 g4=0.090 g5=0.073
2026-09-30 10:12:05 - train: epoch 16, iter:0, loss: 0.8471, lr: 0.000993905728594593
2026-09-30 10:12:08 - train: epoch 16, iter:20, loss: 0.9429, lr: 0.000993905728594593
2026-09-30 10:12:11 - val epoch: 16, loss: 1.0099
2026-09-30 10:12:11 - train gamma: g2=0.103 g3=0.094 g4=0.089 g5=0.069
2026-09-30 10:12:12 - train: epoch 17, iter:0, loss: 0.9408, lr: 0.0009930680383498998
2026-09-30 10:12:16 - train: epoch 17, iter:20, loss: 0.8351, lr: 0.0009930680383498998
2026-09-30 10:12:19 - val epoch: 17, loss: 1.1335
2026-09-30 10:12:19 - train gamma: g2=0.103 g3=0.093 g4=0.088 g5=0.071
2026-09-30 10:12:20 - train: epoch 18, iter:0, loss: 1.0623, lr: 0.0009921768259447744
2026-09-30 10:12:23 - train: epoch 18, iter:20, loss: 0.8224, lr: 0.0009921768259447744
2026-09-30 10:12:27 - val epoch: 18, loss: 1.0034
2026-09-30 10:12:27 - train gamma: g2=0.103 g3=0.094 g4=0.088 g5=0.066
2026-09-30 10:12:28 - train: epoch 19, iter:0, loss: 0.8937, lr: 0.0009912321891107007
2026-09-30 10:12:31 - train: epoch 19, iter:20, loss: 0.8036, lr: 0.0009912321891107007
2026-09-30 10:12:35 - val epoch: 19, loss: 0.9842
2026-09-30 10:12:35 - train gamma: g2=0.103 g3=0.094 g4=0.085 g5=0.065
2026-09-30 10:12:55 - train: epoch 20, iter:0, loss: 0.8403, lr: 0.0009902342314377522
2026-09-30 10:12:58 - train: epoch 20, iter:20, loss: 0.7505, lr: 0.0009902342314377522
2026-09-30 10:13:02 - val epoch: 20, loss: 1.1217, miou: 0.7301600207618685, f1_or_dsc: 0.8440375595320317, accuracy: 0.9307461351451307,                 specificity: 0.9825100639617156, sensitivity: 0.7698532094618052, confusion_matrix: [[39362789   700708]
 [ 2966498  9923093]]
2026-09-30 10:13:02 - train gamma: g2=0.103 g3=0.094 g4=0.086 g5=0.072
2026-09-30 10:13:03 - train: epoch 21, iter:0, loss: 0.9939, lr: 0.0009891830623632338
2026-09-30 10:13:06 - train: epoch 21, iter:20, loss: 0.7898, lr: 0.0009891830623632338
2026-09-30 10:13:10 - val epoch: 21, loss: 0.9720
2026-09-30 10:13:10 - train gamma: g2=0.103 g3=0.095 g4=0.084 g5=0.059
2026-09-30 10:13:11 - train: epoch 22, iter:0, loss: 0.8301, lr: 0.00098807879715968
2026-09-30 10:13:14 - train: epoch 22, iter:20, loss: 0.7700, lr: 0.00098807879715968
2026-09-30 10:13:44 - val epoch: 22, loss: 0.9814
2026-09-30 10:13:44 - train gamma: g2=0.103 g3=0.096 g4=0.082 g5=0.060
2026-09-30 10:13:46 - train: epoch 23, iter:0, loss: 0.7763, lr: 0.0009869215569222143
2026-09-30 10:13:49 - train: epoch 23, iter:20, loss: 0.7737, lr: 0.0009869215569222143
2026-09-30 10:13:52 - val epoch: 23, loss: 0.9189
2026-09-30 10:13:52 - train gamma: g2=0.103 g3=0.095 g4=0.081 g5=0.060
2026-09-30 10:13:53 - train: epoch 24, iter:0, loss: 0.6594, lr: 0.0009857114685552697
2026-09-30 10:13:56 - train: epoch 24, iter:20, loss: 0.8650, lr: 0.0009857114685552697
2026-09-30 10:13:59 - val epoch: 24, loss: 1.0585
2026-09-30 10:13:59 - train gamma: g2=0.103 g3=0.095 g4=0.082 g5=0.057
2026-09-30 10:14:01 - train: epoch 25, iter:0, loss: 0.6188, lr: 0.0009844486647586721
2026-09-30 10:14:04 - train: epoch 25, iter:20, loss: 0.7357, lr: 0.0009844486647586721
2026-09-30 10:14:07 - val epoch: 25, loss: 0.9496
2026-09-30 10:14:07 - train gamma: g2=0.103 g3=0.094 g4=0.080 g5=0.058
2026-09-30 10:14:08 - train: epoch 26, iter:0, loss: 0.7205, lr: 0.0009831332840130884
2026-09-30 10:14:11 - train: epoch 26, iter:20, loss: 0.7622, lr: 0.0009831332840130884
2026-09-30 10:14:15 - val epoch: 26, loss: 0.9575
2026-09-30 10:14:15 - train gamma: g2=0.103 g3=0.096 g4=0.078 g5=0.053
2026-09-30 10:14:16 - train: epoch 27, iter:0, loss: 0.7283, lr: 0.0009817654705648405
2026-09-30 10:14:19 - train: epoch 27, iter:20, loss: 0.7527, lr: 0.0009817654705648405
2026-09-30 10:14:22 - val epoch: 27, loss: 0.9855
2026-09-30 10:14:22 - train gamma: g2=0.104 g3=0.097 g4=0.078 g5=0.054
2026-09-30 10:14:23 - train: epoch 28, iter:0, loss: 0.6911, lr: 0.0009803453744100864
2026-09-30 10:14:26 - train: epoch 28, iter:20, loss: 0.7318, lr: 0.0009803453744100864
2026-09-30 10:14:30 - val epoch: 28, loss: 0.9628
2026-09-30 10:14:30 - train gamma: g2=0.104 g3=0.096 g4=0.079 g5=0.053
2026-09-30 10:14:31 - train: epoch 29, iter:0, loss: 0.7356, lr: 0.0009788731512783728
2026-09-30 10:14:34 - train: epoch 29, iter:20, loss: 0.7230, lr: 0.0009788731512783728
2026-09-30 10:14:38 - val epoch: 29, loss: 0.9764
2026-09-30 10:14:38 - train gamma: g2=0.104 g3=0.097 g4=0.078 g5=0.052
2026-09-30 10:14:39 - train: epoch 30, iter:0, loss: 0.7649, lr: 0.0009773489626155566
2026-09-30 10:14:42 - train: epoch 30, iter:20, loss: 0.6948, lr: 0.0009773489626155566
2026-09-30 10:14:45 - val epoch: 30, loss: 1.0615, miou: 0.7376343558660363, f1_or_dsc: 0.8490098660582704, accuracy: 0.9331221061177774,                 specificity: 0.9848158287330734, sensitivity: 0.7724473957319514, confusion_matrix: [[39455166   608331]
 [ 2933060  9956531]]
2026-09-30 10:14:45 - train gamma: g2=0.104 g3=0.095 g4=0.078 g5=0.054
2026-09-30 10:14:46 - train: epoch 31, iter:0, loss: 0.7659, lr: 0.0009757729755661006
2026-09-30 10:14:49 - train: epoch 31, iter:20, loss: 0.7194, lr: 0.0009757729755661006
2026-09-30 10:14:53 - val epoch: 31, loss: 0.9406
2026-09-30 10:14:53 - train gamma: g2=0.104 g3=0.097 g4=0.074 g5=0.045
2026-09-30 10:14:54 - train: epoch 32, iter:0, loss: 0.6124, lr: 0.0009741453629547445
2026-09-30 10:14:57 - train: epoch 32, iter:20, loss: 0.6866, lr: 0.0009741453629547445
2026-09-30 10:15:00 - val epoch: 32, loss: 0.8913
2026-09-30 10:15:00 - train gamma: g2=0.104 g3=0.100 g4=0.075 g5=0.050
2026-09-30 10:15:01 - train: epoch 33, iter:0, loss: 0.6636, lr: 0.0009724663032675527
2026-09-30 10:15:04 - train: epoch 33, iter:20, loss: 0.7205, lr: 0.0009724663032675527
2026-09-30 10:15:08 - val epoch: 33, loss: 0.9178
2026-09-30 10:15:08 - train gamma: g2=0.104 g3=0.096 g4=0.075 g5=0.048
2026-09-30 10:15:09 - train: epoch 34, iter:0, loss: 0.5812, lr: 0.0009707359806323412
2026-09-30 10:15:12 - train: epoch 34, iter:20, loss: 0.7225, lr: 0.0009707359806323412
2026-09-30 10:15:15 - val epoch: 34, loss: 0.8568
2026-09-30 10:15:15 - train gamma: g2=0.104 g3=0.096 g4=0.075 g5=0.048
2026-09-30 10:15:17 - train: epoch 35, iter:0, loss: 0.5966, lr: 0.0009689545847984858
2026-09-30 10:15:20 - train: epoch 35, iter:20, loss: 0.6850, lr: 0.0009689545847984858
2026-09-30 10:15:24 - val epoch: 35, loss: 0.9514
2026-09-30 10:15:24 - train gamma: g2=0.104 g3=0.098 g4=0.074 g5=0.045
2026-09-30 10:15:25 - train: epoch 36, iter:0, loss: 0.7302, lr: 0.0009671223111161144
2026-09-30 10:15:28 - train: epoch 36, iter:20, loss: 0.6910, lr: 0.0009671223111161144
2026-09-30 10:15:32 - val epoch: 36, loss: 0.8847
2026-09-30 10:15:32 - train gamma: g2=0.104 g3=0.097 g4=0.073 g5=0.043
2026-09-30 10:15:33 - train: epoch 37, iter:0, loss: 0.7598, lr: 0.000965239360514684
2026-09-30 10:15:36 - train: epoch 37, iter:20, loss: 0.7012, lr: 0.000965239360514684
2026-09-30 10:15:40 - val epoch: 37, loss: 1.1053
2026-09-30 10:15:40 - train gamma: g2=0.104 g3=0.096 g4=0.075 g5=0.046
2026-09-30 10:15:41 - train: epoch 38, iter:0, loss: 0.8505, lr: 0.000963305939480947
2026-09-30 10:15:44 - train: epoch 38, iter:20, loss: 0.7519, lr: 0.000963305939480947
2026-09-30 10:15:47 - val epoch: 38, loss: 0.9889
2026-09-30 10:15:47 - train gamma: g2=0.104 g3=0.097 g4=0.072 g5=0.045
2026-09-30 10:15:48 - train: epoch 39, iter:0, loss: 0.6606, lr: 0.0009613222600363074
2026-09-30 10:15:51 - train: epoch 39, iter:20, loss: 0.7114, lr: 0.0009613222600363074
2026-09-30 10:15:55 - val epoch: 39, loss: 0.9378
2026-09-30 10:15:55 - train gamma: g2=0.104 g3=0.098 g4=0.071 g5=0.046
2026-09-30 10:15:56 - train: epoch 40, iter:0, loss: 0.7193, lr: 0.0009592885397135703
2026-09-30 10:15:59 - train: epoch 40, iter:20, loss: 0.6621, lr: 0.0009592885397135703
2026-09-30 10:16:03 - val epoch: 40, loss: 0.9706, miou: 0.7576279237761452, f1_or_dsc: 0.8621027391831971, accuracy: 0.9359916838088839,                 specificity: 0.9726721309425386, sensitivity: 0.8219813181038871, confusion_matrix: [[38968647  1094850]
 [ 2294588 10595003]]
2026-09-30 10:16:03 - train gamma: g2=0.104 g3=0.097 g4=0.069 g5=0.043
2026-09-30 10:16:04 - train: epoch 41, iter:0, loss: 0.8585, lr: 0.0009572050015330871
2026-09-30 10:16:07 - train: epoch 41, iter:20, loss: 0.6633, lr: 0.0009572050015330871
2026-09-30 10:16:10 - val epoch: 41, loss: 1.0074
2026-09-30 10:16:10 - train gamma: g2=0.105 g3=0.098 g4=0.068 g5=0.044
2026-09-30 10:16:11 - train: epoch 42, iter:0, loss: 0.5641, lr: 0.0009550718739782986
2026-09-30 10:16:14 - train: epoch 42, iter:20, loss: 0.6849, lr: 0.0009550718739782986
2026-09-30 10:16:18 - val epoch: 42, loss: 1.0425
2026-09-30 10:16:18 - train gamma: g2=0.105 g3=0.101 g4=0.068 g5=0.041
2026-09-30 10:16:19 - train: epoch 43, iter:0, loss: 0.6374, lr: 0.0009528893909706794
2026-09-30 10:16:22 - train: epoch 43, iter:20, loss: 0.6683, lr: 0.0009528893909706794
2026-09-30 10:16:25 - val epoch: 43, loss: 0.9269
2026-09-30 10:16:25 - train gamma: g2=0.105 g3=0.099 g4=0.065 g5=0.038
2026-09-30 10:16:26 - train: epoch 44, iter:0, loss: 0.7225, lr: 0.0009506577918440856
2026-09-30 10:16:30 - train: epoch 44, iter:20, loss: 0.7087, lr: 0.0009506577918440856
2026-09-30 10:16:33 - val epoch: 44, loss: 0.9669
2026-09-30 10:16:33 - train gamma: g2=0.105 g3=0.103 g4=0.062 g5=0.036
2026-09-30 10:16:34 - train: epoch 45, iter:0, loss: 0.7842, lr: 0.000948377321318509
2026-09-30 10:16:37 - train: epoch 45, iter:20, loss: 0.6945, lr: 0.000948377321318509
2026-09-30 10:16:40 - val epoch: 45, loss: 0.8904
2026-09-30 10:16:40 - train gamma: g2=0.105 g3=0.098 g4=0.065 g5=0.037
2026-09-30 10:16:41 - train: epoch 46, iter:0, loss: 0.5868, lr: 0.0009460482294732416
2026-09-30 10:16:44 - train: epoch 46, iter:20, loss: 0.6693, lr: 0.0009460482294732416
2026-09-30 10:16:48 - val epoch: 46, loss: 0.9553
2026-09-30 10:16:48 - train gamma: g2=0.105 g3=0.099 g4=0.066 g5=0.038
2026-09-30 10:16:49 - train: epoch 47, iter:0, loss: 0.6132, lr: 0.0009436707717194508
2026-09-30 10:16:52 - train: epoch 47, iter:20, loss: 0.6368, lr: 0.0009436707717194508
2026-09-30 10:16:55 - val epoch: 47, loss: 0.9174
2026-09-30 10:16:55 - train gamma: g2=0.105 g3=0.103 g4=0.069 g5=0.039
2026-09-30 10:16:56 - train: epoch 48, iter:0, loss: 0.6249, lr: 0.0009412452087721706
2026-09-30 10:17:00 - train: epoch 48, iter:20, loss: 0.6480, lr: 0.0009412452087721706
2026-09-30 10:17:03 - val epoch: 48, loss: 1.0136
2026-09-30 10:17:03 - train gamma: g2=0.105 g3=0.100 g4=0.064 g5=0.035
2026-09-30 10:17:04 - train: epoch 49, iter:0, loss: 0.7243, lr: 0.000938771806621712
2026-09-30 10:17:07 - train: epoch 49, iter:20, loss: 0.6638, lr: 0.000938771806621712
2026-09-30 10:17:11 - val epoch: 49, loss: 0.8950
2026-09-30 10:17:11 - train gamma: g2=0.105 g3=0.105 g4=0.068 g5=0.038
2026-09-30 10:17:12 - train: epoch 50, iter:0, loss: 0.5652, lr: 0.0009362508365044934
2026-09-30 10:17:15 - train: epoch 50, iter:20, loss: 0.6786, lr: 0.0009362508365044934
2026-09-30 10:17:18 - val epoch: 50, loss: 0.9238, miou: 0.770450642339521, f1_or_dsc: 0.8703441077819902, accuracy: 0.9401970665053566,                 specificity: 0.9773879699018785, sensitivity: 0.8246000978619105, confusion_matrix: [[39157580   905917]
 [ 2260833 10628758]]
2026-09-30 10:17:18 - train gamma: g2=0.105 g3=0.101 g4=0.068 g5=0.039
2026-09-30 10:17:19 - train: epoch 51, iter:0, loss: 0.4904, lr: 0.0009336825748732968
2026-09-30 10:17:22 - train: epoch 51, iter:20, loss: 0.6406, lr: 0.0009336825748732968
2026-09-30 10:17:26 - val epoch: 51, loss: 0.8989
2026-09-30 10:17:26 - train gamma: g2=0.105 g3=0.102 g4=0.067 g5=0.031
2026-09-30 10:17:27 - train: epoch 52, iter:0, loss: 0.6566, lr: 0.0009310673033669517
2026-09-30 10:17:30 - train: epoch 52, iter:20, loss: 0.6490, lr: 0.0009310673033669517
2026-09-30 10:17:33 - val epoch: 52, loss: 0.8706
2026-09-30 10:17:33 - train gamma: g2=0.105 g3=0.092 g4=0.063 g5=0.033
2026-09-30 10:17:35 - train: epoch 53, iter:0, loss: 0.7544, lr: 0.0009284053087794505
2026-09-30 10:17:38 - train: epoch 53, iter:20, loss: 0.7009, lr: 0.0009284053087794505
2026-09-30 10:17:41 - val epoch: 53, loss: 0.8428
2026-09-30 10:17:41 - train gamma: g2=0.105 g3=0.101 g4=0.068 g5=0.036
2026-09-30 10:17:42 - train: epoch 54, iter:0, loss: 0.6110, lr: 0.0009256968830284974
2026-09-30 10:17:45 - train: epoch 54, iter:20, loss: 0.6534, lr: 0.0009256968830284974
2026-09-30 10:18:17 - val epoch: 54, loss: 0.9087
2026-09-30 10:18:17 - train gamma: g2=0.105 g3=0.103 g4=0.068 g5=0.036
2026-09-30 10:18:18 - train: epoch 55, iter:0, loss: 0.5508, lr: 0.0009229423231234972
2026-09-30 10:18:21 - train: epoch 55, iter:20, loss: 0.6287, lr: 0.0009229423231234972
2026-09-30 10:18:24 - val epoch: 55, loss: 0.8452
2026-09-30 10:18:24 - train gamma: g2=0.105 g3=0.095 g4=0.066 g5=0.032
2026-09-30 10:18:25 - train: epoch 56, iter:0, loss: 0.6185, lr: 0.0009201419311329846
2026-09-30 10:18:28 - train: epoch 56, iter:20, loss: 0.6421, lr: 0.0009201419311329846
2026-09-30 10:18:32 - val epoch: 56, loss: 0.8896
2026-09-30 10:18:32 - train gamma: g2=0.105 g3=0.106 g4=0.071 g5=0.032
2026-09-30 10:18:33 - train: epoch 57, iter:0, loss: 1.0071, lr: 0.0009172960141514989
2026-09-30 10:18:36 - train: epoch 57, iter:20, loss: 0.6331, lr: 0.0009172960141514989
2026-09-30 10:18:39 - val epoch: 57, loss: 0.8697
2026-09-30 10:18:39 - train gamma: g2=0.105 g3=0.104 g4=0.070 g5=0.032
2026-09-30 10:18:40 - train: epoch 58, iter:0, loss: 0.6361, lr: 0.0009144048842659077
2026-09-30 10:18:44 - train: epoch 58, iter:20, loss: 0.6345, lr: 0.0009144048842659077
2026-09-30 10:18:56 - val epoch: 58, loss: 0.8556
2026-09-30 10:18:56 - train gamma: g2=0.105 g3=0.097 g4=0.071 g5=0.032
2026-09-30 10:18:57 - train: epoch 59, iter:0, loss: 0.5339, lr: 0.0009114688585211832
2026-09-30 10:19:00 - train: epoch 59, iter:20, loss: 0.6214, lr: 0.0009114688585211832
2026-09-30 10:19:04 - val epoch: 59, loss: 0.8211
2026-09-30 10:19:04 - train gamma: g2=0.106 g3=0.097 g4=0.069 g5=0.031
2026-09-30 10:19:05 - train: epoch 60, iter:0, loss: 0.6308, lr: 0.0009084882588856339
2026-09-30 10:19:08 - train: epoch 60, iter:20, loss: 0.6232, lr: 0.0009084882588856339
2026-09-30 10:19:11 - val epoch: 60, loss: 0.8665, miou: 0.7747871301933936, f1_or_dsc: 0.87310429179072, accuracy: 0.9377539039838432,                 specificity: 0.9564192312019093, sensitivity: 0.8797382321906102, confusion_matrix: [[38317499  1745998]
 [ 1550125 11339466]]
2026-09-30 10:19:11 - train gamma: g2=0.106 g3=0.105 g4=0.067 g5=0.032
2026-09-30 10:19:12 - train: epoch 61, iter:0, loss: 0.7382, lr: 0.0009054634122155986
2026-09-30 10:19:15 - train: epoch 61, iter:20, loss: 0.6251, lr: 0.0009054634122155986
2026-09-30 10:19:19 - val epoch: 61, loss: 1.0490
2026-09-30 10:19:19 - train gamma: g2=0.106 g3=0.106 g4=0.069 g5=0.035
2026-09-30 10:19:20 - train: epoch 62, iter:0, loss: 0.8849, lr: 0.0009023946502196013
2026-09-30 10:19:23 - train: epoch 62, iter:20, loss: 0.6384, lr: 0.0009023946502196013
2026-09-30 10:19:26 - val epoch: 62, loss: 1.0352
2026-09-30 10:19:26 - train gamma: g2=0.106 g3=0.109 g4=0.068 g5=0.034
2026-09-30 10:19:27 - train: epoch 63, iter:0, loss: 0.8003, lr: 0.0008992823094219767
2026-09-30 10:19:30 - train: epoch 63, iter:20, loss: 0.6294, lr: 0.0008992823094219767
2026-09-30 10:19:34 - val epoch: 63, loss: 0.9087
2026-09-30 10:19:34 - train gamma: g2=0.106 g3=0.108 g4=0.068 g5=0.033
2026-09-30 10:19:35 - train: epoch 64, iter:0, loss: 0.5239, lr: 0.0008961267311259662
2026-09-30 10:19:38 - train: epoch 64, iter:20, loss: 0.6102, lr: 0.0008961267311259662
2026-09-30 10:19:42 - val epoch: 64, loss: 0.8649
2026-09-30 10:19:42 - train gamma: g2=0.106 g3=0.102 g4=0.066 g5=0.034
2026-09-30 10:19:43 - train: epoch 65, iter:0, loss: 0.4978, lr: 0.0008929282613762903
2026-09-30 10:19:53 - train: epoch 65, iter:20, loss: 0.6244, lr: 0.0008929282613762903
2026-09-30 10:19:56 - val epoch: 65, loss: 0.8915
2026-09-30 10:19:56 - train gamma: g2=0.106 g3=0.108 g4=0.064 g5=0.030
2026-09-30 10:19:58 - train: epoch 66, iter:0, loss: 0.5059, lr: 0.0008896872509212002
2026-09-30 10:20:01 - train: epoch 66, iter:20, loss: 0.6228, lr: 0.0008896872509212002
2026-09-30 10:20:04 - val epoch: 66, loss: 0.8839
2026-09-30 10:20:04 - train gamma: g2=0.106 g3=0.103 g4=0.065 g5=0.031
2026-09-30 10:20:06 - train: epoch 67, iter:0, loss: 0.6237, lr: 0.0008864040551740152
2026-09-30 10:20:09 - train: epoch 67, iter:20, loss: 0.5818, lr: 0.0008864040551740152
2026-09-30 10:20:12 - val epoch: 67, loss: 0.9077
2026-09-30 10:20:12 - train gamma: g2=0.106 g3=0.098 g4=0.066 g5=0.030
2026-09-30 10:20:13 - train: epoch 68, iter:0, loss: 0.5960, lr: 0.0008830790341741476
2026-09-30 10:20:16 - train: epoch 68, iter:20, loss: 0.6343, lr: 0.0008830790341741476
2026-09-30 10:20:20 - val epoch: 68, loss: 1.0491
2026-09-30 10:20:20 - train gamma: g2=0.106 g3=0.099 g4=0.070 g5=0.034
2026-09-30 10:20:21 - train: epoch 69, iter:0, loss: 0.6680, lr: 0.000879712552547619
2026-09-30 10:20:24 - train: epoch 69, iter:20, loss: 0.6062, lr: 0.000879712552547619
2026-09-30 10:20:27 - val epoch: 69, loss: 0.8147
2026-09-30 10:20:27 - train gamma: g2=0.106 g3=0.102 g4=0.066 g5=0.030
2026-09-30 10:20:28 - train: epoch 70, iter:0, loss: 0.5692, lr: 0.0008763049794670771
2026-09-30 10:20:31 - train: epoch 70, iter:20, loss: 0.6149, lr: 0.0008763049794670771
2026-09-30 10:20:35 - val epoch: 70, loss: 0.8178, miou: 0.7907804680632465, f1_or_dsc: 0.8831685202804187, accuracy: 0.9430926861149249,                 specificity: 0.9622212708990431, sensitivity: 0.8836371146299367, confusion_matrix: [[38549949  1513548]
 [ 1499870 11389721]]
2026-09-30 10:20:35 - train gamma: g2=0.106 g3=0.097 g4=0.066 g5=0.034
2026-09-30 10:20:36 - train: epoch 71, iter:0, loss: 0.6750, lr: 0.0008728566886113098
2026-09-30 10:20:39 - train: epoch 71, iter:20, loss: 0.6194, lr: 0.0008728566886113098
2026-09-30 10:20:42 - val epoch: 71, loss: 0.8117
2026-09-30 10:20:42 - train gamma: g2=0.106 g3=0.106 g4=0.067 g5=0.029
2026-09-30 10:20:44 - train: epoch 72, iter:0, loss: 0.6301, lr: 0.000869368058124268
2026-09-30 10:20:47 - train: epoch 72, iter:20, loss: 0.5828, lr: 0.000869368058124268
2026-09-30 10:20:50 - val epoch: 72, loss: 0.9292
2026-09-30 10:20:50 - train gamma: g2=0.106 g3=0.100 g4=0.069 g5=0.031
2026-09-30 10:20:51 - train: epoch 73, iter:0, loss: 0.6444, lr: 0.0008658394705735983
2026-09-30 10:20:54 - train: epoch 73, iter:20, loss: 0.6191, lr: 0.0008658394705735983
2026-09-30 10:20:58 - val epoch: 73, loss: 0.9599
2026-09-30 10:20:58 - train gamma: g2=0.106 g3=0.102 g4=0.068 g5=0.033
2026-09-30 10:20:59 - train: epoch 74, iter:0, loss: 0.5088, lr: 0.0008622713129086888
2026-09-30 10:21:02 - train: epoch 74, iter:20, loss: 0.6164, lr: 0.0008622713129086888
2026-09-30 10:21:06 - val epoch: 74, loss: 0.9955
2026-09-30 10:21:06 - train gamma: g2=0.106 g3=0.098 g4=0.068 g5=0.031
2026-09-30 10:21:07 - train: epoch 75, iter:0, loss: 0.7802, lr: 0.0008586639764182372
2026-09-30 10:21:10 - train: epoch 75, iter:20, loss: 0.6173, lr: 0.0008586639764182372
2026-09-30 10:21:13 - val epoch: 75, loss: 0.8792
2026-09-30 10:21:13 - train gamma: g2=0.106 g3=0.106 g4=0.069 g5=0.028
2026-09-30 10:21:15 - train: epoch 76, iter:0, loss: 0.8281, lr: 0.0008550178566873405
2026-09-30 10:21:18 - train: epoch 76, iter:20, loss: 0.6032, lr: 0.0008550178566873405
2026-09-30 10:21:21 - val epoch: 76, loss: 0.8525
2026-09-30 10:21:21 - train gamma: g2=0.106 g3=0.102 g4=0.069 g5=0.031
2026-09-30 10:21:22 - train: epoch 77, iter:0, loss: 0.5901, lr: 0.0008513333535541156
2026-09-30 10:21:26 - train: epoch 77, iter:20, loss: 0.5798, lr: 0.0008513333535541156
2026-09-30 10:21:29 - val epoch: 77, loss: 0.8523
2026-09-30 10:21:29 - train gamma: g2=0.107 g3=0.099 g4=0.069 g5=0.030
2026-09-30 10:21:30 - train: epoch 78, iter:0, loss: 0.6152, lr: 0.0008476108710658509
2026-09-30 10:21:33 - train: epoch 78, iter:20, loss: 0.5917, lr: 0.0008476108710658509
2026-09-30 10:21:37 - val epoch: 78, loss: 0.8597
2026-09-30 10:21:37 - train gamma: g2=0.107 g3=0.111 g4=0.067 g5=0.028
2026-09-30 10:21:38 - train: epoch 79, iter:0, loss: 0.6422, lr: 0.0008438508174347005
2026-09-30 10:21:41 - train: epoch 79, iter:20, loss: 0.6041, lr: 0.0008438508174347005
2026-09-30 10:21:51 - val epoch: 79, loss: 0.8993
2026-09-30 10:21:51 - train gamma: g2=0.107 g3=0.107 g4=0.068 g5=0.029
2026-09-30 10:21:52 - train: epoch 80, iter:0, loss: 0.6184, lr: 0.0008400536049929166
2026-09-30 10:21:55 - train: epoch 80, iter:20, loss: 0.6196, lr: 0.0008400536049929166
2026-09-30 10:21:59 - val epoch: 80, loss: 0.8302, miou: 0.7834163977516511, f1_or_dsc: 0.8785569076737236, accuracy: 0.9400296164031076,                 specificity: 0.9557521401589082, sensitivity: 0.8911607823708293, confusion_matrix: [[38290773  1772724]
 [ 1402893 11486698]]
2026-09-30 10:21:59 - train gamma: g2=0.107 g3=0.107 g4=0.067 g5=0.027
2026-09-30 10:22:00 - train: epoch 81, iter:0, loss: 0.6275, lr: 0.0008362196501476343
2026-09-30 10:22:03 - train: epoch 81, iter:20, loss: 0.5960, lr: 0.0008362196501476343
2026-09-30 10:22:07 - val epoch: 81, loss: 0.9185
2026-09-30 10:22:07 - train gamma: g2=0.107 g3=0.104 g4=0.068 g5=0.031
2026-09-30 10:22:08 - train: epoch 82, iter:0, loss: 0.7104, lr: 0.0008323493733352072
2026-09-30 10:22:11 - train: epoch 82, iter:20, loss: 0.5881, lr: 0.0008323493733352072
2026-09-30 10:22:15 - val epoch: 82, loss: 0.8508
2026-09-30 10:22:37 - train gamma: g2=0.107 g3=0.109 g4=0.067 g5=0.027
2026-09-30 10:22:38 - train: epoch 83, iter:0, loss: 0.6274, lr: 0.0008284431989751018
2026-09-30 10:22:41 - train: epoch 83, iter:20, loss: 0.5669, lr: 0.0008284431989751018
2026-09-30 10:22:44 - val epoch: 83, loss: 0.8980
2026-09-30 10:22:44 - train gamma: g2=0.107 g3=0.104 g4=0.066 g5=0.028
2026-09-30 10:22:46 - train: epoch 84, iter:0, loss: 0.6308, lr: 0.000824501555423355
2026-09-30 10:22:49 - train: epoch 84, iter:20, loss: 0.5844, lr: 0.000824501555423355
2026-09-30 10:22:52 - val epoch: 84, loss: 0.8242
2026-09-30 10:22:52 - train gamma: g2=0.107 g3=0.099 g4=0.067 g5=0.027
2026-09-30 10:22:54 - train: epoch 85, iter:0, loss: 0.4926, lr: 0.0008205248749256009
2026-09-30 10:22:57 - train: epoch 85, iter:20, loss: 0.5931, lr: 0.0008205248749256009
2026-09-30 10:23:00 - val epoch: 85, loss: 0.8176
2026-09-30 10:23:00 - train gamma: g2=0.107 g3=0.100 g4=0.069 g5=0.030
2026-09-30 10:23:01 - train: epoch 86, iter:0, loss: 0.6533, lr: 0.000816513593569669
2026-09-30 10:23:04 - train: epoch 86, iter:20, loss: 0.6042, lr: 0.000816513593569669
2026-09-30 10:23:08 - val epoch: 86, loss: 0.8674
2026-09-30 10:23:08 - train gamma: g2=0.107 g3=0.105 g4=0.066 g5=0.028
2026-09-30 10:23:09 - train: epoch 87, iter:0, loss: 0.5630, lr: 0.0008124681512377632
2026-09-30 10:23:12 - train: epoch 87, iter:20, loss: 0.5787, lr: 0.0008124681512377632
2026-09-30 10:23:16 - val epoch: 87, loss: 0.8485
2026-09-30 10:23:16 - train gamma: g2=0.107 g3=0.099 g4=0.066 g5=0.030
2026-09-30 10:23:17 - train: epoch 88, iter:0, loss: 0.4706, lr: 0.000808388991558223
2026-09-30 10:23:20 - train: epoch 88, iter:20, loss: 0.5774, lr: 0.000808388991558223
2026-09-30 10:23:24 - val epoch: 88, loss: 0.8210
2026-09-30 10:23:24 - train gamma: g2=0.107 g3=0.097 g4=0.065 g5=0.025
2026-09-30 10:23:25 - train: epoch 89, iter:0, loss: 0.5626, lr: 0.0008042765618568752
2026-09-30 10:23:28 - train: epoch 89, iter:20, loss: 0.5855, lr: 0.0008042765618568752
2026-09-30 10:23:31 - val epoch: 89, loss: 0.8387
2026-09-30 10:23:31 - train gamma: g2=0.107 g3=0.107 g4=0.066 g5=0.028
2026-09-30 10:23:33 - train: epoch 90, iter:0, loss: 0.5564, lr: 0.0008001313131079794
2026-09-30 10:23:36 - train: epoch 90, iter:20, loss: 0.5834, lr: 0.0008001313131079794
2026-09-30 10:23:39 - val epoch: 90, loss: 0.8704, miou: 0.781331415782999, f1_or_dsc: 0.8772443003701906, accuracy: 0.9432734876576037,                 specificity: 0.9788490755063144, sensitivity: 0.8326972516040269, confusion_matrix: [[39216117   847380]
 [ 2156464 10733127]]
2026-09-30 10:23:39 - train gamma: g2=0.107 g3=0.103 g4=0.066 g5=0.027
2026-09-30 10:23:41 - train: epoch 91, iter:0, loss: 0.5259, lr: 0.0007959536998847737
2026-09-30 10:23:44 - train: epoch 91, iter:20, loss: 0.5823, lr: 0.0007959536998847737
2026-09-30 10:23:47 - val epoch: 91, loss: 0.8047
2026-09-30 10:23:47 - train gamma: g2=0.107 g3=0.102 g4=0.067 g5=0.031
2026-09-30 10:23:48 - train: epoch 92, iter:0, loss: 0.5615, lr: 0.0007917441803096255
2026-09-30 10:23:52 - train: epoch 92, iter:20, loss: 0.5716, lr: 0.0007917441803096255
2026-09-30 10:23:55 - val epoch: 92, loss: 0.8478
2026-09-30 10:23:55 - train gamma: g2=0.107 g3=0.104 g4=0.066 g5=0.030
2026-09-30 10:23:56 - train: epoch 93, iter:0, loss: 0.5545, lr: 0.0007875032160037932
2026-09-30 10:23:59 - train: epoch 93, iter:20, loss: 0.5846, lr: 0.0007875032160037932
2026-09-30 10:24:03 - val epoch: 93, loss: 1.0065
2026-09-30 10:24:03 - train gamma: g2=0.107 g3=0.107 g4=0.066 g5=0.029
2026-09-30 10:24:04 - train: epoch 94, iter:0, loss: 0.7503, lr: 0.0007832312720368042
2026-09-30 10:24:07 - train: epoch 94, iter:20, loss: 0.5672, lr: 0.0007832312720368042
2026-09-30 10:24:11 - val epoch: 94, loss: 0.8551
2026-09-30 10:24:11 - train gamma: g2=0.107 g3=0.100 g4=0.068 g5=0.029
2026-09-30 10:24:12 - train: epoch 95, iter:0, loss: 0.6290, lr: 0.0007789288168754548
2026-09-30 10:24:15 - train: epoch 95, iter:20, loss: 0.5866, lr: 0.0007789288168754548
2026-09-30 10:24:18 - val epoch: 95, loss: 1.0580
2026-09-30 10:24:18 - train gamma: g2=0.107 g3=0.107 g4=0.069 g5=0.029
2026-09-30 10:24:19 - train: epoch 96, iter:0, loss: 0.5373, lr: 0.0007745963223324379
2026-09-30 10:24:23 - train: epoch 96, iter:20, loss: 0.5894, lr: 0.0007745963223324379
2026-09-30 10:24:26 - val epoch: 96, loss: 0.8255
2026-09-30 10:24:26 - train gamma: g2=0.107 g3=0.105 g4=0.068 g5=0.027
2026-09-30 10:24:28 - train: epoch 97, iter:0, loss: 0.5933, lr: 0.0007702342635146028
2026-09-30 10:24:31 - train: epoch 97, iter:20, loss: 0.5778, lr: 0.0007702342635146028
2026-09-30 10:24:34 - val epoch: 97, loss: 0.7817
2026-09-30 10:24:34 - train gamma: g2=0.108 g3=0.093 g4=0.067 g5=0.026
2026-09-30 10:24:35 - train: epoch 98, iter:0, loss: 0.5393, lr: 0.000765843118770855
2026-09-30 10:24:38 - train: epoch 98, iter:20, loss: 0.5646, lr: 0.000765843118770855
2026-09-30 10:24:44 - val epoch: 98, loss: 0.8548
2026-09-30 10:24:44 - train gamma: g2=0.108 g3=0.099 g4=0.066 g5=0.028
2026-09-30 10:24:45 - train: epoch 99, iter:0, loss: 0.5622, lr: 0.0007614233696396991
2026-09-30 10:24:49 - train: epoch 99, iter:20, loss: 0.5735, lr: 0.0007614233696396991
2026-09-30 10:24:52 - val epoch: 99, loss: 0.8369
2026-09-30 10:24:52 - train gamma: g2=0.108 g3=0.107 g4=0.068 g5=0.029
2026-09-30 10:24:53 - train: epoch 100, iter:0, loss: 0.4790, lr: 0.0007569755007964334
2026-09-30 10:24:58 - train: epoch 100, iter:20, loss: 0.5487, lr: 0.0007569755007964334
2026-09-30 10:25:02 - val epoch: 100, loss: 0.8946, miou: 0.7770740335629329, f1_or_dsc: 0.8745544855044035, accuracy: 0.9418977416387879,                 specificity: 0.977240503992949, sensitivity: 0.8320451750563691, confusion_matrix: [[39151672   911825]
 [ 2164869 10724722]]
2026-09-30 10:25:02 - train gamma: g2=0.108 g3=0.104 g4=0.068 g5=0.027
2026-09-30 10:25:03 - train: epoch 101, iter:0, loss: 0.4824, lr: 0.0007524999999999996
2026-09-30 10:25:06 - train: epoch 101, iter:20, loss: 0.5504, lr: 0.0007524999999999996
2026-09-30 10:25:10 - val epoch: 101, loss: 0.8123
2026-09-30 10:25:10 - train gamma: g2=0.108 g3=0.104 g4=0.068 g5=0.029
2026-09-30 10:25:11 - train: epoch 102, iter:0, loss: 0.5780, lr: 0.0007479973580394943
2026-09-30 10:25:14 - train: epoch 102, iter:20, loss: 0.5688, lr: 0.0007479973580394943
2026-09-30 10:25:18 - val epoch: 102, loss: 0.8228
2026-09-30 10:25:18 - train gamma: g2=0.108 g3=0.105 g4=0.068 g5=0.029
2026-09-30 10:25:19 - train: epoch 103, iter:0, loss: 0.5470, lr: 0.0007434680686803487
2026-09-30 10:25:22 - train: epoch 103, iter:20, loss: 0.5709, lr: 0.0007434680686803487
2026-09-30 10:25:26 - val epoch: 103, loss: 0.8245
2026-09-30 10:25:26 - train gamma: g2=0.108 g3=0.106 g4=0.068 g5=0.026
2026-09-30 10:25:27 - train: epoch 104, iter:0, loss: 0.4931, lr: 0.0007389126286101815
2026-09-30 10:25:30 - train: epoch 104, iter:20, loss: 0.5635, lr: 0.0007389126286101815
2026-09-30 10:25:33 - val epoch: 104, loss: 0.8709
2026-09-30 10:25:33 - train gamma: g2=0.108 g3=0.101 g4=0.070 g5=0.030
2026-09-30 10:25:35 - train: epoch 105, iter:0, loss: 0.5928, lr: 0.0007343315373843313
2026-09-30 10:25:38 - train: epoch 105, iter:20, loss: 0.5876, lr: 0.0007343315373843313
2026-09-30 10:25:41 - val epoch: 105, loss: 0.8581
2026-09-30 10:25:41 - train gamma: g2=0.108 g3=0.102 g4=0.070 g5=0.030
2026-09-30 10:25:42 - train: epoch 106, iter:0, loss: 0.4269, lr: 0.0007297252973710753
2026-09-30 10:25:45 - train: epoch 106, iter:20, loss: 0.5710, lr: 0.0007297252973710753
2026-09-30 10:25:49 - val epoch: 106, loss: 0.8094
2026-09-30 10:25:49 - train gamma: g2=0.108 g3=0.107 g4=0.068 g5=0.028
2026-09-30 10:25:50 - train: epoch 107, iter:0, loss: 0.5530, lr: 0.0007250944136965387
2026-09-30 10:25:53 - train: epoch 107, iter:20, loss: 0.5598, lr: 0.0007250944136965387
2026-09-30 10:25:56 - val epoch: 107, loss: 0.8164
2026-09-30 10:25:56 - train gamma: g2=0.108 g3=0.105 g4=0.066 g5=0.029
2026-09-30 10:25:58 - train: epoch 108, iter:0, loss: 0.5162, lr: 0.0007204393941893019
2026-09-30 10:26:01 - train: epoch 108, iter:20, loss: 0.5401, lr: 0.0007204393941893019
2026-09-30 10:26:04 - val epoch: 108, loss: 0.8451
2026-09-30 10:26:04 - train gamma: g2=0.108 g3=0.106 g4=0.067 g5=0.028
2026-09-30 10:26:05 - train: epoch 109, iter:0, loss: 0.6109, lr: 0.0007157607493247106
2026-09-30 10:26:08 - train: epoch 109, iter:20, loss: 0.5622, lr: 0.0007157607493247106
2026-09-30 10:26:12 - val epoch: 109, loss: 0.8108
2026-09-30 10:26:12 - train gamma: g2=0.108 g3=0.107 g4=0.068 g5=0.032
2026-09-30 10:26:13 - train: epoch 110, iter:0, loss: 0.5602, lr: 0.0007110589921688983
2026-09-30 10:26:16 - train: epoch 110, iter:20, loss: 0.5769, lr: 0.0007110589921688983
2026-09-30 10:26:19 - val epoch: 110, loss: 0.7964, miou: 0.7948587072141309, f1_or_dsc: 0.8857061606234862, accuracy: 0.9438727917057452,                 specificity: 0.9601004375629018, sensitivity: 0.8934339344049008, confusion_matrix: [[38464981  1598516]
 [ 1373593 11515998]]
2026-09-30 10:26:19 - train gamma: g2=0.108 g3=0.103 g4=0.069 g5=0.028
2026-09-30 10:26:21 - train: epoch 111, iter:0, loss: 0.4954, lr: 0.0007063346383225208
2026-09-30 10:26:24 - train: epoch 111, iter:20, loss: 0.5655, lr: 0.0007063346383225208
2026-09-30 10:26:27 - val epoch: 111, loss: 0.8376
2026-09-30 10:26:27 - train gamma: g2=0.108 g3=0.108 g4=0.069 g5=0.028
2026-09-30 10:26:28 - train: epoch 112, iter:0, loss: 0.5490, lr: 0.0007015882058642161
2026-09-30 10:26:31 - train: epoch 112, iter:20, loss: 0.5512, lr: 0.0007015882058642161
2026-09-30 10:26:35 - val epoch: 112, loss: 0.8411
2026-09-30 10:26:35 - train gamma: g2=0.108 g3=0.109 g4=0.071 g5=0.030
2026-09-30 10:26:36 - train: epoch 113, iter:0, loss: 0.5043, lr: 0.0006968202152937907
2026-09-30 10:26:39 - train: epoch 113, iter:20, loss: 0.5649, lr: 0.0006968202152937907
2026-09-30 10:26:42 - val epoch: 113, loss: 0.8822
2026-09-30 10:26:42 - train gamma: g2=0.108 g3=0.107 g4=0.070 g5=0.032
2026-09-30 10:26:43 - train: epoch 114, iter:0, loss: 0.6679, lr: 0.000692031189475141
2026-09-30 10:26:46 - train: epoch 114, iter:20, loss: 0.5537, lr: 0.000692031189475141
2026-09-30 10:26:49 - val epoch: 114, loss: 0.8586
2026-09-30 10:26:49 - train gamma: g2=0.108 g3=0.109 g4=0.068 g5=0.027
2026-09-30 10:26:51 - train: epoch 115, iter:0, loss: 0.7667, lr: 0.0006872216535789155
2026-09-30 10:26:54 - train: epoch 115, iter:20, loss: 0.5514, lr: 0.0006872216535789155
2026-09-30 10:26:57 - val epoch: 115, loss: 0.9293
2026-09-30 10:26:57 - train gamma: g2=0.108 g3=0.112 g4=0.069 g5=0.031
2026-09-30 10:26:58 - train: epoch 116, iter:0, loss: 0.6418, lr: 0.0006823921350249233
2026-09-30 10:27:02 - train: epoch 116, iter:20, loss: 0.5753, lr: 0.0006823921350249233
2026-09-30 10:27:05 - val epoch: 116, loss: 0.8367
2026-09-30 10:27:05 - train gamma: g2=0.108 g3=0.104 g4=0.069 g5=0.029
2026-09-30 10:27:06 - train: epoch 117, iter:0, loss: 0.5222, lr: 0.0006775431634242984
2026-09-30 10:27:09 - train: epoch 117, iter:20, loss: 0.5684, lr: 0.0006775431634242984
2026-09-30 10:27:12 - val epoch: 117, loss: 0.8271
2026-09-30 10:27:12 - train gamma: g2=0.108 g3=0.105 g4=0.070 g5=0.029
2026-09-30 10:27:14 - train: epoch 118, iter:0, loss: 0.5513, lr: 0.0006726752705214191
2026-09-30 10:27:17 - train: epoch 118, iter:20, loss: 0.5453, lr: 0.0006726752705214191
2026-09-30 10:27:20 - val epoch: 118, loss: 0.8938
2026-09-30 10:27:20 - train gamma: g2=0.108 g3=0.106 g4=0.070 g5=0.030
2026-09-30 10:27:22 - train: epoch 119, iter:0, loss: 0.5119, lr: 0.0006677889901355985
2026-09-30 10:27:25 - train: epoch 119, iter:20, loss: 0.5207, lr: 0.0006677889901355985
2026-09-30 10:27:28 - val epoch: 119, loss: 0.7788
2026-09-30 10:27:28 - train gamma: g2=0.108 g3=0.099 g4=0.070 g5=0.031
2026-09-30 10:27:30 - train: epoch 120, iter:0, loss: 0.5272, lr: 0.0006628848581025445
2026-09-30 10:27:33 - train: epoch 120, iter:20, loss: 0.5699, lr: 0.0006628848581025445
2026-09-30 10:27:36 - val epoch: 120, loss: 0.8340, miou: 0.7900231770772552, f1_or_dsc: 0.8826960311957557, accuracy: 0.9439342234394338,                 specificity: 0.9688150288029026, sensitivity: 0.8665995685976382, confusion_matrix: [[38814118  1249379]
 [ 1719477 11170114]]
2026-09-30 10:27:36 - train gamma: g2=0.108 g3=0.105 g4=0.069 g5=0.031
2026-09-30 10:27:38 - train: epoch 121, iter:0, loss: 0.5587, lr: 0.0006579634122155989
2026-09-30 10:27:41 - train: epoch 121, iter:20, loss: 0.5328, lr: 0.0006579634122155989
2026-09-30 10:27:44 - val epoch: 121, loss: 0.8231
2026-09-30 10:27:44 - train gamma: g2=0.108 g3=0.104 g4=0.069 g5=0.027
2026-09-30 10:27:46 - train: epoch 122, iter:0, loss: 0.5222, lr: 0.0006530251921667629
2026-09-30 10:27:49 - train: epoch 122, iter:20, loss: 0.5247, lr: 0.0006530251921667629
2026-09-30 10:27:52 - val epoch: 122, loss: 0.8204
2026-09-30 10:28:19 - train gamma: g2=0.108 g3=0.105 g4=0.070 g5=0.032
2026-09-30 10:28:21 - train: epoch 123, iter:0, loss: 0.6474, lr: 0.0006480707394875134
2026-09-30 10:28:24 - train: epoch 123, iter:20, loss: 0.5432, lr: 0.0006480707394875134
2026-09-30 10:28:27 - val epoch: 123, loss: 0.8356
2026-09-30 10:28:27 - train gamma: g2=0.108 g3=0.104 g4=0.070 g5=0.030
2026-09-30 10:28:28 - train: epoch 124, iter:0, loss: 0.6027, lr: 0.0006431005974894185
2026-09-30 10:28:32 - train: epoch 124, iter:20, loss: 0.5435, lr: 0.0006431005974894185
2026-09-30 10:28:35 - val epoch: 124, loss: 0.8204
2026-09-30 10:28:35 - train gamma: g2=0.109 g3=0.103 g4=0.072 g5=0.030
2026-09-30 10:28:36 - train: epoch 125, iter:0, loss: 0.5052, lr: 0.0006381153112045565
2026-09-30 10:28:39 - train: epoch 125, iter:20, loss: 0.5516, lr: 0.0006381153112045565
2026-09-30 10:28:43 - val epoch: 125, loss: 0.8022
2026-09-30 10:28:43 - train gamma: g2=0.109 g3=0.106 g4=0.072 g5=0.031
2026-09-30 10:28:44 - train: epoch 126, iter:0, loss: 0.4573, lr: 0.0006331154273257479
2026-09-30 10:28:47 - train: epoch 126, iter:20, loss: 0.5315, lr: 0.0006331154273257479
2026-09-30 10:28:51 - val epoch: 126, loss: 0.8777
2026-09-30 10:28:51 - train gamma: g2=0.109 g3=0.105 g4=0.073 g5=0.032
2026-09-30 10:28:52 - train: epoch 127, iter:0, loss: 0.5682, lr: 0.000628101494146603
2026-09-30 10:28:55 - train: epoch 127, iter:20, loss: 0.5472, lr: 0.000628101494146603
2026-09-30 10:28:59 - val epoch: 127, loss: 0.8286
2026-09-30 10:28:59 - train gamma: g2=0.109 g3=0.106 g4=0.072 g5=0.031
2026-09-30 10:29:00 - train: epoch 128, iter:0, loss: 0.5001, lr: 0.0006230740615013976
2026-09-30 10:29:03 - train: epoch 128, iter:20, loss: 0.5408, lr: 0.0006230740615013976
2026-09-30 10:29:06 - val epoch: 128, loss: 0.7896
2026-09-30 10:29:06 - train gamma: g2=0.109 g3=0.105 g4=0.070 g5=0.034
2026-09-30 10:29:08 - train: epoch 129, iter:0, loss: 0.4611, lr: 0.0006180336807047746
2026-09-30 10:29:11 - train: epoch 129, iter:20, loss: 0.5255, lr: 0.0006180336807047746
2026-09-30 10:29:14 - val epoch: 129, loss: 0.8100
2026-09-30 10:29:14 - train gamma: g2=0.109 g3=0.106 g4=0.072 g5=0.030
2026-09-30 10:29:15 - train: epoch 130, iter:0, loss: 0.4888, lr: 0.0006129809044912887
2026-09-30 10:29:18 - train: epoch 130, iter:20, loss: 0.5440, lr: 0.0006129809044912887
2026-09-30 10:29:22 - val epoch: 130, loss: 0.9517, miou: 0.7671122089531875, f1_or_dsc: 0.8682099586733251, accuracy: 0.9384956737556079,                 specificity: 0.9726680124802884, sensitivity: 0.8322810242776516, confusion_matrix: [[38968482  1095015]
 [ 2161829 10727762]]
2026-09-30 10:29:22 - train gamma: g2=0.109 g3=0.110 g4=0.073 g5=0.031
2026-09-30 10:29:23 - train: epoch 131, iter:0, loss: 0.5461, lr: 0.0006079162869547909
2026-09-30 10:29:26 - train: epoch 131, iter:20, loss: 0.5238, lr: 0.0006079162869547909
2026-09-30 10:29:30 - val epoch: 131, loss: 0.8672
2026-09-30 10:29:30 - train gamma: g2=0.109 g3=0.102 g4=0.072 g5=0.032
2026-09-30 10:29:31 - train: epoch 132, iter:0, loss: 0.5024, lr: 0.0006028403834876673
2026-09-30 10:29:34 - train: epoch 132, iter:20, loss: 0.5076, lr: 0.0006028403834876673
2026-09-30 10:29:37 - val epoch: 132, loss: 0.8105
2026-09-30 10:29:37 - train gamma: g2=0.109 g3=0.108 g4=0.072 g5=0.031
2026-09-30 10:29:39 - train: epoch 133, iter:0, loss: 0.6722, lr: 0.0005977537507199337
2026-09-30 10:29:42 - train: epoch 133, iter:20, loss: 0.5168, lr: 0.0005977537507199337
2026-09-30 10:29:45 - val epoch: 133, loss: 0.8164
2026-09-30 10:29:45 - train gamma: g2=0.109 g3=0.104 g4=0.073 g5=0.031
2026-09-30 10:29:46 - train: epoch 134, iter:0, loss: 0.4282, lr: 0.0005926569464581937
2026-09-30 10:29:49 - train: epoch 134, iter:20, loss: 0.5357, lr: 0.0005926569464581937
2026-09-30 10:29:53 - val epoch: 134, loss: 0.8423
2026-09-30 10:29:53 - train gamma: g2=0.109 g3=0.103 g4=0.073 g5=0.032
2026-09-30 10:29:54 - train: epoch 135, iter:0, loss: 0.6312, lr: 0.0005875505296244705
2026-09-30 10:29:57 - train: epoch 135, iter:20, loss: 0.5312, lr: 0.0005875505296244705
2026-09-30 10:30:00 - val epoch: 135, loss: 0.8132
2026-09-30 10:30:00 - train gamma: g2=0.109 g3=0.105 g4=0.072 g5=0.033
2026-09-30 10:30:02 - train: epoch 136, iter:0, loss: 0.4925, lr: 0.0005824350601949142
2026-09-30 10:30:05 - train: epoch 136, iter:20, loss: 0.5348, lr: 0.0005824350601949142
2026-09-30 10:30:08 - val epoch: 136, loss: 0.8171
2026-09-30 10:30:08 - train gamma: g2=0.109 g3=0.104 g4=0.073 g5=0.033
2026-09-30 10:30:09 - train: epoch 137, iter:0, loss: 0.4960, lr: 0.0005773110991383937
2026-09-30 10:30:12 - train: epoch 137, iter:20, loss: 0.5130, lr: 0.0005773110991383937
2026-09-30 10:30:16 - val epoch: 137, loss: 0.8221
2026-09-30 10:30:16 - train gamma: g2=0.109 g3=0.100 g4=0.073 g5=0.030
2026-09-30 10:30:17 - train: epoch 138, iter:0, loss: 0.4541, lr: 0.0005721792083549806
2026-09-30 10:30:20 - train: epoch 138, iter:20, loss: 0.5297, lr: 0.0005721792083549806
2026-09-30 10:30:24 - val epoch: 138, loss: 0.8131
2026-09-30 10:30:24 - train gamma: g2=0.109 g3=0.102 g4=0.077 g5=0.037
2026-09-30 10:30:25 - train: epoch 139, iter:0, loss: 0.5350, lr: 0.0005670399506143306
2026-09-30 10:30:28 - train: epoch 139, iter:20, loss: 0.5205, lr: 0.0005670399506143306
2026-09-30 10:30:31 - val epoch: 139, loss: 0.8633
2026-09-30 10:30:31 - train gamma: g2=0.109 g3=0.105 g4=0.075 g5=0.035
2026-09-30 10:30:32 - train: epoch 140, iter:0, loss: 0.5550, lr: 0.000561893889493969
2026-09-30 10:30:35 - train: epoch 140, iter:20, loss: 0.5262, lr: 0.000561893889493969
2026-09-30 10:30:39 - val epoch: 140, loss: 0.8564, miou: 0.7780077357969258, f1_or_dsc: 0.8751455014881729, accuracy: 0.9389886761655902,                 specificity: 0.9584711738967769, sensitivity: 0.8784330705295459, confusion_matrix: [[38399707  1663790]
 [ 1566948 11322643]]
2026-09-30 10:30:39 - train gamma: g2=0.109 g3=0.106 g4=0.075 g5=0.032
2026-09-30 10:30:40 - train: epoch 141, iter:0, loss: 0.7064, lr: 0.0005567415893174885
2026-09-30 10:30:43 - train: epoch 141, iter:20, loss: 0.5265, lr: 0.0005567415893174885
2026-09-30 10:30:47 - val epoch: 141, loss: 0.8196
2026-09-30 10:30:47 - train gamma: g2=0.109 g3=0.103 g4=0.074 g5=0.034
2026-09-30 10:30:48 - train: epoch 142, iter:0, loss: 0.4073, lr: 0.0005515836150926646
2026-09-30 10:30:51 - train: epoch 142, iter:20, loss: 0.5288, lr: 0.0005515836150926646
2026-09-30 10:30:54 - val epoch: 142, loss: 0.8318
2026-09-30 10:30:54 - train gamma: g2=0.109 g3=0.105 g4=0.076 g5=0.034
2026-09-30 10:30:56 - train: epoch 143, iter:0, loss: 0.3994, lr: 0.0005464205324494961
2026-09-30 10:30:59 - train: epoch 143, iter:20, loss: 0.5033, lr: 0.0005464205324494961
2026-09-30 10:31:03 - val epoch: 143, loss: 0.8183
2026-09-30 10:31:03 - train gamma: g2=0.109 g3=0.100 g4=0.076 g5=0.034
2026-09-30 10:31:04 - train: epoch 144, iter:0, loss: 0.5751, lr: 0.0005412529075781776
2026-09-30 10:31:07 - train: epoch 144, iter:20, loss: 0.5315, lr: 0.0005412529075781776
2026-09-30 10:31:11 - val epoch: 144, loss: 0.8472
2026-09-30 10:31:11 - train gamma: g2=0.109 g3=0.105 g4=0.076 g5=0.035
2026-09-30 10:31:12 - train: epoch 145, iter:0, loss: 0.5225, lr: 0.0005360813071670101
2026-09-30 10:31:15 - train: epoch 145, iter:20, loss: 0.4987, lr: 0.0005360813071670101
2026-09-30 10:31:18 - val epoch: 145, loss: 0.8297
2026-09-30 10:31:18 - train gamma: g2=0.109 g3=0.106 g4=0.075 g5=0.034
2026-09-30 10:31:20 - train: epoch 146, iter:0, loss: 0.4989, lr: 0.0005309062983402573
2026-09-30 10:31:23 - train: epoch 146, iter:20, loss: 0.5440, lr: 0.0005309062983402573
2026-09-30 10:31:26 - val epoch: 146, loss: 0.8760
2026-09-30 10:31:26 - train gamma: g2=0.109 g3=0.105 g4=0.074 g5=0.037
2026-09-30 10:31:28 - train: epoch 147, iter:0, loss: 0.5679, lr: 0.0005257284485959538
2026-09-30 10:31:31 - train: epoch 147, iter:20, loss: 0.5306, lr: 0.0005257284485959538
2026-09-30 10:31:34 - val epoch: 147, loss: 0.8272
2026-09-30 10:31:34 - train gamma: g2=0.109 g3=0.102 g4=0.075 g5=0.035
2026-09-30 10:31:35 - train: epoch 148, iter:0, loss: 0.5091, lr: 0.0005205483257436734
2026-09-30 10:31:39 - train: epoch 148, iter:20, loss: 0.5051, lr: 0.0005205483257436734
2026-09-30 10:31:42 - val epoch: 148, loss: 0.8016
2026-09-30 10:31:42 - train gamma: g2=0.109 g3=0.104 g4=0.074 g5=0.036
2026-09-30 10:31:43 - train: epoch 149, iter:0, loss: 0.4430, lr: 0.0005153664978422616
2026-09-30 10:31:47 - train: epoch 149, iter:20, loss: 0.4993, lr: 0.0005153664978422616
2026-09-30 10:31:50 - val epoch: 149, loss: 0.8229
2026-09-30 10:31:50 - train gamma: g2=0.109 g3=0.103 g4=0.075 g5=0.035
2026-09-30 10:31:51 - train: epoch 150, iter:0, loss: 0.4612, lr: 0.0005101835331375416
2026-09-30 10:31:54 - train: epoch 150, iter:20, loss: 0.4893, lr: 0.0005101835331375416
2026-09-30 10:31:58 - val epoch: 150, loss: 0.8534, miou: 0.782133466540124, f1_or_dsc: 0.8777495975748397, accuracy: 0.9412244853406849,                 specificity: 0.9651561370191923, sensitivity: 0.8668399951557811, confusion_matrix: [[38667530  1395967]
 [ 1716378 11173213]]
2026-09-30 10:31:58 - train gamma: g2=0.110 g3=0.109 g4=0.075 g5=0.035
2026-09-30 10:31:59 - train: epoch 151, iter:0, loss: 0.5197, lr: 0.0005049999999999999
2026-09-30 10:32:02 - train: epoch 151, iter:20, loss: 0.5021, lr: 0.0005049999999999999
2026-09-30 10:32:05 - val epoch: 151, loss: 0.8258
2026-09-30 10:32:05 - train gamma: g2=0.110 g3=0.100 g4=0.074 g5=0.037
2026-09-30 10:32:07 - train: epoch 152, iter:0, loss: 0.5215, lr: 0.0004998164668624582
2026-09-30 10:32:10 - train: epoch 152, iter:20, loss: 0.4935, lr: 0.0004998164668624582
2026-09-30 10:32:13 - val epoch: 152, loss: 0.8218
2026-09-30 10:32:13 - train gamma: g2=0.110 g3=0.105 g4=0.076 g5=0.036
2026-09-30 10:32:14 - train: epoch 153, iter:0, loss: 0.6136, lr: 0.0004946335021577383
2026-09-30 10:32:17 - train: epoch 153, iter:20, loss: 0.5183, lr: 0.0004946335021577383
2026-09-30 10:32:21 - val epoch: 153, loss: 0.8575
2026-09-30 10:32:21 - train gamma: g2=0.110 g3=0.105 g4=0.077 g5=0.039
2026-09-30 10:32:22 - train: epoch 154, iter:0, loss: 0.5386, lr: 0.0004894516742563263
2026-09-30 10:32:25 - train: epoch 154, iter:20, loss: 0.5174, lr: 0.0004894516742563263
2026-09-30 10:32:28 - val epoch: 154, loss: 0.8447
2026-09-30 10:32:28 - train gamma: g2=0.110 g3=0.108 g4=0.079 g5=0.037
2026-09-30 10:32:29 - train: epoch 155, iter:0, loss: 0.6422, lr: 0.000484271551404046
2026-09-30 10:32:32 - train: epoch 155, iter:20, loss: 0.5120, lr: 0.000484271551404046
2026-09-30 10:32:36 - val epoch: 155, loss: 0.8702
2026-09-30 10:32:36 - train gamma: g2=0.110 g3=0.107 g4=0.075 g5=0.035
2026-09-30 10:32:37 - train: epoch 156, iter:0, loss: 0.5442, lr: 0.0004790937016597426
2026-09-30 10:32:40 - train: epoch 156, iter:20, loss: 0.5042, lr: 0.0004790937016597426
2026-09-30 10:32:43 - val epoch: 156, loss: 0.8361
2026-09-30 10:32:43 - train gamma: g2=0.110 g3=0.103 g4=0.077 g5=0.038
2026-09-30 10:32:44 - train: epoch 157, iter:0, loss: 0.4738, lr: 0.0004739186928329898
2026-09-30 10:32:48 - train: epoch 157, iter:20, loss: 0.4891, lr: 0.0004739186928329898
2026-09-30 10:32:51 - val epoch: 157, loss: 0.8726
2026-09-30 10:32:51 - train gamma: g2=0.110 g3=0.106 g4=0.076 g5=0.037
2026-09-30 10:32:52 - train: epoch 158, iter:0, loss: 0.4588, lr: 0.0004687470924218222
2026-09-30 10:32:55 - train: epoch 158, iter:20, loss: 0.4957, lr: 0.0004687470924218222
2026-09-30 10:32:58 - val epoch: 158, loss: 0.9245
2026-09-30 10:32:58 - train gamma: g2=0.110 g3=0.103 g4=0.078 g5=0.036
2026-09-30 10:33:00 - train: epoch 159, iter:0, loss: 0.4680, lr: 0.00046357946755050356
2026-09-30 10:33:03 - train: epoch 159, iter:20, loss: 0.4818, lr: 0.00046357946755050356
2026-09-30 10:33:06 - val epoch: 159, loss: 0.8375
2026-09-30 10:33:06 - train gamma: g2=0.110 g3=0.106 g4=0.077 g5=0.037
2026-09-30 10:33:07 - train: epoch 160, iter:0, loss: 0.4130, lr: 0.00045841638490733513
2026-09-30 10:33:10 - train: epoch 160, iter:20, loss: 0.4944, lr: 0.00045841638490733513
2026-09-30 10:33:14 - val epoch: 160, loss: 0.8548, miou: 0.781179331940106, f1_or_dsc: 0.8771484352327685, accuracy: 0.9406418941988803,                 specificity: 0.9631919300504397, sensitivity: 0.8705517498576952, confusion_matrix: [[38588837  1474660]
 [ 1668535 11221056]]
2026-09-30 10:33:14 - train gamma: g2=0.110 g3=0.109 g4=0.081 g5=0.039
2026-09-30 10:33:15 - train: epoch 161, iter:0, loss: 0.4962, lr: 0.00045325841068251133
2026-09-30 10:33:18 - train: epoch 161, iter:20, loss: 0.4866, lr: 0.00045325841068251133
2026-09-30 10:33:21 - val epoch: 161, loss: 0.8256
2026-09-30 10:33:21 - train gamma: g2=0.110 g3=0.103 g4=0.079 g5=0.039
2026-09-30 10:33:23 - train: epoch 162, iter:0, loss: 0.4355, lr: 0.0004481061105060308
2026-09-30 10:33:26 - train: epoch 162, iter:20, loss: 0.4890, lr: 0.0004481061105060308
2026-09-30 10:33:29 - val epoch: 162, loss: 0.8863
2026-09-30 10:33:29 - train gamma: g2=0.110 g3=0.107 g4=0.079 g5=0.038
2026-09-30 10:33:31 - train: epoch 163, iter:0, loss: 0.5275, lr: 0.0004429600493856691
2026-09-30 10:33:34 - train: epoch 163, iter:20, loss: 0.4735, lr: 0.0004429600493856691
2026-09-30 10:33:37 - val epoch: 163, loss: 0.8635
2026-09-30 10:33:37 - train gamma: g2=0.110 g3=0.104 g4=0.079 g5=0.041
2026-09-30 10:33:38 - train: epoch 164, iter:0, loss: 0.4627, lr: 0.000437820791645019
2026-09-30 10:33:41 - train: epoch 164, iter:20, loss: 0.5009, lr: 0.000437820791645019
2026-09-30 10:33:45 - val epoch: 164, loss: 0.8772
2026-09-30 10:33:45 - train gamma: g2=0.110 g3=0.104 g4=0.080 g5=0.040
2026-09-30 10:33:46 - train: epoch 165, iter:0, loss: 0.4466, lr: 0.00043268890086160604
2026-09-30 10:33:49 - train: epoch 165, iter:20, loss: 0.4863, lr: 0.00043268890086160604
2026-09-30 10:33:52 - val epoch: 165, loss: 0.8371
2026-09-30 10:33:52 - train gamma: g2=0.110 g3=0.109 g4=0.081 g5=0.041
2026-09-30 10:33:53 - train: epoch 166, iter:0, loss: 0.6265, lr: 0.0004275649398050855
2026-09-30 10:33:56 - train: epoch 166, iter:20, loss: 0.5040, lr: 0.0004275649398050855
2026-09-30 10:34:00 - val epoch: 166, loss: 0.9223
2026-09-30 10:34:00 - train gamma: g2=0.110 g3=0.106 g4=0.080 g5=0.044
2026-09-30 10:34:01 - train: epoch 167, iter:0, loss: 0.5609, lr: 0.0004224494703755289
2026-09-30 10:34:04 - train: epoch 167, iter:20, loss: 0.4955, lr: 0.0004224494703755289
2026-09-30 10:34:08 - val epoch: 167, loss: 0.8502
2026-09-30 10:34:08 - train gamma: g2=0.110 g3=0.105 g4=0.080 g5=0.039
2026-09-30 10:34:09 - train: epoch 168, iter:0, loss: 0.5864, lr: 0.00041734305354180595
2026-09-30 10:34:12 - train: epoch 168, iter:20, loss: 0.4955, lr: 0.00041734305354180595
2026-09-30 10:34:15 - val epoch: 168, loss: 0.8394
2026-09-30 10:34:15 - train gamma: g2=0.110 g3=0.105 g4=0.081 g5=0.043
2026-09-30 10:34:17 - train: epoch 169, iter:0, loss: 0.4025, lr: 0.000412246249280066
2026-09-30 10:34:20 - train: epoch 169, iter:20, loss: 0.4768, lr: 0.000412246249280066
2026-09-30 10:34:23 - val epoch: 169, loss: 0.8380
2026-09-30 10:34:23 - train gamma: g2=0.110 g3=0.107 g4=0.079 g5=0.040
2026-09-30 10:34:24 - train: epoch 170, iter:0, loss: 0.4801, lr: 0.0004071596165123322
2026-09-30 10:34:27 - train: epoch 170, iter:20, loss: 0.4815, lr: 0.0004071596165123322
2026-09-30 10:34:31 - val epoch: 170, loss: 0.8531, miou: 0.7852093247194548, f1_or_dsc: 0.879683198879605, accuracy: 0.9409257303370108,                 specificity: 0.9582115110920048, sensitivity: 0.8871979723794184, confusion_matrix: [[38389304  1674193]
 [ 1453972 11435619]]
2026-09-30 10:34:31 - train gamma: g2=0.110 g3=0.104 g4=0.079 g5=0.039
2026-09-30 10:34:32 - train: epoch 171, iter:0, loss: 0.5275, lr: 0.0004020837130452088
2026-09-30 10:34:35 - train: epoch 171, iter:20, loss: 0.4778, lr: 0.0004020837130452088
2026-09-30 10:34:39 - val epoch: 171, loss: 0.8740
2026-09-30 10:34:39 - train gamma: g2=0.110 g3=0.105 g4=0.081 g5=0.042
2026-09-30 10:34:40 - train: epoch 172, iter:0, loss: 0.4020, lr: 0.00039701909550871116
2026-09-30 10:34:44 - train: epoch 172, iter:20, loss: 0.4763, lr: 0.00039701909550871116
2026-09-30 10:34:47 - val epoch: 172, loss: 0.8610
2026-09-30 10:34:47 - train gamma: g2=0.110 g3=0.103 g4=0.081 g5=0.039
2026-09-30 10:34:48 - train: epoch 173, iter:0, loss: 0.4852, lr: 0.0003919663192952252
2026-09-30 10:34:51 - train: epoch 173, iter:20, loss: 0.4793, lr: 0.0003919663192952252
2026-09-30 10:34:55 - val epoch: 173, loss: 0.8470
2026-09-30 10:34:55 - train gamma: g2=0.110 g3=0.104 g4=0.082 g5=0.042
2026-09-30 10:34:56 - train: epoch 174, iter:0, loss: 0.6504, lr: 0.0003869259384986023
2026-09-30 10:34:59 - train: epoch 174, iter:20, loss: 0.4649, lr: 0.0003869259384986023
2026-09-30 10:35:03 - val epoch: 174, loss: 0.8287
2026-09-30 10:35:03 - train gamma: g2=0.110 g3=0.106 g4=0.082 g5=0.042
2026-09-30 10:35:04 - train: epoch 175, iter:0, loss: 0.5795, lr: 0.0003818985058533967
2026-09-30 10:35:07 - train: epoch 175, iter:20, loss: 0.4751, lr: 0.0003818985058533967
2026-09-30 10:35:11 - val epoch: 175, loss: 0.8689
2026-09-30 10:35:11 - train gamma: g2=0.110 g3=0.108 g4=0.081 g5=0.044
2026-09-30 10:35:12 - train: epoch 176, iter:0, loss: 0.4591, lr: 0.00037688457267425206
2026-09-30 10:35:15 - train: epoch 176, iter:20, loss: 0.4727, lr: 0.00037688457267425206
2026-09-30 10:35:18 - val epoch: 176, loss: 0.8218
2026-09-30 10:35:18 - train gamma: g2=0.110 g3=0.106 g4=0.083 g5=0.044
2026-09-30 10:35:20 - train: epoch 177, iter:0, loss: 0.5132, lr: 0.0003718846887954434
2026-09-30 10:35:23 - train: epoch 177, iter:20, loss: 0.4713, lr: 0.0003718846887954434
2026-09-30 10:35:26 - val epoch: 177, loss: 0.9329
2026-09-30 10:35:26 - train gamma: g2=0.110 g3=0.106 g4=0.081 g5=0.041
2026-09-30 10:35:27 - train: epoch 178, iter:0, loss: 0.6011, lr: 0.0003668994025105812
2026-09-30 10:35:31 - train: epoch 178, iter:20, loss: 0.4768, lr: 0.0003668994025105812
2026-09-30 10:35:34 - val epoch: 178, loss: 0.8537
2026-09-30 10:35:52 - train gamma: g2=0.110 g3=0.106 g4=0.081 g5=0.043
2026-09-30 10:35:53 - train: epoch 179, iter:0, loss: 0.3979, lr: 0.0003619292605124862
2026-09-30 10:35:56 - train: epoch 179, iter:20, loss: 0.4828, lr: 0.0003619292605124862
2026-09-30 10:36:00 - val epoch: 179, loss: 0.8719
2026-09-30 10:36:00 - train gamma: g2=0.110 g3=0.107 g4=0.081 g5=0.044
2026-09-30 10:36:01 - train: epoch 180, iter:0, loss: 0.4360, lr: 0.00035697480783323686
2026-09-30 10:36:04 - train: epoch 180, iter:20, loss: 0.4555, lr: 0.00035697480783323686
2026-09-30 10:36:08 - val epoch: 180, loss: 0.8895, miou: 0.7811062392612887, f1_or_dsc: 0.8771023558765944, accuracy: 0.9417349371579614,                 specificity: 0.9699116879387738, sensitivity: 0.854155806805662, confusion_matrix: [[38858054  1205443]
 [ 1879872 11009719]]
2026-09-30 10:36:08 - train gamma: g2=0.110 g3=0.106 g4=0.083 g5=0.045
2026-09-30 10:36:09 - train: epoch 181, iter:0, loss: 0.4180, lr: 0.00035203658778440076
2026-09-30 10:36:12 - train: epoch 181, iter:20, loss: 0.4787, lr: 0.00035203658778440076
2026-09-30 10:36:15 - val epoch: 181, loss: 0.9282
2026-09-30 10:36:15 - train gamma: g2=0.110 g3=0.106 g4=0.082 g5=0.045
2026-09-30 10:36:17 - train: epoch 182, iter:0, loss: 0.4800, lr: 0.00034711514189745505
2026-09-30 10:36:20 - train: epoch 182, iter:20, loss: 0.4846, lr: 0.00034711514189745505
2026-09-30 10:36:23 - val epoch: 182, loss: 0.8870
2026-09-30 10:36:23 - train gamma: g2=0.110 g3=0.110 g4=0.084 g5=0.042
2026-09-30 10:36:24 - train: epoch 183, iter:0, loss: 0.4774, lr: 0.00034221100986440094
2026-09-30 10:36:27 - train: epoch 183, iter:20, loss: 0.4727, lr: 0.00034221100986440094
2026-09-30 10:36:31 - val epoch: 183, loss: 0.8446
2026-09-30 10:36:31 - train gamma: g2=0.110 g3=0.109 g4=0.085 g5=0.045
2026-09-30 10:36:32 - train: epoch 184, iter:0, loss: 0.4642, lr: 0.0003373247294785804
2026-09-30 10:36:35 - train: epoch 184, iter:20, loss: 0.4665, lr: 0.0003373247294785804
2026-09-30 10:36:39 - val epoch: 184, loss: 0.8403
2026-09-30 10:36:39 - train gamma: g2=0.110 g3=0.110 g4=0.085 g5=0.045
2026-09-30 10:36:40 - train: epoch 185, iter:0, loss: 0.4709, lr: 0.0003324568365757012
2026-09-30 10:36:43 - train: epoch 185, iter:20, loss: 0.4751, lr: 0.0003324568365757012
2026-09-30 10:36:46 - val epoch: 185, loss: 0.8291
2026-09-30 10:36:46 - train gamma: g2=0.110 g3=0.106 g4=0.084 g5=0.045
2026-09-30 10:36:48 - train: epoch 186, iter:0, loss: 0.3824, lr: 0.0003276078649750761
2026-09-30 10:36:51 - train: epoch 186, iter:20, loss: 0.4589, lr: 0.0003276078649750761
2026-09-30 10:36:54 - val epoch: 186, loss: 0.8510
2026-09-30 10:36:54 - train gamma: g2=0.110 g3=0.106 g4=0.085 g5=0.047
2026-09-30 10:36:55 - train: epoch 187, iter:0, loss: 0.4221, lr: 0.00032277834642108417
2026-09-30 10:36:58 - train: epoch 187, iter:20, loss: 0.4694, lr: 0.00032277834642108417
2026-09-30 10:37:02 - val epoch: 187, loss: 0.8976
2026-09-30 10:37:02 - train gamma: g2=0.110 g3=0.108 g4=0.085 g5=0.047
2026-09-30 10:37:03 - train: epoch 188, iter:0, loss: 0.3820, lr: 0.00031796881052485835
2026-09-30 10:37:06 - train: epoch 188, iter:20, loss: 0.4620, lr: 0.00031796881052485835
2026-09-30 10:37:09 - val epoch: 188, loss: 0.8737
2026-09-30 10:37:09 - train gamma: g2=0.110 g3=0.110 g4=0.087 g5=0.047
2026-09-30 10:37:11 - train: epoch 189, iter:0, loss: 0.4360, lr: 0.00031317978470620867
2026-09-30 10:37:14 - train: epoch 189, iter:20, loss: 0.4559, lr: 0.00031317978470620867
2026-09-30 10:37:17 - val epoch: 189, loss: 0.9231
2026-09-30 10:37:17 - train gamma: g2=0.111 g3=0.106 g4=0.085 g5=0.047
2026-09-30 10:37:19 - train: epoch 190, iter:0, loss: 0.5020, lr: 0.00030841179413578315
2026-09-30 10:37:22 - train: epoch 190, iter:20, loss: 0.4693, lr: 0.00030841179413578315
2026-09-30 10:37:25 - val epoch: 190, loss: 0.9083, miou: 0.7787743747006295, f1_or_dsc: 0.8756303056498645, accuracy: 0.9405858634722115,                 specificity: 0.9667548491835348, sensitivity: 0.8592472794520788, confusion_matrix: [[38731580  1331917]
 [ 1814245 11075346]]
2026-09-30 10:37:25 - train gamma: g2=0.110 g3=0.108 g4=0.086 g5=0.047
2026-09-30 10:37:26 - train: epoch 191, iter:0, loss: 0.3908, lr: 0.0003036653616774785
2026-09-30 10:37:30 - train: epoch 191, iter:20, loss: 0.4608, lr: 0.0003036653616774785
2026-09-30 10:37:33 - val epoch: 191, loss: 0.8675
2026-09-30 10:37:33 - train gamma: g2=0.111 g3=0.107 g4=0.084 g5=0.048
2026-09-30 10:37:35 - train: epoch 192, iter:0, loss: 0.4958, lr: 0.0002989410078311011
2026-09-30 10:37:38 - train: epoch 192, iter:20, loss: 0.4574, lr: 0.0002989410078311011
2026-09-30 10:37:41 - val epoch: 192, loss: 0.8977
2026-09-30 10:37:41 - train gamma: g2=0.111 g3=0.107 g4=0.087 g5=0.047
2026-09-30 10:37:42 - train: epoch 193, iter:0, loss: 0.5294, lr: 0.00029423925067528865
2026-09-30 10:37:46 - train: epoch 193, iter:20, loss: 0.4567, lr: 0.00029423925067528865
2026-09-30 10:37:49 - val epoch: 193, loss: 0.8647
2026-09-30 10:37:49 - train gamma: g2=0.111 g3=0.106 g4=0.085 g5=0.046
2026-09-30 10:37:50 - train: epoch 194, iter:0, loss: 0.4880, lr: 0.0002895606058106975
2026-09-30 10:37:53 - train: epoch 194, iter:20, loss: 0.4510, lr: 0.0002895606058106975
2026-09-30 10:37:57 - val epoch: 194, loss: 0.8752
2026-09-30 10:37:57 - train gamma: g2=0.111 g3=0.107 g4=0.084 g5=0.047
2026-09-30 10:37:58 - train: epoch 195, iter:0, loss: 0.4049, lr: 0.0002849055863034606
2026-09-30 10:38:01 - train: epoch 195, iter:20, loss: 0.4546, lr: 0.0002849055863034606
2026-09-30 10:38:05 - val epoch: 195, loss: 0.8565
2026-09-30 10:38:05 - train gamma: g2=0.111 g3=0.106 g4=0.085 g5=0.048
2026-09-30 10:38:06 - train: epoch 196, iter:0, loss: 0.5079, lr: 0.00028027470262892396
2026-09-30 10:38:09 - train: epoch 196, iter:20, loss: 0.4481, lr: 0.00028027470262892396
2026-09-30 10:38:12 - val epoch: 196, loss: 0.8592
2026-09-30 10:38:12 - train gamma: g2=0.111 g3=0.109 g4=0.086 g5=0.048
2026-09-30 10:38:13 - train: epoch 197, iter:0, loss: 0.4315, lr: 0.0002756684626156682
2026-09-30 10:38:16 - train: epoch 197, iter:20, loss: 0.4643, lr: 0.0002756684626156682
2026-09-30 10:38:20 - val epoch: 197, loss: 0.9143
2026-09-30 10:38:20 - train gamma: g2=0.111 g3=0.106 g4=0.086 g5=0.047
2026-09-30 10:38:21 - train: epoch 198, iter:0, loss: 0.5268, lr: 0.000271087371389818
2026-09-30 10:38:24 - train: epoch 198, iter:20, loss: 0.4636, lr: 0.000271087371389818
2026-09-30 10:38:28 - val epoch: 198, loss: 0.8670
2026-09-30 10:38:28 - train gamma: g2=0.111 g3=0.108 g4=0.086 g5=0.049
2026-09-30 10:38:29 - train: epoch 199, iter:0, loss: 0.4337, lr: 0.0002665319313196505
2026-09-30 10:38:32 - train: epoch 199, iter:20, loss: 0.4562, lr: 0.0002665319313196505
2026-09-30 10:38:36 - val epoch: 199, loss: 0.9650
2026-09-30 10:38:36 - train gamma: g2=0.111 g3=0.105 g4=0.086 g5=0.050
2026-09-30 10:38:37 - train: epoch 200, iter:0, loss: 0.4457, lr: 0.00026200264196050494
2026-09-30 10:38:40 - train: epoch 200, iter:20, loss: 0.4595, lr: 0.00026200264196050494
2026-09-30 10:38:43 - val epoch: 200, loss: 0.9248, miou: 0.7757168193495974, f1_or_dsc: 0.8736942860446902, accuracy: 0.9396273358033436,                 specificity: 0.9659453342278134, sensitivity: 0.8578255896560255, confusion_matrix: [[38699148  1364349]
 [ 1832570 11057021]]
2026-09-30 10:38:43 - train gamma: g2=0.111 g3=0.106 g4=0.087 g5=0.052
2026-09-30 10:38:45 - train: epoch 201, iter:0, loss: 0.4893, lr: 0.00025749999999999954
2026-09-30 10:38:48 - train: epoch 201, iter:20, loss: 0.4549, lr: 0.00025749999999999954
2026-09-30 10:38:51 - val epoch: 201, loss: 0.9076
2026-09-30 10:38:51 - train gamma: g2=0.111 g3=0.108 g4=0.087 g5=0.051
2026-09-30 10:38:52 - train: epoch 202, iter:0, loss: 0.4699, lr: 0.0002530244992035658
2026-09-30 10:38:56 - train: epoch 202, iter:20, loss: 0.4420, lr: 0.0002530244992035658
2026-09-30 10:38:59 - val epoch: 202, loss: 0.9219
2026-09-30 10:38:59 - train gamma: g2=0.111 g3=0.109 g4=0.087 g5=0.052
2026-09-30 10:39:00 - train: epoch 203, iter:0, loss: 0.4184, lr: 0.0002485766303603003
2026-09-30 10:39:04 - train: epoch 203, iter:20, loss: 0.4532, lr: 0.0002485766303603003
2026-09-30 10:39:07 - val epoch: 203, loss: 0.9749
2026-09-30 10:39:07 - train gamma: g2=0.111 g3=0.109 g4=0.087 g5=0.053
2026-09-30 10:39:08 - train: epoch 204, iter:0, loss: 0.4401, lr: 0.0002441568812291443
2026-09-30 10:39:11 - train: epoch 204, iter:20, loss: 0.4599, lr: 0.0002441568812291443
2026-09-30 10:39:15 - val epoch: 204, loss: 0.8610
2026-09-30 10:39:15 - train gamma: g2=0.111 g3=0.108 g4=0.087 g5=0.053
2026-09-30 10:39:16 - train: epoch 205, iter:0, loss: 0.4289, lr: 0.00023976573648539645
2026-09-30 10:39:19 - train: epoch 205, iter:20, loss: 0.4313, lr: 0.00023976573648539645
2026-09-30 10:39:23 - val epoch: 205, loss: 0.8909
2026-09-30 10:39:23 - train gamma: g2=0.111 g3=0.107 g4=0.088 g5=0.053
2026-09-30 10:39:24 - train: epoch 206, iter:0, loss: 0.4839, lr: 0.00023540367766756144
2026-09-30 10:39:27 - train: epoch 206, iter:20, loss: 0.4464, lr: 0.00023540367766756144
2026-09-30 10:39:31 - val epoch: 206, loss: 0.9260
2026-09-30 10:39:31 - train gamma: g2=0.111 g3=0.109 g4=0.087 g5=0.053
2026-09-30 10:39:32 - train: epoch 207, iter:0, loss: 0.4146, lr: 0.0002310711831245444
2026-09-30 10:39:35 - train: epoch 207, iter:20, loss: 0.4581, lr: 0.0002310711831245444
2026-09-30 10:39:38 - val epoch: 207, loss: 0.9115
2026-09-30 10:39:38 - train gamma: g2=0.111 g3=0.110 g4=0.089 g5=0.053
2026-09-30 10:39:40 - train: epoch 208, iter:0, loss: 0.4852, lr: 0.00022676872796319514
2026-09-30 10:39:43 - train: epoch 208, iter:20, loss: 0.4399, lr: 0.00022676872796319514
2026-09-30 10:39:46 - val epoch: 208, loss: 0.8599
2026-09-30 10:39:46 - train gamma: g2=0.111 g3=0.106 g4=0.088 g5=0.052
2026-09-30 10:39:48 - train: epoch 209, iter:0, loss: 0.4035, lr: 0.00022249678399620604
2026-09-30 10:39:51 - train: epoch 209, iter:20, loss: 0.4606, lr: 0.00022249678399620604
2026-09-30 10:39:54 - val epoch: 209, loss: 0.8798
2026-09-30 10:39:54 - train gamma: g2=0.111 g3=0.108 g4=0.089 g5=0.053
2026-09-30 10:39:56 - train: epoch 210, iter:0, loss: 0.4166, lr: 0.0002182558196903736
2026-09-30 10:39:59 - train: epoch 210, iter:20, loss: 0.4464, lr: 0.0002182558196903736
2026-09-30 10:40:03 - val epoch: 210, loss: 0.9170, miou: 0.7774523480619852, f1_or_dsc: 0.8747940263036217, accuracy: 0.940783132420908,                 specificity: 0.9700351419647666, sensitivity: 0.8498618769206874, confusion_matrix: [[38863000  1200497]
 [ 1935219 10954372]]
2026-09-30 10:40:03 - train gamma: g2=0.111 g3=0.107 g4=0.089 g5=0.053
2026-09-30 10:40:04 - train: epoch 211, iter:0, loss: 0.4906, lr: 0.00021404630011522552
2026-09-30 10:40:07 - train: epoch 211, iter:20, loss: 0.4508, lr: 0.00021404630011522552
2026-09-30 10:40:11 - val epoch: 211, loss: 0.8953
2026-09-30 10:40:11 - train gamma: g2=0.111 g3=0.107 g4=0.089 g5=0.051
2026-09-30 10:40:12 - train: epoch 212, iter:0, loss: 0.4120, lr: 0.0002098686868920198
2026-09-30 10:40:15 - train: epoch 212, iter:20, loss: 0.4600, lr: 0.0002098686868920198
2026-09-30 10:40:18 - val epoch: 212, loss: 0.8917
2026-09-30 10:40:18 - train gamma: g2=0.111 g3=0.110 g4=0.090 g5=0.053
2026-09-30 10:40:20 - train: epoch 213, iter:0, loss: 0.4199, lr: 0.00020572343814312415
2026-09-30 10:40:23 - train: epoch 213, iter:20, loss: 0.4466, lr: 0.00020572343814312415
2026-09-30 10:40:26 - val epoch: 213, loss: 0.9202
2026-09-30 10:40:26 - train gamma: g2=0.111 g3=0.108 g4=0.091 g5=0.055
2026-09-30 10:40:27 - train: epoch 214, iter:0, loss: 0.4847, lr: 0.00020161100844177644
2026-09-30 10:40:31 - train: epoch 214, iter:20, loss: 0.4513, lr: 0.00020161100844177644
2026-09-30 10:40:34 - val epoch: 214, loss: 0.9726
2026-09-30 10:40:34 - train gamma: g2=0.111 g3=0.108 g4=0.091 g5=0.054
2026-09-30 10:40:35 - train: epoch 215, iter:0, loss: 0.4680, lr: 0.0001975318487622361
2026-09-30 10:40:38 - train: epoch 215, iter:20, loss: 0.4439, lr: 0.0001975318487622361
2026-09-30 10:40:42 - val epoch: 215, loss: 0.9104
2026-09-30 10:40:42 - train gamma: g2=0.111 g3=0.108 g4=0.089 g5=0.054
2026-09-30 10:40:43 - train: epoch 216, iter:0, loss: 0.3712, lr: 0.00019348640643033024
2026-09-30 10:40:46 - train: epoch 216, iter:20, loss: 0.4479, lr: 0.00019348640643033024
2026-09-30 10:40:50 - val epoch: 216, loss: 0.8845
2026-09-30 10:40:50 - train gamma: g2=0.111 g3=0.108 g4=0.089 g5=0.055
2026-09-30 10:40:51 - train: epoch 217, iter:0, loss: 0.4454, lr: 0.00018947512507439828
2026-09-30 10:40:54 - train: epoch 217, iter:20, loss: 0.4444, lr: 0.00018947512507439828
2026-09-30 10:40:58 - val epoch: 217, loss: 0.8995
2026-09-30 10:40:58 - train gamma: g2=0.111 g3=0.109 g4=0.089 g5=0.053
2026-09-30 10:40:59 - train: epoch 218, iter:0, loss: 0.3813, lr: 0.00018549844457664425
2026-09-30 10:41:02 - train: epoch 218, iter:20, loss: 0.4347, lr: 0.00018549844457664425
2026-09-30 10:41:06 - val epoch: 218, loss: 0.9274
2026-09-30 10:41:06 - train gamma: g2=0.111 g3=0.107 g4=0.088 g5=0.055
2026-09-30 10:41:07 - train: epoch 219, iter:0, loss: 0.4372, lr: 0.00018155680102489765
2026-09-30 10:41:10 - train: epoch 219, iter:20, loss: 0.4325, lr: 0.00018155680102489765
2026-09-30 10:41:14 - val epoch: 219, loss: 0.8637
2026-09-30 10:41:14 - train gamma: g2=0.111 g3=0.107 g4=0.089 g5=0.055
2026-09-30 10:41:15 - train: epoch 220, iter:0, loss: 0.4691, lr: 0.00017765062666479195
2026-09-30 10:41:18 - train: epoch 220, iter:20, loss: 0.4490, lr: 0.00017765062666479195
2026-09-30 10:41:21 - val epoch: 220, loss: 0.9004, miou: 0.7789002393946818, f1_or_dsc: 0.8757098595475183, accuracy: 0.9400781688123646,                 specificity: 0.96351778777574, sensitivity: 0.8672230173944231, confusion_matrix: [[38601892  1461605]
 [ 1711441 11178150]]
2026-09-30 10:41:21 - train gamma: g2=0.111 g3=0.108 g4=0.090 g5=0.055
2026-09-30 10:41:23 - train: epoch 221, iter:0, loss: 0.4147, lr: 0.00017378034985236489
2026-09-30 10:41:26 - train: epoch 221, iter:20, loss: 0.4498, lr: 0.00017378034985236489
2026-09-30 10:41:29 - val epoch: 221, loss: 0.9442
2026-09-30 10:41:29 - train gamma: g2=0.111 g3=0.109 g4=0.090 g5=0.056
2026-09-30 10:41:31 - train: epoch 222, iter:0, loss: 0.4930, lr: 0.0001699463950070827
2026-09-30 10:41:34 - train: epoch 222, iter:20, loss: 0.4299, lr: 0.0001699463950070827
2026-09-30 10:41:37 - val epoch: 222, loss: 0.9102
2026-09-30 10:41:37 - train gamma: g2=0.111 g3=0.109 g4=0.090 g5=0.058
2026-09-30 10:41:38 - train: epoch 223, iter:0, loss: 0.4219, lr: 0.0001661491825652988
2026-09-30 10:41:42 - train: epoch 223, iter:20, loss: 0.4272, lr: 0.0001661491825652988
2026-09-30 10:41:45 - val epoch: 223, loss: 0.8911
2026-09-30 10:41:45 - train gamma: g2=0.111 g3=0.110 g4=0.090 g5=0.055
2026-09-30 10:41:46 - train: epoch 224, iter:0, loss: 0.3939, lr: 0.0001623891289341484
2026-09-30 10:41:49 - train: epoch 224, iter:20, loss: 0.4363, lr: 0.0001623891289341484
2026-09-30 10:41:53 - val epoch: 224, loss: 0.9040
2026-09-30 10:41:53 - train gamma: g2=0.111 g3=0.108 g4=0.090 g5=0.055
2026-09-30 10:41:54 - train: epoch 225, iter:0, loss: 0.4578, lr: 0.0001586666464458838
2026-09-30 10:41:57 - train: epoch 225, iter:20, loss: 0.4465, lr: 0.0001586666464458838
2026-09-30 10:42:00 - val epoch: 225, loss: 0.8732
2026-09-30 10:42:00 - train gamma: g2=0.111 g3=0.110 g4=0.090 g5=0.054
2026-09-30 10:42:01 - train: epoch 226, iter:0, loss: 0.4138, lr: 0.00015498214331265874
2026-09-30 10:42:05 - train: epoch 226, iter:20, loss: 0.4353, lr: 0.00015498214331265874
2026-09-30 10:42:08 - val epoch: 226, loss: 0.9192
2026-09-30 10:42:08 - train gamma: g2=0.111 g3=0.108 g4=0.090 g5=0.056
2026-09-30 10:42:09 - train: epoch 227, iter:0, loss: 0.3491, lr: 0.00015133602358176218
2026-09-30 10:42:12 - train: epoch 227, iter:20, loss: 0.4328, lr: 0.00015133602358176218
2026-09-30 10:42:16 - val epoch: 227, loss: 0.9351
2026-09-30 10:42:16 - train gamma: g2=0.111 g3=0.110 g4=0.090 g5=0.056
2026-09-30 10:42:17 - train: epoch 228, iter:0, loss: 0.3770, lr: 0.00014772868709131046
2026-09-30 10:42:20 - train: epoch 228, iter:20, loss: 0.4329, lr: 0.00014772868709131046
2026-09-30 10:42:23 - val epoch: 228, loss: 0.8885
2026-09-30 10:42:23 - train gamma: g2=0.111 g3=0.108 g4=0.090 g5=0.058
2026-09-30 10:42:25 - train: epoch 229, iter:0, loss: 0.4102, lr: 0.00014416052942640113
2026-09-30 10:42:28 - train: epoch 229, iter:20, loss: 0.4401, lr: 0.00014416052942640113
2026-09-30 10:42:31 - val epoch: 229, loss: 0.9371
2026-09-30 10:42:31 - train gamma: g2=0.111 g3=0.109 g4=0.090 g5=0.058
2026-09-30 10:42:32 - train: epoch 230, iter:0, loss: 0.4507, lr: 0.0001406319418757314
2026-09-30 10:42:35 - train: epoch 230, iter:20, loss: 0.4271, lr: 0.0001406319418757314
2026-09-30 10:42:39 - val epoch: 230, loss: 0.8806, miou: 0.7818320238029469, f1_or_dsc: 0.8775597400413652, accuracy: 0.9402649756705407,                 specificity: 0.9598358076430522, sensitivity: 0.8794348090641511, confusion_matrix: [[38454379  1609118]
 [ 1554036 11335555]]
2026-09-30 10:42:39 - train gamma: g2=0.111 g3=0.110 g4=0.090 g5=0.059
2026-09-30 10:42:40 - train: epoch 231, iter:0, loss: 0.3811, lr: 0.00013714331138868954
2026-09-30 10:42:43 - train: epoch 231, iter:20, loss: 0.4195, lr: 0.00013714331138868954
2026-09-30 10:42:47 - val epoch: 231, loss: 0.8989
2026-09-30 10:42:47 - train gamma: g2=0.111 g3=0.108 g4=0.091 g5=0.058
2026-09-30 10:42:48 - train: epoch 232, iter:0, loss: 0.3569, lr: 0.00013369502053292226
2026-09-30 10:42:51 - train: epoch 232, iter:20, loss: 0.4270, lr: 0.00013369502053292226
2026-09-30 10:43:25 - val epoch: 232, loss: 0.9000
2026-09-30 10:43:25 - train gamma: g2=0.111 g3=0.110 g4=0.091 g5=0.059
2026-09-30 10:43:26 - train: epoch 233, iter:0, loss: 0.4090, lr: 0.0001302874474523804
2026-09-30 10:43:30 - train: epoch 233, iter:20, loss: 0.4229, lr: 0.0001302874474523804
2026-09-30 10:43:33 - val epoch: 233, loss: 0.8827
2026-09-30 10:43:33 - train gamma: g2=0.111 g3=0.109 g4=0.092 g5=0.058
2026-09-30 10:43:34 - train: epoch 234, iter:0, loss: 0.4682, lr: 0.00012692096582585187
2026-09-30 10:43:37 - train: epoch 234, iter:20, loss: 0.4440, lr: 0.00012692096582585187
2026-09-30 10:43:41 - val epoch: 234, loss: 0.9221
2026-09-30 10:43:41 - train gamma: g2=0.111 g3=0.109 g4=0.091 g5=0.059
2026-09-30 10:43:42 - train: epoch 235, iter:0, loss: 0.4235, lr: 0.00012359594482598416
2026-09-30 10:43:45 - train: epoch 235, iter:20, loss: 0.4307, lr: 0.00012359594482598416
2026-09-30 10:43:48 - val epoch: 235, loss: 0.8902
2026-09-30 10:43:48 - train gamma: g2=0.111 g3=0.110 g4=0.092 g5=0.057
2026-09-30 10:43:50 - train: epoch 236, iter:0, loss: 0.4844, lr: 0.00012031274907879919
2026-09-30 10:43:53 - train: epoch 236, iter:20, loss: 0.4282, lr: 0.00012031274907879919
2026-09-30 10:44:20 - val epoch: 236, loss: 0.8975
2026-09-30 10:44:20 - train gamma: g2=0.111 g3=0.109 g4=0.092 g5=0.058
2026-09-30 10:44:21 - train: epoch 237, iter:0, loss: 0.3729, lr: 0.00011707173862370913
2026-09-30 10:44:25 - train: epoch 237, iter:20, loss: 0.4210, lr: 0.00011707173862370913
2026-09-30 10:44:28 - val epoch: 237, loss: 0.8997
2026-09-30 10:44:28 - train gamma: g2=0.111 g3=0.109 g4=0.091 g5=0.057
2026-09-30 10:44:29 - train: epoch 238, iter:0, loss: 0.3928, lr: 0.00011387326887403316
2026-09-30 10:44:32 - train: epoch 238, iter:20, loss: 0.4272, lr: 0.00011387326887403316
2026-09-30 10:44:36 - val epoch: 238, loss: 0.9032
2026-09-30 10:44:36 - train gamma: g2=0.111 g3=0.109 g4=0.092 g5=0.058
2026-09-30 10:44:37 - train: epoch 239, iter:0, loss: 0.3996, lr: 0.00011071769057802265
2026-09-30 10:44:40 - train: epoch 239, iter:20, loss: 0.4261, lr: 0.00011071769057802265
2026-09-30 10:44:44 - val epoch: 239, loss: 0.9090
2026-09-30 10:44:44 - train gamma: g2=0.111 g3=0.110 g4=0.093 g5=0.059
2026-09-30 10:44:45 - train: epoch 240, iter:0, loss: 0.4132, lr: 0.0001076053497803982
2026-09-30 10:44:48 - train: epoch 240, iter:20, loss: 0.4231, lr: 0.0001076053497803982
2026-09-30 10:44:52 - val epoch: 240, loss: 0.8852, miou: 0.7832155452822519, f1_or_dsc: 0.8784305939395369, accuracy: 0.9408433366530012,                 specificity: 0.9610524513124753, sensitivity: 0.8780292563200803, confusion_matrix: [[38503122  1560375]
 [ 1572153 11317438]]
2026-09-30 10:44:52 - train gamma: g2=0.111 g3=0.110 g4=0.093 g5=0.060
2026-09-30 10:44:53 - train: epoch 241, iter:0, loss: 0.4121, lr: 0.00010453658778440088
2026-09-30 10:44:56 - train: epoch 241, iter:20, loss: 0.4291, lr: 0.00010453658778440088
2026-09-30 10:45:00 - val epoch: 241, loss: 0.9006
2026-09-30 10:45:00 - train gamma: g2=0.111 g3=0.110 g4=0.092 g5=0.060
2026-09-30 10:45:01 - train: epoch 242, iter:0, loss: 0.3860, lr: 0.00010151174111436543
2026-09-30 10:45:04 - train: epoch 242, iter:20, loss: 0.4220, lr: 0.00010151174111436543
2026-09-30 10:45:08 - val epoch: 242, loss: 0.8963
2026-09-30 10:45:08 - train gamma: g2=0.111 g3=0.110 g4=0.092 g5=0.059
2026-09-30 10:45:09 - train: epoch 243, iter:0, loss: 0.4088, lr: 9.853114147881633e-05
2026-09-30 10:45:12 - train: epoch 243, iter:20, loss: 0.4200, lr: 9.853114147881633e-05
2026-09-30 10:45:16 - val epoch: 243, loss: 0.9111
2026-09-30 10:45:16 - train gamma: g2=0.111 g3=0.109 g4=0.092 g5=0.060
2026-09-30 10:45:17 - train: epoch 244, iter:0, loss: 0.4428, lr: 9.559511573409167e-05
2026-09-30 10:45:20 - train: epoch 244, iter:20, loss: 0.4103, lr: 9.559511573409167e-05
2026-09-30 10:45:24 - val epoch: 244, loss: 0.9253
2026-09-30 10:45:24 - train gamma: g2=0.111 g3=0.110 g4=0.092 g5=0.062
2026-09-30 10:45:25 - train: epoch 245, iter:0, loss: 0.4221, lr: 9.270398584850061e-05
2026-09-30 10:45:28 - train: epoch 245, iter:20, loss: 0.4324, lr: 9.270398584850061e-05
2026-09-30 10:45:31 - val epoch: 245, loss: 0.9011
2026-09-30 10:45:31 - train gamma: g2=0.111 g3=0.110 g4=0.092 g5=0.061
2026-09-30 10:45:33 - train: epoch 246, iter:0, loss: 0.4608, lr: 8.985806886701499e-05
2026-09-30 10:45:36 - train: epoch 246, iter:20, loss: 0.4258, lr: 8.985806886701499e-05
2026-09-30 10:45:39 - val epoch: 246, loss: 0.9244
2026-09-30 10:45:39 - train gamma: g2=0.111 g3=0.111 g4=0.093 g5=0.061
2026-09-30 10:45:40 - train: epoch 247, iter:0, loss: 0.5052, lr: 8.705767687650239e-05
2026-09-30 10:45:44 - train: epoch 247, iter:20, loss: 0.4277, lr: 8.705767687650239e-05
2026-09-30 10:45:47 - val epoch: 247, loss: 0.8983
2026-09-30 10:45:47 - train gamma: g2=0.111 g3=0.111 g4=0.093 g5=0.062
2026-09-30 10:45:48 - train: epoch 248, iter:0, loss: 0.4205, lr: 8.430311697150229e-05
2026-09-30 10:45:51 - train: epoch 248, iter:20, loss: 0.4337, lr: 8.430311697150229e-05
2026-09-30 10:45:55 - val epoch: 248, loss: 0.9071
2026-09-30 10:45:55 - train gamma: g2=0.111 g3=0.111 g4=0.093 g5=0.061
2026-09-30 10:45:56 - train: epoch 249, iter:0, loss: 0.3944, lr: 8.159469122054909e-05
2026-09-30 10:45:59 - train: epoch 249, iter:20, loss: 0.4249, lr: 8.159469122054909e-05
2026-09-30 10:46:03 - val epoch: 249, loss: 0.9103
2026-09-30 10:46:03 - train gamma: g2=0.111 g3=0.111 g4=0.094 g5=0.061
2026-09-30 10:46:04 - train: epoch 250, iter:0, loss: 0.5035, lr: 7.893269663304782e-05
2026-09-30 10:46:07 - train: epoch 250, iter:20, loss: 0.4323, lr: 7.893269663304782e-05
2026-09-30 10:46:10 - val epoch: 250, loss: 0.9386, miou: 0.7738206516133758, f1_or_dsc: 0.8724902947877492, accuracy: 0.9394124097163135,                 specificity: 0.9676720681671896, sensitivity: 0.8515755852920391, confusion_matrix: [[38768327  1295170]
 [ 1913130 10976461]]
2026-09-30 10:46:10 - train gamma: g2=0.111 g3=0.110 g4=0.093 g5=0.061
2026-09-30 10:46:11 - train: epoch 251, iter:0, loss: 0.4469, lr: 7.631742512670282e-05
2026-09-30 10:46:15 - train: epoch 251, iter:20, loss: 0.4201, lr: 7.631742512670282e-05
2026-09-30 10:46:18 - val epoch: 251, loss: 0.9344
2026-09-30 10:46:18 - train gamma: g2=0.111 g3=0.110 g4=0.093 g5=0.060
2026-09-30 10:46:19 - train: epoch 252, iter:0, loss: 0.4142, lr: 7.374916349550603e-05
2026-09-30 10:46:22 - train: epoch 252, iter:20, loss: 0.4210, lr: 7.374916349550603e-05
2026-09-30 10:46:26 - val epoch: 252, loss: 0.9145
2026-09-30 10:46:26 - train gamma: g2=0.111 g3=0.111 g4=0.094 g5=0.061
2026-09-30 10:46:27 - train: epoch 253, iter:0, loss: 0.4782, lr: 7.122819337828741e-05
2026-09-30 10:46:30 - train: epoch 253, iter:20, loss: 0.4138, lr: 7.122819337828741e-05
2026-09-30 10:46:34 - val epoch: 253, loss: 0.9466
2026-09-30 10:46:34 - train gamma: g2=0.111 g3=0.111 g4=0.094 g5=0.062
2026-09-30 10:46:35 - train: epoch 254, iter:0, loss: 0.4446, lr: 6.875479122782878e-05
2026-09-30 10:46:38 - train: epoch 254, iter:20, loss: 0.4284, lr: 6.875479122782878e-05
2026-09-30 10:46:42 - val epoch: 254, loss: 0.9253
2026-09-30 10:46:42 - train gamma: g2=0.111 g3=0.110 g4=0.094 g5=0.062
2026-09-30 10:46:43 - train: epoch 255, iter:0, loss: 0.3675, lr: 6.632922828054862e-05
2026-09-30 10:46:46 - train: epoch 255, iter:20, loss: 0.4282, lr: 6.632922828054862e-05
2026-09-30 10:46:49 - val epoch: 255, loss: 0.9572
2026-09-30 10:46:50 - train gamma: g2=0.111 g3=0.111 g4=0.094 g5=0.062
2026-09-30 10:46:51 - train: epoch 256, iter:0, loss: 0.4102, lr: 6.395177052675786e-05
2026-09-30 10:46:54 - train: epoch 256, iter:20, loss: 0.4311, lr: 6.395177052675786e-05
2026-09-30 10:46:58 - val epoch: 256, loss: 0.9034
2026-09-30 10:46:58 - train gamma: g2=0.111 g3=0.110 g4=0.094 g5=0.063
2026-09-30 10:46:59 - train: epoch 257, iter:0, loss: 0.3763, lr: 6.162267868149065e-05
2026-09-30 10:47:02 - train: epoch 257, iter:20, loss: 0.4281, lr: 6.162267868149065e-05
2026-09-30 10:47:05 - val epoch: 257, loss: 0.9289
2026-09-30 10:47:05 - train gamma: g2=0.111 g3=0.111 g4=0.094 g5=0.062
2026-09-30 10:47:06 - train: epoch 258, iter:0, loss: 0.4234, lr: 5.934220815591413e-05
2026-09-30 10:47:10 - train: epoch 258, iter:20, loss: 0.4319, lr: 5.934220815591413e-05
2026-09-30 10:47:13 - val epoch: 258, loss: 0.8970
2026-09-30 10:47:13 - train gamma: g2=0.111 g3=0.110 g4=0.094 g5=0.062
2026-09-30 10:47:14 - train: epoch 259, iter:0, loss: 0.4223, lr: 5.711060902932035e-05
2026-09-30 10:47:17 - train: epoch 259, iter:20, loss: 0.4090, lr: 5.711060902932035e-05
2026-09-30 10:47:21 - val epoch: 259, loss: 0.9406
2026-09-30 10:47:21 - train gamma: g2=0.111 g3=0.111 g4=0.094 g5=0.062
2026-09-30 10:47:22 - train: epoch 260, iter:0, loss: 0.3921, lr: 5.492812602170101e-05
2026-09-30 10:47:25 - train: epoch 260, iter:20, loss: 0.4220, lr: 5.492812602170101e-05
2026-09-30 10:47:59 - val epoch: 260, loss: 0.9107, miou: 0.7775015598860542, f1_or_dsc: 0.8748251787029605, accuracy: 0.9394667219407488,                 specificity: 0.9621373541106509, sensitivity: 0.8690017394655889, confusion_matrix: [[38546587  1516910]
 [ 1688514 11201077]]
2026-09-30 10:47:59 - train gamma: g2=0.111 g3=0.110 g4=0.094 g5=0.062
2026-09-30 10:48:00 - train: epoch 261, iter:0, loss: 0.4802, lr: 5.279499846691256e-05
2026-09-30 10:48:03 - train: epoch 261, iter:20, loss: 0.4203, lr: 5.279499846691256e-05
2026-09-30 10:48:07 - val epoch: 261, loss: 0.9118
2026-09-30 10:48:07 - train gamma: g2=0.111 g3=0.110 g4=0.094 g5=0.063
2026-09-30 10:48:08 - train: epoch 262, iter:0, loss: 0.4974, lr: 5.071146028642938e-05
2026-09-30 10:48:12 - train: epoch 262, iter:20, loss: 0.4178, lr: 5.071146028642938e-05
2026-09-30 10:48:15 - val epoch: 262, loss: 0.9306
2026-09-30 10:48:15 - train gamma: g2=0.111 g3=0.111 g4=0.094 g5=0.063
2026-09-30 10:48:16 - train: epoch 263, iter:0, loss: 0.4452, lr: 4.867773996369213e-05
2026-09-30 10:48:20 - train: epoch 263, iter:20, loss: 0.4277, lr: 4.867773996369213e-05
2026-09-30 10:48:23 - val epoch: 263, loss: 0.9197
2026-09-30 10:48:23 - train gamma: g2=0.111 g3=0.111 g4=0.094 g5=0.063
2026-09-30 10:48:24 - train: epoch 264, iter:0, loss: 0.3905, lr: 4.669406051905255e-05
2026-09-30 10:48:28 - train: epoch 264, iter:20, loss: 0.4149, lr: 4.669406051905255e-05
2026-09-30 10:48:31 - val epoch: 264, loss: 0.9215
2026-09-30 10:48:31 - train gamma: g2=0.111 g3=0.111 g4=0.094 g5=0.063
2026-09-30 10:48:33 - train: epoch 265, iter:0, loss: 0.3600, lr: 4.476063948531553e-05
2026-09-30 10:48:36 - train: epoch 265, iter:20, loss: 0.4221, lr: 4.476063948531553e-05
2026-09-30 10:48:39 - val epoch: 265, loss: 0.9036
2026-09-30 10:48:39 - train gamma: g2=0.111 g3=0.111 g4=0.094 g5=0.062
2026-09-30 10:48:41 - train: epoch 266, iter:0, loss: 0.4700, lr: 4.2877688883885086e-05
2026-09-30 10:48:44 - train: epoch 266, iter:20, loss: 0.4238, lr: 4.2877688883885086e-05
2026-09-30 10:48:47 - val epoch: 266, loss: 0.9143
2026-09-30 10:48:47 - train gamma: g2=0.111 g3=0.111 g4=0.094 g5=0.063
2026-09-30 10:48:49 - train: epoch 267, iter:0, loss: 0.4270, lr: 4.1045415201513684e-05
2026-09-30 10:48:52 - train: epoch 267, iter:20, loss: 0.4168, lr: 4.1045415201513684e-05
2026-09-30 10:48:55 - val epoch: 267, loss: 0.9269
2026-09-30 10:48:55 - train gamma: g2=0.111 g3=0.111 g4=0.094 g5=0.064
2026-09-30 10:48:56 - train: epoch 268, iter:0, loss: 0.4625, lr: 3.926401936765836e-05
2026-09-30 10:48:59 - train: epoch 268, iter:20, loss: 0.4142, lr: 3.926401936765836e-05
2026-09-30 10:49:03 - val epoch: 268, loss: 0.8968
2026-09-30 10:49:03 - train gamma: g2=0.111 g3=0.111 g4=0.094 g5=0.063
2026-09-30 10:49:04 - train: epoch 269, iter:0, loss: 0.4362, lr: 3.753369673244687e-05
2026-09-30 10:49:07 - train: epoch 269, iter:20, loss: 0.4153, lr: 3.753369673244687e-05
2026-09-30 10:49:11 - val epoch: 269, loss: 0.9214
2026-09-30 10:49:11 - train gamma: g2=0.111 g3=0.111 g4=0.094 g5=0.063
2026-09-30 10:49:12 - train: epoch 270, iter:0, loss: 0.4587, lr: 3.5854637045255115e-05
2026-09-30 10:49:15 - train: epoch 270, iter:20, loss: 0.4239, lr: 3.5854637045255115e-05
2026-09-30 10:49:18 - val epoch: 270, loss: 0.9194, miou: 0.7785727568829424, f1_or_dsc: 0.8755028478536225, accuracy: 0.9401648115403581,                 specificity: 0.9645647508004606, sensitivity: 0.8643247873419723, confusion_matrix: [[38643837  1419660]
 [ 1748798 11140793]]
2026-09-30 10:49:18 - train gamma: g2=0.111 g3=0.111 g4=0.094 g5=0.065
2026-09-30 10:49:20 - train: epoch 271, iter:0, loss: 0.4231, lr: 3.422702443389897e-05
2026-09-30 10:49:23 - train: epoch 271, iter:20, loss: 0.4150, lr: 3.422702443389897e-05
2026-09-30 10:49:26 - val epoch: 271, loss: 0.9121
2026-09-30 10:49:26 - train gamma: g2=0.111 g3=0.111 g4=0.094 g5=0.065
2026-09-30 10:49:27 - train: epoch 272, iter:0, loss: 0.4023, lr: 3.265103738444294e-05
2026-09-30 10:49:30 - train: epoch 272, iter:20, loss: 0.4096, lr: 3.265103738444294e-05
2026-09-30 10:49:34 - val epoch: 272, loss: 0.9373
2026-09-30 10:49:34 - train gamma: g2=0.111 g3=0.111 g4=0.094 g5=0.065
2026-09-30 10:49:35 - train: epoch 273, iter:0, loss: 0.4450, lr: 3.112684872162669e-05
2026-09-30 10:49:38 - train: epoch 273, iter:20, loss: 0.4299, lr: 3.112684872162669e-05
2026-09-30 10:49:42 - val epoch: 273, loss: 0.9213
2026-09-30 10:49:42 - train gamma: g2=0.111 g3=0.111 g4=0.094 g5=0.065
2026-09-30 10:49:43 - train: epoch 274, iter:0, loss: 0.3830, lr: 2.9654625589913163e-05
2026-09-30 10:49:46 - train: epoch 274, iter:20, loss: 0.4184, lr: 2.9654625589913163e-05
2026-09-30 10:49:49 - val epoch: 274, loss: 0.9185
2026-09-30 10:49:49 - train gamma: g2=0.111 g3=0.111 g4=0.094 g5=0.064
2026-09-30 10:49:51 - train: epoch 275, iter:0, loss: 0.4323, lr: 2.823452943515922e-05
2026-09-30 10:49:54 - train: epoch 275, iter:20, loss: 0.4189, lr: 2.823452943515922e-05
2026-09-30 10:49:57 - val epoch: 275, loss: 0.9244
2026-09-30 10:49:57 - train gamma: g2=0.111 g3=0.111 g4=0.094 g5=0.064
2026-09-30 10:49:59 - train: epoch 276, iter:0, loss: 0.4427, lr: 2.6866715986911168e-05
2026-09-30 10:50:02 - train: epoch 276, iter:20, loss: 0.4236, lr: 2.6866715986911168e-05
2026-09-30 10:50:05 - val epoch: 276, loss: 0.9062
2026-09-30 10:50:05 - train gamma: g2=0.111 g3=0.111 g4=0.094 g5=0.064
2026-09-30 10:50:06 - train: epoch 277, iter:0, loss: 0.4128, lr: 2.5551335241327604e-05
2026-09-30 10:50:10 - train: epoch 277, iter:20, loss: 0.4132, lr: 2.5551335241327604e-05
2026-09-30 10:50:13 - val epoch: 277, loss: 0.9183
2026-09-30 10:50:13 - train gamma: g2=0.111 g3=0.111 g4=0.095 g5=0.064
2026-09-30 10:50:14 - train: epoch 278, iter:0, loss: 0.4319, lr: 2.4288531444730185e-05
2026-09-30 10:50:17 - train: epoch 278, iter:20, loss: 0.4076, lr: 2.4288531444730185e-05
2026-09-30 10:50:21 - val epoch: 278, loss: 0.9150
2026-09-30 10:50:21 - train gamma: g2=0.111 g3=0.111 g4=0.095 g5=0.064
2026-09-30 10:50:22 - train: epoch 279, iter:0, loss: 0.4147, lr: 2.3078443077785645e-05
2026-09-30 10:50:25 - train: epoch 279, iter:20, loss: 0.4144, lr: 2.3078443077785645e-05
2026-09-30 10:50:29 - val epoch: 279, loss: 0.9229
2026-09-30 10:50:29 - train gamma: g2=0.111 g3=0.110 g4=0.094 g5=0.064
2026-09-30 10:50:30 - train: epoch 280, iter:0, loss: 0.3830, lr: 2.1921202840320064e-05
2026-09-30 10:50:33 - train: epoch 280, iter:20, loss: 0.4073, lr: 2.1921202840320064e-05
2026-09-30 10:50:37 - val epoch: 280, loss: 0.9237, miou: 0.7782017094777306, f1_or_dsc: 0.8752682053222112, accuracy: 0.9397223633114654,                 specificity: 0.9625256377395114, sensitivity: 0.8688451014465859, confusion_matrix: [[38562143  1501354]
 [ 1690533 11199058]]
2026-09-30 10:50:37 - train gamma: g2=0.111 g3=0.110 g4=0.095 g5=0.064
2026-09-30 10:50:38 - train: epoch 281, iter:0, loss: 0.5355, lr: 2.081693763676623e-05
2026-09-30 10:50:41 - train: epoch 281, iter:20, loss: 0.4184, lr: 2.081693763676623e-05
2026-09-30 10:50:45 - val epoch: 281, loss: 0.9279
2026-09-30 10:50:45 - train gamma: g2=0.111 g3=0.111 g4=0.095 g5=0.065
2026-09-30 10:50:46 - train: epoch 282, iter:0, loss: 0.3747, lr: 1.9765768562247723e-05
2026-09-30 10:50:49 - train: epoch 282, iter:20, loss: 0.4112, lr: 1.9765768562247723e-05
2026-09-30 10:50:53 - val epoch: 282, loss: 0.9353
2026-09-30 10:50:53 - train gamma: g2=0.111 g3=0.111 g4=0.095 g5=0.065
2026-09-30 10:50:54 - train: epoch 283, iter:0, loss: 0.3795, lr: 1.876781088929913e-05
2026-09-30 10:50:57 - train: epoch 283, iter:20, loss: 0.4051, lr: 1.876781088929913e-05
2026-09-30 10:51:01 - val epoch: 283, loss: 0.9118
2026-09-30 10:51:01 - train gamma: g2=0.111 g3=0.111 g4=0.095 g5=0.065
2026-09-30 10:51:02 - train: epoch 284, iter:0, loss: 0.3641, lr: 1.7823174055225262e-05
2026-09-30 10:51:05 - train: epoch 284, iter:20, loss: 0.4045, lr: 1.7823174055225262e-05
2026-09-30 10:51:08 - val epoch: 284, loss: 0.9174
2026-09-30 10:51:08 - train gamma: g2=0.111 g3=0.111 g4=0.095 g5=0.065
2026-09-30 10:51:10 - train: epoch 285, iter:0, loss: 0.3611, lr: 1.693196165010003e-05
2026-09-30 10:51:13 - train: epoch 285, iter:20, loss: 0.4076, lr: 1.693196165010003e-05
2026-09-30 10:51:16 - val epoch: 285, loss: 0.9273
2026-09-30 10:51:16 - train gamma: g2=0.111 g3=0.111 g4=0.095 g5=0.065
2026-09-30 10:51:17 - train: epoch 286, iter:0, loss: 0.4061, lr: 1.6094271405406855e-05
2026-09-30 10:51:20 - train: epoch 286, iter:20, loss: 0.4097, lr: 1.6094271405406855e-05
2026-09-30 10:51:24 - val epoch: 286, loss: 0.9266
2026-09-30 10:51:24 - train gamma: g2=0.111 g3=0.111 g4=0.095 g5=0.065
2026-09-30 10:51:25 - train: epoch 287, iter:0, loss: 0.5094, lr: 1.5310195183320773e-05
2026-09-30 10:51:28 - train: epoch 287, iter:20, loss: 0.4093, lr: 1.5310195183320773e-05
2026-09-30 10:51:32 - val epoch: 287, loss: 0.9376
2026-09-30 10:51:32 - train gamma: g2=0.111 g3=0.111 g4=0.095 g5=0.065
2026-09-30 10:51:33 - train: epoch 288, iter:0, loss: 0.4485, lr: 1.4579818966635417e-05
2026-09-30 10:51:36 - train: epoch 288, iter:20, loss: 0.4110, lr: 1.4579818966635417e-05
2026-09-30 10:51:39 - val epoch: 288, loss: 0.9435
2026-09-30 10:51:39 - train gamma: g2=0.111 g3=0.111 g4=0.095 g5=0.065
2026-09-30 10:51:41 - train: epoch 289, iter:0, loss: 0.4754, lr: 1.3903222849333505e-05
2026-09-30 10:51:44 - train: epoch 289, iter:20, loss: 0.4130, lr: 1.3903222849333505e-05
2026-09-30 10:51:47 - val epoch: 289, loss: 0.9270
2026-09-30 10:51:47 - train gamma: g2=0.111 g3=0.111 g4=0.095 g5=0.065
2026-09-30 10:51:48 - train: epoch 290, iter:0, loss: 0.4128, lr: 1.3280481027803759e-05
2026-09-30 10:51:52 - train: epoch 290, iter:20, loss: 0.4086, lr: 1.3280481027803759e-05
2026-09-30 10:51:55 - val epoch: 290, loss: 0.9350, miou: 0.7756462228273477, f1_or_dsc: 0.873649506141254, accuracy: 0.9391826403022993,                 specificity: 0.9634374652816753, sensitivity: 0.8637936611022026, confusion_matrix: [[38598674  1464823]
 [ 1755644 11133947]]
2026-09-30 10:51:55 - train gamma: g2=0.111 g3=0.111 g4=0.095 g5=0.066
2026-09-30 10:51:58 - train: epoch 291, iter:0, loss: 0.4058, lr: 1.271166179270472e-05
2026-09-30 10:52:01 - train: epoch 291, iter:20, loss: 0.4022, lr: 1.271166179270472e-05
2026-09-30 10:52:05 - val epoch: 291, loss: 0.9515
2026-09-30 10:52:05 - train gamma: g2=0.111 g3=0.111 g4=0.095 g5=0.066
2026-09-30 10:52:06 - train: epoch 292, iter:0, loss: 0.4211, lr: 1.21968275214754e-05
2026-09-30 10:52:09 - train: epoch 292, iter:20, loss: 0.4226, lr: 1.21968275214754e-05
2026-09-30 10:52:12 - val epoch: 292, loss: 0.9256
2026-09-30 10:52:12 - train gamma: g2=0.111 g3=0.111 g4=0.095 g5=0.065
2026-09-30 10:52:14 - train: epoch 293, iter:0, loss: 0.3885, lr: 1.1736034671495336e-05
2026-09-30 10:52:17 - train: epoch 293, iter:20, loss: 0.4144, lr: 1.1736034671495336e-05
2026-09-30 10:52:20 - val epoch: 293, loss: 0.9630
2026-09-30 10:52:20 - train gamma: g2=0.111 g3=0.111 g4=0.095 g5=0.066
2026-09-30 10:52:22 - train: epoch 294, iter:0, loss: 0.3385, lr: 1.1329333773893242e-05
2026-09-30 10:52:25 - train: epoch 294, iter:20, loss: 0.4088, lr: 1.1329333773893242e-05
2026-09-30 10:52:28 - val epoch: 294, loss: 0.9319
2026-09-30 10:52:28 - train gamma: g2=0.111 g3=0.111 g4=0.095 g5=0.066
2026-09-30 10:52:29 - train: epoch 295, iter:0, loss: 0.3698, lr: 1.0976769428005577e-05
2026-09-30 10:52:33 - train: epoch 295, iter:20, loss: 0.4097, lr: 1.0976769428005577e-05
2026-09-30 10:52:36 - val epoch: 295, loss: 0.9255
2026-09-30 10:52:36 - train gamma: g2=0.111 g3=0.111 g4=0.095 g5=0.065
2026-09-30 10:52:37 - train: epoch 296, iter:0, loss: 0.4057, lr: 1.0678380296485951e-05
2026-09-30 10:52:40 - train: epoch 296, iter:20, loss: 0.4232, lr: 1.0678380296485951e-05
2026-09-30 10:52:44 - val epoch: 296, loss: 0.9296
2026-09-30 10:52:44 - train gamma: g2=0.111 g3=0.111 g4=0.095 g5=0.066
2026-09-30 10:52:45 - train: epoch 297, iter:0, loss: 0.3529, lr: 1.04341991010651e-05
2026-09-30 10:52:48 - train: epoch 297, iter:20, loss: 0.3999, lr: 1.04341991010651e-05
2026-09-30 10:52:52 - val epoch: 297, loss: 0.9210
2026-09-30 10:52:52 - train gamma: g2=0.111 g3=0.111 g4=0.095 g5=0.066
2026-09-30 10:52:53 - train: epoch 298, iter:0, loss: 0.4364, lr: 1.0244252618962858e-05
2026-09-30 10:52:56 - train: epoch 298, iter:20, loss: 0.4104, lr: 1.0244252618962858e-05
2026-09-30 10:53:00 - val epoch: 298, loss: 0.9344
2026-09-30 10:53:00 - train gamma: g2=0.111 g3=0.111 g4=0.095 g5=0.066
2026-09-30 10:53:01 - train: epoch 299, iter:0, loss: 0.3818, lr: 1.0108561679951479e-05
2026-09-30 10:53:04 - train: epoch 299, iter:20, loss: 0.3986, lr: 1.0108561679951479e-05
2026-09-30 10:53:08 - val epoch: 299, loss: 0.9211
2026-09-30 10:53:08 - train gamma: g2=0.111 g3=0.111 g4=0.095 g5=0.066
2026-09-30 10:53:09 - train: epoch 300, iter:0, loss: 0.3723, lr: 1.002714116407149e-05
2026-09-30 10:53:12 - train: epoch 300, iter:20, loss: 0.4115, lr: 1.002714116407149e-05
2026-09-30 10:53:16 - val epoch: 300, loss: 0.9528, miou: 0.7729263831348723, f1_or_dsc: 0.8719215760873171, accuracy: 0.9387649687209932,                 specificity: 0.965297862041349, sensitivity: 0.8562952850870132, confusion_matrix: [[38673208  1390289]
 [ 1852295 11037296]]
2026-09-30 10:53:16 - train gamma: g2=0.111 g3=0.111 g4=0.095 g5=0.066
2026-09-30 10:53:43 - evaluation split=V_dev, loss: 0.7788,miou: 0.7991627493515442, f1_or_dsc: 0.8883718269951723, accuracy: 0.9459680613904896,                 specificity: 0.9661397256460164, sensitivity: 0.8832703846072385, confusion_matrix: [[38706936  1356561]
 [ 1504597 11384994]]
